[command] bash scripts/internal/verify_recording_derived_time_probe.sh
[segment] case=C501 index=0 id=96ac9091-2de8-4de1-8780-a3bb5b770818 epoch=73831e99-42a4-4afd-814a-a274eadd847e generation=probe-generation-a generation_order=1 media_start=0 media_end=3000000000 binding_count=30
[mapping] case=C501 segment=0 start=0 end=3000000000 provenance=estimated reason=server-clock-media-extrapolation
[packet] case=C501 segment=0 decode_index=0 ordinal=1 original_pts=0 original_dts=0 original_duration=100000000 file_pts=0 file_dts=0 file_duration=100000000 segment_start=0 segment_time=0 stream_time=0 original_minus_file=0 normalized_delta=0
[packet] case=C501 segment=0 decode_index=1 ordinal=2 original_pts=100000000 original_dts=100000000 original_duration=100000000 file_pts=100000000 file_dts=100000000 file_duration=100000000 segment_start=0 segment_time=0 stream_time=100000000 original_minus_file=0 normalized_delta=0
[packet] case=C501 segment=0 decode_index=2 ordinal=3 original_pts=200000000 original_dts=200000000 original_duration=100000000 file_pts=200000000 file_dts=200000000 file_duration=100000000 segment_start=0 segment_time=0 stream_time=200000000 original_minus_file=0 normalized_delta=0
[packet] case=C501 segment=0 decode_index=3 ordinal=4 original_pts=300000000 original_dts=300000000 original_duration=100000000 file_pts=300000000 file_dts=300000000 file_duration=100000000 segment_start=0 segment_time=0 stream_time=300000000 original_minus_file=0 normalized_delta=0
[packet] case=C501 segment=0 decode_index=4 ordinal=5 original_pts=400000000 original_dts=400000000 original_duration=100000000 file_pts=400000000 file_dts=400000000 file_duration=100000000 segment_start=0 segment_time=0 stream_time=400000000 original_minus_file=0 normalized_delta=0
[packet] case=C501 segment=0 decode_index=5 ordinal=6 original_pts=500000000 original_dts=500000000 original_duration=100000000 file_pts=500000000 file_dts=500000000 file_duration=100000000 segment_start=0 segment_time=0 stream_time=500000000 original_minus_file=0 normalized_delta=0
[packet] case=C501 segment=0 decode_index=6 ordinal=7 original_pts=600000000 original_dts=600000000 original_duration=100000000 file_pts=600000000 file_dts=600000000 file_duration=100000000 segment_start=0 segment_time=0 stream_time=600000000 original_minus_file=0 normalized_delta=0
[packet] case=C501 segment=0 decode_index=7 ordinal=8 original_pts=700000000 original_dts=700000000 original_duration=100000000 file_pts=700000000 file_dts=700000000 file_duration=100000000 segment_start=0 segment_time=0 stream_time=700000000 original_minus_file=0 normalized_delta=0
[packet] case=C501 segment=0 decode_index=8 ordinal=9 original_pts=800000000 original_dts=800000000 original_duration=100000000 file_pts=800000000 file_dts=800000000 file_duration=100000000 segment_start=0 segment_time=0 stream_time=800000000 original_minus_file=0 normalized_delta=0
[packet] case=C501 segment=0 decode_index=9 ordinal=10 original_pts=900000000 original_dts=900000000 original_duration=100000000 file_pts=900000000 file_dts=900000000 file_duration=100000000 segment_start=0 segment_time=0 stream_time=900000000 original_minus_file=0 normalized_delta=0
[packet] case=C501 segment=0 decode_index=10 ordinal=11 original_pts=1000000000 original_dts=1000000000 original_duration=100000000 file_pts=1000000000 file_dts=1000000000 file_duration=100000000 segment_start=0 segment_time=0 stream_time=1000000000 original_minus_file=0 normalized_delta=0
[packet] case=C501 segment=0 decode_index=11 ordinal=12 original_pts=1100000000 original_dts=1100000000 original_duration=100000000 file_pts=1100000000 file_dts=1100000000 file_duration=100000000 segment_start=0 segment_time=0 stream_time=1100000000 original_minus_file=0 normalized_delta=0
[packet] case=C501 segment=0 decode_index=12 ordinal=13 original_pts=1200000000 original_dts=1200000000 original_duration=100000000 file_pts=1200000000 file_dts=1200000000 file_duration=100000000 segment_start=0 segment_time=0 stream_time=1200000000 original_minus_file=0 normalized_delta=0
[packet] case=C501 segment=0 decode_index=13 ordinal=14 original_pts=1300000000 original_dts=1300000000 original_duration=100000000 file_pts=1300000000 file_dts=1300000000 file_duration=100000000 segment_start=0 segment_time=0 stream_time=1300000000 original_minus_file=0 normalized_delta=0
[packet] case=C501 segment=0 decode_index=14 ordinal=15 original_pts=1400000000 original_dts=1400000000 original_duration=100000000 file_pts=1400000000 file_dts=1400000000 file_duration=100000000 segment_start=0 segment_time=0 stream_time=1400000000 original_minus_file=0 normalized_delta=0
[packet] case=C501 segment=0 decode_index=15 ordinal=16 original_pts=1500000000 original_dts=1500000000 original_duration=100000000 file_pts=1500000000 file_dts=1500000000 file_duration=100000000 segment_start=0 segment_time=0 stream_time=1500000000 original_minus_file=0 normalized_delta=0
[packet] case=C501 segment=0 decode_index=16 ordinal=17 original_pts=1600000000 original_dts=1600000000 original_duration=100000000 file_pts=1600000000 file_dts=1600000000 file_duration=100000000 segment_start=0 segment_time=0 stream_time=1600000000 original_minus_file=0 normalized_delta=0
[packet] case=C501 segment=0 decode_index=17 ordinal=18 original_pts=1700000000 original_dts=1700000000 original_duration=100000000 file_pts=1700000000 file_dts=1700000000 file_duration=100000000 segment_start=0 segment_time=0 stream_time=1700000000 original_minus_file=0 normalized_delta=0
[packet] case=C501 segment=0 decode_index=18 ordinal=19 original_pts=1800000000 original_dts=1800000000 original_duration=100000000 file_pts=1800000000 file_dts=1800000000 file_duration=100000000 segment_start=0 segment_time=0 stream_time=1800000000 original_minus_file=0 normalized_delta=0
[packet] case=C501 segment=0 decode_index=19 ordinal=20 original_pts=1900000000 original_dts=1900000000 original_duration=100000000 file_pts=1900000000 file_dts=1900000000 file_duration=100000000 segment_start=0 segment_time=0 stream_time=1900000000 original_minus_file=0 normalized_delta=0
[packet] case=C501 segment=0 decode_index=20 ordinal=21 original_pts=2000000000 original_dts=2000000000 original_duration=100000000 file_pts=2000000000 file_dts=2000000000 file_duration=100000000 segment_start=0 segment_time=0 stream_time=2000000000 original_minus_file=0 normalized_delta=0
[packet] case=C501 segment=0 decode_index=21 ordinal=22 original_pts=2100000000 original_dts=2100000000 original_duration=100000000 file_pts=2100000000 file_dts=2100000000 file_duration=100000000 segment_start=0 segment_time=0 stream_time=2100000000 original_minus_file=0 normalized_delta=0
[packet] case=C501 segment=0 decode_index=22 ordinal=23 original_pts=2200000000 original_dts=2200000000 original_duration=100000000 file_pts=2200000000 file_dts=2200000000 file_duration=100000000 segment_start=0 segment_time=0 stream_time=2200000000 original_minus_file=0 normalized_delta=0
[packet] case=C501 segment=0 decode_index=23 ordinal=24 original_pts=2300000000 original_dts=2300000000 original_duration=100000000 file_pts=2300000000 file_dts=2300000000 file_duration=100000000 segment_start=0 segment_time=0 stream_time=2300000000 original_minus_file=0 normalized_delta=0
[packet] case=C501 segment=0 decode_index=24 ordinal=25 original_pts=2400000000 original_dts=2400000000 original_duration=100000000 file_pts=2400000000 file_dts=2400000000 file_duration=100000000 segment_start=0 segment_time=0 stream_time=2400000000 original_minus_file=0 normalized_delta=0
[packet] case=C501 segment=0 decode_index=25 ordinal=26 original_pts=2500000000 original_dts=2500000000 original_duration=100000000 file_pts=2500000000 file_dts=2500000000 file_duration=100000000 segment_start=0 segment_time=0 stream_time=2500000000 original_minus_file=0 normalized_delta=0
[packet] case=C501 segment=0 decode_index=26 ordinal=27 original_pts=2600000000 original_dts=2600000000 original_duration=100000000 file_pts=2600000000 file_dts=2600000000 file_duration=100000000 segment_start=0 segment_time=0 stream_time=2600000000 original_minus_file=0 normalized_delta=0
[packet] case=C501 segment=0 decode_index=27 ordinal=28 original_pts=2700000000 original_dts=2700000000 original_duration=100000000 file_pts=2700000000 file_dts=2700000000 file_duration=100000000 segment_start=0 segment_time=0 stream_time=2700000000 original_minus_file=0 normalized_delta=0
[packet] case=C501 segment=0 decode_index=28 ordinal=29 original_pts=2800000000 original_dts=2800000000 original_duration=100000000 file_pts=2800000000 file_dts=2800000000 file_duration=100000000 segment_start=0 segment_time=0 stream_time=2800000000 original_minus_file=0 normalized_delta=0
[packet] case=C501 segment=0 decode_index=29 ordinal=30 original_pts=2900000000 original_dts=2900000000 original_duration=100000000 file_pts=2900000000 file_dts=2900000000 file_duration=100000000 segment_start=0 segment_time=0 stream_time=2900000000 original_minus_file=0 normalized_delta=0
[measurement] case=C501 segment=0 packets=30 delta_min=0 delta_max=0 constant_offset=true normalized_delta_min=0 normalized_delta_max=0 eos=true
[case-summary] case=C501 inputs=30 segments=1 demux_packets=30
[pass] C501 H264 실제 파일 시각 측정
[segment] case=C502 index=0 id=04891c35-5009-412e-994f-ae3fb1c2105b epoch=0b122fc9-bcf5-4ca5-bd61-2221c0a4187b generation=probe-generation-a generation_order=1 media_start=7000000000 media_end=10000000000 binding_count=30
[mapping] case=C502 segment=0 start=7000000000 end=10000000000 provenance=estimated reason=server-clock-media-extrapolation
[packet] case=C502 segment=0 decode_index=0 ordinal=1 original_pts=7000000000 original_dts=7000000000 original_duration=100000000 file_pts=0 file_dts=0 file_duration=100000000 segment_start=0 segment_time=0 stream_time=0 original_minus_file=7000000000 normalized_delta=0
[packet] case=C502 segment=0 decode_index=1 ordinal=2 original_pts=7100000000 original_dts=7100000000 original_duration=100000000 file_pts=100000000 file_dts=100000000 file_duration=100000000 segment_start=0 segment_time=0 stream_time=100000000 original_minus_file=7000000000 normalized_delta=0
[packet] case=C502 segment=0 decode_index=2 ordinal=3 original_pts=7200000000 original_dts=7200000000 original_duration=100000000 file_pts=200000000 file_dts=200000000 file_duration=100000000 segment_start=0 segment_time=0 stream_time=200000000 original_minus_file=7000000000 normalized_delta=0
[packet] case=C502 segment=0 decode_index=3 ordinal=4 original_pts=7300000000 original_dts=7300000000 original_duration=100000000 file_pts=300000000 file_dts=300000000 file_duration=100000000 segment_start=0 segment_time=0 stream_time=300000000 original_minus_file=7000000000 normalized_delta=0
[packet] case=C502 segment=0 decode_index=4 ordinal=5 original_pts=7400000000 original_dts=7400000000 original_duration=100000000 file_pts=400000000 file_dts=400000000 file_duration=100000000 segment_start=0 segment_time=0 stream_time=400000000 original_minus_file=7000000000 normalized_delta=0
[packet] case=C502 segment=0 decode_index=5 ordinal=6 original_pts=7500000000 original_dts=7500000000 original_duration=100000000 file_pts=500000000 file_dts=500000000 file_duration=100000000 segment_start=0 segment_time=0 stream_time=500000000 original_minus_file=7000000000 normalized_delta=0
[packet] case=C502 segment=0 decode_index=6 ordinal=7 original_pts=7600000000 original_dts=7600000000 original_duration=100000000 file_pts=600000000 file_dts=600000000 file_duration=100000000 segment_start=0 segment_time=0 stream_time=600000000 original_minus_file=7000000000 normalized_delta=0
[packet] case=C502 segment=0 decode_index=7 ordinal=8 original_pts=7700000000 original_dts=7700000000 original_duration=100000000 file_pts=700000000 file_dts=700000000 file_duration=100000000 segment_start=0 segment_time=0 stream_time=700000000 original_minus_file=7000000000 normalized_delta=0
[packet] case=C502 segment=0 decode_index=8 ordinal=9 original_pts=7800000000 original_dts=7800000000 original_duration=100000000 file_pts=800000000 file_dts=800000000 file_duration=100000000 segment_start=0 segment_time=0 stream_time=800000000 original_minus_file=7000000000 normalized_delta=0
[packet] case=C502 segment=0 decode_index=9 ordinal=10 original_pts=7900000000 original_dts=7900000000 original_duration=100000000 file_pts=900000000 file_dts=900000000 file_duration=100000000 segment_start=0 segment_time=0 stream_time=900000000 original_minus_file=7000000000 normalized_delta=0
[packet] case=C502 segment=0 decode_index=10 ordinal=11 original_pts=8000000000 original_dts=8000000000 original_duration=100000000 file_pts=1000000000 file_dts=1000000000 file_duration=100000000 segment_start=0 segment_time=0 stream_time=1000000000 original_minus_file=7000000000 normalized_delta=0
[packet] case=C502 segment=0 decode_index=11 ordinal=12 original_pts=8100000000 original_dts=8100000000 original_duration=100000000 file_pts=1100000000 file_dts=1100000000 file_duration=100000000 segment_start=0 segment_time=0 stream_time=1100000000 original_minus_file=7000000000 normalized_delta=0
[packet] case=C502 segment=0 decode_index=12 ordinal=13 original_pts=8200000000 original_dts=8200000000 original_duration=100000000 file_pts=1200000000 file_dts=1200000000 file_duration=100000000 segment_start=0 segment_time=0 stream_time=1200000000 original_minus_file=7000000000 normalized_delta=0
[packet] case=C502 segment=0 decode_index=13 ordinal=14 original_pts=8300000000 original_dts=8300000000 original_duration=100000000 file_pts=1300000000 file_dts=1300000000 file_duration=100000000 segment_start=0 segment_time=0 stream_time=1300000000 original_minus_file=7000000000 normalized_delta=0
[packet] case=C502 segment=0 decode_index=14 ordinal=15 original_pts=8400000000 original_dts=8400000000 original_duration=100000000 file_pts=1400000000 file_dts=1400000000 file_duration=100000000 segment_start=0 segment_time=0 stream_time=1400000000 original_minus_file=7000000000 normalized_delta=0
[packet] case=C502 segment=0 decode_index=15 ordinal=16 original_pts=8500000000 original_dts=8500000000 original_duration=100000000 file_pts=1500000000 file_dts=1500000000 file_duration=100000000 segment_start=0 segment_time=0 stream_time=1500000000 original_minus_file=7000000000 normalized_delta=0
[packet] case=C502 segment=0 decode_index=16 ordinal=17 original_pts=8600000000 original_dts=8600000000 original_duration=100000000 file_pts=1600000000 file_dts=1600000000 file_duration=100000000 segment_start=0 segment_time=0 stream_time=1600000000 original_minus_file=7000000000 normalized_delta=0
[packet] case=C502 segment=0 decode_index=17 ordinal=18 original_pts=8700000000 original_dts=8700000000 original_duration=100000000 file_pts=1700000000 file_dts=1700000000 file_duration=100000000 segment_start=0 segment_time=0 stream_time=1700000000 original_minus_file=7000000000 normalized_delta=0
[packet] case=C502 segment=0 decode_index=18 ordinal=19 original_pts=8800000000 original_dts=8800000000 original_duration=100000000 file_pts=1800000000 file_dts=1800000000 file_duration=100000000 segment_start=0 segment_time=0 stream_time=1800000000 original_minus_file=7000000000 normalized_delta=0
[packet] case=C502 segment=0 decode_index=19 ordinal=20 original_pts=8900000000 original_dts=8900000000 original_duration=100000000 file_pts=1900000000 file_dts=1900000000 file_duration=100000000 segment_start=0 segment_time=0 stream_time=1900000000 original_minus_file=7000000000 normalized_delta=0
[packet] case=C502 segment=0 decode_index=20 ordinal=21 original_pts=9000000000 original_dts=9000000000 original_duration=100000000 file_pts=2000000000 file_dts=2000000000 file_duration=100000000 segment_start=0 segment_time=0 stream_time=2000000000 original_minus_file=7000000000 normalized_delta=0
[packet] case=C502 segment=0 decode_index=21 ordinal=22 original_pts=9100000000 original_dts=9100000000 original_duration=100000000 file_pts=2100000000 file_dts=2100000000 file_duration=100000000 segment_start=0 segment_time=0 stream_time=2100000000 original_minus_file=7000000000 normalized_delta=0
[packet] case=C502 segment=0 decode_index=22 ordinal=23 original_pts=9200000000 original_dts=9200000000 original_duration=100000000 file_pts=2200000000 file_dts=2200000000 file_duration=100000000 segment_start=0 segment_time=0 stream_time=2200000000 original_minus_file=7000000000 normalized_delta=0
[packet] case=C502 segment=0 decode_index=23 ordinal=24 original_pts=9300000000 original_dts=9300000000 original_duration=100000000 file_pts=2300000000 file_dts=2300000000 file_duration=100000000 segment_start=0 segment_time=0 stream_time=2300000000 original_minus_file=7000000000 normalized_delta=0
[packet] case=C502 segment=0 decode_index=24 ordinal=25 original_pts=9400000000 original_dts=9400000000 original_duration=100000000 file_pts=2400000000 file_dts=2400000000 file_duration=100000000 segment_start=0 segment_time=0 stream_time=2400000000 original_minus_file=7000000000 normalized_delta=0
[packet] case=C502 segment=0 decode_index=25 ordinal=26 original_pts=9500000000 original_dts=9500000000 original_duration=100000000 file_pts=2500000000 file_dts=2500000000 file_duration=100000000 segment_start=0 segment_time=0 stream_time=2500000000 original_minus_file=7000000000 normalized_delta=0
[packet] case=C502 segment=0 decode_index=26 ordinal=27 original_pts=9600000000 original_dts=9600000000 original_duration=100000000 file_pts=2600000000 file_dts=2600000000 file_duration=100000000 segment_start=0 segment_time=0 stream_time=2600000000 original_minus_file=7000000000 normalized_delta=0
[packet] case=C502 segment=0 decode_index=27 ordinal=28 original_pts=9700000000 original_dts=9700000000 original_duration=100000000 file_pts=2700000000 file_dts=2700000000 file_duration=100000000 segment_start=0 segment_time=0 stream_time=2700000000 original_minus_file=7000000000 normalized_delta=0
[packet] case=C502 segment=0 decode_index=28 ordinal=29 original_pts=9800000000 original_dts=9800000000 original_duration=100000000 file_pts=2800000000 file_dts=2800000000 file_duration=100000000 segment_start=0 segment_time=0 stream_time=2800000000 original_minus_file=7000000000 normalized_delta=0
[packet] case=C502 segment=0 decode_index=29 ordinal=30 original_pts=9900000000 original_dts=9900000000 original_duration=100000000 file_pts=2900000000 file_dts=2900000000 file_duration=100000000 segment_start=0 segment_time=0 stream_time=2900000000 original_minus_file=7000000000 normalized_delta=0
[measurement] case=C502 segment=0 packets=30 delta_min=7000000000 delta_max=7000000000 constant_offset=true normalized_delta_min=0 normalized_delta_max=0 eos=true
[case-summary] case=C502 inputs=30 segments=1 demux_packets=30
[pass] C502 비영점 원본 시각 측정
[segment] case=C503 index=0 id=c236f5d3-c946-4482-9e53-58874603feb1 epoch=e47f980d-ae36-4b44-9ede-4b877311bdd1 generation=probe-generation-a generation_order=1 media_start=0 media_end=2000000000 binding_count=20
[mapping] case=C503 segment=0 start=0 end=2000000000 provenance=estimated reason=server-clock-media-extrapolation
[packet] case=C503 segment=0 decode_index=0 ordinal=1 original_pts=0 original_dts=0 original_duration=100000000 file_pts=0 file_dts=0 file_duration=100000000 segment_start=0 segment_time=0 stream_time=0 original_minus_file=0 normalized_delta=0
[packet] case=C503 segment=0 decode_index=1 ordinal=2 original_pts=100000000 original_dts=100000000 original_duration=100000000 file_pts=100000000 file_dts=100000000 file_duration=100000000 segment_start=0 segment_time=0 stream_time=100000000 original_minus_file=0 normalized_delta=0
[packet] case=C503 segment=0 decode_index=2 ordinal=3 original_pts=200000000 original_dts=200000000 original_duration=100000000 file_pts=200000000 file_dts=200000000 file_duration=100000000 segment_start=0 segment_time=0 stream_time=200000000 original_minus_file=0 normalized_delta=0
[packet] case=C503 segment=0 decode_index=3 ordinal=4 original_pts=300000000 original_dts=300000000 original_duration=100000000 file_pts=300000000 file_dts=300000000 file_duration=100000000 segment_start=0 segment_time=0 stream_time=300000000 original_minus_file=0 normalized_delta=0
[packet] case=C503 segment=0 decode_index=4 ordinal=5 original_pts=400000000 original_dts=400000000 original_duration=100000000 file_pts=400000000 file_dts=400000000 file_duration=100000000 segment_start=0 segment_time=0 stream_time=400000000 original_minus_file=0 normalized_delta=0
[packet] case=C503 segment=0 decode_index=5 ordinal=6 original_pts=500000000 original_dts=500000000 original_duration=100000000 file_pts=500000000 file_dts=500000000 file_duration=100000000 segment_start=0 segment_time=0 stream_time=500000000 original_minus_file=0 normalized_delta=0
[packet] case=C503 segment=0 decode_index=6 ordinal=7 original_pts=600000000 original_dts=600000000 original_duration=100000000 file_pts=600000000 file_dts=600000000 file_duration=100000000 segment_start=0 segment_time=0 stream_time=600000000 original_minus_file=0 normalized_delta=0
[packet] case=C503 segment=0 decode_index=7 ordinal=8 original_pts=700000000 original_dts=700000000 original_duration=100000000 file_pts=700000000 file_dts=700000000 file_duration=100000000 segment_start=0 segment_time=0 stream_time=700000000 original_minus_file=0 normalized_delta=0
[packet] case=C503 segment=0 decode_index=8 ordinal=9 original_pts=800000000 original_dts=800000000 original_duration=100000000 file_pts=800000000 file_dts=800000000 file_duration=100000000 segment_start=0 segment_time=0 stream_time=800000000 original_minus_file=0 normalized_delta=0
[packet] case=C503 segment=0 decode_index=9 ordinal=10 original_pts=900000000 original_dts=900000000 original_duration=100000000 file_pts=900000000 file_dts=900000000 file_duration=100000000 segment_start=0 segment_time=0 stream_time=900000000 original_minus_file=0 normalized_delta=0
[packet] case=C503 segment=0 decode_index=10 ordinal=11 original_pts=1000000000 original_dts=1000000000 original_duration=100000000 file_pts=1000000000 file_dts=1000000000 file_duration=100000000 segment_start=0 segment_time=0 stream_time=1000000000 original_minus_file=0 normalized_delta=0
[packet] case=C503 segment=0 decode_index=11 ordinal=12 original_pts=1100000000 original_dts=1100000000 original_duration=100000000 file_pts=1100000000 file_dts=1100000000 file_duration=100000000 segment_start=0 segment_time=0 stream_time=1100000000 original_minus_file=0 normalized_delta=0
[packet] case=C503 segment=0 decode_index=12 ordinal=13 original_pts=1200000000 original_dts=1200000000 original_duration=100000000 file_pts=1200000000 file_dts=1200000000 file_duration=100000000 segment_start=0 segment_time=0 stream_time=1200000000 original_minus_file=0 normalized_delta=0
[packet] case=C503 segment=0 decode_index=13 ordinal=14 original_pts=1300000000 original_dts=1300000000 original_duration=100000000 file_pts=1300000000 file_dts=1300000000 file_duration=100000000 segment_start=0 segment_time=0 stream_time=1300000000 original_minus_file=0 normalized_delta=0
[packet] case=C503 segment=0 decode_index=14 ordinal=15 original_pts=1400000000 original_dts=1400000000 original_duration=100000000 file_pts=1400000000 file_dts=1400000000 file_duration=100000000 segment_start=0 segment_time=0 stream_time=1400000000 original_minus_file=0 normalized_delta=0
[packet] case=C503 segment=0 decode_index=15 ordinal=16 original_pts=1500000000 original_dts=1500000000 original_duration=100000000 file_pts=1500000000 file_dts=1500000000 file_duration=100000000 segment_start=0 segment_time=0 stream_time=1500000000 original_minus_file=0 normalized_delta=0
[packet] case=C503 segment=0 decode_index=16 ordinal=17 original_pts=1600000000 original_dts=1600000000 original_duration=100000000 file_pts=1600000000 file_dts=1600000000 file_duration=100000000 segment_start=0 segment_time=0 stream_time=1600000000 original_minus_file=0 normalized_delta=0
[packet] case=C503 segment=0 decode_index=17 ordinal=18 original_pts=1700000000 original_dts=1700000000 original_duration=100000000 file_pts=1700000000 file_dts=1700000000 file_duration=100000000 segment_start=0 segment_time=0 stream_time=1700000000 original_minus_file=0 normalized_delta=0
[packet] case=C503 segment=0 decode_index=18 ordinal=19 original_pts=1800000000 original_dts=1800000000 original_duration=100000000 file_pts=1800000000 file_dts=1800000000 file_duration=100000000 segment_start=0 segment_time=0 stream_time=1800000000 original_minus_file=0 normalized_delta=0
[packet] case=C503 segment=0 decode_index=19 ordinal=20 original_pts=1900000000 original_dts=1900000000 original_duration=100000000 file_pts=1900000000 file_dts=1900000000 file_duration=100000000 segment_start=0 segment_time=0 stream_time=1900000000 original_minus_file=0 normalized_delta=0
[measurement] case=C503 segment=0 packets=20 delta_min=0 delta_max=0 constant_offset=true normalized_delta_min=0 normalized_delta_max=0 eos=true
[segment] case=C503 index=1 id=aa813efd-b9db-4644-9915-1518de25d2c8 epoch=e47f980d-ae36-4b44-9ede-4b877311bdd1 generation=probe-generation-a generation_order=1 media_start=2000000000 media_end=4000000000 binding_count=20
[mapping] case=C503 segment=1 start=2000000000 end=4000000000 provenance=estimated reason=server-clock-media-extrapolation
[packet] case=C503 segment=1 decode_index=0 ordinal=21 original_pts=2000000000 original_dts=2000000000 original_duration=100000000 file_pts=0 file_dts=0 file_duration=100000000 segment_start=0 segment_time=0 stream_time=0 original_minus_file=2000000000 normalized_delta=0
[packet] case=C503 segment=1 decode_index=1 ordinal=22 original_pts=2100000000 original_dts=2100000000 original_duration=100000000 file_pts=100000000 file_dts=100000000 file_duration=100000000 segment_start=0 segment_time=0 stream_time=100000000 original_minus_file=2000000000 normalized_delta=0
[packet] case=C503 segment=1 decode_index=2 ordinal=23 original_pts=2200000000 original_dts=2200000000 original_duration=100000000 file_pts=200000000 file_dts=200000000 file_duration=100000000 segment_start=0 segment_time=0 stream_time=200000000 original_minus_file=2000000000 normalized_delta=0
[packet] case=C503 segment=1 decode_index=3 ordinal=24 original_pts=2300000000 original_dts=2300000000 original_duration=100000000 file_pts=300000000 file_dts=300000000 file_duration=100000000 segment_start=0 segment_time=0 stream_time=300000000 original_minus_file=2000000000 normalized_delta=0
[packet] case=C503 segment=1 decode_index=4 ordinal=25 original_pts=2400000000 original_dts=2400000000 original_duration=100000000 file_pts=400000000 file_dts=400000000 file_duration=100000000 segment_start=0 segment_time=0 stream_time=400000000 original_minus_file=2000000000 normalized_delta=0
[packet] case=C503 segment=1 decode_index=5 ordinal=26 original_pts=2500000000 original_dts=2500000000 original_duration=100000000 file_pts=500000000 file_dts=500000000 file_duration=100000000 segment_start=0 segment_time=0 stream_time=500000000 original_minus_file=2000000000 normalized_delta=0
[packet] case=C503 segment=1 decode_index=6 ordinal=27 original_pts=2600000000 original_dts=2600000000 original_duration=100000000 file_pts=600000000 file_dts=600000000 file_duration=100000000 segment_start=0 segment_time=0 stream_time=600000000 original_minus_file=2000000000 normalized_delta=0
[packet] case=C503 segment=1 decode_index=7 ordinal=28 original_pts=2700000000 original_dts=2700000000 original_duration=100000000 file_pts=700000000 file_dts=700000000 file_duration=100000000 segment_start=0 segment_time=0 stream_time=700000000 original_minus_file=2000000000 normalized_delta=0
[packet] case=C503 segment=1 decode_index=8 ordinal=29 original_pts=2800000000 original_dts=2800000000 original_duration=100000000 file_pts=800000000 file_dts=800000000 file_duration=100000000 segment_start=0 segment_time=0 stream_time=800000000 original_minus_file=2000000000 normalized_delta=0
[packet] case=C503 segment=1 decode_index=9 ordinal=30 original_pts=2900000000 original_dts=2900000000 original_duration=100000000 file_pts=900000000 file_dts=900000000 file_duration=100000000 segment_start=0 segment_time=0 stream_time=900000000 original_minus_file=2000000000 normalized_delta=0
[packet] case=C503 segment=1 decode_index=10 ordinal=31 original_pts=3000000000 original_dts=3000000000 original_duration=100000000 file_pts=1000000000 file_dts=1000000000 file_duration=100000000 segment_start=0 segment_time=0 stream_time=1000000000 original_minus_file=2000000000 normalized_delta=0
[packet] case=C503 segment=1 decode_index=11 ordinal=32 original_pts=3100000000 original_dts=3100000000 original_duration=100000000 file_pts=1100000000 file_dts=1100000000 file_duration=100000000 segment_start=0 segment_time=0 stream_time=1100000000 original_minus_file=2000000000 normalized_delta=0
[packet] case=C503 segment=1 decode_index=12 ordinal=33 original_pts=3200000000 original_dts=3200000000 original_duration=100000000 file_pts=1200000000 file_dts=1200000000 file_duration=100000000 segment_start=0 segment_time=0 stream_time=1200000000 original_minus_file=2000000000 normalized_delta=0
[packet] case=C503 segment=1 decode_index=13 ordinal=34 original_pts=3300000000 original_dts=3300000000 original_duration=100000000 file_pts=1300000000 file_dts=1300000000 file_duration=100000000 segment_start=0 segment_time=0 stream_time=1300000000 original_minus_file=2000000000 normalized_delta=0
[packet] case=C503 segment=1 decode_index=14 ordinal=35 original_pts=3400000000 original_dts=3400000000 original_duration=100000000 file_pts=1400000000 file_dts=1400000000 file_duration=100000000 segment_start=0 segment_time=0 stream_time=1400000000 original_minus_file=2000000000 normalized_delta=0
[packet] case=C503 segment=1 decode_index=15 ordinal=36 original_pts=3500000000 original_dts=3500000000 original_duration=100000000 file_pts=1500000000 file_dts=1500000000 file_duration=100000000 segment_start=0 segment_time=0 stream_time=1500000000 original_minus_file=2000000000 normalized_delta=0
[packet] case=C503 segment=1 decode_index=16 ordinal=37 original_pts=3600000000 original_dts=3600000000 original_duration=100000000 file_pts=1600000000 file_dts=1600000000 file_duration=100000000 segment_start=0 segment_time=0 stream_time=1600000000 original_minus_file=2000000000 normalized_delta=0
[packet] case=C503 segment=1 decode_index=17 ordinal=38 original_pts=3700000000 original_dts=3700000000 original_duration=100000000 file_pts=1700000000 file_dts=1700000000 file_duration=100000000 segment_start=0 segment_time=0 stream_time=1700000000 original_minus_file=2000000000 normalized_delta=0
[packet] case=C503 segment=1 decode_index=18 ordinal=39 original_pts=3800000000 original_dts=3800000000 original_duration=100000000 file_pts=1800000000 file_dts=1800000000 file_duration=100000000 segment_start=0 segment_time=0 stream_time=1800000000 original_minus_file=2000000000 normalized_delta=0
[packet] case=C503 segment=1 decode_index=19 ordinal=40 original_pts=3900000000 original_dts=3900000000 original_duration=100000000 file_pts=1900000000 file_dts=1900000000 file_duration=100000000 segment_start=0 segment_time=0 stream_time=1900000000 original_minus_file=2000000000 normalized_delta=0
[measurement] case=C503 segment=1 packets=20 delta_min=2000000000 delta_max=2000000000 constant_offset=true normalized_delta_min=0 normalized_delta_max=0 eos=true
[segment] case=C503 index=2 id=b1745f1c-3117-4e20-90f5-a195864f0198 epoch=e47f980d-ae36-4b44-9ede-4b877311bdd1 generation=probe-generation-a generation_order=1 media_start=4000000000 media_end=6000000000 binding_count=20
[mapping] case=C503 segment=2 start=4000000000 end=6000000000 provenance=estimated reason=server-clock-media-extrapolation
[packet] case=C503 segment=2 decode_index=0 ordinal=41 original_pts=4000000000 original_dts=4000000000 original_duration=100000000 file_pts=0 file_dts=0 file_duration=100000000 segment_start=0 segment_time=0 stream_time=0 original_minus_file=4000000000 normalized_delta=0
[packet] case=C503 segment=2 decode_index=1 ordinal=42 original_pts=4100000000 original_dts=4100000000 original_duration=100000000 file_pts=100000000 file_dts=100000000 file_duration=100000000 segment_start=0 segment_time=0 stream_time=100000000 original_minus_file=4000000000 normalized_delta=0
[packet] case=C503 segment=2 decode_index=2 ordinal=43 original_pts=4200000000 original_dts=4200000000 original_duration=100000000 file_pts=200000000 file_dts=200000000 file_duration=100000000 segment_start=0 segment_time=0 stream_time=200000000 original_minus_file=4000000000 normalized_delta=0
[packet] case=C503 segment=2 decode_index=3 ordinal=44 original_pts=4300000000 original_dts=4300000000 original_duration=100000000 file_pts=300000000 file_dts=300000000 file_duration=100000000 segment_start=0 segment_time=0 stream_time=300000000 original_minus_file=4000000000 normalized_delta=0
[packet] case=C503 segment=2 decode_index=4 ordinal=45 original_pts=4400000000 original_dts=4400000000 original_duration=100000000 file_pts=400000000 file_dts=400000000 file_duration=100000000 segment_start=0 segment_time=0 stream_time=400000000 original_minus_file=4000000000 normalized_delta=0
[packet] case=C503 segment=2 decode_index=5 ordinal=46 original_pts=4500000000 original_dts=4500000000 original_duration=100000000 file_pts=500000000 file_dts=500000000 file_duration=100000000 segment_start=0 segment_time=0 stream_time=500000000 original_minus_file=4000000000 normalized_delta=0
[packet] case=C503 segment=2 decode_index=6 ordinal=47 original_pts=4600000000 original_dts=4600000000 original_duration=100000000 file_pts=600000000 file_dts=600000000 file_duration=100000000 segment_start=0 segment_time=0 stream_time=600000000 original_minus_file=4000000000 normalized_delta=0
[packet] case=C503 segment=2 decode_index=7 ordinal=48 original_pts=4700000000 original_dts=4700000000 original_duration=100000000 file_pts=700000000 file_dts=700000000 file_duration=100000000 segment_start=0 segment_time=0 stream_time=700000000 original_minus_file=4000000000 normalized_delta=0
[packet] case=C503 segment=2 decode_index=8 ordinal=49 original_pts=4800000000 original_dts=4800000000 original_duration=100000000 file_pts=800000000 file_dts=800000000 file_duration=100000000 segment_start=0 segment_time=0 stream_time=800000000 original_minus_file=4000000000 normalized_delta=0
[packet] case=C503 segment=2 decode_index=9 ordinal=50 original_pts=4900000000 original_dts=4900000000 original_duration=100000000 file_pts=900000000 file_dts=900000000 file_duration=100000000 segment_start=0 segment_time=0 stream_time=900000000 original_minus_file=4000000000 normalized_delta=0
[packet] case=C503 segment=2 decode_index=10 ordinal=51 original_pts=5000000000 original_dts=5000000000 original_duration=100000000 file_pts=1000000000 file_dts=1000000000 file_duration=100000000 segment_start=0 segment_time=0 stream_time=1000000000 original_minus_file=4000000000 normalized_delta=0
[packet] case=C503 segment=2 decode_index=11 ordinal=52 original_pts=5100000000 original_dts=5100000000 original_duration=100000000 file_pts=1100000000 file_dts=1100000000 file_duration=100000000 segment_start=0 segment_time=0 stream_time=1100000000 original_minus_file=4000000000 normalized_delta=0
[packet] case=C503 segment=2 decode_index=12 ordinal=53 original_pts=5200000000 original_dts=5200000000 original_duration=100000000 file_pts=1200000000 file_dts=1200000000 file_duration=100000000 segment_start=0 segment_time=0 stream_time=1200000000 original_minus_file=4000000000 normalized_delta=0
[packet] case=C503 segment=2 decode_index=13 ordinal=54 original_pts=5300000000 original_dts=5300000000 original_duration=100000000 file_pts=1300000000 file_dts=1300000000 file_duration=100000000 segment_start=0 segment_time=0 stream_time=1300000000 original_minus_file=4000000000 normalized_delta=0
[packet] case=C503 segment=2 decode_index=14 ordinal=55 original_pts=5400000000 original_dts=5400000000 original_duration=100000000 file_pts=1400000000 file_dts=1400000000 file_duration=100000000 segment_start=0 segment_time=0 stream_time=1400000000 original_minus_file=4000000000 normalized_delta=0
[packet] case=C503 segment=2 decode_index=15 ordinal=56 original_pts=5500000000 original_dts=5500000000 original_duration=100000000 file_pts=1500000000 file_dts=1500000000 file_duration=100000000 segment_start=0 segment_time=0 stream_time=1500000000 original_minus_file=4000000000 normalized_delta=0
[packet] case=C503 segment=2 decode_index=16 ordinal=57 original_pts=5600000000 original_dts=5600000000 original_duration=100000000 file_pts=1600000000 file_dts=1600000000 file_duration=100000000 segment_start=0 segment_time=0 stream_time=1600000000 original_minus_file=4000000000 normalized_delta=0
[packet] case=C503 segment=2 decode_index=17 ordinal=58 original_pts=5700000000 original_dts=5700000000 original_duration=100000000 file_pts=1700000000 file_dts=1700000000 file_duration=100000000 segment_start=0 segment_time=0 stream_time=1700000000 original_minus_file=4000000000 normalized_delta=0
[packet] case=C503 segment=2 decode_index=18 ordinal=59 original_pts=5800000000 original_dts=5800000000 original_duration=100000000 file_pts=1800000000 file_dts=1800000000 file_duration=100000000 segment_start=0 segment_time=0 stream_time=1800000000 original_minus_file=4000000000 normalized_delta=0
[packet] case=C503 segment=2 decode_index=19 ordinal=60 original_pts=5900000000 original_dts=5900000000 original_duration=100000000 file_pts=1900000000 file_dts=1900000000 file_duration=100000000 segment_start=0 segment_time=0 stream_time=1900000000 original_minus_file=4000000000 normalized_delta=0
[measurement] case=C503 segment=2 packets=20 delta_min=4000000000 delta_max=4000000000 constant_offset=true normalized_delta_min=0 normalized_delta_max=0 eos=true
[case-summary] case=C503 inputs=60 segments=3 demux_packets=60
[pass] C503 정상 segment 분할 측정
[segment] case=C504 index=0 id=15a3a5e6-a72e-4f4d-b2fa-f06b48805a2d epoch=a5f96442-3280-4627-9e46-680f688643ed generation=probe-generation-a generation_order=1 media_start=0 media_end=3200000000 binding_count=30
[mapping] case=C504 segment=0 start=0 end=3200000000 provenance=unknown reason=pts-reordering-or-duplicate
[packet] case=C504 segment=0 decode_index=0 ordinal=1 original_pts=200000000 original_dts=0 original_duration=100000000 file_pts=200000000 file_dts=0 file_duration=100000000 segment_start=200000000 segment_time=0 stream_time=0 original_minus_file=0 normalized_delta=0
[packet] case=C504 segment=0 decode_index=1 ordinal=2 original_pts=400000000 original_dts=100000000 original_duration=100000000 file_pts=400000000 file_dts=100000000 file_duration=100000000 segment_start=200000000 segment_time=0 stream_time=200000000 original_minus_file=0 normalized_delta=0
[packet] case=C504 segment=0 decode_index=2 ordinal=3 original_pts=300000000 original_dts=200000000 original_duration=100000000 file_pts=300000000 file_dts=200000000 file_duration=100000000 segment_start=200000000 segment_time=0 stream_time=100000000 original_minus_file=0 normalized_delta=0
[packet] case=C504 segment=0 decode_index=3 ordinal=4 original_pts=700000000 original_dts=300000000 original_duration=100000000 file_pts=700000000 file_dts=300000000 file_duration=100000000 segment_start=200000000 segment_time=0 stream_time=500000000 original_minus_file=0 normalized_delta=0
[packet] case=C504 segment=0 decode_index=4 ordinal=5 original_pts=500000000 original_dts=400000000 original_duration=100000000 file_pts=500000000 file_dts=400000000 file_duration=100000000 segment_start=200000000 segment_time=0 stream_time=300000000 original_minus_file=0 normalized_delta=0
[packet] case=C504 segment=0 decode_index=5 ordinal=6 original_pts=600000000 original_dts=500000000 original_duration=100000000 file_pts=600000000 file_dts=500000000 file_duration=100000000 segment_start=200000000 segment_time=0 stream_time=400000000 original_minus_file=0 normalized_delta=0
[packet] case=C504 segment=0 decode_index=6 ordinal=7 original_pts=1000000000 original_dts=600000000 original_duration=100000000 file_pts=1000000000 file_dts=600000000 file_duration=100000000 segment_start=200000000 segment_time=0 stream_time=800000000 original_minus_file=0 normalized_delta=0
[packet] case=C504 segment=0 decode_index=7 ordinal=8 original_pts=800000000 original_dts=700000000 original_duration=100000000 file_pts=800000000 file_dts=700000000 file_duration=100000000 segment_start=200000000 segment_time=0 stream_time=600000000 original_minus_file=0 normalized_delta=0
[packet] case=C504 segment=0 decode_index=8 ordinal=9 original_pts=900000000 original_dts=800000000 original_duration=100000000 file_pts=900000000 file_dts=800000000 file_duration=100000000 segment_start=200000000 segment_time=0 stream_time=700000000 original_minus_file=0 normalized_delta=0
[packet] case=C504 segment=0 decode_index=9 ordinal=10 original_pts=1100000000 original_dts=900000000 original_duration=100000000 file_pts=1100000000 file_dts=900000000 file_duration=100000000 segment_start=200000000 segment_time=0 stream_time=900000000 original_minus_file=0 normalized_delta=0
[packet] case=C504 segment=0 decode_index=10 ordinal=11 original_pts=1200000000 original_dts=1000000000 original_duration=100000000 file_pts=1200000000 file_dts=1000000000 file_duration=100000000 segment_start=200000000 segment_time=0 stream_time=1000000000 original_minus_file=0 normalized_delta=0
[packet] case=C504 segment=0 decode_index=11 ordinal=12 original_pts=1400000000 original_dts=1100000000 original_duration=100000000 file_pts=1400000000 file_dts=1100000000 file_duration=100000000 segment_start=200000000 segment_time=0 stream_time=1200000000 original_minus_file=0 normalized_delta=0
[packet] case=C504 segment=0 decode_index=12 ordinal=13 original_pts=1300000000 original_dts=1200000000 original_duration=100000000 file_pts=1300000000 file_dts=1200000000 file_duration=100000000 segment_start=200000000 segment_time=0 stream_time=1100000000 original_minus_file=0 normalized_delta=0
[packet] case=C504 segment=0 decode_index=13 ordinal=14 original_pts=1600000000 original_dts=1300000000 original_duration=100000000 file_pts=1600000000 file_dts=1300000000 file_duration=100000000 segment_start=200000000 segment_time=0 stream_time=1400000000 original_minus_file=0 normalized_delta=0
[packet] case=C504 segment=0 decode_index=14 ordinal=15 original_pts=1500000000 original_dts=1400000000 original_duration=100000000 file_pts=1500000000 file_dts=1400000000 file_duration=100000000 segment_start=200000000 segment_time=0 stream_time=1300000000 original_minus_file=0 normalized_delta=0
[packet] case=C504 segment=0 decode_index=15 ordinal=16 original_pts=1900000000 original_dts=1500000000 original_duration=100000000 file_pts=1900000000 file_dts=1500000000 file_duration=100000000 segment_start=200000000 segment_time=0 stream_time=1700000000 original_minus_file=0 normalized_delta=0
[packet] case=C504 segment=0 decode_index=16 ordinal=17 original_pts=1700000000 original_dts=1600000000 original_duration=100000000 file_pts=1700000000 file_dts=1600000000 file_duration=100000000 segment_start=200000000 segment_time=0 stream_time=1500000000 original_minus_file=0 normalized_delta=0
[packet] case=C504 segment=0 decode_index=17 ordinal=18 original_pts=1800000000 original_dts=1700000000 original_duration=100000000 file_pts=1800000000 file_dts=1700000000 file_duration=100000000 segment_start=200000000 segment_time=0 stream_time=1600000000 original_minus_file=0 normalized_delta=0
[packet] case=C504 segment=0 decode_index=18 ordinal=19 original_pts=2100000000 original_dts=1800000000 original_duration=100000000 file_pts=2100000000 file_dts=1800000000 file_duration=100000000 segment_start=200000000 segment_time=0 stream_time=1900000000 original_minus_file=0 normalized_delta=0
[packet] case=C504 segment=0 decode_index=19 ordinal=20 original_pts=2000000000 original_dts=1900000000 original_duration=100000000 file_pts=2000000000 file_dts=1900000000 file_duration=100000000 segment_start=200000000 segment_time=0 stream_time=1800000000 original_minus_file=0 normalized_delta=0
[packet] case=C504 segment=0 decode_index=20 ordinal=21 original_pts=2200000000 original_dts=2000000000 original_duration=100000000 file_pts=2200000000 file_dts=2000000000 file_duration=100000000 segment_start=200000000 segment_time=0 stream_time=2000000000 original_minus_file=0 normalized_delta=0
[packet] case=C504 segment=0 decode_index=21 ordinal=22 original_pts=2500000000 original_dts=2100000000 original_duration=100000000 file_pts=2500000000 file_dts=2100000000 file_duration=100000000 segment_start=200000000 segment_time=0 stream_time=2300000000 original_minus_file=0 normalized_delta=0
[packet] case=C504 segment=0 decode_index=22 ordinal=23 original_pts=2300000000 original_dts=2200000000 original_duration=100000000 file_pts=2300000000 file_dts=2200000000 file_duration=100000000 segment_start=200000000 segment_time=0 stream_time=2100000000 original_minus_file=0 normalized_delta=0
[packet] case=C504 segment=0 decode_index=23 ordinal=24 original_pts=2400000000 original_dts=2300000000 original_duration=100000000 file_pts=2400000000 file_dts=2300000000 file_duration=100000000 segment_start=200000000 segment_time=0 stream_time=2200000000 original_minus_file=0 normalized_delta=0
[packet] case=C504 segment=0 decode_index=24 ordinal=25 original_pts=2800000000 original_dts=2400000000 original_duration=100000000 file_pts=2800000000 file_dts=2400000000 file_duration=100000000 segment_start=200000000 segment_time=0 stream_time=2600000000 original_minus_file=0 normalized_delta=0
[packet] case=C504 segment=0 decode_index=25 ordinal=26 original_pts=2600000000 original_dts=2500000000 original_duration=100000000 file_pts=2600000000 file_dts=2500000000 file_duration=100000000 segment_start=200000000 segment_time=0 stream_time=2400000000 original_minus_file=0 normalized_delta=0
[packet] case=C504 segment=0 decode_index=26 ordinal=27 original_pts=2700000000 original_dts=2600000000 original_duration=100000000 file_pts=2700000000 file_dts=2600000000 file_duration=100000000 segment_start=200000000 segment_time=0 stream_time=2500000000 original_minus_file=0 normalized_delta=0
[packet] case=C504 segment=0 decode_index=27 ordinal=28 original_pts=3100000000 original_dts=2700000000 original_duration=100000000 file_pts=3100000000 file_dts=2700000000 file_duration=100000000 segment_start=200000000 segment_time=0 stream_time=2900000000 original_minus_file=0 normalized_delta=0
[packet] case=C504 segment=0 decode_index=28 ordinal=29 original_pts=2900000000 original_dts=2800000000 original_duration=100000000 file_pts=2900000000 file_dts=2800000000 file_duration=100000000 segment_start=200000000 segment_time=0 stream_time=2700000000 original_minus_file=0 normalized_delta=0
[packet] case=C504 segment=0 decode_index=29 ordinal=30 original_pts=3000000000 original_dts=2900000000 original_duration=100000000 file_pts=3000000000 file_dts=2900000000 file_duration=100000000 segment_start=200000000 segment_time=0 stream_time=2800000000 original_minus_file=0 normalized_delta=0
[measurement] case=C504 segment=0 packets=30 delta_min=0 delta_max=0 constant_offset=true normalized_delta_min=0 normalized_delta_max=0 eos=true
[case-summary] case=C504 inputs=30 segments=1 demux_packets=30
[pass] C504 B-frame decode preroll 측정
[segment] case=C505 index=0 id=2713f48f-8e7b-4e3f-935b-f49fa13b7ed0 epoch=bd4b6ef5-4703-41db-abb4-840ceb846e18 generation=probe-generation-a generation_order=1 media_start=7000000000 media_end=10200000000 binding_count=30
[mapping] case=C505 segment=0 start=7000000000 end=10200000000 provenance=unknown reason=pts-reordering-or-duplicate
[packet] case=C505 segment=0 decode_index=0 ordinal=1 original_pts=7200000000 original_dts=7000000000 original_duration=100000000 file_pts=200000000 file_dts=0 file_duration=100000000 segment_start=200000000 segment_time=0 stream_time=0 original_minus_file=7000000000 normalized_delta=0
[packet] case=C505 segment=0 decode_index=1 ordinal=2 original_pts=7400000000 original_dts=7100000000 original_duration=100000000 file_pts=400000000 file_dts=100000000 file_duration=100000000 segment_start=200000000 segment_time=0 stream_time=200000000 original_minus_file=7000000000 normalized_delta=0
[packet] case=C505 segment=0 decode_index=2 ordinal=3 original_pts=7300000000 original_dts=7200000000 original_duration=100000000 file_pts=300000000 file_dts=200000000 file_duration=100000000 segment_start=200000000 segment_time=0 stream_time=100000000 original_minus_file=7000000000 normalized_delta=0
[packet] case=C505 segment=0 decode_index=3 ordinal=4 original_pts=7700000000 original_dts=7300000000 original_duration=100000000 file_pts=700000000 file_dts=300000000 file_duration=100000000 segment_start=200000000 segment_time=0 stream_time=500000000 original_minus_file=7000000000 normalized_delta=0
[packet] case=C505 segment=0 decode_index=4 ordinal=5 original_pts=7500000000 original_dts=7400000000 original_duration=100000000 file_pts=500000000 file_dts=400000000 file_duration=100000000 segment_start=200000000 segment_time=0 stream_time=300000000 original_minus_file=7000000000 normalized_delta=0
[packet] case=C505 segment=0 decode_index=5 ordinal=6 original_pts=7600000000 original_dts=7500000000 original_duration=100000000 file_pts=600000000 file_dts=500000000 file_duration=100000000 segment_start=200000000 segment_time=0 stream_time=400000000 original_minus_file=7000000000 normalized_delta=0
[packet] case=C505 segment=0 decode_index=6 ordinal=7 original_pts=8000000000 original_dts=7600000000 original_duration=100000000 file_pts=1000000000 file_dts=600000000 file_duration=100000000 segment_start=200000000 segment_time=0 stream_time=800000000 original_minus_file=7000000000 normalized_delta=0
[packet] case=C505 segment=0 decode_index=7 ordinal=8 original_pts=7800000000 original_dts=7700000000 original_duration=100000000 file_pts=800000000 file_dts=700000000 file_duration=100000000 segment_start=200000000 segment_time=0 stream_time=600000000 original_minus_file=7000000000 normalized_delta=0
[packet] case=C505 segment=0 decode_index=8 ordinal=9 original_pts=7900000000 original_dts=7800000000 original_duration=100000000 file_pts=900000000 file_dts=800000000 file_duration=100000000 segment_start=200000000 segment_time=0 stream_time=700000000 original_minus_file=7000000000 normalized_delta=0
[packet] case=C505 segment=0 decode_index=9 ordinal=10 original_pts=8100000000 original_dts=7900000000 original_duration=100000000 file_pts=1100000000 file_dts=900000000 file_duration=100000000 segment_start=200000000 segment_time=0 stream_time=900000000 original_minus_file=7000000000 normalized_delta=0
[packet] case=C505 segment=0 decode_index=10 ordinal=11 original_pts=8200000000 original_dts=8000000000 original_duration=100000000 file_pts=1200000000 file_dts=1000000000 file_duration=100000000 segment_start=200000000 segment_time=0 stream_time=1000000000 original_minus_file=7000000000 normalized_delta=0
[packet] case=C505 segment=0 decode_index=11 ordinal=12 original_pts=8400000000 original_dts=8100000000 original_duration=100000000 file_pts=1400000000 file_dts=1100000000 file_duration=100000000 segment_start=200000000 segment_time=0 stream_time=1200000000 original_minus_file=7000000000 normalized_delta=0
[packet] case=C505 segment=0 decode_index=12 ordinal=13 original_pts=8300000000 original_dts=8200000000 original_duration=100000000 file_pts=1300000000 file_dts=1200000000 file_duration=100000000 segment_start=200000000 segment_time=0 stream_time=1100000000 original_minus_file=7000000000 normalized_delta=0
[packet] case=C505 segment=0 decode_index=13 ordinal=14 original_pts=8600000000 original_dts=8300000000 original_duration=100000000 file_pts=1600000000 file_dts=1300000000 file_duration=100000000 segment_start=200000000 segment_time=0 stream_time=1400000000 original_minus_file=7000000000 normalized_delta=0
[packet] case=C505 segment=0 decode_index=14 ordinal=15 original_pts=8500000000 original_dts=8400000000 original_duration=100000000 file_pts=1500000000 file_dts=1400000000 file_duration=100000000 segment_start=200000000 segment_time=0 stream_time=1300000000 original_minus_file=7000000000 normalized_delta=0
[packet] case=C505 segment=0 decode_index=15 ordinal=16 original_pts=8900000000 original_dts=8500000000 original_duration=100000000 file_pts=1900000000 file_dts=1500000000 file_duration=100000000 segment_start=200000000 segment_time=0 stream_time=1700000000 original_minus_file=7000000000 normalized_delta=0
[packet] case=C505 segment=0 decode_index=16 ordinal=17 original_pts=8700000000 original_dts=8600000000 original_duration=100000000 file_pts=1700000000 file_dts=1600000000 file_duration=100000000 segment_start=200000000 segment_time=0 stream_time=1500000000 original_minus_file=7000000000 normalized_delta=0
[packet] case=C505 segment=0 decode_index=17 ordinal=18 original_pts=8800000000 original_dts=8700000000 original_duration=100000000 file_pts=1800000000 file_dts=1700000000 file_duration=100000000 segment_start=200000000 segment_time=0 stream_time=1600000000 original_minus_file=7000000000 normalized_delta=0
[packet] case=C505 segment=0 decode_index=18 ordinal=19 original_pts=9100000000 original_dts=8800000000 original_duration=100000000 file_pts=2100000000 file_dts=1800000000 file_duration=100000000 segment_start=200000000 segment_time=0 stream_time=1900000000 original_minus_file=7000000000 normalized_delta=0
[packet] case=C505 segment=0 decode_index=19 ordinal=20 original_pts=9000000000 original_dts=8900000000 original_duration=100000000 file_pts=2000000000 file_dts=1900000000 file_duration=100000000 segment_start=200000000 segment_time=0 stream_time=1800000000 original_minus_file=7000000000 normalized_delta=0
[packet] case=C505 segment=0 decode_index=20 ordinal=21 original_pts=9200000000 original_dts=9000000000 original_duration=100000000 file_pts=2200000000 file_dts=2000000000 file_duration=100000000 segment_start=200000000 segment_time=0 stream_time=2000000000 original_minus_file=7000000000 normalized_delta=0
[packet] case=C505 segment=0 decode_index=21 ordinal=22 original_pts=9500000000 original_dts=9100000000 original_duration=100000000 file_pts=2500000000 file_dts=2100000000 file_duration=100000000 segment_start=200000000 segment_time=0 stream_time=2300000000 original_minus_file=7000000000 normalized_delta=0
[packet] case=C505 segment=0 decode_index=22 ordinal=23 original_pts=9300000000 original_dts=9200000000 original_duration=100000000 file_pts=2300000000 file_dts=2200000000 file_duration=100000000 segment_start=200000000 segment_time=0 stream_time=2100000000 original_minus_file=7000000000 normalized_delta=0
[packet] case=C505 segment=0 decode_index=23 ordinal=24 original_pts=9400000000 original_dts=9300000000 original_duration=100000000 file_pts=2400000000 file_dts=2300000000 file_duration=100000000 segment_start=200000000 segment_time=0 stream_time=2200000000 original_minus_file=7000000000 normalized_delta=0
[packet] case=C505 segment=0 decode_index=24 ordinal=25 original_pts=9800000000 original_dts=9400000000 original_duration=100000000 file_pts=2800000000 file_dts=2400000000 file_duration=100000000 segment_start=200000000 segment_time=0 stream_time=2600000000 original_minus_file=7000000000 normalized_delta=0
[packet] case=C505 segment=0 decode_index=25 ordinal=26 original_pts=9600000000 original_dts=9500000000 original_duration=100000000 file_pts=2600000000 file_dts=2500000000 file_duration=100000000 segment_start=200000000 segment_time=0 stream_time=2400000000 original_minus_file=7000000000 normalized_delta=0
[packet] case=C505 segment=0 decode_index=26 ordinal=27 original_pts=9700000000 original_dts=9600000000 original_duration=100000000 file_pts=2700000000 file_dts=2600000000 file_duration=100000000 segment_start=200000000 segment_time=0 stream_time=2500000000 original_minus_file=7000000000 normalized_delta=0
[packet] case=C505 segment=0 decode_index=27 ordinal=28 original_pts=10100000000 original_dts=9700000000 original_duration=100000000 file_pts=3100000000 file_dts=2700000000 file_duration=100000000 segment_start=200000000 segment_time=0 stream_time=2900000000 original_minus_file=7000000000 normalized_delta=0
[packet] case=C505 segment=0 decode_index=28 ordinal=29 original_pts=9900000000 original_dts=9800000000 original_duration=100000000 file_pts=2900000000 file_dts=2800000000 file_duration=100000000 segment_start=200000000 segment_time=0 stream_time=2700000000 original_minus_file=7000000000 normalized_delta=0
[packet] case=C505 segment=0 decode_index=29 ordinal=30 original_pts=10000000000 original_dts=9900000000 original_duration=100000000 file_pts=3000000000 file_dts=2900000000 file_duration=100000000 segment_start=200000000 segment_time=0 stream_time=2800000000 original_minus_file=7000000000 normalized_delta=0
[measurement] case=C505 segment=0 packets=30 delta_min=7000000000 delta_max=7000000000 constant_offset=true normalized_delta_min=0 normalized_delta_max=0 eos=true
[case-summary] case=C505 inputs=30 segments=1 demux_packets=30
[pass] C505 비영점 B-frame 시각 측정
[segment] case=C506 index=0 id=516f1909-0e2a-4806-95c3-d73259c012f2 epoch=e0810524-98b6-4f8d-bcd6-116588f6fc44 generation=probe-generation-a generation_order=1 media_start=0 media_end=1001000000 binding_count=30
[mapping] case=C506 segment=0 start=0 end=1001000000 provenance=estimated reason=server-clock-media-extrapolation
[packet] case=C506 segment=0 decode_index=0 ordinal=1 original_pts=0 original_dts=0 original_duration=33366666 file_pts=0 file_dts=0 file_duration=33366666 segment_start=0 segment_time=0 stream_time=0 original_minus_file=0 normalized_delta=0
[packet] case=C506 segment=0 decode_index=1 ordinal=2 original_pts=33366666 original_dts=33366666 original_duration=33366667 file_pts=33366666 file_dts=33366666 file_duration=33366666 segment_start=0 segment_time=0 stream_time=33366666 original_minus_file=0 normalized_delta=0
[packet] case=C506 segment=0 decode_index=2 ordinal=3 original_pts=66733333 original_dts=66733333 original_duration=33366667 file_pts=66733333 file_dts=66733333 file_duration=33366666 segment_start=0 segment_time=0 stream_time=66733333 original_minus_file=0 normalized_delta=0
[packet] case=C506 segment=0 decode_index=3 ordinal=4 original_pts=100100000 original_dts=100100000 original_duration=33366666 file_pts=100100000 file_dts=100100000 file_duration=33366666 segment_start=0 segment_time=0 stream_time=100100000 original_minus_file=0 normalized_delta=0
[packet] case=C506 segment=0 decode_index=4 ordinal=5 original_pts=133466666 original_dts=133466666 original_duration=33366667 file_pts=133466666 file_dts=133466666 file_duration=33366666 segment_start=0 segment_time=0 stream_time=133466666 original_minus_file=0 normalized_delta=0
[packet] case=C506 segment=0 decode_index=5 ordinal=6 original_pts=166833333 original_dts=166833333 original_duration=33366667 file_pts=166833333 file_dts=166833333 file_duration=33366666 segment_start=0 segment_time=0 stream_time=166833333 original_minus_file=0 normalized_delta=0
[packet] case=C506 segment=0 decode_index=6 ordinal=7 original_pts=200200000 original_dts=200200000 original_duration=33366666 file_pts=200200000 file_dts=200200000 file_duration=33366666 segment_start=0 segment_time=0 stream_time=200200000 original_minus_file=0 normalized_delta=0
[packet] case=C506 segment=0 decode_index=7 ordinal=8 original_pts=233566666 original_dts=233566666 original_duration=33366667 file_pts=233566666 file_dts=233566666 file_duration=33366666 segment_start=0 segment_time=0 stream_time=233566666 original_minus_file=0 normalized_delta=0
[packet] case=C506 segment=0 decode_index=8 ordinal=9 original_pts=266933333 original_dts=266933333 original_duration=33366667 file_pts=266933333 file_dts=266933333 file_duration=33366666 segment_start=0 segment_time=0 stream_time=266933333 original_minus_file=0 normalized_delta=0
[packet] case=C506 segment=0 decode_index=9 ordinal=10 original_pts=300300000 original_dts=300300000 original_duration=33366666 file_pts=300300000 file_dts=300300000 file_duration=33366666 segment_start=0 segment_time=0 stream_time=300300000 original_minus_file=0 normalized_delta=0
[packet] case=C506 segment=0 decode_index=10 ordinal=11 original_pts=333666666 original_dts=333666666 original_duration=33366667 file_pts=333666666 file_dts=333666666 file_duration=33366666 segment_start=0 segment_time=0 stream_time=333666666 original_minus_file=0 normalized_delta=0
[packet] case=C506 segment=0 decode_index=11 ordinal=12 original_pts=367033333 original_dts=367033333 original_duration=33366667 file_pts=367033333 file_dts=367033333 file_duration=33366666 segment_start=0 segment_time=0 stream_time=367033333 original_minus_file=0 normalized_delta=0
[packet] case=C506 segment=0 decode_index=12 ordinal=13 original_pts=400400000 original_dts=400400000 original_duration=33366666 file_pts=400400000 file_dts=400400000 file_duration=33366666 segment_start=0 segment_time=0 stream_time=400400000 original_minus_file=0 normalized_delta=0
[packet] case=C506 segment=0 decode_index=13 ordinal=14 original_pts=433766666 original_dts=433766666 original_duration=33366667 file_pts=433766666 file_dts=433766666 file_duration=33366666 segment_start=0 segment_time=0 stream_time=433766666 original_minus_file=0 normalized_delta=0
[packet] case=C506 segment=0 decode_index=14 ordinal=15 original_pts=467133333 original_dts=467133333 original_duration=33366667 file_pts=467133333 file_dts=467133333 file_duration=33366666 segment_start=0 segment_time=0 stream_time=467133333 original_minus_file=0 normalized_delta=0
[packet] case=C506 segment=0 decode_index=15 ordinal=16 original_pts=500500000 original_dts=500500000 original_duration=33366666 file_pts=500500000 file_dts=500500000 file_duration=33366666 segment_start=0 segment_time=0 stream_time=500500000 original_minus_file=0 normalized_delta=0
[packet] case=C506 segment=0 decode_index=16 ordinal=17 original_pts=533866666 original_dts=533866666 original_duration=33366667 file_pts=533866666 file_dts=533866666 file_duration=33366666 segment_start=0 segment_time=0 stream_time=533866666 original_minus_file=0 normalized_delta=0
[packet] case=C506 segment=0 decode_index=17 ordinal=18 original_pts=567233333 original_dts=567233333 original_duration=33366667 file_pts=567233333 file_dts=567233333 file_duration=33366666 segment_start=0 segment_time=0 stream_time=567233333 original_minus_file=0 normalized_delta=0
[packet] case=C506 segment=0 decode_index=18 ordinal=19 original_pts=600600000 original_dts=600600000 original_duration=33366666 file_pts=600600000 file_dts=600600000 file_duration=33366666 segment_start=0 segment_time=0 stream_time=600600000 original_minus_file=0 normalized_delta=0
[packet] case=C506 segment=0 decode_index=19 ordinal=20 original_pts=633966666 original_dts=633966666 original_duration=33366667 file_pts=633966666 file_dts=633966666 file_duration=33366666 segment_start=0 segment_time=0 stream_time=633966666 original_minus_file=0 normalized_delta=0
[packet] case=C506 segment=0 decode_index=20 ordinal=21 original_pts=667333333 original_dts=667333333 original_duration=33366667 file_pts=667333333 file_dts=667333333 file_duration=33366666 segment_start=0 segment_time=0 stream_time=667333333 original_minus_file=0 normalized_delta=0
[packet] case=C506 segment=0 decode_index=21 ordinal=22 original_pts=700700000 original_dts=700700000 original_duration=33366666 file_pts=700700000 file_dts=700700000 file_duration=33366666 segment_start=0 segment_time=0 stream_time=700700000 original_minus_file=0 normalized_delta=0
[packet] case=C506 segment=0 decode_index=22 ordinal=23 original_pts=734066666 original_dts=734066666 original_duration=33366667 file_pts=734066666 file_dts=734066666 file_duration=33366666 segment_start=0 segment_time=0 stream_time=734066666 original_minus_file=0 normalized_delta=0
[packet] case=C506 segment=0 decode_index=23 ordinal=24 original_pts=767433333 original_dts=767433333 original_duration=33366667 file_pts=767433333 file_dts=767433333 file_duration=33366666 segment_start=0 segment_time=0 stream_time=767433333 original_minus_file=0 normalized_delta=0
[packet] case=C506 segment=0 decode_index=24 ordinal=25 original_pts=800800000 original_dts=800800000 original_duration=33366666 file_pts=800800000 file_dts=800800000 file_duration=33366666 segment_start=0 segment_time=0 stream_time=800800000 original_minus_file=0 normalized_delta=0
[packet] case=C506 segment=0 decode_index=25 ordinal=26 original_pts=834166666 original_dts=834166666 original_duration=33366667 file_pts=834166666 file_dts=834166666 file_duration=33366666 segment_start=0 segment_time=0 stream_time=834166666 original_minus_file=0 normalized_delta=0
[packet] case=C506 segment=0 decode_index=26 ordinal=27 original_pts=867533333 original_dts=867533333 original_duration=33366667 file_pts=867533333 file_dts=867533333 file_duration=33366666 segment_start=0 segment_time=0 stream_time=867533333 original_minus_file=0 normalized_delta=0
[packet] case=C506 segment=0 decode_index=27 ordinal=28 original_pts=900900000 original_dts=900900000 original_duration=33366666 file_pts=900900000 file_dts=900900000 file_duration=33366666 segment_start=0 segment_time=0 stream_time=900900000 original_minus_file=0 normalized_delta=0
[packet] case=C506 segment=0 decode_index=28 ordinal=29 original_pts=934266666 original_dts=934266666 original_duration=33366667 file_pts=934266666 file_dts=934266666 file_duration=33366666 segment_start=0 segment_time=0 stream_time=934266666 original_minus_file=0 normalized_delta=0
[packet] case=C506 segment=0 decode_index=29 ordinal=30 original_pts=967633333 original_dts=967633333 original_duration=33366667 file_pts=967633333 file_dts=967633333 file_duration=33366666 segment_start=0 segment_time=0 stream_time=967633333 original_minus_file=0 normalized_delta=0
[measurement] case=C506 segment=0 packets=30 delta_min=0 delta_max=0 constant_offset=true normalized_delta_min=0 normalized_delta_max=0 eos=true
[case-summary] case=C506 inputs=30 segments=1 demux_packets=30
[pass] C506 분수 frame rate 시각 측정
[segment] case=C507 index=0 id=1cb0b080-8ba9-4958-b29c-e3e81de342ed epoch=96f48721-39b5-4e5e-9448-51f0322a0572 generation=probe-generation-a generation_order=1 media_start=0 media_end=3000000000 binding_count=30
[mapping] case=C507 segment=0 start=0 end=1500000000 provenance=estimated reason=server-clock-media-extrapolation
[mapping] case=C507 segment=0 start=1500000000 end=3000000000 provenance=estimated reason=server-clock-media-extrapolation
[packet] case=C507 segment=0 decode_index=0 ordinal=1 original_pts=0 original_dts=0 original_duration=100000000 file_pts=0 file_dts=0 file_duration=100000000 segment_start=0 segment_time=0 stream_time=0 original_minus_file=0 normalized_delta=0
[packet] case=C507 segment=0 decode_index=1 ordinal=2 original_pts=100000000 original_dts=100000000 original_duration=100000000 file_pts=100000000 file_dts=100000000 file_duration=100000000 segment_start=0 segment_time=0 stream_time=100000000 original_minus_file=0 normalized_delta=0
[packet] case=C507 segment=0 decode_index=2 ordinal=3 original_pts=200000000 original_dts=200000000 original_duration=100000000 file_pts=200000000 file_dts=200000000 file_duration=100000000 segment_start=0 segment_time=0 stream_time=200000000 original_minus_file=0 normalized_delta=0
[packet] case=C507 segment=0 decode_index=3 ordinal=4 original_pts=300000000 original_dts=300000000 original_duration=100000000 file_pts=300000000 file_dts=300000000 file_duration=100000000 segment_start=0 segment_time=0 stream_time=300000000 original_minus_file=0 normalized_delta=0
[packet] case=C507 segment=0 decode_index=4 ordinal=5 original_pts=400000000 original_dts=400000000 original_duration=100000000 file_pts=400000000 file_dts=400000000 file_duration=100000000 segment_start=0 segment_time=0 stream_time=400000000 original_minus_file=0 normalized_delta=0
[packet] case=C507 segment=0 decode_index=5 ordinal=6 original_pts=500000000 original_dts=500000000 original_duration=100000000 file_pts=500000000 file_dts=500000000 file_duration=100000000 segment_start=0 segment_time=0 stream_time=500000000 original_minus_file=0 normalized_delta=0
[packet] case=C507 segment=0 decode_index=6 ordinal=7 original_pts=600000000 original_dts=600000000 original_duration=100000000 file_pts=600000000 file_dts=600000000 file_duration=100000000 segment_start=0 segment_time=0 stream_time=600000000 original_minus_file=0 normalized_delta=0
[packet] case=C507 segment=0 decode_index=7 ordinal=8 original_pts=700000000 original_dts=700000000 original_duration=100000000 file_pts=700000000 file_dts=700000000 file_duration=100000000 segment_start=0 segment_time=0 stream_time=700000000 original_minus_file=0 normalized_delta=0
[packet] case=C507 segment=0 decode_index=8 ordinal=9 original_pts=800000000 original_dts=800000000 original_duration=100000000 file_pts=800000000 file_dts=800000000 file_duration=100000000 segment_start=0 segment_time=0 stream_time=800000000 original_minus_file=0 normalized_delta=0
[packet] case=C507 segment=0 decode_index=9 ordinal=10 original_pts=900000000 original_dts=900000000 original_duration=100000000 file_pts=900000000 file_dts=900000000 file_duration=100000000 segment_start=0 segment_time=0 stream_time=900000000 original_minus_file=0 normalized_delta=0
[packet] case=C507 segment=0 decode_index=10 ordinal=11 original_pts=1000000000 original_dts=1000000000 original_duration=100000000 file_pts=1000000000 file_dts=1000000000 file_duration=100000000 segment_start=0 segment_time=0 stream_time=1000000000 original_minus_file=0 normalized_delta=0
[packet] case=C507 segment=0 decode_index=11 ordinal=12 original_pts=1100000000 original_dts=1100000000 original_duration=100000000 file_pts=1100000000 file_dts=1100000000 file_duration=100000000 segment_start=0 segment_time=0 stream_time=1100000000 original_minus_file=0 normalized_delta=0
[packet] case=C507 segment=0 decode_index=12 ordinal=13 original_pts=1200000000 original_dts=1200000000 original_duration=100000000 file_pts=1200000000 file_dts=1200000000 file_duration=100000000 segment_start=0 segment_time=0 stream_time=1200000000 original_minus_file=0 normalized_delta=0
[packet] case=C507 segment=0 decode_index=13 ordinal=14 original_pts=1300000000 original_dts=1300000000 original_duration=100000000 file_pts=1300000000 file_dts=1300000000 file_duration=100000000 segment_start=0 segment_time=0 stream_time=1300000000 original_minus_file=0 normalized_delta=0
[packet] case=C507 segment=0 decode_index=14 ordinal=15 original_pts=1400000000 original_dts=1400000000 original_duration=100000000 file_pts=1400000000 file_dts=1400000000 file_duration=100000000 segment_start=0 segment_time=0 stream_time=1400000000 original_minus_file=0 normalized_delta=0
[packet] case=C507 segment=0 decode_index=15 ordinal=16 original_pts=1500000000 original_dts=1500000000 original_duration=100000000 file_pts=1500000000 file_dts=1500000000 file_duration=100000000 segment_start=0 segment_time=0 stream_time=1500000000 original_minus_file=0 normalized_delta=0
[packet] case=C507 segment=0 decode_index=16 ordinal=17 original_pts=1600000000 original_dts=1600000000 original_duration=100000000 file_pts=1600000000 file_dts=1600000000 file_duration=100000000 segment_start=0 segment_time=0 stream_time=1600000000 original_minus_file=0 normalized_delta=0
[packet] case=C507 segment=0 decode_index=17 ordinal=18 original_pts=1700000000 original_dts=1700000000 original_duration=100000000 file_pts=1700000000 file_dts=1700000000 file_duration=100000000 segment_start=0 segment_time=0 stream_time=1700000000 original_minus_file=0 normalized_delta=0
[packet] case=C507 segment=0 decode_index=18 ordinal=19 original_pts=1800000000 original_dts=1800000000 original_duration=100000000 file_pts=1800000000 file_dts=1800000000 file_duration=100000000 segment_start=0 segment_time=0 stream_time=1800000000 original_minus_file=0 normalized_delta=0
[packet] case=C507 segment=0 decode_index=19 ordinal=20 original_pts=1900000000 original_dts=1900000000 original_duration=100000000 file_pts=1900000000 file_dts=1900000000 file_duration=100000000 segment_start=0 segment_time=0 stream_time=1900000000 original_minus_file=0 normalized_delta=0
[packet] case=C507 segment=0 decode_index=20 ordinal=21 original_pts=2000000000 original_dts=2000000000 original_duration=100000000 file_pts=2000000000 file_dts=2000000000 file_duration=100000000 segment_start=0 segment_time=0 stream_time=2000000000 original_minus_file=0 normalized_delta=0
[packet] case=C507 segment=0 decode_index=21 ordinal=22 original_pts=2100000000 original_dts=2100000000 original_duration=100000000 file_pts=2100000000 file_dts=2100000000 file_duration=100000000 segment_start=0 segment_time=0 stream_time=2100000000 original_minus_file=0 normalized_delta=0
[packet] case=C507 segment=0 decode_index=22 ordinal=23 original_pts=2200000000 original_dts=2200000000 original_duration=100000000 file_pts=2200000000 file_dts=2200000000 file_duration=100000000 segment_start=0 segment_time=0 stream_time=2200000000 original_minus_file=0 normalized_delta=0
[packet] case=C507 segment=0 decode_index=23 ordinal=24 original_pts=2300000000 original_dts=2300000000 original_duration=100000000 file_pts=2300000000 file_dts=2300000000 file_duration=100000000 segment_start=0 segment_time=0 stream_time=2300000000 original_minus_file=0 normalized_delta=0
[packet] case=C507 segment=0 decode_index=24 ordinal=25 original_pts=2400000000 original_dts=2400000000 original_duration=100000000 file_pts=2400000000 file_dts=2400000000 file_duration=100000000 segment_start=0 segment_time=0 stream_time=2400000000 original_minus_file=0 normalized_delta=0
[packet] case=C507 segment=0 decode_index=25 ordinal=26 original_pts=2500000000 original_dts=2500000000 original_duration=100000000 file_pts=2500000000 file_dts=2500000000 file_duration=100000000 segment_start=0 segment_time=0 stream_time=2500000000 original_minus_file=0 normalized_delta=0
[packet] case=C507 segment=0 decode_index=26 ordinal=27 original_pts=2600000000 original_dts=2600000000 original_duration=100000000 file_pts=2600000000 file_dts=2600000000 file_duration=100000000 segment_start=0 segment_time=0 stream_time=2600000000 original_minus_file=0 normalized_delta=0
[packet] case=C507 segment=0 decode_index=27 ordinal=28 original_pts=2700000000 original_dts=2700000000 original_duration=100000000 file_pts=2700000000 file_dts=2700000000 file_duration=100000000 segment_start=0 segment_time=0 stream_time=2700000000 original_minus_file=0 normalized_delta=0
[packet] case=C507 segment=0 decode_index=28 ordinal=29 original_pts=2800000000 original_dts=2800000000 original_duration=100000000 file_pts=2800000000 file_dts=2800000000 file_duration=100000000 segment_start=0 segment_time=0 stream_time=2800000000 original_minus_file=0 normalized_delta=0
[packet] case=C507 segment=0 decode_index=29 ordinal=30 original_pts=2900000000 original_dts=2900000000 original_duration=100000000 file_pts=2900000000 file_dts=2900000000 file_duration=100000000 segment_start=0 segment_time=0 stream_time=2900000000 original_minus_file=0 normalized_delta=0
[measurement] case=C507 segment=0 packets=30 delta_min=0 delta_max=0 constant_offset=true normalized_delta_min=0 normalized_delta_max=0 eos=true
[case-summary] case=C507 inputs=30 segments=1 demux_packets=30
[pass] C507 시계 역행과 미디어 시각 분리
[segment] case=C508 index=0 id=b5968938-b24d-4fe5-ba5f-72b60717b940 epoch=0479c408-1176-4cfe-8329-b4ad025caf17 generation=probe-generation-a generation_order=1 media_start=0 media_end=2000000000 binding_count=20
[mapping] case=C508 segment=0 start=0 end=2000000000 provenance=estimated reason=server-clock-media-extrapolation
[packet] case=C508 segment=0 decode_index=0 ordinal=1 original_pts=0 original_dts=0 original_duration=100000000 file_pts=0 file_dts=0 file_duration=100000000 segment_start=0 segment_time=0 stream_time=0 original_minus_file=0 normalized_delta=0
[packet] case=C508 segment=0 decode_index=1 ordinal=2 original_pts=100000000 original_dts=100000000 original_duration=100000000 file_pts=100000000 file_dts=100000000 file_duration=100000000 segment_start=0 segment_time=0 stream_time=100000000 original_minus_file=0 normalized_delta=0
[packet] case=C508 segment=0 decode_index=2 ordinal=3 original_pts=200000000 original_dts=200000000 original_duration=100000000 file_pts=200000000 file_dts=200000000 file_duration=100000000 segment_start=0 segment_time=0 stream_time=200000000 original_minus_file=0 normalized_delta=0
[packet] case=C508 segment=0 decode_index=3 ordinal=4 original_pts=300000000 original_dts=300000000 original_duration=100000000 file_pts=300000000 file_dts=300000000 file_duration=100000000 segment_start=0 segment_time=0 stream_time=300000000 original_minus_file=0 normalized_delta=0
[packet] case=C508 segment=0 decode_index=4 ordinal=5 original_pts=400000000 original_dts=400000000 original_duration=100000000 file_pts=400000000 file_dts=400000000 file_duration=100000000 segment_start=0 segment_time=0 stream_time=400000000 original_minus_file=0 normalized_delta=0
[packet] case=C508 segment=0 decode_index=5 ordinal=6 original_pts=500000000 original_dts=500000000 original_duration=100000000 file_pts=500000000 file_dts=500000000 file_duration=100000000 segment_start=0 segment_time=0 stream_time=500000000 original_minus_file=0 normalized_delta=0
[packet] case=C508 segment=0 decode_index=6 ordinal=7 original_pts=600000000 original_dts=600000000 original_duration=100000000 file_pts=600000000 file_dts=600000000 file_duration=100000000 segment_start=0 segment_time=0 stream_time=600000000 original_minus_file=0 normalized_delta=0
[packet] case=C508 segment=0 decode_index=7 ordinal=8 original_pts=700000000 original_dts=700000000 original_duration=100000000 file_pts=700000000 file_dts=700000000 file_duration=100000000 segment_start=0 segment_time=0 stream_time=700000000 original_minus_file=0 normalized_delta=0
[packet] case=C508 segment=0 decode_index=8 ordinal=9 original_pts=800000000 original_dts=800000000 original_duration=100000000 file_pts=800000000 file_dts=800000000 file_duration=100000000 segment_start=0 segment_time=0 stream_time=800000000 original_minus_file=0 normalized_delta=0
[packet] case=C508 segment=0 decode_index=9 ordinal=10 original_pts=900000000 original_dts=900000000 original_duration=100000000 file_pts=900000000 file_dts=900000000 file_duration=100000000 segment_start=0 segment_time=0 stream_time=900000000 original_minus_file=0 normalized_delta=0
[packet] case=C508 segment=0 decode_index=10 ordinal=11 original_pts=1000000000 original_dts=1000000000 original_duration=100000000 file_pts=1000000000 file_dts=1000000000 file_duration=100000000 segment_start=0 segment_time=0 stream_time=1000000000 original_minus_file=0 normalized_delta=0
[packet] case=C508 segment=0 decode_index=11 ordinal=12 original_pts=1100000000 original_dts=1100000000 original_duration=100000000 file_pts=1100000000 file_dts=1100000000 file_duration=100000000 segment_start=0 segment_time=0 stream_time=1100000000 original_minus_file=0 normalized_delta=0
[packet] case=C508 segment=0 decode_index=12 ordinal=13 original_pts=1200000000 original_dts=1200000000 original_duration=100000000 file_pts=1200000000 file_dts=1200000000 file_duration=100000000 segment_start=0 segment_time=0 stream_time=1200000000 original_minus_file=0 normalized_delta=0
[packet] case=C508 segment=0 decode_index=13 ordinal=14 original_pts=1300000000 original_dts=1300000000 original_duration=100000000 file_pts=1300000000 file_dts=1300000000 file_duration=100000000 segment_start=0 segment_time=0 stream_time=1300000000 original_minus_file=0 normalized_delta=0
[packet] case=C508 segment=0 decode_index=14 ordinal=15 original_pts=1400000000 original_dts=1400000000 original_duration=100000000 file_pts=1400000000 file_dts=1400000000 file_duration=100000000 segment_start=0 segment_time=0 stream_time=1400000000 original_minus_file=0 normalized_delta=0
[packet] case=C508 segment=0 decode_index=15 ordinal=16 original_pts=1500000000 original_dts=1500000000 original_duration=100000000 file_pts=1500000000 file_dts=1500000000 file_duration=100000000 segment_start=0 segment_time=0 stream_time=1500000000 original_minus_file=0 normalized_delta=0
[packet] case=C508 segment=0 decode_index=16 ordinal=17 original_pts=1600000000 original_dts=1600000000 original_duration=100000000 file_pts=1600000000 file_dts=1600000000 file_duration=100000000 segment_start=0 segment_time=0 stream_time=1600000000 original_minus_file=0 normalized_delta=0
[packet] case=C508 segment=0 decode_index=17 ordinal=18 original_pts=1700000000 original_dts=1700000000 original_duration=100000000 file_pts=1700000000 file_dts=1700000000 file_duration=100000000 segment_start=0 segment_time=0 stream_time=1700000000 original_minus_file=0 normalized_delta=0
[packet] case=C508 segment=0 decode_index=18 ordinal=19 original_pts=1800000000 original_dts=1800000000 original_duration=100000000 file_pts=1800000000 file_dts=1800000000 file_duration=100000000 segment_start=0 segment_time=0 stream_time=1800000000 original_minus_file=0 normalized_delta=0
[packet] case=C508 segment=0 decode_index=19 ordinal=20 original_pts=1900000000 original_dts=1900000000 original_duration=100000000 file_pts=1900000000 file_dts=1900000000 file_duration=100000000 segment_start=0 segment_time=0 stream_time=1900000000 original_minus_file=0 normalized_delta=0
[measurement] case=C508 segment=0 packets=20 delta_min=0 delta_max=0 constant_offset=true normalized_delta_min=0 normalized_delta_max=0 eos=true
[segment] case=C508 index=1 id=0f4e3d89-09ee-457b-a2bb-24b92672fd2c epoch=b8bf6dc2-aff4-4ce4-8e01-6c021f802b17 generation=probe-generation-b generation_order=2 media_start=0 media_end=2000000000 binding_count=20
[mapping] case=C508 segment=1 start=0 end=2000000000 provenance=estimated reason=server-clock-media-extrapolation
[packet] case=C508 segment=1 decode_index=0 ordinal=1 original_pts=0 original_dts=0 original_duration=100000000 file_pts=0 file_dts=0 file_duration=100000000 segment_start=0 segment_time=0 stream_time=0 original_minus_file=0 normalized_delta=0
[packet] case=C508 segment=1 decode_index=1 ordinal=2 original_pts=100000000 original_dts=100000000 original_duration=100000000 file_pts=100000000 file_dts=100000000 file_duration=100000000 segment_start=0 segment_time=0 stream_time=100000000 original_minus_file=0 normalized_delta=0
[packet] case=C508 segment=1 decode_index=2 ordinal=3 original_pts=200000000 original_dts=200000000 original_duration=100000000 file_pts=200000000 file_dts=200000000 file_duration=100000000 segment_start=0 segment_time=0 stream_time=200000000 original_minus_file=0 normalized_delta=0
[packet] case=C508 segment=1 decode_index=3 ordinal=4 original_pts=300000000 original_dts=300000000 original_duration=100000000 file_pts=300000000 file_dts=300000000 file_duration=100000000 segment_start=0 segment_time=0 stream_time=300000000 original_minus_file=0 normalized_delta=0
[packet] case=C508 segment=1 decode_index=4 ordinal=5 original_pts=400000000 original_dts=400000000 original_duration=100000000 file_pts=400000000 file_dts=400000000 file_duration=100000000 segment_start=0 segment_time=0 stream_time=400000000 original_minus_file=0 normalized_delta=0
[packet] case=C508 segment=1 decode_index=5 ordinal=6 original_pts=500000000 original_dts=500000000 original_duration=100000000 file_pts=500000000 file_dts=500000000 file_duration=100000000 segment_start=0 segment_time=0 stream_time=500000000 original_minus_file=0 normalized_delta=0
[packet] case=C508 segment=1 decode_index=6 ordinal=7 original_pts=600000000 original_dts=600000000 original_duration=100000000 file_pts=600000000 file_dts=600000000 file_duration=100000000 segment_start=0 segment_time=0 stream_time=600000000 original_minus_file=0 normalized_delta=0
[packet] case=C508 segment=1 decode_index=7 ordinal=8 original_pts=700000000 original_dts=700000000 original_duration=100000000 file_pts=700000000 file_dts=700000000 file_duration=100000000 segment_start=0 segment_time=0 stream_time=700000000 original_minus_file=0 normalized_delta=0
[packet] case=C508 segment=1 decode_index=8 ordinal=9 original_pts=800000000 original_dts=800000000 original_duration=100000000 file_pts=800000000 file_dts=800000000 file_duration=100000000 segment_start=0 segment_time=0 stream_time=800000000 original_minus_file=0 normalized_delta=0
[packet] case=C508 segment=1 decode_index=9 ordinal=10 original_pts=900000000 original_dts=900000000 original_duration=100000000 file_pts=900000000 file_dts=900000000 file_duration=100000000 segment_start=0 segment_time=0 stream_time=900000000 original_minus_file=0 normalized_delta=0
[packet] case=C508 segment=1 decode_index=10 ordinal=11 original_pts=1000000000 original_dts=1000000000 original_duration=100000000 file_pts=1000000000 file_dts=1000000000 file_duration=100000000 segment_start=0 segment_time=0 stream_time=1000000000 original_minus_file=0 normalized_delta=0
[packet] case=C508 segment=1 decode_index=11 ordinal=12 original_pts=1100000000 original_dts=1100000000 original_duration=100000000 file_pts=1100000000 file_dts=1100000000 file_duration=100000000 segment_start=0 segment_time=0 stream_time=1100000000 original_minus_file=0 normalized_delta=0
[packet] case=C508 segment=1 decode_index=12 ordinal=13 original_pts=1200000000 original_dts=1200000000 original_duration=100000000 file_pts=1200000000 file_dts=1200000000 file_duration=100000000 segment_start=0 segment_time=0 stream_time=1200000000 original_minus_file=0 normalized_delta=0
[packet] case=C508 segment=1 decode_index=13 ordinal=14 original_pts=1300000000 original_dts=1300000000 original_duration=100000000 file_pts=1300000000 file_dts=1300000000 file_duration=100000000 segment_start=0 segment_time=0 stream_time=1300000000 original_minus_file=0 normalized_delta=0
[packet] case=C508 segment=1 decode_index=14 ordinal=15 original_pts=1400000000 original_dts=1400000000 original_duration=100000000 file_pts=1400000000 file_dts=1400000000 file_duration=100000000 segment_start=0 segment_time=0 stream_time=1400000000 original_minus_file=0 normalized_delta=0
[packet] case=C508 segment=1 decode_index=15 ordinal=16 original_pts=1500000000 original_dts=1500000000 original_duration=100000000 file_pts=1500000000 file_dts=1500000000 file_duration=100000000 segment_start=0 segment_time=0 stream_time=1500000000 original_minus_file=0 normalized_delta=0
[packet] case=C508 segment=1 decode_index=16 ordinal=17 original_pts=1600000000 original_dts=1600000000 original_duration=100000000 file_pts=1600000000 file_dts=1600000000 file_duration=100000000 segment_start=0 segment_time=0 stream_time=1600000000 original_minus_file=0 normalized_delta=0
[packet] case=C508 segment=1 decode_index=17 ordinal=18 original_pts=1700000000 original_dts=1700000000 original_duration=100000000 file_pts=1700000000 file_dts=1700000000 file_duration=100000000 segment_start=0 segment_time=0 stream_time=1700000000 original_minus_file=0 normalized_delta=0
[packet] case=C508 segment=1 decode_index=18 ordinal=19 original_pts=1800000000 original_dts=1800000000 original_duration=100000000 file_pts=1800000000 file_dts=1800000000 file_duration=100000000 segment_start=0 segment_time=0 stream_time=1800000000 original_minus_file=0 normalized_delta=0
[packet] case=C508 segment=1 decode_index=19 ordinal=20 original_pts=1900000000 original_dts=1900000000 original_duration=100000000 file_pts=1900000000 file_dts=1900000000 file_duration=100000000 segment_start=0 segment_time=0 stream_time=1900000000 original_minus_file=0 normalized_delta=0
[measurement] case=C508 segment=1 packets=20 delta_min=0 delta_max=0 constant_offset=true normalized_delta_min=0 normalized_delta_max=0 eos=true
[segment] case=C508 index=2 id=de521953-9136-44d3-b20a-3b8a47f363dc epoch=b8bf6dc2-aff4-4ce4-8e01-6c021f802b17 generation=probe-generation-b generation_order=2 media_start=2000000000 media_end=4000000000 binding_count=20
[mapping] case=C508 segment=2 start=2000000000 end=4000000000 provenance=estimated reason=server-clock-media-extrapolation
[packet] case=C508 segment=2 decode_index=0 ordinal=21 original_pts=2000000000 original_dts=2000000000 original_duration=100000000 file_pts=0 file_dts=0 file_duration=100000000 segment_start=0 segment_time=0 stream_time=0 original_minus_file=2000000000 normalized_delta=0
[packet] case=C508 segment=2 decode_index=1 ordinal=22 original_pts=2100000000 original_dts=2100000000 original_duration=100000000 file_pts=100000000 file_dts=100000000 file_duration=100000000 segment_start=0 segment_time=0 stream_time=100000000 original_minus_file=2000000000 normalized_delta=0
[packet] case=C508 segment=2 decode_index=2 ordinal=23 original_pts=2200000000 original_dts=2200000000 original_duration=100000000 file_pts=200000000 file_dts=200000000 file_duration=100000000 segment_start=0 segment_time=0 stream_time=200000000 original_minus_file=2000000000 normalized_delta=0
[packet] case=C508 segment=2 decode_index=3 ordinal=24 original_pts=2300000000 original_dts=2300000000 original_duration=100000000 file_pts=300000000 file_dts=300000000 file_duration=100000000 segment_start=0 segment_time=0 stream_time=300000000 original_minus_file=2000000000 normalized_delta=0
[packet] case=C508 segment=2 decode_index=4 ordinal=25 original_pts=2400000000 original_dts=2400000000 original_duration=100000000 file_pts=400000000 file_dts=400000000 file_duration=100000000 segment_start=0 segment_time=0 stream_time=400000000 original_minus_file=2000000000 normalized_delta=0
[packet] case=C508 segment=2 decode_index=5 ordinal=26 original_pts=2500000000 original_dts=2500000000 original_duration=100000000 file_pts=500000000 file_dts=500000000 file_duration=100000000 segment_start=0 segment_time=0 stream_time=500000000 original_minus_file=2000000000 normalized_delta=0
[packet] case=C508 segment=2 decode_index=6 ordinal=27 original_pts=2600000000 original_dts=2600000000 original_duration=100000000 file_pts=600000000 file_dts=600000000 file_duration=100000000 segment_start=0 segment_time=0 stream_time=600000000 original_minus_file=2000000000 normalized_delta=0
[packet] case=C508 segment=2 decode_index=7 ordinal=28 original_pts=2700000000 original_dts=2700000000 original_duration=100000000 file_pts=700000000 file_dts=700000000 file_duration=100000000 segment_start=0 segment_time=0 stream_time=700000000 original_minus_file=2000000000 normalized_delta=0
[packet] case=C508 segment=2 decode_index=8 ordinal=29 original_pts=2800000000 original_dts=2800000000 original_duration=100000000 file_pts=800000000 file_dts=800000000 file_duration=100000000 segment_start=0 segment_time=0 stream_time=800000000 original_minus_file=2000000000 normalized_delta=0
[packet] case=C508 segment=2 decode_index=9 ordinal=30 original_pts=2900000000 original_dts=2900000000 original_duration=100000000 file_pts=900000000 file_dts=900000000 file_duration=100000000 segment_start=0 segment_time=0 stream_time=900000000 original_minus_file=2000000000 normalized_delta=0
[packet] case=C508 segment=2 decode_index=10 ordinal=31 original_pts=3000000000 original_dts=3000000000 original_duration=100000000 file_pts=1000000000 file_dts=1000000000 file_duration=100000000 segment_start=0 segment_time=0 stream_time=1000000000 original_minus_file=2000000000 normalized_delta=0
[packet] case=C508 segment=2 decode_index=11 ordinal=32 original_pts=3100000000 original_dts=3100000000 original_duration=100000000 file_pts=1100000000 file_dts=1100000000 file_duration=100000000 segment_start=0 segment_time=0 stream_time=1100000000 original_minus_file=2000000000 normalized_delta=0
[packet] case=C508 segment=2 decode_index=12 ordinal=33 original_pts=3200000000 original_dts=3200000000 original_duration=100000000 file_pts=1200000000 file_dts=1200000000 file_duration=100000000 segment_start=0 segment_time=0 stream_time=1200000000 original_minus_file=2000000000 normalized_delta=0
[packet] case=C508 segment=2 decode_index=13 ordinal=34 original_pts=3300000000 original_dts=3300000000 original_duration=100000000 file_pts=1300000000 file_dts=1300000000 file_duration=100000000 segment_start=0 segment_time=0 stream_time=1300000000 original_minus_file=2000000000 normalized_delta=0
[packet] case=C508 segment=2 decode_index=14 ordinal=35 original_pts=3400000000 original_dts=3400000000 original_duration=100000000 file_pts=1400000000 file_dts=1400000000 file_duration=100000000 segment_start=0 segment_time=0 stream_time=1400000000 original_minus_file=2000000000 normalized_delta=0
[packet] case=C508 segment=2 decode_index=15 ordinal=36 original_pts=3500000000 original_dts=3500000000 original_duration=100000000 file_pts=1500000000 file_dts=1500000000 file_duration=100000000 segment_start=0 segment_time=0 stream_time=1500000000 original_minus_file=2000000000 normalized_delta=0
[packet] case=C508 segment=2 decode_index=16 ordinal=37 original_pts=3600000000 original_dts=3600000000 original_duration=100000000 file_pts=1600000000 file_dts=1600000000 file_duration=100000000 segment_start=0 segment_time=0 stream_time=1600000000 original_minus_file=2000000000 normalized_delta=0
[packet] case=C508 segment=2 decode_index=17 ordinal=38 original_pts=3700000000 original_dts=3700000000 original_duration=100000000 file_pts=1700000000 file_dts=1700000000 file_duration=100000000 segment_start=0 segment_time=0 stream_time=1700000000 original_minus_file=2000000000 normalized_delta=0
[packet] case=C508 segment=2 decode_index=18 ordinal=39 original_pts=3800000000 original_dts=3800000000 original_duration=100000000 file_pts=1800000000 file_dts=1800000000 file_duration=100000000 segment_start=0 segment_time=0 stream_time=1800000000 original_minus_file=2000000000 normalized_delta=0
[packet] case=C508 segment=2 decode_index=19 ordinal=40 original_pts=3900000000 original_dts=3900000000 original_duration=100000000 file_pts=1900000000 file_dts=1900000000 file_duration=100000000 segment_start=0 segment_time=0 stream_time=1900000000 original_minus_file=2000000000 normalized_delta=0
[measurement] case=C508 segment=2 packets=20 delta_min=2000000000 delta_max=2000000000 constant_offset=true normalized_delta_min=0 normalized_delta_max=0 eos=true
[case-summary] case=C508 inputs=60 segments=3 demux_packets=60
[pass] C508 PTS 초기화 epoch 분리
[summary] pass=8 fail=0
[cleanup] path=/private/var/folders/k0/qhmr6zdx11q0_41wfx4dsd200000gn/T/media-server-derived-time.QjhJqT bytes=4799362 removed=true
[elapsed] seconds=4 source=bash-SECONDS
[exit] 0
