[start] 2026-10-01T22:12:37Z
Darwin arm64
Apple clang version 21.0.0 (clang-2100.3.34.2)
430c0c759e75c5abc8896e407a875aff99715f82b51d1a4df198f9ce601ddba7  /Users/dhseo/Workspace/mediaServer/scripts/internal/recording_current_ui_seed.cpp
f9bd09ba278871b479284014e757bc494e6b471bd43fd505536a474f62fcd639  /Users/dhseo/Workspace/mediaServer/scripts/internal/recording_current_ui_seed.mjs
404784ececbb74556fa2e32975f879e2632a96311bc7ed0e41bce069d167b8a6  /Users/dhseo/Workspace/mediaServer/scripts/internal/recording_media_test_fixture.h
b946800078bb3c977891e505a60786285e7bd060a20fbded0b50f2c891639671  /Users/dhseo/Workspace/mediaServer/scripts/internal/verify_recording_current_ui_seed.sh
d857542636a2ac9aafd4165c0f4530120fffb29f582e6fb413725289a5f92ba5  /Users/dhseo/Workspace/mediaServer/build-gst-onnx/libmedia_server_runtime.a
PASS: LP26-U06-A managed Catalog reopen public timeline and persistent generation unchanged
PASS: B06-V02 actual Runtime B seed and fresh reopen preserve authoritative files
PASS: LP26-U01-A current managed UI seed oracle
PASS: LP26-U02-A current managed UI seed oracle
PASS: LP26-U03-A current managed UI seed oracle
PASS: LP26-U04-A current managed UI seed oracle
PASS: LP26-U05-A current managed UI seed oracle
[ui-seed-summary] {"rows":146,"known":115,"unknown":31,"pages":2,"actualUiPass":false}
[cleanup] {"path":"/private/var/folders/k0/qhmr6zdx11q0_41wfx4dsd200000gn/T/media-server-current-ui-seed.9Jzymd","bytes":11933100,"removed":true}
[elapsed] seconds=9 source=bash-SECONDS actualUiPass=false
[ui-seed] current-managed; mapping units; seek=original-MP4; events=derived-fMP4; actualUiPass=false
[ui-seed-selection] {"seekSegmentId":"74c9a226-c6b3-48c0-9dc2-4fb36be2771b","eventOutputIds":[{"scenario":"full","ids":["dj-17354d05f3dadffe1b160ff243a1d55d0f0510dcc54d72216721f89474a28c9d-o0","dj-17354d05f3dadffe1b160ff243a1d55d0f0510dcc54d72216721f89474a28c9d-o1"]},{"scenario":"partial","ids":["dj-75e7d91254f95372e39806d3f2c28dbb36a9460c9ae8854b277eb2ea680d2fea-o0","dj-75e7d91254f95372e39806d3f2c28dbb36a9460c9ae8854b277eb2ea680d2fea-o1"]}],"actualUiPass":false}
{"uiPreparationLog":{"truncated":false,"droppedBytes":0,"writeFailed":false},"actualUiPass":false}
[cleanup] PASS {"root":"/private/var/folders/k0/qhmr6zdx11q0_41wfx4dsd200000gn/T/media-server-v410-s06-0WlNe9","rootBeforeBytes":16589618,"rootBeforeEntries":441,"rootSymlinksNotFollowed":277,"rootAbsent":true,"process":{"pid":8708,"exitCode":0,"signalCode":null,"graceful":true},"ports":[{"kind":"rtsp","port":53863,"closed":true,"evidence":"ECONNREFUSED"},{"kind":"http","port":53864,"closed":true,"evidence":"ECONNREFUSED"}],"attempted":6,"failureCount":0,"cleanupElapsedMs":512,"verifierElapsedMs":75332,"uiUdpClosed":true}
{"pass":31,"notRun":0,"uiFulltestPass":false,"outputDir":"/private/var/folders/k0/qhmr6zdx11q0_41wfx4dsd200000gn/T/media-server-recording-ui-acceptance-XQcnKOGA"}
