[  2%] Building CXX object CMakeFiles/media_server_runtime.dir/src/analysis/scene_context_builder.cpp.o
[  3%] Building CXX object CMakeFiles/media_server_runtime.dir/src/analysis/raw_video_decoder.cpp.o
[  3%] Building CXX object CMakeFiles/media_server_runtime.dir/src/analysis/scenario_engine.cpp.o
[  3%] Building CXX object CMakeFiles/media_server_runtime.dir/src/analysis/snapshot_encoder.cpp.o
[  3%] Building CXX object CMakeFiles/media_server_runtime.dir/src/analysis/track_state_manager.cpp.o
[  4%] Building CXX object CMakeFiles/media_server_runtime.dir/src/analysis/tracked_object_metadata.cpp.o
[  5%] Building CXX object CMakeFiles/media_server_runtime.dir/src/analysis/va_runtime_metadata.cpp.o
[  5%] Building CXX object CMakeFiles/media_server_runtime.dir/src/analysis/vlm_feature_retention.cpp.o
[  6%] Building CXX object CMakeFiles/media_server_runtime.dir/src/analysis/vlm_feature_queue.cpp.o
[  7%] Building CXX object CMakeFiles/media_server_runtime.dir/src/analysis/vlm_observation_store.cpp.o
[  7%] Building CXX object CMakeFiles/media_server_runtime.dir/src/analysis/wrong_direction_scenario.cpp.o
[  8%] Building CXX object CMakeFiles/media_server_runtime.dir/src/analysis/zone_occupancy_scenario.cpp.o
[  9%] Building CXX object CMakeFiles/media_server_runtime.dir/src/analysis/yolo_onnx_detector.cpp.o
[  9%] Building CXX object CMakeFiles/media_server_runtime.dir/src/app_config.cpp.o
[ 10%] Building CXX object CMakeFiles/media_server_runtime.dir/src/core/analysis_runtime_port.cpp.o
[ 11%] Building CXX object CMakeFiles/media_server_runtime.dir/src/core/command_runner.cpp.o
[ 11%] Building CXX object CMakeFiles/media_server_runtime.dir/src/core/gst_decode_compatibility.cpp.o
[ 12%] Building CXX object CMakeFiles/media_server_runtime.dir/src/core/shared_stream.cpp.o
[ 13%] Building CXX object CMakeFiles/media_server_runtime.dir/src/core/source_factory.cpp.o
[ 13%] Building CXX object CMakeFiles/media_server_runtime.dir/src/core/stream_registry.cpp.o
[ 14%] Building CXX object CMakeFiles/media_server_runtime.dir/src/core/stream_key.cpp.o
[ 15%] Building CXX object CMakeFiles/media_server_runtime.dir/src/domain/strict_json.cpp.o
[ 15%] Building CXX object CMakeFiles/media_server_runtime.dir/src/core/resource_guard.cpp.o
[ 16%] Building CXX object CMakeFiles/media_server_runtime.dir/src/core/session_manager.cpp.o
[ 17%] Building CXX object CMakeFiles/media_server_runtime.dir/src/core/source_request_parser.cpp.o
[ 17%] Building CXX object CMakeFiles/media_server_runtime.dir/src/ingress/gst_pipeline_builder.cpp.o
[ 18%] Building CXX object CMakeFiles/media_server_runtime.dir/src/ingress/analysis_rule_application_service.cpp.o
[ 19%] Building CXX object CMakeFiles/media_server_runtime.dir/src/ingress/analysis_frame_application_service.cpp.o
[ 19%] Building CXX object CMakeFiles/media_server_runtime.dir/src/ingress/va_metadata_application_service.cpp.o
[ 20%] Building CXX object CMakeFiles/media_server_runtime.dir/src/ingress/event_feature_search_application_service.cpp.o
[ 21%] Building CXX object CMakeFiles/media_server_runtime.dir/src/ingress/event_storage_application_service.cpp.o
[ 21%] Building CXX object CMakeFiles/media_server_runtime.dir/src/ingress/event_rule_application_service.cpp.o
[ 22%] Building CXX object CMakeFiles/media_server_runtime.dir/src/ingress/analysis_session_lifecycle_application_adapter.cpp.o
[ 23%] Building CXX object CMakeFiles/media_server_runtime.dir/src/ingress/analysis_session_read_application_adapter.cpp.o
[ 23%] Building CXX object CMakeFiles/media_server_runtime.dir/src/ingress/webrtc_media_application_adapter.cpp.o
[ 24%] Building CXX object CMakeFiles/media_server_runtime.dir/src/ingress/analysis_rule_registry.cpp.o
[ 25%] Building CXX object CMakeFiles/media_server_runtime.dir/src/ingress/analysis_overlay_probe.cpp.o
[ 25%] Building CXX object CMakeFiles/media_server_runtime.dir/src/ingress/appearance_readiness_application_service.cpp.o
[ 26%] Building CXX object CMakeFiles/media_server_runtime.dir/src/ingress/category_catalog_application_service.cpp.o
[ 27%] Building CXX object CMakeFiles/media_server_runtime.dir/src/ingress/vlm_observation_application_service.cpp.o
[ 27%] Building CXX object CMakeFiles/media_server_runtime.dir/src/ingress/incident_memory_application_service.cpp.o
[ 28%] Building CXX object CMakeFiles/media_server_runtime.dir/src/ingress/event_post_application_service.cpp.o
[ 29%] Building CXX object CMakeFiles/media_server_runtime.dir/src/ingress/image_codec_application_service.cpp.o
[ 29%] Building CXX object CMakeFiles/media_server_runtime.dir/src/analysis/analysis_query.cpp.o
[ 30%] Building CXX object CMakeFiles/media_server_runtime.dir/src/ingress/http_auth.cpp.o
[ 31%] Building CXX object CMakeFiles/media_server_runtime.dir/src/ingress/onvif_credential_provider.cpp.o
[ 31%] Building CXX object CMakeFiles/media_server_runtime.dir/src/ingress/onvif_live_import.cpp.o
[ 32%] Building CXX object CMakeFiles/media_server_runtime.dir/src/ingress/ops_action_execution_deferral.cpp.o
[ 33%] Building CXX object CMakeFiles/media_server_runtime.dir/src/ingress/ops_event_route_owner.cpp.o
[ 33%] Building CXX object CMakeFiles/media_server_runtime.dir/src/ingress/rtsp_request_context.cpp.o
[ 34%] Building CXX object CMakeFiles/media_server_runtime.dir/src/ingress/product_ui_assets.cpp.o
[ 34%] Building CXX object CMakeFiles/media_server_runtime.dir/src/ingress/product_ui_action_execution_deferral.cpp.o
[ 35%] Building CXX object CMakeFiles/media_server_runtime.dir/src/ingress/product_ui_auth_pages.cpp.o
[ 36%] Building CXX object CMakeFiles/media_server_runtime.dir/src/recording/recording_contracts.cpp.o
[ 36%] Building CXX object CMakeFiles/media_server_runtime.dir/src/recording/recording_search_precedence.cpp.o
[ 37%] Building CXX object CMakeFiles/media_server_runtime.dir/src/recording/recording_search_snapshots.cpp.o
[ 38%] Building CXX object CMakeFiles/media_server_runtime.dir/src/recording/recording_search_model.cpp.o
[ 38%] Building CXX object CMakeFiles/media_server_runtime.dir/src/recording/recording_search_source.cpp.o
[ 39%] Building CXX object CMakeFiles/media_server_runtime.dir/src/recording/recording_search_reader.cpp.o
In file included from /src/src/recording/recording_search_source.cpp:2:
/src/include/recording/recording_catalog.h:179:23: error: declaration of 'recording::RetentionSnapshot recording::RecordingCatalog::RetentionSnapshot() const' changes meaning of 'RetentionSnapshot' [-Wchanges-meaning]
  179 |     RetentionSnapshot RetentionSnapshot() const;
      |                       ^~~~~~~~~~~~~~~~~
/src/include/recording/recording_catalog.h:179:5: note: used here to mean 'struct recording::RetentionSnapshot'
  179 |     RetentionSnapshot RetentionSnapshot() const;
      |     ^~~~~~~~~~~~~~~~~
In file included from /src/include/recording/recording_catalog.h:22:
/src/include/recording/retention_coordinator.h:46:8: note: declared here
   46 | struct RetentionSnapshot {
      |        ^~~~~~~~~~~~~~~~~
gmake[2]: *** [CMakeFiles/media_server_runtime.dir/build.make:1185: CMakeFiles/media_server_runtime.dir/src/recording/recording_search_source.cpp.o] Error 1
gmake[2]: *** Waiting for unfinished jobs....
In file included from /src/include/recording/recording_read_service.h:4,
                 from /src/include/recording/recording_search_reader.h:3,
                 from /src/src/recording/recording_search_reader.cpp:2:
/src/include/recording/recording_catalog.h:179:23: error: declaration of 'recording::RetentionSnapshot recording::RecordingCatalog::RetentionSnapshot() const' changes meaning of 'RetentionSnapshot' [-Wchanges-meaning]
  179 |     RetentionSnapshot RetentionSnapshot() const;
      |                       ^~~~~~~~~~~~~~~~~
/src/include/recording/recording_catalog.h:179:5: note: used here to mean 'struct recording::RetentionSnapshot'
  179 |     RetentionSnapshot RetentionSnapshot() const;
      |     ^~~~~~~~~~~~~~~~~
In file included from /src/include/recording/recording_catalog.h:22:
/src/include/recording/retention_coordinator.h:46:8: note: declared here
   46 | struct RetentionSnapshot {
      |        ^~~~~~~~~~~~~~~~~
gmake[2]: *** [CMakeFiles/media_server_runtime.dir/build.make:1199: CMakeFiles/media_server_runtime.dir/src/recording/recording_search_reader.cpp.o] Error 1
gmake[1]: *** [CMakeFiles/Makefile2:90: CMakeFiles/media_server_runtime.dir/all] Error 2
gmake: *** [Makefile:91: all] Error 2
