[  1%] Building CXX object CMakeFiles/media_server_runtime.dir/src/recording/recording_search_source.cpp.o
[  2%] Building CXX object CMakeFiles/media_server_runtime.dir/src/recording/recording_search_reader.cpp.o
[  2%] Building CXX object CMakeFiles/media_server_runtime.dir/src/recording/event_recording_bridge.cpp.o
[  2%] Building CXX object CMakeFiles/media_server_runtime.dir/src/recording/event_clip_deriver.cpp.o
[  3%] Building CXX object CMakeFiles/media_server_runtime.dir/src/recording/gstreamer_segment_writer.cpp.o
[  4%] Building CXX object CMakeFiles/media_server_runtime.dir/src/recording/recording_file_evidence.cpp.o
[  4%] Building CXX object CMakeFiles/media_server_runtime.dir/src/recording/recording_journal.cpp.o
[  5%] Building CXX object CMakeFiles/media_server_runtime.dir/src/recording/recording_generation_manifest.cpp.o
[  6%] Building CXX object CMakeFiles/media_server_runtime.dir/src/recording/recording_generation_active.cpp.o
[  6%] Building CXX object CMakeFiles/media_server_runtime.dir/src/recording/recording_generation_cold_mutation.cpp.o
[  7%] Building CXX object CMakeFiles/media_server_runtime.dir/src/recording/recording_generation_files.cpp.o
[  8%] Building CXX object CMakeFiles/media_server_runtime.dir/src/recording/recording_cutover_input.cpp.o
[  8%] Building CXX object CMakeFiles/media_server_runtime.dir/src/recording/recording_generation_receipt.cpp.o
[  9%] Building CXX object CMakeFiles/media_server_runtime.dir/src/recording/recording_generation_transaction.cpp.o
[ 10%] Building CXX object CMakeFiles/media_server_runtime.dir/src/recording/recording_cutover_stage_writer.cpp.o
[ 10%] Building CXX object CMakeFiles/media_server_runtime.dir/src/recording/recording_catalog_cutover_candidate.cpp.o
[ 11%] Building CXX object CMakeFiles/media_server_runtime.dir/src/recording/recording_order_history_snapshot.cpp.o
[ 12%] Building CXX object CMakeFiles/media_server_runtime.dir/src/recording/recording_identity_shard.cpp.o
[ 12%] Building CXX object CMakeFiles/media_server_runtime.dir/src/recording/recording_catalog_snapshot.cpp.o
[ 13%] Building CXX object CMakeFiles/media_server_runtime.dir/src/recording/recording_catalog_generation_projection.cpp.o
[ 14%] Building CXX object CMakeFiles/media_server_runtime.dir/src/recording/recording_media_inspector.cpp.o
[ 14%] Building CXX object CMakeFiles/media_server_runtime.dir/src/recording/recording_finalize_recovery.cpp.o
[ 15%] Building CXX object CMakeFiles/media_server_runtime.dir/src/recording/recording_finalize_ticket.cpp.o
[ 16%] Building CXX object CMakeFiles/media_server_runtime.dir/src/recording/recording_startup_recovery.cpp.o
[ 16%] Building CXX object CMakeFiles/media_server_runtime.dir/src/recording/recording_catalog.cpp.o
[ 17%] Building CXX object CMakeFiles/media_server_runtime.dir/src/recording/recording_catalog_snapshot_export.cpp.o
[ 18%] Building CXX object CMakeFiles/media_server_runtime.dir/src/recording/analysis_observation_projector.cpp.o
[ 18%] Building CXX object CMakeFiles/media_server_runtime.dir/src/recording/recording_read_service.cpp.o
[ 19%] Building CXX object CMakeFiles/media_server_runtime.dir/src/recording/recording_timeline_projection.cpp.o
[ 20%] Building CXX object CMakeFiles/media_server_runtime.dir/src/recording/recording_derived_selection.cpp.o
[ 20%] Building CXX object CMakeFiles/media_server_runtime.dir/src/recording/recording_derived_job.cpp.o
[ 21%] Building CXX object CMakeFiles/media_server_runtime.dir/src/recording/recording_derived_job_ready.cpp.o
[ 22%] Building CXX object CMakeFiles/media_server_runtime.dir/src/recording/recording_derived_job_service.cpp.o
[ 22%] Building CXX object CMakeFiles/media_server_runtime.dir/src/recording/recording_derived_event_worker.cpp.o
[ 23%] Building CXX object CMakeFiles/media_server_runtime.dir/src/recording/recording_evidence_observer.cpp.o
[ 24%] Building CXX object CMakeFiles/media_server_runtime.dir/src/recording/recording_runtime_composition.cpp.o
[ 24%] Building CXX object CMakeFiles/media_server_runtime.dir/src/recording/recording_derived_remux.cpp.o
[ 25%] Building CXX object CMakeFiles/media_server_runtime.dir/src/ingress/recording_search_application_service.cpp.o
[ 26%] Building CXX object CMakeFiles/media_server_runtime.dir/src/ingress/recording_application_service.cpp.o
[ 26%] Building CXX object CMakeFiles/media_server_runtime.dir/src/recording/retention_coordinator.cpp.o
[ 27%] Building CXX object CMakeFiles/media_server_runtime.dir/src/recording/recording_session_service.cpp.o
[ 28%] Building CXX object CMakeFiles/media_server_runtime.dir/src/recording/recording_supervisor.cpp.o
[ 28%] Building CXX object CMakeFiles/media_server_runtime.dir/src/ingress/product_ui_components.cpp.o
[ 29%] Building CXX object CMakeFiles/media_server_runtime.dir/src/ingress/product_ui_client_css.cpp.o
[ 30%] Building CXX object CMakeFiles/media_server_runtime.dir/src/ingress/product_ui_client_scripts.cpp.o
[ 30%] Building CXX object CMakeFiles/media_server_runtime.dir/src/ingress/product_ui_css.cpp.o
[ 31%] Building CXX object CMakeFiles/media_server_runtime.dir/src/ingress/product_ui_js.cpp.o
[ 32%] Building CXX object CMakeFiles/media_server_runtime.dir/src/ingress/product_ui_ops_sources_script.cpp.o
[ 32%] Building CXX object CMakeFiles/media_server_runtime.dir/src/ingress/product_ui_ops_users_script.cpp.o
[ 33%] Building CXX object CMakeFiles/media_server_runtime.dir/src/ingress/product_ui_page_scripts.cpp.o
[ 34%] Building CXX object CMakeFiles/media_server_runtime.dir/src/ingress/product_ui_server_pages.cpp.o
[ 34%] Building CXX object CMakeFiles/media_server_runtime.dir/src/ingress/rtsp_egress_session.cpp.o
[ 35%] Building CXX object CMakeFiles/media_server_runtime.dir/src/ingress/source_view_registry.cpp.o
[ 36%] Building CXX object CMakeFiles/media_server_runtime.dir/src/ingress/source_view_application_service.cpp.o
[ 36%] Building CXX object CMakeFiles/media_server_runtime.dir/src/ingress/vlm_profile_json_document.cpp.o
[ 37%] Building CXX object CMakeFiles/media_server_runtime.dir/src/ingress/vlm_evaluation_promotion.cpp.o
[ 38%] Building CXX object CMakeFiles/media_server_runtime.dir/src/ingress/vlm_incident_rule_provenance.cpp.o
[ 38%] Building CXX object CMakeFiles/media_server_runtime.dir/src/ingress/webrtc_egress_session.cpp.o
[ 39%] Building CXX object CMakeFiles/media_server_runtime.dir/src/ingress/webrtc_gst_utils.cpp.o
[ 40%] Building CXX object CMakeFiles/media_server_runtime.dir/src/core/webrtc_source_registry.cpp.o
In file included from /src/src/core/webrtc_source_registry.cpp:4:
/src/include/core/webrtc_source_registry.h:21:37: error: 'function' in namespace 'std' does not name a template type
   21 |     using SubscriberCallback = std::function<void(const media::Packet&)>;
      |                                     ^~~~~~~~
/src/include/core/webrtc_source_registry.h:16:1: note: 'std::function' is defined in header '<functional>'; this is probably fixable by adding '#include <functional>'
   15 | #include "media_types.h"
  +++ |+#include <functional>
   16 | 
/src/include/core/webrtc_source_registry.h:37:58: error: 'SubscriberCallback' has not been declared
   37 |     bool AddSubscriber(const std::string& subscriber_id, SubscriberCallback callback);
      |                                                          ^~~~~~~~~~~~~~~~~~
/src/include/core/webrtc_source_registry.h:57:37: error: 'SubscriberCallback' was not declared in this scope
   57 |     std::unordered_map<std::string, SubscriberCallback> subscribers_;
      |                                     ^~~~~~~~~~~~~~~~~~
/src/include/core/webrtc_source_registry.h:57:55: error: template argument 2 is invalid
   57 |     std::unordered_map<std::string, SubscriberCallback> subscribers_;
      |                                                       ^
/src/include/core/webrtc_source_registry.h:57:55: error: template argument 5 is invalid
/src/src/core/webrtc_source_registry.cpp:43:77: error: 'SubscriberCallback' has not been declared
   43 | bool PublishedWebRtcSource::AddSubscriber(const std::string& subscriber_id, SubscriberCallback callback) {
      |                                                                             ^~~~~~~~~~~~~~~~~~
/src/src/core/webrtc_source_registry.cpp: In member function 'bool ingress::PublishedWebRtcSource::AddSubscriber(const std::string&, int)':
/src/src/core/webrtc_source_registry.cpp:45:5: error: 'SubscriberCallback' was not declared in this scope
   45 |     SubscriberCallback installed_callback;
      |     ^~~~~~~~~~~~~~~~~~
/src/src/core/webrtc_source_registry.cpp:48:50: error: request for member 'emplace' in '((ingress::PublishedWebRtcSource*)this)->ingress::PublishedWebRtcSource::subscribers_', which is of non-class type 'int'
   48 |         const auto [it, inserted] = subscribers_.emplace(subscriber_id, std::move(callback));
      |                                                  ^~~~~~~
/src/src/core/webrtc_source_registry.cpp:52:9: error: 'installed_callback' was not declared in this scope
   52 |         installed_callback = it->second;
      |         ^~~~~~~~~~~~~~~~~~
/src/src/core/webrtc_source_registry.cpp:59:9: error: 'installed_callback' was not declared in this scope
   59 |         installed_callback(packet);
      |         ^~~~~~~~~~~~~~~~~~
/src/src/core/webrtc_source_registry.cpp: In member function 'void ingress::PublishedWebRtcSource::RemoveSubscriber(const std::string&)':
/src/src/core/webrtc_source_registry.cpp:66:18: error: request for member 'erase' in '((ingress::PublishedWebRtcSource*)this)->ingress::PublishedWebRtcSource::subscribers_', which is of non-class type 'int'
   66 |     subscribers_.erase(subscriber_id);
      |                  ^~~~~
/src/src/core/webrtc_source_registry.cpp: In member function 'void ingress::PublishedWebRtcSource::Publish(const media::Packet&)':
/src/src/core/webrtc_source_registry.cpp:81:17: error: 'SubscriberCallback' was not declared in this scope
   81 |     std::vector<SubscriberCallback> callbacks;
      |                 ^~~~~~~~~~~~~~~~~~
/src/src/core/webrtc_source_registry.cpp:81:35: error: template argument 1 is invalid
   81 |     std::vector<SubscriberCallback> callbacks;
      |                                   ^
/src/src/core/webrtc_source_registry.cpp:81:35: error: template argument 2 is invalid
/src/src/core/webrtc_source_registry.cpp:84:19: error: request for member 'reserve' in 'callbacks', which is of non-class type 'int'
   84 |         callbacks.reserve(subscribers_.size());
      |                   ^~~~~~~
/src/src/core/webrtc_source_registry.cpp:84:40: error: request for member 'size' in '((ingress::PublishedWebRtcSource*)this)->ingress::PublishedWebRtcSource::subscribers_', which is of non-class type 'int'
   84 |         callbacks.reserve(subscribers_.size());
      |                                        ^~~~
/src/src/core/webrtc_source_registry.cpp:85:42: error: 'begin' was not declared in this scope
   85 |         for (const auto& [_, callback] : subscribers_) {
      |                                          ^~~~~~~~~~~~
/src/src/core/webrtc_source_registry.cpp:85:42: note: suggested alternatives:
In file included from /usr/include/c++/16/deque:70,
                 from /src/include/core/webrtc_source_registry.h:7:
/usr/include/c++/16/bits/range_access.h:120:37: note:   'std::begin'
  120 |   template<typename _Tp> const _Tp* begin(const valarray<_Tp>&) noexcept;
      |                                     ^~~~~
In file included from /usr/include/c++/16/filesystem:56,
                 from /src/include/core/recording_runtime_config_data.h:6,
                 from /src/include/app_config.h:10,
                 from /src/src/core/webrtc_source_registry.cpp:9:
/usr/include/c++/16/bits/fs_dir.h:608:3: note:   'std::filesystem::__cxx11::begin'
  608 |   begin(recursive_directory_iterator __iter) noexcept
      |   ^~~~~
/src/src/core/webrtc_source_registry.cpp:85:42: error: 'end' was not declared in this scope
   85 |         for (const auto& [_, callback] : subscribers_) {
      |                                          ^~~~~~~~~~~~
/src/src/core/webrtc_source_registry.cpp:85:42: note: suggested alternatives:
/usr/include/c++/16/bits/range_access.h:122:37: note:   'std::end'
  122 |   template<typename _Tp> const _Tp* end(const valarray<_Tp>&) noexcept;
      |                                     ^~~
/usr/include/c++/16/bits/fs_dir.h:613:3: note:   'std::filesystem::__cxx11::end'
  613 |   end(recursive_directory_iterator) noexcept
      |   ^~~
/src/src/core/webrtc_source_registry.cpp:86:23: error: request for member 'push_back' in 'callbacks', which is of non-class type 'int'
   86 |             callbacks.push_back(callback);
      |                       ^~~~~~~~~
/src/src/core/webrtc_source_registry.cpp:90:33: error: 'begin' was not declared in this scope
   90 |     for (const auto& callback : callbacks) {
      |                                 ^~~~~~~~~
/src/src/core/webrtc_source_registry.cpp:90:33: note: suggested alternatives:
/usr/include/c++/16/bits/range_access.h:120:37: note:   'std::begin'
  120 |   template<typename _Tp> const _Tp* begin(const valarray<_Tp>&) noexcept;
      |                                     ^~~~~
/usr/include/c++/16/bits/fs_dir.h:608:3: note:   'std::filesystem::__cxx11::begin'
  608 |   begin(recursive_directory_iterator __iter) noexcept
      |   ^~~~~
/src/src/core/webrtc_source_registry.cpp:90:33: error: 'end' was not declared in this scope
   90 |     for (const auto& callback : callbacks) {
      |                                 ^~~~~~~~~
/src/src/core/webrtc_source_registry.cpp:90:33: note: suggested alternatives:
/usr/include/c++/16/bits/range_access.h:122:37: note:   'std::end'
  122 |   template<typename _Tp> const _Tp* end(const valarray<_Tp>&) noexcept;
      |                                     ^~~
/usr/include/c++/16/bits/fs_dir.h:613:3: note:   'std::filesystem::__cxx11::end'
  613 |   end(recursive_directory_iterator) noexcept
      |   ^~~
/src/src/core/webrtc_source_registry.cpp: In member function 'ingress::PublishedWebRtcSource::Snapshot ingress::PublishedWebRtcSource::GetSnapshot() const':
/src/src/core/webrtc_source_registry.cpp:180:50: error: request for member 'size' in '((const ingress::PublishedWebRtcSource*)this)->ingress::PublishedWebRtcSource::subscribers_', which is of non-class type 'const int'
  180 |         snapshot.subscriber_count = subscribers_.size();
      |                                                  ^~~~
gmake[2]: *** [CMakeFiles/media_server_runtime.dir/build.make:2011: CMakeFiles/media_server_runtime.dir/src/core/webrtc_source_registry.cpp.o] Error 1
gmake[2]: *** Waiting for unfinished jobs....
gmake[1]: *** [CMakeFiles/Makefile2:90: CMakeFiles/media_server_runtime.dir/all] Error 2
gmake: *** [Makefile:91: all] Error 2
