-- The CXX compiler identification is GNU 14.2.0
-- Detecting CXX compiler ABI info
-- Detecting CXX compiler ABI info - done
-- Check for working CXX compiler: /usr/bin/c++ - skipped
-- Detecting CXX compile features
-- Detecting CXX compile features - done
-- Found ZLIB: /usr/lib/aarch64-linux-gnu/libz.so (found version "1.3.1")
-- Checking for modules 'gstreamer-1.0>=1.28;gstreamer-rtsp-server-1.0>=1.28;gstreamer-pbutils-1.0>=1.28;gstreamer-app-1.0>=1.28;gstreamer-webrtc-1.0>=1.28;gstreamer-sdp-1.0>=1.28'
--   Package dependency requirement 'gstreamer-1.0 >= 1.28' could not be satisfied.
Package 'gstreamer-1.0' has version '1.26.2', required version is '>= 1.28'
--   Package dependency requirement 'gstreamer-rtsp-server-1.0 >= 1.28' could not be satisfied.
Package 'gstreamer-rtsp-server-1.0' has version '1.26.2', required version is '>= 1.28'
--   Package dependency requirement 'gstreamer-pbutils-1.0 >= 1.28' could not be satisfied.
Package 'gstreamer-pbutils-1.0' has version '1.26.2', required version is '>= 1.28'
--   Package dependency requirement 'gstreamer-app-1.0 >= 1.28' could not be satisfied.
Package 'gstreamer-app-1.0' has version '1.26.2', required version is '>= 1.28'
--   Package dependency requirement 'gstreamer-webrtc-1.0 >= 1.28' could not be satisfied.
Package 'gstreamer-webrtc-1.0' has version '1.26.2', required version is '>= 1.28'
--   Package dependency requirement 'gstreamer-sdp-1.0 >= 1.28' could not be satisfied.
Package 'gstreamer-sdp-1.0' has version '1.26.2', required version is '>= 1.28'
CMake Error at /usr/share/cmake-3.31/Modules/FindPkgConfig.cmake:645 (message):
  The following required packages were not found:

   - gstreamer-1.0>=1.28
   - gstreamer-rtsp-server-1.0>=1.28
   - gstreamer-pbutils-1.0>=1.28
   - gstreamer-app-1.0>=1.28
   - gstreamer-webrtc-1.0>=1.28
   - gstreamer-sdp-1.0>=1.28

Call Stack (most recent call first):
  /usr/share/cmake-3.31/Modules/FindPkgConfig.cmake:873 (_pkg_check_modules_internal)
  CMakeLists.txt:192 (pkg_check_modules)


-- Configuring incomplete, errors occurred!
