command: ./server.sh build
exit: 0
observation elapsed ms: 25278 (tool dispatch~final collection; process duration 아님)
token start/end/consumed: 미집계 (실측 집계 도구 없음)
[1/2] configure: /Users/dhseo/Workspace/mediaServer/build-gst-onnx (ai=1, youtube=0)
-- Configuring done (0.1s)
-- Generating done (0.0s)
-- Build files have been written to: /Users/dhseo/Workspace/mediaServer/build-gst-onnx
[2/2] build
[  1%] Building CXX object CMakeFiles/media_server_runtime.dir/src/analysis/analysis_manager.cpp.o
[  2%] Building CXX object CMakeFiles/media_server_runtime.dir/src/analysis/analysis_session_service.cpp.o
[  3%] Building CXX object CMakeFiles/media_server_runtime.dir/src/analysis/appearance_extractor.cpp.o
[  4%] Building CXX object CMakeFiles/media_server_runtime.dir/src/analysis/detector_factory.cpp.o
[  5%] Building CXX object CMakeFiles/media_server_runtime.dir/src/analysis/dummy_detector.cpp.o
[  6%] Building CXX object CMakeFiles/media_server_runtime.dir/src/analysis/event_manager.cpp.o
[  7%] Building CXX object CMakeFiles/media_server_runtime.dir/src/analysis/event_post_dispatcher.cpp.o
[  8%] Building CXX object CMakeFiles/media_server_runtime.dir/src/analysis/event_rule_engine.cpp.o
[  9%] Building CXX object CMakeFiles/media_server_runtime.dir/src/analysis/event_storage.cpp.o
[ 10%] Building CXX object CMakeFiles/media_server_runtime.dir/src/analysis/image_frame_loader.cpp.o
[ 10%] Building CXX object CMakeFiles/media_server_runtime.dir/src/analysis/intrusion_after_line_crossing_scenario.cpp.o
[ 11%] Building CXX object CMakeFiles/media_server_runtime.dir/src/analysis/intrusion_dwell_scenario.cpp.o
[ 12%] Building CXX object CMakeFiles/media_server_runtime.dir/src/analysis/loitering_scenario.cpp.o
[ 13%] Building CXX object CMakeFiles/media_server_runtime.dir/src/analysis/metadata_subscription_filter.cpp.o
[ 14%] Building CXX object CMakeFiles/media_server_runtime.dir/src/analysis/object_tracker.cpp.o
[ 15%] Building CXX object CMakeFiles/media_server_runtime.dir/src/analysis/overlay_renderer.cpp.o
[ 16%] Building CXX object CMakeFiles/media_server_runtime.dir/src/analysis/raw_video_decoder.cpp.o
[ 16%] Building CXX object CMakeFiles/media_server_runtime.dir/src/analysis/re_entry_scenario.cpp.o
[ 17%] Building CXX object CMakeFiles/media_server_runtime.dir/src/analysis/scene_context_builder.cpp.o
[ 18%] Building CXX object CMakeFiles/media_server_runtime.dir/src/analysis/scenario_engine.cpp.o
[ 19%] Building CXX object CMakeFiles/media_server_runtime.dir/src/analysis/snapshot_encoder.cpp.o
[ 20%] Building CXX object CMakeFiles/media_server_runtime.dir/src/analysis/track_state_manager.cpp.o
[ 21%] Building CXX object CMakeFiles/media_server_runtime.dir/src/analysis/tracked_object_metadata.cpp.o
[ 21%] Building CXX object CMakeFiles/media_server_runtime.dir/src/analysis/va_runtime_metadata.cpp.o
[ 22%] Building CXX object CMakeFiles/media_server_runtime.dir/src/analysis/vlm_observation_store.cpp.o
[ 23%] Building CXX object CMakeFiles/media_server_runtime.dir/src/analysis/wrong_direction_scenario.cpp.o
[ 24%] Building CXX object CMakeFiles/media_server_runtime.dir/src/analysis/zone_occupancy_scenario.cpp.o
[ 24%] Building CXX object CMakeFiles/media_server_runtime.dir/src/analysis/yolo_onnx_detector.cpp.o
[ 25%] Building CXX object CMakeFiles/media_server_runtime.dir/src/ingress/analysis_frame_application_service.cpp.o
[ 26%] Building CXX object CMakeFiles/media_server_runtime.dir/src/ingress/va_metadata_application_service.cpp.o
[ 27%] Building CXX object CMakeFiles/media_server_runtime.dir/src/ingress/event_storage_application_service.cpp.o
[ 28%] Building CXX object CMakeFiles/media_server_runtime.dir/src/ingress/event_rule_application_service.cpp.o
[ 28%] Building CXX object CMakeFiles/media_server_runtime.dir/src/ingress/analysis_session_lifecycle_application_adapter.cpp.o
[ 29%] Building CXX object CMakeFiles/media_server_runtime.dir/src/ingress/analysis_session_read_application_adapter.cpp.o
[ 30%] Building CXX object CMakeFiles/media_server_runtime.dir/src/ingress/webrtc_media_application_adapter.cpp.o
[ 31%] Building CXX object CMakeFiles/media_server_runtime.dir/src/ingress/analysis_overlay_probe.cpp.o
[ 32%] Building CXX object CMakeFiles/media_server_runtime.dir/src/ingress/appearance_readiness_application_service.cpp.o
[ 33%] Building CXX object CMakeFiles/media_server_runtime.dir/src/ingress/event_post_application_service.cpp.o
[ 34%] Building CXX object CMakeFiles/media_server_runtime.dir/src/ingress/image_codec_application_service.cpp.o
[ 35%] Building CXX object CMakeFiles/media_server_runtime.dir/src/analysis/analysis_query.cpp.o
[ 36%] Building CXX object CMakeFiles/media_server_runtime.dir/src/recording/event_recording_bridge.cpp.o
[ 37%] Building CXX object CMakeFiles/media_server_runtime.dir/src/recording/analysis_observation_projector.cpp.o
[ 38%] Building CXX object CMakeFiles/media_server_runtime.dir/src/ingress/recording_application_service.cpp.o
[ 39%] Building CXX object CMakeFiles/media_server_runtime.dir/src/ingress/webrtc_http_server.cpp.o
[ 39%] Building CXX object CMakeFiles/media_server_runtime.dir/src/ingress/webrtc_http_server_ops_foundation.cpp.o
[ 40%] Building CXX object CMakeFiles/media_server_runtime.dir/src/ingress/webrtc_http_server_ops_workflows.cpp.o
[ 41%] Building CXX object CMakeFiles/media_server_runtime.dir/src/ingress/webrtc_http_server_ops_incidents.cpp.o
[ 42%] Building CXX object CMakeFiles/media_server_runtime.dir/src/ingress/webrtc_http_server_runtime.cpp.o
[ 43%] Linking CXX static library libmedia_server_runtime.a
[ 98%] Built target media_server_runtime
[ 98%] Building CXX object CMakeFiles/media_server.dir/src/application/media_server_application.cpp.o
[ 99%] Linking CXX executable media_server
[100%] Built target media_server
[done] build=/Users/dhseo/Workspace/mediaServer/build-gst-onnx/media_server
