[info] starting auth bootstrap server: auth=auto http=8091 rtsp=8565
[info] ICE 응답 검사는 setup 완료 뒤 수행
[pass] server health ok (http://127.0.0.1:8091)
[pass] missing users root redirect: 302:/setup
[pass] setup auth shell selectors
[info] starting auth bootstrap server: auth=auto http=8091 rtsp=8565
[info] ICE 응답 검사는 setup 완료 뒤 수행
[pass] server health ok (http://127.0.0.1:8091)
[pass] existing users file with hashless admin redirects to setup: 302:/setup
[pass] hashless admin login blocked by setup gate: 403
[info] starting auth bootstrap server: auth=auto http=8091 rtsp=8565
[info] ICE 응답 검사는 setup 완료 뒤 수행
[pass] server health ok (http://127.0.0.1:8091)
[pass] weak admin password rejected: 400
[pass] initial admin password setup: 302
[pass] auth users file owner-only mode: 600
[pass] setup blocked after completion: 302:/login
[fail] 인증 HTTP transport 실패
[fail] 인증 준비 입력/실행 오류
[fail] 인증 oracle 실패: caller=verify_ice_when_ready
[cleanup] path=/private/tmp/media-server-auth-bootstrap.D8zdQr kib=2080 absent=true
