[http-timing] {"sequence":1,"method":"GET","routeClass":"health","status":null,"headerElapsedMs":null,"bodyElapsedMs":null,"totalElapsedMs":4,"bytes":0,"phase":"header","outcome":"error"}
[http-timing] {"sequence":2,"method":"GET","routeClass":"health","status":null,"headerElapsedMs":null,"bodyElapsedMs":null,"totalElapsedMs":1,"bytes":0,"phase":"header","outcome":"error"}
[http-timing] {"sequence":3,"method":"GET","routeClass":"health","status":null,"headerElapsedMs":null,"bodyElapsedMs":null,"totalElapsedMs":1,"bytes":0,"phase":"header","outcome":"error"}
[http-timing] {"sequence":4,"method":"GET","routeClass":"health","status":null,"headerElapsedMs":null,"bodyElapsedMs":null,"totalElapsedMs":1,"bytes":0,"phase":"header","outcome":"error"}
[http-timing] {"sequence":5,"method":"GET","routeClass":"health","status":null,"headerElapsedMs":null,"bodyElapsedMs":null,"totalElapsedMs":1,"bytes":0,"phase":"header","outcome":"error"}
[http-timing] {"sequence":6,"method":"GET","routeClass":"health","status":null,"headerElapsedMs":null,"bodyElapsedMs":null,"totalElapsedMs":2,"bytes":0,"phase":"header","outcome":"error"}
[http-timing] {"sequence":7,"method":"GET","routeClass":"health","status":null,"headerElapsedMs":null,"bodyElapsedMs":null,"totalElapsedMs":1,"bytes":0,"phase":"header","outcome":"error"}
[http-timing] {"sequence":8,"method":"GET","routeClass":"health","status":null,"headerElapsedMs":null,"bodyElapsedMs":null,"totalElapsedMs":1,"bytes":0,"phase":"header","outcome":"error"}
[http-timing] {"sequence":9,"method":"GET","routeClass":"health","status":null,"headerElapsedMs":null,"bodyElapsedMs":null,"totalElapsedMs":1,"bytes":0,"phase":"header","outcome":"error"}
[http-timing] {"sequence":10,"method":"GET","routeClass":"health","status":null,"headerElapsedMs":null,"bodyElapsedMs":null,"totalElapsedMs":1,"bytes":0,"phase":"header","outcome":"error"}
[http-timing] {"sequence":11,"method":"GET","routeClass":"health","status":null,"headerElapsedMs":null,"bodyElapsedMs":null,"totalElapsedMs":0,"bytes":0,"phase":"header","outcome":"error"}
[http-timing] {"sequence":12,"method":"GET","routeClass":"health","status":null,"headerElapsedMs":null,"bodyElapsedMs":null,"totalElapsedMs":0,"bytes":0,"phase":"header","outcome":"error"}
[http-timing] {"sequence":13,"method":"GET","routeClass":"health","status":null,"headerElapsedMs":null,"bodyElapsedMs":null,"totalElapsedMs":0,"bytes":0,"phase":"header","outcome":"error"}
[http-timing] {"sequence":14,"method":"GET","routeClass":"health","status":null,"headerElapsedMs":null,"bodyElapsedMs":null,"totalElapsedMs":0,"bytes":0,"phase":"header","outcome":"error"}
[http-timing] {"sequence":15,"method":"GET","routeClass":"health","status":null,"headerElapsedMs":null,"bodyElapsedMs":null,"totalElapsedMs":0,"bytes":0,"phase":"header","outcome":"error"}
[http-timing] {"sequence":16,"method":"GET","routeClass":"health","status":null,"headerElapsedMs":null,"bodyElapsedMs":null,"totalElapsedMs":0,"bytes":0,"phase":"header","outcome":"error"}
[http-timing] {"sequence":17,"method":"GET","routeClass":"health","status":null,"headerElapsedMs":null,"bodyElapsedMs":null,"totalElapsedMs":0,"bytes":0,"phase":"header","outcome":"error"}
[http-timing] {"sequence":18,"method":"GET","routeClass":"health","status":null,"headerElapsedMs":null,"bodyElapsedMs":null,"totalElapsedMs":0,"bytes":0,"phase":"header","outcome":"error"}
[http-timing] {"sequence":19,"method":"GET","routeClass":"health","status":null,"headerElapsedMs":null,"bodyElapsedMs":null,"totalElapsedMs":1,"bytes":0,"phase":"header","outcome":"error"}
[http-timing] {"sequence":20,"method":"GET","routeClass":"health","status":200,"headerElapsedMs":5,"bodyElapsedMs":1,"totalElapsedMs":6,"bytes":15,"phase":"complete","outcome":"ok"}
[http-timing] {"sequence":21,"method":"GET","routeClass":"ice","status":200,"headerElapsedMs":1,"bodyElapsedMs":0,"totalElapsedMs":1,"bytes":222,"phase":"complete","outcome":"ok"}
[pass] S11-CI09 product-1 healthy isolated ICE
[http-timing] {"sequence":22,"method":"POST","routeClass":"source","status":201,"headerElapsedMs":78,"bodyElapsedMs":0,"totalElapsedMs":78,"bytes":428,"phase":"complete","outcome":"ok"}
[http-timing] {"sequence":23,"method":"POST","routeClass":"tap-create","status":200,"headerElapsedMs":50,"bodyElapsedMs":0,"totalElapsedMs":50,"bytes":1099,"phase":"complete","outcome":"ok"}
[http-timing] {"sequence":24,"method":"GET","routeClass":"tap","status":200,"headerElapsedMs":17,"bodyElapsedMs":0,"totalElapsedMs":17,"bytes":3942,"phase":"complete","outcome":"ok"}
[http-timing] {"sequence":25,"method":"GET","routeClass":"tap","status":200,"headerElapsedMs":1,"bodyElapsedMs":0,"totalElapsedMs":1,"bytes":5840,"phase":"complete","outcome":"ok"}
[http-timing] {"sequence":26,"method":"GET","routeClass":"timeline","status":200,"headerElapsedMs":1,"bodyElapsedMs":0,"totalElapsedMs":1,"bytes":82,"phase":"complete","outcome":"ok"}
[http-timing] {"sequence":27,"method":"GET","routeClass":"tap","status":200,"headerElapsedMs":1,"bodyElapsedMs":0,"totalElapsedMs":1,"bytes":5842,"phase":"complete","outcome":"ok"}
[http-timing] {"sequence":28,"method":"GET","routeClass":"timeline","status":200,"headerElapsedMs":1,"bodyElapsedMs":0,"totalElapsedMs":1,"bytes":82,"phase":"complete","outcome":"ok"}
[http-timing] {"sequence":29,"method":"GET","routeClass":"tap","status":200,"headerElapsedMs":1,"bodyElapsedMs":0,"totalElapsedMs":1,"bytes":6021,"phase":"complete","outcome":"ok"}
[http-timing] {"sequence":30,"method":"GET","routeClass":"timeline","status":200,"headerElapsedMs":1,"bodyElapsedMs":0,"totalElapsedMs":1,"bytes":82,"phase":"complete","outcome":"ok"}
[http-timing] {"sequence":31,"method":"GET","routeClass":"tap","status":200,"headerElapsedMs":1,"bodyElapsedMs":0,"totalElapsedMs":1,"bytes":6143,"phase":"complete","outcome":"ok"}
[http-timing] {"sequence":32,"method":"GET","routeClass":"timeline","status":200,"headerElapsedMs":0,"bodyElapsedMs":0,"totalElapsedMs":0,"bytes":82,"phase":"complete","outcome":"ok"}
[http-timing] {"sequence":33,"method":"GET","routeClass":"tap","status":200,"headerElapsedMs":1,"bodyElapsedMs":0,"totalElapsedMs":1,"bytes":6282,"phase":"complete","outcome":"ok"}
[http-timing] {"sequence":34,"method":"GET","routeClass":"timeline","status":200,"headerElapsedMs":1,"bodyElapsedMs":0,"totalElapsedMs":1,"bytes":82,"phase":"complete","outcome":"ok"}
[http-timing] {"sequence":35,"method":"GET","routeClass":"tap","status":200,"headerElapsedMs":1,"bodyElapsedMs":0,"totalElapsedMs":1,"bytes":6413,"phase":"complete","outcome":"ok"}
[http-timing] {"sequence":36,"method":"GET","routeClass":"timeline","status":200,"headerElapsedMs":0,"bodyElapsedMs":0,"totalElapsedMs":0,"bytes":82,"phase":"complete","outcome":"ok"}
[http-timing] {"sequence":37,"method":"GET","routeClass":"tap","status":200,"headerElapsedMs":1,"bodyElapsedMs":0,"totalElapsedMs":1,"bytes":6415,"phase":"complete","outcome":"ok"}
[http-timing] {"sequence":38,"method":"GET","routeClass":"timeline","status":200,"headerElapsedMs":0,"bodyElapsedMs":0,"totalElapsedMs":1,"bytes":82,"phase":"complete","outcome":"ok"}
[http-timing] {"sequence":39,"method":"GET","routeClass":"tap","status":200,"headerElapsedMs":1,"bodyElapsedMs":0,"totalElapsedMs":1,"bytes":6553,"phase":"complete","outcome":"ok"}
[http-timing] {"sequence":40,"method":"GET","routeClass":"timeline","status":200,"headerElapsedMs":0,"bodyElapsedMs":0,"totalElapsedMs":1,"bytes":82,"phase":"complete","outcome":"ok"}
[http-timing] {"sequence":41,"method":"GET","routeClass":"tap","status":200,"headerElapsedMs":1,"bodyElapsedMs":0,"totalElapsedMs":1,"bytes":6684,"phase":"complete","outcome":"ok"}
[http-timing] {"sequence":42,"method":"GET","routeClass":"timeline","status":200,"headerElapsedMs":1,"bodyElapsedMs":0,"totalElapsedMs":1,"bytes":82,"phase":"complete","outcome":"ok"}
[http-timing] {"sequence":43,"method":"GET","routeClass":"tap","status":200,"headerElapsedMs":1,"bodyElapsedMs":0,"totalElapsedMs":1,"bytes":6820,"phase":"complete","outcome":"ok"}
[http-timing] {"sequence":44,"method":"GET","routeClass":"timeline","status":200,"headerElapsedMs":0,"bodyElapsedMs":0,"totalElapsedMs":0,"bytes":82,"phase":"complete","outcome":"ok"}
[http-timing] {"sequence":45,"method":"GET","routeClass":"tap","status":200,"headerElapsedMs":4,"bodyElapsedMs":0,"totalElapsedMs":4,"bytes":6957,"phase":"complete","outcome":"ok"}
[http-timing] {"sequence":46,"method":"GET","routeClass":"timeline","status":200,"headerElapsedMs":1,"bodyElapsedMs":0,"totalElapsedMs":1,"bytes":82,"phase":"complete","outcome":"ok"}
[http-timing] {"sequence":47,"method":"GET","routeClass":"tap","status":200,"headerElapsedMs":1,"bodyElapsedMs":0,"totalElapsedMs":1,"bytes":6958,"phase":"complete","outcome":"ok"}
[http-timing] {"sequence":48,"method":"GET","routeClass":"timeline","status":200,"headerElapsedMs":0,"bodyElapsedMs":0,"totalElapsedMs":0,"bytes":82,"phase":"complete","outcome":"ok"}
[http-timing] {"sequence":49,"method":"GET","routeClass":"tap","status":200,"headerElapsedMs":1,"bodyElapsedMs":0,"totalElapsedMs":1,"bytes":7090,"phase":"complete","outcome":"ok"}
[http-timing] {"sequence":50,"method":"GET","routeClass":"timeline","status":200,"headerElapsedMs":1,"bodyElapsedMs":0,"totalElapsedMs":1,"bytes":82,"phase":"complete","outcome":"ok"}
[http-timing] {"sequence":51,"method":"GET","routeClass":"tap","status":200,"headerElapsedMs":1,"bodyElapsedMs":0,"totalElapsedMs":1,"bytes":7231,"phase":"complete","outcome":"ok"}
[http-timing] {"sequence":52,"method":"GET","routeClass":"timeline","status":200,"headerElapsedMs":0,"bodyElapsedMs":0,"totalElapsedMs":0,"bytes":82,"phase":"complete","outcome":"ok"}
[http-timing] {"sequence":53,"method":"GET","routeClass":"tap","status":200,"headerElapsedMs":1,"bodyElapsedMs":0,"totalElapsedMs":1,"bytes":7361,"phase":"complete","outcome":"ok"}
[http-timing] {"sequence":54,"method":"GET","routeClass":"timeline","status":200,"headerElapsedMs":1,"bodyElapsedMs":0,"totalElapsedMs":1,"bytes":82,"phase":"complete","outcome":"ok"}
[http-timing] {"sequence":55,"method":"GET","routeClass":"tap","status":200,"headerElapsedMs":1,"bodyElapsedMs":0,"totalElapsedMs":1,"bytes":7368,"phase":"complete","outcome":"ok"}
[http-timing] {"sequence":56,"method":"GET","routeClass":"timeline","status":200,"headerElapsedMs":0,"bodyElapsedMs":0,"totalElapsedMs":0,"bytes":82,"phase":"complete","outcome":"ok"}
[http-timing] {"sequence":57,"method":"GET","routeClass":"tap","status":200,"headerElapsedMs":1,"bodyElapsedMs":0,"totalElapsedMs":1,"bytes":7507,"phase":"complete","outcome":"ok"}
[http-timing] {"sequence":58,"method":"GET","routeClass":"timeline","status":200,"headerElapsedMs":1,"bodyElapsedMs":0,"totalElapsedMs":1,"bytes":82,"phase":"complete","outcome":"ok"}
[http-timing] {"sequence":59,"method":"GET","routeClass":"tap","status":200,"headerElapsedMs":1,"bodyElapsedMs":0,"totalElapsedMs":1,"bytes":7638,"phase":"complete","outcome":"ok"}
[http-timing] {"sequence":60,"method":"GET","routeClass":"timeline","status":200,"headerElapsedMs":0,"bodyElapsedMs":0,"totalElapsedMs":0,"bytes":82,"phase":"complete","outcome":"ok"}
[http-timing] {"sequence":61,"method":"GET","routeClass":"tap","status":200,"headerElapsedMs":1,"bodyElapsedMs":0,"totalElapsedMs":1,"bytes":7772,"phase":"complete","outcome":"ok"}
[http-timing] {"sequence":62,"method":"GET","routeClass":"timeline","status":200,"headerElapsedMs":1,"bodyElapsedMs":0,"totalElapsedMs":1,"bytes":82,"phase":"complete","outcome":"ok"}
[http-timing] {"sequence":63,"method":"GET","routeClass":"tap","status":200,"headerElapsedMs":1,"bodyElapsedMs":0,"totalElapsedMs":1,"bytes":7910,"phase":"complete","outcome":"ok"}
[http-timing] {"sequence":64,"method":"GET","routeClass":"timeline","status":200,"headerElapsedMs":0,"bodyElapsedMs":0,"totalElapsedMs":0,"bytes":82,"phase":"complete","outcome":"ok"}
[http-timing] {"sequence":65,"method":"GET","routeClass":"tap","status":200,"headerElapsedMs":5,"bodyElapsedMs":0,"totalElapsedMs":5,"bytes":8042,"phase":"complete","outcome":"ok"}
[http-timing] {"sequence":66,"method":"GET","routeClass":"timeline","status":200,"headerElapsedMs":1,"bodyElapsedMs":0,"totalElapsedMs":1,"bytes":82,"phase":"complete","outcome":"ok"}
[http-timing] {"sequence":67,"method":"GET","routeClass":"tap","status":200,"headerElapsedMs":1,"bodyElapsedMs":0,"totalElapsedMs":1,"bytes":8042,"phase":"complete","outcome":"ok"}
[http-timing] {"sequence":68,"method":"GET","routeClass":"timeline","status":200,"headerElapsedMs":0,"bodyElapsedMs":0,"totalElapsedMs":0,"bytes":82,"phase":"complete","outcome":"ok"}
[http-timing] {"sequence":69,"method":"GET","routeClass":"tap","status":200,"headerElapsedMs":1,"bodyElapsedMs":0,"totalElapsedMs":1,"bytes":8173,"phase":"complete","outcome":"ok"}
[http-timing] {"sequence":70,"method":"GET","routeClass":"timeline","status":200,"headerElapsedMs":1,"bodyElapsedMs":0,"totalElapsedMs":1,"bytes":82,"phase":"complete","outcome":"ok"}
[http-timing] {"sequence":71,"method":"GET","routeClass":"tap","status":200,"headerElapsedMs":1,"bodyElapsedMs":0,"totalElapsedMs":1,"bytes":8300,"phase":"complete","outcome":"ok"}
[http-timing] {"sequence":72,"method":"GET","routeClass":"timeline","status":200,"headerElapsedMs":0,"bodyElapsedMs":0,"totalElapsedMs":0,"bytes":82,"phase":"complete","outcome":"ok"}
[http-timing] {"sequence":73,"method":"GET","routeClass":"tap","status":200,"headerElapsedMs":1,"bodyElapsedMs":0,"totalElapsedMs":1,"bytes":8441,"phase":"complete","outcome":"ok"}
[http-timing] {"sequence":74,"method":"GET","routeClass":"timeline","status":200,"headerElapsedMs":1,"bodyElapsedMs":0,"totalElapsedMs":1,"bytes":82,"phase":"complete","outcome":"ok"}
[http-timing] {"sequence":75,"method":"GET","routeClass":"tap","status":200,"headerElapsedMs":1,"bodyElapsedMs":0,"totalElapsedMs":1,"bytes":8447,"phase":"complete","outcome":"ok"}
[http-timing] {"sequence":76,"method":"GET","routeClass":"timeline","status":200,"headerElapsedMs":0,"bodyElapsedMs":0,"totalElapsedMs":0,"bytes":82,"phase":"complete","outcome":"ok"}
[http-timing] {"sequence":77,"method":"GET","routeClass":"tap","status":200,"headerElapsedMs":1,"bodyElapsedMs":0,"totalElapsedMs":1,"bytes":8581,"phase":"complete","outcome":"ok"}
[http-timing] {"sequence":78,"method":"GET","routeClass":"timeline","status":200,"headerElapsedMs":1,"bodyElapsedMs":0,"totalElapsedMs":1,"bytes":82,"phase":"complete","outcome":"ok"}
[http-timing] {"sequence":79,"method":"GET","routeClass":"tap","status":200,"headerElapsedMs":1,"bodyElapsedMs":0,"totalElapsedMs":1,"bytes":8717,"phase":"complete","outcome":"ok"}
[http-timing] {"sequence":80,"method":"GET","routeClass":"timeline","status":200,"headerElapsedMs":0,"bodyElapsedMs":0,"totalElapsedMs":0,"bytes":82,"phase":"complete","outcome":"ok"}
[http-timing] {"sequence":81,"method":"GET","routeClass":"tap","status":200,"headerElapsedMs":1,"bodyElapsedMs":0,"totalElapsedMs":1,"bytes":8849,"phase":"complete","outcome":"ok"}
[http-timing] {"sequence":82,"method":"GET","routeClass":"timeline","status":200,"headerElapsedMs":0,"bodyElapsedMs":0,"totalElapsedMs":0,"bytes":82,"phase":"complete","outcome":"ok"}
[http-timing] {"sequence":83,"method":"GET","routeClass":"tap","status":200,"headerElapsedMs":1,"bodyElapsedMs":0,"totalElapsedMs":1,"bytes":8985,"phase":"complete","outcome":"ok"}
[http-timing] {"sequence":84,"method":"GET","routeClass":"timeline","status":200,"headerElapsedMs":0,"bodyElapsedMs":0,"totalElapsedMs":0,"bytes":82,"phase":"complete","outcome":"ok"}
[http-timing] {"sequence":85,"method":"GET","routeClass":"tap","status":200,"headerElapsedMs":1,"bodyElapsedMs":0,"totalElapsedMs":1,"bytes":8987,"phase":"complete","outcome":"ok"}
[http-timing] {"sequence":86,"method":"GET","routeClass":"timeline","status":200,"headerElapsedMs":0,"bodyElapsedMs":0,"totalElapsedMs":0,"bytes":82,"phase":"complete","outcome":"ok"}
[http-timing] {"sequence":87,"method":"GET","routeClass":"tap","status":200,"headerElapsedMs":1,"bodyElapsedMs":0,"totalElapsedMs":1,"bytes":9116,"phase":"complete","outcome":"ok"}
[http-timing] {"sequence":88,"method":"GET","routeClass":"timeline","status":200,"headerElapsedMs":0,"bodyElapsedMs":0,"totalElapsedMs":0,"bytes":82,"phase":"complete","outcome":"ok"}
[http-timing] {"sequence":89,"method":"GET","routeClass":"tap","status":200,"headerElapsedMs":1,"bodyElapsedMs":0,"totalElapsedMs":1,"bytes":9249,"phase":"complete","outcome":"ok"}
[http-timing] {"sequence":90,"method":"GET","routeClass":"timeline","status":200,"headerElapsedMs":0,"bodyElapsedMs":0,"totalElapsedMs":0,"bytes":82,"phase":"complete","outcome":"ok"}
[http-timing] {"sequence":91,"method":"GET","routeClass":"tap","status":200,"headerElapsedMs":1,"bodyElapsedMs":0,"totalElapsedMs":1,"bytes":9381,"phase":"complete","outcome":"ok"}
[http-timing] {"sequence":92,"method":"GET","routeClass":"timeline","status":200,"headerElapsedMs":0,"bodyElapsedMs":0,"totalElapsedMs":0,"bytes":82,"phase":"complete","outcome":"ok"}
[http-timing] {"sequence":93,"method":"GET","routeClass":"tap","status":200,"headerElapsedMs":1,"bodyElapsedMs":0,"totalElapsedMs":1,"bytes":9523,"phase":"complete","outcome":"ok"}
[http-timing] {"sequence":94,"method":"GET","routeClass":"timeline","status":200,"headerElapsedMs":0,"bodyElapsedMs":0,"totalElapsedMs":0,"bytes":82,"phase":"complete","outcome":"ok"}
[http-timing] {"sequence":95,"method":"GET","routeClass":"tap","status":200,"headerElapsedMs":1,"bodyElapsedMs":0,"totalElapsedMs":1,"bytes":9525,"phase":"complete","outcome":"ok"}
[http-timing] {"sequence":96,"method":"GET","routeClass":"timeline","status":200,"headerElapsedMs":0,"bodyElapsedMs":0,"totalElapsedMs":0,"bytes":82,"phase":"complete","outcome":"ok"}
[http-timing] {"sequence":97,"method":"GET","routeClass":"tap","status":200,"headerElapsedMs":1,"bodyElapsedMs":0,"totalElapsedMs":1,"bytes":10078,"phase":"complete","outcome":"ok"}
[http-timing] {"sequence":98,"method":"GET","routeClass":"timeline","status":200,"headerElapsedMs":0,"bodyElapsedMs":0,"totalElapsedMs":0,"bytes":82,"phase":"complete","outcome":"ok"}
[http-timing] {"sequence":99,"method":"GET","routeClass":"tap","status":200,"headerElapsedMs":1,"bodyElapsedMs":0,"totalElapsedMs":1,"bytes":10258,"phase":"complete","outcome":"ok"}
[http-timing] {"sequence":100,"method":"GET","routeClass":"timeline","status":200,"headerElapsedMs":0,"bodyElapsedMs":0,"totalElapsedMs":0,"bytes":82,"phase":"complete","outcome":"ok"}
[http-timing] {"sequence":101,"method":"GET","routeClass":"tap","status":200,"headerElapsedMs":1,"bodyElapsedMs":0,"totalElapsedMs":1,"bytes":10440,"phase":"complete","outcome":"ok"}
[http-timing] {"sequence":102,"method":"GET","routeClass":"timeline","status":200,"headerElapsedMs":1,"bodyElapsedMs":0,"totalElapsedMs":1,"bytes":82,"phase":"complete","outcome":"ok"}
[http-timing] {"sequence":103,"method":"GET","routeClass":"tap","status":200,"headerElapsedMs":4,"bodyElapsedMs":0,"totalElapsedMs":4,"bytes":10623,"phase":"complete","outcome":"ok"}
[http-timing] {"sequence":104,"method":"GET","routeClass":"timeline","status":200,"headerElapsedMs":2,"bodyElapsedMs":0,"totalElapsedMs":2,"bytes":82,"phase":"complete","outcome":"ok"}
[http-timing] {"sequence":105,"method":"GET","routeClass":"tap","status":200,"headerElapsedMs":1,"bodyElapsedMs":0,"totalElapsedMs":1,"bytes":10626,"phase":"complete","outcome":"ok"}
[http-timing] {"sequence":106,"method":"GET","routeClass":"timeline","status":200,"headerElapsedMs":1,"bodyElapsedMs":0,"totalElapsedMs":1,"bytes":82,"phase":"complete","outcome":"ok"}
[http-timing] {"sequence":107,"method":"GET","routeClass":"tap","status":200,"headerElapsedMs":1,"bodyElapsedMs":0,"totalElapsedMs":1,"bytes":10690,"phase":"complete","outcome":"ok"}
[http-timing] {"sequence":108,"method":"GET","routeClass":"timeline","status":200,"headerElapsedMs":0,"bodyElapsedMs":0,"totalElapsedMs":0,"bytes":82,"phase":"complete","outcome":"ok"}
[http-timing] {"sequence":109,"method":"GET","routeClass":"tap","status":200,"headerElapsedMs":1,"bodyElapsedMs":0,"totalElapsedMs":1,"bytes":10731,"phase":"complete","outcome":"ok"}
[http-timing] {"sequence":110,"method":"GET","routeClass":"timeline","status":200,"headerElapsedMs":0,"bodyElapsedMs":0,"totalElapsedMs":0,"bytes":82,"phase":"complete","outcome":"ok"}
[http-timing] {"sequence":111,"method":"GET","routeClass":"tap","status":200,"headerElapsedMs":1,"bodyElapsedMs":0,"totalElapsedMs":1,"bytes":10788,"phase":"complete","outcome":"ok"}
[http-timing] {"sequence":112,"method":"GET","routeClass":"timeline","status":200,"headerElapsedMs":0,"bodyElapsedMs":0,"totalElapsedMs":1,"bytes":82,"phase":"complete","outcome":"ok"}
[http-timing] {"sequence":113,"method":"GET","routeClass":"tap","status":200,"headerElapsedMs":1,"bodyElapsedMs":0,"totalElapsedMs":1,"bytes":10840,"phase":"complete","outcome":"ok"}
[http-timing] {"sequence":114,"method":"GET","routeClass":"timeline","status":200,"headerElapsedMs":0,"bodyElapsedMs":0,"totalElapsedMs":0,"bytes":82,"phase":"complete","outcome":"ok"}
[http-timing] {"sequence":115,"method":"GET","routeClass":"tap","status":200,"headerElapsedMs":1,"bodyElapsedMs":0,"totalElapsedMs":1,"bytes":10840,"phase":"complete","outcome":"ok"}
[http-timing] {"sequence":116,"method":"GET","routeClass":"timeline","status":200,"headerElapsedMs":0,"bodyElapsedMs":0,"totalElapsedMs":0,"bytes":82,"phase":"complete","outcome":"ok"}
[http-timing] {"sequence":117,"method":"GET","routeClass":"tap","status":200,"headerElapsedMs":1,"bodyElapsedMs":0,"totalElapsedMs":1,"bytes":10891,"phase":"complete","outcome":"ok"}
[http-timing] {"sequence":118,"method":"GET","routeClass":"timeline","status":200,"headerElapsedMs":0,"bodyElapsedMs":0,"totalElapsedMs":1,"bytes":82,"phase":"complete","outcome":"ok"}
[http-timing] {"sequence":119,"method":"GET","routeClass":"tap","status":200,"headerElapsedMs":1,"bodyElapsedMs":0,"totalElapsedMs":1,"bytes":10940,"phase":"complete","outcome":"ok"}
[http-timing] {"sequence":120,"method":"GET","routeClass":"timeline","status":200,"headerElapsedMs":0,"bodyElapsedMs":0,"totalElapsedMs":0,"bytes":82,"phase":"complete","outcome":"ok"}
[http-timing] {"sequence":121,"method":"GET","routeClass":"tap","status":200,"headerElapsedMs":1,"bodyElapsedMs":0,"totalElapsedMs":1,"bytes":10936,"phase":"complete","outcome":"ok"}
[http-timing] {"sequence":122,"method":"GET","routeClass":"timeline","status":200,"headerElapsedMs":0,"bodyElapsedMs":0,"totalElapsedMs":0,"bytes":82,"phase":"complete","outcome":"ok"}
[http-timing] {"sequence":123,"method":"GET","routeClass":"tap","status":200,"headerElapsedMs":1,"bodyElapsedMs":0,"totalElapsedMs":1,"bytes":10983,"phase":"complete","outcome":"ok"}
[http-timing] {"sequence":124,"method":"GET","routeClass":"timeline","status":200,"headerElapsedMs":0,"bodyElapsedMs":0,"totalElapsedMs":0,"bytes":82,"phase":"complete","outcome":"ok"}
[http-timing] {"sequence":125,"method":"GET","routeClass":"tap","status":200,"headerElapsedMs":1,"bodyElapsedMs":0,"totalElapsedMs":1,"bytes":11019,"phase":"complete","outcome":"ok"}
[http-timing] {"sequence":126,"method":"GET","routeClass":"timeline","status":200,"headerElapsedMs":0,"bodyElapsedMs":0,"totalElapsedMs":0,"bytes":82,"phase":"complete","outcome":"ok"}
[http-timing] {"sequence":127,"method":"GET","routeClass":"tap","status":200,"headerElapsedMs":1,"bodyElapsedMs":0,"totalElapsedMs":1,"bytes":11061,"phase":"complete","outcome":"ok"}
[http-timing] {"sequence":128,"method":"GET","routeClass":"timeline","status":200,"headerElapsedMs":0,"bodyElapsedMs":0,"totalElapsedMs":0,"bytes":82,"phase":"complete","outcome":"ok"}
[http-timing] {"sequence":129,"method":"GET","routeClass":"tap","status":200,"headerElapsedMs":1,"bodyElapsedMs":0,"totalElapsedMs":1,"bytes":11110,"phase":"complete","outcome":"ok"}
[http-timing] {"sequence":130,"method":"GET","routeClass":"timeline","status":200,"headerElapsedMs":0,"bodyElapsedMs":0,"totalElapsedMs":0,"bytes":82,"phase":"complete","outcome":"ok"}
[http-timing] {"sequence":131,"method":"GET","routeClass":"tap","status":200,"headerElapsedMs":1,"bodyElapsedMs":0,"totalElapsedMs":1,"bytes":11112,"phase":"complete","outcome":"ok"}
[http-timing] {"sequence":132,"method":"GET","routeClass":"timeline","status":200,"headerElapsedMs":0,"bodyElapsedMs":0,"totalElapsedMs":0,"bytes":82,"phase":"complete","outcome":"ok"}
[http-timing] {"sequence":133,"method":"GET","routeClass":"tap","status":200,"headerElapsedMs":1,"bodyElapsedMs":0,"totalElapsedMs":1,"bytes":11165,"phase":"complete","outcome":"ok"}
[http-timing] {"sequence":134,"method":"GET","routeClass":"timeline","status":200,"headerElapsedMs":0,"bodyElapsedMs":0,"totalElapsedMs":0,"bytes":82,"phase":"complete","outcome":"ok"}
[http-timing] {"sequence":135,"method":"GET","routeClass":"tap","status":200,"headerElapsedMs":1,"bodyElapsedMs":0,"totalElapsedMs":1,"bytes":11204,"phase":"complete","outcome":"ok"}
[http-timing] {"sequence":136,"method":"GET","routeClass":"timeline","status":200,"headerElapsedMs":0,"bodyElapsedMs":0,"totalElapsedMs":0,"bytes":82,"phase":"complete","outcome":"ok"}
[http-timing] {"sequence":137,"method":"GET","routeClass":"tap","status":200,"headerElapsedMs":1,"bodyElapsedMs":0,"totalElapsedMs":1,"bytes":11252,"phase":"complete","outcome":"ok"}
[http-timing] {"sequence":138,"method":"GET","routeClass":"timeline","status":200,"headerElapsedMs":0,"bodyElapsedMs":0,"totalElapsedMs":0,"bytes":82,"phase":"complete","outcome":"ok"}
[http-timing] {"sequence":139,"method":"GET","routeClass":"tap","status":200,"headerElapsedMs":1,"bodyElapsedMs":0,"totalElapsedMs":1,"bytes":11297,"phase":"complete","outcome":"ok"}
[http-timing] {"sequence":140,"method":"GET","routeClass":"timeline","status":200,"headerElapsedMs":0,"bodyElapsedMs":0,"totalElapsedMs":0,"bytes":82,"phase":"complete","outcome":"ok"}
[http-timing] {"sequence":141,"method":"GET","routeClass":"tap","status":200,"headerElapsedMs":1,"bodyElapsedMs":0,"totalElapsedMs":1,"bytes":11296,"phase":"complete","outcome":"ok"}
[http-timing] {"sequence":142,"method":"GET","routeClass":"timeline","status":200,"headerElapsedMs":0,"bodyElapsedMs":0,"totalElapsedMs":0,"bytes":82,"phase":"complete","outcome":"ok"}
[http-timing] {"sequence":143,"method":"GET","routeClass":"tap","status":200,"headerElapsedMs":1,"bodyElapsedMs":0,"totalElapsedMs":1,"bytes":11338,"phase":"complete","outcome":"ok"}
[http-timing] {"sequence":144,"method":"GET","routeClass":"timeline","status":200,"headerElapsedMs":0,"bodyElapsedMs":0,"totalElapsedMs":0,"bytes":82,"phase":"complete","outcome":"ok"}
[http-timing] {"sequence":145,"method":"GET","routeClass":"tap","status":200,"headerElapsedMs":1,"bodyElapsedMs":0,"totalElapsedMs":1,"bytes":11386,"phase":"complete","outcome":"ok"}
[http-timing] {"sequence":146,"method":"GET","routeClass":"timeline","status":200,"headerElapsedMs":0,"bodyElapsedMs":0,"totalElapsedMs":0,"bytes":82,"phase":"complete","outcome":"ok"}
[http-timing] {"sequence":147,"method":"GET","routeClass":"tap","status":200,"headerElapsedMs":1,"bodyElapsedMs":0,"totalElapsedMs":1,"bytes":11426,"phase":"complete","outcome":"ok"}
[http-timing] {"sequence":148,"method":"GET","routeClass":"timeline","status":200,"headerElapsedMs":0,"bodyElapsedMs":0,"totalElapsedMs":0,"bytes":82,"phase":"complete","outcome":"ok"}
[http-timing] {"sequence":149,"method":"GET","routeClass":"tap","status":200,"headerElapsedMs":1,"bodyElapsedMs":0,"totalElapsedMs":1,"bytes":11477,"phase":"complete","outcome":"ok"}
[http-timing] {"sequence":150,"method":"GET","routeClass":"timeline","status":200,"headerElapsedMs":0,"bodyElapsedMs":0,"totalElapsedMs":0,"bytes":82,"phase":"complete","outcome":"ok"}
[http-timing] {"sequence":151,"method":"GET","routeClass":"tap","status":200,"headerElapsedMs":1,"bodyElapsedMs":0,"totalElapsedMs":1,"bytes":11474,"phase":"complete","outcome":"ok"}
[http-timing] {"sequence":152,"method":"GET","routeClass":"timeline","status":200,"headerElapsedMs":0,"bodyElapsedMs":0,"totalElapsedMs":0,"bytes":82,"phase":"complete","outcome":"ok"}
[http-timing] {"sequence":153,"method":"GET","routeClass":"tap","status":200,"headerElapsedMs":1,"bodyElapsedMs":0,"totalElapsedMs":1,"bytes":11516,"phase":"complete","outcome":"ok"}
[http-timing] {"sequence":154,"method":"GET","routeClass":"timeline","status":200,"headerElapsedMs":0,"bodyElapsedMs":0,"totalElapsedMs":0,"bytes":82,"phase":"complete","outcome":"ok"}
[http-timing] {"sequence":155,"method":"GET","routeClass":"tap","status":200,"headerElapsedMs":1,"bodyElapsedMs":0,"totalElapsedMs":1,"bytes":11561,"phase":"complete","outcome":"ok"}
[http-timing] {"sequence":156,"method":"GET","routeClass":"timeline","status":200,"headerElapsedMs":0,"bodyElapsedMs":0,"totalElapsedMs":0,"bytes":82,"phase":"complete","outcome":"ok"}
[http-timing] {"sequence":157,"method":"GET","routeClass":"tap","status":200,"headerElapsedMs":1,"bodyElapsedMs":0,"totalElapsedMs":1,"bytes":11607,"phase":"complete","outcome":"ok"}
[http-timing] {"sequence":158,"method":"GET","routeClass":"timeline","status":200,"headerElapsedMs":0,"bodyElapsedMs":0,"totalElapsedMs":0,"bytes":82,"phase":"complete","outcome":"ok"}
[http-timing] {"sequence":159,"method":"GET","routeClass":"tap","status":200,"headerElapsedMs":1,"bodyElapsedMs":0,"totalElapsedMs":1,"bytes":11607,"phase":"complete","outcome":"ok"}
[http-timing] {"sequence":160,"method":"GET","routeClass":"timeline","status":200,"headerElapsedMs":0,"bodyElapsedMs":0,"totalElapsedMs":0,"bytes":82,"phase":"complete","outcome":"ok"}
[http-timing] {"sequence":161,"method":"GET","routeClass":"tap","status":200,"headerElapsedMs":1,"bodyElapsedMs":0,"totalElapsedMs":1,"bytes":11649,"phase":"complete","outcome":"ok"}
[http-timing] {"sequence":162,"method":"GET","routeClass":"timeline","status":200,"headerElapsedMs":0,"bodyElapsedMs":0,"totalElapsedMs":0,"bytes":82,"phase":"complete","outcome":"ok"}
[http-timing] {"sequence":163,"method":"GET","routeClass":"tap","status":200,"headerElapsedMs":1,"bodyElapsedMs":0,"totalElapsedMs":1,"bytes":11701,"phase":"complete","outcome":"ok"}
[http-timing] {"sequence":164,"method":"GET","routeClass":"timeline","status":200,"headerElapsedMs":0,"bodyElapsedMs":0,"totalElapsedMs":0,"bytes":82,"phase":"complete","outcome":"ok"}
[http-timing] {"sequence":165,"method":"GET","routeClass":"tap","status":200,"headerElapsedMs":1,"bodyElapsedMs":0,"totalElapsedMs":1,"bytes":11744,"phase":"complete","outcome":"ok"}
[http-timing] {"sequence":166,"method":"GET","routeClass":"timeline","status":200,"headerElapsedMs":0,"bodyElapsedMs":0,"totalElapsedMs":0,"bytes":82,"phase":"complete","outcome":"ok"}
[http-timing] {"sequence":167,"method":"GET","routeClass":"tap","status":200,"headerElapsedMs":1,"bodyElapsedMs":0,"totalElapsedMs":1,"bytes":11783,"phase":"complete","outcome":"ok"}
[http-timing] {"sequence":168,"method":"GET","routeClass":"timeline","status":200,"headerElapsedMs":0,"bodyElapsedMs":0,"totalElapsedMs":0,"bytes":82,"phase":"complete","outcome":"ok"}
[http-timing] {"sequence":169,"method":"GET","routeClass":"tap","status":200,"headerElapsedMs":1,"bodyElapsedMs":0,"totalElapsedMs":1,"bytes":11785,"phase":"complete","outcome":"ok"}
[http-timing] {"sequence":170,"method":"GET","routeClass":"timeline","status":200,"headerElapsedMs":0,"bodyElapsedMs":0,"totalElapsedMs":1,"bytes":82,"phase":"complete","outcome":"ok"}
[http-timing] {"sequence":171,"method":"GET","routeClass":"tap","status":200,"headerElapsedMs":1,"bodyElapsedMs":0,"totalElapsedMs":1,"bytes":11830,"phase":"complete","outcome":"ok"}
[http-timing] {"sequence":172,"method":"GET","routeClass":"timeline","status":200,"headerElapsedMs":0,"bodyElapsedMs":0,"totalElapsedMs":0,"bytes":82,"phase":"complete","outcome":"ok"}
[http-timing] {"sequence":173,"method":"GET","routeClass":"tap","status":200,"headerElapsedMs":1,"bodyElapsedMs":0,"totalElapsedMs":1,"bytes":11875,"phase":"complete","outcome":"ok"}
[http-timing] {"sequence":174,"method":"GET","routeClass":"timeline","status":200,"headerElapsedMs":0,"bodyElapsedMs":0,"totalElapsedMs":0,"bytes":82,"phase":"complete","outcome":"ok"}
[http-timing] {"sequence":175,"method":"GET","routeClass":"tap","status":200,"headerElapsedMs":1,"bodyElapsedMs":0,"totalElapsedMs":1,"bytes":11926,"phase":"complete","outcome":"ok"}
[http-timing] {"sequence":176,"method":"GET","routeClass":"timeline","status":200,"headerElapsedMs":0,"bodyElapsedMs":0,"totalElapsedMs":0,"bytes":82,"phase":"complete","outcome":"ok"}
[http-timing] {"sequence":177,"method":"GET","routeClass":"tap","status":200,"headerElapsedMs":1,"bodyElapsedMs":0,"totalElapsedMs":1,"bytes":11921,"phase":"complete","outcome":"ok"}
[http-timing] {"sequence":178,"method":"GET","routeClass":"timeline","status":200,"headerElapsedMs":0,"bodyElapsedMs":0,"totalElapsedMs":0,"bytes":82,"phase":"complete","outcome":"ok"}
[http-timing] {"sequence":179,"method":"GET","routeClass":"tap","status":200,"headerElapsedMs":1,"bodyElapsedMs":0,"totalElapsedMs":1,"bytes":11921,"phase":"complete","outcome":"ok"}
[http-timing] {"sequence":180,"method":"GET","routeClass":"timeline","status":200,"headerElapsedMs":0,"bodyElapsedMs":0,"totalElapsedMs":0,"bytes":82,"phase":"complete","outcome":"ok"}
[http-timing] {"sequence":181,"method":"GET","routeClass":"tap","status":200,"headerElapsedMs":1,"bodyElapsedMs":0,"totalElapsedMs":1,"bytes":11923,"phase":"complete","outcome":"ok"}
[http-timing] {"sequence":182,"method":"GET","routeClass":"timeline","status":200,"headerElapsedMs":13,"bodyElapsedMs":0,"totalElapsedMs":13,"bytes":82406,"phase":"complete","outcome":"ok"}
[http-timing] {"sequence":183,"method":"GET","routeClass":"timeline","status":200,"headerElapsedMs":13,"bodyElapsedMs":0,"totalElapsedMs":14,"bytes":69385,"phase":"complete","outcome":"ok"}
[http-timing] {"sequence":184,"method":"GET","routeClass":"tap","status":200,"headerElapsedMs":1,"bodyElapsedMs":0,"totalElapsedMs":1,"bytes":11922,"phase":"complete","outcome":"ok"}
[http-timing] {"sequence":185,"method":"GET","routeClass":"timeline","status":200,"headerElapsedMs":12,"bodyElapsedMs":0,"totalElapsedMs":13,"bytes":82406,"phase":"complete","outcome":"ok"}
[http-timing] {"sequence":186,"method":"GET","routeClass":"timeline","status":200,"headerElapsedMs":14,"bodyElapsedMs":0,"totalElapsedMs":14,"bytes":69385,"phase":"complete","outcome":"ok"}
[http-timing] {"sequence":187,"method":"GET","routeClass":"tap","status":200,"headerElapsedMs":1,"bodyElapsedMs":0,"totalElapsedMs":1,"bytes":11924,"phase":"complete","outcome":"ok"}
[http-timing] {"sequence":188,"method":"GET","routeClass":"timeline","status":200,"headerElapsedMs":12,"bodyElapsedMs":0,"totalElapsedMs":13,"bytes":82406,"phase":"complete","outcome":"ok"}
[http-timing] {"sequence":189,"method":"GET","routeClass":"timeline","status":200,"headerElapsedMs":13,"bodyElapsedMs":0,"totalElapsedMs":13,"bytes":69385,"phase":"complete","outcome":"ok"}
[http-timing] {"sequence":190,"method":"GET","routeClass":"tap","status":200,"headerElapsedMs":1,"bodyElapsedMs":0,"totalElapsedMs":1,"bytes":11917,"phase":"complete","outcome":"ok"}
[http-timing] {"sequence":191,"method":"GET","routeClass":"timeline","status":200,"headerElapsedMs":12,"bodyElapsedMs":0,"totalElapsedMs":12,"bytes":82406,"phase":"complete","outcome":"ok"}
[http-timing] {"sequence":192,"method":"GET","routeClass":"timeline","status":200,"headerElapsedMs":13,"bodyElapsedMs":0,"totalElapsedMs":13,"bytes":69385,"phase":"complete","outcome":"ok"}
[trigger-timing] {"run":1,"sourceEndPts":"8333333333","tapPts":"8633333333","delta":"300000000"}
[http-timing] {"sequence":193,"method":"PUT","routeClass":"rule","status":200,"headerElapsedMs":2,"bodyElapsedMs":0,"totalElapsedMs":2,"bytes":520,"phase":"complete","outcome":"ok"}
[http-timing] {"sequence":194,"method":"GET","routeClass":"tap-events","status":200,"headerElapsedMs":7,"bodyElapsedMs":0,"totalElapsedMs":7,"bytes":9853,"phase":"complete","outcome":"ok"}
[dispatch-timing] {"run":1,"pts":"8633333333"}
[pass] S11-CI07 run1 actual tuple EventRecord reference
[http-timing] {"sequence":195,"method":"PUT","routeClass":"rule","status":200,"headerElapsedMs":1,"bodyElapsedMs":0,"totalElapsedMs":1,"bytes":521,"phase":"complete","outcome":"ok"}
[http-timing] {"sequence":196,"method":"GET","routeClass":"timeline","status":200,"headerElapsedMs":12,"bodyElapsedMs":0,"totalElapsedMs":12,"bytes":82342,"phase":"complete","outcome":"ok"}
[http-timing] {"sequence":197,"method":"GET","routeClass":"timeline","status":200,"headerElapsedMs":13,"bodyElapsedMs":0,"totalElapsedMs":13,"bytes":72681,"phase":"complete","outcome":"ok"}
[timeline-state] {"reason":"ok","rowCount":1,"jobCount":0,"outputCount":0,"referenceMatches":true,"truncated":false,"rows":[{"jobState":"not-created","completeness":"unknown","catalogState":"absent","playable":false,"request":{"timeBasis":"media-pts-ms","startTimeMs":"8633","endTimeMs":"8633","preMs":"750","postMs":"750"}}]}
[http-timing] {"sequence":198,"method":"GET","routeClass":"timeline","status":200,"headerElapsedMs":12,"bodyElapsedMs":0,"totalElapsedMs":12,"bytes":82342,"phase":"complete","outcome":"ok"}
[http-timing] {"sequence":199,"method":"GET","routeClass":"timeline","status":200,"headerElapsedMs":13,"bodyElapsedMs":0,"totalElapsedMs":13,"bytes":72681,"phase":"complete","outcome":"ok"}
[http-timing] {"sequence":200,"method":"GET","routeClass":"timeline","status":200,"headerElapsedMs":12,"bodyElapsedMs":0,"totalElapsedMs":12,"bytes":82342,"phase":"complete","outcome":"ok"}
[http-timing] {"sequence":201,"method":"GET","routeClass":"timeline","status":200,"headerElapsedMs":13,"bodyElapsedMs":0,"totalElapsedMs":13,"bytes":72681,"phase":"complete","outcome":"ok"}
[http-timing] {"sequence":202,"method":"GET","routeClass":"timeline","status":200,"headerElapsedMs":12,"bodyElapsedMs":0,"totalElapsedMs":13,"bytes":82342,"phase":"complete","outcome":"ok"}
[http-timing] {"sequence":203,"method":"GET","routeClass":"timeline","status":200,"headerElapsedMs":13,"bodyElapsedMs":0,"totalElapsedMs":13,"bytes":72681,"phase":"complete","outcome":"ok"}
[http-timing] {"sequence":204,"method":"GET","routeClass":"timeline","status":200,"headerElapsedMs":12,"bodyElapsedMs":0,"totalElapsedMs":13,"bytes":82342,"phase":"complete","outcome":"ok"}
[http-timing] {"sequence":205,"method":"GET","routeClass":"timeline","status":200,"headerElapsedMs":13,"bodyElapsedMs":0,"totalElapsedMs":13,"bytes":72681,"phase":"complete","outcome":"ok"}
[http-timing] {"sequence":206,"method":"GET","routeClass":"timeline","status":200,"headerElapsedMs":13,"bodyElapsedMs":0,"totalElapsedMs":13,"bytes":82342,"phase":"complete","outcome":"ok"}
[http-timing] {"sequence":207,"method":"GET","routeClass":"timeline","status":200,"headerElapsedMs":13,"bodyElapsedMs":0,"totalElapsedMs":13,"bytes":72681,"phase":"complete","outcome":"ok"}
[http-timing] {"sequence":208,"method":"GET","routeClass":"timeline","status":200,"headerElapsedMs":12,"bodyElapsedMs":0,"totalElapsedMs":12,"bytes":82342,"phase":"complete","outcome":"ok"}
[http-timing] {"sequence":209,"method":"GET","routeClass":"timeline","status":200,"headerElapsedMs":16,"bodyElapsedMs":0,"totalElapsedMs":16,"bytes":72681,"phase":"complete","outcome":"ok"}
[http-timing] {"sequence":210,"method":"GET","routeClass":"timeline","status":200,"headerElapsedMs":12,"bodyElapsedMs":0,"totalElapsedMs":13,"bytes":82342,"phase":"complete","outcome":"ok"}
[http-timing] {"sequence":211,"method":"GET","routeClass":"timeline","status":200,"headerElapsedMs":13,"bodyElapsedMs":0,"totalElapsedMs":13,"bytes":72681,"phase":"complete","outcome":"ok"}
[http-timing] {"sequence":212,"method":"GET","routeClass":"timeline","status":200,"headerElapsedMs":12,"bodyElapsedMs":0,"totalElapsedMs":13,"bytes":82342,"phase":"complete","outcome":"ok"}
[http-timing] {"sequence":213,"method":"GET","routeClass":"timeline","status":200,"headerElapsedMs":13,"bodyElapsedMs":0,"totalElapsedMs":13,"bytes":72681,"phase":"complete","outcome":"ok"}
[http-timing] {"sequence":214,"method":"GET","routeClass":"timeline","status":200,"headerElapsedMs":12,"bodyElapsedMs":0,"totalElapsedMs":13,"bytes":82342,"phase":"complete","outcome":"ok"}
[http-timing] {"sequence":215,"method":"GET","routeClass":"timeline","status":200,"headerElapsedMs":13,"bodyElapsedMs":0,"totalElapsedMs":13,"bytes":72681,"phase":"complete","outcome":"ok"}
[http-timing] {"sequence":216,"method":"GET","routeClass":"timeline","status":200,"headerElapsedMs":13,"bodyElapsedMs":0,"totalElapsedMs":13,"bytes":82342,"phase":"complete","outcome":"ok"}
[http-timing] {"sequence":217,"method":"GET","routeClass":"timeline","status":200,"headerElapsedMs":13,"bodyElapsedMs":0,"totalElapsedMs":13,"bytes":72681,"phase":"complete","outcome":"ok"}
[http-timing] {"sequence":218,"method":"GET","routeClass":"timeline","status":200,"headerElapsedMs":12,"bodyElapsedMs":0,"totalElapsedMs":13,"bytes":82342,"phase":"complete","outcome":"ok"}
[http-timing] {"sequence":219,"method":"GET","routeClass":"timeline","status":200,"headerElapsedMs":13,"bodyElapsedMs":0,"totalElapsedMs":13,"bytes":72681,"phase":"complete","outcome":"ok"}
[http-timing] {"sequence":220,"method":"GET","routeClass":"timeline","status":200,"headerElapsedMs":12,"bodyElapsedMs":0,"totalElapsedMs":13,"bytes":82342,"phase":"complete","outcome":"ok"}
[http-timing] {"sequence":221,"method":"GET","routeClass":"timeline","status":200,"headerElapsedMs":13,"bodyElapsedMs":0,"totalElapsedMs":13,"bytes":72681,"phase":"complete","outcome":"ok"}
[http-timing] {"sequence":222,"method":"GET","routeClass":"timeline","status":200,"headerElapsedMs":13,"bodyElapsedMs":0,"totalElapsedMs":13,"bytes":82342,"phase":"complete","outcome":"ok"}
[http-timing] {"sequence":223,"method":"GET","routeClass":"timeline","status":200,"headerElapsedMs":13,"bodyElapsedMs":0,"totalElapsedMs":13,"bytes":72681,"phase":"complete","outcome":"ok"}
[http-timing] {"sequence":224,"method":"GET","routeClass":"timeline","status":200,"headerElapsedMs":13,"bodyElapsedMs":0,"totalElapsedMs":13,"bytes":82342,"phase":"complete","outcome":"ok"}
[http-timing] {"sequence":225,"method":"GET","routeClass":"timeline","status":200,"headerElapsedMs":14,"bodyElapsedMs":0,"totalElapsedMs":14,"bytes":72681,"phase":"complete","outcome":"ok"}
[http-timing] {"sequence":226,"method":"GET","routeClass":"timeline","status":200,"headerElapsedMs":29,"bodyElapsedMs":0,"totalElapsedMs":30,"bytes":82342,"phase":"complete","outcome":"ok"}
[http-timing] {"sequence":227,"method":"GET","routeClass":"timeline","status":200,"headerElapsedMs":19,"bodyElapsedMs":0,"totalElapsedMs":19,"bytes":72681,"phase":"complete","outcome":"ok"}
[http-timing] {"sequence":228,"method":"GET","routeClass":"timeline","status":200,"headerElapsedMs":14,"bodyElapsedMs":0,"totalElapsedMs":14,"bytes":82342,"phase":"complete","outcome":"ok"}
[http-timing] {"sequence":229,"method":"GET","routeClass":"timeline","status":200,"headerElapsedMs":13,"bodyElapsedMs":0,"totalElapsedMs":13,"bytes":72681,"phase":"complete","outcome":"ok"}
[http-timing] {"sequence":230,"method":"GET","routeClass":"timeline","status":200,"headerElapsedMs":12,"bodyElapsedMs":0,"totalElapsedMs":12,"bytes":82342,"phase":"complete","outcome":"ok"}
[http-timing] {"sequence":231,"method":"GET","routeClass":"timeline","status":200,"headerElapsedMs":13,"bodyElapsedMs":0,"totalElapsedMs":13,"bytes":72681,"phase":"complete","outcome":"ok"}
[http-timing] {"sequence":232,"method":"GET","routeClass":"timeline","status":200,"headerElapsedMs":12,"bodyElapsedMs":0,"totalElapsedMs":12,"bytes":82342,"phase":"complete","outcome":"ok"}
[http-timing] {"sequence":233,"method":"GET","routeClass":"timeline","status":200,"headerElapsedMs":13,"bodyElapsedMs":0,"totalElapsedMs":13,"bytes":72681,"phase":"complete","outcome":"ok"}
[http-timing] {"sequence":234,"method":"GET","routeClass":"timeline","status":200,"headerElapsedMs":12,"bodyElapsedMs":0,"totalElapsedMs":13,"bytes":82342,"phase":"complete","outcome":"ok"}
[http-timing] {"sequence":235,"method":"GET","routeClass":"timeline","status":200,"headerElapsedMs":14,"bodyElapsedMs":0,"totalElapsedMs":14,"bytes":72681,"phase":"complete","outcome":"ok"}
[http-timing] {"sequence":236,"method":"GET","routeClass":"timeline","status":200,"headerElapsedMs":12,"bodyElapsedMs":0,"totalElapsedMs":12,"bytes":82342,"phase":"complete","outcome":"ok"}
[http-timing] {"sequence":237,"method":"GET","routeClass":"timeline","status":200,"headerElapsedMs":13,"bodyElapsedMs":0,"totalElapsedMs":13,"bytes":72681,"phase":"complete","outcome":"ok"}
[http-timing] {"sequence":238,"method":"GET","routeClass":"timeline","status":200,"headerElapsedMs":12,"bodyElapsedMs":0,"totalElapsedMs":13,"bytes":82342,"phase":"complete","outcome":"ok"}
[http-timing] {"sequence":239,"method":"GET","routeClass":"timeline","status":200,"headerElapsedMs":13,"bodyElapsedMs":0,"totalElapsedMs":13,"bytes":72681,"phase":"complete","outcome":"ok"}
[http-timing] {"sequence":240,"method":"GET","routeClass":"timeline","status":200,"headerElapsedMs":13,"bodyElapsedMs":0,"totalElapsedMs":13,"bytes":82342,"phase":"complete","outcome":"ok"}
[http-timing] {"sequence":241,"method":"GET","routeClass":"timeline","status":200,"headerElapsedMs":14,"bodyElapsedMs":0,"totalElapsedMs":14,"bytes":72681,"phase":"complete","outcome":"ok"}
[http-timing] {"sequence":242,"method":"GET","routeClass":"timeline","status":200,"headerElapsedMs":13,"bodyElapsedMs":0,"totalElapsedMs":13,"bytes":82342,"phase":"complete","outcome":"ok"}
[http-timing] {"sequence":243,"method":"GET","routeClass":"timeline","status":200,"headerElapsedMs":13,"bodyElapsedMs":0,"totalElapsedMs":13,"bytes":72681,"phase":"complete","outcome":"ok"}
[http-timing] {"sequence":244,"method":"GET","routeClass":"timeline","status":200,"headerElapsedMs":12,"bodyElapsedMs":0,"totalElapsedMs":13,"bytes":82342,"phase":"complete","outcome":"ok"}
[http-timing] {"sequence":245,"method":"GET","routeClass":"timeline","status":200,"headerElapsedMs":13,"bodyElapsedMs":0,"totalElapsedMs":13,"bytes":72681,"phase":"complete","outcome":"ok"}
[http-timing] {"sequence":246,"method":"GET","routeClass":"timeline","status":200,"headerElapsedMs":12,"bodyElapsedMs":0,"totalElapsedMs":13,"bytes":82342,"phase":"complete","outcome":"ok"}
[http-timing] {"sequence":247,"method":"GET","routeClass":"timeline","status":200,"headerElapsedMs":13,"bodyElapsedMs":0,"totalElapsedMs":13,"bytes":72681,"phase":"complete","outcome":"ok"}
[http-timing] {"sequence":248,"method":"GET","routeClass":"timeline","status":200,"headerElapsedMs":13,"bodyElapsedMs":0,"totalElapsedMs":13,"bytes":82342,"phase":"complete","outcome":"ok"}
[http-timing] {"sequence":249,"method":"GET","routeClass":"timeline","status":200,"headerElapsedMs":13,"bodyElapsedMs":0,"totalElapsedMs":14,"bytes":72681,"phase":"complete","outcome":"ok"}
[http-timing] {"sequence":250,"method":"GET","routeClass":"timeline","status":200,"headerElapsedMs":13,"bodyElapsedMs":0,"totalElapsedMs":13,"bytes":82342,"phase":"complete","outcome":"ok"}
[http-timing] {"sequence":251,"method":"GET","routeClass":"timeline","status":200,"headerElapsedMs":14,"bodyElapsedMs":0,"totalElapsedMs":14,"bytes":72681,"phase":"complete","outcome":"ok"}
[http-timing] {"sequence":252,"method":"GET","routeClass":"timeline","status":200,"headerElapsedMs":13,"bodyElapsedMs":0,"totalElapsedMs":13,"bytes":82342,"phase":"complete","outcome":"ok"}
[http-timing] {"sequence":253,"method":"GET","routeClass":"timeline","status":200,"headerElapsedMs":13,"bodyElapsedMs":0,"totalElapsedMs":13,"bytes":72681,"phase":"complete","outcome":"ok"}
[http-timing] {"sequence":254,"method":"GET","routeClass":"timeline","status":200,"headerElapsedMs":152,"bodyElapsedMs":0,"totalElapsedMs":152,"bytes":82383,"phase":"complete","outcome":"ok"}
[http-timing] {"sequence":255,"method":"GET","routeClass":"timeline","status":200,"headerElapsedMs":388,"bodyElapsedMs":0,"totalElapsedMs":388,"bytes":72681,"phase":"complete","outcome":"ok"}
[timeline-state] {"reason":"ok","rowCount":1,"jobCount":1,"outputCount":0,"referenceMatches":true,"truncated":false,"rows":[{"jobState":"intent","completeness":"unknown","catalogState":"absent","playable":false,"request":{"timeBasis":"media-pts-ms","startTimeMs":"8633","endTimeMs":"8633","preMs":"750","postMs":"750"}}]}
[http-timing] {"sequence":256,"method":"GET","routeClass":"timeline","status":200,"headerElapsedMs":13,"bodyElapsedMs":0,"totalElapsedMs":14,"bytes":82383,"phase":"complete","outcome":"ok"}
[http-timing] {"sequence":257,"method":"GET","routeClass":"timeline","status":200,"headerElapsedMs":14,"bodyElapsedMs":0,"totalElapsedMs":14,"bytes":72681,"phase":"complete","outcome":"ok"}
[http-timing] {"sequence":258,"method":"GET","routeClass":"timeline","status":200,"headerElapsedMs":13,"bodyElapsedMs":0,"totalElapsedMs":14,"bytes":82383,"phase":"complete","outcome":"ok"}
[http-timing] {"sequence":259,"method":"GET","routeClass":"timeline","status":200,"headerElapsedMs":14,"bodyElapsedMs":0,"totalElapsedMs":14,"bytes":72681,"phase":"complete","outcome":"ok"}
[http-timing] {"sequence":260,"method":"GET","routeClass":"timeline","status":200,"headerElapsedMs":13,"bodyElapsedMs":0,"totalElapsedMs":13,"bytes":82383,"phase":"complete","outcome":"ok"}
[http-timing] {"sequence":261,"method":"GET","routeClass":"timeline","status":200,"headerElapsedMs":14,"bodyElapsedMs":0,"totalElapsedMs":14,"bytes":72681,"phase":"complete","outcome":"ok"}
[http-timing] {"sequence":262,"method":"GET","routeClass":"timeline","status":200,"headerElapsedMs":13,"bodyElapsedMs":0,"totalElapsedMs":13,"bytes":82383,"phase":"complete","outcome":"ok"}
[http-timing] {"sequence":263,"method":"GET","routeClass":"timeline","status":200,"headerElapsedMs":13,"bodyElapsedMs":0,"totalElapsedMs":14,"bytes":72681,"phase":"complete","outcome":"ok"}
[http-timing] {"sequence":264,"method":"GET","routeClass":"timeline","status":200,"headerElapsedMs":12,"bodyElapsedMs":0,"totalElapsedMs":13,"bytes":82383,"phase":"complete","outcome":"ok"}
[http-timing] {"sequence":265,"method":"GET","routeClass":"timeline","status":200,"headerElapsedMs":13,"bodyElapsedMs":0,"totalElapsedMs":14,"bytes":72681,"phase":"complete","outcome":"ok"}
[http-timing] {"sequence":266,"method":"GET","routeClass":"timeline","status":200,"headerElapsedMs":12,"bodyElapsedMs":0,"totalElapsedMs":12,"bytes":82383,"phase":"complete","outcome":"ok"}
[http-timing] {"sequence":267,"method":"GET","routeClass":"timeline","status":200,"headerElapsedMs":13,"bodyElapsedMs":0,"totalElapsedMs":14,"bytes":72681,"phase":"complete","outcome":"ok"}
[http-timing] {"sequence":268,"method":"GET","routeClass":"timeline","status":200,"headerElapsedMs":13,"bodyElapsedMs":0,"totalElapsedMs":13,"bytes":82383,"phase":"complete","outcome":"ok"}
[http-timing] {"sequence":269,"method":"GET","routeClass":"timeline","status":200,"headerElapsedMs":14,"bodyElapsedMs":0,"totalElapsedMs":14,"bytes":72681,"phase":"complete","outcome":"ok"}
[http-timing] {"sequence":270,"method":"GET","routeClass":"timeline","status":200,"headerElapsedMs":13,"bodyElapsedMs":0,"totalElapsedMs":13,"bytes":82383,"phase":"complete","outcome":"ok"}
[http-timing] {"sequence":271,"method":"GET","routeClass":"timeline","status":200,"headerElapsedMs":13,"bodyElapsedMs":0,"totalElapsedMs":13,"bytes":72681,"phase":"complete","outcome":"ok"}
[http-timing] {"sequence":272,"method":"GET","routeClass":"timeline","status":200,"headerElapsedMs":13,"bodyElapsedMs":0,"totalElapsedMs":13,"bytes":82383,"phase":"complete","outcome":"ok"}
[http-timing] {"sequence":273,"method":"GET","routeClass":"timeline","status":200,"headerElapsedMs":14,"bodyElapsedMs":0,"totalElapsedMs":14,"bytes":72681,"phase":"complete","outcome":"ok"}
[http-timing] {"sequence":274,"method":"GET","routeClass":"timeline","status":200,"headerElapsedMs":13,"bodyElapsedMs":0,"totalElapsedMs":14,"bytes":82383,"phase":"complete","outcome":"ok"}
[http-timing] {"sequence":275,"method":"GET","routeClass":"timeline","status":200,"headerElapsedMs":13,"bodyElapsedMs":0,"totalElapsedMs":14,"bytes":72681,"phase":"complete","outcome":"ok"}
[http-timing] {"sequence":276,"method":"GET","routeClass":"timeline","status":200,"headerElapsedMs":14,"bodyElapsedMs":0,"totalElapsedMs":15,"bytes":82383,"phase":"complete","outcome":"ok"}
[http-timing] {"sequence":277,"method":"GET","routeClass":"timeline","status":200,"headerElapsedMs":14,"bodyElapsedMs":0,"totalElapsedMs":14,"bytes":72681,"phase":"complete","outcome":"ok"}
[http-timing] {"sequence":278,"method":"GET","routeClass":"timeline","status":200,"headerElapsedMs":14,"bodyElapsedMs":0,"totalElapsedMs":14,"bytes":82383,"phase":"complete","outcome":"ok"}
[http-timing] {"sequence":279,"method":"GET","routeClass":"timeline","status":200,"headerElapsedMs":14,"bodyElapsedMs":0,"totalElapsedMs":14,"bytes":72681,"phase":"complete","outcome":"ok"}
[http-timing] {"sequence":280,"method":"GET","routeClass":"timeline","status":200,"headerElapsedMs":742,"bodyElapsedMs":0,"totalElapsedMs":742,"bytes":109901,"phase":"complete","outcome":"ok"}
[http-timing] {"sequence":281,"method":"GET","routeClass":"timeline","status":200,"headerElapsedMs":18,"bodyElapsedMs":0,"totalElapsedMs":18,"bytes":110970,"phase":"complete","outcome":"ok"}
[http-timing] {"sequence":282,"method":"GET","routeClass":"timeline","status":200,"headerElapsedMs":2729,"bodyElapsedMs":0,"totalElapsedMs":2730,"bytes":85900,"phase":"complete","outcome":"ok"}
[http-timing] {"sequence":283,"method":"GET","routeClass":"timeline","status":200,"headerElapsedMs":51,"bodyElapsedMs":0,"totalElapsedMs":51,"bytes":79273,"phase":"complete","outcome":"ok"}
[timeline-state] {"reason":"ok","rowCount":209,"jobCount":1,"outputCount":1,"referenceMatches":true,"truncated":true,"rows":[{"jobState":"ready","completeness":"partial","catalogState":"unknown","playable":false,"request":{"timeBasis":"media-pts-ms","startTimeMs":"8633","endTimeMs":"8633","preMs":"750","postMs":"750"}},{"jobState":"ready","completeness":"partial","catalogState":"unknown","playable":false,"request":{"timeBasis":"media-pts-ms","startTimeMs":"8633","endTimeMs":"8633","preMs":"750","postMs":"750"}},{"jobState":"ready","completeness":"partial","catalogState":"unknown","playable":false,"request":{"timeBasis":"media-pts-ms","startTimeMs":"8633","endTimeMs":"8633","preMs":"750","postMs":"750"}},{"jobState":"ready","completeness":"partial","catalogState":"unknown","playable":false,"request":{"timeBasis":"media-pts-ms","startTimeMs":"8633","endTimeMs":"8633","preMs":"750","postMs":"750"}},{"jobState":"ready","completeness":"partial","catalogState":"unknown","playable":false,"request":{"timeBasis":"media-pts-ms","startTimeMs":"8633","endTimeMs":"8633","preMs":"750","postMs":"750"}},{"jobState":"ready","completeness":"partial","catalogState":"unknown","playable":false,"request":{"timeBasis":"media-pts-ms","startTimeMs":"8633","endTimeMs":"8633","preMs":"750","postMs":"750"}},{"jobState":"ready","completeness":"partial","catalogState":"unknown","playable":false,"request":{"timeBasis":"media-pts-ms","startTimeMs":"8633","endTimeMs":"8633","preMs":"750","postMs":"750"}},{"jobState":"ready","completeness":"partial","catalogState":"unknown","playable":false,"request":{"timeBasis":"media-pts-ms","startTimeMs":"8633","endTimeMs":"8633","preMs":"750","postMs":"750"}}]}
[http-timing] {"sequence":284,"method":"GET","routeClass":"timeline","status":200,"headerElapsedMs":601,"bodyElapsedMs":0,"totalElapsedMs":601,"bytes":121643,"phase":"complete","outcome":"ok"}
[http-timing] {"sequence":285,"method":"GET","routeClass":"timeline","status":200,"headerElapsedMs":165,"bodyElapsedMs":0,"totalElapsedMs":165,"bytes":121970,"phase":"complete","outcome":"ok"}
[http-timing] {"sequence":286,"method":"GET","routeClass":"timeline","status":200,"headerElapsedMs":175,"bodyElapsedMs":0,"totalElapsedMs":175,"bytes":87148,"phase":"complete","outcome":"ok"}
[http-timing] {"sequence":287,"method":"GET","routeClass":"timeline","status":200,"headerElapsedMs":40,"bodyElapsedMs":0,"totalElapsedMs":40,"bytes":82565,"phase":"complete","outcome":"ok"}
[http-timing] {"sequence":288,"method":"GET","routeClass":"timeline","status":200,"headerElapsedMs":30,"bodyElapsedMs":0,"totalElapsedMs":31,"bytes":82630,"phase":"complete","outcome":"ok"}
[http-timing] {"sequence":289,"method":"GET","routeClass":"timeline","status":200,"headerElapsedMs":30,"bodyElapsedMs":0,"totalElapsedMs":30,"bytes":66245,"phase":"complete","outcome":"ok"}
[timeline-state] {"reason":"ok","rowCount":209,"jobCount":1,"outputCount":1,"referenceMatches":true,"truncated":true,"rows":[{"jobState":"complete","completeness":"partial","catalogState":"finalized","playable":true,"request":{"timeBasis":"media-pts-ms","startTimeMs":"8633","endTimeMs":"8633","preMs":"750","postMs":"750"}},{"jobState":"complete","completeness":"partial","catalogState":"finalized","playable":true,"request":{"timeBasis":"media-pts-ms","startTimeMs":"8633","endTimeMs":"8633","preMs":"750","postMs":"750"}},{"jobState":"complete","completeness":"partial","catalogState":"finalized","playable":true,"request":{"timeBasis":"media-pts-ms","startTimeMs":"8633","endTimeMs":"8633","preMs":"750","postMs":"750"}},{"jobState":"complete","completeness":"partial","catalogState":"finalized","playable":true,"request":{"timeBasis":"media-pts-ms","startTimeMs":"8633","endTimeMs":"8633","preMs":"750","postMs":"750"}},{"jobState":"complete","completeness":"partial","catalogState":"finalized","playable":true,"request":{"timeBasis":"media-pts-ms","startTimeMs":"8633","endTimeMs":"8633","preMs":"750","postMs":"750"}},{"jobState":"complete","completeness":"partial","catalogState":"finalized","playable":true,"request":{"timeBasis":"media-pts-ms","startTimeMs":"8633","endTimeMs":"8633","preMs":"750","postMs":"750"}},{"jobState":"complete","completeness":"partial","catalogState":"finalized","playable":true,"request":{"timeBasis":"media-pts-ms","startTimeMs":"8633","endTimeMs":"8633","preMs":"750","postMs":"750"}},{"jobState":"complete","completeness":"partial","catalogState":"finalized","playable":true,"request":{"timeBasis":"media-pts-ms","startTimeMs":"8633","endTimeMs":"8633","preMs":"750","postMs":"750"}}]}
[pass] P0-HTTP02 same-reference durable transition observed (not completeness)
[http-timing] {"sequence":290,"method":"GET","routeClass":"timeline","status":200,"headerElapsedMs":170,"bodyElapsedMs":0,"totalElapsedMs":170,"bytes":121643,"phase":"complete","outcome":"ok"}
[http-timing] {"sequence":291,"method":"GET","routeClass":"timeline","status":200,"headerElapsedMs":168,"bodyElapsedMs":0,"totalElapsedMs":169,"bytes":121970,"phase":"complete","outcome":"ok"}
[http-timing] {"sequence":292,"method":"GET","routeClass":"timeline","status":200,"headerElapsedMs":176,"bodyElapsedMs":0,"totalElapsedMs":176,"bytes":87148,"phase":"complete","outcome":"ok"}
[http-timing] {"sequence":293,"method":"GET","routeClass":"timeline","status":200,"headerElapsedMs":42,"bodyElapsedMs":0,"totalElapsedMs":42,"bytes":82565,"phase":"complete","outcome":"ok"}
[http-timing] {"sequence":294,"method":"GET","routeClass":"timeline","status":200,"headerElapsedMs":30,"bodyElapsedMs":0,"totalElapsedMs":31,"bytes":82630,"phase":"complete","outcome":"ok"}
[http-timing] {"sequence":295,"method":"GET","routeClass":"timeline","status":200,"headerElapsedMs":30,"bodyElapsedMs":0,"totalElapsedMs":30,"bytes":66245,"phase":"complete","outcome":"ok"}
[http-timing] {"sequence":296,"method":"GET","routeClass":"timeline","status":200,"headerElapsedMs":165,"bodyElapsedMs":0,"totalElapsedMs":165,"bytes":121643,"phase":"complete","outcome":"ok"}
[http-timing] {"sequence":297,"method":"GET","routeClass":"timeline","status":200,"headerElapsedMs":167,"bodyElapsedMs":0,"totalElapsedMs":167,"bytes":121970,"phase":"complete","outcome":"ok"}
[http-timing] {"sequence":298,"method":"GET","routeClass":"timeline","status":200,"headerElapsedMs":886,"bodyElapsedMs":0,"totalElapsedMs":886,"bytes":87148,"phase":"complete","outcome":"ok"}
[http-timing] {"sequence":299,"method":"GET","routeClass":"timeline","status":200,"headerElapsedMs":3785,"bodyElapsedMs":0,"totalElapsedMs":3786,"bytes":121962,"phase":"complete","outcome":"ok"}
[pass] P0-HTTP02 all timeline HTTP within unchanged 4000ms
[latency-result] {"requests":190,"maxMs":3786,"outputCount":1,"completeness":["partial"]}
[http-timing] {"sequence":300,"method":"DELETE","routeClass":"tap","status":200,"headerElapsedMs":69,"bodyElapsedMs":0,"totalElapsedMs":69,"bytes":26,"phase":"complete","outcome":"ok"}
[pass] S11-CI08 product-1 exit0 ports returned
[cleanup] {"root":"/private/tmp/media-server-current-integration-WnWwSm","bytes":47593525,"rootAbsent":true,"failureCount":0,"processes":[{"pid":74473,"exitCode":0,"signalCode":null,"graceful":true,"ports":[{"kind":"http","port":63279,"closed":true},{"kind":"rtsp","port":63280,"closed":true}]}],"udpClosed":true}
{"mode":"current-http-latency","passed":5,"failed":0,"latencyPass":true,"actualEventPass":false,"restartPass":false,"expectedOutputCount":2,"observedOutputCounts":[],"cleanup":{"rootAbsent":true,"failureCount":0,"processes":[{"pid":74473,"exitCode":0,"signalCode":null,"graceful":true,"ports":[{"kind":"http","port":63279,"closed":true},{"kind":"rtsp","port":63280,"closed":true}]}]},"elapsedMs":30023}
