[checkpoint-cost] stage=update count=0 bytes=0 us=503307
[checkpoint-cost] stage=update count=1 bytes=0 us=914435
[checkpoint-cost] stage=replay count=0 bytes=0 us=113
[checkpoint-cost] stage=prepare count=11 bytes=0 us=204
[checkpoint-cost] stage=original-apply count=11 bytes=1125252 us=902839
[checkpoint-cost] stage=candidate-apply count=11 bytes=1125252 us=933794
[checkpoint-cost] stage=signature count=0 bytes=0 us=178271
[checkpoint-committed] count=1
[checkpoint-cost] stage=commit count=11 bytes=0 us=784
[checkpoint-cost] stage=update count=2 bytes=0 us=3098649
[checkpoint-cost] stage=update count=3 bytes=0 us=1089968
[checkpoint-cost] stage=update count=0 bytes=0 us=506488
[checkpoint-cost] stage=update count=1 bytes=0 us=925373
[checkpoint-cost] stage=replay count=0 bytes=0 us=163
[checkpoint-cost] stage=prepare count=17 bytes=0 us=148
[checkpoint-cost] stage=original-apply count=17 bytes=2409583 us=2123152
[checkpoint-cost] stage=candidate-apply count=17 bytes=2409583 us=2131968
[checkpoint-cost] stage=signature count=0 bytes=0 us=318485
[checkpoint-committed] count=1
[checkpoint-cost] stage=commit count=17 bytes=0 us=1276
[checkpoint-cost] stage=update count=2 bytes=0 us=5667190
[checkpoint-cost] stage=update count=3 bytes=0 us=1074965
[shape] state=1 bytes=319533 sources=1 samples=250 mappings=250 slices=45 aus=250 hash=168231b0628153c6c4ca73bcfb245ca6ab31035a6d7cce7b639736a8498a571c
[record-cost] iteration=1 serialize_us=79834 parse_us=144607
[record-cost] iteration=2 serialize_us=79337 parse_us=143900
[record-cost] iteration=3 serialize_us=80482 parse_us=145827
[shape] state=3 bytes=319548 sources=1 samples=250 mappings=250 slices=45 aus=250 hash=f83757fceda82c358b1c9d89d8592fbac0728e2327bb4891bbcdeb0154ab464b
[record-cost] iteration=1 serialize_us=80152 parse_us=144743
[record-cost] iteration=2 serialize_us=80351 parse_us=144637
[record-cost] iteration=3 serialize_us=80106 parse_us=144608
[shape] state=1 bytes=319533 sources=1 samples=250 mappings=250 slices=45 aus=250 hash=03c9720ac3f4e52a995f779b9ad7c888710678e595fb216b4df4e4024896f213
[record-cost] iteration=1 serialize_us=79942 parse_us=143990
[record-cost] iteration=2 serialize_us=79279 parse_us=144423
[record-cost] iteration=3 serialize_us=79600 parse_us=144353
[shape] state=3 bytes=319548 sources=1 samples=250 mappings=250 slices=45 aus=250 hash=9be2058323a32b79f99c3b7d47697117d53545e6a40da448b6ed9daea6981a8b
[record-cost] iteration=1 serialize_us=79132 parse_us=144211
[record-cost] iteration=2 serialize_us=79363 parse_us=146183
[record-cost] iteration=3 serialize_us=80550 parse_us=144380
[pass] CP01 actual Ready Complete shape canonical files reservation
[pass] CP02 bounded two jobs automatic checkpoint trace collected
[checkpoint-cost] stage=update count=0 bytes=0 us=54258
[checkpoint-cost] stage=update count=1 bytes=0 us=256618
[checkpoint-cost] stage=update count=2 bytes=0 us=328909
[checkpoint-cost] stage=update count=3 bytes=0 us=317770
[partial] state=1 reason=unconfirmed-interval-no-trusted-watermark start=8333333333 end=8366666666
[partial] state=1 reason=unconfirmed-interval-no-trusted-watermark start=8366666666 end=8400000000
[partial] state=1 reason=unconfirmed-interval-no-trusted-watermark start=8400000000 end=8433333333
[partial] state=1 reason=unconfirmed-interval-no-trusted-watermark start=8433333333 end=8466666666
[partial] state=1 reason=unconfirmed-interval-no-trusted-watermark start=8466666666 end=8500000000
[partial] state=1 reason=unconfirmed-interval-no-trusted-watermark start=8500000000 end=8533333333
[partial] state=1 reason=unconfirmed-interval-no-trusted-watermark start=8533333333 end=8566666666
[partial] state=1 reason=unconfirmed-interval-no-trusted-watermark start=8566666666 end=8600000000
[partial] state=1 reason=unconfirmed-interval-no-trusted-watermark start=8600000000 end=8633333333
[partial] state=1 reason=unconfirmed-interval-no-trusted-watermark start=8633333333 end=8666666666
[partial] state=1 reason=unconfirmed-interval-no-trusted-watermark start=8666666666 end=8700000000
[partial] state=1 reason=unconfirmed-interval-no-trusted-watermark start=8700000000 end=8733333333
[partial] state=1 reason=unconfirmed-interval-no-trusted-watermark start=8733333333 end=8766666666
[partial] state=1 reason=unconfirmed-interval-no-trusted-watermark start=8766666666 end=8800000000
[partial] state=1 reason=unconfirmed-interval-no-trusted-watermark start=8800000000 end=8833333333
[partial] state=1 reason=unconfirmed-interval-no-trusted-watermark start=8833333333 end=8866666666
[partial] state=1 reason=unconfirmed-interval-no-trusted-watermark start=8866666666 end=8900000000
[partial] state=1 reason=unconfirmed-interval-no-trusted-watermark start=8900000000 end=8933333333
[partial] state=1 reason=unconfirmed-interval-no-trusted-watermark start=8933333333 end=8966666666
[partial] state=1 reason=unconfirmed-interval-no-trusted-watermark start=8966666666 end=9000000000
[partial] state=1 reason=unconfirmed-interval-no-trusted-watermark start=9000000000 end=9033333333
[partial] state=1 reason=unconfirmed-interval-no-trusted-watermark start=9033333333 end=9066666666
[partial] state=1 reason=unconfirmed-interval-no-trusted-watermark start=9066666666 end=9100000000
[partial] state=1 reason=unconfirmed-interval-no-trusted-watermark start=9100000000 end=9133333333
[partial] state=1 reason=unconfirmed-interval-no-trusted-watermark start=9133333333 end=9166666666
[partial] state=1 reason=unconfirmed-interval-no-trusted-watermark start=9166666666 end=9200000000
[partial] state=1 reason=unconfirmed-interval-no-trusted-watermark start=9200000000 end=9233333333
[partial] state=1 reason=unconfirmed-interval-no-trusted-watermark start=9233333333 end=9266666666
[partial] state=1 reason=unconfirmed-interval-no-trusted-watermark start=9266666666 end=9300000000
[partial] state=1 reason=unconfirmed-interval-no-trusted-watermark start=9300000000 end=9316000000
[unfulfilled] axis=request-ns reason=unconfirmed-interval-no-trusted-watermark start=8333333333 end=8366666666
[unfulfilled] axis=request-ns reason=unconfirmed-interval-no-trusted-watermark start=8366666666 end=8400000000
[unfulfilled] axis=request-ns reason=unconfirmed-interval-no-trusted-watermark start=8400000000 end=8433333333
[unfulfilled] axis=request-ns reason=unconfirmed-interval-no-trusted-watermark start=8433333333 end=8466666666
[unfulfilled] axis=request-ns reason=unconfirmed-interval-no-trusted-watermark start=8466666666 end=8500000000
[unfulfilled] axis=request-ns reason=unconfirmed-interval-no-trusted-watermark start=8500000000 end=8533333333
[unfulfilled] axis=request-ns reason=unconfirmed-interval-no-trusted-watermark start=8533333333 end=8566666666
[unfulfilled] axis=request-ns reason=unconfirmed-interval-no-trusted-watermark start=8566666666 end=8600000000
[unfulfilled] axis=request-ns reason=unconfirmed-interval-no-trusted-watermark start=8600000000 end=8633333333
[unfulfilled] axis=request-ns reason=unconfirmed-interval-no-trusted-watermark start=8633333333 end=8666666666
[unfulfilled] axis=request-ns reason=unconfirmed-interval-no-trusted-watermark start=8666666666 end=8700000000
[unfulfilled] axis=request-ns reason=unconfirmed-interval-no-trusted-watermark start=8700000000 end=8733333333
[unfulfilled] axis=request-ns reason=unconfirmed-interval-no-trusted-watermark start=8733333333 end=8766666666
[unfulfilled] axis=request-ns reason=unconfirmed-interval-no-trusted-watermark start=8766666666 end=8800000000
[unfulfilled] axis=request-ns reason=unconfirmed-interval-no-trusted-watermark start=8800000000 end=8833333333
[unfulfilled] axis=request-ns reason=unconfirmed-interval-no-trusted-watermark start=8833333333 end=8866666666
[unfulfilled] axis=request-ns reason=unconfirmed-interval-no-trusted-watermark start=8866666666 end=8900000000
[unfulfilled] axis=request-ns reason=unconfirmed-interval-no-trusted-watermark start=8900000000 end=8933333333
[unfulfilled] axis=request-ns reason=unconfirmed-interval-no-trusted-watermark start=8933333333 end=8966666666
[unfulfilled] axis=request-ns reason=unconfirmed-interval-no-trusted-watermark start=8966666666 end=9000000000
[unfulfilled] axis=request-ns reason=unconfirmed-interval-no-trusted-watermark start=9000000000 end=9033333333
[unfulfilled] axis=request-ns reason=unconfirmed-interval-no-trusted-watermark start=9033333333 end=9066666666
[unfulfilled] axis=request-ns reason=unconfirmed-interval-no-trusted-watermark start=9066666666 end=9100000000
[unfulfilled] axis=request-ns reason=unconfirmed-interval-no-trusted-watermark start=9100000000 end=9133333333
[unfulfilled] axis=request-ns reason=unconfirmed-interval-no-trusted-watermark start=9133333333 end=9166666666
[unfulfilled] axis=request-ns reason=unconfirmed-interval-no-trusted-watermark start=9166666666 end=9200000000
[unfulfilled] axis=request-ns reason=unconfirmed-interval-no-trusted-watermark start=9200000000 end=9233333333
[unfulfilled] axis=request-ns reason=unconfirmed-interval-no-trusted-watermark start=9233333333 end=9266666666
[unfulfilled] axis=request-ns reason=unconfirmed-interval-no-trusted-watermark start=9266666666 end=9300000000
[unfulfilled] axis=request-ns reason=unconfirmed-interval-no-trusted-watermark start=9300000000 end=9316000000
[unfulfilled] axis=original-pts-ns reason=file-duration-uncovered start=7899999999 end=7900000000
[unfulfilled] axis=original-pts-ns reason=file-duration-uncovered start=7999999999 end=8000000000
[unfulfilled] axis=original-pts-ns reason=file-duration-uncovered start=8099999999 end=8100000000
[unfulfilled] axis=original-pts-ns reason=file-duration-uncovered start=8199999999 end=8200000000
[unfulfilled] axis=original-pts-ns reason=file-duration-uncovered start=8299999999 end=8300000000
[worker-elapsed] ms=4869
[partial-context] before_sources=1 after_sources=2 evidence_frames=300 wait_ms=3750
[pass] CP03 bounded partial missing source then same evidence complete
[summary] pass=3 fail=0
[bounded] {"pid":72007,"code":0,"signal":null,"limit":false,"outputBytes":9960,"diagnostic":true,"automaticCheckpoints":2}
[cleanup] path=/private/tmp/media-server-checkpoint-reproduction.8UFXQc bytes=13531406 removed=true
[elapsed] seconds=27 source=bash-SECONDS
