[FAIL] historical approval is separate from actual execution: current branch mismatch
[FAIL] slice order and completion frontier are fail-closed: unclassified production file: include/ingress/recording_application_service.h
[FAIL] current graph hash and metrics are exact: unclassified production file: include/ingress/recording_application_service.h
[FAIL] current graph negative mutations reject forbidden edge and cycle: unclassified production file: include/ingress/recording_application_service.h
[FAIL] Slice 32 completion and current graph separation is fail-closed: unclassified production file: include/ingress/recording_application_service.h
[FAIL] composition root extraction preserves lifecycle ownership: composition source missing lifecycle anchor: analysis::AnalysisSessionService analysis_sessions(session_manager);
[FAIL] negative mutations reject false progress: unclassified production file: include/ingress/recording_application_service.h
- PASS: public read contract uses only standard headers plus the approved application frame leaf
- FAIL: adapter owns every canonical field, optional, list order, timeout, and exception semantic — AnalysisSessionApplicationResult.recording_evidence canonical read count/order drift expected=2
- PASS: compiled fake canonical provider rejects mapping, null, timeout, order, and lifecycle false PASS
- FAIL: transport read and lifecycle calls use their injected application ports — composition canonical -> adapter -> HTTP injection/lifetime order drift
- FAIL: CMake, server dispatch, and graph register the exact non-final Slice30A successor — graph successor is pending or drifted; register Slice30B current graph before completion
- FAIL: current structure gate accepts the exact non-final Slice30A frontier — Command failed: /Users/dhseo/Workspace/mediaServer/server.sh verify-v390-review4-structure-stabilization-execution
[FAIL] historical approval is separate from actual execution: current branch mismatch
[FAIL] slice order and completion frontier are fail-closed: unclassified production file: include/ingress/recording_application_service.h
[FAIL] current graph hash and metrics are exact: unclassified production file: include/ingress/recording_application_service.h
[FAIL] current graph negative mutations reject forbidden edge and cycle: unclassified production file: include/ingress/recording_application_service.h
[FAIL] Slice 32 completion and current graph separation is fail-closed: unclassified production file: include/ingress/recording_application_service.h
[FAIL] composition root extraction preserves lifecycle ownership: composition source missing lifecycle anchor: analysis::AnalysisSessionService analysis_sessions(session_manager);
[FAIL] negative mutations reject false progress: unclassified production file: include/ingress/recording_application_service.h

- summary: pass=2 fail=4
