[cleanup] path=/private/tmp/media-server-current-integration-unit-Pk3FDU bytes=4028902 absent=true
✔ S11-CI11 adapter 원본선택·symlink·원본hardlink 거부와 원본불변 (1226.635333ms)
✔ S11-CI01 현행 다섯 단계 순서·실제 child 결과 결박 (0.731458ms)
✔ S11-CI04 기존 실제 dispatch 상관 정상·오래된ID·다른조건·복수ID 거부 (0.201041ms)
✔ S11-CI02 nonzero 실패 후 나머지 미실행 (0.069833ms)
✔ S11-CI02 signal 실패 후 나머지 미실행 (0.060833ms)
✔ S11-CI02 output-limit 실패 후 나머지 미실행 (0.053416ms)
✔ S11-CI02 summary-missing 실패 후 나머지 미실행 (0.053334ms)
✔ S11-CI02 summary-duplicate 실패 후 나머지 미실행 (0.040708ms)
✔ S11-CI02 cleanup-failed 실패 후 나머지 미실행 (0.049375ms)
✔ S11-CI02 port-missing 실패 후 나머지 미실행 (0.054292ms)
✔ S11-CI03 legacy 완료 필드 없음·전체 S11/UI/자원 PASS 분리 (0.145292ms)
✔ S11-CI05 페이지 전체·unplaced 별도 total·동일file mapping dedup (5.043709ms)
✔ S11-CI05 누락·중복item·불안정total·truncated·cap 거부 (0.287541ms)
✔ S11-CI05 첫출력/partial/다른reference/job/unsafe숫자 거부 (0.240416ms)
✔ S11-CI06 기존ID/hash 보존과 새event/reference/job/output 분리 (0.201917ms)
✔ S11-CI05 점 이벤트 equal+padding 허용·역전/빈확장 거부 (0.08275ms)
ℹ tests 16
ℹ suites 0
ℹ pass 16
ℹ fail 0
ℹ cancelled 0
ℹ skipped 0
ℹ todo 0
ℹ duration_ms 1254.102208
