PASS: SF01 optional seek fixture is accepted only with explicit UI anchor
PASS: UA01 anchor bounds and unknown options are rejected
PASS: UA05 inherited anchor and auth values are removed from seed environment
PASS: UA02 random temporary passwords are distinct with sufficient length
PASS: UA03 actual bootstrap function orders setup five logins and four users
PASS: UA04 one-time handoff is mode0600 and refuses overwrite
PASS: UA07 live source payload distinguishes active quota from blocked reservation
PASS: UA01 new auth direct mode rejects missing anchor before preparation
[seed-anchored] PASS: LP26-U06-A managed Catalog reopen public timeline and journal unchanged
[seed-anchored] PASS: LP26-U01-A current managed UI seed oracle
[seed-anchored] PASS: LP26-U02-A current managed UI seed oracle
[seed-anchored] PASS: LP26-U03-A current managed UI seed oracle
[seed-anchored] PASS: LP26-U04-A current managed UI seed oracle
[seed-anchored] PASS: LP26-U05-A current managed UI seed oracle
[seed-anchored] [ui-seed-summary] {"rows":145,"known":114,"unknown":31,"pages":2,"actualUiPass":false}
[seed-anchored] [cleanup] {"path":"/private/var/folders/k0/qhmr6zdx11q0_41wfx4dsd200000gn/T/media-server-current-ui-seed.LxG4Jg","bytes":6810328,"removed":true}
[seed-anchored] [elapsed] seconds=4 source=bash-SECONDS actualUiPass=false
[seed-anchored] [recording] file evidence unavailable: file evidence profile/bound 오류
[seed-anchored] [recording] file evidence unavailable: file evidence profile/bound 오류
[seed-anchored] [recording] file evidence unavailable: file evidence profile/bound 오류
[seed-anchored] [recording] file evidence unavailable: file evidence profile/bound 오류
[seed-anchored] [recording] file evidence unavailable: file evidence profile/bound 오류
[cleanup] {"path":"/private/var/folders/k0/qhmr6zdx11q0_41wfx4dsd200000gn/T/media-server-current-ui-seed.LxG4Jg","bytes":6810328,"removed":true}
PASS: UA08-anchored current seed compile root cleanup
[ui-seed-summary] {"case":"anchored","rows":145,"known":114,"unknown":31,"pages":2,"actualUiPass":false}
PASS: UA06 LP26-U02~06 actual managed catalog anchored scenarios and reopen
[seed-unknown] PASS: LP26-U06-A managed Catalog reopen public timeline and journal unchanged
[seed-unknown] PASS: LP26-U01-A current managed UI seed oracle
[seed-unknown] PASS: LP26-U02-A current managed UI seed oracle
[seed-unknown] PASS: LP26-U03-A current managed UI seed oracle
[seed-unknown] PASS: LP26-U04-A current managed UI seed oracle
[seed-unknown] PASS: LP26-U05-A current managed UI seed oracle
[seed-unknown] [ui-seed-summary] {"rows":1181,"known":0,"unknown":1181,"pages":12,"actualUiPass":false}
[seed-unknown] [cleanup] {"path":"/private/var/folders/k0/qhmr6zdx11q0_41wfx4dsd200000gn/T/media-server-current-ui-seed.6H76Vi","bytes":6810328,"removed":true}
[seed-unknown] [elapsed] seconds=7 source=bash-SECONDS actualUiPass=false
[seed-unknown] [recording] file evidence unavailable: file evidence profile/bound 오류
[seed-unknown] [recording] file evidence unavailable: file evidence profile/bound 오류
[seed-unknown] [recording] file evidence unavailable: file evidence profile/bound 오류
[seed-unknown] [recording] file evidence unavailable: file evidence profile/bound 오류
[seed-unknown] [recording] file evidence unavailable: file evidence profile/bound 오류
[cleanup] {"path":"/private/var/folders/k0/qhmr6zdx11q0_41wfx4dsd200000gn/T/media-server-current-ui-seed.6H76Vi","bytes":6810328,"removed":true}
PASS: UA08-unknown current seed compile root cleanup
[ui-seed-summary] {"case":"unknown","rows":1181,"known":0,"unknown":1181,"pages":12,"actualUiPass":false}
PASS: UA05 LP26-U02 no anchor remains unknown rather than fake 1970 UTC
PASS: LP26-U01~05 invalid anchor duplicate row hash and completeness rejected
PASS: SF02 bounded owned seek fixture generation completes
PASS: SF03 actual H264 silent 1280x720 ten-second first-keyframe fixture
[seek-fixture] {"sizeBytes":5357069,"duration":10,"codec":"h264","width":1280,"height":720,"audio":false,"firstKeyframe":true}
PASS: SF06 malformed media metadata and symlink input directory are rejected
[seed-seek] PASS: LP26-U06-A managed Catalog reopen public timeline and journal unchanged
[seed-seek] PASS: LP26-U01-A current managed UI seed oracle
[seed-seek] PASS: LP26-U02-A current managed UI seed oracle
[seed-seek] PASS: LP26-U03-A current managed UI seed oracle
[seed-seek] PASS: LP26-U04-A current managed UI seed oracle
[seed-seek] PASS: LP26-U05-A current managed UI seed oracle
[seed-seek] [ui-seed-summary] {"rows":146,"known":115,"unknown":31,"pages":2,"actualUiPass":false}
[seed-seek] [cleanup] {"path":"/private/var/folders/k0/qhmr6zdx11q0_41wfx4dsd200000gn/T/media-server-current-ui-seed.0aMenJ","bytes":6810328,"removed":true}
[seed-seek] [elapsed] seconds=4 source=bash-SECONDS actualUiPass=false
[seed-seek] [recording] file evidence unavailable: file evidence profile/bound 오류
[seed-seek] [recording] file evidence unavailable: file evidence profile/bound 오류
[seed-seek] [recording] file evidence unavailable: file evidence profile/bound 오류
[seed-seek] [recording] file evidence unavailable: file evidence profile/bound 오류
[seed-seek] [recording] file evidence unavailable: file evidence profile/bound 오류
[cleanup] {"path":"/private/var/folders/k0/qhmr6zdx11q0_41wfx4dsd200000gn/T/media-server-current-ui-seed.0aMenJ","bytes":6810328,"removed":true}
PASS: UA08-seek current seed compile root cleanup
[ui-seed-summary] {"case":"seek","rows":146,"known":115,"unknown":31,"pages":2,"actualUiPass":false}
PASS: SF04 LP26-U08 managed original seek file actual size SHA and duration
PASS: SF05 LP26-U08 other originals remain short and actual derived outputs remain TS
PASS: UA08 test root cleanup
[cleanup] /private/var/folders/k0/qhmr6zdx11q0_41wfx4dsd200000gn/T/media-server-current-ui-seed.QBaJfc bytes=25830370 absent=true
{"pass":20,"fail":0,"actualUi":false,"elapsedMs":14623,"elapsedSource":"Date.now verifier duration"}
