✔ S11-CI01 현행 다섯 단계 순서·실제 child 결과 결박 (0.840291ms)
✔ LP25-C10 http-auth 실제 producer 총계 수용·구형 및 불일치 거부 (0.271917ms)
✔ LP25-C10 http-lifecycle 실제 producer 총계 수용·구형 및 불일치 거부 (0.1705ms)
✔ LP20-X01 실제 종료 producer의 정상 두 결과를 수용 (0.180666ms)
✔ LP20-X02 schema 누락는 정상 종료로 승인하지 않음 (0.301167ms)
✔ LP20-X02 schema 불일치는 정상 종료로 승인하지 않음 (0.1145ms)
✔ LP20-X02 반복 종료는 정상 종료로 승인하지 않음 (0.104458ms)
✔ LP20-X02 PID 누락는 정상 종료로 승인하지 않음 (0.070416ms)
✔ LP20-X02 exit 비정상는 정상 종료로 승인하지 않음 (0.071875ms)
✔ LP20-X02 signal 관측는 정상 종료로 승인하지 않음 (0.092375ms)
✔ LP20-X02 종료 미관측는 정상 종료로 승인하지 않음 (0.063667ms)
✔ LP20-X02 stop 오류는 정상 종료로 승인하지 않음 (0.068792ms)
✔ LP20-X02 강제 종료는 정상 종료로 승인하지 않음 (0.090292ms)
✔ LP20-X02 강제 여부 미확인는 정상 종료로 승인하지 않음 (0.061459ms)
✔ LP20-X02 normalExit 실패는 정상 종료로 승인하지 않음 (0.050458ms)
✔ LP20-X02 normalShutdown 실패는 정상 종료로 승인하지 않음 (0.043125ms)
✔ LP20-X02 archive 불가는 정상 종료로 승인하지 않음 (0.047208ms)
✔ LP20-X02 ports 누락는 정상 종료로 승인하지 않음 (0.053291ms)
✔ LP20-X02 port 수 부족는 정상 종료로 승인하지 않음 (0.0415ms)
✔ LP20-X02 port kind 중복는 정상 종료로 승인하지 않음 (0.041041ms)
✔ LP20-X02 port 미해제는 정상 종료로 승인하지 않음 (0.050792ms)
✔ LP20-X02 port 상태 모순는 정상 종료로 승인하지 않음 (0.049292ms)
✔ LP20-X02 port 코드 모순는 정상 종료로 승인하지 않음 (0.042042ms)
✔ LP20-X02 port 범위 오류는 정상 종료로 승인하지 않음 (0.0435ms)
✔ LP20-X02 graceful-only 구형 결과는 정상 종료로 승인하지 않음 (0.063ms)
✔ LP20-X02 정상 flag 누락는 정상 종료로 승인하지 않음 (0.062833ms)
✔ S11-CI04 기존 실제 dispatch 상관 정상·오래된ID·다른조건·복수ID 거부 (0.15475ms)
✔ S11-CI02 nonzero 실패 후 나머지 미실행 (0.052917ms)
✔ S11-CI02 signal 실패 후 나머지 미실행 (0.027542ms)
✔ S11-CI02 output-limit 실패 후 나머지 미실행 (0.0265ms)
✔ S11-CI02 summary-missing 실패 후 나머지 미실행 (0.023791ms)
✔ S11-CI02 summary-duplicate 실패 후 나머지 미실행 (0.02175ms)
✔ S11-CI02 cleanup-failed 실패 후 나머지 미실행 (0.266ms)
✔ S11-CI02 port-missing 실패 후 나머지 미실행 (0.036875ms)
✔ S11-CI03 legacy 완료 필드 없음·전체 S11/UI/자원 PASS 분리 (0.052125ms)
✔ S11-CI07 기대 출력 수만 있거나 한 기동 관측 누락이면 완료 거부 (0.144042ms)
✔ S11-CI05 페이지 전체·unplaced 별도 total·동일file mapping dedup (3.937375ms)
✔ S11-CI05 누락·중복item·불안정total·truncated·cap 거부 (0.114125ms)
✔ S11-CI05 첫출력/partial/다른reference/job/unsafe숫자 거부 (0.123666ms)
✔ S11-CI07 정확한 accepted placeholder만 미완료로 분류하고 lineage 모순은 거부 (0.108458ms)
✔ S11-CI06 기존ID/hash 보존과 새event/reference/job/output 분리 (0.13025ms)
✔ S11-CI05 점 이벤트 equal+padding 허용·역전/빈확장 거부 (0.060917ms)
✔ LP25-O04 group members survive full collection and literal two output validation (0.066583ms)
✔ LP25-O04 within group duplicate rejects grouped page before completion consumer (0.056958ms)
✔ LP25-O04 across groups duplicate rejects grouped page before completion consumer (0.028916ms)
✔ LP25-O04 member collides with outer ID rejects grouped page before completion consumer (0.024708ms)
✔ LP25-O04 missing members rejects grouped page before completion consumer (0.025834ms)
✔ LP25-O04 empty members rejects grouped page before completion consumer (0.033917ms)
✔ LP25-O04 leaf cap rejects grouped page before completion consumer (0.027333ms)
✔ LP25-O04 members byte cap rejects grouped page before completion consumer (0.033125ms)
ℹ tests 50
ℹ suites 0
ℹ pass 50
ℹ fail 0
ℹ cancelled 0
ℹ skipped 0
ℹ todo 0
ℹ duration_ms 12.798667
