[source] src/ingress/gst_pipeline_builder.cpp sha256=65c4976f05644f538c8713b86c7121270ef08673fec13116bf6e9d9004649ee6
[source] src/ingress/rtsp_egress_session.cpp sha256=25cba9e1fac1d81c14aec5d36e121b8b895fa607ea2b2f783fbb23ac42540b29
[source] include/ingress/gst_pipeline_builder.h sha256=cd505e31bf74a1768274d23c2c592fe0856431d4962f279d6f1d7f5c50977163
[source] scripts/internal/recording_hw_impact_probe.cpp sha256=da04ea318a1e09bf070b6c46b1d50c85a15ad5b445db1022c59d9f62e1aedffb
[source] scripts/internal/verify_recording_hw_impact.sh sha256=0a735b8bbbf6c22d12471669188aabeb94d89b6ea267aa590e0d6ab421c80d13
[source] scripts/internal/recording_media_test_fixture.h sha256=404784ececbb74556fa2e32975f879e2632a96311bc7ed0e41bce069d167b8a6
[source] build-gst-onnx/libmedia_server_runtime.a sha256=408366261ba29cb2a510b8b6c6077615058ea4790696414658a223927b1c739f
[environment] utc=2026-09-21T08:55:15Z platform=Darwin machine=arm64 head=f4e58b9cb2efbeec43a7e1132da940fce6afd521
1.28.1
1.28.1
[pass] HW-OR01 reorder accepted
[pass] HW-OR02 same-count duplicate omission rejected
[pass] HW-OR02 same-count omission replacement rejected
[pass] HW-OR03 legitimate duplicate preserved
[pass] HW-OR04 missing frame rejected
[pass] HW-OR05 invalid PTS rejected
[pass] HW-OR06 missing EOS rejected
[pass] HW-OR07 overflow rejected
[pass] HW-OR08 duplicate EOS rejected
[pass] HW-OR09 missing SEGMENT rejected
[pass] HW-OR10 non-TIME SEGMENT rejected
[pass] HW-OR11 complete oracle accepted
[pass] HW-OR12 input mismatch is inconclusive
[pass] HW-OR13 decoder mismatch is failure
[pass] HW-OR14 overlay mismatch is failure
[pass] HW-OR15 invalid observation is inconclusive
[pass] HW-OR16 overflow is inconclusive
[pass] HW-OR17 missing probe is inconclusive
[pass] HW-OR18 missing bus EOS is inconclusive
[pass] HW-OR19 bus ERROR is inconclusive
[pass] HW-OR20 known error classification excludes raw text
[pass] HW-OR21 unknown error classification excludes raw text
[pass] HW-OR22 CAPS fixed allowlist rejects arbitrary values
[pass] HW-GR01 actual product parse-launch PLACE_IN_BIN creates inspectable bin
[pass] HW-GR02 no generated ghost sink occupies pending links
[pass] HW-GR03 pay0 src connects directly to owned sink
[pass] HW-GR04 dynamic downstream queue sink remains unoccupied
[pass] HW-GR05 legacy automatic ghost occupies queue sink before PLAYING
[pass] HW-OR23 delayed-link has fixed classification
[summary] pass=29 fail=0
[diagnostic-stderr] {"bytes":0,"sha256":"e3b0c44298fc1c149afbf4c8996fb92427ae41e4649b934ca495991b7852b855","critical":0,"warning":0,"rawPublished":false}
[execution] {"mode":"--self-test","exit":0,"signal":null,"error":null,"elapsedMs":1526,"productPass":false,"tokenStart":null,"tokenEnd":null,"tokenConsumed":null,"tokenSource":"전용 집계 없음"}
[cleanup] {"root":"/private/var/folders/k0/qhmr6zdx11q0_41wfx4dsd200000gn/T/media-server-hw-impact.zbUg3T","bytes":1840420,"absent":true}
[elapsed] seconds=2 source=bash-SECONDS
