✔ R4L01 baseline exact source (11.789083ms)
✔ R4L02 unique insertion relocation preserves approved semantics (4.547167ms)
✔ R4L03 unique deletion relocation (2.858375ms)
✔ R4L04 duplicate context even at original location rejected (2.21925ms)
✔ R4L05 changed local context rejected (2.121667ms)
✖ R4L06 changed enclosing body rejected (4.661209ms)
✔ R4L07 assertion removal rejected (2.682167ms)
✔ R4L08 verifier body change rejected (2.252917ms)
✔ R4L09 same-process source relocation is fresh (2.962167ms)
✔ R4L10 same-process context and body mutation rejected (3.924791ms)
✔ R4L11 validation never mutates proof or approval digests (2.492583ms)
✔ R4L12 stale-range decoy cannot conceal actual readback mutation (1.991375ms)
ℹ tests 12
ℹ suites 0
ℹ pass 11
ℹ fail 1
ℹ cancelled 0
ℹ skipped 0
ℹ todo 0
ℹ duration_ms 88.779042

✖ failing tests:

test at scripts/internal/verify_review4_locator_resolution.test.mjs:56:1
✖ R4L06 changed enclosing body rejected (4.661209ms)
  AssertionError [ERR_ASSERTION]: The expression evaluated to a falsy value:

    assert.ok(f.check().some(e => /trust binding drift/.test(e)))

      at file:///Users/dhseo/Workspace/mediaServer/scripts/internal/verify_review4_locator_resolution.test.mjs:56:146
      at fixture (file:///Users/dhseo/Workspace/mediaServer/scripts/internal/verify_review4_locator_resolution.test.mjs:47:9)
      at TestContext.<anonymous> (file:///Users/dhseo/Workspace/mediaServer/scripts/internal/verify_review4_locator_resolution.test.mjs:56:53)
      at Test.runInAsyncScope (node:async_hooks:214:14)
      at Test.run (node:internal/test_runner/test:1106:25)
      at Test.processPendingSubtests (node:internal/test_runner/test:788:18)
      at Test.postRun (node:internal/test_runner/test:1235:19)
      at Test.run (node:internal/test_runner/test:1163:12)
      at async Test.processPendingSubtests (node:internal/test_runner/test:788:7) {
    generatedMessage: true,
    code: 'ERR_ASSERTION',
    actual: false,
    expected: true,
    operator: '==',
    diff: 'simple'
  }
