[R4L13 cleanup] owned=true bytes=903 removed=true
✖ R4L19 nested shell failure branch preserves exact oracle (10.350458ms)
ℹ tests 1
ℹ suites 0
ℹ pass 0
ℹ fail 1
ℹ cancelled 0
ℹ skipped 0
ℹ todo 0
ℹ duration_ms 44.164334

✖ failing tests:

test at scripts/internal/verify_review4_locator_resolution.test.mjs:149:1
✖ R4L19 nested shell failure branch preserves exact oracle (10.350458ms)
  AssertionError [ERR_ASSERTION]: Expected values to be strictly deep-equal:
  + actual - expected

  + [
  +   'UI-999 REVIEW4 edge-3:readback-token-unbound'
  + ]
  - []

      at fixture.shellBody (file:///Users/dhseo/Workspace/mediaServer/scripts/internal/verify_review4_locator_resolution.test.mjs:149:92)
      at fixture (file:///Users/dhseo/Workspace/mediaServer/scripts/internal/verify_review4_locator_resolution.test.mjs:59:9)
      at TestContext.<anonymous> (file:///Users/dhseo/Workspace/mediaServer/scripts/internal/verify_review4_locator_resolution.test.mjs:149:72)
      at Test.runInAsyncScope (node:async_hooks:214:14)
      at Test.run (node:internal/test_runner/test:1106:25)
      at Test.start (node:internal/test_runner/test:1003:17)
      at startSubtestAfterBootstrap (node:internal/test_runner/harness:358:17) {
    generatedMessage: true,
    code: 'ERR_ASSERTION',
    actual: [ 'UI-999 REVIEW4 edge-3:readback-token-unbound' ],
    expected: [],
    operator: 'deepStrictEqual',
    diff: 'simple'
  }
