[http-timing] {"sequence":1,"method":"GET","routeClass":"health","status":null,"headerElapsedMs":null,"bodyElapsedMs":null,"totalElapsedMs":3,"bytes":0,"phase":"header","outcome":"error"}
[http-timing] {"sequence":2,"method":"GET","routeClass":"health","status":null,"headerElapsedMs":null,"bodyElapsedMs":null,"totalElapsedMs":1,"bytes":0,"phase":"header","outcome":"error"}
[http-timing] {"sequence":3,"method":"GET","routeClass":"health","status":null,"headerElapsedMs":null,"bodyElapsedMs":null,"totalElapsedMs":1,"bytes":0,"phase":"header","outcome":"error"}
[http-timing] {"sequence":4,"method":"GET","routeClass":"health","status":null,"headerElapsedMs":null,"bodyElapsedMs":null,"totalElapsedMs":1,"bytes":0,"phase":"header","outcome":"error"}
[http-timing] {"sequence":5,"method":"GET","routeClass":"health","status":null,"headerElapsedMs":null,"bodyElapsedMs":null,"totalElapsedMs":2,"bytes":0,"phase":"header","outcome":"error"}
[http-timing] {"sequence":6,"method":"GET","routeClass":"health","status":null,"headerElapsedMs":null,"bodyElapsedMs":null,"totalElapsedMs":1,"bytes":0,"phase":"header","outcome":"error"}
[http-timing] {"sequence":7,"method":"GET","routeClass":"health","status":null,"headerElapsedMs":null,"bodyElapsedMs":null,"totalElapsedMs":1,"bytes":0,"phase":"header","outcome":"error"}
[http-timing] {"sequence":8,"method":"GET","routeClass":"health","status":null,"headerElapsedMs":null,"bodyElapsedMs":null,"totalElapsedMs":0,"bytes":0,"phase":"header","outcome":"error"}
[http-timing] {"sequence":9,"method":"GET","routeClass":"health","status":null,"headerElapsedMs":null,"bodyElapsedMs":null,"totalElapsedMs":1,"bytes":0,"phase":"header","outcome":"error"}
[http-timing] {"sequence":10,"method":"GET","routeClass":"health","status":null,"headerElapsedMs":null,"bodyElapsedMs":null,"totalElapsedMs":1,"bytes":0,"phase":"header","outcome":"error"}
[http-timing] {"sequence":11,"method":"GET","routeClass":"health","status":null,"headerElapsedMs":null,"bodyElapsedMs":null,"totalElapsedMs":0,"bytes":0,"phase":"header","outcome":"error"}
[http-timing] {"sequence":12,"method":"GET","routeClass":"health","status":null,"headerElapsedMs":null,"bodyElapsedMs":null,"totalElapsedMs":0,"bytes":0,"phase":"header","outcome":"error"}
[http-timing] {"sequence":13,"method":"GET","routeClass":"health","status":null,"headerElapsedMs":null,"bodyElapsedMs":null,"totalElapsedMs":1,"bytes":0,"phase":"header","outcome":"error"}
[http-timing] {"sequence":14,"method":"GET","routeClass":"health","status":null,"headerElapsedMs":null,"bodyElapsedMs":null,"totalElapsedMs":0,"bytes":0,"phase":"header","outcome":"error"}
[http-timing] {"sequence":15,"method":"GET","routeClass":"health","status":null,"headerElapsedMs":null,"bodyElapsedMs":null,"totalElapsedMs":1,"bytes":0,"phase":"header","outcome":"error"}
[http-timing] {"sequence":16,"method":"GET","routeClass":"health","status":null,"headerElapsedMs":null,"bodyElapsedMs":null,"totalElapsedMs":1,"bytes":0,"phase":"header","outcome":"error"}
[http-timing] {"sequence":17,"method":"GET","routeClass":"health","status":null,"headerElapsedMs":null,"bodyElapsedMs":null,"totalElapsedMs":1,"bytes":0,"phase":"header","outcome":"error"}
[http-timing] {"sequence":18,"method":"GET","routeClass":"health","status":null,"headerElapsedMs":null,"bodyElapsedMs":null,"totalElapsedMs":0,"bytes":0,"phase":"header","outcome":"error"}
[http-timing] {"sequence":19,"method":"GET","routeClass":"health","status":200,"headerElapsedMs":6,"bodyElapsedMs":1,"totalElapsedMs":7,"bytes":15,"phase":"complete","outcome":"ok"}
[http-timing] {"sequence":20,"method":"GET","routeClass":"ice","status":200,"headerElapsedMs":1,"bodyElapsedMs":0,"totalElapsedMs":1,"bytes":222,"phase":"complete","outcome":"ok"}
[pass] S11-CI09 product-1 healthy isolated ICE
[http-timing] {"sequence":21,"method":"POST","routeClass":"source","status":201,"headerElapsedMs":80,"bodyElapsedMs":0,"totalElapsedMs":80,"bytes":428,"phase":"complete","outcome":"ok"}
[http-timing] {"sequence":22,"method":"POST","routeClass":"tap-create","status":200,"headerElapsedMs":27,"bodyElapsedMs":0,"totalElapsedMs":27,"bytes":1099,"phase":"complete","outcome":"ok"}
[http-timing] {"sequence":23,"method":"GET","routeClass":"tap","status":200,"headerElapsedMs":17,"bodyElapsedMs":0,"totalElapsedMs":17,"bytes":3942,"phase":"complete","outcome":"ok"}
[http-timing] {"sequence":24,"method":"GET","routeClass":"tap","status":200,"headerElapsedMs":1,"bodyElapsedMs":0,"totalElapsedMs":1,"bytes":5840,"phase":"complete","outcome":"ok"}
[http-timing] {"sequence":25,"method":"GET","routeClass":"timeline","status":200,"headerElapsedMs":1,"bodyElapsedMs":0,"totalElapsedMs":1,"bytes":82,"phase":"complete","outcome":"ok"}
[http-timing] {"sequence":26,"method":"GET","routeClass":"tap","status":200,"headerElapsedMs":1,"bodyElapsedMs":0,"totalElapsedMs":1,"bytes":5836,"phase":"complete","outcome":"ok"}
[http-timing] {"sequence":27,"method":"GET","routeClass":"timeline","status":200,"headerElapsedMs":0,"bodyElapsedMs":0,"totalElapsedMs":1,"bytes":82,"phase":"complete","outcome":"ok"}
[http-timing] {"sequence":28,"method":"GET","routeClass":"tap","status":200,"headerElapsedMs":1,"bodyElapsedMs":0,"totalElapsedMs":1,"bytes":6022,"phase":"complete","outcome":"ok"}
[http-timing] {"sequence":29,"method":"GET","routeClass":"timeline","status":200,"headerElapsedMs":0,"bodyElapsedMs":0,"totalElapsedMs":0,"bytes":82,"phase":"complete","outcome":"ok"}
[http-timing] {"sequence":30,"method":"GET","routeClass":"tap","status":200,"headerElapsedMs":1,"bodyElapsedMs":0,"totalElapsedMs":1,"bytes":6149,"phase":"complete","outcome":"ok"}
[http-timing] {"sequence":31,"method":"GET","routeClass":"timeline","status":200,"headerElapsedMs":0,"bodyElapsedMs":0,"totalElapsedMs":0,"bytes":82,"phase":"complete","outcome":"ok"}
[http-timing] {"sequence":32,"method":"GET","routeClass":"tap","status":200,"headerElapsedMs":1,"bodyElapsedMs":0,"totalElapsedMs":1,"bytes":6280,"phase":"complete","outcome":"ok"}
[http-timing] {"sequence":33,"method":"GET","routeClass":"timeline","status":200,"headerElapsedMs":0,"bodyElapsedMs":0,"totalElapsedMs":0,"bytes":82,"phase":"complete","outcome":"ok"}
[http-timing] {"sequence":34,"method":"GET","routeClass":"tap","status":200,"headerElapsedMs":1,"bodyElapsedMs":0,"totalElapsedMs":1,"bytes":6278,"phase":"complete","outcome":"ok"}
[http-timing] {"sequence":35,"method":"GET","routeClass":"timeline","status":200,"headerElapsedMs":0,"bodyElapsedMs":0,"totalElapsedMs":1,"bytes":82,"phase":"complete","outcome":"ok"}
[http-timing] {"sequence":36,"method":"GET","routeClass":"tap","status":200,"headerElapsedMs":1,"bodyElapsedMs":0,"totalElapsedMs":1,"bytes":6413,"phase":"complete","outcome":"ok"}
[http-timing] {"sequence":37,"method":"GET","routeClass":"timeline","status":200,"headerElapsedMs":0,"bodyElapsedMs":0,"totalElapsedMs":0,"bytes":82,"phase":"complete","outcome":"ok"}
[http-timing] {"sequence":38,"method":"GET","routeClass":"tap","status":200,"headerElapsedMs":1,"bodyElapsedMs":0,"totalElapsedMs":1,"bytes":6544,"phase":"complete","outcome":"ok"}
[http-timing] {"sequence":39,"method":"GET","routeClass":"timeline","status":200,"headerElapsedMs":0,"bodyElapsedMs":0,"totalElapsedMs":0,"bytes":82,"phase":"complete","outcome":"ok"}
[http-timing] {"sequence":40,"method":"GET","routeClass":"tap","status":200,"headerElapsedMs":1,"bodyElapsedMs":0,"totalElapsedMs":1,"bytes":6674,"phase":"complete","outcome":"ok"}
[http-timing] {"sequence":41,"method":"GET","routeClass":"timeline","status":200,"headerElapsedMs":0,"bodyElapsedMs":0,"totalElapsedMs":0,"bytes":82,"phase":"complete","outcome":"ok"}
[http-timing] {"sequence":42,"method":"GET","routeClass":"tap","status":200,"headerElapsedMs":3,"bodyElapsedMs":0,"totalElapsedMs":3,"bytes":6816,"phase":"complete","outcome":"ok"}
[http-timing] {"sequence":43,"method":"GET","routeClass":"timeline","status":200,"headerElapsedMs":2,"bodyElapsedMs":0,"totalElapsedMs":2,"bytes":82,"phase":"complete","outcome":"ok"}
[http-timing] {"sequence":44,"method":"GET","routeClass":"tap","status":200,"headerElapsedMs":1,"bodyElapsedMs":0,"totalElapsedMs":1,"bytes":6814,"phase":"complete","outcome":"ok"}
[http-timing] {"sequence":45,"method":"GET","routeClass":"timeline","status":200,"headerElapsedMs":0,"bodyElapsedMs":0,"totalElapsedMs":0,"bytes":82,"phase":"complete","outcome":"ok"}
[http-timing] {"sequence":46,"method":"GET","routeClass":"tap","status":200,"headerElapsedMs":1,"bodyElapsedMs":0,"totalElapsedMs":1,"bytes":6955,"phase":"complete","outcome":"ok"}
[http-timing] {"sequence":47,"method":"GET","routeClass":"timeline","status":200,"headerElapsedMs":0,"bodyElapsedMs":0,"totalElapsedMs":1,"bytes":82,"phase":"complete","outcome":"ok"}
[http-timing] {"sequence":48,"method":"GET","routeClass":"tap","status":200,"headerElapsedMs":1,"bodyElapsedMs":0,"totalElapsedMs":1,"bytes":7096,"phase":"complete","outcome":"ok"}
[http-timing] {"sequence":49,"method":"GET","routeClass":"timeline","status":200,"headerElapsedMs":1,"bodyElapsedMs":0,"totalElapsedMs":1,"bytes":82,"phase":"complete","outcome":"ok"}
[http-timing] {"sequence":50,"method":"GET","routeClass":"tap","status":200,"headerElapsedMs":1,"bodyElapsedMs":0,"totalElapsedMs":1,"bytes":7233,"phase":"complete","outcome":"ok"}
[http-timing] {"sequence":51,"method":"GET","routeClass":"timeline","status":200,"headerElapsedMs":0,"bodyElapsedMs":0,"totalElapsedMs":0,"bytes":82,"phase":"complete","outcome":"ok"}
[http-timing] {"sequence":52,"method":"GET","routeClass":"tap","status":200,"headerElapsedMs":5,"bodyElapsedMs":0,"totalElapsedMs":6,"bytes":7365,"phase":"complete","outcome":"ok"}
[http-timing] {"sequence":53,"method":"GET","routeClass":"timeline","status":200,"headerElapsedMs":1,"bodyElapsedMs":0,"totalElapsedMs":1,"bytes":82,"phase":"complete","outcome":"ok"}
[http-timing] {"sequence":54,"method":"GET","routeClass":"tap","status":200,"headerElapsedMs":1,"bodyElapsedMs":0,"totalElapsedMs":1,"bytes":7367,"phase":"complete","outcome":"ok"}
[http-timing] {"sequence":55,"method":"GET","routeClass":"timeline","status":200,"headerElapsedMs":0,"bodyElapsedMs":0,"totalElapsedMs":0,"bytes":82,"phase":"complete","outcome":"ok"}
[http-timing] {"sequence":56,"method":"GET","routeClass":"tap","status":200,"headerElapsedMs":1,"bodyElapsedMs":0,"totalElapsedMs":1,"bytes":7505,"phase":"complete","outcome":"ok"}
[http-timing] {"sequence":57,"method":"GET","routeClass":"timeline","status":200,"headerElapsedMs":1,"bodyElapsedMs":0,"totalElapsedMs":1,"bytes":82,"phase":"complete","outcome":"ok"}
[http-timing] {"sequence":58,"method":"GET","routeClass":"tap","status":200,"headerElapsedMs":1,"bodyElapsedMs":0,"totalElapsedMs":1,"bytes":7636,"phase":"complete","outcome":"ok"}
[http-timing] {"sequence":59,"method":"GET","routeClass":"timeline","status":200,"headerElapsedMs":0,"bodyElapsedMs":0,"totalElapsedMs":0,"bytes":82,"phase":"complete","outcome":"ok"}
[http-timing] {"sequence":60,"method":"GET","routeClass":"tap","status":200,"headerElapsedMs":1,"bodyElapsedMs":0,"totalElapsedMs":1,"bytes":7768,"phase":"complete","outcome":"ok"}
[http-timing] {"sequence":61,"method":"GET","routeClass":"timeline","status":200,"headerElapsedMs":1,"bodyElapsedMs":0,"totalElapsedMs":1,"bytes":82,"phase":"complete","outcome":"ok"}
[http-timing] {"sequence":62,"method":"GET","routeClass":"tap","status":200,"headerElapsedMs":1,"bodyElapsedMs":0,"totalElapsedMs":1,"bytes":7768,"phase":"complete","outcome":"ok"}
[http-timing] {"sequence":63,"method":"GET","routeClass":"timeline","status":200,"headerElapsedMs":0,"bodyElapsedMs":0,"totalElapsedMs":0,"bytes":82,"phase":"complete","outcome":"ok"}
[http-timing] {"sequence":64,"method":"GET","routeClass":"tap","status":200,"headerElapsedMs":1,"bodyElapsedMs":0,"totalElapsedMs":1,"bytes":7905,"phase":"complete","outcome":"ok"}
[http-timing] {"sequence":65,"method":"GET","routeClass":"timeline","status":200,"headerElapsedMs":1,"bodyElapsedMs":0,"totalElapsedMs":1,"bytes":82,"phase":"complete","outcome":"ok"}
[http-timing] {"sequence":66,"method":"GET","routeClass":"tap","status":200,"headerElapsedMs":1,"bodyElapsedMs":0,"totalElapsedMs":1,"bytes":8039,"phase":"complete","outcome":"ok"}
[http-timing] {"sequence":67,"method":"GET","routeClass":"timeline","status":200,"headerElapsedMs":0,"bodyElapsedMs":0,"totalElapsedMs":0,"bytes":82,"phase":"complete","outcome":"ok"}
[http-timing] {"sequence":68,"method":"GET","routeClass":"tap","status":200,"headerElapsedMs":1,"bodyElapsedMs":0,"totalElapsedMs":1,"bytes":8173,"phase":"complete","outcome":"ok"}
[http-timing] {"sequence":69,"method":"GET","routeClass":"timeline","status":200,"headerElapsedMs":0,"bodyElapsedMs":0,"totalElapsedMs":0,"bytes":82,"phase":"complete","outcome":"ok"}
[http-timing] {"sequence":70,"method":"GET","routeClass":"tap","status":200,"headerElapsedMs":1,"bodyElapsedMs":0,"totalElapsedMs":1,"bytes":8304,"phase":"complete","outcome":"ok"}
[http-timing] {"sequence":71,"method":"GET","routeClass":"timeline","status":200,"headerElapsedMs":0,"bodyElapsedMs":0,"totalElapsedMs":0,"bytes":82,"phase":"complete","outcome":"ok"}
[http-timing] {"sequence":72,"method":"GET","routeClass":"tap","status":200,"headerElapsedMs":1,"bodyElapsedMs":0,"totalElapsedMs":1,"bytes":8305,"phase":"complete","outcome":"ok"}
[http-timing] {"sequence":73,"method":"GET","routeClass":"timeline","status":200,"headerElapsedMs":0,"bodyElapsedMs":0,"totalElapsedMs":0,"bytes":82,"phase":"complete","outcome":"ok"}
[http-timing] {"sequence":74,"method":"GET","routeClass":"tap","status":200,"headerElapsedMs":1,"bodyElapsedMs":0,"totalElapsedMs":1,"bytes":8441,"phase":"complete","outcome":"ok"}
[http-timing] {"sequence":75,"method":"GET","routeClass":"timeline","status":200,"headerElapsedMs":0,"bodyElapsedMs":0,"totalElapsedMs":1,"bytes":82,"phase":"complete","outcome":"ok"}
[http-timing] {"sequence":76,"method":"GET","routeClass":"tap","status":200,"headerElapsedMs":1,"bodyElapsedMs":0,"totalElapsedMs":1,"bytes":8578,"phase":"complete","outcome":"ok"}
[http-timing] {"sequence":77,"method":"GET","routeClass":"timeline","status":200,"headerElapsedMs":0,"bodyElapsedMs":0,"totalElapsedMs":0,"bytes":82,"phase":"complete","outcome":"ok"}
[http-timing] {"sequence":78,"method":"GET","routeClass":"tap","status":200,"headerElapsedMs":1,"bodyElapsedMs":0,"totalElapsedMs":1,"bytes":8713,"phase":"complete","outcome":"ok"}
[http-timing] {"sequence":79,"method":"GET","routeClass":"timeline","status":200,"headerElapsedMs":0,"bodyElapsedMs":0,"totalElapsedMs":0,"bytes":82,"phase":"complete","outcome":"ok"}
[http-timing] {"sequence":80,"method":"GET","routeClass":"tap","status":200,"headerElapsedMs":2,"bodyElapsedMs":0,"totalElapsedMs":2,"bytes":8844,"phase":"complete","outcome":"ok"}
[http-timing] {"sequence":81,"method":"GET","routeClass":"timeline","status":200,"headerElapsedMs":0,"bodyElapsedMs":0,"totalElapsedMs":0,"bytes":82,"phase":"complete","outcome":"ok"}
[http-timing] {"sequence":82,"method":"GET","routeClass":"tap","status":200,"headerElapsedMs":1,"bodyElapsedMs":0,"totalElapsedMs":1,"bytes":8846,"phase":"complete","outcome":"ok"}
[http-timing] {"sequence":83,"method":"GET","routeClass":"timeline","status":200,"headerElapsedMs":0,"bodyElapsedMs":0,"totalElapsedMs":0,"bytes":82,"phase":"complete","outcome":"ok"}
[http-timing] {"sequence":84,"method":"GET","routeClass":"tap","status":200,"headerElapsedMs":1,"bodyElapsedMs":0,"totalElapsedMs":1,"bytes":8985,"phase":"complete","outcome":"ok"}
[http-timing] {"sequence":85,"method":"GET","routeClass":"timeline","status":200,"headerElapsedMs":0,"bodyElapsedMs":0,"totalElapsedMs":0,"bytes":82,"phase":"complete","outcome":"ok"}
[http-timing] {"sequence":86,"method":"GET","routeClass":"tap","status":200,"headerElapsedMs":1,"bodyElapsedMs":0,"totalElapsedMs":1,"bytes":9117,"phase":"complete","outcome":"ok"}
[http-timing] {"sequence":87,"method":"GET","routeClass":"timeline","status":200,"headerElapsedMs":0,"bodyElapsedMs":0,"totalElapsedMs":0,"bytes":82,"phase":"complete","outcome":"ok"}
[http-timing] {"sequence":88,"method":"GET","routeClass":"tap","status":200,"headerElapsedMs":1,"bodyElapsedMs":0,"totalElapsedMs":1,"bytes":9254,"phase":"complete","outcome":"ok"}
[http-timing] {"sequence":89,"method":"GET","routeClass":"timeline","status":200,"headerElapsedMs":0,"bodyElapsedMs":0,"totalElapsedMs":0,"bytes":82,"phase":"complete","outcome":"ok"}
[http-timing] {"sequence":90,"method":"GET","routeClass":"tap","status":200,"headerElapsedMs":1,"bodyElapsedMs":0,"totalElapsedMs":1,"bytes":9250,"phase":"complete","outcome":"ok"}
[http-timing] {"sequence":91,"method":"GET","routeClass":"timeline","status":200,"headerElapsedMs":0,"bodyElapsedMs":0,"totalElapsedMs":0,"bytes":82,"phase":"complete","outcome":"ok"}
[http-timing] {"sequence":92,"method":"GET","routeClass":"tap","status":200,"headerElapsedMs":1,"bodyElapsedMs":0,"totalElapsedMs":1,"bytes":9383,"phase":"complete","outcome":"ok"}
[http-timing] {"sequence":93,"method":"GET","routeClass":"timeline","status":200,"headerElapsedMs":1,"bodyElapsedMs":0,"totalElapsedMs":1,"bytes":82,"phase":"complete","outcome":"ok"}
[http-timing] {"sequence":94,"method":"GET","routeClass":"tap","status":200,"headerElapsedMs":1,"bodyElapsedMs":0,"totalElapsedMs":1,"bytes":9519,"phase":"complete","outcome":"ok"}
[http-timing] {"sequence":95,"method":"GET","routeClass":"timeline","status":200,"headerElapsedMs":1,"bodyElapsedMs":0,"totalElapsedMs":1,"bytes":82,"phase":"complete","outcome":"ok"}
[http-timing] {"sequence":96,"method":"GET","routeClass":"tap","status":200,"headerElapsedMs":1,"bodyElapsedMs":0,"totalElapsedMs":1,"bytes":10072,"phase":"complete","outcome":"ok"}
[http-timing] {"sequence":97,"method":"GET","routeClass":"timeline","status":200,"headerElapsedMs":0,"bodyElapsedMs":0,"totalElapsedMs":0,"bytes":82,"phase":"complete","outcome":"ok"}
[http-timing] {"sequence":98,"method":"GET","routeClass":"tap","status":200,"headerElapsedMs":1,"bodyElapsedMs":0,"totalElapsedMs":1,"bytes":10254,"phase":"complete","outcome":"ok"}
[http-timing] {"sequence":99,"method":"GET","routeClass":"timeline","status":200,"headerElapsedMs":0,"bodyElapsedMs":0,"totalElapsedMs":0,"bytes":82,"phase":"complete","outcome":"ok"}
[http-timing] {"sequence":100,"method":"GET","routeClass":"tap","status":200,"headerElapsedMs":1,"bodyElapsedMs":0,"totalElapsedMs":1,"bytes":10256,"phase":"complete","outcome":"ok"}
[http-timing] {"sequence":101,"method":"GET","routeClass":"timeline","status":200,"headerElapsedMs":0,"bodyElapsedMs":0,"totalElapsedMs":0,"bytes":82,"phase":"complete","outcome":"ok"}
[http-timing] {"sequence":102,"method":"GET","routeClass":"tap","status":200,"headerElapsedMs":1,"bodyElapsedMs":0,"totalElapsedMs":1,"bytes":10433,"phase":"complete","outcome":"ok"}
[http-timing] {"sequence":103,"method":"GET","routeClass":"timeline","status":200,"headerElapsedMs":0,"bodyElapsedMs":0,"totalElapsedMs":0,"bytes":82,"phase":"complete","outcome":"ok"}
[http-timing] {"sequence":104,"method":"GET","routeClass":"tap","status":200,"headerElapsedMs":1,"bodyElapsedMs":0,"totalElapsedMs":1,"bytes":10617,"phase":"complete","outcome":"ok"}
[http-timing] {"sequence":105,"method":"GET","routeClass":"timeline","status":200,"headerElapsedMs":0,"bodyElapsedMs":0,"totalElapsedMs":1,"bytes":82,"phase":"complete","outcome":"ok"}
[http-timing] {"sequence":106,"method":"GET","routeClass":"tap","status":200,"headerElapsedMs":1,"bodyElapsedMs":0,"totalElapsedMs":1,"bytes":10686,"phase":"complete","outcome":"ok"}
[http-timing] {"sequence":107,"method":"GET","routeClass":"timeline","status":200,"headerElapsedMs":0,"bodyElapsedMs":0,"totalElapsedMs":0,"bytes":82,"phase":"complete","outcome":"ok"}
[http-timing] {"sequence":108,"method":"GET","routeClass":"tap","status":200,"headerElapsedMs":1,"bodyElapsedMs":0,"totalElapsedMs":1,"bytes":10723,"phase":"complete","outcome":"ok"}
[http-timing] {"sequence":109,"method":"GET","routeClass":"timeline","status":200,"headerElapsedMs":0,"bodyElapsedMs":0,"totalElapsedMs":0,"bytes":82,"phase":"complete","outcome":"ok"}
[http-timing] {"sequence":110,"method":"GET","routeClass":"tap","status":200,"headerElapsedMs":1,"bodyElapsedMs":0,"totalElapsedMs":1,"bytes":10721,"phase":"complete","outcome":"ok"}
[http-timing] {"sequence":111,"method":"GET","routeClass":"timeline","status":200,"headerElapsedMs":0,"bodyElapsedMs":0,"totalElapsedMs":0,"bytes":82,"phase":"complete","outcome":"ok"}
[http-timing] {"sequence":112,"method":"GET","routeClass":"tap","status":200,"headerElapsedMs":1,"bodyElapsedMs":0,"totalElapsedMs":1,"bytes":10779,"phase":"complete","outcome":"ok"}
[http-timing] {"sequence":113,"method":"GET","routeClass":"timeline","status":200,"headerElapsedMs":0,"bodyElapsedMs":0,"totalElapsedMs":0,"bytes":82,"phase":"complete","outcome":"ok"}
[http-timing] {"sequence":114,"method":"GET","routeClass":"tap","status":200,"headerElapsedMs":1,"bodyElapsedMs":0,"totalElapsedMs":1,"bytes":10834,"phase":"complete","outcome":"ok"}
[http-timing] {"sequence":115,"method":"GET","routeClass":"timeline","status":200,"headerElapsedMs":0,"bodyElapsedMs":0,"totalElapsedMs":0,"bytes":82,"phase":"complete","outcome":"ok"}
[http-timing] {"sequence":116,"method":"GET","routeClass":"tap","status":200,"headerElapsedMs":1,"bodyElapsedMs":0,"totalElapsedMs":1,"bytes":10887,"phase":"complete","outcome":"ok"}
[http-timing] {"sequence":117,"method":"GET","routeClass":"timeline","status":200,"headerElapsedMs":0,"bodyElapsedMs":0,"totalElapsedMs":0,"bytes":82,"phase":"complete","outcome":"ok"}
[http-timing] {"sequence":118,"method":"GET","routeClass":"tap","status":200,"headerElapsedMs":1,"bodyElapsedMs":0,"totalElapsedMs":1,"bytes":10886,"phase":"complete","outcome":"ok"}
[http-timing] {"sequence":119,"method":"GET","routeClass":"timeline","status":200,"headerElapsedMs":0,"bodyElapsedMs":0,"totalElapsedMs":0,"bytes":82,"phase":"complete","outcome":"ok"}
[http-timing] {"sequence":120,"method":"GET","routeClass":"tap","status":200,"headerElapsedMs":1,"bodyElapsedMs":0,"totalElapsedMs":1,"bytes":10935,"phase":"complete","outcome":"ok"}
[http-timing] {"sequence":121,"method":"GET","routeClass":"timeline","status":200,"headerElapsedMs":0,"bodyElapsedMs":0,"totalElapsedMs":0,"bytes":82,"phase":"complete","outcome":"ok"}
[http-timing] {"sequence":122,"method":"GET","routeClass":"tap","status":200,"headerElapsedMs":1,"bodyElapsedMs":0,"totalElapsedMs":1,"bytes":10977,"phase":"complete","outcome":"ok"}
[http-timing] {"sequence":123,"method":"GET","routeClass":"timeline","status":200,"headerElapsedMs":0,"bodyElapsedMs":0,"totalElapsedMs":0,"bytes":82,"phase":"complete","outcome":"ok"}
[http-timing] {"sequence":124,"method":"GET","routeClass":"tap","status":200,"headerElapsedMs":1,"bodyElapsedMs":0,"totalElapsedMs":1,"bytes":11023,"phase":"complete","outcome":"ok"}
[http-timing] {"sequence":125,"method":"GET","routeClass":"timeline","status":200,"headerElapsedMs":0,"bodyElapsedMs":0,"totalElapsedMs":0,"bytes":82,"phase":"complete","outcome":"ok"}
[http-timing] {"sequence":126,"method":"GET","routeClass":"tap","status":200,"headerElapsedMs":1,"bodyElapsedMs":0,"totalElapsedMs":1,"bytes":11064,"phase":"complete","outcome":"ok"}
[http-timing] {"sequence":127,"method":"GET","routeClass":"timeline","status":200,"headerElapsedMs":0,"bodyElapsedMs":0,"totalElapsedMs":0,"bytes":82,"phase":"complete","outcome":"ok"}
[http-timing] {"sequence":128,"method":"GET","routeClass":"tap","status":200,"headerElapsedMs":1,"bodyElapsedMs":0,"totalElapsedMs":1,"bytes":11064,"phase":"complete","outcome":"ok"}
[http-timing] {"sequence":129,"method":"GET","routeClass":"timeline","status":200,"headerElapsedMs":0,"bodyElapsedMs":0,"totalElapsedMs":0,"bytes":82,"phase":"complete","outcome":"ok"}
[http-timing] {"sequence":130,"method":"GET","routeClass":"tap","status":200,"headerElapsedMs":1,"bodyElapsedMs":0,"totalElapsedMs":1,"bytes":11101,"phase":"complete","outcome":"ok"}
[http-timing] {"sequence":131,"method":"GET","routeClass":"timeline","status":200,"headerElapsedMs":0,"bodyElapsedMs":0,"totalElapsedMs":0,"bytes":82,"phase":"complete","outcome":"ok"}
[http-timing] {"sequence":132,"method":"GET","routeClass":"tap","status":200,"headerElapsedMs":1,"bodyElapsedMs":0,"totalElapsedMs":1,"bytes":11157,"phase":"complete","outcome":"ok"}
[http-timing] {"sequence":133,"method":"GET","routeClass":"timeline","status":200,"headerElapsedMs":0,"bodyElapsedMs":0,"totalElapsedMs":0,"bytes":82,"phase":"complete","outcome":"ok"}
[http-timing] {"sequence":134,"method":"GET","routeClass":"tap","status":200,"headerElapsedMs":1,"bodyElapsedMs":0,"totalElapsedMs":1,"bytes":11203,"phase":"complete","outcome":"ok"}
[http-timing] {"sequence":135,"method":"GET","routeClass":"timeline","status":200,"headerElapsedMs":0,"bodyElapsedMs":0,"totalElapsedMs":0,"bytes":82,"phase":"complete","outcome":"ok"}
[http-timing] {"sequence":136,"method":"GET","routeClass":"tap","status":200,"headerElapsedMs":1,"bodyElapsedMs":0,"totalElapsedMs":1,"bytes":11248,"phase":"complete","outcome":"ok"}
[http-timing] {"sequence":137,"method":"GET","routeClass":"timeline","status":200,"headerElapsedMs":1,"bodyElapsedMs":0,"totalElapsedMs":1,"bytes":82,"phase":"complete","outcome":"ok"}
[http-timing] {"sequence":138,"method":"GET","routeClass":"tap","status":200,"headerElapsedMs":1,"bodyElapsedMs":0,"totalElapsedMs":1,"bytes":11250,"phase":"complete","outcome":"ok"}
[http-timing] {"sequence":139,"method":"GET","routeClass":"timeline","status":200,"headerElapsedMs":0,"bodyElapsedMs":0,"totalElapsedMs":0,"bytes":82,"phase":"complete","outcome":"ok"}
[http-timing] {"sequence":140,"method":"GET","routeClass":"tap","status":200,"headerElapsedMs":1,"bodyElapsedMs":0,"totalElapsedMs":1,"bytes":11286,"phase":"complete","outcome":"ok"}
[http-timing] {"sequence":141,"method":"GET","routeClass":"timeline","status":200,"headerElapsedMs":0,"bodyElapsedMs":0,"totalElapsedMs":0,"bytes":82,"phase":"complete","outcome":"ok"}
[http-timing] {"sequence":142,"method":"GET","routeClass":"tap","status":200,"headerElapsedMs":1,"bodyElapsedMs":0,"totalElapsedMs":1,"bytes":11335,"phase":"complete","outcome":"ok"}
[http-timing] {"sequence":143,"method":"GET","routeClass":"timeline","status":200,"headerElapsedMs":0,"bodyElapsedMs":0,"totalElapsedMs":0,"bytes":82,"phase":"complete","outcome":"ok"}
[http-timing] {"sequence":144,"method":"GET","routeClass":"tap","status":200,"headerElapsedMs":1,"bodyElapsedMs":0,"totalElapsedMs":1,"bytes":11378,"phase":"complete","outcome":"ok"}
[http-timing] {"sequence":145,"method":"GET","routeClass":"timeline","status":200,"headerElapsedMs":0,"bodyElapsedMs":0,"totalElapsedMs":0,"bytes":82,"phase":"complete","outcome":"ok"}
[http-timing] {"sequence":146,"method":"GET","routeClass":"tap","status":200,"headerElapsedMs":1,"bodyElapsedMs":0,"totalElapsedMs":1,"bytes":11378,"phase":"complete","outcome":"ok"}
[http-timing] {"sequence":147,"method":"GET","routeClass":"timeline","status":200,"headerElapsedMs":0,"bodyElapsedMs":0,"totalElapsedMs":0,"bytes":82,"phase":"complete","outcome":"ok"}
[http-timing] {"sequence":148,"method":"GET","routeClass":"tap","status":200,"headerElapsedMs":1,"bodyElapsedMs":0,"totalElapsedMs":1,"bytes":11430,"phase":"complete","outcome":"ok"}
[http-timing] {"sequence":149,"method":"GET","routeClass":"timeline","status":200,"headerElapsedMs":0,"bodyElapsedMs":0,"totalElapsedMs":0,"bytes":82,"phase":"complete","outcome":"ok"}
[http-timing] {"sequence":150,"method":"GET","routeClass":"tap","status":200,"headerElapsedMs":1,"bodyElapsedMs":0,"totalElapsedMs":1,"bytes":11475,"phase":"complete","outcome":"ok"}
[http-timing] {"sequence":151,"method":"GET","routeClass":"timeline","status":200,"headerElapsedMs":0,"bodyElapsedMs":0,"totalElapsedMs":0,"bytes":82,"phase":"complete","outcome":"ok"}
[http-timing] {"sequence":152,"method":"GET","routeClass":"tap","status":200,"headerElapsedMs":1,"bodyElapsedMs":0,"totalElapsedMs":1,"bytes":11515,"phase":"complete","outcome":"ok"}
[http-timing] {"sequence":153,"method":"GET","routeClass":"timeline","status":200,"headerElapsedMs":0,"bodyElapsedMs":0,"totalElapsedMs":0,"bytes":82,"phase":"complete","outcome":"ok"}
[http-timing] {"sequence":154,"method":"GET","routeClass":"tap","status":200,"headerElapsedMs":1,"bodyElapsedMs":0,"totalElapsedMs":1,"bytes":11553,"phase":"complete","outcome":"ok"}
[http-timing] {"sequence":155,"method":"GET","routeClass":"timeline","status":200,"headerElapsedMs":0,"bodyElapsedMs":0,"totalElapsedMs":0,"bytes":82,"phase":"complete","outcome":"ok"}
[http-timing] {"sequence":156,"method":"GET","routeClass":"tap","status":200,"headerElapsedMs":1,"bodyElapsedMs":0,"totalElapsedMs":1,"bytes":11553,"phase":"complete","outcome":"ok"}
[http-timing] {"sequence":157,"method":"GET","routeClass":"timeline","status":200,"headerElapsedMs":0,"bodyElapsedMs":0,"totalElapsedMs":0,"bytes":82,"phase":"complete","outcome":"ok"}
[http-timing] {"sequence":158,"method":"GET","routeClass":"tap","status":200,"headerElapsedMs":1,"bodyElapsedMs":0,"totalElapsedMs":1,"bytes":11599,"phase":"complete","outcome":"ok"}
[http-timing] {"sequence":159,"method":"GET","routeClass":"timeline","status":200,"headerElapsedMs":0,"bodyElapsedMs":0,"totalElapsedMs":0,"bytes":82,"phase":"complete","outcome":"ok"}
[http-timing] {"sequence":160,"method":"GET","routeClass":"tap","status":200,"headerElapsedMs":1,"bodyElapsedMs":0,"totalElapsedMs":1,"bytes":11644,"phase":"complete","outcome":"ok"}
[http-timing] {"sequence":161,"method":"GET","routeClass":"timeline","status":200,"headerElapsedMs":0,"bodyElapsedMs":0,"totalElapsedMs":0,"bytes":82,"phase":"complete","outcome":"ok"}
[http-timing] {"sequence":162,"method":"GET","routeClass":"tap","status":200,"headerElapsedMs":1,"bodyElapsedMs":0,"totalElapsedMs":1,"bytes":11684,"phase":"complete","outcome":"ok"}
[http-timing] {"sequence":163,"method":"GET","routeClass":"timeline","status":200,"headerElapsedMs":0,"bodyElapsedMs":0,"totalElapsedMs":0,"bytes":82,"phase":"complete","outcome":"ok"}
[http-timing] {"sequence":164,"method":"GET","routeClass":"tap","status":200,"headerElapsedMs":1,"bodyElapsedMs":0,"totalElapsedMs":1,"bytes":11737,"phase":"complete","outcome":"ok"}
[http-timing] {"sequence":165,"method":"GET","routeClass":"timeline","status":200,"headerElapsedMs":0,"bodyElapsedMs":0,"totalElapsedMs":0,"bytes":82,"phase":"complete","outcome":"ok"}
[http-timing] {"sequence":166,"method":"GET","routeClass":"tap","status":200,"headerElapsedMs":1,"bodyElapsedMs":0,"totalElapsedMs":1,"bytes":11736,"phase":"complete","outcome":"ok"}
[http-timing] {"sequence":167,"method":"GET","routeClass":"timeline","status":200,"headerElapsedMs":0,"bodyElapsedMs":0,"totalElapsedMs":0,"bytes":82,"phase":"complete","outcome":"ok"}
[http-timing] {"sequence":168,"method":"GET","routeClass":"tap","status":200,"headerElapsedMs":1,"bodyElapsedMs":0,"totalElapsedMs":1,"bytes":11776,"phase":"complete","outcome":"ok"}
[http-timing] {"sequence":169,"method":"GET","routeClass":"timeline","status":200,"headerElapsedMs":0,"bodyElapsedMs":0,"totalElapsedMs":0,"bytes":82,"phase":"complete","outcome":"ok"}
[http-timing] {"sequence":170,"method":"GET","routeClass":"tap","status":200,"headerElapsedMs":1,"bodyElapsedMs":0,"totalElapsedMs":1,"bytes":11820,"phase":"complete","outcome":"ok"}
[http-timing] {"sequence":171,"method":"GET","routeClass":"timeline","status":200,"headerElapsedMs":0,"bodyElapsedMs":0,"totalElapsedMs":0,"bytes":82,"phase":"complete","outcome":"ok"}
[http-timing] {"sequence":172,"method":"GET","routeClass":"tap","status":200,"headerElapsedMs":1,"bodyElapsedMs":0,"totalElapsedMs":1,"bytes":11868,"phase":"complete","outcome":"ok"}
[http-timing] {"sequence":173,"method":"GET","routeClass":"timeline","status":200,"headerElapsedMs":0,"bodyElapsedMs":0,"totalElapsedMs":0,"bytes":82,"phase":"complete","outcome":"ok"}
[http-timing] {"sequence":174,"method":"GET","routeClass":"tap","status":200,"headerElapsedMs":3,"bodyElapsedMs":0,"totalElapsedMs":3,"bytes":11904,"phase":"complete","outcome":"ok"}
[http-timing] {"sequence":175,"method":"GET","routeClass":"timeline","status":200,"headerElapsedMs":0,"bodyElapsedMs":0,"totalElapsedMs":0,"bytes":82,"phase":"complete","outcome":"ok"}
[http-timing] {"sequence":176,"method":"GET","routeClass":"tap","status":200,"headerElapsedMs":1,"bodyElapsedMs":0,"totalElapsedMs":1,"bytes":11907,"phase":"complete","outcome":"ok"}
[http-timing] {"sequence":177,"method":"GET","routeClass":"timeline","status":200,"headerElapsedMs":0,"bodyElapsedMs":0,"totalElapsedMs":0,"bytes":82,"phase":"complete","outcome":"ok"}
[http-timing] {"sequence":178,"method":"GET","routeClass":"tap","status":200,"headerElapsedMs":1,"bodyElapsedMs":0,"totalElapsedMs":1,"bytes":11913,"phase":"complete","outcome":"ok"}
[http-timing] {"sequence":179,"method":"GET","routeClass":"timeline","status":200,"headerElapsedMs":0,"bodyElapsedMs":0,"totalElapsedMs":0,"bytes":82,"phase":"complete","outcome":"ok"}
[http-timing] {"sequence":180,"method":"GET","routeClass":"tap","status":200,"headerElapsedMs":1,"bodyElapsedMs":0,"totalElapsedMs":1,"bytes":11904,"phase":"complete","outcome":"ok"}
[http-timing] {"sequence":181,"method":"GET","routeClass":"timeline","status":200,"headerElapsedMs":1,"bodyElapsedMs":0,"totalElapsedMs":1,"bytes":82,"phase":"complete","outcome":"ok"}
[http-timing] {"sequence":182,"method":"GET","routeClass":"tap","status":200,"headerElapsedMs":1,"bodyElapsedMs":0,"totalElapsedMs":1,"bytes":11910,"phase":"complete","outcome":"ok"}
[http-timing] {"sequence":183,"method":"GET","routeClass":"timeline","status":200,"headerElapsedMs":11,"bodyElapsedMs":0,"totalElapsedMs":11,"bytes":53806,"phase":"complete","outcome":"ok"}
[http-timing] {"sequence":184,"method":"GET","routeClass":"tap","status":200,"headerElapsedMs":1,"bodyElapsedMs":0,"totalElapsedMs":1,"bytes":11910,"phase":"complete","outcome":"ok"}
[http-timing] {"sequence":185,"method":"GET","routeClass":"timeline","status":200,"headerElapsedMs":11,"bodyElapsedMs":0,"totalElapsedMs":11,"bytes":53806,"phase":"complete","outcome":"ok"}
[http-timing] {"sequence":186,"method":"GET","routeClass":"tap","status":200,"headerElapsedMs":1,"bodyElapsedMs":0,"totalElapsedMs":1,"bytes":11908,"phase":"complete","outcome":"ok"}
[http-timing] {"sequence":187,"method":"GET","routeClass":"timeline","status":200,"headerElapsedMs":11,"bodyElapsedMs":0,"totalElapsedMs":11,"bytes":53806,"phase":"complete","outcome":"ok"}
[http-timing] {"sequence":188,"method":"GET","routeClass":"tap","status":200,"headerElapsedMs":1,"bodyElapsedMs":0,"totalElapsedMs":1,"bytes":11907,"phase":"complete","outcome":"ok"}
[http-timing] {"sequence":189,"method":"GET","routeClass":"timeline","status":200,"headerElapsedMs":11,"bodyElapsedMs":0,"totalElapsedMs":11,"bytes":53806,"phase":"complete","outcome":"ok"}
[http-timing] {"sequence":190,"method":"PUT","routeClass":"rule","status":200,"headerElapsedMs":2,"bodyElapsedMs":0,"totalElapsedMs":2,"bytes":520,"phase":"complete","outcome":"ok"}
[http-timing] {"sequence":191,"method":"GET","routeClass":"tap-events","status":200,"headerElapsedMs":6,"bodyElapsedMs":0,"totalElapsedMs":6,"bytes":9841,"phase":"complete","outcome":"ok"}
[pass] S11-CI07 run1 actual tuple EventRecord reference
[http-timing] {"sequence":192,"method":"PUT","routeClass":"rule","status":200,"headerElapsedMs":1,"bodyElapsedMs":0,"totalElapsedMs":1,"bytes":521,"phase":"complete","outcome":"ok"}
[http-timing] {"sequence":193,"method":"GET","routeClass":"timeline","status":200,"headerElapsedMs":11,"bodyElapsedMs":0,"totalElapsedMs":11,"bytes":57038,"phase":"complete","outcome":"ok"}
[timeline-state] [{"kind":"event","referenceMatches":true,"jobPresent":false,"jobState":"not-created","segmentPresent":false,"completeness":"unknown","catalogState":"absent","playable":false}]
[http-timing] {"sequence":194,"method":"GET","routeClass":"timeline","status":200,"headerElapsedMs":11,"bodyElapsedMs":0,"totalElapsedMs":12,"bytes":57038,"phase":"complete","outcome":"ok"}
[http-timing] {"sequence":195,"method":"GET","routeClass":"timeline","status":200,"headerElapsedMs":11,"bodyElapsedMs":0,"totalElapsedMs":11,"bytes":57038,"phase":"complete","outcome":"ok"}
[http-timing] {"sequence":196,"method":"GET","routeClass":"timeline","status":200,"headerElapsedMs":11,"bodyElapsedMs":0,"totalElapsedMs":11,"bytes":57038,"phase":"complete","outcome":"ok"}
[http-timing] {"sequence":197,"method":"GET","routeClass":"timeline","status":200,"headerElapsedMs":10,"bodyElapsedMs":0,"totalElapsedMs":10,"bytes":57038,"phase":"complete","outcome":"ok"}
[http-timing] {"sequence":198,"method":"GET","routeClass":"timeline","status":200,"headerElapsedMs":11,"bodyElapsedMs":0,"totalElapsedMs":11,"bytes":57038,"phase":"complete","outcome":"ok"}
[http-timing] {"sequence":199,"method":"GET","routeClass":"timeline","status":200,"headerElapsedMs":11,"bodyElapsedMs":0,"totalElapsedMs":11,"bytes":57038,"phase":"complete","outcome":"ok"}
[http-timing] {"sequence":200,"method":"GET","routeClass":"timeline","status":200,"headerElapsedMs":11,"bodyElapsedMs":0,"totalElapsedMs":11,"bytes":57038,"phase":"complete","outcome":"ok"}
[http-timing] {"sequence":201,"method":"GET","routeClass":"timeline","status":200,"headerElapsedMs":12,"bodyElapsedMs":0,"totalElapsedMs":12,"bytes":57038,"phase":"complete","outcome":"ok"}
[http-timing] {"sequence":202,"method":"GET","routeClass":"timeline","status":200,"headerElapsedMs":11,"bodyElapsedMs":0,"totalElapsedMs":11,"bytes":57038,"phase":"complete","outcome":"ok"}
[http-timing] {"sequence":203,"method":"GET","routeClass":"timeline","status":200,"headerElapsedMs":11,"bodyElapsedMs":0,"totalElapsedMs":11,"bytes":57038,"phase":"complete","outcome":"ok"}
[http-timing] {"sequence":204,"method":"GET","routeClass":"timeline","status":200,"headerElapsedMs":11,"bodyElapsedMs":0,"totalElapsedMs":11,"bytes":57038,"phase":"complete","outcome":"ok"}
[http-timing] {"sequence":205,"method":"GET","routeClass":"timeline","status":200,"headerElapsedMs":11,"bodyElapsedMs":0,"totalElapsedMs":11,"bytes":57038,"phase":"complete","outcome":"ok"}
[http-timing] {"sequence":206,"method":"GET","routeClass":"timeline","status":200,"headerElapsedMs":11,"bodyElapsedMs":0,"totalElapsedMs":11,"bytes":57038,"phase":"complete","outcome":"ok"}
[http-timing] {"sequence":207,"method":"GET","routeClass":"timeline","status":200,"headerElapsedMs":11,"bodyElapsedMs":0,"totalElapsedMs":11,"bytes":57038,"phase":"complete","outcome":"ok"}
[http-timing] {"sequence":208,"method":"GET","routeClass":"timeline","status":200,"headerElapsedMs":11,"bodyElapsedMs":0,"totalElapsedMs":11,"bytes":57038,"phase":"complete","outcome":"ok"}
[http-timing] {"sequence":209,"method":"GET","routeClass":"timeline","status":200,"headerElapsedMs":11,"bodyElapsedMs":0,"totalElapsedMs":11,"bytes":57038,"phase":"complete","outcome":"ok"}
[http-timing] {"sequence":210,"method":"GET","routeClass":"timeline","status":200,"headerElapsedMs":11,"bodyElapsedMs":0,"totalElapsedMs":11,"bytes":57038,"phase":"complete","outcome":"ok"}
[http-timing] {"sequence":211,"method":"GET","routeClass":"timeline","status":200,"headerElapsedMs":11,"bodyElapsedMs":0,"totalElapsedMs":11,"bytes":57038,"phase":"complete","outcome":"ok"}
[http-timing] {"sequence":212,"method":"GET","routeClass":"timeline","status":200,"headerElapsedMs":11,"bodyElapsedMs":0,"totalElapsedMs":11,"bytes":57038,"phase":"complete","outcome":"ok"}
[http-timing] {"sequence":213,"method":"GET","routeClass":"timeline","status":200,"headerElapsedMs":11,"bodyElapsedMs":0,"totalElapsedMs":11,"bytes":57038,"phase":"complete","outcome":"ok"}
[http-timing] {"sequence":214,"method":"GET","routeClass":"timeline","status":200,"headerElapsedMs":11,"bodyElapsedMs":0,"totalElapsedMs":11,"bytes":57038,"phase":"complete","outcome":"ok"}
[http-timing] {"sequence":215,"method":"GET","routeClass":"timeline","status":200,"headerElapsedMs":13,"bodyElapsedMs":0,"totalElapsedMs":13,"bytes":57038,"phase":"complete","outcome":"ok"}
[http-timing] {"sequence":216,"method":"GET","routeClass":"timeline","status":200,"headerElapsedMs":11,"bodyElapsedMs":0,"totalElapsedMs":11,"bytes":57038,"phase":"complete","outcome":"ok"}
[http-timing] {"sequence":217,"method":"GET","routeClass":"timeline","status":200,"headerElapsedMs":11,"bodyElapsedMs":0,"totalElapsedMs":11,"bytes":57038,"phase":"complete","outcome":"ok"}
[http-timing] {"sequence":218,"method":"GET","routeClass":"timeline","status":200,"headerElapsedMs":11,"bodyElapsedMs":0,"totalElapsedMs":11,"bytes":57038,"phase":"complete","outcome":"ok"}
[http-timing] {"sequence":219,"method":"GET","routeClass":"timeline","status":200,"headerElapsedMs":13,"bodyElapsedMs":0,"totalElapsedMs":13,"bytes":57038,"phase":"complete","outcome":"ok"}
[http-timing] {"sequence":220,"method":"GET","routeClass":"timeline","status":200,"headerElapsedMs":11,"bodyElapsedMs":0,"totalElapsedMs":11,"bytes":57038,"phase":"complete","outcome":"ok"}
[http-timing] {"sequence":221,"method":"GET","routeClass":"timeline","status":200,"headerElapsedMs":11,"bodyElapsedMs":0,"totalElapsedMs":11,"bytes":57038,"phase":"complete","outcome":"ok"}
[http-timing] {"sequence":222,"method":"GET","routeClass":"timeline","status":200,"headerElapsedMs":11,"bodyElapsedMs":0,"totalElapsedMs":11,"bytes":57038,"phase":"complete","outcome":"ok"}
[http-timing] {"sequence":223,"method":"GET","routeClass":"timeline","status":200,"headerElapsedMs":11,"bodyElapsedMs":0,"totalElapsedMs":11,"bytes":57038,"phase":"complete","outcome":"ok"}
[http-timing] {"sequence":224,"method":"GET","routeClass":"timeline","status":200,"headerElapsedMs":12,"bodyElapsedMs":0,"totalElapsedMs":12,"bytes":57038,"phase":"complete","outcome":"ok"}
[http-timing] {"sequence":225,"method":"GET","routeClass":"timeline","status":200,"headerElapsedMs":11,"bodyElapsedMs":0,"totalElapsedMs":11,"bytes":57038,"phase":"complete","outcome":"ok"}
[http-timing] {"sequence":226,"method":"GET","routeClass":"timeline","status":200,"headerElapsedMs":84,"bodyElapsedMs":0,"totalElapsedMs":84,"bytes":57038,"phase":"complete","outcome":"ok"}
[http-timing] {"sequence":227,"method":"GET","routeClass":"timeline","status":200,"headerElapsedMs":92,"bodyElapsedMs":0,"totalElapsedMs":92,"bytes":57079,"phase":"complete","outcome":"ok"}
[http-timing] {"sequence":228,"method":"GET","routeClass":"timeline","status":200,"headerElapsedMs":11,"bodyElapsedMs":0,"totalElapsedMs":11,"bytes":57079,"phase":"complete","outcome":"ok"}
[http-timing] {"sequence":229,"method":"GET","routeClass":"timeline","status":200,"headerElapsedMs":11,"bodyElapsedMs":0,"totalElapsedMs":12,"bytes":57079,"phase":"complete","outcome":"ok"}
[http-timing] {"sequence":230,"method":"GET","routeClass":"timeline","status":200,"headerElapsedMs":12,"bodyElapsedMs":0,"totalElapsedMs":12,"bytes":57079,"phase":"complete","outcome":"ok"}
[http-timing] {"sequence":231,"method":"GET","routeClass":"timeline","status":200,"headerElapsedMs":11,"bodyElapsedMs":0,"totalElapsedMs":11,"bytes":57079,"phase":"complete","outcome":"ok"}
[http-timing] {"sequence":232,"method":"GET","routeClass":"timeline","status":200,"headerElapsedMs":11,"bodyElapsedMs":0,"totalElapsedMs":11,"bytes":57079,"phase":"complete","outcome":"ok"}
[http-timing] {"sequence":233,"method":"GET","routeClass":"timeline","status":200,"headerElapsedMs":11,"bodyElapsedMs":0,"totalElapsedMs":11,"bytes":57079,"phase":"complete","outcome":"ok"}
[http-timing] {"sequence":234,"method":"GET","routeClass":"timeline","status":200,"headerElapsedMs":11,"bodyElapsedMs":0,"totalElapsedMs":11,"bytes":57079,"phase":"complete","outcome":"ok"}
[http-timing] {"sequence":235,"method":"GET","routeClass":"timeline","status":200,"headerElapsedMs":11,"bodyElapsedMs":0,"totalElapsedMs":11,"bytes":57079,"phase":"complete","outcome":"ok"}
[http-timing] {"sequence":236,"method":"GET","routeClass":"timeline","status":200,"headerElapsedMs":11,"bodyElapsedMs":0,"totalElapsedMs":11,"bytes":57079,"phase":"complete","outcome":"ok"}
[http-timing] {"sequence":237,"method":"GET","routeClass":"timeline","status":200,"headerElapsedMs":11,"bodyElapsedMs":0,"totalElapsedMs":11,"bytes":57079,"phase":"complete","outcome":"ok"}
[http-timing] {"sequence":238,"method":"GET","routeClass":"timeline","status":200,"headerElapsedMs":11,"bodyElapsedMs":0,"totalElapsedMs":11,"bytes":57079,"phase":"complete","outcome":"ok"}
[http-timing] {"sequence":239,"method":"GET","routeClass":"timeline","status":200,"headerElapsedMs":11,"bodyElapsedMs":0,"totalElapsedMs":11,"bytes":57079,"phase":"complete","outcome":"ok"}
[http-timing] {"sequence":240,"method":"GET","routeClass":"timeline","status":200,"headerElapsedMs":11,"bodyElapsedMs":0,"totalElapsedMs":11,"bytes":57079,"phase":"complete","outcome":"ok"}
[http-timing] {"sequence":241,"method":"GET","routeClass":"timeline","status":200,"headerElapsedMs":939,"bodyElapsedMs":0,"totalElapsedMs":939,"bytes":113643,"phase":"complete","outcome":"ok"}
[http-timing] {"sequence":242,"method":"GET","routeClass":"timeline","status":200,"headerElapsedMs":686,"bodyElapsedMs":0,"totalElapsedMs":686,"bytes":86886,"phase":"complete","outcome":"ok"}
[http-timing] {"sequence":243,"method":"GET","routeClass":"timeline","status":200,"headerElapsedMs":165,"bodyElapsedMs":0,"totalElapsedMs":165,"bytes":125013,"phase":"complete","outcome":"ok"}
[http-timing] {"sequence":244,"method":"GET","routeClass":"timeline","status":200,"headerElapsedMs":98,"bodyElapsedMs":0,"totalElapsedMs":98,"bytes":86886,"phase":"complete","outcome":"ok"}
[http-timing] {"sequence":245,"method":"GET","routeClass":"timeline","status":200,"headerElapsedMs":98,"bodyElapsedMs":0,"totalElapsedMs":98,"bytes":125013,"phase":"complete","outcome":"ok"}
[http-timing] {"sequence":246,"method":"GET","routeClass":"timeline","status":200,"headerElapsedMs":2941,"bodyElapsedMs":0,"totalElapsedMs":2941,"bytes":86886,"phase":"complete","outcome":"ok"}
[http-timing] {"sequence":247,"method":"GET","routeClass":"timeline","status":200,"headerElapsedMs":1677,"bodyElapsedMs":0,"totalElapsedMs":1677,"bytes":129108,"phase":"complete","outcome":"ok"}
[http-timing] {"sequence":248,"method":"GET","routeClass":"timeline","status":200,"headerElapsedMs":3913,"bodyElapsedMs":0,"totalElapsedMs":3913,"bytes":121824,"phase":"complete","outcome":"ok"}
[http-timing] {"sequence":249,"method":"GET","routeClass":"timeline","status":200,"headerElapsedMs":191,"bodyElapsedMs":0,"totalElapsedMs":191,"bytes":102934,"phase":"complete","outcome":"ok"}
[http-timing] {"sequence":250,"method":"GET","routeClass":"timeline","status":200,"headerElapsedMs":193,"bodyElapsedMs":0,"totalElapsedMs":193,"bytes":82610,"phase":"complete","outcome":"ok"}
[http-timing] {"sequence":251,"method":"GET","routeClass":"timeline","status":200,"headerElapsedMs":190,"bodyElapsedMs":0,"totalElapsedMs":190,"bytes":14955,"phase":"complete","outcome":"ok"}
[http-timing] {"sequence":252,"method":"GET","routeClass":"timeline","status":200,"headerElapsedMs":192,"bodyElapsedMs":0,"totalElapsedMs":193,"bytes":129810,"phase":"complete","outcome":"ok"}
[http-timing] {"sequence":253,"method":"GET","routeClass":"timeline","status":200,"headerElapsedMs":193,"bodyElapsedMs":0,"totalElapsedMs":194,"bytes":121824,"phase":"complete","outcome":"ok"}
[http-timing] {"sequence":254,"method":"GET","routeClass":"timeline","status":200,"headerElapsedMs":192,"bodyElapsedMs":0,"totalElapsedMs":192,"bytes":102934,"phase":"complete","outcome":"ok"}
[http-timing] {"sequence":255,"method":"GET","routeClass":"timeline","status":200,"headerElapsedMs":191,"bodyElapsedMs":0,"totalElapsedMs":191,"bytes":82610,"phase":"complete","outcome":"ok"}
[http-timing] {"sequence":256,"method":"GET","routeClass":"timeline","status":200,"headerElapsedMs":716,"bodyElapsedMs":0,"totalElapsedMs":716,"bytes":14955,"phase":"complete","outcome":"ok"}
[http-timing] {"sequence":257,"method":"GET","routeClass":"timeline","status":200,"headerElapsedMs":816,"bodyElapsedMs":0,"totalElapsedMs":816,"bytes":129851,"phase":"complete","outcome":"ok"}
[http-timing] {"sequence":258,"method":"GET","routeClass":"timeline","status":200,"headerElapsedMs":194,"bodyElapsedMs":0,"totalElapsedMs":194,"bytes":121824,"phase":"complete","outcome":"ok"}
[http-timing] {"sequence":259,"method":"GET","routeClass":"timeline","status":200,"headerElapsedMs":195,"bodyElapsedMs":0,"totalElapsedMs":195,"bytes":102934,"phase":"complete","outcome":"ok"}
[http-timing] {"sequence":260,"method":"GET","routeClass":"timeline","status":200,"headerElapsedMs":194,"bodyElapsedMs":0,"totalElapsedMs":195,"bytes":82610,"phase":"complete","outcome":"ok"}
[http-timing] {"sequence":261,"method":"GET","routeClass":"timeline","status":200,"headerElapsedMs":192,"bodyElapsedMs":0,"totalElapsedMs":192,"bytes":14955,"phase":"complete","outcome":"ok"}
[http-timing] {"sequence":262,"method":"GET","routeClass":"timeline","status":200,"headerElapsedMs":192,"bodyElapsedMs":0,"totalElapsedMs":192,"bytes":129851,"phase":"complete","outcome":"ok"}
[http-timing] {"sequence":263,"method":"GET","routeClass":"timeline","status":200,"headerElapsedMs":193,"bodyElapsedMs":0,"totalElapsedMs":193,"bytes":121824,"phase":"complete","outcome":"ok"}
[http-timing] {"sequence":264,"method":"GET","routeClass":"timeline","status":200,"headerElapsedMs":556,"bodyElapsedMs":0,"totalElapsedMs":556,"bytes":102934,"phase":"complete","outcome":"ok"}
[http-timing] {"sequence":265,"method":"GET","routeClass":"timeline","status":200,"headerElapsedMs":188,"bodyElapsedMs":0,"totalElapsedMs":188,"bytes":82610,"phase":"complete","outcome":"ok"}
[http-timing] {"sequence":266,"method":"GET","routeClass":"timeline","status":200,"headerElapsedMs":188,"bodyElapsedMs":0,"totalElapsedMs":188,"bytes":14955,"phase":"complete","outcome":"ok"}
[http-timing] {"sequence":267,"method":"GET","routeClass":"timeline","status":200,"headerElapsedMs":189,"bodyElapsedMs":0,"totalElapsedMs":189,"bytes":129851,"phase":"complete","outcome":"ok"}
[http-timing] {"sequence":268,"method":"GET","routeClass":"timeline","status":200,"headerElapsedMs":189,"bodyElapsedMs":0,"totalElapsedMs":189,"bytes":121824,"phase":"complete","outcome":"ok"}
[http-timing] {"sequence":269,"method":"GET","routeClass":"timeline","status":200,"headerElapsedMs":189,"bodyElapsedMs":0,"totalElapsedMs":189,"bytes":102934,"phase":"complete","outcome":"ok"}
[http-timing] {"sequence":270,"method":"GET","routeClass":"timeline","status":200,"headerElapsedMs":188,"bodyElapsedMs":0,"totalElapsedMs":188,"bytes":82610,"phase":"complete","outcome":"ok"}
[http-timing] {"sequence":271,"method":"GET","routeClass":"timeline","status":200,"headerElapsedMs":189,"bodyElapsedMs":0,"totalElapsedMs":189,"bytes":14955,"phase":"complete","outcome":"ok"}
[http-timing] {"sequence":272,"method":"GET","routeClass":"timeline","status":200,"headerElapsedMs":189,"bodyElapsedMs":0,"totalElapsedMs":189,"bytes":129851,"phase":"complete","outcome":"ok"}
[http-timing] {"sequence":273,"method":"GET","routeClass":"timeline","status":200,"headerElapsedMs":189,"bodyElapsedMs":0,"totalElapsedMs":189,"bytes":121824,"phase":"complete","outcome":"ok"}
[http-timing] {"sequence":274,"method":"GET","routeClass":"timeline","status":200,"headerElapsedMs":193,"bodyElapsedMs":0,"totalElapsedMs":193,"bytes":102934,"phase":"complete","outcome":"ok"}
[http-timing] {"sequence":275,"method":"GET","routeClass":"timeline","status":200,"headerElapsedMs":189,"bodyElapsedMs":0,"totalElapsedMs":189,"bytes":82610,"phase":"complete","outcome":"ok"}
[http-timing] {"sequence":276,"method":"GET","routeClass":"timeline","status":200,"headerElapsedMs":189,"bodyElapsedMs":0,"totalElapsedMs":189,"bytes":14955,"phase":"complete","outcome":"ok"}
[http-timing] {"sequence":277,"method":"GET","routeClass":"timeline","status":200,"headerElapsedMs":190,"bodyElapsedMs":0,"totalElapsedMs":190,"bytes":129851,"phase":"complete","outcome":"ok"}
[http-timing] {"sequence":278,"method":"GET","routeClass":"timeline","status":200,"headerElapsedMs":189,"bodyElapsedMs":0,"totalElapsedMs":189,"bytes":121824,"phase":"complete","outcome":"ok"}
[http-timing] {"sequence":279,"method":"GET","routeClass":"timeline","status":200,"headerElapsedMs":190,"bodyElapsedMs":0,"totalElapsedMs":190,"bytes":102934,"phase":"complete","outcome":"ok"}
[http-timing] {"sequence":280,"method":"GET","routeClass":"timeline","status":200,"headerElapsedMs":188,"bodyElapsedMs":0,"totalElapsedMs":188,"bytes":82610,"phase":"complete","outcome":"ok"}
[http-timing] {"sequence":281,"method":"GET","routeClass":"timeline","status":200,"headerElapsedMs":188,"bodyElapsedMs":0,"totalElapsedMs":188,"bytes":14955,"phase":"complete","outcome":"ok"}
[http-timing] {"sequence":282,"method":"GET","routeClass":"timeline","status":200,"headerElapsedMs":190,"bodyElapsedMs":0,"totalElapsedMs":191,"bytes":129851,"phase":"complete","outcome":"ok"}
[http-timing] {"sequence":283,"method":"GET","routeClass":"timeline","status":200,"headerElapsedMs":188,"bodyElapsedMs":0,"totalElapsedMs":189,"bytes":121824,"phase":"complete","outcome":"ok"}
[http-timing] {"sequence":284,"method":"GET","routeClass":"timeline","status":200,"headerElapsedMs":189,"bodyElapsedMs":0,"totalElapsedMs":189,"bytes":102934,"phase":"complete","outcome":"ok"}
[http-timing] {"sequence":285,"method":"GET","routeClass":"timeline","status":200,"headerElapsedMs":189,"bodyElapsedMs":0,"totalElapsedMs":189,"bytes":82610,"phase":"complete","outcome":"ok"}
[http-timing] {"sequence":286,"method":"GET","routeClass":"timeline","status":200,"headerElapsedMs":188,"bodyElapsedMs":0,"totalElapsedMs":188,"bytes":14955,"phase":"complete","outcome":"ok"}
[http-timing] {"sequence":287,"method":"GET","routeClass":"timeline","status":200,"headerElapsedMs":191,"bodyElapsedMs":0,"totalElapsedMs":191,"bytes":129851,"phase":"complete","outcome":"ok"}
[http-timing] {"sequence":288,"method":"GET","routeClass":"timeline","status":200,"headerElapsedMs":189,"bodyElapsedMs":0,"totalElapsedMs":189,"bytes":121824,"phase":"complete","outcome":"ok"}
[http-timing] {"sequence":289,"method":"GET","routeClass":"timeline","status":200,"headerElapsedMs":193,"bodyElapsedMs":0,"totalElapsedMs":193,"bytes":102934,"phase":"complete","outcome":"ok"}
[http-timing] {"sequence":290,"method":"GET","routeClass":"timeline","status":200,"headerElapsedMs":188,"bodyElapsedMs":0,"totalElapsedMs":188,"bytes":82610,"phase":"complete","outcome":"ok"}
[http-timing] {"sequence":291,"method":"GET","routeClass":"timeline","status":200,"headerElapsedMs":187,"bodyElapsedMs":0,"totalElapsedMs":188,"bytes":14955,"phase":"complete","outcome":"ok"}
[http-timing] {"sequence":292,"method":"GET","routeClass":"timeline","status":200,"headerElapsedMs":192,"bodyElapsedMs":0,"totalElapsedMs":192,"bytes":129851,"phase":"complete","outcome":"ok"}
[http-timing] {"sequence":293,"method":"GET","routeClass":"timeline","status":200,"headerElapsedMs":190,"bodyElapsedMs":0,"totalElapsedMs":190,"bytes":121824,"phase":"complete","outcome":"ok"}
[http-timing] {"sequence":294,"method":"GET","routeClass":"timeline","status":200,"headerElapsedMs":190,"bodyElapsedMs":0,"totalElapsedMs":190,"bytes":102934,"phase":"complete","outcome":"ok"}
[http-timing] {"sequence":295,"method":"GET","routeClass":"timeline","status":200,"headerElapsedMs":190,"bodyElapsedMs":0,"totalElapsedMs":191,"bytes":82610,"phase":"complete","outcome":"ok"}
[http-timing] {"sequence":296,"method":"GET","routeClass":"timeline","status":200,"headerElapsedMs":188,"bodyElapsedMs":0,"totalElapsedMs":188,"bytes":14955,"phase":"complete","outcome":"ok"}
[http-timing] {"sequence":297,"method":"GET","routeClass":"timeline","status":200,"headerElapsedMs":191,"bodyElapsedMs":0,"totalElapsedMs":191,"bytes":129851,"phase":"complete","outcome":"ok"}
[http-timing] {"sequence":298,"method":"GET","routeClass":"timeline","status":200,"headerElapsedMs":190,"bodyElapsedMs":0,"totalElapsedMs":190,"bytes":121824,"phase":"complete","outcome":"ok"}
[http-timing] {"sequence":299,"method":"GET","routeClass":"timeline","status":200,"headerElapsedMs":188,"bodyElapsedMs":0,"totalElapsedMs":188,"bytes":102934,"phase":"complete","outcome":"ok"}
[http-timing] {"sequence":300,"method":"GET","routeClass":"timeline","status":200,"headerElapsedMs":189,"bodyElapsedMs":0,"totalElapsedMs":190,"bytes":82610,"phase":"complete","outcome":"ok"}
[http-timing] {"sequence":301,"method":"GET","routeClass":"timeline","status":200,"headerElapsedMs":187,"bodyElapsedMs":0,"totalElapsedMs":187,"bytes":14955,"phase":"complete","outcome":"ok"}
[http-timing] {"sequence":302,"method":"GET","routeClass":"timeline","status":200,"headerElapsedMs":189,"bodyElapsedMs":0,"totalElapsedMs":189,"bytes":129851,"phase":"complete","outcome":"ok"}
[http-timing] {"sequence":303,"method":"GET","routeClass":"timeline","status":200,"headerElapsedMs":190,"bodyElapsedMs":0,"totalElapsedMs":190,"bytes":121824,"phase":"complete","outcome":"ok"}
[http-timing] {"sequence":304,"method":"GET","routeClass":"timeline","status":200,"headerElapsedMs":188,"bodyElapsedMs":0,"totalElapsedMs":188,"bytes":102934,"phase":"complete","outcome":"ok"}
[http-timing] {"sequence":305,"method":"GET","routeClass":"timeline","status":200,"headerElapsedMs":192,"bodyElapsedMs":0,"totalElapsedMs":192,"bytes":82610,"phase":"complete","outcome":"ok"}
[http-timing] {"sequence":306,"method":"GET","routeClass":"timeline","status":200,"headerElapsedMs":187,"bodyElapsedMs":0,"totalElapsedMs":187,"bytes":14955,"phase":"complete","outcome":"ok"}
[http-timing] {"sequence":307,"method":"DELETE","routeClass":"tap","status":200,"headerElapsedMs":13,"bodyElapsedMs":0,"totalElapsedMs":13,"bytes":26,"phase":"complete","outcome":"ok"}
[fail] current actual app: complete-two-outputs-timeout
[pass] S11-CI08 product-1 exit0 ports returned
[cleanup] {"root":"/private/tmp/media-server-current-integration-00dutg","bytes":44255158,"rootAbsent":true,"failureCount":0,"processes":[{"pid":61964,"exitCode":0,"signalCode":null,"graceful":true,"ports":[{"kind":"http","port":54256,"closed":true},{"kind":"rtsp","port":54257,"closed":true}]}],"udpClosed":true}
{"mode":"current-actual-app","passed":3,"failed":1,"actualEventPass":false,"restartPass":false,"expectedOutputCount":2,"observedOutputCounts":[],"cleanup":{"rootAbsent":true,"failureCount":0,"processes":[{"pid":61964,"exitCode":0,"signalCode":null,"graceful":true,"ports":[{"kind":"http","port":54256,"closed":true},{"kind":"rtsp","port":54257,"closed":true}]}]},"elapsedMs":43735}
