✖ P0-DIAG01 정상 header/body 시간·안전 route 분류와 비밀 미노출 (0.816167ms)
✖ P0-DIAG02 header timeout 고정 진단과 실패 유지 (0.120125ms)
✖ P0-DIAG03 body timeout 부분 수신 측정·완료 거부 (0.066125ms)
ℹ tests 3
ℹ suites 0
ℹ pass 0
ℹ fail 3
ℹ cancelled 0
ℹ skipped 0
ℹ todo 0
ℹ duration_ms 33.829625

✖ failing tests:

test at scripts/internal/recording_current_http_diagnostics.test.mjs:5:1
✖ P0-DIAG01 정상 header/body 시간·안전 route 분류와 비밀 미노출 (0.816167ms)
  AssertionError [ERR_ASSERTION]: Expected values to be strictly deep-equal:
  + actual - expected

  + []
  - [
  -   {
  -     bodyElapsedMs: 35,
  -     bytes: 3,
  -     headerElapsedMs: 20,
  -     method: 'GET',
  -     outcome: 'ok',
  -     phase: 'complete',
  -     routeClass: 'timeline',
  -     status: 200,
  -     totalElapsedMs: 55
  -   }
  - ]

      at TestContext.<anonymous> (file:///Users/dhseo/Workspace/mediaServer/scripts/internal/recording_current_http_diagnostics.test.mjs:9:10)
      at async Test.run (node:internal/test_runner/test:1113:7)
      at async startSubtestAfterBootstrap (node:internal/test_runner/harness:358:3) {
    generatedMessage: true,
    code: 'ERR_ASSERTION',
    actual: [],
    expected: [ { method: 'GET', routeClass: 'timeline', status: 200, headerElapsedMs: 20, bodyElapsedMs: 35, totalElapsedMs: 55, bytes: 3, phase: 'complete', outcome: 'ok' } ],
    operator: 'deepStrictEqual',
    diff: 'simple'
  }

test at scripts/internal/recording_current_http_diagnostics.test.mjs:12:1
✖ P0-DIAG02 header timeout 고정 진단과 실패 유지 (0.120125ms)
  AssertionError [ERR_ASSERTION]: Missing expected rejection.
      at async TestContext.<anonymous> (file:///Users/dhseo/Workspace/mediaServer/scripts/internal/recording_current_http_diagnostics.test.mjs:14:3)
      at async Test.run (node:internal/test_runner/test:1113:7)
      at async Test.processPendingSubtests (node:internal/test_runner/test:788:7) {
    generatedMessage: false,
    code: 'ERR_ASSERTION',
    actual: undefined,
    expected: /^Error: http-header-timeout$/,
    operator: 'rejects',
    diff: 'simple'
  }

test at scripts/internal/recording_current_http_diagnostics.test.mjs:18:1
✖ P0-DIAG03 body timeout 부분 수신 측정·완료 거부 (0.066125ms)
  AssertionError [ERR_ASSERTION]: Missing expected rejection.
      at async TestContext.<anonymous> (file:///Users/dhseo/Workspace/mediaServer/scripts/internal/recording_current_http_diagnostics.test.mjs:20:3)
      at async Test.run (node:internal/test_runner/test:1113:7)
      at async Test.processPendingSubtests (node:internal/test_runner/test:788:7) {
    generatedMessage: false,
    code: 'ERR_ASSERTION',
    actual: undefined,
    expected: /^Error: http-body-timeout$/,
    operator: 'rejects',
    diff: 'simple'
  }
