✖ P0-DIAG04 sample 주소·thread·경로 제거 및 known 함수만 보존 (1.066125ms)
ℹ tests 1
ℹ suites 0
ℹ pass 0
ℹ fail 1
ℹ cancelled 0
ℹ skipped 0
ℹ todo 0
ℹ duration_ms 29.128125

✖ failing tests:

test at scripts/internal/recording_current_http_diagnostics.test.mjs:24:1
✖ P0-DIAG04 sample 주소·thread·경로 제거 및 known 함수만 보존 (1.066125ms)
  AssertionError [ERR_ASSERTION]: Expected values to be strictly deep-equal:
  + actual - expected

  + []
  - [
  -   {
  -     depth: 6,
  -     line: 2,
  -     symbols: [
  -       'FinishTimelineV2'
  -     ]
  -   },
  -   {
  -     depth: 8,
  -     line: 3,
  -     symbols: [
  -       'gst_bus_timed_pop_filtered'
  -     ]
  -   }
  - ]

      at TestContext.<anonymous> (file:///Users/dhseo/Workspace/mediaServer/scripts/internal/recording_current_http_diagnostics.test.mjs:26:10)
      at Test.runInAsyncScope (node:async_hooks:214:14)
      at Test.run (node:internal/test_runner/test:1106:25)
      at Test.start (node:internal/test_runner/test:1003:17)
      at startSubtestAfterBootstrap (node:internal/test_runner/harness:358:17) {
    generatedMessage: true,
    code: 'ERR_ASSERTION',
    actual: [],
    expected: [ { line: 2, depth: 6, symbols: [Array] }, { line: 3, depth: 8, symbols: [Array] } ],
    operator: 'deepStrictEqual',
    diff: 'simple'
  }
