[http-timing] {"sequence":1,"method":"GET","routeClass":"health","status":null,"headerElapsedMs":null,"bodyElapsedMs":null,"totalElapsedMs":4,"bytes":0,"phase":"header","outcome":"error"}
[http-timing] {"sequence":2,"method":"GET","routeClass":"health","status":null,"headerElapsedMs":null,"bodyElapsedMs":null,"totalElapsedMs":1,"bytes":0,"phase":"header","outcome":"error"}
[http-timing] {"sequence":3,"method":"GET","routeClass":"health","status":null,"headerElapsedMs":null,"bodyElapsedMs":null,"totalElapsedMs":1,"bytes":0,"phase":"header","outcome":"error"}
[http-timing] {"sequence":4,"method":"GET","routeClass":"health","status":null,"headerElapsedMs":null,"bodyElapsedMs":null,"totalElapsedMs":1,"bytes":0,"phase":"header","outcome":"error"}
[http-timing] {"sequence":5,"method":"GET","routeClass":"health","status":null,"headerElapsedMs":null,"bodyElapsedMs":null,"totalElapsedMs":1,"bytes":0,"phase":"header","outcome":"error"}
[http-timing] {"sequence":6,"method":"GET","routeClass":"health","status":null,"headerElapsedMs":null,"bodyElapsedMs":null,"totalElapsedMs":1,"bytes":0,"phase":"header","outcome":"error"}
[http-timing] {"sequence":7,"method":"GET","routeClass":"health","status":null,"headerElapsedMs":null,"bodyElapsedMs":null,"totalElapsedMs":1,"bytes":0,"phase":"header","outcome":"error"}
[http-timing] {"sequence":8,"method":"GET","routeClass":"health","status":null,"headerElapsedMs":null,"bodyElapsedMs":null,"totalElapsedMs":1,"bytes":0,"phase":"header","outcome":"error"}
[http-timing] {"sequence":9,"method":"GET","routeClass":"health","status":null,"headerElapsedMs":null,"bodyElapsedMs":null,"totalElapsedMs":1,"bytes":0,"phase":"header","outcome":"error"}
[http-timing] {"sequence":10,"method":"GET","routeClass":"health","status":null,"headerElapsedMs":null,"bodyElapsedMs":null,"totalElapsedMs":1,"bytes":0,"phase":"header","outcome":"error"}
[http-timing] {"sequence":11,"method":"GET","routeClass":"health","status":null,"headerElapsedMs":null,"bodyElapsedMs":null,"totalElapsedMs":0,"bytes":0,"phase":"header","outcome":"error"}
[http-timing] {"sequence":12,"method":"GET","routeClass":"health","status":null,"headerElapsedMs":null,"bodyElapsedMs":null,"totalElapsedMs":0,"bytes":0,"phase":"header","outcome":"error"}
[http-timing] {"sequence":13,"method":"GET","routeClass":"health","status":200,"headerElapsedMs":5,"bodyElapsedMs":1,"totalElapsedMs":6,"bytes":15,"phase":"complete","outcome":"ok"}
[http-timing] {"sequence":14,"method":"GET","routeClass":"ice","status":200,"headerElapsedMs":1,"bodyElapsedMs":0,"totalElapsedMs":1,"bytes":222,"phase":"complete","outcome":"ok"}
[pass] S11-CI09 product-1 healthy isolated ICE
[http-timing] {"sequence":15,"method":"POST","routeClass":"source","status":201,"headerElapsedMs":75,"bodyElapsedMs":0,"totalElapsedMs":75,"bytes":428,"phase":"complete","outcome":"ok"}
[http-timing] {"sequence":16,"method":"POST","routeClass":"tap-create","status":200,"headerElapsedMs":26,"bodyElapsedMs":0,"totalElapsedMs":27,"bytes":1099,"phase":"complete","outcome":"ok"}
[http-timing] {"sequence":17,"method":"GET","routeClass":"tap","status":200,"headerElapsedMs":17,"bodyElapsedMs":0,"totalElapsedMs":17,"bytes":3942,"phase":"complete","outcome":"ok"}
[http-timing] {"sequence":18,"method":"GET","routeClass":"tap","status":200,"headerElapsedMs":1,"bodyElapsedMs":0,"totalElapsedMs":1,"bytes":5840,"phase":"complete","outcome":"ok"}
[http-timing] {"sequence":19,"method":"GET","routeClass":"timeline","status":200,"headerElapsedMs":0,"bodyElapsedMs":0,"totalElapsedMs":1,"bytes":82,"phase":"complete","outcome":"ok"}
[http-timing] {"sequence":20,"method":"GET","routeClass":"tap","status":200,"headerElapsedMs":1,"bodyElapsedMs":0,"totalElapsedMs":1,"bytes":5839,"phase":"complete","outcome":"ok"}
[http-timing] {"sequence":21,"method":"GET","routeClass":"timeline","status":200,"headerElapsedMs":0,"bodyElapsedMs":0,"totalElapsedMs":1,"bytes":82,"phase":"complete","outcome":"ok"}
[http-timing] {"sequence":22,"method":"GET","routeClass":"tap","status":200,"headerElapsedMs":1,"bodyElapsedMs":0,"totalElapsedMs":1,"bytes":6017,"phase":"complete","outcome":"ok"}
[http-timing] {"sequence":23,"method":"GET","routeClass":"timeline","status":200,"headerElapsedMs":0,"bodyElapsedMs":0,"totalElapsedMs":0,"bytes":82,"phase":"complete","outcome":"ok"}
[http-timing] {"sequence":24,"method":"GET","routeClass":"tap","status":200,"headerElapsedMs":1,"bodyElapsedMs":0,"totalElapsedMs":1,"bytes":6146,"phase":"complete","outcome":"ok"}
[http-timing] {"sequence":25,"method":"GET","routeClass":"timeline","status":200,"headerElapsedMs":1,"bodyElapsedMs":0,"totalElapsedMs":1,"bytes":82,"phase":"complete","outcome":"ok"}
[http-timing] {"sequence":26,"method":"GET","routeClass":"tap","status":200,"headerElapsedMs":1,"bodyElapsedMs":0,"totalElapsedMs":1,"bytes":6282,"phase":"complete","outcome":"ok"}
[http-timing] {"sequence":27,"method":"GET","routeClass":"timeline","status":200,"headerElapsedMs":0,"bodyElapsedMs":0,"totalElapsedMs":0,"bytes":82,"phase":"complete","outcome":"ok"}
[http-timing] {"sequence":28,"method":"GET","routeClass":"tap","status":200,"headerElapsedMs":1,"bodyElapsedMs":0,"totalElapsedMs":1,"bytes":6408,"phase":"complete","outcome":"ok"}
[http-timing] {"sequence":29,"method":"GET","routeClass":"timeline","status":200,"headerElapsedMs":0,"bodyElapsedMs":0,"totalElapsedMs":0,"bytes":82,"phase":"complete","outcome":"ok"}
[http-timing] {"sequence":30,"method":"GET","routeClass":"tap","status":200,"headerElapsedMs":1,"bodyElapsedMs":0,"totalElapsedMs":1,"bytes":6411,"phase":"complete","outcome":"ok"}
[http-timing] {"sequence":31,"method":"GET","routeClass":"timeline","status":200,"headerElapsedMs":0,"bodyElapsedMs":0,"totalElapsedMs":0,"bytes":82,"phase":"complete","outcome":"ok"}
[http-timing] {"sequence":32,"method":"GET","routeClass":"tap","status":200,"headerElapsedMs":1,"bodyElapsedMs":0,"totalElapsedMs":1,"bytes":6554,"phase":"complete","outcome":"ok"}
[http-timing] {"sequence":33,"method":"GET","routeClass":"timeline","status":200,"headerElapsedMs":0,"bodyElapsedMs":0,"totalElapsedMs":0,"bytes":82,"phase":"complete","outcome":"ok"}
[http-timing] {"sequence":34,"method":"GET","routeClass":"tap","status":200,"headerElapsedMs":1,"bodyElapsedMs":0,"totalElapsedMs":1,"bytes":6682,"phase":"complete","outcome":"ok"}
[http-timing] {"sequence":35,"method":"GET","routeClass":"timeline","status":200,"headerElapsedMs":0,"bodyElapsedMs":0,"totalElapsedMs":0,"bytes":82,"phase":"complete","outcome":"ok"}
[http-timing] {"sequence":36,"method":"GET","routeClass":"tap","status":200,"headerElapsedMs":1,"bodyElapsedMs":0,"totalElapsedMs":1,"bytes":6805,"phase":"complete","outcome":"ok"}
[http-timing] {"sequence":37,"method":"GET","routeClass":"timeline","status":200,"headerElapsedMs":0,"bodyElapsedMs":0,"totalElapsedMs":0,"bytes":82,"phase":"complete","outcome":"ok"}
[http-timing] {"sequence":38,"method":"GET","routeClass":"tap","status":200,"headerElapsedMs":1,"bodyElapsedMs":0,"totalElapsedMs":1,"bytes":6954,"phase":"complete","outcome":"ok"}
[http-timing] {"sequence":39,"method":"GET","routeClass":"timeline","status":200,"headerElapsedMs":0,"bodyElapsedMs":0,"totalElapsedMs":1,"bytes":82,"phase":"complete","outcome":"ok"}
[http-timing] {"sequence":40,"method":"GET","routeClass":"tap","status":200,"headerElapsedMs":1,"bodyElapsedMs":0,"totalElapsedMs":1,"bytes":6953,"phase":"complete","outcome":"ok"}
[http-timing] {"sequence":41,"method":"GET","routeClass":"timeline","status":200,"headerElapsedMs":0,"bodyElapsedMs":0,"totalElapsedMs":0,"bytes":82,"phase":"complete","outcome":"ok"}
[http-timing] {"sequence":42,"method":"GET","routeClass":"tap","status":200,"headerElapsedMs":1,"bodyElapsedMs":0,"totalElapsedMs":1,"bytes":7093,"phase":"complete","outcome":"ok"}
[http-timing] {"sequence":43,"method":"GET","routeClass":"timeline","status":200,"headerElapsedMs":0,"bodyElapsedMs":0,"totalElapsedMs":0,"bytes":82,"phase":"complete","outcome":"ok"}
[http-timing] {"sequence":44,"method":"GET","routeClass":"tap","status":200,"headerElapsedMs":1,"bodyElapsedMs":0,"totalElapsedMs":1,"bytes":7227,"phase":"complete","outcome":"ok"}
[http-timing] {"sequence":45,"method":"GET","routeClass":"timeline","status":200,"headerElapsedMs":0,"bodyElapsedMs":0,"totalElapsedMs":1,"bytes":82,"phase":"complete","outcome":"ok"}
[http-timing] {"sequence":46,"method":"GET","routeClass":"tap","status":200,"headerElapsedMs":1,"bodyElapsedMs":0,"totalElapsedMs":1,"bytes":7367,"phase":"complete","outcome":"ok"}
[http-timing] {"sequence":47,"method":"GET","routeClass":"timeline","status":200,"headerElapsedMs":0,"bodyElapsedMs":0,"totalElapsedMs":0,"bytes":82,"phase":"complete","outcome":"ok"}
[http-timing] {"sequence":48,"method":"GET","routeClass":"tap","status":200,"headerElapsedMs":1,"bodyElapsedMs":0,"totalElapsedMs":1,"bytes":7497,"phase":"complete","outcome":"ok"}
[http-timing] {"sequence":49,"method":"GET","routeClass":"timeline","status":200,"headerElapsedMs":0,"bodyElapsedMs":0,"totalElapsedMs":0,"bytes":82,"phase":"complete","outcome":"ok"}
[http-timing] {"sequence":50,"method":"GET","routeClass":"tap","status":200,"headerElapsedMs":1,"bodyElapsedMs":0,"totalElapsedMs":1,"bytes":7495,"phase":"complete","outcome":"ok"}
[http-timing] {"sequence":51,"method":"GET","routeClass":"timeline","status":200,"headerElapsedMs":0,"bodyElapsedMs":0,"totalElapsedMs":0,"bytes":82,"phase":"complete","outcome":"ok"}
[http-timing] {"sequence":52,"method":"GET","routeClass":"tap","status":200,"headerElapsedMs":1,"bodyElapsedMs":0,"totalElapsedMs":1,"bytes":7632,"phase":"complete","outcome":"ok"}
[http-timing] {"sequence":53,"method":"GET","routeClass":"timeline","status":200,"headerElapsedMs":1,"bodyElapsedMs":0,"totalElapsedMs":1,"bytes":82,"phase":"complete","outcome":"ok"}
[http-timing] {"sequence":54,"method":"GET","routeClass":"tap","status":200,"headerElapsedMs":1,"bodyElapsedMs":0,"totalElapsedMs":1,"bytes":7769,"phase":"complete","outcome":"ok"}
[http-timing] {"sequence":55,"method":"GET","routeClass":"timeline","status":200,"headerElapsedMs":0,"bodyElapsedMs":0,"totalElapsedMs":0,"bytes":82,"phase":"complete","outcome":"ok"}
[http-timing] {"sequence":56,"method":"GET","routeClass":"tap","status":200,"headerElapsedMs":1,"bodyElapsedMs":0,"totalElapsedMs":1,"bytes":7900,"phase":"complete","outcome":"ok"}
[http-timing] {"sequence":57,"method":"GET","routeClass":"timeline","status":200,"headerElapsedMs":0,"bodyElapsedMs":0,"totalElapsedMs":0,"bytes":82,"phase":"complete","outcome":"ok"}
[http-timing] {"sequence":58,"method":"GET","routeClass":"tap","status":200,"headerElapsedMs":2,"bodyElapsedMs":0,"totalElapsedMs":2,"bytes":8039,"phase":"complete","outcome":"ok"}
[http-timing] {"sequence":59,"method":"GET","routeClass":"timeline","status":200,"headerElapsedMs":2,"bodyElapsedMs":0,"totalElapsedMs":2,"bytes":82,"phase":"complete","outcome":"ok"}
[http-timing] {"sequence":60,"method":"GET","routeClass":"tap","status":200,"headerElapsedMs":1,"bodyElapsedMs":0,"totalElapsedMs":1,"bytes":8039,"phase":"complete","outcome":"ok"}
[http-timing] {"sequence":61,"method":"GET","routeClass":"timeline","status":200,"headerElapsedMs":0,"bodyElapsedMs":0,"totalElapsedMs":1,"bytes":82,"phase":"complete","outcome":"ok"}
[http-timing] {"sequence":62,"method":"GET","routeClass":"tap","status":200,"headerElapsedMs":1,"bodyElapsedMs":0,"totalElapsedMs":1,"bytes":8174,"phase":"complete","outcome":"ok"}
[http-timing] {"sequence":63,"method":"GET","routeClass":"timeline","status":200,"headerElapsedMs":0,"bodyElapsedMs":0,"totalElapsedMs":0,"bytes":82,"phase":"complete","outcome":"ok"}
[http-timing] {"sequence":64,"method":"GET","routeClass":"tap","status":200,"headerElapsedMs":1,"bodyElapsedMs":0,"totalElapsedMs":1,"bytes":8306,"phase":"complete","outcome":"ok"}
[http-timing] {"sequence":65,"method":"GET","routeClass":"timeline","status":200,"headerElapsedMs":0,"bodyElapsedMs":0,"totalElapsedMs":0,"bytes":82,"phase":"complete","outcome":"ok"}
[http-timing] {"sequence":66,"method":"GET","routeClass":"tap","status":200,"headerElapsedMs":1,"bodyElapsedMs":0,"totalElapsedMs":1,"bytes":8304,"phase":"complete","outcome":"ok"}
[http-timing] {"sequence":67,"method":"GET","routeClass":"timeline","status":200,"headerElapsedMs":0,"bodyElapsedMs":0,"totalElapsedMs":0,"bytes":82,"phase":"complete","outcome":"ok"}
[http-timing] {"sequence":68,"method":"GET","routeClass":"tap","status":200,"headerElapsedMs":1,"bodyElapsedMs":0,"totalElapsedMs":1,"bytes":8445,"phase":"complete","outcome":"ok"}
[http-timing] {"sequence":69,"method":"GET","routeClass":"timeline","status":200,"headerElapsedMs":0,"bodyElapsedMs":0,"totalElapsedMs":0,"bytes":82,"phase":"complete","outcome":"ok"}
[http-timing] {"sequence":70,"method":"GET","routeClass":"tap","status":200,"headerElapsedMs":1,"bodyElapsedMs":0,"totalElapsedMs":1,"bytes":8573,"phase":"complete","outcome":"ok"}
[http-timing] {"sequence":71,"method":"GET","routeClass":"timeline","status":200,"headerElapsedMs":0,"bodyElapsedMs":0,"totalElapsedMs":0,"bytes":82,"phase":"complete","outcome":"ok"}
[http-timing] {"sequence":72,"method":"GET","routeClass":"tap","status":200,"headerElapsedMs":1,"bodyElapsedMs":0,"totalElapsedMs":1,"bytes":8712,"phase":"complete","outcome":"ok"}
[http-timing] {"sequence":73,"method":"GET","routeClass":"timeline","status":200,"headerElapsedMs":0,"bodyElapsedMs":0,"totalElapsedMs":0,"bytes":82,"phase":"complete","outcome":"ok"}
[http-timing] {"sequence":74,"method":"GET","routeClass":"tap","status":200,"headerElapsedMs":1,"bodyElapsedMs":0,"totalElapsedMs":1,"bytes":8850,"phase":"complete","outcome":"ok"}
[http-timing] {"sequence":75,"method":"GET","routeClass":"timeline","status":200,"headerElapsedMs":0,"bodyElapsedMs":0,"totalElapsedMs":0,"bytes":82,"phase":"complete","outcome":"ok"}
[http-timing] {"sequence":76,"method":"GET","routeClass":"tap","status":200,"headerElapsedMs":1,"bodyElapsedMs":0,"totalElapsedMs":1,"bytes":8845,"phase":"complete","outcome":"ok"}
[http-timing] {"sequence":77,"method":"GET","routeClass":"timeline","status":200,"headerElapsedMs":0,"bodyElapsedMs":0,"totalElapsedMs":0,"bytes":82,"phase":"complete","outcome":"ok"}
[http-timing] {"sequence":78,"method":"GET","routeClass":"tap","status":200,"headerElapsedMs":1,"bodyElapsedMs":0,"totalElapsedMs":1,"bytes":8986,"phase":"complete","outcome":"ok"}
[http-timing] {"sequence":79,"method":"GET","routeClass":"timeline","status":200,"headerElapsedMs":0,"bodyElapsedMs":0,"totalElapsedMs":0,"bytes":82,"phase":"complete","outcome":"ok"}
[http-timing] {"sequence":80,"method":"GET","routeClass":"tap","status":200,"headerElapsedMs":1,"bodyElapsedMs":0,"totalElapsedMs":1,"bytes":9116,"phase":"complete","outcome":"ok"}
[http-timing] {"sequence":81,"method":"GET","routeClass":"timeline","status":200,"headerElapsedMs":1,"bodyElapsedMs":0,"totalElapsedMs":1,"bytes":82,"phase":"complete","outcome":"ok"}
[http-timing] {"sequence":82,"method":"GET","routeClass":"tap","status":200,"headerElapsedMs":1,"bodyElapsedMs":0,"totalElapsedMs":1,"bytes":9254,"phase":"complete","outcome":"ok"}
[http-timing] {"sequence":83,"method":"GET","routeClass":"timeline","status":200,"headerElapsedMs":0,"bodyElapsedMs":0,"totalElapsedMs":0,"bytes":82,"phase":"complete","outcome":"ok"}
[http-timing] {"sequence":84,"method":"GET","routeClass":"tap","status":200,"headerElapsedMs":1,"bodyElapsedMs":0,"totalElapsedMs":1,"bytes":9380,"phase":"complete","outcome":"ok"}
[http-timing] {"sequence":85,"method":"GET","routeClass":"timeline","status":200,"headerElapsedMs":0,"bodyElapsedMs":0,"totalElapsedMs":0,"bytes":82,"phase":"complete","outcome":"ok"}
[http-timing] {"sequence":86,"method":"GET","routeClass":"tap","status":200,"headerElapsedMs":1,"bodyElapsedMs":0,"totalElapsedMs":1,"bytes":9383,"phase":"complete","outcome":"ok"}
[http-timing] {"sequence":87,"method":"GET","routeClass":"timeline","status":200,"headerElapsedMs":0,"bodyElapsedMs":0,"totalElapsedMs":0,"bytes":82,"phase":"complete","outcome":"ok"}
[http-timing] {"sequence":88,"method":"GET","routeClass":"tap","status":200,"headerElapsedMs":1,"bodyElapsedMs":0,"totalElapsedMs":1,"bytes":9524,"phase":"complete","outcome":"ok"}
[http-timing] {"sequence":89,"method":"GET","routeClass":"timeline","status":200,"headerElapsedMs":1,"bodyElapsedMs":0,"totalElapsedMs":1,"bytes":82,"phase":"complete","outcome":"ok"}
[http-timing] {"sequence":90,"method":"GET","routeClass":"tap","status":200,"headerElapsedMs":1,"bodyElapsedMs":0,"totalElapsedMs":1,"bytes":10074,"phase":"complete","outcome":"ok"}
[http-timing] {"sequence":91,"method":"GET","routeClass":"timeline","status":200,"headerElapsedMs":0,"bodyElapsedMs":0,"totalElapsedMs":0,"bytes":82,"phase":"complete","outcome":"ok"}
[http-timing] {"sequence":92,"method":"GET","routeClass":"tap","status":200,"headerElapsedMs":1,"bodyElapsedMs":0,"totalElapsedMs":1,"bytes":10257,"phase":"complete","outcome":"ok"}
[http-timing] {"sequence":93,"method":"GET","routeClass":"timeline","status":200,"headerElapsedMs":0,"bodyElapsedMs":0,"totalElapsedMs":0,"bytes":82,"phase":"complete","outcome":"ok"}
[http-timing] {"sequence":94,"method":"GET","routeClass":"tap","status":200,"headerElapsedMs":1,"bodyElapsedMs":0,"totalElapsedMs":1,"bytes":10438,"phase":"complete","outcome":"ok"}
[http-timing] {"sequence":95,"method":"GET","routeClass":"timeline","status":200,"headerElapsedMs":0,"bodyElapsedMs":0,"totalElapsedMs":0,"bytes":82,"phase":"complete","outcome":"ok"}
[http-timing] {"sequence":96,"method":"GET","routeClass":"tap","status":200,"headerElapsedMs":1,"bodyElapsedMs":0,"totalElapsedMs":1,"bytes":10440,"phase":"complete","outcome":"ok"}
[http-timing] {"sequence":97,"method":"GET","routeClass":"timeline","status":200,"headerElapsedMs":0,"bodyElapsedMs":0,"totalElapsedMs":0,"bytes":82,"phase":"complete","outcome":"ok"}
[http-timing] {"sequence":98,"method":"GET","routeClass":"tap","status":200,"headerElapsedMs":1,"bodyElapsedMs":0,"totalElapsedMs":1,"bytes":10613,"phase":"complete","outcome":"ok"}
[http-timing] {"sequence":99,"method":"GET","routeClass":"timeline","status":200,"headerElapsedMs":0,"bodyElapsedMs":0,"totalElapsedMs":0,"bytes":82,"phase":"complete","outcome":"ok"}
[http-timing] {"sequence":100,"method":"GET","routeClass":"tap","status":200,"headerElapsedMs":1,"bodyElapsedMs":0,"totalElapsedMs":1,"bytes":10690,"phase":"complete","outcome":"ok"}
[http-timing] {"sequence":101,"method":"GET","routeClass":"timeline","status":200,"headerElapsedMs":0,"bodyElapsedMs":0,"totalElapsedMs":0,"bytes":82,"phase":"complete","outcome":"ok"}
[http-timing] {"sequence":102,"method":"GET","routeClass":"tap","status":200,"headerElapsedMs":1,"bodyElapsedMs":0,"totalElapsedMs":1,"bytes":10694,"phase":"complete","outcome":"ok"}
[http-timing] {"sequence":103,"method":"GET","routeClass":"timeline","status":200,"headerElapsedMs":0,"bodyElapsedMs":0,"totalElapsedMs":0,"bytes":82,"phase":"complete","outcome":"ok"}
[http-timing] {"sequence":104,"method":"GET","routeClass":"tap","status":200,"headerElapsedMs":1,"bodyElapsedMs":0,"totalElapsedMs":1,"bytes":10735,"phase":"complete","outcome":"ok"}
[http-timing] {"sequence":105,"method":"GET","routeClass":"timeline","status":200,"headerElapsedMs":0,"bodyElapsedMs":0,"totalElapsedMs":0,"bytes":82,"phase":"complete","outcome":"ok"}
[http-timing] {"sequence":106,"method":"GET","routeClass":"tap","status":200,"headerElapsedMs":1,"bodyElapsedMs":0,"totalElapsedMs":1,"bytes":10785,"phase":"complete","outcome":"ok"}
[http-timing] {"sequence":107,"method":"GET","routeClass":"timeline","status":200,"headerElapsedMs":0,"bodyElapsedMs":0,"totalElapsedMs":0,"bytes":82,"phase":"complete","outcome":"ok"}
[http-timing] {"sequence":108,"method":"GET","routeClass":"tap","status":200,"headerElapsedMs":1,"bodyElapsedMs":0,"totalElapsedMs":1,"bytes":10838,"phase":"complete","outcome":"ok"}
[http-timing] {"sequence":109,"method":"GET","routeClass":"timeline","status":200,"headerElapsedMs":0,"bodyElapsedMs":0,"totalElapsedMs":0,"bytes":82,"phase":"complete","outcome":"ok"}
[http-timing] {"sequence":110,"method":"GET","routeClass":"tap","status":200,"headerElapsedMs":1,"bodyElapsedMs":0,"totalElapsedMs":1,"bytes":10837,"phase":"complete","outcome":"ok"}
[http-timing] {"sequence":111,"method":"GET","routeClass":"timeline","status":200,"headerElapsedMs":0,"bodyElapsedMs":0,"totalElapsedMs":0,"bytes":82,"phase":"complete","outcome":"ok"}
[http-timing] {"sequence":112,"method":"GET","routeClass":"tap","status":200,"headerElapsedMs":1,"bodyElapsedMs":0,"totalElapsedMs":1,"bytes":10882,"phase":"complete","outcome":"ok"}
[http-timing] {"sequence":113,"method":"GET","routeClass":"timeline","status":200,"headerElapsedMs":0,"bodyElapsedMs":0,"totalElapsedMs":0,"bytes":82,"phase":"complete","outcome":"ok"}
[http-timing] {"sequence":114,"method":"GET","routeClass":"tap","status":200,"headerElapsedMs":1,"bodyElapsedMs":0,"totalElapsedMs":1,"bytes":11061,"phase":"complete","outcome":"ok"}
[http-timing] {"sequence":115,"method":"GET","routeClass":"timeline","status":200,"headerElapsedMs":0,"bodyElapsedMs":0,"totalElapsedMs":0,"bytes":82,"phase":"complete","outcome":"ok"}
[http-timing] {"sequence":116,"method":"GET","routeClass":"tap","status":200,"headerElapsedMs":1,"bodyElapsedMs":0,"totalElapsedMs":1,"bytes":10971,"phase":"complete","outcome":"ok"}
[http-timing] {"sequence":117,"method":"GET","routeClass":"timeline","status":200,"headerElapsedMs":0,"bodyElapsedMs":0,"totalElapsedMs":0,"bytes":82,"phase":"complete","outcome":"ok"}
[http-timing] {"sequence":118,"method":"GET","routeClass":"tap","status":200,"headerElapsedMs":1,"bodyElapsedMs":0,"totalElapsedMs":1,"bytes":10973,"phase":"complete","outcome":"ok"}
[http-timing] {"sequence":119,"method":"GET","routeClass":"timeline","status":200,"headerElapsedMs":0,"bodyElapsedMs":0,"totalElapsedMs":0,"bytes":82,"phase":"complete","outcome":"ok"}
[http-timing] {"sequence":120,"method":"GET","routeClass":"tap","status":200,"headerElapsedMs":1,"bodyElapsedMs":0,"totalElapsedMs":1,"bytes":11024,"phase":"complete","outcome":"ok"}
[http-timing] {"sequence":121,"method":"GET","routeClass":"timeline","status":200,"headerElapsedMs":0,"bodyElapsedMs":0,"totalElapsedMs":0,"bytes":82,"phase":"complete","outcome":"ok"}
[http-timing] {"sequence":122,"method":"GET","routeClass":"tap","status":200,"headerElapsedMs":1,"bodyElapsedMs":0,"totalElapsedMs":1,"bytes":11070,"phase":"complete","outcome":"ok"}
[http-timing] {"sequence":123,"method":"GET","routeClass":"timeline","status":200,"headerElapsedMs":0,"bodyElapsedMs":0,"totalElapsedMs":0,"bytes":82,"phase":"complete","outcome":"ok"}
[http-timing] {"sequence":124,"method":"GET","routeClass":"tap","status":200,"headerElapsedMs":1,"bodyElapsedMs":0,"totalElapsedMs":1,"bytes":11070,"phase":"complete","outcome":"ok"}
[http-timing] {"sequence":125,"method":"GET","routeClass":"timeline","status":200,"headerElapsedMs":0,"bodyElapsedMs":0,"totalElapsedMs":0,"bytes":82,"phase":"complete","outcome":"ok"}
[http-timing] {"sequence":126,"method":"GET","routeClass":"tap","status":200,"headerElapsedMs":1,"bodyElapsedMs":0,"totalElapsedMs":1,"bytes":11115,"phase":"complete","outcome":"ok"}
[http-timing] {"sequence":127,"method":"GET","routeClass":"timeline","status":200,"headerElapsedMs":0,"bodyElapsedMs":0,"totalElapsedMs":0,"bytes":82,"phase":"complete","outcome":"ok"}
[http-timing] {"sequence":128,"method":"GET","routeClass":"tap","status":200,"headerElapsedMs":1,"bodyElapsedMs":0,"totalElapsedMs":1,"bytes":11155,"phase":"complete","outcome":"ok"}
[http-timing] {"sequence":129,"method":"GET","routeClass":"timeline","status":200,"headerElapsedMs":0,"bodyElapsedMs":0,"totalElapsedMs":0,"bytes":82,"phase":"complete","outcome":"ok"}
[http-timing] {"sequence":130,"method":"GET","routeClass":"tap","status":200,"headerElapsedMs":1,"bodyElapsedMs":0,"totalElapsedMs":1,"bytes":11204,"phase":"complete","outcome":"ok"}
[http-timing] {"sequence":131,"method":"GET","routeClass":"timeline","status":200,"headerElapsedMs":0,"bodyElapsedMs":0,"totalElapsedMs":0,"bytes":82,"phase":"complete","outcome":"ok"}
[http-timing] {"sequence":132,"method":"GET","routeClass":"tap","status":200,"headerElapsedMs":1,"bodyElapsedMs":0,"totalElapsedMs":1,"bytes":11204,"phase":"complete","outcome":"ok"}
[http-timing] {"sequence":133,"method":"GET","routeClass":"timeline","status":200,"headerElapsedMs":0,"bodyElapsedMs":0,"totalElapsedMs":0,"bytes":82,"phase":"complete","outcome":"ok"}
[http-timing] {"sequence":134,"method":"GET","routeClass":"tap","status":200,"headerElapsedMs":1,"bodyElapsedMs":0,"totalElapsedMs":1,"bytes":11249,"phase":"complete","outcome":"ok"}
[http-timing] {"sequence":135,"method":"GET","routeClass":"timeline","status":200,"headerElapsedMs":0,"bodyElapsedMs":0,"totalElapsedMs":0,"bytes":82,"phase":"complete","outcome":"ok"}
[http-timing] {"sequence":136,"method":"GET","routeClass":"tap","status":200,"headerElapsedMs":1,"bodyElapsedMs":0,"totalElapsedMs":1,"bytes":11290,"phase":"complete","outcome":"ok"}
[http-timing] {"sequence":137,"method":"GET","routeClass":"timeline","status":200,"headerElapsedMs":0,"bodyElapsedMs":0,"totalElapsedMs":0,"bytes":82,"phase":"complete","outcome":"ok"}
[http-timing] {"sequence":138,"method":"GET","routeClass":"tap","status":200,"headerElapsedMs":1,"bodyElapsedMs":0,"totalElapsedMs":1,"bytes":11338,"phase":"complete","outcome":"ok"}
[http-timing] {"sequence":139,"method":"GET","routeClass":"timeline","status":200,"headerElapsedMs":0,"bodyElapsedMs":0,"totalElapsedMs":0,"bytes":82,"phase":"complete","outcome":"ok"}
[http-timing] {"sequence":140,"method":"GET","routeClass":"tap","status":200,"headerElapsedMs":1,"bodyElapsedMs":0,"totalElapsedMs":1,"bytes":11340,"phase":"complete","outcome":"ok"}
[http-timing] {"sequence":141,"method":"GET","routeClass":"timeline","status":200,"headerElapsedMs":1,"bodyElapsedMs":0,"totalElapsedMs":1,"bytes":82,"phase":"complete","outcome":"ok"}
[http-timing] {"sequence":142,"method":"GET","routeClass":"tap","status":200,"headerElapsedMs":1,"bodyElapsedMs":0,"totalElapsedMs":1,"bytes":11375,"phase":"complete","outcome":"ok"}
[http-timing] {"sequence":143,"method":"GET","routeClass":"timeline","status":200,"headerElapsedMs":0,"bodyElapsedMs":0,"totalElapsedMs":0,"bytes":82,"phase":"complete","outcome":"ok"}
[http-timing] {"sequence":144,"method":"GET","routeClass":"tap","status":200,"headerElapsedMs":1,"bodyElapsedMs":0,"totalElapsedMs":1,"bytes":11425,"phase":"complete","outcome":"ok"}
[http-timing] {"sequence":145,"method":"GET","routeClass":"timeline","status":200,"headerElapsedMs":0,"bodyElapsedMs":0,"totalElapsedMs":0,"bytes":82,"phase":"complete","outcome":"ok"}
[http-timing] {"sequence":146,"method":"GET","routeClass":"tap","status":200,"headerElapsedMs":1,"bodyElapsedMs":0,"totalElapsedMs":1,"bytes":11471,"phase":"complete","outcome":"ok"}
[http-timing] {"sequence":147,"method":"GET","routeClass":"timeline","status":200,"headerElapsedMs":0,"bodyElapsedMs":0,"totalElapsedMs":0,"bytes":82,"phase":"complete","outcome":"ok"}
[http-timing] {"sequence":148,"method":"GET","routeClass":"tap","status":200,"headerElapsedMs":6,"bodyElapsedMs":0,"totalElapsedMs":6,"bytes":11513,"phase":"complete","outcome":"ok"}
[http-timing] {"sequence":149,"method":"GET","routeClass":"timeline","status":200,"headerElapsedMs":0,"bodyElapsedMs":0,"totalElapsedMs":0,"bytes":82,"phase":"complete","outcome":"ok"}
[http-timing] {"sequence":150,"method":"GET","routeClass":"tap","status":200,"headerElapsedMs":1,"bodyElapsedMs":0,"totalElapsedMs":1,"bytes":11513,"phase":"complete","outcome":"ok"}
[http-timing] {"sequence":151,"method":"GET","routeClass":"timeline","status":200,"headerElapsedMs":0,"bodyElapsedMs":0,"totalElapsedMs":1,"bytes":82,"phase":"complete","outcome":"ok"}
[http-timing] {"sequence":152,"method":"GET","routeClass":"tap","status":200,"headerElapsedMs":1,"bodyElapsedMs":0,"totalElapsedMs":1,"bytes":11560,"phase":"complete","outcome":"ok"}
[http-timing] {"sequence":153,"method":"GET","routeClass":"timeline","status":200,"headerElapsedMs":0,"bodyElapsedMs":0,"totalElapsedMs":0,"bytes":82,"phase":"complete","outcome":"ok"}
[http-timing] {"sequence":154,"method":"GET","routeClass":"tap","status":200,"headerElapsedMs":1,"bodyElapsedMs":0,"totalElapsedMs":1,"bytes":11599,"phase":"complete","outcome":"ok"}
[http-timing] {"sequence":155,"method":"GET","routeClass":"timeline","status":200,"headerElapsedMs":0,"bodyElapsedMs":0,"totalElapsedMs":0,"bytes":82,"phase":"complete","outcome":"ok"}
[http-timing] {"sequence":156,"method":"GET","routeClass":"tap","status":200,"headerElapsedMs":1,"bodyElapsedMs":0,"totalElapsedMs":1,"bytes":11597,"phase":"complete","outcome":"ok"}
[http-timing] {"sequence":157,"method":"GET","routeClass":"timeline","status":200,"headerElapsedMs":0,"bodyElapsedMs":0,"totalElapsedMs":0,"bytes":82,"phase":"complete","outcome":"ok"}
[http-timing] {"sequence":158,"method":"GET","routeClass":"tap","status":200,"headerElapsedMs":1,"bodyElapsedMs":0,"totalElapsedMs":1,"bytes":11645,"phase":"complete","outcome":"ok"}
[http-timing] {"sequence":159,"method":"GET","routeClass":"timeline","status":200,"headerElapsedMs":0,"bodyElapsedMs":0,"totalElapsedMs":0,"bytes":82,"phase":"complete","outcome":"ok"}
[http-timing] {"sequence":160,"method":"GET","routeClass":"tap","status":200,"headerElapsedMs":1,"bodyElapsedMs":0,"totalElapsedMs":1,"bytes":11688,"phase":"complete","outcome":"ok"}
[http-timing] {"sequence":161,"method":"GET","routeClass":"timeline","status":200,"headerElapsedMs":0,"bodyElapsedMs":0,"totalElapsedMs":0,"bytes":82,"phase":"complete","outcome":"ok"}
[http-timing] {"sequence":162,"method":"GET","routeClass":"tap","status":200,"headerElapsedMs":1,"bodyElapsedMs":0,"totalElapsedMs":1,"bytes":11735,"phase":"complete","outcome":"ok"}
[http-timing] {"sequence":163,"method":"GET","routeClass":"timeline","status":200,"headerElapsedMs":0,"bodyElapsedMs":0,"totalElapsedMs":0,"bytes":82,"phase":"complete","outcome":"ok"}
[http-timing] {"sequence":164,"method":"GET","routeClass":"tap","status":200,"headerElapsedMs":1,"bodyElapsedMs":0,"totalElapsedMs":1,"bytes":11731,"phase":"complete","outcome":"ok"}
[http-timing] {"sequence":165,"method":"GET","routeClass":"timeline","status":200,"headerElapsedMs":0,"bodyElapsedMs":0,"totalElapsedMs":1,"bytes":82,"phase":"complete","outcome":"ok"}
[http-timing] {"sequence":166,"method":"GET","routeClass":"tap","status":200,"headerElapsedMs":1,"bodyElapsedMs":0,"totalElapsedMs":1,"bytes":11780,"phase":"complete","outcome":"ok"}
[http-timing] {"sequence":167,"method":"GET","routeClass":"timeline","status":200,"headerElapsedMs":0,"bodyElapsedMs":0,"totalElapsedMs":0,"bytes":82,"phase":"complete","outcome":"ok"}
[http-timing] {"sequence":168,"method":"GET","routeClass":"tap","status":200,"headerElapsedMs":1,"bodyElapsedMs":0,"totalElapsedMs":1,"bytes":11809,"phase":"complete","outcome":"ok"}
[http-timing] {"sequence":169,"method":"GET","routeClass":"timeline","status":200,"headerElapsedMs":0,"bodyElapsedMs":0,"totalElapsedMs":0,"bytes":82,"phase":"complete","outcome":"ok"}
[http-timing] {"sequence":170,"method":"GET","routeClass":"tap","status":200,"headerElapsedMs":1,"bodyElapsedMs":0,"totalElapsedMs":1,"bytes":11867,"phase":"complete","outcome":"ok"}
[http-timing] {"sequence":171,"method":"GET","routeClass":"timeline","status":200,"headerElapsedMs":0,"bodyElapsedMs":0,"totalElapsedMs":0,"bytes":82,"phase":"complete","outcome":"ok"}
[http-timing] {"sequence":172,"method":"GET","routeClass":"tap","status":200,"headerElapsedMs":3,"bodyElapsedMs":0,"totalElapsedMs":3,"bytes":11908,"phase":"complete","outcome":"ok"}
[http-timing] {"sequence":173,"method":"GET","routeClass":"timeline","status":200,"headerElapsedMs":0,"bodyElapsedMs":0,"totalElapsedMs":0,"bytes":82,"phase":"complete","outcome":"ok"}
[http-timing] {"sequence":174,"method":"GET","routeClass":"tap","status":200,"headerElapsedMs":1,"bodyElapsedMs":0,"totalElapsedMs":1,"bytes":11909,"phase":"complete","outcome":"ok"}
[http-timing] {"sequence":175,"method":"GET","routeClass":"timeline","status":200,"headerElapsedMs":20,"bodyElapsedMs":0,"totalElapsedMs":20,"bytes":82416,"phase":"complete","outcome":"ok"}
[http-timing] {"sequence":176,"method":"GET","routeClass":"timeline","status":200,"headerElapsedMs":13,"bodyElapsedMs":0,"totalElapsedMs":13,"bytes":62785,"phase":"complete","outcome":"ok"}
[http-timing] {"sequence":177,"method":"GET","routeClass":"tap","status":200,"headerElapsedMs":1,"bodyElapsedMs":0,"totalElapsedMs":1,"bytes":11906,"phase":"complete","outcome":"ok"}
[http-timing] {"sequence":178,"method":"GET","routeClass":"timeline","status":200,"headerElapsedMs":12,"bodyElapsedMs":0,"totalElapsedMs":12,"bytes":82416,"phase":"complete","outcome":"ok"}
[http-timing] {"sequence":179,"method":"GET","routeClass":"timeline","status":200,"headerElapsedMs":13,"bodyElapsedMs":0,"totalElapsedMs":13,"bytes":62785,"phase":"complete","outcome":"ok"}
[http-timing] {"sequence":180,"method":"GET","routeClass":"tap","status":200,"headerElapsedMs":1,"bodyElapsedMs":0,"totalElapsedMs":1,"bytes":11906,"phase":"complete","outcome":"ok"}
[http-timing] {"sequence":181,"method":"GET","routeClass":"timeline","status":200,"headerElapsedMs":12,"bodyElapsedMs":0,"totalElapsedMs":12,"bytes":82416,"phase":"complete","outcome":"ok"}
[http-timing] {"sequence":182,"method":"GET","routeClass":"timeline","status":200,"headerElapsedMs":13,"bodyElapsedMs":0,"totalElapsedMs":13,"bytes":62785,"phase":"complete","outcome":"ok"}
[http-timing] {"sequence":183,"method":"GET","routeClass":"tap","status":200,"headerElapsedMs":1,"bodyElapsedMs":0,"totalElapsedMs":1,"bytes":11907,"phase":"complete","outcome":"ok"}
[http-timing] {"sequence":184,"method":"GET","routeClass":"timeline","status":200,"headerElapsedMs":12,"bodyElapsedMs":0,"totalElapsedMs":12,"bytes":82416,"phase":"complete","outcome":"ok"}
[http-timing] {"sequence":185,"method":"GET","routeClass":"timeline","status":200,"headerElapsedMs":13,"bodyElapsedMs":0,"totalElapsedMs":13,"bytes":62785,"phase":"complete","outcome":"ok"}
[http-timing] {"sequence":186,"method":"PUT","routeClass":"rule","status":200,"headerElapsedMs":5,"bodyElapsedMs":0,"totalElapsedMs":5,"bytes":520,"phase":"complete","outcome":"ok"}
[http-timing] {"sequence":187,"method":"GET","routeClass":"tap-events","status":200,"headerElapsedMs":7,"bodyElapsedMs":0,"totalElapsedMs":7,"bytes":9840,"phase":"complete","outcome":"ok"}
[pass] S11-CI07 run1 actual tuple EventRecord reference
[http-timing] {"sequence":188,"method":"PUT","routeClass":"rule","status":200,"headerElapsedMs":2,"bodyElapsedMs":0,"totalElapsedMs":2,"bytes":521,"phase":"complete","outcome":"ok"}
[http-timing] {"sequence":189,"method":"GET","routeClass":"timeline","status":200,"headerElapsedMs":12,"bodyElapsedMs":0,"totalElapsedMs":12,"bytes":82352,"phase":"complete","outcome":"ok"}
[http-timing] {"sequence":190,"method":"GET","routeClass":"timeline","status":200,"headerElapsedMs":12,"bodyElapsedMs":0,"totalElapsedMs":12,"bytes":66081,"phase":"complete","outcome":"ok"}
[timeline-state] [{"kind":"event","referenceMatches":true,"jobPresent":false,"jobState":"not-created","segmentPresent":false,"completeness":"unknown","catalogState":"absent","playable":false}]
[http-timing] {"sequence":191,"method":"GET","routeClass":"timeline","status":200,"headerElapsedMs":12,"bodyElapsedMs":0,"totalElapsedMs":12,"bytes":82352,"phase":"complete","outcome":"ok"}
[http-timing] {"sequence":192,"method":"GET","routeClass":"timeline","status":200,"headerElapsedMs":13,"bodyElapsedMs":0,"totalElapsedMs":13,"bytes":66081,"phase":"complete","outcome":"ok"}
[http-timing] {"sequence":193,"method":"GET","routeClass":"timeline","status":200,"headerElapsedMs":12,"bodyElapsedMs":0,"totalElapsedMs":12,"bytes":82352,"phase":"complete","outcome":"ok"}
[http-timing] {"sequence":194,"method":"GET","routeClass":"timeline","status":200,"headerElapsedMs":13,"bodyElapsedMs":0,"totalElapsedMs":13,"bytes":66081,"phase":"complete","outcome":"ok"}
[http-timing] {"sequence":195,"method":"GET","routeClass":"timeline","status":200,"headerElapsedMs":12,"bodyElapsedMs":0,"totalElapsedMs":12,"bytes":82352,"phase":"complete","outcome":"ok"}
[http-timing] {"sequence":196,"method":"GET","routeClass":"timeline","status":200,"headerElapsedMs":13,"bodyElapsedMs":0,"totalElapsedMs":13,"bytes":66081,"phase":"complete","outcome":"ok"}
[http-timing] {"sequence":197,"method":"GET","routeClass":"timeline","status":200,"headerElapsedMs":13,"bodyElapsedMs":0,"totalElapsedMs":13,"bytes":82352,"phase":"complete","outcome":"ok"}
[http-timing] {"sequence":198,"method":"GET","routeClass":"timeline","status":200,"headerElapsedMs":13,"bodyElapsedMs":0,"totalElapsedMs":13,"bytes":66081,"phase":"complete","outcome":"ok"}
[http-timing] {"sequence":199,"method":"GET","routeClass":"timeline","status":200,"headerElapsedMs":12,"bodyElapsedMs":0,"totalElapsedMs":12,"bytes":82352,"phase":"complete","outcome":"ok"}
[http-timing] {"sequence":200,"method":"GET","routeClass":"timeline","status":200,"headerElapsedMs":12,"bodyElapsedMs":0,"totalElapsedMs":12,"bytes":66081,"phase":"complete","outcome":"ok"}
[http-timing] {"sequence":201,"method":"GET","routeClass":"timeline","status":200,"headerElapsedMs":12,"bodyElapsedMs":0,"totalElapsedMs":12,"bytes":82352,"phase":"complete","outcome":"ok"}
[http-timing] {"sequence":202,"method":"GET","routeClass":"timeline","status":200,"headerElapsedMs":12,"bodyElapsedMs":0,"totalElapsedMs":12,"bytes":66081,"phase":"complete","outcome":"ok"}
[http-timing] {"sequence":203,"method":"GET","routeClass":"timeline","status":200,"headerElapsedMs":12,"bodyElapsedMs":0,"totalElapsedMs":12,"bytes":82352,"phase":"complete","outcome":"ok"}
[http-timing] {"sequence":204,"method":"GET","routeClass":"timeline","status":200,"headerElapsedMs":12,"bodyElapsedMs":0,"totalElapsedMs":12,"bytes":66081,"phase":"complete","outcome":"ok"}
[http-timing] {"sequence":205,"method":"GET","routeClass":"timeline","status":200,"headerElapsedMs":13,"bodyElapsedMs":0,"totalElapsedMs":13,"bytes":82352,"phase":"complete","outcome":"ok"}
[http-timing] {"sequence":206,"method":"GET","routeClass":"timeline","status":200,"headerElapsedMs":13,"bodyElapsedMs":0,"totalElapsedMs":13,"bytes":66081,"phase":"complete","outcome":"ok"}
[http-timing] {"sequence":207,"method":"GET","routeClass":"timeline","status":200,"headerElapsedMs":12,"bodyElapsedMs":0,"totalElapsedMs":13,"bytes":82352,"phase":"complete","outcome":"ok"}
[http-timing] {"sequence":208,"method":"GET","routeClass":"timeline","status":200,"headerElapsedMs":13,"bodyElapsedMs":0,"totalElapsedMs":13,"bytes":66081,"phase":"complete","outcome":"ok"}
[http-timing] {"sequence":209,"method":"GET","routeClass":"timeline","status":200,"headerElapsedMs":13,"bodyElapsedMs":0,"totalElapsedMs":13,"bytes":82352,"phase":"complete","outcome":"ok"}
[http-timing] {"sequence":210,"method":"GET","routeClass":"timeline","status":200,"headerElapsedMs":13,"bodyElapsedMs":0,"totalElapsedMs":13,"bytes":66081,"phase":"complete","outcome":"ok"}
[http-timing] {"sequence":211,"method":"GET","routeClass":"timeline","status":200,"headerElapsedMs":12,"bodyElapsedMs":0,"totalElapsedMs":13,"bytes":82352,"phase":"complete","outcome":"ok"}
[http-timing] {"sequence":212,"method":"GET","routeClass":"timeline","status":200,"headerElapsedMs":13,"bodyElapsedMs":0,"totalElapsedMs":13,"bytes":66081,"phase":"complete","outcome":"ok"}
[http-timing] {"sequence":213,"method":"GET","routeClass":"timeline","status":200,"headerElapsedMs":12,"bodyElapsedMs":0,"totalElapsedMs":13,"bytes":82352,"phase":"complete","outcome":"ok"}
[http-timing] {"sequence":214,"method":"GET","routeClass":"timeline","status":200,"headerElapsedMs":13,"bodyElapsedMs":0,"totalElapsedMs":13,"bytes":66081,"phase":"complete","outcome":"ok"}
[http-timing] {"sequence":215,"method":"GET","routeClass":"timeline","status":200,"headerElapsedMs":12,"bodyElapsedMs":0,"totalElapsedMs":12,"bytes":82352,"phase":"complete","outcome":"ok"}
[http-timing] {"sequence":216,"method":"GET","routeClass":"timeline","status":200,"headerElapsedMs":12,"bodyElapsedMs":0,"totalElapsedMs":12,"bytes":66081,"phase":"complete","outcome":"ok"}
[http-timing] {"sequence":217,"method":"GET","routeClass":"timeline","status":200,"headerElapsedMs":12,"bodyElapsedMs":0,"totalElapsedMs":12,"bytes":82352,"phase":"complete","outcome":"ok"}
[http-timing] {"sequence":218,"method":"GET","routeClass":"timeline","status":200,"headerElapsedMs":12,"bodyElapsedMs":0,"totalElapsedMs":12,"bytes":66081,"phase":"complete","outcome":"ok"}
[http-timing] {"sequence":219,"method":"GET","routeClass":"timeline","status":200,"headerElapsedMs":12,"bodyElapsedMs":0,"totalElapsedMs":12,"bytes":82352,"phase":"complete","outcome":"ok"}
[http-timing] {"sequence":220,"method":"GET","routeClass":"timeline","status":200,"headerElapsedMs":12,"bodyElapsedMs":0,"totalElapsedMs":13,"bytes":66081,"phase":"complete","outcome":"ok"}
[http-timing] {"sequence":221,"method":"GET","routeClass":"timeline","status":200,"headerElapsedMs":12,"bodyElapsedMs":0,"totalElapsedMs":12,"bytes":82352,"phase":"complete","outcome":"ok"}
[http-timing] {"sequence":222,"method":"GET","routeClass":"timeline","status":200,"headerElapsedMs":12,"bodyElapsedMs":0,"totalElapsedMs":12,"bytes":66081,"phase":"complete","outcome":"ok"}
[http-timing] {"sequence":223,"method":"GET","routeClass":"timeline","status":200,"headerElapsedMs":12,"bodyElapsedMs":0,"totalElapsedMs":12,"bytes":82352,"phase":"complete","outcome":"ok"}
[http-timing] {"sequence":224,"method":"GET","routeClass":"timeline","status":200,"headerElapsedMs":12,"bodyElapsedMs":0,"totalElapsedMs":12,"bytes":66081,"phase":"complete","outcome":"ok"}
[http-timing] {"sequence":225,"method":"GET","routeClass":"timeline","status":200,"headerElapsedMs":12,"bodyElapsedMs":0,"totalElapsedMs":12,"bytes":82352,"phase":"complete","outcome":"ok"}
[http-timing] {"sequence":226,"method":"GET","routeClass":"timeline","status":200,"headerElapsedMs":12,"bodyElapsedMs":0,"totalElapsedMs":13,"bytes":66081,"phase":"complete","outcome":"ok"}
[http-timing] {"sequence":227,"method":"GET","routeClass":"timeline","status":200,"headerElapsedMs":12,"bodyElapsedMs":0,"totalElapsedMs":12,"bytes":82352,"phase":"complete","outcome":"ok"}
[http-timing] {"sequence":228,"method":"GET","routeClass":"timeline","status":200,"headerElapsedMs":12,"bodyElapsedMs":0,"totalElapsedMs":12,"bytes":66081,"phase":"complete","outcome":"ok"}
[http-timing] {"sequence":229,"method":"GET","routeClass":"timeline","status":200,"headerElapsedMs":12,"bodyElapsedMs":0,"totalElapsedMs":12,"bytes":82352,"phase":"complete","outcome":"ok"}
[http-timing] {"sequence":230,"method":"GET","routeClass":"timeline","status":200,"headerElapsedMs":13,"bodyElapsedMs":0,"totalElapsedMs":13,"bytes":66081,"phase":"complete","outcome":"ok"}
[http-timing] {"sequence":231,"method":"GET","routeClass":"timeline","status":200,"headerElapsedMs":12,"bodyElapsedMs":0,"totalElapsedMs":13,"bytes":82352,"phase":"complete","outcome":"ok"}
[http-timing] {"sequence":232,"method":"GET","routeClass":"timeline","status":200,"headerElapsedMs":13,"bodyElapsedMs":0,"totalElapsedMs":13,"bytes":66081,"phase":"complete","outcome":"ok"}
[http-timing] {"sequence":233,"method":"GET","routeClass":"timeline","status":200,"headerElapsedMs":12,"bodyElapsedMs":0,"totalElapsedMs":12,"bytes":82352,"phase":"complete","outcome":"ok"}
[http-timing] {"sequence":234,"method":"GET","routeClass":"timeline","status":200,"headerElapsedMs":13,"bodyElapsedMs":0,"totalElapsedMs":13,"bytes":66081,"phase":"complete","outcome":"ok"}
[http-timing] {"sequence":235,"method":"GET","routeClass":"timeline","status":200,"headerElapsedMs":12,"bodyElapsedMs":0,"totalElapsedMs":13,"bytes":82352,"phase":"complete","outcome":"ok"}
[http-timing] {"sequence":236,"method":"GET","routeClass":"timeline","status":200,"headerElapsedMs":13,"bodyElapsedMs":0,"totalElapsedMs":13,"bytes":66081,"phase":"complete","outcome":"ok"}
[http-timing] {"sequence":237,"method":"GET","routeClass":"timeline","status":200,"headerElapsedMs":13,"bodyElapsedMs":0,"totalElapsedMs":13,"bytes":82352,"phase":"complete","outcome":"ok"}
[http-timing] {"sequence":238,"method":"GET","routeClass":"timeline","status":200,"headerElapsedMs":13,"bodyElapsedMs":0,"totalElapsedMs":13,"bytes":66081,"phase":"complete","outcome":"ok"}
[http-timing] {"sequence":239,"method":"GET","routeClass":"timeline","status":200,"headerElapsedMs":12,"bodyElapsedMs":0,"totalElapsedMs":12,"bytes":82352,"phase":"complete","outcome":"ok"}
[http-timing] {"sequence":240,"method":"GET","routeClass":"timeline","status":200,"headerElapsedMs":13,"bodyElapsedMs":0,"totalElapsedMs":13,"bytes":66081,"phase":"complete","outcome":"ok"}
[http-timing] {"sequence":241,"method":"GET","routeClass":"timeline","status":200,"headerElapsedMs":14,"bodyElapsedMs":0,"totalElapsedMs":14,"bytes":82352,"phase":"complete","outcome":"ok"}
[http-timing] {"sequence":242,"method":"GET","routeClass":"timeline","status":200,"headerElapsedMs":13,"bodyElapsedMs":0,"totalElapsedMs":14,"bytes":66081,"phase":"complete","outcome":"ok"}
[http-timing] {"sequence":243,"method":"GET","routeClass":"timeline","status":200,"headerElapsedMs":12,"bodyElapsedMs":0,"totalElapsedMs":13,"bytes":82352,"phase":"complete","outcome":"ok"}
[http-timing] {"sequence":244,"method":"GET","routeClass":"timeline","status":200,"headerElapsedMs":13,"bodyElapsedMs":0,"totalElapsedMs":13,"bytes":66081,"phase":"complete","outcome":"ok"}
[http-timing] {"sequence":245,"method":"GET","routeClass":"timeline","status":200,"headerElapsedMs":12,"bodyElapsedMs":0,"totalElapsedMs":12,"bytes":82352,"phase":"complete","outcome":"ok"}
[http-timing] {"sequence":246,"method":"GET","routeClass":"timeline","status":200,"headerElapsedMs":12,"bodyElapsedMs":0,"totalElapsedMs":12,"bytes":66081,"phase":"complete","outcome":"ok"}
[http-timing] {"sequence":247,"method":"GET","routeClass":"timeline","status":200,"headerElapsedMs":12,"bodyElapsedMs":0,"totalElapsedMs":12,"bytes":82352,"phase":"complete","outcome":"ok"}
[http-timing] {"sequence":248,"method":"GET","routeClass":"timeline","status":200,"headerElapsedMs":13,"bodyElapsedMs":0,"totalElapsedMs":13,"bytes":66081,"phase":"complete","outcome":"ok"}
[http-timing] {"sequence":249,"method":"GET","routeClass":"timeline","status":200,"headerElapsedMs":172,"bodyElapsedMs":0,"totalElapsedMs":172,"bytes":82393,"phase":"complete","outcome":"ok"}
[http-timing] {"sequence":250,"method":"GET","routeClass":"timeline","status":200,"headerElapsedMs":13,"bodyElapsedMs":0,"totalElapsedMs":13,"bytes":66081,"phase":"complete","outcome":"ok"}
[http-timing] {"sequence":251,"method":"GET","routeClass":"timeline","status":200,"headerElapsedMs":488,"bodyElapsedMs":0,"totalElapsedMs":488,"bytes":82393,"phase":"complete","outcome":"ok"}
[http-timing] {"sequence":252,"method":"GET","routeClass":"timeline","status":200,"headerElapsedMs":13,"bodyElapsedMs":0,"totalElapsedMs":13,"bytes":66081,"phase":"complete","outcome":"ok"}
[http-timing] {"sequence":253,"method":"GET","routeClass":"timeline","status":200,"headerElapsedMs":13,"bodyElapsedMs":0,"totalElapsedMs":13,"bytes":82393,"phase":"complete","outcome":"ok"}
[http-timing] {"sequence":254,"method":"GET","routeClass":"timeline","status":200,"headerElapsedMs":14,"bodyElapsedMs":0,"totalElapsedMs":14,"bytes":66081,"phase":"complete","outcome":"ok"}
[http-timing] {"sequence":255,"method":"GET","routeClass":"timeline","status":200,"headerElapsedMs":20,"bodyElapsedMs":0,"totalElapsedMs":21,"bytes":82393,"phase":"complete","outcome":"ok"}
[http-timing] {"sequence":256,"method":"GET","routeClass":"timeline","status":200,"headerElapsedMs":14,"bodyElapsedMs":0,"totalElapsedMs":14,"bytes":66081,"phase":"complete","outcome":"ok"}
[http-timing] {"sequence":257,"method":"GET","routeClass":"timeline","status":200,"headerElapsedMs":13,"bodyElapsedMs":0,"totalElapsedMs":13,"bytes":82393,"phase":"complete","outcome":"ok"}
[http-timing] {"sequence":258,"method":"GET","routeClass":"timeline","status":200,"headerElapsedMs":14,"bodyElapsedMs":0,"totalElapsedMs":14,"bytes":66081,"phase":"complete","outcome":"ok"}
[http-timing] {"sequence":259,"method":"GET","routeClass":"timeline","status":200,"headerElapsedMs":13,"bodyElapsedMs":0,"totalElapsedMs":13,"bytes":82393,"phase":"complete","outcome":"ok"}
[http-timing] {"sequence":260,"method":"GET","routeClass":"timeline","status":200,"headerElapsedMs":13,"bodyElapsedMs":0,"totalElapsedMs":14,"bytes":66081,"phase":"complete","outcome":"ok"}
[http-timing] {"sequence":261,"method":"GET","routeClass":"timeline","status":200,"headerElapsedMs":12,"bodyElapsedMs":0,"totalElapsedMs":13,"bytes":82393,"phase":"complete","outcome":"ok"}
[http-timing] {"sequence":262,"method":"GET","routeClass":"timeline","status":200,"headerElapsedMs":13,"bodyElapsedMs":0,"totalElapsedMs":13,"bytes":66081,"phase":"complete","outcome":"ok"}
[http-timing] {"sequence":263,"method":"GET","routeClass":"timeline","status":200,"headerElapsedMs":12,"bodyElapsedMs":0,"totalElapsedMs":12,"bytes":82393,"phase":"complete","outcome":"ok"}
[http-timing] {"sequence":264,"method":"GET","routeClass":"timeline","status":200,"headerElapsedMs":13,"bodyElapsedMs":0,"totalElapsedMs":13,"bytes":66081,"phase":"complete","outcome":"ok"}
[http-timing] {"sequence":265,"method":"GET","routeClass":"timeline","status":200,"headerElapsedMs":13,"bodyElapsedMs":0,"totalElapsedMs":14,"bytes":82393,"phase":"complete","outcome":"ok"}
[http-timing] {"sequence":266,"method":"GET","routeClass":"timeline","status":200,"headerElapsedMs":13,"bodyElapsedMs":0,"totalElapsedMs":13,"bytes":66081,"phase":"complete","outcome":"ok"}
[http-timing] {"sequence":267,"method":"GET","routeClass":"timeline","status":200,"headerElapsedMs":13,"bodyElapsedMs":0,"totalElapsedMs":13,"bytes":82393,"phase":"complete","outcome":"ok"}
[http-timing] {"sequence":268,"method":"GET","routeClass":"timeline","status":200,"headerElapsedMs":13,"bodyElapsedMs":0,"totalElapsedMs":13,"bytes":66081,"phase":"complete","outcome":"ok"}
[http-timing] {"sequence":269,"method":"GET","routeClass":"timeline","status":200,"headerElapsedMs":14,"bodyElapsedMs":0,"totalElapsedMs":14,"bytes":82393,"phase":"complete","outcome":"ok"}
[http-timing] {"sequence":270,"method":"GET","routeClass":"timeline","status":200,"headerElapsedMs":13,"bodyElapsedMs":0,"totalElapsedMs":13,"bytes":66081,"phase":"complete","outcome":"ok"}
[http-timing] {"sequence":271,"method":"GET","routeClass":"timeline","status":200,"headerElapsedMs":13,"bodyElapsedMs":0,"totalElapsedMs":13,"bytes":82393,"phase":"complete","outcome":"ok"}
[http-timing] {"sequence":272,"method":"GET","routeClass":"timeline","status":200,"headerElapsedMs":13,"bodyElapsedMs":0,"totalElapsedMs":13,"bytes":66081,"phase":"complete","outcome":"ok"}
[http-timing] {"sequence":273,"method":"GET","routeClass":"timeline","status":200,"headerElapsedMs":12,"bodyElapsedMs":0,"totalElapsedMs":12,"bytes":82393,"phase":"complete","outcome":"ok"}
[http-timing] {"sequence":274,"method":"GET","routeClass":"timeline","status":200,"headerElapsedMs":13,"bodyElapsedMs":0,"totalElapsedMs":13,"bytes":66081,"phase":"complete","outcome":"ok"}
[http-timing] {"sequence":275,"method":"GET","routeClass":"timeline","status":200,"headerElapsedMs":12,"bodyElapsedMs":0,"totalElapsedMs":12,"bytes":82393,"phase":"complete","outcome":"ok"}
[http-timing] {"sequence":276,"method":"GET","routeClass":"timeline","status":200,"headerElapsedMs":12,"bodyElapsedMs":0,"totalElapsedMs":13,"bytes":66081,"phase":"complete","outcome":"ok"}
[http-timing] {"sequence":277,"method":"GET","routeClass":"timeline","status":200,"headerElapsedMs":12,"bodyElapsedMs":0,"totalElapsedMs":13,"bytes":82393,"phase":"complete","outcome":"ok"}
[http-timing] {"sequence":278,"method":"GET","routeClass":"timeline","status":200,"headerElapsedMs":13,"bodyElapsedMs":0,"totalElapsedMs":13,"bytes":66081,"phase":"complete","outcome":"ok"}
[http-timing] {"sequence":279,"method":"GET","routeClass":"timeline","status":200,"headerElapsedMs":1020,"bodyElapsedMs":0,"totalElapsedMs":1020,"bytes":109904,"phase":"complete","outcome":"ok"}
[sample-stack] {"sequence":279,"samplePid":59143,"exit":0,"signal":null,"spawnError":false,"timedOut":false,"readable":true,"rawBytes":1612340,"frameCount":10,"truncated":false,"frames":[{"line":45,"depth":30,"symbols":["__psynch_mutexwait"]},{"line":5703,"depth":34,"symbols":["__psynch_mutexwait"]},{"line":5777,"depth":60,"symbols":["__psynch_mutexwait"]},{"line":5891,"depth":42,"symbols":["gst_bus_timed_pop_filtered"]},{"line":5893,"depth":46,"symbols":["poll"]},{"line":6179,"depth":20,"symbols":["gst_bus_timed_pop_filtered"]},{"line":6181,"depth":24,"symbols":["poll"]},{"line":6473,"depth":44,"symbols":["__psynch_mutexwait"]},{"line":6522,"depth":46,"symbols":["__psynch_mutexwait"]},{"line":6829,"depth":8,"symbols":["__psynch_mutexwait"]}],"rawRemoved":true}
[http-timing] {"sequence":280,"method":"GET","routeClass":"timeline","status":200,"headerElapsedMs":227,"bodyElapsedMs":0,"totalElapsedMs":227,"bytes":111563,"phase":"complete","outcome":"ok"}
[http-timing] {"sequence":281,"method":"GET","routeClass":"timeline","status":null,"headerElapsedMs":null,"bodyElapsedMs":null,"totalElapsedMs":4002,"bytes":0,"phase":"header","outcome":"timeout"}
[http-timing] {"sequence":282,"method":"DELETE","routeClass":"tap","status":200,"headerElapsedMs":90,"bodyElapsedMs":0,"totalElapsedMs":91,"bytes":26,"phase":"complete","outcome":"ok"}
[fail] current actual app: http-header-timeout
[pass] S11-CI08 product-1 exit0 ports returned
[cleanup] {"root":"/private/tmp/media-server-current-integration-vyjQnC","bytes":43035303,"rootAbsent":true,"failureCount":0,"processes":[{"pid":59089,"exitCode":0,"signalCode":null,"graceful":true,"ports":[{"kind":"http","port":52629,"closed":true},{"kind":"rtsp","port":52630,"closed":true}]}],"udpClosed":true}
{"mode":"current-actual-app","passed":3,"failed":1,"actualEventPass":false,"restartPass":false,"expectedOutputCount":2,"observedOutputCounts":[],"cleanup":{"rootAbsent":true,"failureCount":0,"processes":[{"pid":59089,"exitCode":0,"signalCode":null,"graceful":true,"ports":[{"kind":"http","port":52629,"closed":true},{"kind":"rtsp","port":52630,"closed":true}]}]},"elapsedMs":26890}
