file:///Users/dhseo/Workspace/mediaServer/scripts/internal/recording_current_state_diagnostics.test.mjs:3
import {summarizeEventState,eventOutputs} from './recording_current_app_helpers.mjs';
        ^^^^^^^^^^^^^^^^^^^
SyntaxError: The requested module './recording_current_app_helpers.mjs' does not provide an export named 'summarizeEventState'
    at #asyncInstantiate (node:internal/modules/esm/module_job:302:21)
    at async ModuleJob.run (node:internal/modules/esm/module_job:405:5)
    at async onImport.tracePromise.__proto__ (node:internal/modules/esm/loader:660:26)
    at async asyncRunEntryPointWithESMLoader (node:internal/modules/run_main:101:5)

Node.js v24.13.0
✖ scripts/internal/recording_current_state_diagnostics.test.mjs (21.27075ms)
ℹ tests 1
ℹ suites 0
ℹ pass 0
ℹ fail 1
ℹ cancelled 0
ℹ skipped 0
ℹ todo 0
ℹ duration_ms 24.13075

✖ failing tests:

test at scripts/internal/recording_current_state_diagnostics.test.mjs:1:1
✖ scripts/internal/recording_current_state_diagnostics.test.mjs (21.27075ms)
  'test failed'
