✖ P0-STATE01 complete1 count와 기존 two-output 거부 구분 (0.968708ms)
✖ P0-STATE02 pending partial complete2 변화와 8개 상한 (0.094042ms)
✖ P0-STATE03 raw ID/path/unknown enum/request 비밀 미노출 (0.053667ms)
ℹ tests 3
ℹ suites 0
ℹ pass 0
ℹ fail 3
ℹ cancelled 0
ℹ skipped 0
ℹ todo 0
ℹ duration_ms 32.956458

✖ failing tests:

test at scripts/internal/recording_current_state_diagnostics.test.mjs:6:1
✖ P0-STATE01 complete1 count와 기존 two-output 거부 구분 (0.968708ms)
  AssertionError [ERR_ASSERTION]: Expected values to be strictly equal:

  undefined !== 1

      at TestContext.<anonymous> (file:///Users/dhseo/Workspace/mediaServer/scripts/internal/recording_current_state_diagnostics.test.mjs:9:10)
      at Test.runInAsyncScope (node:async_hooks:214:14)
      at Test.run (node:internal/test_runner/test:1106:25)
      at Test.start (node:internal/test_runner/test:1003:17)
      at startSubtestAfterBootstrap (node:internal/test_runner/harness:358:17) {
    generatedMessage: true,
    code: 'ERR_ASSERTION',
    actual: undefined,
    expected: 1,
    operator: 'strictEqual',
    diff: 'simple'
  }

test at scripts/internal/recording_current_state_diagnostics.test.mjs:11:1
✖ P0-STATE02 pending partial complete2 변화와 8개 상한 (0.094042ms)
  AssertionError [ERR_ASSERTION]: Expected values to be strictly equal:

  undefined !== 0

      at TestContext.<anonymous> (file:///Users/dhseo/Workspace/mediaServer/scripts/internal/recording_current_state_diagnostics.test.mjs:16:10)
      at Test.runInAsyncScope (node:async_hooks:214:14)
      at Test.run (node:internal/test_runner/test:1106:25)
      at Test.processPendingSubtests (node:internal/test_runner/test:788:18)
      at Test.postRun (node:internal/test_runner/test:1235:19)
      at Test.run (node:internal/test_runner/test:1163:12)
      at async startSubtestAfterBootstrap (node:internal/test_runner/harness:358:3) {
    generatedMessage: true,
    code: 'ERR_ASSERTION',
    actual: undefined,
    expected: 0,
    operator: 'strictEqual',
    diff: 'simple'
  }

test at scripts/internal/recording_current_state_diagnostics.test.mjs:20:1
✖ P0-STATE03 raw ID/path/unknown enum/request 비밀 미노출 (0.053667ms)
  TypeError: Cannot read properties of undefined (reading '0')
      at TestContext.<anonymous> (file:///Users/dhseo/Workspace/mediaServer/scripts/internal/recording_current_state_diagnostics.test.mjs:22:79)
      at Test.runInAsyncScope (node:async_hooks:214:14)
      at Test.run (node:internal/test_runner/test:1106:25)
      at Test.processPendingSubtests (node:internal/test_runner/test:788:18)
      at Test.postRun (node:internal/test_runner/test:1235:19)
      at Test.run (node:internal/test_runner/test:1163:12)
      at async Test.processPendingSubtests (node:internal/test_runner/test:788:7)
