[owned-root] {"root":"/private/var/folders/k0/qhmr6zdx11q0_41wfx4dsd200000gn/T/media-server-current-observer-E86qt2","dev":16777232,"ino":168335934,"uid":501}
[pass] LP26-O05 fixed current executable
[fixture-generation] {"status":0,"signal":null,"errorCode":null,"elapsedMs":1211,"timeoutMs":30000,"stdoutBytes":0,"stderrBytes":0,"outputBytes":67929,"categories":{"missingElement":false,"negotiation":false,"pluginScanner":false,"permission":false,"resource":false,"macosService":false},"rawBodyPublished":false}
[pass] LP26-O05 original bounded retention fixture
[workspace-fixed] {"root":"/private/var/folders/k0/qhmr6zdx11q0_41wfx4dsd200000gn/T/media-server-current-observer-E86qt2","dev":16777232,"ino":168335934,"uid":501,"capBytes":469762048,"fixedBytes":10624471,"files":[{"name":"input/retention-9101.mp4","dev":16777232,"ino":168336331,"uid":501,"mode":33188,"size":67929,"mtimeMs":1791131391591.803,"ctimeMs":1791131391591.803,"sha256":"9978fbfac99b94e4e7c7b63b01750725688262dcc6c75c321b47d802d1e9e5d5"},{"name":"input/retention-9201.mp4","dev":16777232,"ino":168336332,"uid":501,"mode":33188,"size":67929,"mtimeMs":1791131391593.2363,"ctimeMs":1791131391593.2363,"sha256":"9978fbfac99b94e4e7c7b63b01750725688262dcc6c75c321b47d802d1e9e5d5"},{"name":"normalize","dev":16777232,"ino":168336233,"uid":501,"mode":33261,"size":10114024,"mtimeMs":1791131390072.3376,"ctimeMs":1791131390072.3376,"sha256":"1291b940d7277c7bce5736f0c182c90675619572a8a317c0baa73670950f0485"},{"name":"process-metrics","dev":16777232,"ino":168336236,"uid":501,"mode":33261,"size":82880,"mtimeMs":1791131390328.9595,"ctimeMs":1791131390328.9595,"sha256":"e35370a1e56df52b556e7aa493789039cabf9011192ed0591bcef58c6b382e19"},{"name":"catalog-instrumented.cpp","dev":16777232,"ino":168336224,"uid":501,"mode":33152,"size":291709,"mtimeMs":1791131387687.4417,"ctimeMs":1791131387687.4417,"sha256":"3b861de2ed948e9fea4abfcc158edff3a7275f8f11e76028e2c1750d49a57f78"}]}
[pass] LP26-O05 distinct canonical sources
[request-budget] {"elapsedMs":1}
[http-timing] {"method":"GET","routeClass":"health","status":null,"headerElapsedMs":null,"bodyElapsedMs":null,"totalElapsedMs":4,"bytes":0,"phase":"header","outcome":"error"}
[request-budget] {"elapsedMs":1}
[http-timing] {"method":"GET","routeClass":"health","status":null,"headerElapsedMs":null,"bodyElapsedMs":null,"totalElapsedMs":1,"bytes":0,"phase":"header","outcome":"error"}
[request-budget] {"elapsedMs":1}
[http-timing] {"method":"GET","routeClass":"health","status":null,"headerElapsedMs":null,"bodyElapsedMs":null,"totalElapsedMs":1,"bytes":0,"phase":"header","outcome":"error"}
[request-budget] {"elapsedMs":1}
[http-timing] {"method":"GET","routeClass":"health","status":null,"headerElapsedMs":null,"bodyElapsedMs":null,"totalElapsedMs":1,"bytes":0,"phase":"header","outcome":"error"}
[request-budget] {"elapsedMs":1}
[http-timing] {"method":"GET","routeClass":"health","status":null,"headerElapsedMs":null,"bodyElapsedMs":null,"totalElapsedMs":1,"bytes":0,"phase":"header","outcome":"error"}
[request-budget] {"elapsedMs":1}
[http-timing] {"method":"GET","routeClass":"health","status":null,"headerElapsedMs":null,"bodyElapsedMs":null,"totalElapsedMs":0,"bytes":0,"phase":"header","outcome":"error"}
[request-budget] {"elapsedMs":2}
[http-timing] {"method":"GET","routeClass":"health","status":null,"headerElapsedMs":null,"bodyElapsedMs":null,"totalElapsedMs":0,"bytes":0,"phase":"header","outcome":"error"}
[request-budget] {"elapsedMs":1}
[http-timing] {"method":"GET","routeClass":"health","status":null,"headerElapsedMs":null,"bodyElapsedMs":null,"totalElapsedMs":0,"bytes":0,"phase":"header","outcome":"error"}
[request-budget] {"elapsedMs":1}
[http-timing] {"method":"GET","routeClass":"health","status":null,"headerElapsedMs":null,"bodyElapsedMs":null,"totalElapsedMs":0,"bytes":0,"phase":"header","outcome":"error"}
[request-budget] {"elapsedMs":1}
[http-timing] {"method":"GET","routeClass":"health","status":null,"headerElapsedMs":null,"bodyElapsedMs":null,"totalElapsedMs":1,"bytes":0,"phase":"header","outcome":"error"}
[request-budget] {"elapsedMs":1}
[http-timing] {"method":"GET","routeClass":"health","status":null,"headerElapsedMs":null,"bodyElapsedMs":null,"totalElapsedMs":1,"bytes":0,"phase":"header","outcome":"error"}
[request-budget] {"elapsedMs":1}
[http-timing] {"method":"GET","routeClass":"health","status":null,"headerElapsedMs":null,"bodyElapsedMs":null,"totalElapsedMs":0,"bytes":0,"phase":"header","outcome":"error"}
[request-budget] {"elapsedMs":1}
[http-timing] {"method":"GET","routeClass":"health","status":null,"headerElapsedMs":null,"bodyElapsedMs":null,"totalElapsedMs":1,"bytes":0,"phase":"header","outcome":"error"}
[request-budget] {"elapsedMs":1}
[http-timing] {"method":"GET","routeClass":"health","status":null,"headerElapsedMs":null,"bodyElapsedMs":null,"totalElapsedMs":0,"bytes":0,"phase":"header","outcome":"error"}
[request-budget] {"elapsedMs":1}
[http-timing] {"method":"GET","routeClass":"health","status":null,"headerElapsedMs":null,"bodyElapsedMs":null,"totalElapsedMs":1,"bytes":0,"phase":"header","outcome":"error"}
[request-budget] {"elapsedMs":1}
[http-timing] {"method":"GET","routeClass":"health","status":null,"headerElapsedMs":null,"bodyElapsedMs":null,"totalElapsedMs":0,"bytes":0,"phase":"header","outcome":"error"}
[request-budget] {"elapsedMs":1}
[http-timing] {"method":"GET","routeClass":"health","status":null,"headerElapsedMs":null,"bodyElapsedMs":null,"totalElapsedMs":0,"bytes":0,"phase":"header","outcome":"error"}
[request-budget] {"elapsedMs":1}
[http-timing] {"method":"GET","routeClass":"health","status":null,"headerElapsedMs":null,"bodyElapsedMs":null,"totalElapsedMs":0,"bytes":0,"phase":"header","outcome":"error"}
[request-budget] {"elapsedMs":1}
[http-timing] {"method":"GET","routeClass":"health","status":null,"headerElapsedMs":null,"bodyElapsedMs":null,"totalElapsedMs":1,"bytes":0,"phase":"header","outcome":"error"}
[request-budget] {"elapsedMs":1}
[http-timing] {"method":"GET","routeClass":"health","status":null,"headerElapsedMs":null,"bodyElapsedMs":null,"totalElapsedMs":0,"bytes":0,"phase":"header","outcome":"error"}
[request-budget] {"elapsedMs":1}
[http-timing] {"method":"GET","routeClass":"health","status":null,"headerElapsedMs":null,"bodyElapsedMs":null,"totalElapsedMs":1,"bytes":0,"phase":"header","outcome":"error"}
[request-budget] {"elapsedMs":1}
[http-timing] {"method":"GET","routeClass":"health","status":null,"headerElapsedMs":null,"bodyElapsedMs":null,"totalElapsedMs":0,"bytes":0,"phase":"header","outcome":"error"}
[request-budget] {"elapsedMs":1}
[http-timing] {"method":"GET","routeClass":"health","status":null,"headerElapsedMs":null,"bodyElapsedMs":null,"totalElapsedMs":0,"bytes":0,"phase":"header","outcome":"error"}
[request-budget] {"elapsedMs":1}
[http-timing] {"method":"GET","routeClass":"health","status":null,"headerElapsedMs":null,"bodyElapsedMs":null,"totalElapsedMs":0,"bytes":0,"phase":"header","outcome":"error"}
[request-budget] {"elapsedMs":1}
[http-timing] {"method":"GET","routeClass":"health","status":null,"headerElapsedMs":null,"bodyElapsedMs":null,"totalElapsedMs":0,"bytes":0,"phase":"header","outcome":"error"}
[request-budget] {"elapsedMs":1}
[http-timing] {"method":"GET","routeClass":"health","status":null,"headerElapsedMs":null,"bodyElapsedMs":null,"totalElapsedMs":0,"bytes":0,"phase":"header","outcome":"error"}
[request-budget] {"elapsedMs":1}
[http-timing] {"method":"GET","routeClass":"health","status":null,"headerElapsedMs":null,"bodyElapsedMs":null,"totalElapsedMs":0,"bytes":0,"phase":"header","outcome":"error"}
[request-budget] {"elapsedMs":1}
[http-timing] {"method":"GET","routeClass":"health","status":null,"headerElapsedMs":null,"bodyElapsedMs":null,"totalElapsedMs":0,"bytes":0,"phase":"header","outcome":"error"}
[request-budget] {"elapsedMs":1}
[http-timing] {"method":"GET","routeClass":"health","status":null,"headerElapsedMs":null,"bodyElapsedMs":null,"totalElapsedMs":0,"bytes":0,"phase":"header","outcome":"error"}
[request-budget] {"elapsedMs":1}
[http-timing] {"method":"GET","routeClass":"health","status":null,"headerElapsedMs":null,"bodyElapsedMs":null,"totalElapsedMs":0,"bytes":0,"phase":"header","outcome":"error"}
[request-budget] {"elapsedMs":1}
[http-timing] {"method":"GET","routeClass":"health","status":null,"headerElapsedMs":null,"bodyElapsedMs":null,"totalElapsedMs":0,"bytes":0,"phase":"header","outcome":"error"}
[request-budget] {"elapsedMs":1}
[http-timing] {"method":"GET","routeClass":"health","status":null,"headerElapsedMs":null,"bodyElapsedMs":null,"totalElapsedMs":1,"bytes":0,"phase":"header","outcome":"error"}
[request-budget] {"elapsedMs":1}
[http-timing] {"method":"GET","routeClass":"health","status":null,"headerElapsedMs":null,"bodyElapsedMs":null,"totalElapsedMs":1,"bytes":0,"phase":"header","outcome":"error"}
[request-budget] {"elapsedMs":1}
[http-timing] {"method":"GET","routeClass":"health","status":null,"headerElapsedMs":null,"bodyElapsedMs":null,"totalElapsedMs":0,"bytes":0,"phase":"header","outcome":"error"}
[request-budget] {"elapsedMs":1}
[http-timing] {"method":"GET","routeClass":"health","status":null,"headerElapsedMs":null,"bodyElapsedMs":null,"totalElapsedMs":0,"bytes":0,"phase":"header","outcome":"error"}
[request-budget] {"elapsedMs":1}
[http-timing] {"method":"GET","routeClass":"health","status":null,"headerElapsedMs":null,"bodyElapsedMs":null,"totalElapsedMs":0,"bytes":0,"phase":"header","outcome":"error"}
[request-budget] {"elapsedMs":1}
[http-timing] {"method":"GET","routeClass":"health","status":null,"headerElapsedMs":null,"bodyElapsedMs":null,"totalElapsedMs":0,"bytes":0,"phase":"header","outcome":"error"}
[request-budget] {"elapsedMs":1}
[http-timing] {"method":"GET","routeClass":"health","status":null,"headerElapsedMs":null,"bodyElapsedMs":null,"totalElapsedMs":0,"bytes":0,"phase":"header","outcome":"error"}
[request-budget] {"elapsedMs":1}
[http-timing] {"method":"GET","routeClass":"health","status":null,"headerElapsedMs":null,"bodyElapsedMs":null,"totalElapsedMs":0,"bytes":0,"phase":"header","outcome":"error"}
[request-budget] {"elapsedMs":1}
[http-timing] {"method":"GET","routeClass":"health","status":null,"headerElapsedMs":null,"bodyElapsedMs":null,"totalElapsedMs":0,"bytes":0,"phase":"header","outcome":"error"}
[request-budget] {"elapsedMs":1}
[http-timing] {"method":"GET","routeClass":"health","status":null,"headerElapsedMs":null,"bodyElapsedMs":null,"totalElapsedMs":0,"bytes":0,"phase":"header","outcome":"error"}
[request-budget] {"elapsedMs":1}
[http-timing] {"method":"GET","routeClass":"health","status":null,"headerElapsedMs":null,"bodyElapsedMs":null,"totalElapsedMs":0,"bytes":0,"phase":"header","outcome":"error"}
[request-budget] {"elapsedMs":1}
[http-timing] {"method":"GET","routeClass":"health","status":null,"headerElapsedMs":null,"bodyElapsedMs":null,"totalElapsedMs":1,"bytes":0,"phase":"header","outcome":"error"}
[request-budget] {"elapsedMs":1}
[http-timing] {"method":"GET","routeClass":"health","status":null,"headerElapsedMs":null,"bodyElapsedMs":null,"totalElapsedMs":0,"bytes":0,"phase":"header","outcome":"error"}
[request-budget] {"elapsedMs":1}
[http-timing] {"method":"GET","routeClass":"health","status":200,"headerElapsedMs":4,"bodyElapsedMs":1,"totalElapsedMs":5,"bytes":15,"phase":"complete","outcome":"ok"}
[request-budget] {"elapsedMs":1}
[http-timing] {"method":"GET","routeClass":"ice","status":200,"headerElapsedMs":1,"bodyElapsedMs":0,"totalElapsedMs":1,"bytes":222,"phase":"complete","outcome":"ok"}
[pass] LP26-O05 isolated server healthy
[request-budget] {"elapsedMs":1}
[http-timing] {"method":"GET","routeClass":"recording-status","status":200,"headerElapsedMs":1,"bodyElapsedMs":0,"totalElapsedMs":1,"bytes":1198,"phase":"complete","outcome":"ok"}
[pass] LP26-O05 independent initial channels
[request-budget] {"elapsedMs":1}
[http-timing] {"method":"POST","routeClass":"source","status":201,"headerElapsedMs":72,"bodyElapsedMs":0,"totalElapsedMs":72,"bytes":436,"phase":"complete","outcome":"ok"}
[request-budget] {"elapsedMs":2}
[http-timing] {"method":"POST","routeClass":"source","status":201,"headerElapsedMs":7,"bodyElapsedMs":0,"totalElapsedMs":7,"bytes":436,"phase":"complete","outcome":"ok"}
[request-budget] {"elapsedMs":1}
[http-timing] {"method":"GET","routeClass":"recording-status","status":200,"headerElapsedMs":3,"bodyElapsedMs":0,"totalElapsedMs":3,"bytes":1596,"phase":"complete","outcome":"ok"}
[channel-readiness] [{"channelId":"9101","enabled":true,"active":true,"storageBlocked":false},{"channelId":"9201","enabled":true,"active":true,"storageBlocked":false}]
[pass] V440 peak RSS budget
[root-storage] {"reason":"sample","final":false,"elapsedMs":6625,"journalMutationTypes":{"segment_finalized":0,"event_link_created":0,"observation_put":0,"observation_v2_put":0,"deletion_requested":0,"deletion_completed":0,"corruption_detected":0,"recording_order_reserved":2,"segment_v2_finalized":0,"segment_v2_bound_finalized":0,"consumer_reference_put":0,"derived_reference_accepted":0,"referenced_observation_put":0,"derived_job_intent":0,"derived_job_files":0,"derived_job_ready":0,"derived_job_committed":0,"derived_job_complete":0,"derived_job_failed":0,"segment_v2_state":0,"segment_v2_deleted":0},"journalMutationTypesCoverage":"drained-prefix-only; unread-or-partial-tail-excluded","totalBytes":13851270,"capBytes":480386519,"capExceeded":false,"entries":323,"categories":{"input":{"bytes":135858,"files":2},"media":{"bytes":0,"files":0},"mediaPartial":{"bytes":21966,"files":2},"journal":{"bytes":922,"files":2},"checkpoint":{"bytes":0,"files":0},"generationSnapshot":{"bytes":267,"files":1},"generationIdentity":{"bytes":160,"files":1},"generationEvidence":{"bytes":0,"files":0},"generationManifest":{"bytes":391,"files":1},"generationTransaction":{"bytes":0,"files":0},"sqlite":{"bytes":49152,"files":1},"wal":{"bytes":0,"files":0},"sqliteAux":{"bytes":0,"files":0},"tmp":{"bytes":0,"files":0},"log":{"bytes":1521,"files":1},"state":{"bytes":4653,"files":2},"events":{"bytes":0,"files":0},"cache":{"bytes":3146149,"files":280},"tools":{"bytes":10196904,"files":2},"recordingsOther":{"bytes":1618,"files":8},"other":{"bytes":291709,"files":1}},"ownership":{"productRecording":{"bytes":74476,"files":16},"fixtureInput":{"bytes":135858,"files":2},"observerTools":{"bytes":10196904,"files":2},"cache":{"bytes":3146149,"files":280},"temporary":{"bytes":0,"files":0},"runtimeSupport":{"bytes":6174,"files":3},"other":{"bytes":291709,"files":1}},"transientJournalMisses":0,"measurement":"logical-file-bytes-nonatomic","rawPathsPublished":false,"transientTreeRetries":0,"fixedBytes":10624471,"variableBytes":3226799,"copyBytes":0,"combinedBytes":13851270,"rootCapBytes":480386519,"combinedCapBytes":950148567,"copyEntries":0,"workspacePolicy":"fixed-plus-variable-v1"}
[current-observation] {"pid":41854,"startIdentity":"macos:1791131391:604956","sampledAt":1791131396615,"phaseAt":6261.567042,"rssBytes":3159195648,"threadCount":36,"fdCount":29,"mutationCount":2,"typeCounts":{"segment_finalized":0,"event_link_created":0,"observation_put":0,"observation_v2_put":0,"deletion_requested":0,"deletion_completed":0,"corruption_detected":0,"recording_order_reserved":2,"segment_v2_finalized":0,"segment_v2_bound_finalized":0,"consumer_reference_put":0,"derived_reference_accepted":0,"referenced_observation_put":0,"derived_job_intent":0,"derived_job_files":0,"derived_job_ready":0,"derived_job_committed":0,"derived_job_complete":0,"derived_job_failed":0,"segment_v2_state":0,"segment_v2_deleted":0},"identityBytes":378,"combinedLogicalIds":4,"combinedLogicalBytes":378,"rotations":0,"partialBytes":0,"progress":{"elapsedMs":301.7131249999993,"channels":{"9101":{"finalized":0,"deleted":0,"lastAt":5959.853917,"order":"0","store":null,"knownMappings":0,"unknownMappings":0},"9201":{"finalized":0,"deleted":0,"lastAt":5959.853917,"order":"0","store":null,"knownMappings":0,"unknownMappings":0}},"records":0,"logicalBytes":0},"resourceTrendPass":false}
[sample-timing] {"sampleIndex":1,"metricsMs":301.543584,"drainMs":385.18162500000017,"storageMs":1.3557500000006257,"totalMs":688.1811669999997}
[request-budget] {"elapsedMs":1}
[http-timing] {"method":"GET","routeClass":"recording-status","status":200,"headerElapsedMs":1,"bodyElapsedMs":0,"totalElapsedMs":1,"bytes":1596,"phase":"complete","outcome":"ok"}
[pass] LP26-O05 active 9101
[pass] LP26-O05 active 9201
[pass] PR77 visual worker status
[pass] PR77 visual worker enabled
[pass] PR77 bounded visual status
[pass] PR77 actual visual results
[pass] PR77 bounded visual status
[pass] PR77 actual visual results
[pass] V440 bounded parallel search status
[pass] V440 bounded parallel search status
[pass] V440 search retains current recordings
[pass] V440 peak RSS budget
[pass] LP26-O03 deleted media absent
[pass] LP26-O03 deleted media absent
[root-storage] {"reason":"sample","final":false,"elapsedMs":11289,"journalMutationTypes":{"segment_finalized":0,"event_link_created":0,"observation_put":0,"observation_v2_put":0,"deletion_requested":0,"deletion_completed":0,"corruption_detected":0,"recording_order_reserved":6,"segment_v2_finalized":0,"segment_v2_bound_finalized":4,"consumer_reference_put":0,"derived_reference_accepted":0,"referenced_observation_put":0,"derived_job_intent":0,"derived_job_files":0,"derived_job_ready":0,"derived_job_committed":0,"derived_job_complete":0,"derived_job_failed":0,"segment_v2_state":2,"segment_v2_deleted":2},"journalMutationTypesCoverage":"drained-prefix-only; unread-or-partial-tail-excluded","totalBytes":14064001,"capBytes":480386519,"capExceeded":false,"entries":325,"categories":{"input":{"bytes":135858,"files":2},"media":{"bytes":68156,"files":2},"mediaPartial":{"bytes":45368,"files":2},"journal":{"bytes":48671,"files":2},"checkpoint":{"bytes":0,"files":0},"generationSnapshot":{"bytes":267,"files":1},"generationIdentity":{"bytes":160,"files":1},"generationEvidence":{"bytes":0,"files":0},"generationManifest":{"bytes":391,"files":1},"generationTransaction":{"bytes":0,"files":0},"sqlite":{"bytes":106496,"files":1},"wal":{"bytes":0,"files":0},"sqliteAux":{"bytes":0,"files":0},"tmp":{"bytes":0,"files":0},"log":{"bytes":4033,"files":1},"state":{"bytes":4653,"files":2},"events":{"bytes":0,"files":0},"cache":{"bytes":3146149,"files":280},"tools":{"bytes":10196904,"files":2},"recordingsOther":{"bytes":15186,"files":8},"other":{"bytes":291709,"files":1}},"ownership":{"productRecording":{"bytes":284695,"files":18},"fixtureInput":{"bytes":135858,"files":2},"observerTools":{"bytes":10196904,"files":2},"cache":{"bytes":3146149,"files":280},"temporary":{"bytes":0,"files":0},"runtimeSupport":{"bytes":8686,"files":3},"other":{"bytes":291709,"files":1}},"transientJournalMisses":0,"measurement":"logical-file-bytes-nonatomic","rawPathsPublished":false,"transientTreeRetries":0,"fixedBytes":10624471,"variableBytes":3439530,"copyBytes":0,"combinedBytes":14064001,"rootCapBytes":480386519,"combinedCapBytes":950148567,"copyEntries":0,"workspacePolicy":"fixed-plus-variable-v1"}
[current-observation] {"pid":41854,"startIdentity":"macos:1791131391:604956","sampledAt":1791131401619,"phaseAt":11264.418875,"rssBytes":3190292480,"threadCount":39,"fdCount":29,"mutationCount":14,"typeCounts":{"segment_finalized":0,"event_link_created":0,"observation_put":0,"observation_v2_put":0,"deletion_requested":0,"deletion_completed":0,"corruption_detected":0,"recording_order_reserved":6,"segment_v2_finalized":0,"segment_v2_bound_finalized":4,"consumer_reference_put":0,"derived_reference_accepted":0,"referenced_observation_put":0,"derived_job_intent":0,"derived_job_files":0,"derived_job_ready":0,"derived_job_committed":0,"derived_job_complete":0,"derived_job_failed":0,"segment_v2_state":2,"segment_v2_deleted":2},"identityBytes":2490,"combinedLogicalIds":32,"combinedLogicalBytes":4868,"rotations":0,"partialBytes":0,"progress":{"elapsedMs":5304.564957999999,"channels":{"9101":{"finalized":2,"deleted":1,"lastAt":11264.418875,"order":"3","store":"5968c8ee050cf22e8d5ba52086d4172bbc02a7512ed16d1ddc8d06995df71791","knownMappings":0,"unknownMappings":88},"9201":{"finalized":2,"deleted":1,"lastAt":11264.418875,"order":"4","store":"5968c8ee050cf22e8d5ba52086d4172bbc02a7512ed16d1ddc8d06995df71791","knownMappings":2,"unknownMappings":82}},"records":4,"logicalBytes":2378},"resourceTrendPass":false}
[sample-timing] {"sampleIndex":2,"metricsMs":1.8670830000010028,"drainMs":46.460916,"storageMs":1.2527919999993173,"totalMs":49.664208000000144}
[request-budget] {"elapsedMs":1}
[http-timing] {"method":"GET","routeClass":"recording-status","status":200,"headerElapsedMs":1,"bodyElapsedMs":0,"totalElapsedMs":1,"bytes":1604,"phase":"complete","outcome":"ok"}
[pass] LP26-O05 active 9101
[pass] LP26-O05 active 9201
[pass] V440 peak RSS budget
[pass] LP26-O03 deleted media absent
[pass] LP26-O03 deleted media absent
[pass] LP26-O03 deleted media absent
[pass] LP26-O03 deleted media absent
[pass] LP26-O03 deleted media absent
[pass] LP26-O03 deleted media absent
[root-storage] {"reason":"sample","final":false,"elapsedMs":16385,"journalMutationTypes":{"segment_finalized":0,"event_link_created":0,"observation_put":0,"observation_v2_put":0,"deletion_requested":0,"deletion_completed":0,"corruption_detected":0,"recording_order_reserved":12,"segment_v2_finalized":0,"segment_v2_bound_finalized":10,"consumer_reference_put":0,"derived_reference_accepted":0,"referenced_observation_put":0,"derived_job_intent":0,"derived_job_files":0,"derived_job_ready":0,"derived_job_committed":0,"derived_job_complete":0,"derived_job_failed":0,"segment_v2_state":8,"segment_v2_deleted":8},"journalMutationTypesCoverage":"drained-prefix-only; unread-or-partial-tail-excluded","totalBytes":14132420,"capBytes":480386519,"capExceeded":false,"entries":325,"categories":{"input":{"bytes":135858,"files":2},"media":{"bytes":69448,"files":2},"mediaPartial":{"bytes":13626,"files":2},"journal":{"bytes":126405,"files":2},"checkpoint":{"bytes":0,"files":0},"generationSnapshot":{"bytes":267,"files":1},"generationIdentity":{"bytes":160,"files":1},"generationEvidence":{"bytes":0,"files":0},"generationManifest":{"bytes":391,"files":1},"generationTransaction":{"bytes":0,"files":0},"sqlite":{"bytes":126976,"files":1},"wal":{"bytes":0,"files":0},"sqliteAux":{"bytes":0,"files":0},"tmp":{"bytes":0,"files":0},"log":{"bytes":4688,"files":1},"state":{"bytes":4653,"files":2},"events":{"bytes":0,"files":0},"cache":{"bytes":3146149,"files":280},"tools":{"bytes":10196904,"files":2},"recordingsOther":{"bytes":15186,"files":8},"other":{"bytes":291709,"files":1}},"ownership":{"productRecording":{"bytes":352459,"files":18},"fixtureInput":{"bytes":135858,"files":2},"observerTools":{"bytes":10196904,"files":2},"cache":{"bytes":3146149,"files":280},"temporary":{"bytes":0,"files":0},"runtimeSupport":{"bytes":9341,"files":3},"other":{"bytes":291709,"files":1}},"transientJournalMisses":0,"measurement":"logical-file-bytes-nonatomic","rawPathsPublished":false,"transientTreeRetries":0,"fixedBytes":10624471,"variableBytes":3507949,"copyBytes":0,"combinedBytes":14132420,"rootCapBytes":480386519,"combinedCapBytes":950148567,"copyEntries":0,"workspacePolicy":"fixed-plus-variable-v1"}
[current-observation] {"pid":41854,"startIdentity":"macos:1791131391:604956","sampledAt":1791131406621,"phaseAt":16267.349208,"rssBytes":3191488512,"threadCount":39,"fdCount":31,"mutationCount":38,"typeCounts":{"segment_finalized":0,"event_link_created":0,"observation_put":0,"observation_v2_put":0,"deletion_requested":0,"deletion_completed":0,"corruption_detected":0,"recording_order_reserved":12,"segment_v2_finalized":0,"segment_v2_bound_finalized":10,"consumer_reference_put":0,"derived_reference_accepted":0,"referenced_observation_put":0,"derived_job_intent":0,"derived_job_files":0,"derived_job_ready":0,"derived_job_committed":0,"derived_job_complete":0,"derived_job_failed":0,"segment_v2_state":8,"segment_v2_deleted":8},"identityBytes":6665,"combinedLogicalIds":86,"combinedLogicalBytes":12602,"rotations":0,"partialBytes":0,"progress":{"elapsedMs":10307.495291,"channels":{"9101":{"finalized":5,"deleted":4,"lastAt":16267.349208,"order":"9","store":"5968c8ee050cf22e8d5ba52086d4172bbc02a7512ed16d1ddc8d06995df71791","knownMappings":1,"unknownMappings":202},"9201":{"finalized":5,"deleted":4,"lastAt":16267.349208,"order":"10","store":"5968c8ee050cf22e8d5ba52086d4172bbc02a7512ed16d1ddc8d06995df71791","knownMappings":3,"unknownMappings":220}},"records":10,"logicalBytes":5937},"resourceTrendPass":false}
[sample-timing] {"sampleIndex":3,"metricsMs":1.9275419999994483,"drainMs":138.56274999999914,"storageMs":1.7306249999965075,"totalMs":142.34183400000074}
[request-budget] {"elapsedMs":1}
[http-timing] {"method":"GET","routeClass":"recording-status","status":200,"headerElapsedMs":2,"bodyElapsedMs":0,"totalElapsedMs":2,"bytes":1604,"phase":"complete","outcome":"ok"}
[pass] LP26-O05 active 9101
[pass] LP26-O05 active 9201
[pass] V440 peak RSS budget
[pass] LP26-O03 deleted media absent
[pass] LP26-O03 deleted media absent
[pass] LP26-O03 deleted media absent
[pass] LP26-O03 deleted media absent
[root-storage] {"reason":"sample","final":false,"elapsedMs":21339,"journalMutationTypes":{"segment_finalized":0,"event_link_created":0,"observation_put":0,"observation_v2_put":0,"deletion_requested":0,"deletion_completed":0,"corruption_detected":0,"recording_order_reserved":16,"segment_v2_finalized":0,"segment_v2_bound_finalized":14,"consumer_reference_put":0,"derived_reference_accepted":0,"referenced_observation_put":0,"derived_job_intent":0,"derived_job_files":0,"derived_job_ready":0,"derived_job_committed":0,"derived_job_complete":0,"derived_job_failed":0,"segment_v2_state":12,"segment_v2_deleted":12},"journalMutationTypesCoverage":"drained-prefix-only; unread-or-partial-tail-excluded","totalBytes":14229005,"capBytes":480386519,"capExceeded":false,"entries":325,"categories":{"input":{"bytes":135858,"files":2},"media":{"bytes":69448,"files":2},"mediaPartial":{"bytes":46266,"files":2},"journal":{"bytes":177205,"files":2},"checkpoint":{"bytes":0,"files":0},"generationSnapshot":{"bytes":267,"files":1},"generationIdentity":{"bytes":160,"files":1},"generationEvidence":{"bytes":0,"files":0},"generationManifest":{"bytes":391,"files":1},"generationTransaction":{"bytes":0,"files":0},"sqlite":{"bytes":139264,"files":1},"wal":{"bytes":0,"files":0},"sqliteAux":{"bytes":0,"files":0},"tmp":{"bytes":0,"files":0},"log":{"bytes":5563,"files":1},"state":{"bytes":4653,"files":2},"events":{"bytes":0,"files":0},"cache":{"bytes":3146149,"files":280},"tools":{"bytes":10196904,"files":2},"recordingsOther":{"bytes":15168,"files":8},"other":{"bytes":291709,"files":1}},"ownership":{"productRecording":{"bytes":448169,"files":18},"fixtureInput":{"bytes":135858,"files":2},"observerTools":{"bytes":10196904,"files":2},"cache":{"bytes":3146149,"files":280},"temporary":{"bytes":0,"files":0},"runtimeSupport":{"bytes":10216,"files":3},"other":{"bytes":291709,"files":1}},"transientJournalMisses":0,"measurement":"logical-file-bytes-nonatomic","rawPathsPublished":false,"transientTreeRetries":0,"fixedBytes":10624471,"variableBytes":3604534,"copyBytes":0,"combinedBytes":14229005,"rootCapBytes":480386519,"combinedCapBytes":950148567,"copyEntries":0,"workspacePolicy":"fixed-plus-variable-v1"}
[current-observation] {"pid":41854,"startIdentity":"macos:1791131391:604956","sampledAt":1791131411625,"phaseAt":21270.5715,"rssBytes":3191832576,"threadCount":39,"fdCount":29,"mutationCount":54,"typeCounts":{"segment_finalized":0,"event_link_created":0,"observation_put":0,"observation_v2_put":0,"deletion_requested":0,"deletion_completed":0,"corruption_detected":0,"recording_order_reserved":16,"segment_v2_finalized":0,"segment_v2_bound_finalized":14,"consumer_reference_put":0,"derived_reference_accepted":0,"referenced_observation_put":0,"derived_job_intent":0,"derived_job_files":0,"derived_job_ready":0,"derived_job_committed":0,"derived_job_complete":0,"derived_job_failed":0,"segment_v2_state":12,"segment_v2_deleted":12},"identityBytes":9449,"combinedLogicalIds":122,"combinedLogicalBytes":17768,"rotations":0,"partialBytes":0,"progress":{"elapsedMs":15310.717582999998,"channels":{"9101":{"finalized":7,"deleted":6,"lastAt":21270.5715,"order":"13","store":"5968c8ee050cf22e8d5ba52086d4172bbc02a7512ed16d1ddc8d06995df71791","knownMappings":2,"unknownMappings":254},"9201":{"finalized":7,"deleted":6,"lastAt":21270.5715,"order":"14","store":"5968c8ee050cf22e8d5ba52086d4172bbc02a7512ed16d1ddc8d06995df71791","knownMappings":5,"unknownMappings":302}},"records":14,"logicalBytes":8319},"resourceTrendPass":false}
[sample-timing] {"sampleIndex":4,"metricsMs":1.8303329999980633,"drainMs":89.4988749999975,"storageMs":1.606167000001733,"totalMs":93.0165829999969}
[request-budget] {"elapsedMs":1}
[http-timing] {"method":"GET","routeClass":"recording-status","status":200,"headerElapsedMs":1,"bodyElapsedMs":0,"totalElapsedMs":1,"bytes":1604,"phase":"complete","outcome":"ok"}
[pass] LP26-O05 active 9101
[pass] LP26-O05 active 9201
[pass] V440 peak RSS budget
[pass] LP26-O03 deleted media absent
[pass] LP26-O03 deleted media absent
[pass] LP26-O03 deleted media absent
[pass] LP26-O03 deleted media absent
[pass] LP26-O03 deleted media absent
[pass] LP26-O03 deleted media absent
[root-storage] {"reason":"sample","final":false,"elapsedMs":26398,"journalMutationTypes":{"segment_finalized":0,"event_link_created":0,"observation_put":0,"observation_v2_put":0,"deletion_requested":0,"deletion_completed":0,"corruption_detected":0,"recording_order_reserved":22,"segment_v2_finalized":0,"segment_v2_bound_finalized":20,"consumer_reference_put":0,"derived_reference_accepted":0,"referenced_observation_put":0,"derived_job_intent":0,"derived_job_files":0,"derived_job_ready":0,"derived_job_committed":0,"derived_job_complete":0,"derived_job_failed":0,"segment_v2_state":18,"segment_v2_deleted":18},"journalMutationTypesCoverage":"drained-prefix-only; unread-or-partial-tail-excluded","totalBytes":14302459,"capBytes":480386519,"capExceeded":false,"entries":325,"categories":{"input":{"bytes":135858,"files":2},"media":{"bytes":68156,"files":2},"mediaPartial":{"bytes":14132,"files":2},"journal":{"bytes":254758,"files":2},"checkpoint":{"bytes":0,"files":0},"generationSnapshot":{"bytes":267,"files":1},"generationIdentity":{"bytes":160,"files":1},"generationEvidence":{"bytes":0,"files":0},"generationManifest":{"bytes":391,"files":1},"generationTransaction":{"bytes":0,"files":0},"sqlite":{"bytes":167936,"files":1},"wal":{"bytes":0,"files":0},"sqliteAux":{"bytes":0,"files":0},"tmp":{"bytes":0,"files":0},"log":{"bytes":6218,"files":1},"state":{"bytes":4653,"files":2},"events":{"bytes":0,"files":0},"cache":{"bytes":3146149,"files":280},"tools":{"bytes":10196904,"files":2},"recordingsOther":{"bytes":15168,"files":8},"other":{"bytes":291709,"files":1}},"ownership":{"productRecording":{"bytes":520968,"files":18},"fixtureInput":{"bytes":135858,"files":2},"observerTools":{"bytes":10196904,"files":2},"cache":{"bytes":3146149,"files":280},"temporary":{"bytes":0,"files":0},"runtimeSupport":{"bytes":10871,"files":3},"other":{"bytes":291709,"files":1}},"transientJournalMisses":0,"measurement":"logical-file-bytes-nonatomic","rawPathsPublished":false,"transientTreeRetries":0,"fixedBytes":10624471,"variableBytes":3677988,"copyBytes":0,"combinedBytes":14302459,"rootCapBytes":480386519,"combinedCapBytes":950148567,"copyEntries":0,"workspacePolicy":"fixed-plus-variable-v1"}
[current-observation] {"pid":41854,"startIdentity":"macos:1791131391:604956","sampledAt":1791131416627,"phaseAt":26272.569042,"rssBytes":2405892096,"threadCount":39,"fdCount":29,"mutationCount":78,"typeCounts":{"segment_finalized":0,"event_link_created":0,"observation_put":0,"observation_v2_put":0,"deletion_requested":0,"deletion_completed":0,"corruption_detected":0,"recording_order_reserved":22,"segment_v2_finalized":0,"segment_v2_bound_finalized":20,"consumer_reference_put":0,"derived_reference_accepted":0,"referenced_observation_put":0,"derived_job_intent":0,"derived_job_files":0,"derived_job_ready":0,"derived_job_committed":0,"derived_job_complete":0,"derived_job_failed":0,"segment_v2_state":18,"segment_v2_deleted":18},"identityBytes":13625,"combinedLogicalIds":176,"combinedLogicalBytes":25526,"rotations":0,"partialBytes":0,"progress":{"elapsedMs":20312.715125,"channels":{"9101":{"finalized":10,"deleted":9,"lastAt":26272.569042,"order":"19","store":"5968c8ee050cf22e8d5ba52086d4172bbc02a7512ed16d1ddc8d06995df71791","knownMappings":4,"unknownMappings":370},"9201":{"finalized":10,"deleted":9,"lastAt":26272.569042,"order":"20","store":"5968c8ee050cf22e8d5ba52086d4172bbc02a7512ed16d1ddc8d06995df71791","knownMappings":7,"unknownMappings":418}},"records":20,"logicalBytes":11901},"resourceTrendPass":false}
[sample-timing] {"sampleIndex":5,"metricsMs":1.8435829999980342,"drainMs":146.66100000000006,"storageMs":1.7264160000013362,"totalMs":150.32445799999914}
[request-budget] {"elapsedMs":2}
[http-timing] {"method":"GET","routeClass":"recording-status","status":200,"headerElapsedMs":1,"bodyElapsedMs":0,"totalElapsedMs":1,"bytes":1604,"phase":"complete","outcome":"ok"}
[pass] LP26-O05 active 9101
[pass] LP26-O05 active 9201
[pass] PR77 visual worker status
[pass] PR77 visual worker enabled
[pass] PR77 bounded visual status
[pass] PR77 actual visual results
[pass] PR77 bounded visual status
[pass] PR77 actual visual results
[pass] V440 bounded parallel search status
[pass] V440 bounded parallel search status
[evidence-create-responses] [{"status":503,"elapsedMs":80.68424999999843,"body":{"error":"evidence-create-failed"}},{"status":503,"elapsedMs":0.6918749999967986,"body":{"error":"evidence-busy"}}]
[root-storage] {"reason":"failure-live","final":true,"elapsedMs":26625,"journalMutationTypes":{"segment_finalized":0,"event_link_created":0,"observation_put":0,"observation_v2_put":0,"deletion_requested":0,"deletion_completed":0,"corruption_detected":0,"recording_order_reserved":22,"segment_v2_finalized":0,"segment_v2_bound_finalized":20,"consumer_reference_put":0,"derived_reference_accepted":0,"referenced_observation_put":0,"derived_job_intent":0,"derived_job_files":0,"derived_job_ready":0,"derived_job_committed":0,"derived_job_complete":0,"derived_job_failed":0,"segment_v2_state":18,"segment_v2_deleted":18},"journalMutationTypesCoverage":"drained-prefix-only; unread-or-partial-tail-excluded","totalBytes":14310933,"capBytes":480386519,"capExceeded":false,"entries":325,"categories":{"input":{"bytes":135858,"files":2},"media":{"bytes":68156,"files":2},"mediaPartial":{"bytes":20928,"files":2},"journal":{"bytes":254758,"files":2},"checkpoint":{"bytes":0,"files":0},"generationSnapshot":{"bytes":267,"files":1},"generationIdentity":{"bytes":160,"files":1},"generationEvidence":{"bytes":0,"files":0},"generationManifest":{"bytes":391,"files":1},"generationTransaction":{"bytes":0,"files":0},"sqlite":{"bytes":167936,"files":1},"wal":{"bytes":0,"files":0},"sqliteAux":{"bytes":0,"files":0},"tmp":{"bytes":0,"files":0},"log":{"bytes":7896,"files":1},"state":{"bytes":4653,"files":2},"events":{"bytes":0,"files":0},"cache":{"bytes":3146149,"files":280},"tools":{"bytes":10196904,"files":2},"recordingsOther":{"bytes":15168,"files":8},"other":{"bytes":291709,"files":1}},"ownership":{"productRecording":{"bytes":527764,"files":18},"fixtureInput":{"bytes":135858,"files":2},"observerTools":{"bytes":10196904,"files":2},"cache":{"bytes":3146149,"files":280},"temporary":{"bytes":0,"files":0},"runtimeSupport":{"bytes":12549,"files":3},"other":{"bytes":291709,"files":1}},"transientJournalMisses":0,"measurement":"logical-file-bytes-nonatomic","rawPathsPublished":false,"transientTreeRetries":0,"fixedBytes":10624471,"variableBytes":3686462,"copyBytes":0,"combinedBytes":14310933,"rootCapBytes":480386519,"combinedCapBytes":950148567,"copyEntries":0,"workspacePolicy":"fixed-plus-variable-v1"}
[fail] current observation: V440 concurrent creation admits a request
[root-storage] {"reason":"final-live","final":true,"elapsedMs":26627,"journalMutationTypes":{"segment_finalized":0,"event_link_created":0,"observation_put":0,"observation_v2_put":0,"deletion_requested":0,"deletion_completed":0,"corruption_detected":0,"recording_order_reserved":22,"segment_v2_finalized":0,"segment_v2_bound_finalized":20,"consumer_reference_put":0,"derived_reference_accepted":0,"referenced_observation_put":0,"derived_job_intent":0,"derived_job_files":0,"derived_job_ready":0,"derived_job_committed":0,"derived_job_complete":0,"derived_job_failed":0,"segment_v2_state":18,"segment_v2_deleted":18},"journalMutationTypesCoverage":"drained-prefix-only; unread-or-partial-tail-excluded","totalBytes":14310933,"capBytes":480386519,"capExceeded":false,"entries":325,"categories":{"input":{"bytes":135858,"files":2},"media":{"bytes":68156,"files":2},"mediaPartial":{"bytes":20928,"files":2},"journal":{"bytes":254758,"files":2},"checkpoint":{"bytes":0,"files":0},"generationSnapshot":{"bytes":267,"files":1},"generationIdentity":{"bytes":160,"files":1},"generationEvidence":{"bytes":0,"files":0},"generationManifest":{"bytes":391,"files":1},"generationTransaction":{"bytes":0,"files":0},"sqlite":{"bytes":167936,"files":1},"wal":{"bytes":0,"files":0},"sqliteAux":{"bytes":0,"files":0},"tmp":{"bytes":0,"files":0},"log":{"bytes":7896,"files":1},"state":{"bytes":4653,"files":2},"events":{"bytes":0,"files":0},"cache":{"bytes":3146149,"files":280},"tools":{"bytes":10196904,"files":2},"recordingsOther":{"bytes":15168,"files":8},"other":{"bytes":291709,"files":1}},"ownership":{"productRecording":{"bytes":527764,"files":18},"fixtureInput":{"bytes":135858,"files":2},"observerTools":{"bytes":10196904,"files":2},"cache":{"bytes":3146149,"files":280},"temporary":{"bytes":0,"files":0},"runtimeSupport":{"bytes":12549,"files":3},"other":{"bytes":291709,"files":1}},"transientJournalMisses":0,"measurement":"logical-file-bytes-nonatomic","rawPathsPublished":false,"transientTreeRetries":0,"fixedBytes":10624471,"variableBytes":3686462,"copyBytes":0,"combinedBytes":14310933,"rootCapBytes":480386519,"combinedCapBytes":950148567,"copyEntries":0,"workspacePolicy":"fixed-plus-variable-v1"}
[process-cleanup] {"schema":"recording-process-cleanup-v1","attemptCount":1,"pid":41854,"exitCode":0,"signalCode":null,"exitedObserved":true,"stopCode":"complete","forcedTermination":"not-used","normalExitPass":true,"normalShutdownPass":true,"archiveSafe":true,"ports":[{"kind":"http","port":64795,"status":"pass","code":"closed","closed":true},{"kind":"rtsp","port":64796,"status":"pass","code":"closed","closed":true}]}
[root-storage] {"reason":"post-stop","final":true,"elapsedMs":27598,"journalMutationTypes":{"segment_finalized":0,"event_link_created":0,"observation_put":0,"observation_v2_put":0,"deletion_requested":0,"deletion_completed":0,"corruption_detected":0,"recording_order_reserved":22,"segment_v2_finalized":0,"segment_v2_bound_finalized":20,"consumer_reference_put":0,"derived_reference_accepted":0,"referenced_observation_put":0,"derived_job_intent":0,"derived_job_files":0,"derived_job_ready":0,"derived_job_committed":0,"derived_job_complete":0,"derived_job_failed":0,"segment_v2_state":18,"segment_v2_deleted":18},"journalMutationTypesCoverage":"drained-prefix-only; unread-or-partial-tail-excluded","totalBytes":14356817,"capBytes":480386519,"capExceeded":false,"entries":323,"categories":{"input":{"bytes":135858,"files":2},"media":{"bytes":110666,"files":4},"mediaPartial":{"bytes":0,"files":0},"journal":{"bytes":268131,"files":2},"checkpoint":{"bytes":0,"files":0},"generationSnapshot":{"bytes":267,"files":1},"generationIdentity":{"bytes":160,"files":1},"generationEvidence":{"bytes":0,"files":0},"generationManifest":{"bytes":391,"files":1},"generationTransaction":{"bytes":0,"files":0},"sqlite":{"bytes":167936,"files":1},"wal":{"bytes":0,"files":0},"sqliteAux":{"bytes":0,"files":0},"tmp":{"bytes":0,"files":0},"log":{"bytes":19071,"files":1},"state":{"bytes":4653,"files":2},"events":{"bytes":0,"files":0},"cache":{"bytes":3146149,"files":280},"tools":{"bytes":10196904,"files":2},"recordingsOther":{"bytes":14922,"files":6},"other":{"bytes":291709,"files":1}},"ownership":{"productRecording":{"bytes":562473,"files":16},"fixtureInput":{"bytes":135858,"files":2},"observerTools":{"bytes":10196904,"files":2},"cache":{"bytes":3146149,"files":280},"temporary":{"bytes":0,"files":0},"runtimeSupport":{"bytes":23724,"files":3},"other":{"bytes":291709,"files":1}},"transientJournalMisses":0,"sqlitePages":{"status":"observed","mainBytes":167936,"walBytes":0,"pageSize":4096,"pageCount":41,"freePageCount":1,"livePageCount":40,"liveBytes":163840,"freeBytes":4096},"measurement":"logical-file-bytes-nonatomic","rawPathsPublished":false,"transientTreeRetries":0,"fixedBytes":10624471,"variableBytes":3732346,"copyBytes":0,"combinedBytes":14356817,"rootCapBytes":480386519,"combinedCapBytes":950148567,"copyEntries":0,"workspacePolicy":"fixed-plus-variable-v1"}
[server-diagnostic] {"pid":41854,"bytes":19071,"capturedBytes":19071,"sha256":"be1763828faca5f460c3a047d6980966e84508c9478a8624d02172d1bab6aee8","overflow":false,"categories":[{"code":"file evidence unavailable","count":0},{"code":"storageBlocked","count":0},{"code":"shutdown","count":0},{"code":"ERROR","count":0},{"code":"WARNING","count":0}],"rawBodyPublished":false,"privateCaptureDisposition":"eligible-for-wrapper-cleanup"}
[server-slow-diagnostic] {"status":"captured","seen":81,"retained":64,"thresholdNs":10000000,"rows":[{"k":0,"o":1,"s":1,"l":2189,"m":4,"t":6,"r":0,"b":10481325125,"a":10481325167,"e":10494717042,"n":1,"w":42,"h":13391875,"x":42,"y":13391875},{"k":0,"o":1,"s":1,"l":601,"m":4,"t":5,"r":0,"b":10482934459,"a":10494724417,"e":10495007292,"n":1,"w":11789958,"h":282875,"x":11789958,"y":282875},{"k":1,"o":7,"s":1,"l":1997,"m":4,"t":5,"r":0,"b":10501224667,"a":10501224667,"e":10513726417,"n":1,"w":0,"h":12501750,"x":0,"y":12501750},{"k":0,"o":1,"s":1,"l":2590,"m":4,"t":5,"r":0,"b":10500537875,"a":10500537959,"e":10513727709,"n":1,"w":84,"h":13189750,"x":84,"y":13189750},{"k":1,"o":7,"s":1,"l":1997,"m":4,"t":6,"r":0,"b":10520115709,"a":10520115709,"e":10531286042,"n":1,"w":0,"h":11170333,"x":0,"y":11170333},{"k":0,"o":1,"s":1,"l":2590,"m":4,"t":6,"r":0,"b":10519477667,"a":10519477709,"e":10531286875,"n":1,"w":42,"h":11809166,"x":42,"y":11809166},{"k":1,"o":7,"s":1,"l":1997,"m":4,"t":5,"r":0,"b":12462023084,"a":12462023084,"e":12473582875,"n":1,"w":0,"h":11559791,"x":0,"y":11559791},{"k":0,"o":1,"s":1,"l":2189,"m":4,"t":5,"r":0,"b":12460427209,"a":12460427334,"e":12473583917,"n":1,"w":125,"h":13156583,"x":125,"y":13156583},{"k":0,"o":1,"s":1,"l":2131,"m":4,"t":6,"r":0,"b":12461560792,"a":12473591792,"e":12474826625,"n":1,"w":12031000,"h":1234833,"x":12031000,"y":1234833},{"k":1,"o":7,"s":1,"l":1997,"m":4,"t":6,"r":0,"b":12478775292,"a":12478775292,"e":12490905417,"n":1,"w":0,"h":12130125,"x":0,"y":12130125},{"k":0,"o":1,"s":1,"l":2189,"m":4,"t":6,"r":0,"b":12477086042,"a":12477086084,"e":12490906459,"n":1,"w":42,"h":13820375,"x":42,"y":13820375},{"k":0,"o":1,"s":1,"l":601,"m":4,"t":5,"r":0,"b":12478661209,"a":12490914000,"e":12491185000,"n":1,"w":12252791,"h":271000,"x":12252791,"y":271000},{"k":1,"o":7,"s":1,"l":1997,"m":4,"t":5,"r":0,"b":12497291334,"a":12497291334,"e":12509590917,"n":1,"w":0,"h":12299583,"x":0,"y":12299583},{"k":0,"o":1,"s":1,"l":2590,"m":4,"t":5,"r":0,"b":12496603292,"a":12496603334,"e":12509591917,"n":1,"w":42,"h":12988583,"x":42,"y":12988583},{"k":1,"o":7,"s":1,"l":1997,"m":4,"t":6,"r":0,"b":12515801000,"a":12515801000,"e":12527898042,"n":1,"w":0,"h":12097042,"x":0,"y":12097042},{"k":0,"o":1,"s":1,"l":2590,"m":4,"t":6,"r":0,"b":12515054709,"a":12515054750,"e":12527899542,"n":1,"w":41,"h":12844792,"x":41,"y":12844792},{"k":0,"o":1,"s":1,"l":2189,"m":4,"t":5,"r":0,"b":14466775000,"a":14466775125,"e":14477306542,"n":1,"w":125,"h":10531417,"x":125,"y":10531417},{"k":1,"o":7,"s":1,"l":1997,"m":4,"t":6,"r":0,"b":14478946292,"a":14478946292,"e":14490065834,"n":1,"w":0,"h":11119542,"x":0,"y":11119542},{"k":0,"o":1,"s":1,"l":2189,"m":4,"t":6,"r":0,"b":14468676959,"a":14477314292,"e":14490066584,"n":1,"w":8637333,"h":12752292,"x":8637333,"y":12752292},{"k":1,"o":7,"s":1,"l":1997,"m":4,"t":5,"r":0,"b":14496345750,"a":14496345750,"e":14508757834,"n":1,"w":0,"h":12412084,"x":0,"y":12412084},{"k":0,"o":1,"s":1,"l":2590,"m":4,"t":5,"r":0,"b":14495688625,"a":14495688709,"e":14508758750,"n":1,"w":84,"h":13070041,"x":84,"y":13070041},{"k":1,"o":7,"s":1,"l":1997,"m":4,"t":6,"r":0,"b":14515032459,"a":14515032459,"e":14528034584,"n":1,"w":0,"h":13002125,"x":0,"y":13002125},{"k":0,"o":1,"s":1,"l":2590,"m":4,"t":6,"r":0,"b":14514326792,"a":14514326834,"e":14528035709,"n":1,"w":42,"h":13708875,"x":42,"y":13708875},{"k":0,"o":1,"s":1,"l":2189,"m":4,"t":5,"r":0,"b":16466606417,"a":16466606542,"e":16477040584,"n":1,"w":125,"h":10434042,"x":125,"y":10434042},{"k":1,"o":7,"s":1,"l":1997,"m":4,"t":6,"r":0,"b":16481993834,"a":16481993834,"e":16493334459,"n":1,"w":0,"h":11340625,"x":0,"y":11340625},{"k":0,"o":1,"s":1,"l":2189,"m":4,"t":6,"r":0,"b":16480377500,"a":16480377542,"e":16493335417,"n":1,"w":42,"h":12957875,"x":42,"y":12957875},{"k":0,"o":1,"s":1,"l":601,"m":4,"t":5,"r":0,"b":16480916875,"a":16493342667,"e":16493607709,"n":1,"w":12425792,"h":265042,"x":12425792,"y":265042},{"k":1,"o":7,"s":1,"l":1997,"m":4,"t":6,"r":0,"b":16512623625,"a":16512623625,"e":16524420709,"n":1,"w":0,"h":11797084,"x":0,"y":11797084},{"k":0,"o":1,"s":1,"l":2590,"m":4,"t":6,"r":0,"b":16511971917,"a":16511972000,"e":16524422459,"n":1,"w":83,"h":12450459,"x":83,"y":12450459},{"k":1,"o":7,"s":1,"l":1997,"m":4,"t":5,"r":0,"b":18477159000,"a":18477159000,"e":18487590792,"n":1,"w":0,"h":10431792,"x":0,"y":10431792},{"k":0,"o":1,"s":1,"l":2189,"m":4,"t":5,"r":0,"b":18475738500,"a":18475738625,"e":18487591792,"n":1,"w":125,"h":11853167,"x":125,"y":11853167},{"k":1,"o":7,"s":1,"l":1997,"m":4,"t":6,"r":0,"b":18492474875,"a":18492474875,"e":18503399042,"n":1,"w":0,"h":10924167,"x":0,"y":10924167},{"k":0,"o":1,"s":1,"l":2189,"m":4,"t":6,"r":0,"b":18490935167,"a":18490935209,"e":18503400209,"n":1,"w":42,"h":12465000,"x":42,"y":12465000},{"k":0,"o":1,"s":1,"l":601,"m":4,"t":5,"r":0,"b":18491993459,"a":18503408125,"e":18503676959,"n":1,"w":11414666,"h":268834,"x":11414666,"y":268834},{"k":1,"o":7,"s":1,"l":1997,"m":4,"t":6,"r":0,"b":18522454834,"a":18522454834,"e":18534162625,"n":1,"w":0,"h":11707791,"x":0,"y":11707791},{"k":0,"o":1,"s":1,"l":2590,"m":4,"t":6,"r":0,"b":18521797875,"a":18521797917,"e":18534163334,"n":1,"w":42,"h":12365417,"x":42,"y":12365417},{"k":0,"o":1,"s":1,"l":2189,"m":4,"t":5,"r":0,"b":20476102834,"a":20476102917,"e":20487498834,"n":1,"w":83,"h":11395917,"x":83,"y":11395917},{"k":1,"o":7,"s":1,"l":1997,"m":4,"t":6,"r":0,"b":20489143084,"a":20489143084,"e":20501549417,"n":1,"w":0,"h":12406333,"x":0,"y":12406333},{"k":0,"o":1,"s":1,"l":2189,"m":4,"t":6,"r":0,"b":20477276209,"a":20487505334,"e":20501550917,"n":1,"w":10229125,"h":14045583,"x":10229125,"y":14045583},{"k":0,"o":1,"s":1,"l":2590,"m":4,"t":5,"r":0,"b":20507603292,"a":20507603334,"e":20517711500,"n":1,"w":42,"h":10108166,"x":42,"y":10108166},{"k":1,"o":7,"s":1,"l":1997,"m":4,"t":6,"r":0,"b":20524116334,"a":20524116334,"e":20535541500,"n":1,"w":0,"h":11425166,"x":0,"y":11425166},{"k":0,"o":1,"s":1,"l":2590,"m":4,"t":6,"r":0,"b":20523407709,"a":20523407792,"e":20535542375,"n":1,"w":83,"h":12134583,"x":83,"y":12134583},{"k":1,"o":7,"s":1,"l":1997,"m":4,"t":5,"r":0,"b":22486393792,"a":22486393792,"e":22498418709,"n":1,"w":0,"h":12024917,"x":0,"y":12024917},{"k":0,"o":1,"s":1,"l":2189,"m":4,"t":5,"r":0,"b":22484232209,"a":22484732917,"e":22498420125,"n":1,"w":500708,"h":13687208,"x":500708,"y":13687208},{"k":1,"o":7,"s":1,"l":1997,"m":4,"t":6,"r":0,"b":22500131459,"a":22500131459,"e":22511564125,"n":1,"w":0,"h":11432666,"x":0,"y":11432666},{"k":0,"o":1,"s":1,"l":2189,"m":4,"t":6,"r":0,"b":22487269792,"a":22498427875,"e":22511565459,"n":1,"w":11158083,"h":13137584,"x":11158083,"y":13137584},{"k":1,"o":7,"s":1,"l":1997,"m":4,"t":6,"r":0,"b":22533330959,"a":22533330959,"e":22545403834,"n":1,"w":0,"h":12072875,"x":0,"y":12072875},{"k":0,"o":1,"s":1,"l":2590,"m":4,"t":6,"r":0,"b":22532664750,"a":22532664834,"e":22545405250,"n":1,"w":84,"h":12740416,"x":84,"y":12740416},{"k":1,"o":7,"s":1,"l":1997,"m":4,"t":5,"r":0,"b":24488571500,"a":24488571500,"e":24501250125,"n":1,"w":0,"h":12678625,"x":0,"y":12678625},{"k":0,"o":1,"s":1,"l":2189,"m":4,"t":5,"r":0,"b":24486300167,"a":24486300500,"e":24501251667,"n":1,"w":333,"h":14951167,"x":333,"y":14951167},{"k":1,"o":7,"s":1,"l":1997,"m":4,"t":6,"r":0,"b":24502810459,"a":24502810459,"e":24513561417,"n":1,"w":0,"h":10750958,"x":0,"y":10750958},{"k":0,"o":1,"s":1,"l":2189,"m":4,"t":6,"r":0,"b":24487024417,"a":24501259375,"e":24513562917,"n":1,"w":14234958,"h":12303542,"x":14234958,"y":12303542},{"k":0,"o":1,"s":1,"l":642,"m":4,"t":3,"r":0,"b":24502054917,"a":24513569959,"e":24513570334,"n":1,"w":11515042,"h":375,"x":11515042,"y":375},{"k":1,"o":7,"s":1,"l":1997,"m":4,"t":5,"r":0,"b":24522482834,"a":24522482834,"e":24536112584,"n":1,"w":0,"h":13629750,"x":0,"y":13629750},{"k":0,"o":1,"s":1,"l":2590,"m":4,"t":5,"r":0,"b":24521772625,"a":24521772625,"e":24536113750,"n":1,"w":0,"h":14341125,"x":0,"y":14341125},{"k":1,"o":7,"s":1,"l":1997,"m":4,"t":6,"r":0,"b":24542399209,"a":24542399209,"e":24554256875,"n":1,"w":0,"h":11857666,"x":0,"y":11857666},{"k":0,"o":1,"s":1,"l":2590,"m":4,"t":6,"r":0,"b":24541752459,"a":24541752542,"e":24554257709,"n":1,"w":83,"h":12505167,"x":83,"y":12505167},{"k":0,"o":1,"s":2,"l":227,"m":4,"t":17,"r":0,"b":24920002209,"a":24920002250,"e":24983665667,"n":1,"w":41,"h":63663417,"x":41,"y":63663417},{"k":0,"o":1,"s":1,"l":3650,"m":4,"t":18,"r":0,"b":24968782584,"a":24985752750,"e":24985763875,"n":1,"w":16970166,"h":11125,"x":16970166,"y":11125},{"k":1,"o":3,"s":3,"l":528,"m":0,"t":17,"r":0,"b":24920001125,"a":24920001125,"e":24987578709,"n":1,"w":0,"h":67577584,"x":0,"y":67577584},{"k":0,"o":1,"s":2,"l":227,"m":4,"t":19,"r":0,"b":24992207292,"a":24994367000,"e":25050450292,"n":1,"w":2159708,"h":56083292,"x":2159708,"y":56083292},{"k":0,"o":1,"s":1,"l":3650,"m":4,"t":20,"r":0,"b":25019520000,"a":25052413625,"e":25052423834,"n":1,"w":32893625,"h":10209,"x":32893625,"y":10209},{"k":1,"o":3,"s":3,"l":528,"m":0,"t":19,"r":0,"b":24992206250,"a":24992206250,"e":25054349542,"n":1,"w":0,"h":62143292,"x":0,"y":62143292},{"k":0,"o":1,"s":1,"l":2189,"m":4,"t":1,"r":0,"b":25657364500,"a":25657364750,"e":25667861792,"n":1,"w":250,"h":10497042,"x":250,"y":10497042}],"completedSpansOnly":true,"rawBodyPublished":false}
{"mode":"current-app-observe-short","passed":55,"failed":1,"elapsedMs":27600,"verifiedDurationMs":null,"longrunObservationCompleted":false,"shortPreparationPass":false,"statusCumulativePass":false,"resourceTrendPass":false,"reviewRequired":true,"uiFulltestPass":false,"evidenceLoad":{"cycles":0,"searchSuccess":8,"searchUnavailable":0,"searchSuccessByClient":[2,2,2,2],"createComplete":0,"createPartial":0,"createSuccess":0,"createBusy":0,"retainedChecks":0,"deletedSourceObserved":false,"searchLatencyMs":[100.3961249999993,51.59979199999998,1.7700420000001031,3.2589160000006814,134.33345800000097,67.81283299999996,76.42683300000135,140.52745800000048],"createLatencyMs":[],"visualResults":0,"visualCreated":0,"visualExpired":0,"visualIndexObservations":[{"cycle":0,"state":"ready","error":"","channels":[{"channelId":"1","indexedFrames":0},{"channelId":"2","indexedFrames":0},{"channelId":"3","indexedFrames":0},{"channelId":"4","indexedFrames":0},{"channelId":"5","indexedFrames":0},{"channelId":"9101","indexedFrames":0},{"channelId":"9201","indexedFrames":0}]},{"cycle":0,"state":"indexing","error":"","channels":[{"channelId":"1","indexedFrames":0},{"channelId":"2","indexedFrames":0},{"channelId":"3","indexedFrames":0},{"channelId":"4","indexedFrames":0},{"channelId":"5","indexedFrames":0},{"channelId":"9101","indexedFrames":2},{"channelId":"9201","indexedFrames":2}]}]},"phase":null,"resources":{"status":"observed","resourceTrendPass":false,"reviewRequired":true,"sampleCount":5,"groups":[{"pid":41854,"startIdentity":"macos:1791131391:604956","sampleCount":5,"first":{"phaseAt":6261.567042,"sampledAt":1791131396615,"rssBytes":3159195648,"threadCount":36,"fdCount":29,"mutationCount":2},"last":{"phaseAt":26272.569042,"sampledAt":1791131416627,"rssBytes":2405892096,"threadCount":39,"fdCount":29,"mutationCount":78},"max":{"rssBytes":3191832576,"threadCount":39,"fdCount":31},"delta":{"rssBytes":-753303552,"threadCount":3,"fdCount":0,"mutationCount":76},"elapsedMs":20011.002,"maxGapMs":5003.222291999999,"warmupMs":300000,"postWarmup":{"status":"insufficient","sampleCount":0,"delta":null,"elapsedMs":null,"rssMiBPerMinute":null}}]},"processCount":1,"processesClosed":true,"udpClosed":true,"tokenStart":null,"tokenEnd":null,"tokenConsumed":null,"tokenSource":"전용 집계 없음"}
[cleanup] {"preserved":true,"reason":"failed-run"}
