open ok=1 ms=1093.13
iteration=0
refresh ok=1 ms=3.11917
timeline ok=1 ms=967.629
playback ok=1 ms=932.213
visual-collect ok=1 ms=79.8846
counts search=195 timeline=6654 visual=31
visual-prepare ok=1 ms=11.4114
visual-reuse ok=1 ms=1.20412
iteration=1
refresh ok=1 ms=3.18637
timeline ok=1 ms=949.069
playback ok=1 ms=950.548
visual-collect ok=1 ms=79.7638
counts search=195 timeline=6654 visual=31
visual-prepare ok=1 ms=10.857
visual-reuse ok=1 ms=1.19467
iteration=2
refresh ok=1 ms=2.88171
timeline ok=1 ms=956.619
playback ok=1 ms=951.001
visual-collect ok=1 ms=79.4158
counts search=195 timeline=6654 visual=31
visual-prepare ok=1 ms=11.0889
visual-reuse ok=1 ms=1.15104
