[owned-root] {"root":"/private/var/folders/k0/qhmr6zdx11q0_41wfx4dsd200000gn/T/media-server-current-observer-MAmvlR","dev":16777232,"ino":168334738,"uid":501}
[pass] LP26-O05 fixed current executable
[fixture-generation] {"status":0,"signal":null,"errorCode":null,"elapsedMs":1183,"timeoutMs":30000,"stdoutBytes":0,"stderrBytes":0,"outputBytes":67929,"categories":{"missingElement":false,"negotiation":false,"pluginScanner":false,"permission":false,"resource":false,"macosService":false},"rawBodyPublished":false}
[pass] LP26-O05 original bounded retention fixture
[workspace-fixed] {"root":"/private/var/folders/k0/qhmr6zdx11q0_41wfx4dsd200000gn/T/media-server-current-observer-MAmvlR","dev":16777232,"ino":168334738,"uid":501,"capBytes":469762048,"fixedBytes":10624471,"files":[{"name":"input/retention-9101.mp4","dev":16777232,"ino":168335062,"uid":501,"mode":33188,"size":67929,"mtimeMs":1791131276274.7825,"ctimeMs":1791131276274.7825,"sha256":"d3e5b2c7e7c204ae58477760561ec4319024e63d4d5be60f588420caf98d6a06"},{"name":"input/retention-9201.mp4","dev":16777232,"ino":168335063,"uid":501,"mode":33188,"size":67929,"mtimeMs":1791131276276.0974,"ctimeMs":1791131276276.0974,"sha256":"d3e5b2c7e7c204ae58477760561ec4319024e63d4d5be60f588420caf98d6a06"},{"name":"normalize","dev":16777232,"ino":168335037,"uid":501,"mode":33261,"size":10114024,"mtimeMs":1791131274780.337,"ctimeMs":1791131274780.337,"sha256":"1291b940d7277c7bce5736f0c182c90675619572a8a317c0baa73670950f0485"},{"name":"process-metrics","dev":16777232,"ino":168335040,"uid":501,"mode":33261,"size":82880,"mtimeMs":1791131275039.4297,"ctimeMs":1791131275039.4297,"sha256":"e35370a1e56df52b556e7aa493789039cabf9011192ed0591bcef58c6b382e19"},{"name":"catalog-instrumented.cpp","dev":16777232,"ino":168335027,"uid":501,"mode":33152,"size":291709,"mtimeMs":1791131272401.9915,"ctimeMs":1791131272401.9915,"sha256":"3b861de2ed948e9fea4abfcc158edff3a7275f8f11e76028e2c1750d49a57f78"}]}
[pass] LP26-O05 distinct canonical sources
[request-budget] {"elapsedMs":1}
[http-timing] {"method":"GET","routeClass":"health","status":null,"headerElapsedMs":null,"bodyElapsedMs":null,"totalElapsedMs":4,"bytes":0,"phase":"header","outcome":"error"}
[request-budget] {"elapsedMs":1}
[http-timing] {"method":"GET","routeClass":"health","status":null,"headerElapsedMs":null,"bodyElapsedMs":null,"totalElapsedMs":1,"bytes":0,"phase":"header","outcome":"error"}
[request-budget] {"elapsedMs":1}
[http-timing] {"method":"GET","routeClass":"health","status":null,"headerElapsedMs":null,"bodyElapsedMs":null,"totalElapsedMs":0,"bytes":0,"phase":"header","outcome":"error"}
[request-budget] {"elapsedMs":1}
[http-timing] {"method":"GET","routeClass":"health","status":null,"headerElapsedMs":null,"bodyElapsedMs":null,"totalElapsedMs":1,"bytes":0,"phase":"header","outcome":"error"}
[request-budget] {"elapsedMs":1}
[http-timing] {"method":"GET","routeClass":"health","status":null,"headerElapsedMs":null,"bodyElapsedMs":null,"totalElapsedMs":1,"bytes":0,"phase":"header","outcome":"error"}
[request-budget] {"elapsedMs":1}
[http-timing] {"method":"GET","routeClass":"health","status":null,"headerElapsedMs":null,"bodyElapsedMs":null,"totalElapsedMs":1,"bytes":0,"phase":"header","outcome":"error"}
[request-budget] {"elapsedMs":1}
[http-timing] {"method":"GET","routeClass":"health","status":null,"headerElapsedMs":null,"bodyElapsedMs":null,"totalElapsedMs":0,"bytes":0,"phase":"header","outcome":"error"}
[request-budget] {"elapsedMs":1}
[http-timing] {"method":"GET","routeClass":"health","status":null,"headerElapsedMs":null,"bodyElapsedMs":null,"totalElapsedMs":0,"bytes":0,"phase":"header","outcome":"error"}
[request-budget] {"elapsedMs":2}
[http-timing] {"method":"GET","routeClass":"health","status":null,"headerElapsedMs":null,"bodyElapsedMs":null,"totalElapsedMs":1,"bytes":0,"phase":"header","outcome":"error"}
[request-budget] {"elapsedMs":1}
[http-timing] {"method":"GET","routeClass":"health","status":null,"headerElapsedMs":null,"bodyElapsedMs":null,"totalElapsedMs":1,"bytes":0,"phase":"header","outcome":"error"}
[request-budget] {"elapsedMs":1}
[http-timing] {"method":"GET","routeClass":"health","status":null,"headerElapsedMs":null,"bodyElapsedMs":null,"totalElapsedMs":0,"bytes":0,"phase":"header","outcome":"error"}
[request-budget] {"elapsedMs":1}
[http-timing] {"method":"GET","routeClass":"health","status":null,"headerElapsedMs":null,"bodyElapsedMs":null,"totalElapsedMs":0,"bytes":0,"phase":"header","outcome":"error"}
[request-budget] {"elapsedMs":1}
[http-timing] {"method":"GET","routeClass":"health","status":null,"headerElapsedMs":null,"bodyElapsedMs":null,"totalElapsedMs":1,"bytes":0,"phase":"header","outcome":"error"}
[request-budget] {"elapsedMs":1}
[http-timing] {"method":"GET","routeClass":"health","status":null,"headerElapsedMs":null,"bodyElapsedMs":null,"totalElapsedMs":1,"bytes":0,"phase":"header","outcome":"error"}
[request-budget] {"elapsedMs":1}
[http-timing] {"method":"GET","routeClass":"health","status":null,"headerElapsedMs":null,"bodyElapsedMs":null,"totalElapsedMs":1,"bytes":0,"phase":"header","outcome":"error"}
[request-budget] {"elapsedMs":1}
[http-timing] {"method":"GET","routeClass":"health","status":null,"headerElapsedMs":null,"bodyElapsedMs":null,"totalElapsedMs":0,"bytes":0,"phase":"header","outcome":"error"}
[request-budget] {"elapsedMs":1}
[http-timing] {"method":"GET","routeClass":"health","status":null,"headerElapsedMs":null,"bodyElapsedMs":null,"totalElapsedMs":0,"bytes":0,"phase":"header","outcome":"error"}
[request-budget] {"elapsedMs":1}
[http-timing] {"method":"GET","routeClass":"health","status":null,"headerElapsedMs":null,"bodyElapsedMs":null,"totalElapsedMs":0,"bytes":0,"phase":"header","outcome":"error"}
[request-budget] {"elapsedMs":1}
[http-timing] {"method":"GET","routeClass":"health","status":null,"headerElapsedMs":null,"bodyElapsedMs":null,"totalElapsedMs":0,"bytes":0,"phase":"header","outcome":"error"}
[request-budget] {"elapsedMs":1}
[http-timing] {"method":"GET","routeClass":"health","status":null,"headerElapsedMs":null,"bodyElapsedMs":null,"totalElapsedMs":0,"bytes":0,"phase":"header","outcome":"error"}
[request-budget] {"elapsedMs":1}
[http-timing] {"method":"GET","routeClass":"health","status":null,"headerElapsedMs":null,"bodyElapsedMs":null,"totalElapsedMs":1,"bytes":0,"phase":"header","outcome":"error"}
[request-budget] {"elapsedMs":1}
[http-timing] {"method":"GET","routeClass":"health","status":null,"headerElapsedMs":null,"bodyElapsedMs":null,"totalElapsedMs":0,"bytes":0,"phase":"header","outcome":"error"}
[request-budget] {"elapsedMs":1}
[http-timing] {"method":"GET","routeClass":"health","status":null,"headerElapsedMs":null,"bodyElapsedMs":null,"totalElapsedMs":0,"bytes":0,"phase":"header","outcome":"error"}
[request-budget] {"elapsedMs":1}
[http-timing] {"method":"GET","routeClass":"health","status":null,"headerElapsedMs":null,"bodyElapsedMs":null,"totalElapsedMs":0,"bytes":0,"phase":"header","outcome":"error"}
[request-budget] {"elapsedMs":1}
[http-timing] {"method":"GET","routeClass":"health","status":null,"headerElapsedMs":null,"bodyElapsedMs":null,"totalElapsedMs":1,"bytes":0,"phase":"header","outcome":"error"}
[request-budget] {"elapsedMs":1}
[http-timing] {"method":"GET","routeClass":"health","status":null,"headerElapsedMs":null,"bodyElapsedMs":null,"totalElapsedMs":0,"bytes":0,"phase":"header","outcome":"error"}
[request-budget] {"elapsedMs":1}
[http-timing] {"method":"GET","routeClass":"health","status":null,"headerElapsedMs":null,"bodyElapsedMs":null,"totalElapsedMs":1,"bytes":0,"phase":"header","outcome":"error"}
[request-budget] {"elapsedMs":1}
[http-timing] {"method":"GET","routeClass":"health","status":null,"headerElapsedMs":null,"bodyElapsedMs":null,"totalElapsedMs":0,"bytes":0,"phase":"header","outcome":"error"}
[request-budget] {"elapsedMs":1}
[http-timing] {"method":"GET","routeClass":"health","status":null,"headerElapsedMs":null,"bodyElapsedMs":null,"totalElapsedMs":0,"bytes":0,"phase":"header","outcome":"error"}
[request-budget] {"elapsedMs":1}
[http-timing] {"method":"GET","routeClass":"health","status":null,"headerElapsedMs":null,"bodyElapsedMs":null,"totalElapsedMs":0,"bytes":0,"phase":"header","outcome":"error"}
[request-budget] {"elapsedMs":1}
[http-timing] {"method":"GET","routeClass":"health","status":null,"headerElapsedMs":null,"bodyElapsedMs":null,"totalElapsedMs":0,"bytes":0,"phase":"header","outcome":"error"}
[request-budget] {"elapsedMs":1}
[http-timing] {"method":"GET","routeClass":"health","status":null,"headerElapsedMs":null,"bodyElapsedMs":null,"totalElapsedMs":0,"bytes":0,"phase":"header","outcome":"error"}
[request-budget] {"elapsedMs":1}
[http-timing] {"method":"GET","routeClass":"health","status":null,"headerElapsedMs":null,"bodyElapsedMs":null,"totalElapsedMs":1,"bytes":0,"phase":"header","outcome":"error"}
[request-budget] {"elapsedMs":1}
[http-timing] {"method":"GET","routeClass":"health","status":null,"headerElapsedMs":null,"bodyElapsedMs":null,"totalElapsedMs":0,"bytes":0,"phase":"header","outcome":"error"}
[request-budget] {"elapsedMs":1}
[http-timing] {"method":"GET","routeClass":"health","status":null,"headerElapsedMs":null,"bodyElapsedMs":null,"totalElapsedMs":0,"bytes":0,"phase":"header","outcome":"error"}
[request-budget] {"elapsedMs":1}
[http-timing] {"method":"GET","routeClass":"health","status":null,"headerElapsedMs":null,"bodyElapsedMs":null,"totalElapsedMs":0,"bytes":0,"phase":"header","outcome":"error"}
[request-budget] {"elapsedMs":1}
[http-timing] {"method":"GET","routeClass":"health","status":null,"headerElapsedMs":null,"bodyElapsedMs":null,"totalElapsedMs":0,"bytes":0,"phase":"header","outcome":"error"}
[request-budget] {"elapsedMs":1}
[http-timing] {"method":"GET","routeClass":"health","status":null,"headerElapsedMs":null,"bodyElapsedMs":null,"totalElapsedMs":0,"bytes":0,"phase":"header","outcome":"error"}
[request-budget] {"elapsedMs":1}
[http-timing] {"method":"GET","routeClass":"health","status":null,"headerElapsedMs":null,"bodyElapsedMs":null,"totalElapsedMs":1,"bytes":0,"phase":"header","outcome":"error"}
[request-budget] {"elapsedMs":1}
[http-timing] {"method":"GET","routeClass":"health","status":null,"headerElapsedMs":null,"bodyElapsedMs":null,"totalElapsedMs":0,"bytes":0,"phase":"header","outcome":"error"}
[request-budget] {"elapsedMs":1}
[http-timing] {"method":"GET","routeClass":"health","status":null,"headerElapsedMs":null,"bodyElapsedMs":null,"totalElapsedMs":1,"bytes":0,"phase":"header","outcome":"error"}
[request-budget] {"elapsedMs":1}
[http-timing] {"method":"GET","routeClass":"health","status":null,"headerElapsedMs":null,"bodyElapsedMs":null,"totalElapsedMs":0,"bytes":0,"phase":"header","outcome":"error"}
[request-budget] {"elapsedMs":1}
[http-timing] {"method":"GET","routeClass":"health","status":null,"headerElapsedMs":null,"bodyElapsedMs":null,"totalElapsedMs":0,"bytes":0,"phase":"header","outcome":"error"}
[request-budget] {"elapsedMs":1}
[http-timing] {"method":"GET","routeClass":"health","status":null,"headerElapsedMs":null,"bodyElapsedMs":null,"totalElapsedMs":0,"bytes":0,"phase":"header","outcome":"error"}
[request-budget] {"elapsedMs":1}
[http-timing] {"method":"GET","routeClass":"health","status":200,"headerElapsedMs":4,"bodyElapsedMs":1,"totalElapsedMs":6,"bytes":15,"phase":"complete","outcome":"ok"}
[request-budget] {"elapsedMs":1}
[http-timing] {"method":"GET","routeClass":"ice","status":200,"headerElapsedMs":1,"bodyElapsedMs":0,"totalElapsedMs":1,"bytes":222,"phase":"complete","outcome":"ok"}
[pass] LP26-O05 isolated server healthy
[request-budget] {"elapsedMs":1}
[http-timing] {"method":"GET","routeClass":"recording-status","status":200,"headerElapsedMs":1,"bodyElapsedMs":0,"totalElapsedMs":1,"bytes":1198,"phase":"complete","outcome":"ok"}
[pass] LP26-O05 independent initial channels
[request-budget] {"elapsedMs":1}
[http-timing] {"method":"POST","routeClass":"source","status":201,"headerElapsedMs":73,"bodyElapsedMs":0,"totalElapsedMs":74,"bytes":436,"phase":"complete","outcome":"ok"}
[request-budget] {"elapsedMs":1}
[http-timing] {"method":"POST","routeClass":"source","status":201,"headerElapsedMs":7,"bodyElapsedMs":0,"totalElapsedMs":7,"bytes":436,"phase":"complete","outcome":"ok"}
[request-budget] {"elapsedMs":1}
[http-timing] {"method":"GET","routeClass":"recording-status","status":200,"headerElapsedMs":3,"bodyElapsedMs":0,"totalElapsedMs":3,"bytes":1596,"phase":"complete","outcome":"ok"}
[channel-readiness] [{"channelId":"9101","enabled":true,"active":true,"storageBlocked":false},{"channelId":"9201","enabled":true,"active":true,"storageBlocked":false}]
[pass] V440 peak RSS budget
[root-storage] {"reason":"sample","final":false,"elapsedMs":6263,"journalMutationTypes":{"segment_finalized":0,"event_link_created":0,"observation_put":0,"observation_v2_put":0,"deletion_requested":0,"deletion_completed":0,"corruption_detected":0,"recording_order_reserved":2,"segment_v2_finalized":0,"segment_v2_bound_finalized":0,"consumer_reference_put":0,"derived_reference_accepted":0,"referenced_observation_put":0,"derived_job_intent":0,"derived_job_files":0,"derived_job_ready":0,"derived_job_committed":0,"derived_job_complete":0,"derived_job_failed":0,"segment_v2_state":0,"segment_v2_deleted":0},"journalMutationTypesCoverage":"drained-prefix-only; unread-or-partial-tail-excluded","totalBytes":13841016,"capBytes":480386519,"capExceeded":false,"entries":323,"categories":{"input":{"bytes":135858,"files":2},"media":{"bytes":0,"files":0},"mediaPartial":{"bytes":11712,"files":2},"journal":{"bytes":922,"files":2},"checkpoint":{"bytes":0,"files":0},"generationSnapshot":{"bytes":267,"files":1},"generationIdentity":{"bytes":160,"files":1},"generationEvidence":{"bytes":0,"files":0},"generationManifest":{"bytes":391,"files":1},"generationTransaction":{"bytes":0,"files":0},"sqlite":{"bytes":49152,"files":1},"wal":{"bytes":0,"files":0},"sqliteAux":{"bytes":0,"files":0},"tmp":{"bytes":0,"files":0},"log":{"bytes":1521,"files":1},"state":{"bytes":4653,"files":2},"events":{"bytes":0,"files":0},"cache":{"bytes":3146149,"files":280},"tools":{"bytes":10196904,"files":2},"recordingsOther":{"bytes":1618,"files":8},"other":{"bytes":291709,"files":1}},"ownership":{"productRecording":{"bytes":64222,"files":16},"fixtureInput":{"bytes":135858,"files":2},"observerTools":{"bytes":10196904,"files":2},"cache":{"bytes":3146149,"files":280},"temporary":{"bytes":0,"files":0},"runtimeSupport":{"bytes":6174,"files":3},"other":{"bytes":291709,"files":1}},"transientJournalMisses":0,"measurement":"logical-file-bytes-nonatomic","rawPathsPublished":false,"transientTreeRetries":0,"fixedBytes":10624471,"variableBytes":3216545,"copyBytes":0,"combinedBytes":13841016,"rootCapBytes":480386519,"combinedCapBytes":950148567,"copyEntries":0,"workspacePolicy":"fixed-plus-variable-v1"}
[current-observation] {"pid":40394,"startIdentity":"macos:1791131276:287959","sampledAt":1791131281127,"phaseAt":6062.830459,"rssBytes":3159195648,"threadCount":37,"fdCount":29,"mutationCount":2,"typeCounts":{"segment_finalized":0,"event_link_created":0,"observation_put":0,"observation_v2_put":0,"deletion_requested":0,"deletion_completed":0,"corruption_detected":0,"recording_order_reserved":2,"segment_v2_finalized":0,"segment_v2_bound_finalized":0,"consumer_reference_put":0,"derived_reference_accepted":0,"referenced_observation_put":0,"derived_job_intent":0,"derived_job_files":0,"derived_job_ready":0,"derived_job_committed":0,"derived_job_complete":0,"derived_job_failed":0,"segment_v2_state":0,"segment_v2_deleted":0},"identityBytes":378,"combinedLogicalIds":4,"combinedLogicalBytes":378,"rotations":0,"partialBytes":0,"progress":{"elapsedMs":127.88287500000024,"channels":{"9101":{"finalized":0,"deleted":0,"lastAt":5934.947584,"order":"0","store":null,"knownMappings":0,"unknownMappings":0},"9201":{"finalized":0,"deleted":0,"lastAt":5934.947584,"order":"0","store":null,"knownMappings":0,"unknownMappings":0}},"records":0,"logicalBytes":0},"resourceTrendPass":false}
[sample-timing] {"sampleIndex":1,"metricsMs":127.69991699999991,"drainMs":221.59362499999952,"storageMs":1.3801250000005894,"totalMs":350.78483400000005}
[request-budget] {"elapsedMs":1}
[http-timing] {"method":"GET","routeClass":"recording-status","status":200,"headerElapsedMs":1,"bodyElapsedMs":0,"totalElapsedMs":1,"bytes":1596,"phase":"complete","outcome":"ok"}
[pass] LP26-O05 active 9101
[pass] LP26-O05 active 9201
[pass] PR77 visual worker status
[pass] PR77 visual worker enabled
[pass] PR77 bounded visual status
[pass] PR77 actual visual results
[pass] PR77 bounded visual status
[pass] PR77 actual visual results
[pass] V440 bounded parallel search status
[pass] V440 bounded parallel search status
[pass] V440 search retains current recordings
[pass] V440 peak RSS budget
[pass] LP26-O03 deleted media absent
[pass] LP26-O03 deleted media absent
[root-storage] {"reason":"sample","final":false,"elapsedMs":11118,"journalMutationTypes":{"segment_finalized":0,"event_link_created":0,"observation_put":0,"observation_v2_put":0,"deletion_requested":0,"deletion_completed":0,"corruption_detected":0,"recording_order_reserved":6,"segment_v2_finalized":0,"segment_v2_bound_finalized":4,"consumer_reference_put":0,"derived_reference_accepted":0,"referenced_observation_put":0,"derived_job_intent":0,"derived_job_files":0,"derived_job_ready":0,"derived_job_committed":0,"derived_job_complete":0,"derived_job_failed":0,"segment_v2_state":2,"segment_v2_deleted":2},"journalMutationTypesCoverage":"drained-prefix-only; unread-or-partial-tail-excluded","totalBytes":14063690,"capBytes":480386519,"capExceeded":false,"entries":325,"categories":{"input":{"bytes":135858,"files":2},"media":{"bytes":68156,"files":2},"mediaPartial":{"bytes":40954,"files":2},"journal":{"bytes":48914,"files":2},"checkpoint":{"bytes":0,"files":0},"generationSnapshot":{"bytes":267,"files":1},"generationIdentity":{"bytes":160,"files":1},"generationEvidence":{"bytes":0,"files":0},"generationManifest":{"bytes":391,"files":1},"generationTransaction":{"bytes":0,"files":0},"sqlite":{"bytes":110592,"files":1},"wal":{"bytes":0,"files":0},"sqliteAux":{"bytes":0,"files":0},"tmp":{"bytes":0,"files":0},"log":{"bytes":3815,"files":1},"state":{"bytes":4653,"files":2},"events":{"bytes":0,"files":0},"cache":{"bytes":3146149,"files":280},"tools":{"bytes":10196904,"files":2},"recordingsOther":{"bytes":15168,"files":8},"other":{"bytes":291709,"files":1}},"ownership":{"productRecording":{"bytes":284602,"files":18},"fixtureInput":{"bytes":135858,"files":2},"observerTools":{"bytes":10196904,"files":2},"cache":{"bytes":3146149,"files":280},"temporary":{"bytes":0,"files":0},"runtimeSupport":{"bytes":8468,"files":3},"other":{"bytes":291709,"files":1}},"transientJournalMisses":0,"measurement":"logical-file-bytes-nonatomic","rawPathsPublished":false,"transientTreeRetries":0,"fixedBytes":10624471,"variableBytes":3439219,"copyBytes":0,"combinedBytes":14063690,"rootCapBytes":480386519,"combinedCapBytes":950148567,"copyEntries":0,"workspacePolicy":"fixed-plus-variable-v1"}
[current-observation] {"pid":40394,"startIdentity":"macos:1791131276:287959","sampledAt":1791131286132,"phaseAt":11068.414959,"rssBytes":3190259712,"threadCount":40,"fdCount":31,"mutationCount":14,"typeCounts":{"segment_finalized":0,"event_link_created":0,"observation_put":0,"observation_v2_put":0,"deletion_requested":0,"deletion_completed":0,"corruption_detected":0,"recording_order_reserved":6,"segment_v2_finalized":0,"segment_v2_bound_finalized":4,"consumer_reference_put":0,"derived_reference_accepted":0,"referenced_observation_put":0,"derived_job_intent":0,"derived_job_files":0,"derived_job_ready":0,"derived_job_committed":0,"derived_job_complete":0,"derived_job_failed":0,"segment_v2_state":2,"segment_v2_deleted":2},"identityBytes":2490,"combinedLogicalIds":32,"combinedLogicalBytes":4868,"rotations":0,"partialBytes":0,"progress":{"elapsedMs":5133.467375,"channels":{"9101":{"finalized":2,"deleted":1,"lastAt":11068.414959,"order":"3","store":"886aed6dc31746b64750dd74746be053d07b7af821ab911f028a3fdf962cfbd8","knownMappings":1,"unknownMappings":94},"9201":{"finalized":2,"deleted":1,"lastAt":11068.414959,"order":"4","store":"886aed6dc31746b64750dd74746be053d07b7af821ab911f028a3fdf962cfbd8","knownMappings":1,"unknownMappings":90}},"records":4,"logicalBytes":2378},"resourceTrendPass":false}
[sample-timing] {"sampleIndex":2,"metricsMs":3.0930829999997513,"drainMs":70.64016700000138,"storageMs":1.425874999998996,"totalMs":75.26816599999984}
[request-budget] {"elapsedMs":1}
[http-timing] {"method":"GET","routeClass":"recording-status","status":200,"headerElapsedMs":2,"bodyElapsedMs":0,"totalElapsedMs":2,"bytes":1604,"phase":"complete","outcome":"ok"}
[pass] LP26-O05 active 9101
[pass] LP26-O05 active 9201
[pass] V440 peak RSS budget
[pass] LP26-O03 deleted media absent
[pass] LP26-O03 deleted media absent
[pass] LP26-O03 deleted media absent
[pass] LP26-O03 deleted media absent
[pass] LP26-O03 deleted media absent
[pass] LP26-O03 deleted media absent
[root-storage] {"reason":"sample","final":false,"elapsedMs":16154,"journalMutationTypes":{"segment_finalized":0,"event_link_created":0,"observation_put":0,"observation_v2_put":0,"deletion_requested":0,"deletion_completed":0,"corruption_detected":0,"recording_order_reserved":12,"segment_v2_finalized":0,"segment_v2_bound_finalized":10,"consumer_reference_put":0,"derived_reference_accepted":0,"referenced_observation_put":0,"derived_job_intent":0,"derived_job_files":0,"derived_job_ready":0,"derived_job_committed":0,"derived_job_complete":0,"derived_job_failed":0,"segment_v2_state":8,"segment_v2_deleted":8},"journalMutationTypesCoverage":"drained-prefix-only; unread-or-partial-tail-excluded","totalBytes":14117955,"capBytes":480386519,"capExceeded":false,"entries":325,"categories":{"input":{"bytes":135858,"files":2},"media":{"bytes":69448,"files":2},"mediaPartial":{"bytes":7676,"files":2},"journal":{"bytes":126082,"files":2},"checkpoint":{"bytes":0,"files":0},"generationSnapshot":{"bytes":267,"files":1},"generationIdentity":{"bytes":160,"files":1},"generationEvidence":{"bytes":0,"files":0},"generationManifest":{"bytes":391,"files":1},"generationTransaction":{"bytes":0,"files":0},"sqlite":{"bytes":118784,"files":1},"wal":{"bytes":0,"files":0},"sqliteAux":{"bytes":0,"files":0},"tmp":{"bytes":0,"files":0},"log":{"bytes":4688,"files":1},"state":{"bytes":4653,"files":2},"events":{"bytes":0,"files":0},"cache":{"bytes":3146149,"files":280},"tools":{"bytes":10196904,"files":2},"recordingsOther":{"bytes":15186,"files":8},"other":{"bytes":291709,"files":1}},"ownership":{"productRecording":{"bytes":337994,"files":18},"fixtureInput":{"bytes":135858,"files":2},"observerTools":{"bytes":10196904,"files":2},"cache":{"bytes":3146149,"files":280},"temporary":{"bytes":0,"files":0},"runtimeSupport":{"bytes":9341,"files":3},"other":{"bytes":291709,"files":1}},"transientJournalMisses":0,"measurement":"logical-file-bytes-nonatomic","rawPathsPublished":false,"transientTreeRetries":0,"fixedBytes":10624471,"variableBytes":3493484,"copyBytes":0,"combinedBytes":14117955,"rootCapBytes":480386519,"combinedCapBytes":950148567,"copyEntries":0,"workspacePolicy":"fixed-plus-variable-v1"}
[current-observation] {"pid":40394,"startIdentity":"macos:1791131276:287959","sampledAt":1791131291136,"phaseAt":16071.660834,"rssBytes":3191930880,"threadCount":40,"fdCount":29,"mutationCount":38,"typeCounts":{"segment_finalized":0,"event_link_created":0,"observation_put":0,"observation_v2_put":0,"deletion_requested":0,"deletion_completed":0,"corruption_detected":0,"recording_order_reserved":12,"segment_v2_finalized":0,"segment_v2_bound_finalized":10,"consumer_reference_put":0,"derived_reference_accepted":0,"referenced_observation_put":0,"derived_job_intent":0,"derived_job_files":0,"derived_job_ready":0,"derived_job_committed":0,"derived_job_complete":0,"derived_job_failed":0,"segment_v2_state":8,"segment_v2_deleted":8},"identityBytes":6665,"combinedLogicalIds":86,"combinedLogicalBytes":12602,"rotations":0,"partialBytes":0,"progress":{"elapsedMs":10136.71325,"channels":{"9101":{"finalized":5,"deleted":4,"lastAt":16071.660834,"order":"9","store":"886aed6dc31746b64750dd74746be053d07b7af821ab911f028a3fdf962cfbd8","knownMappings":4,"unknownMappings":186},"9201":{"finalized":5,"deleted":4,"lastAt":16071.660834,"order":"10","store":"886aed6dc31746b64750dd74746be053d07b7af821ab911f028a3fdf962cfbd8","knownMappings":2,"unknownMappings":218}},"records":10,"logicalBytes":5937},"resourceTrendPass":false}
[sample-timing] {"sampleIndex":3,"metricsMs":2.188417000001209,"drainMs":103.35808399999951,"storageMs":1.531208999998853,"totalMs":107.1804170000014}
[request-budget] {"elapsedMs":1}
[http-timing] {"method":"GET","routeClass":"recording-status","status":200,"headerElapsedMs":1,"bodyElapsedMs":0,"totalElapsedMs":1,"bytes":1604,"phase":"complete","outcome":"ok"}
[pass] LP26-O05 active 9101
[pass] LP26-O05 active 9201
[pass] V440 peak RSS budget
[pass] LP26-O03 deleted media absent
[pass] LP26-O03 deleted media absent
[pass] LP26-O03 deleted media absent
[pass] LP26-O03 deleted media absent
[root-storage] {"reason":"sample","final":false,"elapsedMs":21152,"journalMutationTypes":{"segment_finalized":0,"event_link_created":0,"observation_put":0,"observation_v2_put":0,"deletion_requested":0,"deletion_completed":0,"corruption_detected":0,"recording_order_reserved":16,"segment_v2_finalized":0,"segment_v2_bound_finalized":14,"consumer_reference_put":0,"derived_reference_accepted":0,"referenced_observation_put":0,"derived_job_intent":0,"derived_job_files":0,"derived_job_ready":0,"derived_job_committed":0,"derived_job_complete":0,"derived_job_failed":0,"segment_v2_state":12,"segment_v2_deleted":12},"journalMutationTypesCoverage":"drained-prefix-only; unread-or-partial-tail-excluded","totalBytes":14219141,"capBytes":480386519,"capExceeded":false,"entries":325,"categories":{"input":{"bytes":135858,"files":2},"media":{"bytes":69448,"files":2},"mediaPartial":{"bytes":40598,"files":2},"journal":{"bytes":177105,"files":2},"checkpoint":{"bytes":0,"files":0},"generationSnapshot":{"bytes":267,"files":1},"generationIdentity":{"bytes":160,"files":1},"generationEvidence":{"bytes":0,"files":0},"generationManifest":{"bytes":391,"files":1},"generationTransaction":{"bytes":0,"files":0},"sqlite":{"bytes":135168,"files":1},"wal":{"bytes":0,"files":0},"sqliteAux":{"bytes":0,"files":0},"tmp":{"bytes":0,"files":0},"log":{"bytes":5563,"files":1},"state":{"bytes":4653,"files":2},"events":{"bytes":0,"files":0},"cache":{"bytes":3146149,"files":280},"tools":{"bytes":10196904,"files":2},"recordingsOther":{"bytes":15168,"files":8},"other":{"bytes":291709,"files":1}},"ownership":{"productRecording":{"bytes":438305,"files":18},"fixtureInput":{"bytes":135858,"files":2},"observerTools":{"bytes":10196904,"files":2},"cache":{"bytes":3146149,"files":280},"temporary":{"bytes":0,"files":0},"runtimeSupport":{"bytes":10216,"files":3},"other":{"bytes":291709,"files":1}},"transientJournalMisses":0,"measurement":"logical-file-bytes-nonatomic","rawPathsPublished":false,"transientTreeRetries":0,"fixedBytes":10624471,"variableBytes":3594670,"copyBytes":0,"combinedBytes":14219141,"rootCapBytes":480386519,"combinedCapBytes":950148567,"copyEntries":0,"workspacePolicy":"fixed-plus-variable-v1"}
[current-observation] {"pid":40394,"startIdentity":"macos:1791131276:287959","sampledAt":1791131296140,"phaseAt":21075.453375,"rssBytes":3192373248,"threadCount":40,"fdCount":31,"mutationCount":54,"typeCounts":{"segment_finalized":0,"event_link_created":0,"observation_put":0,"observation_v2_put":0,"deletion_requested":0,"deletion_completed":0,"corruption_detected":0,"recording_order_reserved":16,"segment_v2_finalized":0,"segment_v2_bound_finalized":14,"consumer_reference_put":0,"derived_reference_accepted":0,"referenced_observation_put":0,"derived_job_intent":0,"derived_job_files":0,"derived_job_ready":0,"derived_job_committed":0,"derived_job_complete":0,"derived_job_failed":0,"segment_v2_state":12,"segment_v2_deleted":12},"identityBytes":9449,"combinedLogicalIds":122,"combinedLogicalBytes":17768,"rotations":0,"partialBytes":0,"progress":{"elapsedMs":15140.505791000001,"channels":{"9101":{"finalized":7,"deleted":6,"lastAt":21075.453375,"order":"14","store":"886aed6dc31746b64750dd74746be053d07b7af821ab911f028a3fdf962cfbd8","knownMappings":6,"unknownMappings":246},"9201":{"finalized":7,"deleted":6,"lastAt":21075.453375,"order":"13","store":"886aed6dc31746b64750dd74746be053d07b7af821ab911f028a3fdf962cfbd8","knownMappings":3,"unknownMappings":294}},"records":14,"logicalBytes":8319},"resourceTrendPass":false}
[sample-timing] {"sampleIndex":4,"metricsMs":2.774833999999828,"drainMs":97.70245799999975,"storageMs":1.4708339999997406,"totalMs":102.03912499999933}
[request-budget] {"elapsedMs":1}
[http-timing] {"method":"GET","routeClass":"recording-status","status":200,"headerElapsedMs":1,"bodyElapsedMs":0,"totalElapsedMs":1,"bytes":1604,"phase":"complete","outcome":"ok"}
[pass] LP26-O05 active 9101
[pass] LP26-O05 active 9201
[pass] V440 peak RSS budget
[pass] LP26-O03 deleted media absent
[pass] LP26-O03 deleted media absent
[pass] LP26-O03 deleted media absent
[pass] LP26-O03 deleted media absent
[pass] LP26-O03 deleted media absent
[pass] LP26-O03 deleted media absent
[root-storage] {"reason":"sample","final":false,"elapsedMs":26196,"journalMutationTypes":{"segment_finalized":0,"event_link_created":0,"observation_put":0,"observation_v2_put":0,"deletion_requested":0,"deletion_completed":0,"corruption_detected":0,"recording_order_reserved":22,"segment_v2_finalized":0,"segment_v2_bound_finalized":20,"consumer_reference_put":0,"derived_reference_accepted":0,"referenced_observation_put":0,"derived_job_intent":0,"derived_job_files":0,"derived_job_ready":0,"derived_job_committed":0,"derived_job_complete":0,"derived_job_failed":0,"segment_v2_state":18,"segment_v2_deleted":18},"journalMutationTypesCoverage":"drained-prefix-only; unread-or-partial-tail-excluded","totalBytes":14305355,"capBytes":480386519,"capExceeded":false,"entries":325,"categories":{"input":{"bytes":135858,"files":2},"media":{"bytes":68156,"files":2},"mediaPartial":{"bytes":8948,"files":2},"journal":{"bytes":254646,"files":2},"checkpoint":{"bytes":0,"files":0},"generationSnapshot":{"bytes":267,"files":1},"generationIdentity":{"bytes":160,"files":1},"generationEvidence":{"bytes":0,"files":0},"generationManifest":{"bytes":391,"files":1},"generationTransaction":{"bytes":0,"files":0},"sqlite":{"bytes":176128,"files":1},"wal":{"bytes":0,"files":0},"sqliteAux":{"bytes":0,"files":0},"tmp":{"bytes":0,"files":0},"log":{"bytes":6218,"files":1},"state":{"bytes":4653,"files":2},"events":{"bytes":0,"files":0},"cache":{"bytes":3146149,"files":280},"tools":{"bytes":10196904,"files":2},"recordingsOther":{"bytes":15168,"files":8},"other":{"bytes":291709,"files":1}},"ownership":{"productRecording":{"bytes":523864,"files":18},"fixtureInput":{"bytes":135858,"files":2},"observerTools":{"bytes":10196904,"files":2},"cache":{"bytes":3146149,"files":280},"temporary":{"bytes":0,"files":0},"runtimeSupport":{"bytes":10871,"files":3},"other":{"bytes":291709,"files":1}},"transientJournalMisses":0,"measurement":"logical-file-bytes-nonatomic","rawPathsPublished":false,"transientTreeRetries":0,"fixedBytes":10624471,"variableBytes":3680884,"copyBytes":0,"combinedBytes":14305355,"rootCapBytes":480386519,"combinedCapBytes":950148567,"copyEntries":0,"workspacePolicy":"fixed-plus-variable-v1"}
[current-observation] {"pid":40394,"startIdentity":"macos:1791131276:287959","sampledAt":1791131301143,"phaseAt":26078.858084,"rssBytes":2406252544,"threadCount":40,"fdCount":29,"mutationCount":78,"typeCounts":{"segment_finalized":0,"event_link_created":0,"observation_put":0,"observation_v2_put":0,"deletion_requested":0,"deletion_completed":0,"corruption_detected":0,"recording_order_reserved":22,"segment_v2_finalized":0,"segment_v2_bound_finalized":20,"consumer_reference_put":0,"derived_reference_accepted":0,"referenced_observation_put":0,"derived_job_intent":0,"derived_job_files":0,"derived_job_ready":0,"derived_job_committed":0,"derived_job_complete":0,"derived_job_failed":0,"segment_v2_state":18,"segment_v2_deleted":18},"identityBytes":13625,"combinedLogicalIds":176,"combinedLogicalBytes":25526,"rotations":0,"partialBytes":0,"progress":{"elapsedMs":20143.910499999998,"channels":{"9101":{"finalized":10,"deleted":9,"lastAt":26078.858084,"order":"19","store":"886aed6dc31746b64750dd74746be053d07b7af821ab911f028a3fdf962cfbd8","knownMappings":7,"unknownMappings":374},"9201":{"finalized":10,"deleted":9,"lastAt":26078.858084,"order":"20","store":"886aed6dc31746b64750dd74746be053d07b7af821ab911f028a3fdf962cfbd8","knownMappings":6,"unknownMappings":408}},"records":20,"logicalBytes":11901},"resourceTrendPass":false}
[sample-timing] {"sampleIndex":5,"metricsMs":1.8378749999974389,"drainMs":137.75904199999786,"storageMs":1.899083000000246,"totalMs":141.58037499999773}
[request-budget] {"elapsedMs":2}
[http-timing] {"method":"GET","routeClass":"recording-status","status":200,"headerElapsedMs":2,"bodyElapsedMs":0,"totalElapsedMs":2,"bytes":1604,"phase":"complete","outcome":"ok"}
[pass] LP26-O05 active 9101
[pass] LP26-O05 active 9201
[pass] PR77 visual worker status
[pass] PR77 visual worker enabled
[pass] PR77 bounded visual status
[pass] PR77 actual visual results
[pass] PR77 bounded visual status
[pass] PR77 actual visual results
[pass] V440 bounded parallel search status
[pass] V440 bounded parallel search status
[root-storage] {"reason":"failure-live","final":true,"elapsedMs":26948,"journalMutationTypes":{"segment_finalized":0,"event_link_created":0,"observation_put":0,"observation_v2_put":0,"deletion_requested":0,"deletion_completed":0,"corruption_detected":0,"recording_order_reserved":22,"segment_v2_finalized":0,"segment_v2_bound_finalized":20,"consumer_reference_put":0,"derived_reference_accepted":0,"referenced_observation_put":0,"derived_job_intent":0,"derived_job_files":0,"derived_job_ready":0,"derived_job_committed":0,"derived_job_complete":0,"derived_job_failed":0,"segment_v2_state":18,"segment_v2_deleted":18},"journalMutationTypesCoverage":"drained-prefix-only; unread-or-partial-tail-excluded","totalBytes":14331691,"capBytes":480386519,"capExceeded":false,"entries":325,"categories":{"input":{"bytes":135858,"files":2},"media":{"bytes":68156,"files":2},"mediaPartial":{"bytes":33368,"files":2},"journal":{"bytes":254646,"files":2},"checkpoint":{"bytes":0,"files":0},"generationSnapshot":{"bytes":267,"files":1},"generationIdentity":{"bytes":160,"files":1},"generationEvidence":{"bytes":0,"files":0},"generationManifest":{"bytes":391,"files":1},"generationTransaction":{"bytes":0,"files":0},"sqlite":{"bytes":176128,"files":1},"wal":{"bytes":0,"files":0},"sqliteAux":{"bytes":0,"files":0},"tmp":{"bytes":0,"files":0},"log":{"bytes":8116,"files":1},"state":{"bytes":4653,"files":2},"events":{"bytes":0,"files":0},"cache":{"bytes":3146149,"files":280},"tools":{"bytes":10196904,"files":2},"recordingsOther":{"bytes":15186,"files":8},"other":{"bytes":291709,"files":1}},"ownership":{"productRecording":{"bytes":548302,"files":18},"fixtureInput":{"bytes":135858,"files":2},"observerTools":{"bytes":10196904,"files":2},"cache":{"bytes":3146149,"files":280},"temporary":{"bytes":0,"files":0},"runtimeSupport":{"bytes":12769,"files":3},"other":{"bytes":291709,"files":1}},"transientJournalMisses":0,"measurement":"logical-file-bytes-nonatomic","rawPathsPublished":false,"transientTreeRetries":0,"fixedBytes":10624471,"variableBytes":3707220,"copyBytes":0,"combinedBytes":14331691,"rootCapBytes":480386519,"combinedCapBytes":950148567,"copyEntries":0,"workspacePolicy":"fixed-plus-variable-v1"}
[fail] current observation: V440 concurrent creation admits a request
[root-storage] {"reason":"final-live","final":true,"elapsedMs":26949,"journalMutationTypes":{"segment_finalized":0,"event_link_created":0,"observation_put":0,"observation_v2_put":0,"deletion_requested":0,"deletion_completed":0,"corruption_detected":0,"recording_order_reserved":22,"segment_v2_finalized":0,"segment_v2_bound_finalized":20,"consumer_reference_put":0,"derived_reference_accepted":0,"referenced_observation_put":0,"derived_job_intent":0,"derived_job_files":0,"derived_job_ready":0,"derived_job_committed":0,"derived_job_complete":0,"derived_job_failed":0,"segment_v2_state":18,"segment_v2_deleted":18},"journalMutationTypesCoverage":"drained-prefix-only; unread-or-partial-tail-excluded","totalBytes":14331691,"capBytes":480386519,"capExceeded":false,"entries":325,"categories":{"input":{"bytes":135858,"files":2},"media":{"bytes":68156,"files":2},"mediaPartial":{"bytes":33368,"files":2},"journal":{"bytes":254646,"files":2},"checkpoint":{"bytes":0,"files":0},"generationSnapshot":{"bytes":267,"files":1},"generationIdentity":{"bytes":160,"files":1},"generationEvidence":{"bytes":0,"files":0},"generationManifest":{"bytes":391,"files":1},"generationTransaction":{"bytes":0,"files":0},"sqlite":{"bytes":176128,"files":1},"wal":{"bytes":0,"files":0},"sqliteAux":{"bytes":0,"files":0},"tmp":{"bytes":0,"files":0},"log":{"bytes":8116,"files":1},"state":{"bytes":4653,"files":2},"events":{"bytes":0,"files":0},"cache":{"bytes":3146149,"files":280},"tools":{"bytes":10196904,"files":2},"recordingsOther":{"bytes":15186,"files":8},"other":{"bytes":291709,"files":1}},"ownership":{"productRecording":{"bytes":548302,"files":18},"fixtureInput":{"bytes":135858,"files":2},"observerTools":{"bytes":10196904,"files":2},"cache":{"bytes":3146149,"files":280},"temporary":{"bytes":0,"files":0},"runtimeSupport":{"bytes":12769,"files":3},"other":{"bytes":291709,"files":1}},"transientJournalMisses":0,"measurement":"logical-file-bytes-nonatomic","rawPathsPublished":false,"transientTreeRetries":0,"fixedBytes":10624471,"variableBytes":3707220,"copyBytes":0,"combinedBytes":14331691,"rootCapBytes":480386519,"combinedCapBytes":950148567,"copyEntries":0,"workspacePolicy":"fixed-plus-variable-v1"}
[process-cleanup] {"schema":"recording-process-cleanup-v1","attemptCount":1,"pid":40394,"exitCode":0,"signalCode":null,"exitedObserved":true,"stopCode":"complete","forcedTermination":"not-used","normalExitPass":true,"normalShutdownPass":true,"archiveSafe":true,"ports":[{"kind":"http","port":64357,"status":"pass","code":"closed","closed":true},{"kind":"rtsp","port":64358,"status":"pass","code":"closed","closed":true}]}
[root-storage] {"reason":"post-stop","final":true,"elapsedMs":28383,"journalMutationTypes":{"segment_finalized":0,"event_link_created":0,"observation_put":0,"observation_v2_put":0,"deletion_requested":0,"deletion_completed":0,"corruption_detected":0,"recording_order_reserved":22,"segment_v2_finalized":0,"segment_v2_bound_finalized":20,"consumer_reference_put":0,"derived_reference_accepted":0,"referenced_observation_put":0,"derived_job_intent":0,"derived_job_files":0,"derived_job_ready":0,"derived_job_committed":0,"derived_job_complete":0,"derived_job_failed":0,"segment_v2_state":18,"segment_v2_deleted":18},"journalMutationTypesCoverage":"drained-prefix-only; unread-or-partial-tail-excluded","totalBytes":14356005,"capBytes":480386519,"capExceeded":false,"entries":323,"categories":{"input":{"bytes":135858,"files":2},"media":{"bytes":73718,"files":4},"mediaPartial":{"bytes":0,"files":0},"journal":{"bytes":283557,"files":2},"checkpoint":{"bytes":0,"files":0},"generationSnapshot":{"bytes":267,"files":1},"generationIdentity":{"bytes":160,"files":1},"generationEvidence":{"bytes":0,"files":0},"generationManifest":{"bytes":391,"files":1},"generationTransaction":{"bytes":0,"files":0},"sqlite":{"bytes":188416,"files":1},"wal":{"bytes":0,"files":0},"sqliteAux":{"bytes":0,"files":0},"tmp":{"bytes":0,"files":0},"log":{"bytes":19283,"files":1},"state":{"bytes":4653,"files":2},"events":{"bytes":0,"files":0},"cache":{"bytes":3146149,"files":280},"tools":{"bytes":10196904,"files":2},"recordingsOther":{"bytes":14940,"files":6},"other":{"bytes":291709,"files":1}},"ownership":{"productRecording":{"bytes":561449,"files":16},"fixtureInput":{"bytes":135858,"files":2},"observerTools":{"bytes":10196904,"files":2},"cache":{"bytes":3146149,"files":280},"temporary":{"bytes":0,"files":0},"runtimeSupport":{"bytes":23936,"files":3},"other":{"bytes":291709,"files":1}},"transientJournalMisses":0,"sqlitePages":{"status":"observed","mainBytes":188416,"walBytes":0,"pageSize":4096,"pageCount":46,"freePageCount":6,"livePageCount":40,"liveBytes":163840,"freeBytes":24576},"measurement":"logical-file-bytes-nonatomic","rawPathsPublished":false,"transientTreeRetries":0,"fixedBytes":10624471,"variableBytes":3731534,"copyBytes":0,"combinedBytes":14356005,"rootCapBytes":480386519,"combinedCapBytes":950148567,"copyEntries":0,"workspacePolicy":"fixed-plus-variable-v1"}
[server-diagnostic] {"pid":40394,"bytes":19283,"capturedBytes":19283,"sha256":"52e9ba18daecec93ed15c140755705cdf681b8c6fd73313ccbb5a695b45879d2","overflow":false,"categories":[{"code":"file evidence unavailable","count":0},{"code":"storageBlocked","count":0},{"code":"shutdown","count":0},{"code":"ERROR","count":0},{"code":"WARNING","count":0}],"rawBodyPublished":false,"privateCaptureDisposition":"eligible-for-wrapper-cleanup"}
[server-slow-diagnostic] {"status":"captured","seen":95,"retained":64,"thresholdNs":10000000,"rows":[{"k":1,"o":7,"s":1,"l":1997,"m":3,"t":5,"r":0,"b":14504493167,"a":14504493167,"e":14520094500,"n":1,"w":0,"h":15601333,"x":0,"y":15601333},{"k":0,"o":1,"s":1,"l":2189,"m":3,"t":5,"r":0,"b":14501830584,"a":14501830750,"e":14520096250,"n":1,"w":166,"h":18265500,"x":166,"y":18265500},{"k":1,"o":7,"s":1,"l":1997,"m":3,"t":6,"r":0,"b":14522039667,"a":14522039667,"e":14534799709,"n":1,"w":0,"h":12760042,"x":0,"y":12760042},{"k":0,"o":1,"s":1,"l":2189,"m":3,"t":6,"r":0,"b":14503615250,"a":14520104375,"e":14534801209,"n":1,"w":16489125,"h":14696834,"x":16489125,"y":14696834},{"k":1,"o":7,"s":1,"l":1997,"m":3,"t":5,"r":0,"b":14542066250,"a":14542066250,"e":14553420000,"n":1,"w":0,"h":11353750,"x":0,"y":11353750},{"k":0,"o":1,"s":1,"l":2590,"m":3,"t":5,"r":0,"b":14541443834,"a":14541443917,"e":14553421292,"n":1,"w":83,"h":11977375,"x":83,"y":11977375},{"k":1,"o":7,"s":1,"l":1997,"m":3,"t":6,"r":0,"b":14559755667,"a":14559755667,"e":14571889709,"n":1,"w":0,"h":12134042,"x":0,"y":12134042},{"k":0,"o":1,"s":1,"l":2590,"m":3,"t":6,"r":0,"b":14559102167,"a":14559102209,"e":14571890917,"n":1,"w":42,"h":12788708,"x":42,"y":12788708},{"k":0,"o":1,"s":1,"l":2442,"m":3,"t":2,"r":0,"b":14987250875,"a":14987250917,"e":14999139292,"n":1,"w":42,"h":11888375,"x":42,"y":11888375},{"k":0,"o":1,"s":1,"l":2442,"m":3,"t":2,"r":0,"b":15000180292,"a":15000180334,"e":15011805959,"n":1,"w":42,"h":11625625,"x":42,"y":11625625},{"k":1,"o":7,"s":1,"l":1997,"m":3,"t":6,"r":0,"b":16491196000,"a":16491196000,"e":16502399625,"n":1,"w":0,"h":11203625,"x":0,"y":11203625},{"k":0,"o":1,"s":1,"l":2189,"m":3,"t":6,"r":0,"b":16489536917,"a":16489537000,"e":16502400834,"n":1,"w":83,"h":12863834,"x":83,"y":12863834},{"k":0,"o":1,"s":1,"l":2189,"m":3,"t":5,"r":0,"b":16490295209,"a":16502408000,"e":16513666084,"n":1,"w":12112791,"h":11258084,"x":12112791,"y":11258084},{"k":0,"o":1,"s":1,"l":2590,"m":3,"t":6,"r":0,"b":16519360459,"a":16519360500,"e":16529572792,"n":1,"w":41,"h":10212292,"x":41,"y":10212292},{"k":0,"o":1,"s":1,"l":2442,"m":3,"t":2,"r":0,"b":18052031584,"a":18052031667,"e":18062885459,"n":1,"w":83,"h":10853792,"x":83,"y":10853792},{"k":0,"o":1,"s":1,"l":2442,"m":3,"t":2,"r":0,"b":18063809000,"a":18063809084,"e":18076413500,"n":1,"w":84,"h":12604416,"x":84,"y":12604416},{"k":1,"o":7,"s":1,"l":1997,"m":3,"t":6,"r":0,"b":18503146125,"a":18503146125,"e":18515035125,"n":1,"w":0,"h":11889000,"x":0,"y":11889000},{"k":0,"o":1,"s":1,"l":2189,"m":3,"t":6,"r":0,"b":18501310292,"a":18501310459,"e":18515036625,"n":1,"w":167,"h":13726166,"x":167,"y":13726166},{"k":1,"o":7,"s":1,"l":1997,"m":3,"t":5,"r":0,"b":18516658625,"a":18516658625,"e":18527216167,"n":1,"w":0,"h":10557542,"x":0,"y":10557542},{"k":0,"o":1,"s":1,"l":2189,"m":3,"t":5,"r":0,"b":18502249750,"a":18515043625,"e":18527217375,"n":1,"w":12793875,"h":12173750,"x":12793875,"y":12173750},{"k":1,"o":7,"s":1,"l":1997,"m":3,"t":6,"r":0,"b":18533884000,"a":18533884000,"e":18545122875,"n":1,"w":0,"h":11238875,"x":0,"y":11238875},{"k":0,"o":1,"s":1,"l":2590,"m":3,"t":6,"r":0,"b":18533230209,"a":18533230250,"e":18545124084,"n":1,"w":41,"h":11893834,"x":41,"y":11893834},{"k":0,"o":1,"s":1,"l":2442,"m":3,"t":2,"r":0,"b":19091441875,"a":19091441917,"e":19102635375,"n":1,"w":42,"h":11193458,"x":42,"y":11193458},{"k":0,"o":1,"s":1,"l":2442,"m":3,"t":2,"r":0,"b":19103782667,"a":19103782709,"e":19115730750,"n":1,"w":42,"h":11948041,"x":42,"y":11948041},{"k":0,"o":1,"s":1,"l":2189,"m":3,"t":6,"r":0,"b":20498563125,"a":20498563250,"e":20509930042,"n":1,"w":125,"h":11366792,"x":125,"y":11366792},{"k":1,"o":7,"s":1,"l":1997,"m":3,"t":5,"r":0,"b":20511698542,"a":20511698542,"e":20523132000,"n":1,"w":0,"h":11433458,"x":0,"y":11433458},{"k":0,"o":1,"s":1,"l":2189,"m":3,"t":5,"r":0,"b":20499936417,"a":20509937542,"e":20523132959,"n":1,"w":10001125,"h":13195417,"x":10001125,"y":13195417},{"k":1,"o":7,"s":1,"l":1997,"m":3,"t":6,"r":0,"b":20529452125,"a":20529452125,"e":20540252334,"n":1,"w":0,"h":10800209,"x":0,"y":10800209},{"k":0,"o":1,"s":1,"l":2590,"m":3,"t":6,"r":0,"b":20528865709,"a":20528865750,"e":20540254667,"n":1,"w":41,"h":11388917,"x":41,"y":11388917},{"k":0,"o":1,"s":1,"l":2590,"m":3,"t":5,"r":0,"b":20546023792,"a":20546023834,"e":20556422584,"n":1,"w":42,"h":10398750,"x":42,"y":10398750},{"k":0,"o":1,"s":1,"l":2442,"m":3,"t":2,"r":0,"b":22135255792,"a":22135255875,"e":22148036959,"n":1,"w":83,"h":12781084,"x":83,"y":12781084},{"k":1,"o":7,"s":1,"l":1997,"m":3,"t":5,"r":0,"b":22510062042,"a":22510062042,"e":22528486334,"n":1,"w":0,"h":18424292,"x":0,"y":18424292},{"k":0,"o":1,"s":1,"l":2189,"m":3,"t":5,"r":0,"b":22506957959,"a":22506958125,"e":22528487584,"n":1,"w":166,"h":21529459,"x":166,"y":21529459},{"k":0,"o":1,"s":1,"l":2131,"m":3,"t":6,"r":0,"b":22507583417,"a":22528497042,"e":22530088709,"n":1,"w":20913625,"h":1591667,"x":20913625,"y":1591667},{"k":1,"o":7,"s":1,"l":1997,"m":3,"t":6,"r":0,"b":22535234500,"a":22535234500,"e":22549178375,"n":1,"w":0,"h":13943875,"x":0,"y":13943875},{"k":0,"o":1,"s":1,"l":2189,"m":3,"t":6,"r":0,"b":22533146750,"a":22533146917,"e":22549179709,"n":1,"w":167,"h":16032792,"x":167,"y":16032792},{"k":0,"o":1,"s":1,"l":601,"m":3,"t":5,"r":0,"b":22535236209,"a":22549186959,"e":22549518750,"n":1,"w":13950750,"h":331791,"x":13950750,"y":331791},{"k":1,"o":7,"s":1,"l":1997,"m":3,"t":5,"r":0,"b":22556432000,"a":22556432000,"e":22568994875,"n":1,"w":0,"h":12562875,"x":0,"y":12562875},{"k":0,"o":1,"s":1,"l":2590,"m":3,"t":5,"r":0,"b":22555740834,"a":22555740875,"e":22568996709,"n":1,"w":41,"h":13255834,"x":41,"y":13255834},{"k":0,"o":1,"s":1,"l":2442,"m":3,"t":2,"r":0,"b":23170855000,"a":23170855042,"e":23184161584,"n":1,"w":42,"h":13306542,"x":42,"y":13306542},{"k":0,"o":1,"s":1,"l":2442,"m":3,"t":2,"r":0,"b":23185374834,"a":23185374875,"e":23198218750,"n":1,"w":41,"h":12843875,"x":41,"y":12843875},{"k":0,"o":1,"s":1,"l":2397,"m":3,"t":2,"r":0,"b":23201639292,"a":23201639417,"e":23212101584,"n":1,"w":125,"h":10462167,"x":125,"y":10462167},{"k":1,"o":7,"s":1,"l":1997,"m":3,"t":6,"r":0,"b":24501770084,"a":24501770084,"e":24513572667,"n":1,"w":0,"h":11802583,"x":0,"y":11802583},{"k":0,"o":1,"s":1,"l":2189,"m":3,"t":6,"r":0,"b":24500093334,"a":24500093375,"e":24513574250,"n":1,"w":41,"h":13480875,"x":41,"y":13480875},{"k":1,"o":7,"s":1,"l":1997,"m":3,"t":5,"r":0,"b":24515179542,"a":24515179542,"e":24526196834,"n":1,"w":0,"h":11017292,"x":0,"y":11017292},{"k":0,"o":1,"s":1,"l":2189,"m":3,"t":5,"r":0,"b":24501127042,"a":24513582167,"e":24526198167,"n":1,"w":12455125,"h":12616000,"x":12455125,"y":12616000},{"k":0,"o":1,"s":1,"l":642,"m":3,"t":3,"r":0,"b":24508272417,"a":24526204750,"e":24526205125,"n":1,"w":17932333,"h":375,"x":17932333,"y":375},{"k":1,"o":7,"s":1,"l":1997,"m":3,"t":6,"r":0,"b":24534158834,"a":24534158834,"e":24546690542,"n":1,"w":0,"h":12531708,"x":0,"y":12531708},{"k":0,"o":1,"s":1,"l":2590,"m":3,"t":6,"r":0,"b":24533498167,"a":24533498209,"e":24546691417,"n":1,"w":42,"h":13193208,"x":42,"y":13193208},{"k":1,"o":7,"s":1,"l":1997,"m":3,"t":5,"r":0,"b":24552721375,"a":24552721375,"e":24564689875,"n":1,"w":0,"h":11968500,"x":0,"y":11968500},{"k":0,"o":1,"s":1,"l":2590,"m":3,"t":5,"r":0,"b":24552053167,"a":24552053209,"e":24564690500,"n":1,"w":42,"h":12637291,"x":42,"y":12637291},{"k":0,"o":1,"s":2,"l":227,"m":3,"t":17,"r":0,"b":24757356250,"a":24757356292,"e":24820715209,"n":1,"w":42,"h":63358917,"x":42,"y":63358917},{"k":1,"o":3,"s":3,"l":528,"m":0,"t":17,"r":0,"b":24757355375,"a":24757355375,"e":24829483375,"n":1,"w":0,"h":72128000,"x":0,"y":72128000},{"k":0,"o":1,"s":2,"l":227,"m":3,"t":18,"r":0,"b":24834081375,"a":24835390334,"e":24890008375,"n":1,"w":1308959,"h":54618041,"x":1308959,"y":54618041},{"k":0,"o":1,"s":1,"l":2397,"m":3,"t":2,"r":0,"b":24879541750,"a":24891852917,"e":24892590792,"n":1,"w":12311167,"h":737875,"x":12311167,"y":737875},{"k":1,"o":3,"s":3,"l":528,"m":0,"t":18,"r":0,"b":24834080792,"a":24834080792,"e":24894995125,"n":1,"w":0,"h":60914333,"x":0,"y":60914333},{"k":1,"o":7,"s":1,"l":1997,"m":3,"t":6,"r":0,"b":26508211125,"a":26508211125,"e":26520586917,"n":1,"w":0,"h":12375792,"x":0,"y":12375792},{"k":0,"o":1,"s":1,"l":2189,"m":3,"t":6,"r":0,"b":26506613500,"a":26506613584,"e":26520589209,"n":1,"w":84,"h":13975625,"x":84,"y":13975625},{"k":1,"o":7,"s":1,"l":1997,"m":3,"t":5,"r":0,"b":26522434542,"a":26522434542,"e":26535053167,"n":1,"w":0,"h":12618625,"x":0,"y":12618625},{"k":0,"o":1,"s":1,"l":2189,"m":3,"t":5,"r":0,"b":26507792667,"a":26520596792,"e":26535056375,"n":1,"w":12804125,"h":14459583,"x":12804125,"y":14459583},{"k":1,"o":7,"s":1,"l":1997,"m":3,"t":6,"r":0,"b":26542580625,"a":26542580625,"e":26555512334,"n":1,"w":0,"h":12931709,"x":0,"y":12931709},{"k":0,"o":1,"s":1,"l":2590,"m":3,"t":6,"r":0,"b":26541899417,"a":26541899500,"e":26555513667,"n":1,"w":83,"h":13614167,"x":83,"y":13614167},{"k":1,"o":7,"s":1,"l":1997,"m":3,"t":5,"r":0,"b":26565916459,"a":26565916459,"e":26576804375,"n":1,"w":0,"h":10887916,"x":0,"y":10887916},{"k":0,"o":1,"s":1,"l":2590,"m":3,"t":5,"r":0,"b":26565319917,"a":26565319959,"e":26576805667,"n":1,"w":42,"h":11485708,"x":42,"y":11485708}],"completedSpansOnly":true,"rawBodyPublished":false}
{"mode":"current-app-observe-short","passed":55,"failed":1,"elapsedMs":28385,"verifiedDurationMs":null,"longrunObservationCompleted":false,"shortPreparationPass":false,"statusCumulativePass":false,"resourceTrendPass":false,"reviewRequired":true,"uiFulltestPass":false,"evidenceLoad":{"cycles":0,"searchSuccess":8,"searchUnavailable":0,"searchSuccessByClient":[2,2,2,2],"createComplete":0,"createPartial":0,"createSuccess":0,"createBusy":0,"retainedChecks":0,"deletedSourceObserved":false,"searchLatencyMs":[96.38100000000031,50.71541700000034,4.06933299999946,2.287959000000228,650.179458999999,613.7401250000003,81.06200000000172,144.28308299999844],"createLatencyMs":[],"visualResults":0,"visualCreated":0,"visualExpired":0,"visualIndexObservations":[{"cycle":0,"state":"ready","error":"","channels":[{"channelId":"1","indexedFrames":0},{"channelId":"2","indexedFrames":0},{"channelId":"3","indexedFrames":0},{"channelId":"4","indexedFrames":0},{"channelId":"5","indexedFrames":0},{"channelId":"9101","indexedFrames":0},{"channelId":"9201","indexedFrames":0}]},{"cycle":0,"state":"ready","error":"","channels":[{"channelId":"1","indexedFrames":0},{"channelId":"2","indexedFrames":0},{"channelId":"3","indexedFrames":0},{"channelId":"4","indexedFrames":0},{"channelId":"5","indexedFrames":0},{"channelId":"9101","indexedFrames":2},{"channelId":"9201","indexedFrames":2}]}]},"phase":null,"resources":{"status":"observed","resourceTrendPass":false,"reviewRequired":true,"sampleCount":5,"groups":[{"pid":40394,"startIdentity":"macos:1791131276:287959","sampleCount":5,"first":{"phaseAt":6062.830459,"sampledAt":1791131281127,"rssBytes":3159195648,"threadCount":37,"fdCount":29,"mutationCount":2},"last":{"phaseAt":26078.858084,"sampledAt":1791131301143,"rssBytes":2406252544,"threadCount":40,"fdCount":29,"mutationCount":78},"max":{"rssBytes":3192373248,"threadCount":40,"fdCount":31},"delta":{"rssBytes":-752943104,"threadCount":3,"fdCount":0,"mutationCount":76},"elapsedMs":20016.027625,"maxGapMs":5005.5845,"warmupMs":300000,"postWarmup":{"status":"insufficient","sampleCount":0,"delta":null,"elapsedMs":null,"rssMiBPerMinute":null}}]},"processCount":1,"processesClosed":true,"udpClosed":true,"tokenStart":null,"tokenEnd":null,"tokenConsumed":null,"tokenSource":"전용 집계 없음"}
[cleanup] {"preserved":true,"reason":"failed-run"}
