[owned-root] {"root":"/private/var/folders/k0/qhmr6zdx11q0_41wfx4dsd200000gn/T/media-server-current-observer-9bPGdj","dev":16777232,"ino":168343306,"uid":501}
[pass] LP26-O05 fixed current executable
[fixture-generation] {"status":0,"signal":null,"errorCode":null,"elapsedMs":1169,"timeoutMs":30000,"stdoutBytes":0,"stderrBytes":0,"outputBytes":67929,"categories":{"missingElement":false,"negotiation":false,"pluginScanner":false,"permission":false,"resource":false,"macosService":false},"rawBodyPublished":false}
[pass] LP26-O05 original bounded retention fixture
[workspace-fixed] {"root":"/private/var/folders/k0/qhmr6zdx11q0_41wfx4dsd200000gn/T/media-server-current-observer-9bPGdj","dev":16777232,"ino":168343306,"uid":501,"capBytes":469762048,"fixedBytes":10624471,"files":[{"name":"input/retention-9101.mp4","dev":16777232,"ino":168343682,"uid":501,"mode":33188,"size":67929,"mtimeMs":1791132420488.1377,"ctimeMs":1791132420488.1377,"sha256":"2f80518c214fdbb91a6e2a2cb0b6c4f8c503444546beeba6e04f749441d52229"},{"name":"input/retention-9201.mp4","dev":16777232,"ino":168343683,"uid":501,"mode":33188,"size":67929,"mtimeMs":1791132420489.5442,"ctimeMs":1791132420489.5442,"sha256":"2f80518c214fdbb91a6e2a2cb0b6c4f8c503444546beeba6e04f749441d52229"},{"name":"normalize","dev":16777232,"ino":168343600,"uid":501,"mode":33261,"size":10114024,"mtimeMs":1791132418999.2156,"ctimeMs":1791132418999.2156,"sha256":"1291b940d7277c7bce5736f0c182c90675619572a8a317c0baa73670950f0485"},{"name":"process-metrics","dev":16777232,"ino":168343603,"uid":501,"mode":33261,"size":82880,"mtimeMs":1791132419264.7869,"ctimeMs":1791132419264.7869,"sha256":"e35370a1e56df52b556e7aa493789039cabf9011192ed0591bcef58c6b382e19"},{"name":"catalog-instrumented.cpp","dev":16777232,"ino":168343595,"uid":501,"mode":33152,"size":291709,"mtimeMs":1791132416544.9863,"ctimeMs":1791132416544.9863,"sha256":"3b861de2ed948e9fea4abfcc158edff3a7275f8f11e76028e2c1750d49a57f78"}]}
[pass] LP26-O05 distinct canonical sources
[request-budget] {"elapsedMs":1}
[http-timing] {"method":"GET","routeClass":"health","status":null,"headerElapsedMs":null,"bodyElapsedMs":null,"totalElapsedMs":3,"bytes":0,"phase":"header","outcome":"error"}
[request-budget] {"elapsedMs":1}
[http-timing] {"method":"GET","routeClass":"health","status":null,"headerElapsedMs":null,"bodyElapsedMs":null,"totalElapsedMs":1,"bytes":0,"phase":"header","outcome":"error"}
[request-budget] {"elapsedMs":1}
[http-timing] {"method":"GET","routeClass":"health","status":null,"headerElapsedMs":null,"bodyElapsedMs":null,"totalElapsedMs":0,"bytes":0,"phase":"header","outcome":"error"}
[request-budget] {"elapsedMs":1}
[http-timing] {"method":"GET","routeClass":"health","status":null,"headerElapsedMs":null,"bodyElapsedMs":null,"totalElapsedMs":1,"bytes":0,"phase":"header","outcome":"error"}
[request-budget] {"elapsedMs":1}
[http-timing] {"method":"GET","routeClass":"health","status":null,"headerElapsedMs":null,"bodyElapsedMs":null,"totalElapsedMs":1,"bytes":0,"phase":"header","outcome":"error"}
[request-budget] {"elapsedMs":1}
[http-timing] {"method":"GET","routeClass":"health","status":null,"headerElapsedMs":null,"bodyElapsedMs":null,"totalElapsedMs":0,"bytes":0,"phase":"header","outcome":"error"}
[request-budget] {"elapsedMs":1}
[http-timing] {"method":"GET","routeClass":"health","status":null,"headerElapsedMs":null,"bodyElapsedMs":null,"totalElapsedMs":1,"bytes":0,"phase":"header","outcome":"error"}
[request-budget] {"elapsedMs":2}
[http-timing] {"method":"GET","routeClass":"health","status":null,"headerElapsedMs":null,"bodyElapsedMs":null,"totalElapsedMs":0,"bytes":0,"phase":"header","outcome":"error"}
[request-budget] {"elapsedMs":1}
[http-timing] {"method":"GET","routeClass":"health","status":null,"headerElapsedMs":null,"bodyElapsedMs":null,"totalElapsedMs":1,"bytes":0,"phase":"header","outcome":"error"}
[request-budget] {"elapsedMs":1}
[http-timing] {"method":"GET","routeClass":"health","status":null,"headerElapsedMs":null,"bodyElapsedMs":null,"totalElapsedMs":0,"bytes":0,"phase":"header","outcome":"error"}
[request-budget] {"elapsedMs":1}
[http-timing] {"method":"GET","routeClass":"health","status":null,"headerElapsedMs":null,"bodyElapsedMs":null,"totalElapsedMs":0,"bytes":0,"phase":"header","outcome":"error"}
[request-budget] {"elapsedMs":1}
[http-timing] {"method":"GET","routeClass":"health","status":null,"headerElapsedMs":null,"bodyElapsedMs":null,"totalElapsedMs":0,"bytes":0,"phase":"header","outcome":"error"}
[request-budget] {"elapsedMs":1}
[http-timing] {"method":"GET","routeClass":"health","status":null,"headerElapsedMs":null,"bodyElapsedMs":null,"totalElapsedMs":1,"bytes":0,"phase":"header","outcome":"error"}
[request-budget] {"elapsedMs":1}
[http-timing] {"method":"GET","routeClass":"health","status":null,"headerElapsedMs":null,"bodyElapsedMs":null,"totalElapsedMs":0,"bytes":0,"phase":"header","outcome":"error"}
[request-budget] {"elapsedMs":1}
[http-timing] {"method":"GET","routeClass":"health","status":null,"headerElapsedMs":null,"bodyElapsedMs":null,"totalElapsedMs":1,"bytes":0,"phase":"header","outcome":"error"}
[request-budget] {"elapsedMs":1}
[http-timing] {"method":"GET","routeClass":"health","status":null,"headerElapsedMs":null,"bodyElapsedMs":null,"totalElapsedMs":0,"bytes":0,"phase":"header","outcome":"error"}
[request-budget] {"elapsedMs":1}
[http-timing] {"method":"GET","routeClass":"health","status":null,"headerElapsedMs":null,"bodyElapsedMs":null,"totalElapsedMs":0,"bytes":0,"phase":"header","outcome":"error"}
[request-budget] {"elapsedMs":1}
[http-timing] {"method":"GET","routeClass":"health","status":null,"headerElapsedMs":null,"bodyElapsedMs":null,"totalElapsedMs":0,"bytes":0,"phase":"header","outcome":"error"}
[request-budget] {"elapsedMs":1}
[http-timing] {"method":"GET","routeClass":"health","status":null,"headerElapsedMs":null,"bodyElapsedMs":null,"totalElapsedMs":0,"bytes":0,"phase":"header","outcome":"error"}
[request-budget] {"elapsedMs":1}
[http-timing] {"method":"GET","routeClass":"health","status":null,"headerElapsedMs":null,"bodyElapsedMs":null,"totalElapsedMs":0,"bytes":0,"phase":"header","outcome":"error"}
[request-budget] {"elapsedMs":1}
[http-timing] {"method":"GET","routeClass":"health","status":null,"headerElapsedMs":null,"bodyElapsedMs":null,"totalElapsedMs":0,"bytes":0,"phase":"header","outcome":"error"}
[request-budget] {"elapsedMs":1}
[http-timing] {"method":"GET","routeClass":"health","status":null,"headerElapsedMs":null,"bodyElapsedMs":null,"totalElapsedMs":0,"bytes":0,"phase":"header","outcome":"error"}
[request-budget] {"elapsedMs":1}
[http-timing] {"method":"GET","routeClass":"health","status":null,"headerElapsedMs":null,"bodyElapsedMs":null,"totalElapsedMs":1,"bytes":0,"phase":"header","outcome":"error"}
[request-budget] {"elapsedMs":1}
[http-timing] {"method":"GET","routeClass":"health","status":null,"headerElapsedMs":null,"bodyElapsedMs":null,"totalElapsedMs":0,"bytes":0,"phase":"header","outcome":"error"}
[request-budget] {"elapsedMs":1}
[http-timing] {"method":"GET","routeClass":"health","status":null,"headerElapsedMs":null,"bodyElapsedMs":null,"totalElapsedMs":0,"bytes":0,"phase":"header","outcome":"error"}
[request-budget] {"elapsedMs":1}
[http-timing] {"method":"GET","routeClass":"health","status":null,"headerElapsedMs":null,"bodyElapsedMs":null,"totalElapsedMs":0,"bytes":0,"phase":"header","outcome":"error"}
[request-budget] {"elapsedMs":1}
[http-timing] {"method":"GET","routeClass":"health","status":null,"headerElapsedMs":null,"bodyElapsedMs":null,"totalElapsedMs":1,"bytes":0,"phase":"header","outcome":"error"}
[request-budget] {"elapsedMs":1}
[http-timing] {"method":"GET","routeClass":"health","status":null,"headerElapsedMs":null,"bodyElapsedMs":null,"totalElapsedMs":0,"bytes":0,"phase":"header","outcome":"error"}
[request-budget] {"elapsedMs":1}
[http-timing] {"method":"GET","routeClass":"health","status":null,"headerElapsedMs":null,"bodyElapsedMs":null,"totalElapsedMs":1,"bytes":0,"phase":"header","outcome":"error"}
[request-budget] {"elapsedMs":1}
[http-timing] {"method":"GET","routeClass":"health","status":null,"headerElapsedMs":null,"bodyElapsedMs":null,"totalElapsedMs":0,"bytes":0,"phase":"header","outcome":"error"}
[request-budget] {"elapsedMs":1}
[http-timing] {"method":"GET","routeClass":"health","status":null,"headerElapsedMs":null,"bodyElapsedMs":null,"totalElapsedMs":0,"bytes":0,"phase":"header","outcome":"error"}
[request-budget] {"elapsedMs":1}
[http-timing] {"method":"GET","routeClass":"health","status":null,"headerElapsedMs":null,"bodyElapsedMs":null,"totalElapsedMs":1,"bytes":0,"phase":"header","outcome":"error"}
[request-budget] {"elapsedMs":1}
[http-timing] {"method":"GET","routeClass":"health","status":null,"headerElapsedMs":null,"bodyElapsedMs":null,"totalElapsedMs":1,"bytes":0,"phase":"header","outcome":"error"}
[request-budget] {"elapsedMs":1}
[http-timing] {"method":"GET","routeClass":"health","status":null,"headerElapsedMs":null,"bodyElapsedMs":null,"totalElapsedMs":0,"bytes":0,"phase":"header","outcome":"error"}
[request-budget] {"elapsedMs":1}
[http-timing] {"method":"GET","routeClass":"health","status":null,"headerElapsedMs":null,"bodyElapsedMs":null,"totalElapsedMs":0,"bytes":0,"phase":"header","outcome":"error"}
[request-budget] {"elapsedMs":1}
[http-timing] {"method":"GET","routeClass":"health","status":null,"headerElapsedMs":null,"bodyElapsedMs":null,"totalElapsedMs":0,"bytes":0,"phase":"header","outcome":"error"}
[request-budget] {"elapsedMs":1}
[http-timing] {"method":"GET","routeClass":"health","status":null,"headerElapsedMs":null,"bodyElapsedMs":null,"totalElapsedMs":0,"bytes":0,"phase":"header","outcome":"error"}
[request-budget] {"elapsedMs":1}
[http-timing] {"method":"GET","routeClass":"health","status":null,"headerElapsedMs":null,"bodyElapsedMs":null,"totalElapsedMs":0,"bytes":0,"phase":"header","outcome":"error"}
[request-budget] {"elapsedMs":1}
[http-timing] {"method":"GET","routeClass":"health","status":null,"headerElapsedMs":null,"bodyElapsedMs":null,"totalElapsedMs":0,"bytes":0,"phase":"header","outcome":"error"}
[request-budget] {"elapsedMs":1}
[http-timing] {"method":"GET","routeClass":"health","status":null,"headerElapsedMs":null,"bodyElapsedMs":null,"totalElapsedMs":0,"bytes":0,"phase":"header","outcome":"error"}
[request-budget] {"elapsedMs":1}
[http-timing] {"method":"GET","routeClass":"health","status":null,"headerElapsedMs":null,"bodyElapsedMs":null,"totalElapsedMs":0,"bytes":0,"phase":"header","outcome":"error"}
[request-budget] {"elapsedMs":1}
[http-timing] {"method":"GET","routeClass":"health","status":null,"headerElapsedMs":null,"bodyElapsedMs":null,"totalElapsedMs":0,"bytes":0,"phase":"header","outcome":"error"}
[request-budget] {"elapsedMs":1}
[http-timing] {"method":"GET","routeClass":"health","status":null,"headerElapsedMs":null,"bodyElapsedMs":null,"totalElapsedMs":0,"bytes":0,"phase":"header","outcome":"error"}
[request-budget] {"elapsedMs":1}
[http-timing] {"method":"GET","routeClass":"health","status":null,"headerElapsedMs":null,"bodyElapsedMs":null,"totalElapsedMs":0,"bytes":0,"phase":"header","outcome":"error"}
[request-budget] {"elapsedMs":1}
[http-timing] {"method":"GET","routeClass":"health","status":200,"headerElapsedMs":4,"bodyElapsedMs":1,"totalElapsedMs":5,"bytes":15,"phase":"complete","outcome":"ok"}
[request-budget] {"elapsedMs":1}
[http-timing] {"method":"GET","routeClass":"ice","status":200,"headerElapsedMs":1,"bodyElapsedMs":0,"totalElapsedMs":1,"bytes":222,"phase":"complete","outcome":"ok"}
[pass] LP26-O05 isolated server healthy
[request-budget] {"elapsedMs":1}
[http-timing] {"method":"GET","routeClass":"recording-status","status":200,"headerElapsedMs":1,"bodyElapsedMs":0,"totalElapsedMs":1,"bytes":1198,"phase":"complete","outcome":"ok"}
[pass] LP26-O05 independent initial channels
[request-budget] {"elapsedMs":1}
[http-timing] {"method":"POST","routeClass":"source","status":201,"headerElapsedMs":72,"bodyElapsedMs":0,"totalElapsedMs":72,"bytes":436,"phase":"complete","outcome":"ok"}
[request-budget] {"elapsedMs":1}
[http-timing] {"method":"POST","routeClass":"source","status":201,"headerElapsedMs":7,"bodyElapsedMs":0,"totalElapsedMs":7,"bytes":436,"phase":"complete","outcome":"ok"}
[request-budget] {"elapsedMs":1}
[http-timing] {"method":"GET","routeClass":"recording-status","status":200,"headerElapsedMs":1,"bodyElapsedMs":0,"totalElapsedMs":1,"bytes":1596,"phase":"complete","outcome":"ok"}
[channel-readiness] [{"channelId":"9101","enabled":true,"active":true,"storageBlocked":false},{"channelId":"9201","enabled":true,"active":true,"storageBlocked":false}]
[pass] V440 peak RSS budget
[root-storage] {"reason":"sample","final":false,"elapsedMs":6317,"journalMutationTypes":{"segment_finalized":0,"event_link_created":0,"observation_put":0,"observation_v2_put":0,"deletion_requested":0,"deletion_completed":0,"corruption_detected":0,"recording_order_reserved":2,"segment_v2_finalized":0,"segment_v2_bound_finalized":0,"consumer_reference_put":0,"derived_reference_accepted":0,"referenced_observation_put":0,"derived_job_intent":0,"derived_job_files":0,"derived_job_ready":0,"derived_job_committed":0,"derived_job_complete":0,"derived_job_failed":0,"segment_v2_state":0,"segment_v2_deleted":0},"journalMutationTypesCoverage":"drained-prefix-only; unread-or-partial-tail-excluded","totalBytes":13842940,"capBytes":480386519,"capExceeded":false,"entries":323,"categories":{"input":{"bytes":135858,"files":2},"media":{"bytes":0,"files":0},"mediaPartial":{"bytes":13636,"files":2},"journal":{"bytes":922,"files":2},"checkpoint":{"bytes":0,"files":0},"generationSnapshot":{"bytes":267,"files":1},"generationIdentity":{"bytes":160,"files":1},"generationEvidence":{"bytes":0,"files":0},"generationManifest":{"bytes":391,"files":1},"generationTransaction":{"bytes":0,"files":0},"sqlite":{"bytes":49152,"files":1},"wal":{"bytes":0,"files":0},"sqliteAux":{"bytes":0,"files":0},"tmp":{"bytes":0,"files":0},"log":{"bytes":1521,"files":1},"state":{"bytes":4653,"files":2},"events":{"bytes":0,"files":0},"cache":{"bytes":3146149,"files":280},"tools":{"bytes":10196904,"files":2},"recordingsOther":{"bytes":1618,"files":8},"other":{"bytes":291709,"files":1}},"ownership":{"productRecording":{"bytes":66146,"files":16},"fixtureInput":{"bytes":135858,"files":2},"observerTools":{"bytes":10196904,"files":2},"cache":{"bytes":3146149,"files":280},"temporary":{"bytes":0,"files":0},"runtimeSupport":{"bytes":6174,"files":3},"other":{"bytes":291709,"files":1}},"transientJournalMisses":0,"measurement":"logical-file-bytes-nonatomic","rawPathsPublished":false,"transientTreeRetries":0,"fixedBytes":10624471,"variableBytes":3218469,"copyBytes":0,"combinedBytes":13842940,"rootCapBytes":480386519,"combinedCapBytes":950148567,"copyEntries":0,"workspacePolicy":"fixed-plus-variable-v1"}
[current-observation] {"pid":56082,"startIdentity":"macos:1791132420:500881","sampledAt":1791132425388,"phaseAt":6097.182708,"rssBytes":3159064576,"threadCount":37,"fdCount":29,"mutationCount":2,"typeCounts":{"segment_finalized":0,"event_link_created":0,"observation_put":0,"observation_v2_put":0,"deletion_requested":0,"deletion_completed":0,"corruption_detected":0,"recording_order_reserved":2,"segment_v2_finalized":0,"segment_v2_bound_finalized":0,"consumer_reference_put":0,"derived_reference_accepted":0,"referenced_observation_put":0,"derived_job_intent":0,"derived_job_files":0,"derived_job_ready":0,"derived_job_committed":0,"derived_job_complete":0,"derived_job_failed":0,"segment_v2_state":0,"segment_v2_deleted":0},"identityBytes":378,"combinedLogicalIds":4,"combinedLogicalBytes":378,"rotations":0,"partialBytes":0,"progress":{"elapsedMs":183.94633299999987,"channels":{"9101":{"finalized":0,"deleted":0,"lastAt":5913.236375,"order":"0","store":null,"knownMappings":0,"unknownMappings":0},"9201":{"finalized":0,"deleted":0,"lastAt":5913.236375,"order":"0","store":null,"knownMappings":0,"unknownMappings":0}},"records":0,"logicalBytes":0},"resourceTrendPass":false}
[sample-timing] {"sampleIndex":1,"metricsMs":183.76004100000046,"drainMs":242.2380830000002,"storageMs":1.4353330000003552,"totalMs":427.5408750000006}
[request-budget] {"elapsedMs":1}
[http-timing] {"method":"GET","routeClass":"recording-status","status":200,"headerElapsedMs":1,"bodyElapsedMs":0,"totalElapsedMs":1,"bytes":1596,"phase":"complete","outcome":"ok"}
[pass] LP26-O05 active 9101
[pass] LP26-O05 active 9201
[pass] PR77 visual worker status
[pass] PR77 visual worker enabled
[pass] PR77 bounded visual status
[pass] PR77 actual visual results
[visual-query-observation] {"atMs":1791132425728,"client":2,"status":200,"elapsedMs":92.92004100000031,"items":[]}
[pass] PR77 bounded visual status
[pass] PR77 actual visual results
[visual-query-observation] {"atMs":1791132425728,"client":3,"status":200,"elapsedMs":44.250458000000435,"items":[]}
[pass] V440 bounded parallel search status
[pass] V440 bounded parallel search status
[pass] V440 search retains current recordings
[pass] V440 peak RSS budget
[root-storage] {"reason":"sample","final":false,"elapsedMs":11119,"journalMutationTypes":{"segment_finalized":0,"event_link_created":0,"observation_put":0,"observation_v2_put":0,"deletion_requested":0,"deletion_completed":0,"corruption_detected":0,"recording_order_reserved":6,"segment_v2_finalized":0,"segment_v2_bound_finalized":4,"consumer_reference_put":0,"derived_reference_accepted":0,"referenced_observation_put":0,"derived_job_intent":0,"derived_job_files":0,"derived_job_ready":0,"derived_job_committed":0,"derived_job_complete":0,"derived_job_failed":0,"segment_v2_state":0,"segment_v2_deleted":0},"journalMutationTypesCoverage":"drained-prefix-only; unread-or-partial-tail-excluded","totalBytes":14142459,"capBytes":480386519,"capExceeded":false,"entries":327,"categories":{"input":{"bytes":135858,"files":2},"media":{"bytes":137604,"files":4},"mediaPartial":{"bytes":40954,"files":2},"journal":{"bytes":44449,"files":2},"checkpoint":{"bytes":0,"files":0},"generationSnapshot":{"bytes":267,"files":1},"generationIdentity":{"bytes":160,"files":1},"generationEvidence":{"bytes":0,"files":0},"generationManifest":{"bytes":391,"files":1},"generationTransaction":{"bytes":0,"files":0},"sqlite":{"bytes":110592,"files":1},"wal":{"bytes":0,"files":0},"sqliteAux":{"bytes":0,"files":0},"tmp":{"bytes":0,"files":0},"log":{"bytes":4033,"files":1},"state":{"bytes":4653,"files":2},"events":{"bytes":0,"files":0},"cache":{"bytes":3146149,"files":280},"tools":{"bytes":10196904,"files":2},"recordingsOther":{"bytes":28736,"files":8},"other":{"bytes":291709,"files":1}},"ownership":{"productRecording":{"bytes":363153,"files":20},"fixtureInput":{"bytes":135858,"files":2},"observerTools":{"bytes":10196904,"files":2},"cache":{"bytes":3146149,"files":280},"temporary":{"bytes":0,"files":0},"runtimeSupport":{"bytes":8686,"files":3},"other":{"bytes":291709,"files":1}},"transientJournalMisses":0,"measurement":"logical-file-bytes-nonatomic","rawPathsPublished":false,"transientTreeRetries":0,"fixedBytes":10624471,"variableBytes":3517988,"copyBytes":0,"combinedBytes":14142459,"rootCapBytes":480386519,"combinedCapBytes":950148567,"copyEntries":0,"workspacePolicy":"fixed-plus-variable-v1"}
[current-observation] {"pid":56082,"startIdentity":"macos:1791132420:500881","sampledAt":1791132430392,"phaseAt":11101.057916,"rssBytes":3190734848,"threadCount":41,"fdCount":29,"mutationCount":10,"typeCounts":{"segment_finalized":0,"event_link_created":0,"observation_put":0,"observation_v2_put":0,"deletion_requested":0,"deletion_completed":0,"corruption_detected":0,"recording_order_reserved":6,"segment_v2_finalized":0,"segment_v2_bound_finalized":4,"consumer_reference_put":0,"derived_reference_accepted":0,"referenced_observation_put":0,"derived_job_intent":0,"derived_job_files":0,"derived_job_ready":0,"derived_job_committed":0,"derived_job_complete":0,"derived_job_failed":0,"segment_v2_state":0,"segment_v2_deleted":0},"identityBytes":1830,"combinedLogicalIds":24,"combinedLogicalBytes":4208,"rotations":0,"partialBytes":0,"progress":{"elapsedMs":5187.821540999999,"channels":{"9101":{"finalized":2,"deleted":0,"lastAt":11101.057916,"order":"3","store":"ce368beec159ca6ab43d21ec27b261577dcf7041bc6de3f0710931f37bfbd2f3","knownMappings":0,"unknownMappings":88},"9201":{"finalized":2,"deleted":0,"lastAt":11101.057916,"order":"4","store":"ce368beec159ca6ab43d21ec27b261577dcf7041bc6de3f0710931f37bfbd2f3","knownMappings":1,"unknownMappings":86}},"records":4,"logicalBytes":2378},"resourceTrendPass":false}
[sample-timing] {"sampleIndex":2,"metricsMs":2.7453329999989364,"drainMs":39.92900000000009,"storageMs":1.576999999999316,"totalMs":44.353250000000116}
[request-budget] {"elapsedMs":1}
[http-timing] {"method":"GET","routeClass":"recording-status","status":200,"headerElapsedMs":1,"bodyElapsedMs":0,"totalElapsedMs":1,"bytes":1604,"phase":"complete","outcome":"ok"}
[pass] LP26-O05 active 9101
[pass] LP26-O05 active 9201
[pass] V440 peak RSS budget
[root-storage] {"reason":"sample","final":false,"elapsedMs":16146,"journalMutationTypes":{"segment_finalized":0,"event_link_created":0,"observation_put":0,"observation_v2_put":0,"deletion_requested":0,"deletion_completed":0,"corruption_detected":0,"recording_order_reserved":12,"segment_v2_finalized":0,"segment_v2_bound_finalized":10,"consumer_reference_put":0,"derived_reference_accepted":0,"referenced_observation_put":0,"derived_job_intent":0,"derived_job_files":0,"derived_job_ready":0,"derived_job_committed":0,"derived_job_complete":0,"derived_job_failed":0,"segment_v2_state":0,"segment_v2_deleted":0},"journalMutationTypesCoverage":"drained-prefix-only; unread-or-partial-tail-excluded","totalBytes":14491129,"capBytes":480386519,"capExceeded":false,"entries":333,"categories":{"input":{"bytes":135858,"files":2},"media":{"bytes":344656,"files":10},"mediaPartial":{"bytes":8516,"files":2},"journal":{"bytes":108812,"files":2},"checkpoint":{"bytes":0,"files":0},"generationSnapshot":{"bytes":267,"files":1},"generationIdentity":{"bytes":160,"files":1},"generationEvidence":{"bytes":0,"files":0},"generationManifest":{"bytes":391,"files":1},"generationTransaction":{"bytes":0,"files":0},"sqlite":{"bytes":192512,"files":1},"wal":{"bytes":0,"files":0},"sqliteAux":{"bytes":0,"files":0},"tmp":{"bytes":0,"files":0},"log":{"bytes":4688,"files":1},"state":{"bytes":4653,"files":2},"events":{"bytes":0,"files":0},"cache":{"bytes":3146149,"files":280},"tools":{"bytes":10196904,"files":2},"recordingsOther":{"bytes":55854,"files":8},"other":{"bytes":291709,"files":1}},"ownership":{"productRecording":{"bytes":711168,"files":26},"fixtureInput":{"bytes":135858,"files":2},"observerTools":{"bytes":10196904,"files":2},"cache":{"bytes":3146149,"files":280},"temporary":{"bytes":0,"files":0},"runtimeSupport":{"bytes":9341,"files":3},"other":{"bytes":291709,"files":1}},"transientJournalMisses":0,"measurement":"logical-file-bytes-nonatomic","rawPathsPublished":false,"transientTreeRetries":0,"fixedBytes":10624471,"variableBytes":3866658,"copyBytes":0,"combinedBytes":14491129,"rootCapBytes":480386519,"combinedCapBytes":950148567,"copyEntries":0,"workspacePolicy":"fixed-plus-variable-v1"}
[current-observation] {"pid":56082,"startIdentity":"macos:1791132420:500881","sampledAt":1791132435395,"phaseAt":16104.041166,"rssBytes":2405466112,"threadCount":40,"fdCount":29,"mutationCount":22,"typeCounts":{"segment_finalized":0,"event_link_created":0,"observation_put":0,"observation_v2_put":0,"deletion_requested":0,"deletion_completed":0,"corruption_detected":0,"recording_order_reserved":12,"segment_v2_finalized":0,"segment_v2_bound_finalized":10,"consumer_reference_put":0,"derived_reference_accepted":0,"referenced_observation_put":0,"derived_job_intent":0,"derived_job_files":0,"derived_job_ready":0,"derived_job_committed":0,"derived_job_complete":0,"derived_job_failed":0,"segment_v2_state":0,"segment_v2_deleted":0},"identityBytes":4009,"combinedLogicalIds":54,"combinedLogicalBytes":9946,"rotations":0,"partialBytes":0,"progress":{"elapsedMs":10190.804791,"channels":{"9101":{"finalized":5,"deleted":0,"lastAt":16104.041166,"order":"9","store":"ce368beec159ca6ab43d21ec27b261577dcf7041bc6de3f0710931f37bfbd2f3","knownMappings":2,"unknownMappings":156},"9201":{"finalized":5,"deleted":0,"lastAt":16104.041166,"order":"10","store":"ce368beec159ca6ab43d21ec27b261577dcf7041bc6de3f0710931f37bfbd2f3","knownMappings":1,"unknownMappings":232}},"records":10,"logicalBytes":5937},"resourceTrendPass":false}
[sample-timing] {"sampleIndex":3,"metricsMs":1.8323749999999563,"drainMs":61.64150000000154,"storageMs":3.685790999999881,"totalMs":67.56779199999983}
[request-budget] {"elapsedMs":4}
[http-timing] {"method":"GET","routeClass":"recording-status","status":200,"headerElapsedMs":4,"bodyElapsedMs":0,"totalElapsedMs":4,"bytes":1606,"phase":"complete","outcome":"ok"}
[pass] LP26-O05 active 9101
[pass] LP26-O05 active 9201
[pass] V440 peak RSS budget
[root-storage] {"reason":"sample","final":false,"elapsedMs":21141,"journalMutationTypes":{"segment_finalized":0,"event_link_created":0,"observation_put":0,"observation_v2_put":0,"deletion_requested":0,"deletion_completed":0,"corruption_detected":0,"recording_order_reserved":16,"segment_v2_finalized":0,"segment_v2_bound_finalized":14,"consumer_reference_put":0,"derived_reference_accepted":0,"referenced_observation_put":0,"derived_job_intent":0,"derived_job_files":0,"derived_job_ready":0,"derived_job_committed":0,"derived_job_complete":0,"derived_job_failed":0,"segment_v2_state":0,"segment_v2_deleted":0},"journalMutationTypesCoverage":"drained-prefix-only; unread-or-partial-tail-excluded","totalBytes":14786129,"capBytes":480386519,"capExceeded":false,"entries":337,"categories":{"input":{"bytes":135858,"files":2},"media":{"bytes":482260,"files":14},"mediaPartial":{"bytes":41730,"files":2},"journal":{"bytes":151973,"files":2},"checkpoint":{"bytes":0,"files":0},"generationSnapshot":{"bytes":267,"files":1},"generationIdentity":{"bytes":160,"files":1},"generationEvidence":{"bytes":0,"files":0},"generationManifest":{"bytes":391,"files":1},"generationTransaction":{"bytes":0,"files":0},"sqlite":{"bytes":245760,"files":1},"wal":{"bytes":0,"files":0},"sqliteAux":{"bytes":0,"files":0},"tmp":{"bytes":0,"files":0},"log":{"bytes":5343,"files":1},"state":{"bytes":4653,"files":2},"events":{"bytes":0,"files":0},"cache":{"bytes":3146149,"files":280},"tools":{"bytes":10196904,"files":2},"recordingsOther":{"bytes":82972,"files":8},"other":{"bytes":291709,"files":1}},"ownership":{"productRecording":{"bytes":1005513,"files":30},"fixtureInput":{"bytes":135858,"files":2},"observerTools":{"bytes":10196904,"files":2},"cache":{"bytes":3146149,"files":280},"temporary":{"bytes":0,"files":0},"runtimeSupport":{"bytes":9996,"files":3},"other":{"bytes":291709,"files":1}},"transientJournalMisses":0,"measurement":"logical-file-bytes-nonatomic","rawPathsPublished":false,"transientTreeRetries":0,"fixedBytes":10624471,"variableBytes":4161658,"copyBytes":0,"combinedBytes":14786129,"rootCapBytes":480386519,"combinedCapBytes":950148567,"copyEntries":0,"workspacePolicy":"fixed-plus-variable-v1"}
[current-observation] {"pid":56082,"startIdentity":"macos:1791132420:500881","sampledAt":1791132440400,"phaseAt":21109.751833,"rssBytes":2406350848,"threadCount":40,"fdCount":31,"mutationCount":30,"typeCounts":{"segment_finalized":0,"event_link_created":0,"observation_put":0,"observation_v2_put":0,"deletion_requested":0,"deletion_completed":0,"corruption_detected":0,"recording_order_reserved":16,"segment_v2_finalized":0,"segment_v2_bound_finalized":14,"consumer_reference_put":0,"derived_reference_accepted":0,"referenced_observation_put":0,"derived_job_intent":0,"derived_job_files":0,"derived_job_ready":0,"derived_job_committed":0,"derived_job_complete":0,"derived_job_failed":0,"segment_v2_state":0,"segment_v2_deleted":0},"identityBytes":5465,"combinedLogicalIds":74,"combinedLogicalBytes":13784,"rotations":0,"partialBytes":0,"progress":{"elapsedMs":15196.515457999998,"channels":{"9101":{"finalized":7,"deleted":0,"lastAt":21109.751833,"order":"13","store":"ce368beec159ca6ab43d21ec27b261577dcf7041bc6de3f0710931f37bfbd2f3","knownMappings":4,"unknownMappings":236},"9201":{"finalized":7,"deleted":0,"lastAt":21109.751833,"order":"14","store":"ce368beec159ca6ab43d21ec27b261577dcf7041bc6de3f0710931f37bfbd2f3","knownMappings":3,"unknownMappings":284}},"records":14,"logicalBytes":8319},"resourceTrendPass":false}
[sample-timing] {"sampleIndex":4,"metricsMs":2.9992910000000848,"drainMs":51.85633299999972,"storageMs":3.2337920000027225,"totalMs":58.20558300000266}
[request-budget] {"elapsedMs":1}
[http-timing] {"method":"GET","routeClass":"recording-status","status":200,"headerElapsedMs":2,"bodyElapsedMs":0,"totalElapsedMs":2,"bytes":1606,"phase":"complete","outcome":"ok"}
[pass] LP26-O05 active 9101
[pass] LP26-O05 active 9201
[pass] PR77 visual worker status
[pass] PR77 visual worker enabled
[pass] PR77 bounded visual status
[pass] PR77 actual visual results
[visual-query-observation] {"atMs":1791132441073,"client":2,"status":200,"elapsedMs":603.9389999999985,"items":[{"id":"frame:36:1cd0387a-82e2-4315-909d-f7f15a3ab02a:3000000000","channelId":"9201","segmentId":"1cd0387a-82e2-4315-909d-f7f15a3ab02a"},{"id":"frame:36:397768f8-645b-45e3-bcef-9089daa827ef:3000000000","channelId":"9201","segmentId":"397768f8-645b-45e3-bcef-9089daa827ef"},{"id":"frame:36:634333c9-6075-4a66-9ccd-e356e313728e:3000000000","channelId":"9201","segmentId":"634333c9-6075-4a66-9ccd-e356e313728e"},{"id":"frame:36:d0ac7f94-8482-43b2-9351-aad9c4357ce4:3000000000","channelId":"9101","segmentId":"d0ac7f94-8482-43b2-9351-aad9c4357ce4"},{"id":"frame:36:d45ea928-8c0b-41be-a566-0bffb3cbeb6b:3000000000","channelId":"9101","segmentId":"d45ea928-8c0b-41be-a566-0bffb3cbeb6b"},{"id":"frame:36:f7cbeed5-6f24-4f04-bf67-55cfdb2181d8:3000000000","channelId":"9101","segmentId":"f7cbeed5-6f24-4f04-bf67-55cfdb2181d8"},{"id":"frame:36:404a5d1c-5209-4f8f-a502-adf78f57a794:0","channelId":"9101","segmentId":"404a5d1c-5209-4f8f-a502-adf78f57a794"},{"id":"frame:36:44a4be57-5469-4194-b64e-b1943b1bf4e5:0","channelId":"9201","segmentId":"44a4be57-5469-4194-b64e-b1943b1bf4e5"},{"id":"frame:36:58a63822-e1c7-43f4-8bb1-c52298bc1d22:0","channelId":"9101","segmentId":"58a63822-e1c7-43f4-8bb1-c52298bc1d22"},{"id":"frame:36:7c8717b3-2f9c-4cfa-a4ee-33f9d95115cb:0","channelId":"9201","segmentId":"7c8717b3-2f9c-4cfa-a4ee-33f9d95115cb"},{"id":"frame:36:7f2a02aa-8b41-494c-ba7a-bad060999c00:0","channelId":"9201","segmentId":"7f2a02aa-8b41-494c-ba7a-bad060999c00"},{"id":"frame:36:fd726de4-5eca-4d9d-ad9c-2b75aa3f058d:0","channelId":"9101","segmentId":"fd726de4-5eca-4d9d-ad9c-2b75aa3f058d"},{"id":"frame:36:1cd0387a-82e2-4315-909d-f7f15a3ab02a:2000000000","channelId":"9201","segmentId":"1cd0387a-82e2-4315-909d-f7f15a3ab02a"},{"id":"frame:36:397768f8-645b-45e3-bcef-9089daa827ef:2000000000","channelId":"9201","segmentId":"397768f8-645b-45e3-bcef-9089daa827ef"},{"id":"frame:36:634333c9-6075-4a66-9ccd-e356e313728e:2000000000","channelId":"9201","segmentId":"634333c9-6075-4a66-9ccd-e356e313728e"},{"id":"frame:36:d0ac7f94-8482-43b2-9351-aad9c4357ce4:2000000000","channelId":"9101","segmentId":"d0ac7f94-8482-43b2-9351-aad9c4357ce4"},{"id":"frame:36:d45ea928-8c0b-41be-a566-0bffb3cbeb6b:2000000000","channelId":"9101","segmentId":"d45ea928-8c0b-41be-a566-0bffb3cbeb6b"},{"id":"frame:36:f7cbeed5-6f24-4f04-bf67-55cfdb2181d8:2000000000","channelId":"9101","segmentId":"f7cbeed5-6f24-4f04-bf67-55cfdb2181d8"},{"id":"frame:36:404a5d1c-5209-4f8f-a502-adf78f57a794:1000000000","channelId":"9101","segmentId":"404a5d1c-5209-4f8f-a502-adf78f57a794"},{"id":"frame:36:44a4be57-5469-4194-b64e-b1943b1bf4e5:1000000000","channelId":"9201","segmentId":"44a4be57-5469-4194-b64e-b1943b1bf4e5"}]}
[pass] PR77 bounded visual status
[pass] PR77 actual visual results
[visual-query-observation] {"atMs":1791132441073,"client":3,"status":200,"elapsedMs":612.4000410000008,"items":[{"id":"frame:36:1cd0387a-82e2-4315-909d-f7f15a3ab02a:3000000000","channelId":"9201","segmentId":"1cd0387a-82e2-4315-909d-f7f15a3ab02a"},{"id":"frame:36:397768f8-645b-45e3-bcef-9089daa827ef:3000000000","channelId":"9201","segmentId":"397768f8-645b-45e3-bcef-9089daa827ef"},{"id":"frame:36:634333c9-6075-4a66-9ccd-e356e313728e:3000000000","channelId":"9201","segmentId":"634333c9-6075-4a66-9ccd-e356e313728e"},{"id":"frame:36:d0ac7f94-8482-43b2-9351-aad9c4357ce4:3000000000","channelId":"9101","segmentId":"d0ac7f94-8482-43b2-9351-aad9c4357ce4"},{"id":"frame:36:d45ea928-8c0b-41be-a566-0bffb3cbeb6b:3000000000","channelId":"9101","segmentId":"d45ea928-8c0b-41be-a566-0bffb3cbeb6b"},{"id":"frame:36:f7cbeed5-6f24-4f04-bf67-55cfdb2181d8:3000000000","channelId":"9101","segmentId":"f7cbeed5-6f24-4f04-bf67-55cfdb2181d8"},{"id":"frame:36:404a5d1c-5209-4f8f-a502-adf78f57a794:0","channelId":"9101","segmentId":"404a5d1c-5209-4f8f-a502-adf78f57a794"},{"id":"frame:36:44a4be57-5469-4194-b64e-b1943b1bf4e5:0","channelId":"9201","segmentId":"44a4be57-5469-4194-b64e-b1943b1bf4e5"},{"id":"frame:36:58a63822-e1c7-43f4-8bb1-c52298bc1d22:0","channelId":"9101","segmentId":"58a63822-e1c7-43f4-8bb1-c52298bc1d22"},{"id":"frame:36:7c8717b3-2f9c-4cfa-a4ee-33f9d95115cb:0","channelId":"9201","segmentId":"7c8717b3-2f9c-4cfa-a4ee-33f9d95115cb"},{"id":"frame:36:7f2a02aa-8b41-494c-ba7a-bad060999c00:0","channelId":"9201","segmentId":"7f2a02aa-8b41-494c-ba7a-bad060999c00"},{"id":"frame:36:fd726de4-5eca-4d9d-ad9c-2b75aa3f058d:0","channelId":"9101","segmentId":"fd726de4-5eca-4d9d-ad9c-2b75aa3f058d"},{"id":"frame:36:1cd0387a-82e2-4315-909d-f7f15a3ab02a:2000000000","channelId":"9201","segmentId":"1cd0387a-82e2-4315-909d-f7f15a3ab02a"},{"id":"frame:36:397768f8-645b-45e3-bcef-9089daa827ef:2000000000","channelId":"9201","segmentId":"397768f8-645b-45e3-bcef-9089daa827ef"},{"id":"frame:36:634333c9-6075-4a66-9ccd-e356e313728e:2000000000","channelId":"9201","segmentId":"634333c9-6075-4a66-9ccd-e356e313728e"},{"id":"frame:36:d0ac7f94-8482-43b2-9351-aad9c4357ce4:2000000000","channelId":"9101","segmentId":"d0ac7f94-8482-43b2-9351-aad9c4357ce4"},{"id":"frame:36:d45ea928-8c0b-41be-a566-0bffb3cbeb6b:2000000000","channelId":"9101","segmentId":"d45ea928-8c0b-41be-a566-0bffb3cbeb6b"},{"id":"frame:36:f7cbeed5-6f24-4f04-bf67-55cfdb2181d8:2000000000","channelId":"9101","segmentId":"f7cbeed5-6f24-4f04-bf67-55cfdb2181d8"},{"id":"frame:36:404a5d1c-5209-4f8f-a502-adf78f57a794:1000000000","channelId":"9101","segmentId":"404a5d1c-5209-4f8f-a502-adf78f57a794"},{"id":"frame:36:44a4be57-5469-4194-b64e-b1943b1bf4e5:1000000000","channelId":"9201","segmentId":"44a4be57-5469-4194-b64e-b1943b1bf4e5"}]}
[pass] PR77 observed live visual source
[pass] PR77 visual evidence bounded status
[pass] PR77 visual preservation status
[pass] PR77 visual detail200
[pass] PR77 actual visual PNG
[visual-preserved] {"atMs":1791132441122,"hitId":"frame:36:58a63822-e1c7-43f4-8bb1-c52298bc1d22:0","segmentId":"58a63822-e1c7-43f4-8bb1-c52298bc1d22","packageId":"ep-016603cbf323ce54b7a4dc870be7ef5d21641f4f9712150ec02ffecc14db79f6","status":"complete"}
[pass] V440 bounded parallel search status
[pass] V440 bounded parallel search status
[evidence-create-responses] [{"status":201,"elapsedMs":37.205832999999984,"body":{"id":"ep-e1d3e2b9aa82fb16271fae43c0c12db20426d355cc3942e5a1c3b62c5aeac79f","channelId":"9101","status":"complete","createdAtMs":1791132441123,"frames":1,"assets":1}},{"status":503,"elapsedMs":0.6667909999996482,"body":{"error":"evidence-busy"}}]
[pass] V440 concurrent creation admits a request
[pass] V440 bounded creation status
[pass] V440 new detail200
[pass] V440 bounded preserved frame sequence
[pass] V440 complete contains actual PNG
[pass] V440 bounded creation status
[pass] V440 concurrent busy explicit
[pass] V440 saved detail remains readable
[pass] V440 immutable manifest
[pass] V440 preserved PNG bytes
[saved-evidence-sources] {"atMs":1791132441163,"id":"ep-016603cbf323ce54b7a4dc870be7ef5d21641f4f9712150ec02ffecc14db79f6","afterRestart":false,"currentSources":[{"kind":"recording","id":"58a63822-e1c7-43f4-8bb1-c52298bc1d22","state":"catalogued-not-revalidated"}]}
[pass] V440 saved detail remains readable
[pass] V440 immutable manifest
[pass] V440 preserved PNG bytes
[saved-evidence-sources] {"atMs":1791132441165,"id":"ep-e1d3e2b9aa82fb16271fae43c0c12db20426d355cc3942e5a1c3b62c5aeac79f","afterRestart":false,"currentSources":[{"kind":"recording","id":"bff3ed1e-8869-49fa-8cc3-f44a3c6836d8","state":"catalogued-not-revalidated"}]}
[evidence-load] {"cycles":1,"searchSuccess":8,"createSuccess":1,"createBusy":1,"retainedChecks":2,"deletedSourceObserved":false}
[pass] V440 peak RSS budget
[pass] LP26-O03 deleted media absent
[pass] LP26-O03 deleted media absent
[pass] LP26-O03 deleted media absent
[pass] LP26-O03 deleted media absent
[pass] LP26-O03 deleted media absent
[pass] LP26-O03 deleted media absent
[root-storage] {"reason":"sample","final":false,"elapsedMs":26214,"journalMutationTypes":{"segment_finalized":0,"event_link_created":0,"observation_put":0,"observation_v2_put":0,"deletion_requested":0,"deletion_completed":0,"corruption_detected":0,"recording_order_reserved":22,"segment_v2_finalized":0,"segment_v2_bound_finalized":20,"consumer_reference_put":0,"derived_reference_accepted":0,"referenced_observation_put":0,"derived_job_intent":0,"derived_job_files":0,"derived_job_ready":0,"derived_job_committed":0,"derived_job_complete":0,"derived_job_failed":0,"segment_v2_state":6,"segment_v2_deleted":6},"journalMutationTypesCoverage":"drained-prefix-only; unread-or-partial-tail-excluded","totalBytes":14899097,"capBytes":480386519,"capExceeded":false,"entries":339,"categories":{"input":{"bytes":135858,"files":2},"media":{"bytes":480968,"files":14},"mediaPartial":{"bytes":10328,"files":2},"journal":{"bytes":229925,"files":2},"checkpoint":{"bytes":0,"files":0},"generationSnapshot":{"bytes":267,"files":1},"generationIdentity":{"bytes":160,"files":1},"generationEvidence":{"bytes":0,"files":0},"generationManifest":{"bytes":391,"files":1},"generationTransaction":{"bytes":0,"files":0},"sqlite":{"bytes":290816,"files":1},"wal":{"bytes":0,"files":0},"sqliteAux":{"bytes":0,"files":0},"tmp":{"bytes":0,"files":0},"log":{"bytes":7912,"files":1},"state":{"bytes":4653,"files":2},"events":{"bytes":0,"files":0},"cache":{"bytes":3146149,"files":280},"tools":{"bytes":10196904,"files":2},"recordingsOther":{"bytes":103057,"files":10},"other":{"bytes":291709,"files":1}},"ownership":{"productRecording":{"bytes":1115912,"files":32},"fixtureInput":{"bytes":135858,"files":2},"observerTools":{"bytes":10196904,"files":2},"cache":{"bytes":3146149,"files":280},"temporary":{"bytes":0,"files":0},"runtimeSupport":{"bytes":12565,"files":3},"other":{"bytes":291709,"files":1}},"transientJournalMisses":0,"measurement":"logical-file-bytes-nonatomic","rawPathsPublished":false,"transientTreeRetries":0,"fixedBytes":10624471,"variableBytes":4274626,"copyBytes":0,"combinedBytes":14899097,"rootCapBytes":480386519,"combinedCapBytes":950148567,"copyEntries":0,"workspacePolicy":"fixed-plus-variable-v1"}
[current-observation] {"pid":56082,"startIdentity":"macos:1791132420:500881","sampledAt":1791132445404,"phaseAt":26113.408458,"rssBytes":1672790016,"threadCount":40,"fdCount":29,"mutationCount":54,"typeCounts":{"segment_finalized":0,"event_link_created":0,"observation_put":0,"observation_v2_put":0,"deletion_requested":0,"deletion_completed":0,"corruption_detected":0,"recording_order_reserved":22,"segment_v2_finalized":0,"segment_v2_bound_finalized":20,"consumer_reference_put":0,"derived_reference_accepted":0,"referenced_observation_put":0,"derived_job_intent":0,"derived_job_files":0,"derived_job_ready":0,"derived_job_committed":0,"derived_job_complete":0,"derived_job_failed":0,"segment_v2_state":6,"segment_v2_deleted":6},"identityBytes":9641,"combinedLogicalIds":128,"combinedLogicalBytes":21542,"rotations":0,"partialBytes":0,"progress":{"elapsedMs":20200.172083,"channels":{"9101":{"finalized":10,"deleted":3,"lastAt":26113.408458,"order":"20","store":"ce368beec159ca6ab43d21ec27b261577dcf7041bc6de3f0710931f37bfbd2f3","knownMappings":6,"unknownMappings":366},"9201":{"finalized":10,"deleted":3,"lastAt":26113.408458,"order":"19","store":"ce368beec159ca6ab43d21ec27b261577dcf7041bc6de3f0710931f37bfbd2f3","knownMappings":4,"unknownMappings":416}},"records":20,"logicalBytes":11901},"resourceTrendPass":false}
[sample-timing] {"sampleIndex":5,"metricsMs":2.998666999999841,"drainMs":122.71487500000148,"storageMs":1.7239579999986745,"totalMs":127.53941699999996}
[request-budget] {"elapsedMs":1}
[http-timing] {"method":"GET","routeClass":"recording-status","status":200,"headerElapsedMs":1,"bodyElapsedMs":0,"totalElapsedMs":1,"bytes":1606,"phase":"complete","outcome":"ok"}
[pass] LP26-O05 active 9101
[pass] LP26-O05 active 9201
[pass] V440 peak RSS budget
[pass] LP26-O03 deleted media absent
[pass] LP26-O03 deleted media absent
[pass] LP26-O03 deleted media absent
[pass] LP26-O03 deleted media absent
[root-storage] {"reason":"sample","final":false,"elapsedMs":31226,"journalMutationTypes":{"segment_finalized":0,"event_link_created":0,"observation_put":0,"observation_v2_put":0,"deletion_requested":0,"deletion_completed":0,"corruption_detected":0,"recording_order_reserved":26,"segment_v2_finalized":0,"segment_v2_bound_finalized":24,"consumer_reference_put":0,"derived_reference_accepted":0,"referenced_observation_put":0,"derived_job_intent":0,"derived_job_files":0,"derived_job_ready":0,"derived_job_committed":0,"derived_job_complete":0,"derived_job_failed":0,"segment_v2_state":10,"segment_v2_deleted":10},"journalMutationTypesCoverage":"drained-prefix-only; unread-or-partial-tail-excluded","totalBytes":15005470,"capBytes":480386519,"capExceeded":false,"entries":339,"categories":{"input":{"bytes":135858,"files":2},"media":{"bytes":480968,"files":14},"mediaPartial":{"bytes":44170,"files":2},"journal":{"bytes":281298,"files":2},"checkpoint":{"bytes":0,"files":0},"generationSnapshot":{"bytes":267,"files":1},"generationIdentity":{"bytes":160,"files":1},"generationEvidence":{"bytes":0,"files":0},"generationManifest":{"bytes":391,"files":1},"generationTransaction":{"bytes":0,"files":0},"sqlite":{"bytes":311296,"files":1},"wal":{"bytes":0,"files":0},"sqliteAux":{"bytes":0,"files":0},"tmp":{"bytes":0,"files":0},"log":{"bytes":8572,"files":1},"state":{"bytes":4653,"files":2},"events":{"bytes":0,"files":0},"cache":{"bytes":3146149,"files":280},"tools":{"bytes":10196904,"files":2},"recordingsOther":{"bytes":103075,"files":10},"other":{"bytes":291709,"files":1}},"ownership":{"productRecording":{"bytes":1221625,"files":32},"fixtureInput":{"bytes":135858,"files":2},"observerTools":{"bytes":10196904,"files":2},"cache":{"bytes":3146149,"files":280},"temporary":{"bytes":0,"files":0},"runtimeSupport":{"bytes":13225,"files":3},"other":{"bytes":291709,"files":1}},"transientJournalMisses":0,"measurement":"logical-file-bytes-nonatomic","rawPathsPublished":false,"transientTreeRetries":0,"fixedBytes":10624471,"variableBytes":4380999,"copyBytes":0,"combinedBytes":15005470,"rootCapBytes":480386519,"combinedCapBytes":950148567,"copyEntries":0,"workspacePolicy":"fixed-plus-variable-v1"}
[current-observation] {"pid":56082,"startIdentity":"macos:1791132420:500881","sampledAt":1791132450412,"phaseAt":31121.448791,"rssBytes":1672970240,"threadCount":40,"fdCount":29,"mutationCount":70,"typeCounts":{"segment_finalized":0,"event_link_created":0,"observation_put":0,"observation_v2_put":0,"deletion_requested":0,"deletion_completed":0,"corruption_detected":0,"recording_order_reserved":26,"segment_v2_finalized":0,"segment_v2_bound_finalized":24,"consumer_reference_put":0,"derived_reference_accepted":0,"referenced_observation_put":0,"derived_job_intent":0,"derived_job_files":0,"derived_job_ready":0,"derived_job_committed":0,"derived_job_complete":0,"derived_job_failed":0,"segment_v2_state":10,"segment_v2_deleted":10},"identityBytes":12425,"combinedLogicalIds":164,"combinedLogicalBytes":26708,"rotations":0,"partialBytes":0,"progress":{"elapsedMs":25208.212416,"channels":{"9101":{"finalized":12,"deleted":5,"lastAt":31121.448791,"order":"24","store":"ce368beec159ca6ab43d21ec27b261577dcf7041bc6de3f0710931f37bfbd2f3","knownMappings":8,"unknownMappings":452},"9201":{"finalized":12,"deleted":5,"lastAt":31121.448791,"order":"23","store":"ce368beec159ca6ab43d21ec27b261577dcf7041bc6de3f0710931f37bfbd2f3","knownMappings":6,"unknownMappings":484}},"records":24,"logicalBytes":14283},"resourceTrendPass":false}
[sample-timing] {"sampleIndex":6,"metricsMs":6.2575419999993755,"drainMs":126.63208300000042,"storageMs":1.6084590000027674,"totalMs":134.6877080000013}
[request-budget] {"elapsedMs":1}
[http-timing] {"method":"GET","routeClass":"recording-status","status":200,"headerElapsedMs":1,"bodyElapsedMs":0,"totalElapsedMs":1,"bytes":1606,"phase":"complete","outcome":"ok"}
[pass] LP26-O05 active 9101
[pass] LP26-O05 active 9201
[pass] V440 actual mixed work occurred
[pass] V440 successful search latency
[pass] V440 peak RSS budget
[pass] LP26-O03 deleted media absent
[pass] LP26-O03 deleted media absent
[pass] LP26-O03 deleted media absent
[pass] LP26-O03 deleted media absent
[root-storage] {"reason":"sample","final":false,"elapsedMs":36018,"journalMutationTypes":{"segment_finalized":0,"event_link_created":0,"observation_put":0,"observation_v2_put":0,"deletion_requested":0,"deletion_completed":0,"corruption_detected":0,"recording_order_reserved":30,"segment_v2_finalized":0,"segment_v2_bound_finalized":28,"consumer_reference_put":0,"derived_reference_accepted":0,"referenced_observation_put":0,"derived_job_intent":0,"derived_job_files":0,"derived_job_ready":0,"derived_job_committed":0,"derived_job_complete":0,"derived_job_failed":0,"segment_v2_state":14,"segment_v2_deleted":14},"journalMutationTypesCoverage":"drained-prefix-only; unread-or-partial-tail-excluded","totalBytes":15085735,"capBytes":480386519,"capExceeded":false,"entries":339,"categories":{"input":{"bytes":135858,"files":2},"media":{"bytes":482260,"files":14},"mediaPartial":{"bytes":3644,"files":2},"journal":{"bytes":359182,"files":2},"checkpoint":{"bytes":0,"files":0},"generationSnapshot":{"bytes":267,"files":1},"generationIdentity":{"bytes":160,"files":1},"generationEvidence":{"bytes":0,"files":0},"generationManifest":{"bytes":391,"files":1},"generationTransaction":{"bytes":0,"files":0},"sqlite":{"bytes":352256,"files":1},"wal":{"bytes":0,"files":0},"sqliteAux":{"bytes":0,"files":0},"tmp":{"bytes":0,"files":0},"log":{"bytes":9227,"files":1},"state":{"bytes":4653,"files":2},"events":{"bytes":0,"files":0},"cache":{"bytes":3146149,"files":280},"tools":{"bytes":10196904,"files":2},"recordingsOther":{"bytes":103075,"files":10},"other":{"bytes":291709,"files":1}},"ownership":{"productRecording":{"bytes":1301235,"files":32},"fixtureInput":{"bytes":135858,"files":2},"observerTools":{"bytes":10196904,"files":2},"cache":{"bytes":3146149,"files":280},"temporary":{"bytes":0,"files":0},"runtimeSupport":{"bytes":13880,"files":3},"other":{"bytes":291709,"files":1}},"transientJournalMisses":0,"measurement":"logical-file-bytes-nonatomic","rawPathsPublished":false,"transientTreeRetries":0,"fixedBytes":10624471,"variableBytes":4461264,"copyBytes":0,"combinedBytes":15085735,"rootCapBytes":480386519,"combinedCapBytes":950148567,"copyEntries":0,"workspacePolicy":"fixed-plus-variable-v1"}
[current-observation] {"pid":56082,"startIdentity":"macos:1791132420:500881","sampledAt":1791132455208,"phaseAt":35916.72175,"rssBytes":1673134080,"threadCount":40,"fdCount":29,"mutationCount":86,"typeCounts":{"segment_finalized":0,"event_link_created":0,"observation_put":0,"observation_v2_put":0,"deletion_requested":0,"deletion_completed":0,"corruption_detected":0,"recording_order_reserved":30,"segment_v2_finalized":0,"segment_v2_bound_finalized":28,"consumer_reference_put":0,"derived_reference_accepted":0,"referenced_observation_put":0,"derived_job_intent":0,"derived_job_files":0,"derived_job_ready":0,"derived_job_committed":0,"derived_job_complete":0,"derived_job_failed":0,"segment_v2_state":14,"segment_v2_deleted":14},"identityBytes":15209,"combinedLogicalIds":200,"combinedLogicalBytes":31874,"rotations":0,"partialBytes":0,"progress":{"elapsedMs":30003.485374999997,"channels":{"9101":{"finalized":14,"deleted":7,"lastAt":35916.72175,"order":"27","store":"ce368beec159ca6ab43d21ec27b261577dcf7041bc6de3f0710931f37bfbd2f3","knownMappings":10,"unknownMappings":546},"9201":{"finalized":14,"deleted":7,"lastAt":35916.72175,"order":"28","store":"ce368beec159ca6ab43d21ec27b261577dcf7041bc6de3f0710931f37bfbd2f3","knownMappings":7,"unknownMappings":582}},"records":28,"logicalBytes":16665},"resourceTrendPass":false}
[sample-timing] {"sampleIndex":7,"metricsMs":1.8462090000030003,"drainMs":123.56025000000227,"storageMs":1.4591250000012224,"totalMs":126.91712499999994}
[pass] LP26-O04 sample coverage
[pass] LP26-O05 both channels retained and progressed
[request-budget] {"elapsedMs":1}
[http-timing] {"method":"GET","routeClass":"source","status":200,"headerElapsedMs":1,"bodyElapsedMs":0,"totalElapsedMs":1,"bytes":3373,"phase":"complete","outcome":"ok"}
[request-budget] {"elapsedMs":1}
[http-timing] {"method":"PUT","routeClass":"source-item","status":200,"headerElapsedMs":9,"bodyElapsedMs":0,"totalElapsedMs":9,"bytes":438,"phase":"complete","outcome":"ok"}
[pass] LP26-O05 setting 9101 false
[request-budget] {"elapsedMs":1}
[http-timing] {"method":"PUT","routeClass":"source-item","status":200,"headerElapsedMs":11,"bodyElapsedMs":0,"totalElapsedMs":11,"bytes":438,"phase":"complete","outcome":"ok"}
[pass] LP26-O05 setting 9201 false
[process-cleanup] {"schema":"recording-process-cleanup-v1","attemptCount":1,"pid":56082,"exitCode":0,"signalCode":null,"exitedObserved":true,"stopCode":"complete","forcedTermination":"not-used","normalExitPass":true,"normalShutdownPass":true,"archiveSafe":true,"ports":[{"kind":"http","port":52423,"status":"pass","code":"closed","closed":true},{"kind":"rtsp","port":52424,"status":"pass","code":"closed","closed":true}]}
[pass] LP26-O03 deleted media absent
[pass] LP26-O03 deleted media absent
[pass] LP26-O02 closed journal no partial tail
[workspace-copy-monitor] {"failure":null,"samples":6,"intervalMs":100,"maxGapMs":102.55924999999843,"elapsedMs":520.5829169999997,"peak":{"totalBytes":15104855,"capBytes":480386519,"capExceeded":false,"entries":337,"categories":{"input":{"bytes":135858,"files":2},"media":{"bytes":489754,"files":16},"mediaPartial":{"bytes":0,"files":0},"journal":{"bytes":363261,"files":2},"checkpoint":{"bytes":0,"files":0},"generationSnapshot":{"bytes":267,"files":1},"generationIdentity":{"bytes":160,"files":1},"generationEvidence":{"bytes":0,"files":0},"generationManifest":{"bytes":391,"files":1},"generationTransaction":{"bytes":0,"files":0},"sqlite":{"bytes":352256,"files":1},"wal":{"bytes":0,"files":0},"sqliteAux":{"bytes":0,"files":0},"tmp":{"bytes":0,"files":0},"log":{"bytes":20413,"files":1},"state":{"bytes":4657,"files":2},"events":{"bytes":0,"files":0},"cache":{"bytes":3146396,"files":280},"tools":{"bytes":10196904,"files":2},"recordingsOther":{"bytes":102829,"files":8},"other":{"bytes":291709,"files":1}},"ownership":{"productRecording":{"bytes":1308918,"files":30},"fixtureInput":{"bytes":135858,"files":2},"observerTools":{"bytes":10196904,"files":2},"cache":{"bytes":3146396,"files":280},"temporary":{"bytes":0,"files":0},"runtimeSupport":{"bytes":25070,"files":3},"other":{"bytes":291709,"files":1}},"transientJournalMisses":0,"measurement":"logical-file-bytes-nonatomic","rawPathsPublished":false,"transientTreeRetries":0,"fixedBytes":10624471,"variableBytes":4480384,"copyBytes":1317638,"combinedBytes":16422493,"rootCapBytes":480386519,"combinedCapBytes":950148567,"copyEntries":38,"workspacePolicy":"fixed-plus-variable-v1"},"continuousEnforcement":false}
[snapshot-process] {"status":0,"signal":null,"errorCode":null,"failureCode":null,"elapsedMs":522,"outputBytes":1738,"lastOpenedPhase":"catalog-destruct","lastCompletedPhase":"destruct","traceStatus":"complete","traceLoss":false,"rawOutputPublished":false}
[snapshot-receipt] {"preserved":true,"bytes":13357,"sha256":"d32252756f7c082fdee90834533a6661a1e8dce56bae9c040a9a87e22bb96d51","rawPathsPublished":false}
[pass] LP26-O05 stopped copy native catalog recovery
[pass] LP26-O05 native surviving and deleted states
[pass] LP26-O05 original journal bytes unchanged
[copy-cleanup] {"root":"/private/var/folders/k0/qhmr6zdx11q0_41wfx4dsd200000gn/T/media-server-current-observer-copy-6wC1hq","bytes":1308918,"copied":true,"absent":true,"reason":null,"receiptPreserved":true,"originalUnchanged":true,"manifestUnchanged":true,"groupClosed":true}
[pass] LP26-O05 recovery copy cleanup
[request-budget] {"elapsedMs":1}
[http-timing] {"method":"GET","routeClass":"health","status":null,"headerElapsedMs":null,"bodyElapsedMs":null,"totalElapsedMs":0,"bytes":0,"phase":"header","outcome":"error"}
[request-budget] {"elapsedMs":1}
[http-timing] {"method":"GET","routeClass":"health","status":null,"headerElapsedMs":null,"bodyElapsedMs":null,"totalElapsedMs":0,"bytes":0,"phase":"header","outcome":"error"}
[request-budget] {"elapsedMs":2}
[http-timing] {"method":"GET","routeClass":"health","status":null,"headerElapsedMs":null,"bodyElapsedMs":null,"totalElapsedMs":0,"bytes":0,"phase":"header","outcome":"error"}
[request-budget] {"elapsedMs":1}
[http-timing] {"method":"GET","routeClass":"health","status":null,"headerElapsedMs":null,"bodyElapsedMs":null,"totalElapsedMs":0,"bytes":0,"phase":"header","outcome":"error"}
[request-budget] {"elapsedMs":1}
[http-timing] {"method":"GET","routeClass":"health","status":null,"headerElapsedMs":null,"bodyElapsedMs":null,"totalElapsedMs":0,"bytes":0,"phase":"header","outcome":"error"}
[request-budget] {"elapsedMs":2}
[http-timing] {"method":"GET","routeClass":"health","status":null,"headerElapsedMs":null,"bodyElapsedMs":null,"totalElapsedMs":0,"bytes":0,"phase":"header","outcome":"error"}
[request-budget] {"elapsedMs":1}
[http-timing] {"method":"GET","routeClass":"health","status":null,"headerElapsedMs":null,"bodyElapsedMs":null,"totalElapsedMs":0,"bytes":0,"phase":"header","outcome":"error"}
[request-budget] {"elapsedMs":1}
[http-timing] {"method":"GET","routeClass":"health","status":null,"headerElapsedMs":null,"bodyElapsedMs":null,"totalElapsedMs":0,"bytes":0,"phase":"header","outcome":"error"}
[request-budget] {"elapsedMs":1}
[http-timing] {"method":"GET","routeClass":"health","status":null,"headerElapsedMs":null,"bodyElapsedMs":null,"totalElapsedMs":0,"bytes":0,"phase":"header","outcome":"error"}
[request-budget] {"elapsedMs":1}
[http-timing] {"method":"GET","routeClass":"health","status":null,"headerElapsedMs":null,"bodyElapsedMs":null,"totalElapsedMs":0,"bytes":0,"phase":"header","outcome":"error"}
[request-budget] {"elapsedMs":1}
[http-timing] {"method":"GET","routeClass":"health","status":null,"headerElapsedMs":null,"bodyElapsedMs":null,"totalElapsedMs":0,"bytes":0,"phase":"header","outcome":"error"}
[request-budget] {"elapsedMs":1}
[http-timing] {"method":"GET","routeClass":"health","status":null,"headerElapsedMs":null,"bodyElapsedMs":null,"totalElapsedMs":0,"bytes":0,"phase":"header","outcome":"error"}
[request-budget] {"elapsedMs":1}
[http-timing] {"method":"GET","routeClass":"health","status":null,"headerElapsedMs":null,"bodyElapsedMs":null,"totalElapsedMs":0,"bytes":0,"phase":"header","outcome":"error"}
[request-budget] {"elapsedMs":1}
[http-timing] {"method":"GET","routeClass":"health","status":null,"headerElapsedMs":null,"bodyElapsedMs":null,"totalElapsedMs":0,"bytes":0,"phase":"header","outcome":"error"}
[request-budget] {"elapsedMs":1}
[http-timing] {"method":"GET","routeClass":"health","status":null,"headerElapsedMs":null,"bodyElapsedMs":null,"totalElapsedMs":0,"bytes":0,"phase":"header","outcome":"error"}
[request-budget] {"elapsedMs":1}
[http-timing] {"method":"GET","routeClass":"health","status":null,"headerElapsedMs":null,"bodyElapsedMs":null,"totalElapsedMs":0,"bytes":0,"phase":"header","outcome":"error"}
[request-budget] {"elapsedMs":1}
[http-timing] {"method":"GET","routeClass":"health","status":null,"headerElapsedMs":null,"bodyElapsedMs":null,"totalElapsedMs":0,"bytes":0,"phase":"header","outcome":"error"}
[request-budget] {"elapsedMs":1}
[http-timing] {"method":"GET","routeClass":"health","status":null,"headerElapsedMs":null,"bodyElapsedMs":null,"totalElapsedMs":0,"bytes":0,"phase":"header","outcome":"error"}
[request-budget] {"elapsedMs":1}
[http-timing] {"method":"GET","routeClass":"health","status":null,"headerElapsedMs":null,"bodyElapsedMs":null,"totalElapsedMs":1,"bytes":0,"phase":"header","outcome":"error"}
[request-budget] {"elapsedMs":1}
[http-timing] {"method":"GET","routeClass":"health","status":null,"headerElapsedMs":null,"bodyElapsedMs":null,"totalElapsedMs":0,"bytes":0,"phase":"header","outcome":"error"}
[request-budget] {"elapsedMs":1}
[http-timing] {"method":"GET","routeClass":"health","status":null,"headerElapsedMs":null,"bodyElapsedMs":null,"totalElapsedMs":1,"bytes":0,"phase":"header","outcome":"error"}
[request-budget] {"elapsedMs":1}
[http-timing] {"method":"GET","routeClass":"health","status":null,"headerElapsedMs":null,"bodyElapsedMs":null,"totalElapsedMs":0,"bytes":0,"phase":"header","outcome":"error"}
[request-budget] {"elapsedMs":1}
[http-timing] {"method":"GET","routeClass":"health","status":null,"headerElapsedMs":null,"bodyElapsedMs":null,"totalElapsedMs":0,"bytes":0,"phase":"header","outcome":"error"}
[request-budget] {"elapsedMs":1}
[http-timing] {"method":"GET","routeClass":"health","status":null,"headerElapsedMs":null,"bodyElapsedMs":null,"totalElapsedMs":1,"bytes":0,"phase":"header","outcome":"error"}
[request-budget] {"elapsedMs":1}
[http-timing] {"method":"GET","routeClass":"health","status":null,"headerElapsedMs":null,"bodyElapsedMs":null,"totalElapsedMs":0,"bytes":0,"phase":"header","outcome":"error"}
[request-budget] {"elapsedMs":1}
[http-timing] {"method":"GET","routeClass":"health","status":null,"headerElapsedMs":null,"bodyElapsedMs":null,"totalElapsedMs":1,"bytes":0,"phase":"header","outcome":"error"}
[request-budget] {"elapsedMs":1}
[http-timing] {"method":"GET","routeClass":"health","status":null,"headerElapsedMs":null,"bodyElapsedMs":null,"totalElapsedMs":1,"bytes":0,"phase":"header","outcome":"error"}
[request-budget] {"elapsedMs":1}
[http-timing] {"method":"GET","routeClass":"health","status":null,"headerElapsedMs":null,"bodyElapsedMs":null,"totalElapsedMs":0,"bytes":0,"phase":"header","outcome":"error"}
[request-budget] {"elapsedMs":1}
[http-timing] {"method":"GET","routeClass":"health","status":null,"headerElapsedMs":null,"bodyElapsedMs":null,"totalElapsedMs":0,"bytes":0,"phase":"header","outcome":"error"}
[request-budget] {"elapsedMs":1}
[http-timing] {"method":"GET","routeClass":"health","status":null,"headerElapsedMs":null,"bodyElapsedMs":null,"totalElapsedMs":1,"bytes":0,"phase":"header","outcome":"error"}
[request-budget] {"elapsedMs":1}
[http-timing] {"method":"GET","routeClass":"health","status":null,"headerElapsedMs":null,"bodyElapsedMs":null,"totalElapsedMs":0,"bytes":0,"phase":"header","outcome":"error"}
[request-budget] {"elapsedMs":1}
[http-timing] {"method":"GET","routeClass":"health","status":null,"headerElapsedMs":null,"bodyElapsedMs":null,"totalElapsedMs":0,"bytes":0,"phase":"header","outcome":"error"}
[request-budget] {"elapsedMs":1}
[http-timing] {"method":"GET","routeClass":"health","status":null,"headerElapsedMs":null,"bodyElapsedMs":null,"totalElapsedMs":0,"bytes":0,"phase":"header","outcome":"error"}
[request-budget] {"elapsedMs":2}
[http-timing] {"method":"GET","routeClass":"health","status":null,"headerElapsedMs":null,"bodyElapsedMs":null,"totalElapsedMs":1,"bytes":0,"phase":"header","outcome":"error"}
[request-budget] {"elapsedMs":1}
[http-timing] {"method":"GET","routeClass":"health","status":null,"headerElapsedMs":null,"bodyElapsedMs":null,"totalElapsedMs":0,"bytes":0,"phase":"header","outcome":"error"}
[request-budget] {"elapsedMs":1}
[http-timing] {"method":"GET","routeClass":"health","status":null,"headerElapsedMs":null,"bodyElapsedMs":null,"totalElapsedMs":1,"bytes":0,"phase":"header","outcome":"error"}
[request-budget] {"elapsedMs":1}
[http-timing] {"method":"GET","routeClass":"health","status":null,"headerElapsedMs":null,"bodyElapsedMs":null,"totalElapsedMs":0,"bytes":0,"phase":"header","outcome":"error"}
[request-budget] {"elapsedMs":1}
[http-timing] {"method":"GET","routeClass":"health","status":null,"headerElapsedMs":null,"bodyElapsedMs":null,"totalElapsedMs":1,"bytes":0,"phase":"header","outcome":"error"}
[request-budget] {"elapsedMs":1}
[http-timing] {"method":"GET","routeClass":"health","status":200,"headerElapsedMs":1,"bodyElapsedMs":0,"totalElapsedMs":1,"bytes":15,"phase":"complete","outcome":"ok"}
[request-budget] {"elapsedMs":1}
[http-timing] {"method":"GET","routeClass":"ice","status":200,"headerElapsedMs":1,"bodyElapsedMs":0,"totalElapsedMs":1,"bytes":222,"phase":"complete","outcome":"ok"}
[pass] LP26-O05 isolated server healthy
[request-budget] {"elapsedMs":2}
[http-timing] {"method":"GET","routeClass":"recording-status","status":200,"headerElapsedMs":58,"bodyElapsedMs":0,"totalElapsedMs":59,"bytes":1612,"phase":"complete","outcome":"ok"}
[status-usage] {"channelId":"9101","aliveBytes":"244877","historicalBytes":"520085","deleted":8,"apiContinuousBytes":244877,"apiEventBytes":0,"physicalFilesChecked":true}
[pass] LP26-O11 independent status usage 9101
[status-usage] {"channelId":"9201","aliveBytes":"244877","historicalBytes":"520085","deleted":8,"apiContinuousBytes":244877,"apiEventBytes":0,"physicalFilesChecked":true}
[pass] LP26-O11 independent status usage 9201
[channel-observation] {"expectedIds":["1","2","3","4","5","9101","9201"],"channels":[{"id":"1","enabled":false,"active":false},{"id":"2","enabled":false,"active":false},{"id":"3","enabled":false,"active":false},{"id":"4","enabled":false,"active":false},{"id":"5","enabled":false,"active":false},{"id":"9101","enabled":false,"active":false},{"id":"9201","enabled":false,"active":false}]}
[pass] LP26-O05 disabled restart
[pass] V440 saved detail remains readable
[pass] V440 immutable manifest
[pass] V440 preserved PNG bytes
[saved-evidence-sources] {"atMs":1791132461559,"id":"ep-016603cbf323ce54b7a4dc870be7ef5d21641f4f9712150ec02ffecc14db79f6","afterRestart":true,"currentSources":[{"kind":"recording","id":"58a63822-e1c7-43f4-8bb1-c52298bc1d22","state":"deleted"}]}
[pass] V440 saved detail remains readable
[pass] V440 immutable manifest
[pass] V440 preserved PNG bytes
[saved-evidence-sources] {"atMs":1791132461562,"id":"ep-e1d3e2b9aa82fb16271fae43c0c12db20426d355cc3942e5a1c3b62c5aeac79f","afterRestart":true,"currentSources":[{"kind":"recording","id":"bff3ed1e-8869-49fa-8cc3-f44a3c6836d8","state":"deleted"}]}
[pass] V440 original actually deleted before restart readback
[process-cleanup] {"schema":"recording-process-cleanup-v1","attemptCount":1,"pid":56623,"exitCode":0,"signalCode":null,"exitedObserved":true,"stopCode":"complete","forcedTermination":"not-used","normalExitPass":true,"normalShutdownPass":true,"archiveSafe":true,"ports":[{"kind":"http","port":52621,"status":"pass","code":"closed","closed":true},{"kind":"rtsp","port":52622,"status":"pass","code":"closed","closed":true}]}
[workspace-copy-monitor] {"failure":null,"samples":6,"intervalMs":100,"maxGapMs":102.51249999999709,"elapsedMs":519.8597919999957,"peak":{"totalBytes":15107196,"capBytes":480386519,"capExceeded":false,"entries":338,"categories":{"input":{"bytes":135858,"files":2},"media":{"bytes":489754,"files":16},"mediaPartial":{"bytes":0,"files":0},"journal":{"bytes":363261,"files":2},"checkpoint":{"bytes":0,"files":0},"generationSnapshot":{"bytes":267,"files":1},"generationIdentity":{"bytes":160,"files":1},"generationEvidence":{"bytes":0,"files":0},"generationManifest":{"bytes":391,"files":1},"generationTransaction":{"bytes":0,"files":0},"sqlite":{"bytes":352256,"files":1},"wal":{"bytes":0,"files":0},"sqliteAux":{"bytes":0,"files":0},"tmp":{"bytes":0,"files":0},"log":{"bytes":22754,"files":2},"state":{"bytes":4657,"files":2},"events":{"bytes":0,"files":0},"cache":{"bytes":3146396,"files":280},"tools":{"bytes":10196904,"files":2},"recordingsOther":{"bytes":102829,"files":8},"other":{"bytes":291709,"files":1}},"ownership":{"productRecording":{"bytes":1308918,"files":30},"fixtureInput":{"bytes":135858,"files":2},"observerTools":{"bytes":10196904,"files":2},"cache":{"bytes":3146396,"files":280},"temporary":{"bytes":0,"files":0},"runtimeSupport":{"bytes":27411,"files":4},"other":{"bytes":291709,"files":1}},"transientJournalMisses":0,"measurement":"logical-file-bytes-nonatomic","rawPathsPublished":false,"transientTreeRetries":0,"fixedBytes":10624471,"variableBytes":4482725,"copyBytes":1308918,"combinedBytes":16416114,"rootCapBytes":480386519,"combinedCapBytes":950148567,"copyEntries":37,"workspacePolicy":"fixed-plus-variable-v1"},"continuousEnforcement":false}
[snapshot-process] {"status":0,"signal":null,"errorCode":null,"failureCode":null,"elapsedMs":523,"outputBytes":1738,"lastOpenedPhase":"catalog-destruct","lastCompletedPhase":"destruct","traceStatus":"complete","traceLoss":false,"rawOutputPublished":false}
[snapshot-receipt] {"preserved":true,"bytes":13357,"sha256":"46ae46e0df38f0874d8e7837b80a61f242308b6e301dbb33f83acdf1d2f68e3f","rawPathsPublished":false}
[pass] LP26-O05 stopped copy native catalog recovery
[pass] LP26-O05 native surviving and deleted states
[pass] LP26-O05 original journal bytes unchanged
[copy-cleanup] {"root":"/private/var/folders/k0/qhmr6zdx11q0_41wfx4dsd200000gn/T/media-server-current-observer-copy-nYbXNs","bytes":1308918,"copied":true,"absent":true,"reason":null,"receiptPreserved":true,"originalUnchanged":true,"manifestUnchanged":true,"groupClosed":true}
[pass] LP26-O05 recovery copy cleanup
[pass] LP26-O05 restart exact catalog media state
[request-budget] {"elapsedMs":1}
[http-timing] {"method":"GET","routeClass":"health","status":null,"headerElapsedMs":null,"bodyElapsedMs":null,"totalElapsedMs":1,"bytes":0,"phase":"header","outcome":"error"}
[request-budget] {"elapsedMs":1}
[http-timing] {"method":"GET","routeClass":"health","status":null,"headerElapsedMs":null,"bodyElapsedMs":null,"totalElapsedMs":0,"bytes":0,"phase":"header","outcome":"error"}
[request-budget] {"elapsedMs":1}
[http-timing] {"method":"GET","routeClass":"health","status":null,"headerElapsedMs":null,"bodyElapsedMs":null,"totalElapsedMs":0,"bytes":0,"phase":"header","outcome":"error"}
[request-budget] {"elapsedMs":1}
[http-timing] {"method":"GET","routeClass":"health","status":null,"headerElapsedMs":null,"bodyElapsedMs":null,"totalElapsedMs":0,"bytes":0,"phase":"header","outcome":"error"}
[request-budget] {"elapsedMs":1}
[http-timing] {"method":"GET","routeClass":"health","status":null,"headerElapsedMs":null,"bodyElapsedMs":null,"totalElapsedMs":0,"bytes":0,"phase":"header","outcome":"error"}
[request-budget] {"elapsedMs":1}
[http-timing] {"method":"GET","routeClass":"health","status":null,"headerElapsedMs":null,"bodyElapsedMs":null,"totalElapsedMs":0,"bytes":0,"phase":"header","outcome":"error"}
[request-budget] {"elapsedMs":1}
[http-timing] {"method":"GET","routeClass":"health","status":null,"headerElapsedMs":null,"bodyElapsedMs":null,"totalElapsedMs":0,"bytes":0,"phase":"header","outcome":"error"}
[request-budget] {"elapsedMs":1}
[http-timing] {"method":"GET","routeClass":"health","status":null,"headerElapsedMs":null,"bodyElapsedMs":null,"totalElapsedMs":0,"bytes":0,"phase":"header","outcome":"error"}
[request-budget] {"elapsedMs":1}
[http-timing] {"method":"GET","routeClass":"health","status":null,"headerElapsedMs":null,"bodyElapsedMs":null,"totalElapsedMs":1,"bytes":0,"phase":"header","outcome":"error"}
[request-budget] {"elapsedMs":1}
[http-timing] {"method":"GET","routeClass":"health","status":null,"headerElapsedMs":null,"bodyElapsedMs":null,"totalElapsedMs":0,"bytes":0,"phase":"header","outcome":"error"}
[request-budget] {"elapsedMs":1}
[http-timing] {"method":"GET","routeClass":"health","status":null,"headerElapsedMs":null,"bodyElapsedMs":null,"totalElapsedMs":0,"bytes":0,"phase":"header","outcome":"error"}
[request-budget] {"elapsedMs":1}
[http-timing] {"method":"GET","routeClass":"health","status":null,"headerElapsedMs":null,"bodyElapsedMs":null,"totalElapsedMs":0,"bytes":0,"phase":"header","outcome":"error"}
[request-budget] {"elapsedMs":1}
[http-timing] {"method":"GET","routeClass":"health","status":null,"headerElapsedMs":null,"bodyElapsedMs":null,"totalElapsedMs":1,"bytes":0,"phase":"header","outcome":"error"}
[request-budget] {"elapsedMs":1}
[http-timing] {"method":"GET","routeClass":"health","status":null,"headerElapsedMs":null,"bodyElapsedMs":null,"totalElapsedMs":1,"bytes":0,"phase":"header","outcome":"error"}
[request-budget] {"elapsedMs":1}
[http-timing] {"method":"GET","routeClass":"health","status":null,"headerElapsedMs":null,"bodyElapsedMs":null,"totalElapsedMs":1,"bytes":0,"phase":"header","outcome":"error"}
[request-budget] {"elapsedMs":1}
[http-timing] {"method":"GET","routeClass":"health","status":null,"headerElapsedMs":null,"bodyElapsedMs":null,"totalElapsedMs":0,"bytes":0,"phase":"header","outcome":"error"}
[request-budget] {"elapsedMs":1}
[http-timing] {"method":"GET","routeClass":"health","status":null,"headerElapsedMs":null,"bodyElapsedMs":null,"totalElapsedMs":0,"bytes":0,"phase":"header","outcome":"error"}
[request-budget] {"elapsedMs":1}
[http-timing] {"method":"GET","routeClass":"health","status":null,"headerElapsedMs":null,"bodyElapsedMs":null,"totalElapsedMs":0,"bytes":0,"phase":"header","outcome":"error"}
[request-budget] {"elapsedMs":1}
[http-timing] {"method":"GET","routeClass":"health","status":null,"headerElapsedMs":null,"bodyElapsedMs":null,"totalElapsedMs":0,"bytes":0,"phase":"header","outcome":"error"}
[request-budget] {"elapsedMs":1}
[http-timing] {"method":"GET","routeClass":"health","status":null,"headerElapsedMs":null,"bodyElapsedMs":null,"totalElapsedMs":0,"bytes":0,"phase":"header","outcome":"error"}
[request-budget] {"elapsedMs":1}
[http-timing] {"method":"GET","routeClass":"health","status":null,"headerElapsedMs":null,"bodyElapsedMs":null,"totalElapsedMs":1,"bytes":0,"phase":"header","outcome":"error"}
[request-budget] {"elapsedMs":1}
[http-timing] {"method":"GET","routeClass":"health","status":null,"headerElapsedMs":null,"bodyElapsedMs":null,"totalElapsedMs":0,"bytes":0,"phase":"header","outcome":"error"}
[request-budget] {"elapsedMs":1}
[http-timing] {"method":"GET","routeClass":"health","status":null,"headerElapsedMs":null,"bodyElapsedMs":null,"totalElapsedMs":1,"bytes":0,"phase":"header","outcome":"error"}
[request-budget] {"elapsedMs":1}
[http-timing] {"method":"GET","routeClass":"health","status":null,"headerElapsedMs":null,"bodyElapsedMs":null,"totalElapsedMs":0,"bytes":0,"phase":"header","outcome":"error"}
[request-budget] {"elapsedMs":1}
[http-timing] {"method":"GET","routeClass":"health","status":null,"headerElapsedMs":null,"bodyElapsedMs":null,"totalElapsedMs":1,"bytes":0,"phase":"header","outcome":"error"}
[request-budget] {"elapsedMs":1}
[http-timing] {"method":"GET","routeClass":"health","status":null,"headerElapsedMs":null,"bodyElapsedMs":null,"totalElapsedMs":0,"bytes":0,"phase":"header","outcome":"error"}
[request-budget] {"elapsedMs":1}
[http-timing] {"method":"GET","routeClass":"health","status":null,"headerElapsedMs":null,"bodyElapsedMs":null,"totalElapsedMs":0,"bytes":0,"phase":"header","outcome":"error"}
[request-budget] {"elapsedMs":1}
[http-timing] {"method":"GET","routeClass":"health","status":null,"headerElapsedMs":null,"bodyElapsedMs":null,"totalElapsedMs":0,"bytes":0,"phase":"header","outcome":"error"}
[request-budget] {"elapsedMs":2}
[http-timing] {"method":"GET","routeClass":"health","status":null,"headerElapsedMs":null,"bodyElapsedMs":null,"totalElapsedMs":1,"bytes":0,"phase":"header","outcome":"error"}
[request-budget] {"elapsedMs":1}
[http-timing] {"method":"GET","routeClass":"health","status":null,"headerElapsedMs":null,"bodyElapsedMs":null,"totalElapsedMs":0,"bytes":0,"phase":"header","outcome":"error"}
[request-budget] {"elapsedMs":1}
[http-timing] {"method":"GET","routeClass":"health","status":null,"headerElapsedMs":null,"bodyElapsedMs":null,"totalElapsedMs":0,"bytes":0,"phase":"header","outcome":"error"}
[request-budget] {"elapsedMs":1}
[http-timing] {"method":"GET","routeClass":"health","status":null,"headerElapsedMs":null,"bodyElapsedMs":null,"totalElapsedMs":0,"bytes":0,"phase":"header","outcome":"error"}
[request-budget] {"elapsedMs":1}
[http-timing] {"method":"GET","routeClass":"health","status":null,"headerElapsedMs":null,"bodyElapsedMs":null,"totalElapsedMs":0,"bytes":0,"phase":"header","outcome":"error"}
[request-budget] {"elapsedMs":1}
[http-timing] {"method":"GET","routeClass":"health","status":null,"headerElapsedMs":null,"bodyElapsedMs":null,"totalElapsedMs":0,"bytes":0,"phase":"header","outcome":"error"}
[request-budget] {"elapsedMs":1}
[http-timing] {"method":"GET","routeClass":"health","status":null,"headerElapsedMs":null,"bodyElapsedMs":null,"totalElapsedMs":0,"bytes":0,"phase":"header","outcome":"error"}
[request-budget] {"elapsedMs":1}
[http-timing] {"method":"GET","routeClass":"health","status":null,"headerElapsedMs":null,"bodyElapsedMs":null,"totalElapsedMs":0,"bytes":0,"phase":"header","outcome":"error"}
[request-budget] {"elapsedMs":1}
[http-timing] {"method":"GET","routeClass":"health","status":null,"headerElapsedMs":null,"bodyElapsedMs":null,"totalElapsedMs":1,"bytes":0,"phase":"header","outcome":"error"}
[request-budget] {"elapsedMs":1}
[http-timing] {"method":"GET","routeClass":"health","status":null,"headerElapsedMs":null,"bodyElapsedMs":null,"totalElapsedMs":0,"bytes":0,"phase":"header","outcome":"error"}
[request-budget] {"elapsedMs":1}
[http-timing] {"method":"GET","routeClass":"health","status":200,"headerElapsedMs":1,"bodyElapsedMs":0,"totalElapsedMs":1,"bytes":15,"phase":"complete","outcome":"ok"}
[request-budget] {"elapsedMs":1}
[http-timing] {"method":"GET","routeClass":"ice","status":200,"headerElapsedMs":0,"bodyElapsedMs":0,"totalElapsedMs":0,"bytes":222,"phase":"complete","outcome":"ok"}
[pass] LP26-O05 isolated server healthy
[request-budget] {"elapsedMs":1}
[http-timing] {"method":"GET","routeClass":"source","status":200,"headerElapsedMs":0,"bodyElapsedMs":0,"totalElapsedMs":0,"bytes":3377,"phase":"complete","outcome":"ok"}
[request-budget] {"elapsedMs":1}
[http-timing] {"method":"PUT","routeClass":"source-item","status":200,"headerElapsedMs":67,"bodyElapsedMs":0,"totalElapsedMs":67,"bytes":437,"phase":"complete","outcome":"ok"}
[pass] LP26-O05 setting 9101 true
[request-budget] {"elapsedMs":2}
[http-timing] {"method":"PUT","routeClass":"source-item","status":200,"headerElapsedMs":10,"bodyElapsedMs":0,"totalElapsedMs":10,"bytes":437,"phase":"complete","outcome":"ok"}
[pass] LP26-O05 setting 9201 true
[pass] LP26-O05 reenabled recording after restart
[process-cleanup] {"schema":"recording-process-cleanup-v1","attemptCount":1,"pid":56680,"exitCode":0,"signalCode":null,"exitedObserved":true,"stopCode":"complete","forcedTermination":"not-used","normalExitPass":true,"normalShutdownPass":true,"archiveSafe":true,"ports":[{"kind":"http","port":52670,"status":"pass","code":"closed","closed":true},{"kind":"rtsp","port":52671,"status":"pass","code":"closed","closed":true}]}
[pass] LP26-O02 final restart closed journal no partial tail
[workspace-copy-monitor] {"failure":null,"samples":6,"intervalMs":100,"maxGapMs":102.79608300000109,"elapsedMs":509.5604579999999,"peak":{"totalBytes":15263148,"capBytes":480386519,"capExceeded":false,"entries":343,"categories":{"input":{"bytes":135858,"files":2},"media":{"bytes":589908,"files":20},"mediaPartial":{"bytes":0,"files":0},"journal":{"bytes":396490,"files":2},"checkpoint":{"bytes":0,"files":0},"generationSnapshot":{"bytes":267,"files":1},"generationIdentity":{"bytes":160,"files":1},"generationEvidence":{"bytes":0,"files":0},"generationManifest":{"bytes":391,"files":1},"generationTransaction":{"bytes":0,"files":0},"sqlite":{"bytes":364544,"files":1},"wal":{"bytes":0,"files":0},"sqliteAux":{"bytes":0,"files":0},"tmp":{"bytes":0,"files":0},"log":{"bytes":26271,"files":3},"state":{"bytes":4655,"files":2},"events":{"bytes":0,"files":0},"cache":{"bytes":3146396,"files":280},"tools":{"bytes":10196904,"files":2},"recordingsOther":{"bytes":109595,"files":8},"other":{"bytes":291709,"files":1}},"ownership":{"productRecording":{"bytes":1461355,"files":34},"fixtureInput":{"bytes":135858,"files":2},"observerTools":{"bytes":10196904,"files":2},"cache":{"bytes":3146396,"files":280},"temporary":{"bytes":0,"files":0},"runtimeSupport":{"bytes":30926,"files":5},"other":{"bytes":291709,"files":1}},"transientJournalMisses":0,"measurement":"logical-file-bytes-nonatomic","rawPathsPublished":false,"transientTreeRetries":0,"fixedBytes":10624471,"variableBytes":4638677,"copyBytes":1461355,"combinedBytes":16724503,"rootCapBytes":480386519,"combinedCapBytes":950148567,"copyEntries":41,"workspacePolicy":"fixed-plus-variable-v1"},"continuousEnforcement":false}
[snapshot-process] {"status":0,"signal":null,"errorCode":null,"failureCode":null,"elapsedMs":512,"outputBytes":1737,"lastOpenedPhase":"catalog-destruct","lastCompletedPhase":"destruct","traceStatus":"complete","traceLoss":false,"rawOutputPublished":false}
[snapshot-receipt] {"preserved":true,"bytes":14734,"sha256":"b9cc6e09fc6f7340c3c16931a7dd5162b902ccb06e9cd77da004473756d18f65","rawPathsPublished":false}
[pass] LP26-O05 stopped copy native catalog recovery
[pass] LP26-O05 native surviving and deleted states
[pass] LP26-O05 original journal bytes unchanged
[copy-cleanup] {"root":"/private/var/folders/k0/qhmr6zdx11q0_41wfx4dsd200000gn/T/media-server-current-observer-copy-9nrvj3","bytes":1461355,"copied":true,"absent":true,"reason":null,"receiptPreserved":true,"originalUnchanged":true,"manifestUnchanged":true,"groupClosed":true}
[pass] LP26-O05 recovery copy cleanup
[root-storage] {"reason":"final-live","final":true,"elapsedMs":52175,"journalMutationTypes":{"segment_finalized":0,"event_link_created":0,"observation_put":0,"observation_v2_put":0,"deletion_requested":0,"deletion_completed":0,"corruption_detected":0,"recording_order_reserved":36,"segment_v2_finalized":0,"segment_v2_bound_finalized":36,"consumer_reference_put":0,"derived_reference_accepted":0,"referenced_observation_put":0,"derived_job_intent":0,"derived_job_files":0,"derived_job_ready":0,"derived_job_committed":0,"derived_job_complete":0,"derived_job_failed":0,"segment_v2_state":16,"segment_v2_deleted":16},"journalMutationTypesCoverage":"drained-prefix-only; unread-or-partial-tail-excluded","totalBytes":15263148,"capBytes":480386519,"capExceeded":false,"entries":343,"categories":{"input":{"bytes":135858,"files":2},"media":{"bytes":589908,"files":20},"mediaPartial":{"bytes":0,"files":0},"journal":{"bytes":396490,"files":2},"checkpoint":{"bytes":0,"files":0},"generationSnapshot":{"bytes":267,"files":1},"generationIdentity":{"bytes":160,"files":1},"generationEvidence":{"bytes":0,"files":0},"generationManifest":{"bytes":391,"files":1},"generationTransaction":{"bytes":0,"files":0},"sqlite":{"bytes":364544,"files":1},"wal":{"bytes":0,"files":0},"sqliteAux":{"bytes":0,"files":0},"tmp":{"bytes":0,"files":0},"log":{"bytes":26271,"files":3},"state":{"bytes":4655,"files":2},"events":{"bytes":0,"files":0},"cache":{"bytes":3146396,"files":280},"tools":{"bytes":10196904,"files":2},"recordingsOther":{"bytes":109595,"files":8},"other":{"bytes":291709,"files":1}},"ownership":{"productRecording":{"bytes":1461355,"files":34},"fixtureInput":{"bytes":135858,"files":2},"observerTools":{"bytes":10196904,"files":2},"cache":{"bytes":3146396,"files":280},"temporary":{"bytes":0,"files":0},"runtimeSupport":{"bytes":30926,"files":5},"other":{"bytes":291709,"files":1}},"transientJournalMisses":0,"measurement":"logical-file-bytes-nonatomic","rawPathsPublished":false,"transientTreeRetries":0,"fixedBytes":10624471,"variableBytes":4638677,"copyBytes":0,"combinedBytes":15263148,"rootCapBytes":480386519,"combinedCapBytes":950148567,"copyEntries":0,"workspacePolicy":"fixed-plus-variable-v1"}
[root-storage] {"reason":"post-stop","final":true,"elapsedMs":52181,"journalMutationTypes":{"segment_finalized":0,"event_link_created":0,"observation_put":0,"observation_v2_put":0,"deletion_requested":0,"deletion_completed":0,"corruption_detected":0,"recording_order_reserved":36,"segment_v2_finalized":0,"segment_v2_bound_finalized":36,"consumer_reference_put":0,"derived_reference_accepted":0,"referenced_observation_put":0,"derived_job_intent":0,"derived_job_files":0,"derived_job_ready":0,"derived_job_committed":0,"derived_job_complete":0,"derived_job_failed":0,"segment_v2_state":16,"segment_v2_deleted":16},"journalMutationTypesCoverage":"drained-prefix-only; unread-or-partial-tail-excluded","totalBytes":15263148,"capBytes":480386519,"capExceeded":false,"entries":343,"categories":{"input":{"bytes":135858,"files":2},"media":{"bytes":589908,"files":20},"mediaPartial":{"bytes":0,"files":0},"journal":{"bytes":396490,"files":2},"checkpoint":{"bytes":0,"files":0},"generationSnapshot":{"bytes":267,"files":1},"generationIdentity":{"bytes":160,"files":1},"generationEvidence":{"bytes":0,"files":0},"generationManifest":{"bytes":391,"files":1},"generationTransaction":{"bytes":0,"files":0},"sqlite":{"bytes":364544,"files":1},"wal":{"bytes":0,"files":0},"sqliteAux":{"bytes":0,"files":0},"tmp":{"bytes":0,"files":0},"log":{"bytes":26271,"files":3},"state":{"bytes":4655,"files":2},"events":{"bytes":0,"files":0},"cache":{"bytes":3146396,"files":280},"tools":{"bytes":10196904,"files":2},"recordingsOther":{"bytes":109595,"files":8},"other":{"bytes":291709,"files":1}},"ownership":{"productRecording":{"bytes":1461355,"files":34},"fixtureInput":{"bytes":135858,"files":2},"observerTools":{"bytes":10196904,"files":2},"cache":{"bytes":3146396,"files":280},"temporary":{"bytes":0,"files":0},"runtimeSupport":{"bytes":30926,"files":5},"other":{"bytes":291709,"files":1}},"transientJournalMisses":0,"sqlitePages":{"status":"observed","mainBytes":364544,"walBytes":0,"pageSize":4096,"pageCount":89,"freePageCount":0,"livePageCount":89,"liveBytes":364544,"freeBytes":0},"measurement":"logical-file-bytes-nonatomic","rawPathsPublished":false,"transientTreeRetries":0,"fixedBytes":10624471,"variableBytes":4638677,"copyBytes":0,"combinedBytes":15263148,"rootCapBytes":480386519,"combinedCapBytes":950148567,"copyEntries":0,"workspacePolicy":"fixed-plus-variable-v1"}
[server-diagnostic] {"pid":56082,"bytes":20413,"capturedBytes":20413,"sha256":"66e05151dd03ed884c78f0647e2ee7afa071d13b55d9db47469bb3a88d39e55d","overflow":false,"categories":[{"code":"file evidence unavailable","count":0},{"code":"storageBlocked","count":0},{"code":"shutdown","count":0},{"code":"ERROR","count":0},{"code":"WARNING","count":0}],"rawBodyPublished":false,"privateCaptureDisposition":"eligible-for-wrapper-cleanup"}
[server-slow-diagnostic] {"status":"captured","seen":113,"retained":64,"thresholdNs":10000000,"rows":[{"k":1,"o":7,"s":1,"l":1997,"m":4,"t":5,"r":0,"b":20511905917,"a":20511905917,"e":20523333417,"n":1,"w":0,"h":11427500,"x":0,"y":11427500},{"k":0,"o":1,"s":1,"l":2590,"m":4,"t":5,"r":0,"b":20511293125,"a":20511293167,"e":20523334542,"n":1,"w":42,"h":12041375,"x":42,"y":12041375},{"k":1,"o":7,"s":1,"l":1997,"m":4,"t":6,"r":0,"b":20529915792,"a":20529915792,"e":20541982333,"n":1,"w":0,"h":12066541,"x":0,"y":12066541},{"k":0,"o":1,"s":1,"l":2590,"m":4,"t":6,"r":0,"b":20529263500,"a":20529263542,"e":20541983000,"n":1,"w":42,"h":12719458,"x":42,"y":12719458},{"k":1,"o":7,"s":1,"l":1997,"m":4,"t":6,"r":0,"b":22486964708,"a":22486964708,"e":22499666458,"n":1,"w":0,"h":12701750,"x":0,"y":12701750},{"k":0,"o":1,"s":1,"l":2189,"m":4,"t":6,"r":0,"b":22484909208,"a":22485256750,"e":22499668292,"n":1,"w":347542,"h":14411542,"x":347542,"y":14411542},{"k":0,"o":1,"s":1,"l":642,"m":4,"t":3,"r":0,"b":22485275542,"a":22499678292,"e":22499679292,"n":1,"w":14402750,"h":1000,"x":14402750,"y":1000},{"k":1,"o":7,"s":1,"l":1997,"m":4,"t":5,"r":0,"b":22504064167,"a":22504064167,"e":22516272083,"n":1,"w":0,"h":12207916,"x":0,"y":12207916},{"k":0,"o":1,"s":1,"l":2189,"m":4,"t":5,"r":0,"b":22486918208,"a":22500644042,"e":22516273583,"n":1,"w":13725834,"h":15629541,"x":13725834,"y":15629541},{"k":0,"o":1,"s":1,"l":642,"m":4,"t":3,"r":0,"b":22500759250,"a":22516281083,"e":22516281500,"n":1,"w":15521833,"h":417,"x":15521833,"y":417},{"k":1,"o":7,"s":1,"l":1997,"m":4,"t":6,"r":0,"b":22524369583,"a":22524369583,"e":22535814333,"n":1,"w":0,"h":11444750,"x":0,"y":11444750},{"k":0,"o":1,"s":1,"l":2590,"m":4,"t":6,"r":0,"b":22523721750,"a":22523721792,"e":22535815417,"n":1,"w":42,"h":12093625,"x":42,"y":12093625},{"k":1,"o":7,"s":1,"l":1997,"m":4,"t":5,"r":0,"b":22542974875,"a":22542974875,"e":22556291667,"n":1,"w":0,"h":13316792,"x":0,"y":13316792},{"k":0,"o":1,"s":1,"l":2590,"m":4,"t":5,"r":0,"b":22542212375,"a":22542212458,"e":22556292667,"n":1,"w":83,"h":14080209,"x":83,"y":14080209},{"k":0,"o":1,"s":1,"l":2442,"m":4,"t":2,"r":0,"b":24338340208,"a":24338340292,"e":24366312750,"n":1,"w":84,"h":27972458,"x":84,"y":27972458},{"k":1,"o":7,"s":1,"l":1997,"m":4,"t":6,"r":0,"b":24485124083,"a":24485124083,"e":24496952917,"n":1,"w":0,"h":11828834,"x":0,"y":11828834},{"k":0,"o":1,"s":1,"l":2189,"m":4,"t":6,"r":0,"b":24483420833,"a":24483519750,"e":24496954167,"n":1,"w":98917,"h":13434417,"x":98917,"y":13434417},{"k":1,"o":7,"s":1,"l":1997,"m":4,"t":5,"r":0,"b":24498589667,"a":24498589667,"e":24510055042,"n":1,"w":0,"h":11465375,"x":0,"y":11465375},{"k":0,"o":1,"s":1,"l":2189,"m":4,"t":5,"r":0,"b":24485766708,"a":24496962083,"e":24510056625,"n":1,"w":11195375,"h":13094542,"x":11195375,"y":13094542},{"k":1,"o":7,"s":1,"l":1997,"m":4,"t":6,"r":0,"b":24517040458,"a":24517040458,"e":24529099750,"n":1,"w":0,"h":12059292,"x":0,"y":12059292},{"k":0,"o":1,"s":1,"l":2590,"m":4,"t":6,"r":0,"b":24516361125,"a":24516361167,"e":24529100875,"n":1,"w":42,"h":12739708,"x":42,"y":12739708},{"k":0,"o":1,"s":1,"l":2442,"m":4,"t":2,"r":0,"b":25468295875,"a":25468295958,"e":25479449000,"n":1,"w":83,"h":11153042,"x":83,"y":11153042},{"k":1,"o":7,"s":1,"l":1997,"m":4,"t":6,"r":0,"b":26509563083,"a":26509563083,"e":26528048292,"n":1,"w":0,"h":18485209,"x":0,"y":18485209},{"k":0,"o":1,"s":1,"l":2189,"m":4,"t":6,"r":0,"b":26506353542,"a":26506353958,"e":26528050042,"n":1,"w":416,"h":21696084,"x":416,"y":21696084},{"k":1,"o":7,"s":1,"l":1997,"m":4,"t":5,"r":0,"b":26530489500,"a":26530489500,"e":26545480917,"n":1,"w":0,"h":14991417,"x":0,"y":14991417},{"k":0,"o":1,"s":1,"l":2189,"m":4,"t":5,"r":0,"b":26510975125,"a":26528060125,"e":26545482417,"n":1,"w":17085000,"h":17422292,"x":17085000,"y":17422292},{"k":0,"o":1,"s":1,"l":601,"m":4,"t":6,"r":0,"b":26534310750,"a":26545490083,"e":26545825000,"n":1,"w":11179333,"h":334917,"x":11179333,"y":334917},{"k":1,"o":7,"s":1,"l":1997,"m":4,"t":6,"r":0,"b":26553834458,"a":26553834458,"e":26568714042,"n":1,"w":0,"h":14879584,"x":0,"y":14879584},{"k":0,"o":1,"s":1,"l":2590,"m":4,"t":6,"r":0,"b":26553028375,"a":26553028458,"e":26568715625,"n":1,"w":83,"h":15687167,"x":83,"y":15687167},{"k":0,"o":1,"s":1,"l":2442,"m":4,"t":2,"r":0,"b":27060471958,"a":27060472000,"e":27074004542,"n":1,"w":42,"h":13532542,"x":42,"y":13532542},{"k":0,"o":1,"s":1,"l":2442,"m":4,"t":2,"r":0,"b":27075603292,"a":27075603417,"e":27086387292,"n":1,"w":125,"h":10783875,"x":125,"y":10783875},{"k":1,"o":7,"s":1,"l":1997,"m":4,"t":5,"r":0,"b":28495425000,"a":28495425000,"e":28508967625,"n":1,"w":0,"h":13542625,"x":0,"y":13542625},{"k":0,"o":1,"s":1,"l":2189,"m":4,"t":5,"r":0,"b":28492104375,"a":28493373292,"e":28508969208,"n":1,"w":1268917,"h":15595916,"x":1268917,"y":15595916},{"k":1,"o":7,"s":1,"l":1997,"m":4,"t":6,"r":0,"b":28510659833,"a":28510659833,"e":28522131667,"n":1,"w":0,"h":11471834,"x":0,"y":11471834},{"k":0,"o":1,"s":1,"l":2189,"m":4,"t":6,"r":0,"b":28496184208,"a":28508976958,"e":28522133583,"n":1,"w":12792750,"h":13156625,"x":12792750,"y":13156625},{"k":1,"o":7,"s":1,"l":1997,"m":4,"t":6,"r":0,"b":28543373583,"a":28543373583,"e":28556090083,"n":1,"w":0,"h":12716500,"x":0,"y":12716500},{"k":0,"o":1,"s":1,"l":2590,"m":4,"t":6,"r":0,"b":28542686125,"a":28542686208,"e":28556091458,"n":1,"w":83,"h":13405250,"x":83,"y":13405250},{"k":0,"o":1,"s":1,"l":2442,"m":4,"t":2,"r":0,"b":30249688042,"a":30249688083,"e":30264060667,"n":1,"w":41,"h":14372584,"x":41,"y":14372584},{"k":1,"o":7,"s":1,"l":1997,"m":4,"t":5,"r":0,"b":30504156542,"a":30504156542,"e":30517701708,"n":1,"w":0,"h":13545166,"x":0,"y":13545166},{"k":0,"o":1,"s":1,"l":2189,"m":4,"t":5,"r":0,"b":30502042208,"a":30502042375,"e":30517702875,"n":1,"w":167,"h":15660500,"x":167,"y":15660500},{"k":1,"o":7,"s":1,"l":1997,"m":4,"t":6,"r":0,"b":30519533417,"a":30519533417,"e":30532152208,"n":1,"w":0,"h":12618791,"x":0,"y":12618791},{"k":0,"o":1,"s":1,"l":2189,"m":4,"t":6,"r":0,"b":30503895250,"a":30517709333,"e":30532153375,"n":1,"w":13814083,"h":14444042,"x":13814083,"y":14444042},{"k":0,"o":1,"s":1,"l":2590,"m":4,"t":5,"r":0,"b":30538546167,"a":30538546208,"e":30548944875,"n":1,"w":41,"h":10398667,"x":41,"y":10398667},{"k":0,"o":1,"s":1,"l":2442,"m":4,"t":2,"r":0,"b":31375873667,"a":31375873750,"e":31389669042,"n":1,"w":83,"h":13795292,"x":83,"y":13795292},{"k":0,"o":1,"s":1,"l":2442,"m":4,"t":2,"r":0,"b":31391037000,"a":31391037042,"e":31403259167,"n":1,"w":42,"h":12222125,"x":42,"y":12222125},{"k":1,"o":7,"s":1,"l":1997,"m":4,"t":5,"r":0,"b":32497702583,"a":32497702583,"e":32512845917,"n":1,"w":0,"h":15143334,"x":0,"y":15143334},{"k":0,"o":1,"s":1,"l":2189,"m":4,"t":5,"r":0,"b":32495473250,"a":32495473375,"e":32512847333,"n":1,"w":125,"h":17373958,"x":125,"y":17373958},{"k":0,"o":1,"s":1,"l":2131,"m":4,"t":6,"r":0,"b":32500372333,"a":32512857417,"e":32514344333,"n":1,"w":12485084,"h":1486916,"x":12485084,"y":1486916},{"k":1,"o":7,"s":1,"l":1997,"m":4,"t":6,"r":0,"b":32518978542,"a":32518978542,"e":32532662833,"n":1,"w":0,"h":13684291,"x":0,"y":13684291},{"k":0,"o":1,"s":1,"l":2189,"m":4,"t":6,"r":0,"b":32517045875,"a":32517045917,"e":32532664750,"n":1,"w":42,"h":15618833,"x":42,"y":15618833},{"k":0,"o":1,"s":1,"l":601,"m":4,"t":5,"r":0,"b":32519034417,"a":32532673500,"e":32532959583,"n":1,"w":13639083,"h":286083,"x":13639083,"y":286083},{"k":1,"o":7,"s":1,"l":1997,"m":4,"t":5,"r":0,"b":32539954375,"a":32539954375,"e":32552911292,"n":1,"w":0,"h":12956917,"x":0,"y":12956917},{"k":0,"o":1,"s":1,"l":2590,"m":4,"t":5,"r":0,"b":32539252500,"a":32539252542,"e":32552912792,"n":1,"w":42,"h":13660250,"x":42,"y":13660250},{"k":0,"o":1,"s":1,"l":2442,"m":4,"t":2,"r":0,"b":32999890000,"a":32999890083,"e":33013173875,"n":1,"w":83,"h":13283792,"x":83,"y":13283792},{"k":0,"o":1,"s":1,"l":2442,"m":4,"t":2,"r":0,"b":33014357375,"a":33014357458,"e":33025709208,"n":1,"w":83,"h":11351750,"x":83,"y":11351750},{"k":1,"o":7,"s":1,"l":1997,"m":4,"t":5,"r":0,"b":34499322458,"a":34499322458,"e":34511156375,"n":1,"w":0,"h":11833917,"x":0,"y":11833917},{"k":0,"o":1,"s":1,"l":2189,"m":4,"t":5,"r":0,"b":34497694042,"a":34497694167,"e":34511157875,"n":1,"w":125,"h":13463708,"x":125,"y":13463708},{"k":1,"o":7,"s":1,"l":1997,"m":4,"t":6,"r":0,"b":34520334042,"a":34520334042,"e":34532377875,"n":1,"w":0,"h":12043833,"x":0,"y":12043833},{"k":0,"o":1,"s":1,"l":2189,"m":4,"t":6,"r":0,"b":34516586250,"a":34518768542,"e":34532379167,"n":1,"w":2182292,"h":13610625,"x":2182292,"y":13610625},{"k":0,"o":1,"s":1,"l":642,"m":4,"t":5,"r":0,"b":34518808625,"a":34532388667,"e":34532389667,"n":1,"w":13580042,"h":1000,"x":13580042,"y":1000},{"k":1,"o":7,"s":1,"l":1997,"m":4,"t":5,"r":0,"b":34537848625,"a":34537848625,"e":34549366208,"n":1,"w":0,"h":11517583,"x":0,"y":11517583},{"k":0,"o":1,"s":1,"l":2590,"m":4,"t":5,"r":0,"b":34537179583,"a":34537179625,"e":34549367792,"n":1,"w":42,"h":12188167,"x":42,"y":12188167},{"k":1,"o":7,"s":1,"l":1997,"m":4,"t":6,"r":0,"b":34556521958,"a":34556521958,"e":34567540375,"n":1,"w":0,"h":11018417,"x":0,"y":11018417},{"k":0,"o":1,"s":1,"l":2590,"m":4,"t":6,"r":0,"b":34555773792,"a":34555773833,"e":34567541125,"n":1,"w":41,"h":11767292,"x":41,"y":11767292}],"completedSpansOnly":true,"rawBodyPublished":false}
[server-diagnostic] {"pid":56623,"bytes":2341,"capturedBytes":2341,"sha256":"eeb51c16d2d9fc3adf4d1ffeb4a40781e76d9531d0253ec4482a828ba327d081","overflow":false,"categories":[{"code":"file evidence unavailable","count":0},{"code":"storageBlocked","count":0},{"code":"shutdown","count":0},{"code":"ERROR","count":0},{"code":"WARNING","count":0}],"rawBodyPublished":false,"privateCaptureDisposition":"eligible-for-wrapper-cleanup"}
[server-slow-diagnostic] {"status":"captured","seen":3,"retained":3,"thresholdNs":10000000,"rows":[{"k":0,"o":1,"s":1,"l":583,"m":2,"t":1,"r":0,"b":39666,"a":39750,"e":156694416,"n":1,"w":84,"h":156654666,"x":84,"y":156654666},{"k":1,"o":4,"s":4,"l":131,"m":0,"t":3,"r":0,"b":3658660583,"a":3658660583,"e":3716022208,"n":1,"w":0,"h":57361625,"x":0,"y":57361625},{"k":1,"o":3,"s":4,"l":127,"m":0,"t":3,"r":0,"b":3658658125,"a":3658658125,"e":3716060500,"n":1,"w":0,"h":57402375,"x":0,"y":57402375}],"completedSpansOnly":true,"rawBodyPublished":false}
[server-diagnostic] {"pid":56680,"bytes":3517,"capturedBytes":3517,"sha256":"8e50c9fc8ad5c17ac11462e57bb8eb5a5ba7861e0e4fc080058a2dd5bc9915e9","overflow":false,"categories":[{"code":"file evidence unavailable","count":0},{"code":"storageBlocked","count":0},{"code":"shutdown","count":0},{"code":"ERROR","count":0},{"code":"WARNING","count":0}],"rawBodyPublished":false,"privateCaptureDisposition":"eligible-for-wrapper-cleanup"}
[server-slow-diagnostic] {"status":"captured","seen":9,"retained":9,"thresholdNs":10000000,"rows":[{"k":0,"o":1,"s":1,"l":583,"m":2,"t":1,"r":0,"b":33167,"a":33250,"e":159348625,"n":1,"w":83,"h":159315375,"x":83,"y":159315375},{"k":1,"o":7,"s":1,"l":1997,"m":2,"t":3,"r":0,"b":5728024833,"a":5728024833,"e":5740090333,"n":1,"w":0,"h":12065500,"x":0,"y":12065500},{"k":0,"o":1,"s":1,"l":2189,"m":2,"t":3,"r":0,"b":5726288750,"a":5726288792,"e":5740091542,"n":1,"w":42,"h":13802750,"x":42,"y":13802750},{"k":1,"o":7,"s":1,"l":1997,"m":2,"t":4,"r":0,"b":5745561042,"a":5745561042,"e":5757025583,"n":1,"w":0,"h":11464541,"x":0,"y":11464541},{"k":0,"o":1,"s":1,"l":2189,"m":2,"t":4,"r":0,"b":5743887208,"a":5743887333,"e":5757026583,"n":1,"w":125,"h":13139250,"x":125,"y":13139250},{"k":0,"o":1,"s":1,"l":601,"m":2,"t":3,"r":0,"b":5744996250,"a":5757034125,"e":5757328000,"n":1,"w":12037875,"h":293875,"x":12037875,"y":293875},{"k":1,"o":7,"s":1,"l":1997,"m":2,"t":1,"r":0,"b":6590491667,"a":6590491667,"e":6603502125,"n":1,"w":0,"h":13010458,"x":0,"y":13010458},{"k":0,"o":1,"s":1,"l":2189,"m":2,"t":1,"r":0,"b":6588472250,"a":6588472417,"e":6603506042,"n":1,"w":167,"h":15033625,"x":167,"y":15033625},{"k":0,"o":1,"s":1,"l":2189,"m":2,"t":1,"r":0,"b":6618349042,"a":6618349167,"e":6628955167,"n":1,"w":125,"h":10606000,"x":125,"y":10606000}],"completedSpansOnly":true,"rawBodyPublished":false}
{"mode":"current-app-observe-short","passed":111,"failed":0,"elapsedMs":52183,"verifiedDurationMs":30128.546958,"longrunObservationCompleted":false,"shortPreparationPass":true,"statusCumulativePass":false,"resourceTrendPass":false,"reviewRequired":true,"uiFulltestPass":false,"evidenceLoad":{"cycles":1,"searchSuccess":8,"searchUnavailable":0,"searchSuccessByClient":[2,2,2,2],"createComplete":1,"createPartial":0,"createSuccess":1,"createBusy":1,"retainedChecks":4,"deletedSourceObserved":true,"searchLatencyMs":[92.92004100000031,44.250458000000435,2.2302499999996144,3.457249999999476,603.9389999999985,612.4000410000008,88.47108300000036,128.15399999999863],"createLatencyMs":[37.205832999999984],"visualResults":40,"visualCreated":1,"visualExpired":0,"visualIndexObservations":[{"cycle":0,"state":"ready","error":"","channels":[{"channelId":"1","indexedFrames":0},{"channelId":"2","indexedFrames":0},{"channelId":"3","indexedFrames":0},{"channelId":"4","indexedFrames":0},{"channelId":"5","indexedFrames":0},{"channelId":"9101","indexedFrames":0},{"channelId":"9201","indexedFrames":0}]},{"cycle":0,"state":"ready","error":"","channels":[{"channelId":"1","indexedFrames":0},{"channelId":"2","indexedFrames":0},{"channelId":"3","indexedFrames":0},{"channelId":"4","indexedFrames":0},{"channelId":"5","indexedFrames":0},{"channelId":"9101","indexedFrames":14},{"channelId":"9201","indexedFrames":14}]}]},"phase":{"elapsedMs":30128.546958,"channels":{"9101":{"finalized":14,"deleted":7,"lastAt":35916.72175,"order":"27","store":"ce368beec159ca6ab43d21ec27b261577dcf7041bc6de3f0710931f37bfbd2f3","knownMappings":10,"unknownMappings":546},"9201":{"finalized":14,"deleted":7,"lastAt":35916.72175,"order":"28","store":"ce368beec159ca6ab43d21ec27b261577dcf7041bc6de3f0710931f37bfbd2f3","knownMappings":7,"unknownMappings":582}},"records":28,"logicalBytes":16665},"resources":{"status":"observed","resourceTrendPass":false,"reviewRequired":true,"sampleCount":7,"groups":[{"pid":56082,"startIdentity":"macos:1791132420:500881","sampleCount":7,"first":{"phaseAt":6097.182708,"sampledAt":1791132425388,"rssBytes":3159064576,"threadCount":37,"fdCount":29,"mutationCount":2},"last":{"phaseAt":35916.72175,"sampledAt":1791132455208,"rssBytes":1673134080,"threadCount":40,"fdCount":29,"mutationCount":86},"max":{"rssBytes":3190734848,"threadCount":41,"fdCount":31},"delta":{"rssBytes":-1485930496,"threadCount":3,"fdCount":0,"mutationCount":84},"elapsedMs":29819.539041999997,"maxGapMs":5008.040332999997,"warmupMs":300000,"postWarmup":{"status":"insufficient","sampleCount":0,"delta":null,"elapsedMs":null,"rssMiBPerMinute":null}}]},"processCount":3,"processesClosed":true,"udpClosed":true,"tokenStart":null,"tokenEnd":null,"tokenConsumed":null,"tokenSource":"전용 집계 없음"}
[cleanup] {"root":"/private/var/folders/k0/qhmr6zdx11q0_41wfx4dsd200000gn/T/media-server-current-observer-9bPGdj","bytes":15263148,"absent":true}
