[start] 2026-10-03T11:56:10Z
Darwin arm64
Apple clang version 21.0.0 (clang-2100.3.34.2)
38dc824f289fe523f848b32162088ce955a6848c173f8e731e803a039c00c142  [PATH]
f9bd09ba278871b479284014e757bc494e6b471bd43fd505536a474f62fcd639  [PATH]
404784ececbb74556fa2e32975f879e2632a96311bc7ed0e41bce069d167b8a6  [PATH]
86eb8de4cf1fdd31059deb47ac5e5df5639581cc20609ccf12493acf94e59a31  [PATH]
f53192a630bc0378638ece917308611a95f819e5fc2537dec3235202da7d94ed  [PATH]
[recording] file evidence unavailable: file evidence profile/bound 오류
[recording] file evidence unavailable: file evidence profile/bound 오류
[recording] file evidence unavailable: file evidence profile/bound 오류
[recording] file evidence unavailable: file evidence profile/bound 오류
[recording] file evidence unavailable: file evidence profile/bound 오류
PASS: LP26-U06-A managed Catalog reopen public timeline and persistent generation unchanged
PASS: B06-V02 actual Runtime B seed and fresh reopen preserve authoritative files
PASS: LP26-U01-A current managed UI seed oracle
PASS: LP26-U02-A current managed UI seed oracle
PASS: LP26-U03-A current managed UI seed oracle
PASS: LP26-U04-A current managed UI seed oracle
PASS: LP26-U05-A current managed UI seed oracle
[ui-seed-summary] {"rows":146,"known":115,"unknown":31,"pages":2,"actualUiPass":false}
[cleanup] {"path":"[PATH]","bytes":13537884,"removed":true}
[elapsed] seconds=8 source=bash-SECONDS actualUiPass=false
[ui-seed] current-managed; mapping units; seek=original-MP4; events=derived-fMP4; actualUiPass=false
[ui-seed-selection] {"seekSegmentId":"722ab843-cc4f-49e8-a48b-e3d848164f92","eventOutputIds":[{"scenario":"full","ids":["dj-2f9324febf51cf35f2381f10c07d05af7c1f29d93db139a09990c3967c62f5fc-o0","dj-2f9324febf51cf35f2381f10c07d05af7c1f29d93db139a09990c3967c62f5fc-o1"]},{"scenario":"partial","ids":["dj-d16e06b8e4aa96a2caf24dd88ecf57f27363269e0f5fd09539f043dbdad0c2b9-o0","dj-d16e06b8e4aa96a2caf24dd88ecf57f27363269e0f5fd09539f043dbdad0c2b9-o1"]}],"actualUiPass":false}
[search-ui-action] F03-object begin
[search-ui-action] F03-object pass
[search-ui-action] F04-track begin
[search-ui-action] F04-track pass
[search-ui-action] F05-event begin
[search-ui-action] F05-event pass
[search-ui-action] V420-F06 begin
[search-ui-action] V420-F06 pass
[search-ui-action] V420-F07 begin
[search-ui-action] V420-F07 pass
[search-ui-action] V420-F08-I begin
[search-ui-action] V420-F08-I pass
[search-ui-action] V420-F08-L begin
[search-ui-action] V420-F08-L pass
[search-ui-action] V420-F08-D begin
[search-ui-action] V420-F08-D pass
[search-ui-action] V420-F08-O begin
[search-ui-action] V420-F08-O pass
[search-ui-action] F09-combined begin
[search-ui-action] F09-combined pass
[search-ui-action] F09-same-event begin
[search-ui-action] F09-same-event pass
[search-ui-action] M02-missing begin
[search-ui-action] M02-missing pass
[search-ui-action] M02-unrelated begin
[search-ui-action] M02-unrelated pass
[search-ui-action] F10-invalid begin
[search-ui-action] F10-invalid pass
[search-ui-action] F10-unknown begin
[search-ui-action] F10-unknown pass
[search-ui-action] F01-channels begin
[search-ui-action] F01-channels pass
[search-ui-action] F02-time begin
[search-ui-action] F02-time pass
[search-ui-action] C01-pages begin
[search-ui-action] C01-pages pass
[search-ui-action] C03-live-membership begin
[search-ui-action] C03-live-membership pass
[search-ui-action] P01-original begin
[search-ui-action] P01-original pass
[search-ui-action] P02-derived begin
[search-ui-action] P02-derived pass
[search-ui-action] E02-current-fallback begin
[search-ui-action] E02-current-fallback pass
[search-ui-action] P03-missing-current-file begin
[search-ui-action] P03-missing-current-file pass
[search-ui-action] P03-corrupt-current-file begin
[search-ui-action] P03-corrupt-current-file pass
[search-ui-action] U02-390-light begin
[search-ui-action] U02-390-light pass
[search-ui-action] U02-390-dark begin
[search-ui-action] U02-390-dark pass
[search-ui-action] U02-1440-light begin
[search-ui-action] U02-1440-light pass
[search-ui-action] U02-1440-dark begin
[search-ui-action] U02-1440-dark pass
[search-ui-action] U01-late-search begin
[search-ui-action] U01-late-search pass
[search-ui-action] U01-late-seek begin
[search-ui-action] U01-late-seek pass
[search-ui-action] C02-restart begin
[ui-search-restart] {"action":"restart","previousStop":{"exited":true,"forced":false,"exitCode":0,"signalCode":null},"pid":80315,"ready":true}
[search-ui-action] C02-restart fail
{"uiPreparationLog":{"truncated":false,"droppedBytes":0,"writeFailed":false},"actualUiPass":false}
[cleanup] PASS {"root":"[PATH]","rootBeforeBytes":27762219,"rootBeforeEntries":436,"rootSymlinksNotFollowed":277,"rootAbsent":true,"process":{"pid":80315,"exitCode":0,"signalCode":null,"graceful":true},"ports":[{"kind":"rtsp","port":57939,"closed":true,"evidence":"ECONNREFUSED"},{"kind":"http","port":57940,"closed":true,"evidence":"ECONNREFUSED"}],"attempted":6,"failureCount":0,"cleanupElapsedMs":633,"verifierElapsedMs":62072,"uiUdpClosed":true}
search UI run failed; inspect private evidence: UI auth preparation failed stage=ready code=PREPARATION_FAILED
