command: ./server.sh build
exit: 0
observation elapsed ms: 34113 (tool dispatch~final collection; process duration 아님)
token start/end/consumed: 미집계 (실측 도구값 없음)
[1/2] configure: /Users/dhseo/Workspace/mediaServer/build-gst-onnx (ai=1, youtube=0)
-- Configuring done (0.1s)
-- Generating done (0.0s)
-- Build files have been written to: /Users/dhseo/Workspace/mediaServer/build-gst-onnx
[2/2] build
[  0%] Building CXX object CMakeFiles/media_server_runtime.dir/src/recording/recording_read_service.cpp.o
[  1%] Building CXX object CMakeFiles/media_server_runtime.dir/src/ingress/recording_application_service.cpp.o
[  2%] Building CXX object CMakeFiles/media_server_runtime.dir/src/ingress/webrtc_http_server.cpp.o
[  2%] Building CXX object CMakeFiles/media_server_runtime.dir/src/ingress/webrtc_http_server_ops_foundation.cpp.o
[  3%] Building CXX object CMakeFiles/media_server_runtime.dir/src/ingress/webrtc_http_server_ops_workflows.cpp.o
[  4%] Building CXX object CMakeFiles/media_server_runtime.dir/src/ingress/webrtc_http_server_ops_incidents.cpp.o
[  5%] Building CXX object CMakeFiles/media_server_runtime.dir/src/ingress/webrtc_http_server_runtime.cpp.o
[  6%] Linking CXX static library libmedia_server_runtime.a
[ 98%] Built target media_server_runtime
[ 98%] Building CXX object CMakeFiles/media_server.dir/src/application/media_server_application.cpp.o
[ 99%] Linking CXX executable media_server
[100%] Built target media_server
[done] build=/Users/dhseo/Workspace/mediaServer/build-gst-onnx/media_server
