=== setup-25658.log ===
command: bash scripts/internal/verify_recording_range_resolution.sh
exit: 2
[setup-error] V2 삭제 보호/사유 거부
[cleanup] path=/var/folders/k0/qhmr6zdx11q0_41wfx4dsd200000gn/T//media-server-range.X1UmAS bytes=2734942 removed=true
[elapsed] seconds=3 source=bash-SECONDS
분류: fixture 준비 실패, 예상 RED 아님. C201~216 assertion 미실행.

=== setup-25940.log ===
command: bash scripts/internal/verify_recording_range_resolution.sh
exit: 2
[setup-error] V2 삭제 상위 경로 확인 실패
[cleanup] path=/var/folders/k0/qhmr6zdx11q0_41wfx4dsd200000gn/T//media-server-range.aWTedh bytes=2735251 removed=true
[elapsed] seconds=4 source=bash-SECONDS
분류: fixture 경로 준비 실패, 예상 RED 아님. C201~216 assertion 미실행.

=== red-33754.log ===
command: bash scripts/internal/verify_recording_range_resolution.sh
exit: 1
[fail] S10-C201 미디어 구간 mapping 경계
[fail] S10-C202 unknown UTC의 미디어 위치
[fail] S10-C203 미디어 범위 밖
[fail] S10-C204 미확정 끝
[fail] S10-C205 UTC 중첩 mapping
[fail] S10-C206 저장소 경계·결정 순서
[fail] S10-C207 정상 segment 분할
[fail] S10-C208 반열린 구간 경계
[fail] S10-C209 유리수·비정수 경계
[fail] S10-C210 정수 범위 안전성
[fail] S10-C211 UTC 공백·unplaced 구분
[pass] S10-C212 입력 오류 초기화
[fail] S10-C213 삭제·채널 경계
[fail] S10-C214 재시작 SQL·JSONL 동등
[fail] S10-C215 원본 mapping·조회 불변
[fail] S10-C216 unknown 채널 격리
[summary] pass=1 fail=15
[cleanup] path=/private/var/folders/k0/qhmr6zdx11q0_41wfx4dsd200000gn/T/media-server-range.HMbS0Y bytes=2738389 removed=true
[elapsed] seconds=3 source=bash-SECONDS

=== build-62307.log ===
command: bash scripts/internal/verify_recording_range_resolution.sh
exit: 1
컴파일 실패(예상 RED 아님); assertion 전수 미실행.
도구 첫 출력 발췌: recording_read_service.cpp:171:6: error: use of undeclared identifier 'RecordingReadService'; did you mean 'recording::RecordingReadService'?
도구 마지막 오류: recording_read_service.cpp:506:1: error: extraneous closing brace ('}')
18 errors generated.
원인: 기존 LocationCandidate 앞 익명 namespace 시작 1줄 누락. 전체 18개 진단은 도구 출력에 존재하며 이 파일은 최소 첫/끝 발췌임.
[cleanup] path=/private/var/folders/k0/qhmr6zdx11q0_41wfx4dsd200000gn/T/media-server-range.uMCKZP bytes=0 removed=true
[elapsed] seconds=3 source=bash-SECONDS

=== green-7292.log ===
command: bash scripts/internal/verify_recording_range_resolution.sh
exit: 0
[pass] S10-C201 미디어 구간 mapping 경계
[pass] S10-C202 unknown UTC의 미디어 위치
[pass] S10-C203 미디어 범위 밖
[pass] S10-C204 미확정 끝
[pass] S10-C205 UTC 중첩 mapping
[pass] S10-C206 저장소 경계·결정 순서
[pass] S10-C207 정상 segment 분할
[pass] S10-C208 반열린 구간 경계
[pass] S10-C209 유리수·비정수 경계
[pass] S10-C210 정수 범위 안전성
[pass] S10-C211 UTC 공백·unplaced 구분
[pass] S10-C212 입력 오류 초기화
[pass] S10-C213 삭제·채널 경계
[pass] S10-C214 재시작 SQL·JSONL 동등
[pass] S10-C215 원본 mapping·조회 불변
[pass] S10-C216 unknown 채널 격리
[summary] pass=16 fail=0
[cleanup] path=/private/var/folders/k0/qhmr6zdx11q0_41wfx4dsd200000gn/T/media-server-range.hVBoWX bytes=2826069 removed=true
[elapsed] seconds=4 source=bash-SECONDS
token start/end/consumed: 미집계 (담당자 집계 도구값 없음)

=== green-56782.log ===
command: bash scripts/internal/verify_recording_range_resolution.sh
exit: 0
[pass] S10-C201 미디어 구간 mapping 경계
[pass] S10-C202 unknown UTC의 미디어 위치
[pass] S10-C203 미디어 범위 밖
[pass] S10-C204 미확정 끝
[pass] S10-C205 UTC 중첩 mapping
[pass] S10-C206 저장소 경계·결정 순서
[pass] S10-C207 정상 segment 분할
[pass] S10-C208 반열린 구간 경계
[pass] S10-C209 유리수·비정수 경계
[pass] S10-C210 정수 범위 안전성
[pass] S10-C211 UTC 공백·unplaced 구분
[pass] S10-C212 입력 오류 초기화
[pass] S10-C213 삭제·채널 경계
[pass] S10-C214 재시작 SQL·JSONL 동등
[pass] S10-C215 원본 mapping·조회 불변
[pass] S10-C216 unknown 채널 격리
[summary] pass=16 fail=0
[cleanup] path=/private/var/folders/k0/qhmr6zdx11q0_41wfx4dsd200000gn/T/media-server-range.UAm1NS bytes=3286508 removed=true
[elapsed] seconds=5 source=bash-SECONDS

=== green-9205.log ===
command: bash scripts/internal/verify_recording_range_resolution.sh
exit: 0
[pass] S10-C201 미디어 구간 mapping 경계
[pass] S10-C202 unknown UTC의 미디어 위치
[pass] S10-C203 미디어 범위 밖
[pass] S10-C204 미확정 끝
[pass] S10-C205 UTC 중첩 mapping
[pass] S10-C206 저장소 경계·결정 순서
[pass] S10-C207 정상 segment 분할
[pass] S10-C208 반열린 구간 경계
[pass] S10-C209 유리수·비정수 경계
[pass] S10-C210 정수 범위 안전성
[pass] S10-C211 UTC 공백·unplaced 구분
[pass] S10-C212 입력 오류 초기화
[pass] S10-C213 삭제·채널 경계
[pass] S10-C214 재시작 SQL·JSONL 동등
[pass] S10-C215 원본 mapping·조회 불변
[pass] S10-C216 unknown 채널 격리
[summary] pass=16 fail=0
[cleanup] path=/private/var/folders/k0/qhmr6zdx11q0_41wfx4dsd200000gn/T/media-server-range.I7VP3Y bytes=3289390 removed=true
[elapsed] seconds=5 source=bash-SECONDS
git diff --check: exit 0
token start/end/consumed: 미집계 (담당자 집계 도구값 없음)

=== green-92295.log ===
command: bash scripts/internal/verify_recording_range_resolution.sh
exit: 0
[pass] S10-C201 미디어 구간 mapping 경계
[pass] S10-C202 unknown UTC의 미디어 위치
[pass] S10-C203 미디어 범위 밖
[pass] S10-C204 미확정 끝
[pass] S10-C205 UTC 중첩 mapping
[pass] S10-C206 저장소 경계·결정 순서
[pass] S10-C207 정상 segment 분할
[pass] S10-C208 반열린 구간 경계
[pass] S10-C209 유리수·비정수 경계
[pass] S10-C210 정수 범위 안전성
[pass] S10-C211 UTC 공백·unplaced 구분
[pass] S10-C212 입력 오류 초기화
[pass] S10-C213 삭제·채널 경계
[pass] S10-C214 재시작 SQL·JSONL 동등
[pass] S10-C215 원본 mapping·조회 불변
[pass] S10-C216 unknown 채널 격리
[summary] pass=16 fail=0
[cleanup] path=/private/var/folders/k0/qhmr6zdx11q0_41wfx4dsd200000gn/T/media-server-range.RAelEF bytes=3290234 removed=true
[elapsed] seconds=5 source=bash-SECONDS
git diff --check: exit 0
token start/end/consumed: 미집계 (담당자 집계 도구값 없음)
