[owned-root] {"root":"/private/var/folders/k0/qhmr6zdx11q0_41wfx4dsd200000gn/T/media-server-current-observer-dUg0QA","dev":16777232,"ino":168480709,"uid":501}
[pass] LP26-O05 fixed current executable
[fixture-generation] {"status":0,"signal":null,"errorCode":null,"elapsedMs":1227,"timeoutMs":30000,"stdoutBytes":0,"stderrBytes":0,"outputBytes":67929,"categories":{"missingElement":false,"negotiation":false,"pluginScanner":false,"permission":false,"resource":false,"macosService":false},"rawBodyPublished":false}
[pass] LP26-O05 original bounded retention fixture
[workspace-fixed] {"root":"/private/var/folders/k0/qhmr6zdx11q0_41wfx4dsd200000gn/T/media-server-current-observer-dUg0QA","dev":16777232,"ino":168480709,"uid":501,"capBytes":469762048,"fixedBytes":10625175,"files":[{"name":"input/retention-9101.mp4","dev":16777232,"ino":168481029,"uid":501,"mode":33188,"size":67929,"mtimeMs":1791134524121.4607,"ctimeMs":1791134524121.4607,"sha256":"8f54a6523883cb69a2f489e3ed324ff0d481ee4298bc26291345c4b4c8161fa6"},{"name":"input/retention-9201.mp4","dev":16777232,"ino":168481030,"uid":501,"mode":33188,"size":67929,"mtimeMs":1791134524123.0618,"ctimeMs":1791134524123.0618,"sha256":"8f54a6523883cb69a2f489e3ed324ff0d481ee4298bc26291345c4b4c8161fa6"},{"name":"normalize","dev":16777232,"ino":168481003,"uid":501,"mode":33261,"size":10114728,"mtimeMs":1791134522572.053,"ctimeMs":1791134522572.053,"sha256":"c9f2b57b3f52c28f11b98c42e6b5956d44fd5bcd9bd7ba2b53bbd3e9c3e09c64"},{"name":"process-metrics","dev":16777232,"ino":168481006,"uid":501,"mode":33261,"size":82880,"mtimeMs":1791134522840.8828,"ctimeMs":1791134522840.8828,"sha256":"e35370a1e56df52b556e7aa493789039cabf9011192ed0591bcef58c6b382e19"},{"name":"catalog-instrumented.cpp","dev":16777232,"ino":168480998,"uid":501,"mode":33152,"size":291709,"mtimeMs":1791134520136.2947,"ctimeMs":1791134520136.2947,"sha256":"3b861de2ed948e9fea4abfcc158edff3a7275f8f11e76028e2c1750d49a57f78"}]}
[pass] LP26-O05 distinct canonical sources
[request-budget] {"elapsedMs":1}
[http-timing] {"method":"GET","routeClass":"health","status":null,"headerElapsedMs":null,"bodyElapsedMs":null,"totalElapsedMs":3,"bytes":0,"phase":"header","outcome":"error"}
[request-budget] {"elapsedMs":1}
[http-timing] {"method":"GET","routeClass":"health","status":null,"headerElapsedMs":null,"bodyElapsedMs":null,"totalElapsedMs":1,"bytes":0,"phase":"header","outcome":"error"}
[request-budget] {"elapsedMs":1}
[http-timing] {"method":"GET","routeClass":"health","status":null,"headerElapsedMs":null,"bodyElapsedMs":null,"totalElapsedMs":1,"bytes":0,"phase":"header","outcome":"error"}
[request-budget] {"elapsedMs":1}
[http-timing] {"method":"GET","routeClass":"health","status":null,"headerElapsedMs":null,"bodyElapsedMs":null,"totalElapsedMs":1,"bytes":0,"phase":"header","outcome":"error"}
[request-budget] {"elapsedMs":1}
[http-timing] {"method":"GET","routeClass":"health","status":null,"headerElapsedMs":null,"bodyElapsedMs":null,"totalElapsedMs":1,"bytes":0,"phase":"header","outcome":"error"}
[request-budget] {"elapsedMs":1}
[http-timing] {"method":"GET","routeClass":"health","status":null,"headerElapsedMs":null,"bodyElapsedMs":null,"totalElapsedMs":1,"bytes":0,"phase":"header","outcome":"error"}
[request-budget] {"elapsedMs":1}
[http-timing] {"method":"GET","routeClass":"health","status":null,"headerElapsedMs":null,"bodyElapsedMs":null,"totalElapsedMs":0,"bytes":0,"phase":"header","outcome":"error"}
[request-budget] {"elapsedMs":1}
[http-timing] {"method":"GET","routeClass":"health","status":null,"headerElapsedMs":null,"bodyElapsedMs":null,"totalElapsedMs":1,"bytes":0,"phase":"header","outcome":"error"}
[request-budget] {"elapsedMs":1}
[http-timing] {"method":"GET","routeClass":"health","status":null,"headerElapsedMs":null,"bodyElapsedMs":null,"totalElapsedMs":1,"bytes":0,"phase":"header","outcome":"error"}
[request-budget] {"elapsedMs":1}
[http-timing] {"method":"GET","routeClass":"health","status":null,"headerElapsedMs":null,"bodyElapsedMs":null,"totalElapsedMs":1,"bytes":0,"phase":"header","outcome":"error"}
[request-budget] {"elapsedMs":1}
[http-timing] {"method":"GET","routeClass":"health","status":null,"headerElapsedMs":null,"bodyElapsedMs":null,"totalElapsedMs":1,"bytes":0,"phase":"header","outcome":"error"}
[request-budget] {"elapsedMs":1}
[http-timing] {"method":"GET","routeClass":"health","status":null,"headerElapsedMs":null,"bodyElapsedMs":null,"totalElapsedMs":0,"bytes":0,"phase":"header","outcome":"error"}
[request-budget] {"elapsedMs":1}
[http-timing] {"method":"GET","routeClass":"health","status":null,"headerElapsedMs":null,"bodyElapsedMs":null,"totalElapsedMs":0,"bytes":0,"phase":"header","outcome":"error"}
[request-budget] {"elapsedMs":1}
[http-timing] {"method":"GET","routeClass":"health","status":null,"headerElapsedMs":null,"bodyElapsedMs":null,"totalElapsedMs":0,"bytes":0,"phase":"header","outcome":"error"}
[request-budget] {"elapsedMs":1}
[http-timing] {"method":"GET","routeClass":"health","status":null,"headerElapsedMs":null,"bodyElapsedMs":null,"totalElapsedMs":1,"bytes":0,"phase":"header","outcome":"error"}
[request-budget] {"elapsedMs":1}
[http-timing] {"method":"GET","routeClass":"health","status":null,"headerElapsedMs":null,"bodyElapsedMs":null,"totalElapsedMs":1,"bytes":0,"phase":"header","outcome":"error"}
[request-budget] {"elapsedMs":1}
[http-timing] {"method":"GET","routeClass":"health","status":null,"headerElapsedMs":null,"bodyElapsedMs":null,"totalElapsedMs":1,"bytes":0,"phase":"header","outcome":"error"}
[request-budget] {"elapsedMs":1}
[http-timing] {"method":"GET","routeClass":"health","status":null,"headerElapsedMs":null,"bodyElapsedMs":null,"totalElapsedMs":0,"bytes":0,"phase":"header","outcome":"error"}
[request-budget] {"elapsedMs":1}
[http-timing] {"method":"GET","routeClass":"health","status":null,"headerElapsedMs":null,"bodyElapsedMs":null,"totalElapsedMs":1,"bytes":0,"phase":"header","outcome":"error"}
[request-budget] {"elapsedMs":1}
[http-timing] {"method":"GET","routeClass":"health","status":null,"headerElapsedMs":null,"bodyElapsedMs":null,"totalElapsedMs":0,"bytes":0,"phase":"header","outcome":"error"}
[request-budget] {"elapsedMs":1}
[http-timing] {"method":"GET","routeClass":"health","status":null,"headerElapsedMs":null,"bodyElapsedMs":null,"totalElapsedMs":1,"bytes":0,"phase":"header","outcome":"error"}
[request-budget] {"elapsedMs":1}
[http-timing] {"method":"GET","routeClass":"health","status":null,"headerElapsedMs":null,"bodyElapsedMs":null,"totalElapsedMs":0,"bytes":0,"phase":"header","outcome":"error"}
[request-budget] {"elapsedMs":1}
[http-timing] {"method":"GET","routeClass":"health","status":null,"headerElapsedMs":null,"bodyElapsedMs":null,"totalElapsedMs":0,"bytes":0,"phase":"header","outcome":"error"}
[request-budget] {"elapsedMs":1}
[http-timing] {"method":"GET","routeClass":"health","status":null,"headerElapsedMs":null,"bodyElapsedMs":null,"totalElapsedMs":0,"bytes":0,"phase":"header","outcome":"error"}
[request-budget] {"elapsedMs":1}
[http-timing] {"method":"GET","routeClass":"health","status":null,"headerElapsedMs":null,"bodyElapsedMs":null,"totalElapsedMs":0,"bytes":0,"phase":"header","outcome":"error"}
[request-budget] {"elapsedMs":1}
[http-timing] {"method":"GET","routeClass":"health","status":null,"headerElapsedMs":null,"bodyElapsedMs":null,"totalElapsedMs":0,"bytes":0,"phase":"header","outcome":"error"}
[request-budget] {"elapsedMs":1}
[http-timing] {"method":"GET","routeClass":"health","status":null,"headerElapsedMs":null,"bodyElapsedMs":null,"totalElapsedMs":1,"bytes":0,"phase":"header","outcome":"error"}
[request-budget] {"elapsedMs":1}
[http-timing] {"method":"GET","routeClass":"health","status":null,"headerElapsedMs":null,"bodyElapsedMs":null,"totalElapsedMs":0,"bytes":0,"phase":"header","outcome":"error"}
[request-budget] {"elapsedMs":1}
[http-timing] {"method":"GET","routeClass":"health","status":null,"headerElapsedMs":null,"bodyElapsedMs":null,"totalElapsedMs":0,"bytes":0,"phase":"header","outcome":"error"}
[request-budget] {"elapsedMs":1}
[http-timing] {"method":"GET","routeClass":"health","status":null,"headerElapsedMs":null,"bodyElapsedMs":null,"totalElapsedMs":0,"bytes":0,"phase":"header","outcome":"error"}
[request-budget] {"elapsedMs":1}
[http-timing] {"method":"GET","routeClass":"health","status":null,"headerElapsedMs":null,"bodyElapsedMs":null,"totalElapsedMs":0,"bytes":0,"phase":"header","outcome":"error"}
[request-budget] {"elapsedMs":1}
[http-timing] {"method":"GET","routeClass":"health","status":null,"headerElapsedMs":null,"bodyElapsedMs":null,"totalElapsedMs":0,"bytes":0,"phase":"header","outcome":"error"}
[request-budget] {"elapsedMs":1}
[http-timing] {"method":"GET","routeClass":"health","status":null,"headerElapsedMs":null,"bodyElapsedMs":null,"totalElapsedMs":0,"bytes":0,"phase":"header","outcome":"error"}
[request-budget] {"elapsedMs":1}
[http-timing] {"method":"GET","routeClass":"health","status":null,"headerElapsedMs":null,"bodyElapsedMs":null,"totalElapsedMs":0,"bytes":0,"phase":"header","outcome":"error"}
[request-budget] {"elapsedMs":1}
[http-timing] {"method":"GET","routeClass":"health","status":null,"headerElapsedMs":null,"bodyElapsedMs":null,"totalElapsedMs":1,"bytes":0,"phase":"header","outcome":"error"}
[request-budget] {"elapsedMs":1}
[http-timing] {"method":"GET","routeClass":"health","status":null,"headerElapsedMs":null,"bodyElapsedMs":null,"totalElapsedMs":0,"bytes":0,"phase":"header","outcome":"error"}
[request-budget] {"elapsedMs":1}
[http-timing] {"method":"GET","routeClass":"health","status":null,"headerElapsedMs":null,"bodyElapsedMs":null,"totalElapsedMs":0,"bytes":0,"phase":"header","outcome":"error"}
[request-budget] {"elapsedMs":1}
[http-timing] {"method":"GET","routeClass":"health","status":null,"headerElapsedMs":null,"bodyElapsedMs":null,"totalElapsedMs":1,"bytes":0,"phase":"header","outcome":"error"}
[request-budget] {"elapsedMs":1}
[http-timing] {"method":"GET","routeClass":"health","status":null,"headerElapsedMs":null,"bodyElapsedMs":null,"totalElapsedMs":1,"bytes":0,"phase":"header","outcome":"error"}
[request-budget] {"elapsedMs":1}
[http-timing] {"method":"GET","routeClass":"health","status":null,"headerElapsedMs":null,"bodyElapsedMs":null,"totalElapsedMs":0,"bytes":0,"phase":"header","outcome":"error"}
[request-budget] {"elapsedMs":1}
[http-timing] {"method":"GET","routeClass":"health","status":null,"headerElapsedMs":null,"bodyElapsedMs":null,"totalElapsedMs":0,"bytes":0,"phase":"header","outcome":"error"}
[request-budget] {"elapsedMs":1}
[http-timing] {"method":"GET","routeClass":"health","status":null,"headerElapsedMs":null,"bodyElapsedMs":null,"totalElapsedMs":0,"bytes":0,"phase":"header","outcome":"error"}
[request-budget] {"elapsedMs":1}
[http-timing] {"method":"GET","routeClass":"health","status":null,"headerElapsedMs":null,"bodyElapsedMs":null,"totalElapsedMs":0,"bytes":0,"phase":"header","outcome":"error"}
[request-budget] {"elapsedMs":1}
[http-timing] {"method":"GET","routeClass":"health","status":null,"headerElapsedMs":null,"bodyElapsedMs":null,"totalElapsedMs":0,"bytes":0,"phase":"header","outcome":"error"}
[request-budget] {"elapsedMs":1}
[http-timing] {"method":"GET","routeClass":"health","status":null,"headerElapsedMs":null,"bodyElapsedMs":null,"totalElapsedMs":0,"bytes":0,"phase":"header","outcome":"error"}
[request-budget] {"elapsedMs":1}
[http-timing] {"method":"GET","routeClass":"health","status":null,"headerElapsedMs":null,"bodyElapsedMs":null,"totalElapsedMs":0,"bytes":0,"phase":"header","outcome":"error"}
[request-budget] {"elapsedMs":1}
[http-timing] {"method":"GET","routeClass":"health","status":null,"headerElapsedMs":null,"bodyElapsedMs":null,"totalElapsedMs":0,"bytes":0,"phase":"header","outcome":"error"}
[request-budget] {"elapsedMs":1}
[http-timing] {"method":"GET","routeClass":"health","status":null,"headerElapsedMs":null,"bodyElapsedMs":null,"totalElapsedMs":0,"bytes":0,"phase":"header","outcome":"error"}
[request-budget] {"elapsedMs":1}
[http-timing] {"method":"GET","routeClass":"health","status":null,"headerElapsedMs":null,"bodyElapsedMs":null,"totalElapsedMs":0,"bytes":0,"phase":"header","outcome":"error"}
[request-budget] {"elapsedMs":1}
[http-timing] {"method":"GET","routeClass":"health","status":null,"headerElapsedMs":null,"bodyElapsedMs":null,"totalElapsedMs":0,"bytes":0,"phase":"header","outcome":"error"}
[request-budget] {"elapsedMs":1}
[http-timing] {"method":"GET","routeClass":"health","status":200,"headerElapsedMs":6,"bodyElapsedMs":1,"totalElapsedMs":7,"bytes":15,"phase":"complete","outcome":"ok"}
[request-budget] {"elapsedMs":2}
[http-timing] {"method":"GET","routeClass":"ice","status":200,"headerElapsedMs":1,"bodyElapsedMs":0,"totalElapsedMs":1,"bytes":222,"phase":"complete","outcome":"ok"}
[pass] LP26-O05 isolated server healthy
[request-budget] {"elapsedMs":1}
[http-timing] {"method":"GET","routeClass":"recording-status","status":200,"headerElapsedMs":2,"bodyElapsedMs":0,"totalElapsedMs":2,"bytes":1198,"phase":"complete","outcome":"ok"}
[pass] LP26-O05 independent initial channels
[request-budget] {"elapsedMs":1}
[http-timing] {"method":"POST","routeClass":"source","status":201,"headerElapsedMs":84,"bodyElapsedMs":0,"totalElapsedMs":84,"bytes":436,"phase":"complete","outcome":"ok"}
[request-budget] {"elapsedMs":1}
[http-timing] {"method":"POST","routeClass":"source","status":201,"headerElapsedMs":7,"bodyElapsedMs":0,"totalElapsedMs":8,"bytes":436,"phase":"complete","outcome":"ok"}
[request-budget] {"elapsedMs":1}
[http-timing] {"method":"GET","routeClass":"recording-status","status":200,"headerElapsedMs":1,"bodyElapsedMs":0,"totalElapsedMs":1,"bytes":1596,"phase":"complete","outcome":"ok"}
[channel-readiness] [{"channelId":"9101","enabled":true,"active":true,"storageBlocked":false},{"channelId":"9201","enabled":true,"active":true,"storageBlocked":false}]
[pass] V440 peak RSS budget
[root-storage] {"reason":"sample","final":false,"elapsedMs":7592,"journalMutationTypes":{"segment_finalized":0,"event_link_created":0,"observation_put":0,"observation_v2_put":0,"deletion_requested":0,"deletion_completed":0,"corruption_detected":0,"recording_order_reserved":2,"segment_v2_finalized":0,"segment_v2_bound_finalized":0,"consumer_reference_put":0,"derived_reference_accepted":0,"referenced_observation_put":0,"derived_job_intent":0,"derived_job_files":0,"derived_job_ready":0,"derived_job_committed":0,"derived_job_complete":0,"derived_job_failed":0,"segment_v2_state":0,"segment_v2_deleted":0},"journalMutationTypesCoverage":"drained-prefix-only; unread-or-partial-tail-excluded","totalBytes":13862487,"capBytes":480387223,"capExceeded":false,"entries":323,"categories":{"input":{"bytes":135858,"files":2},"media":{"bytes":0,"files":0},"mediaPartial":{"bytes":32266,"files":2},"journal":{"bytes":922,"files":2},"checkpoint":{"bytes":0,"files":0},"generationSnapshot":{"bytes":267,"files":1},"generationIdentity":{"bytes":160,"files":1},"generationEvidence":{"bytes":0,"files":0},"generationManifest":{"bytes":391,"files":1},"generationTransaction":{"bytes":0,"files":0},"sqlite":{"bytes":49152,"files":1},"wal":{"bytes":0,"files":0},"sqliteAux":{"bytes":0,"files":0},"tmp":{"bytes":0,"files":0},"log":{"bytes":1734,"files":1},"state":{"bytes":4653,"files":2},"events":{"bytes":0,"files":0},"cache":{"bytes":3146149,"files":280},"tools":{"bytes":10197608,"files":2},"recordingsOther":{"bytes":1618,"files":8},"other":{"bytes":291709,"files":1}},"ownership":{"productRecording":{"bytes":84776,"files":16},"fixtureInput":{"bytes":135858,"files":2},"observerTools":{"bytes":10197608,"files":2},"cache":{"bytes":3146149,"files":280},"temporary":{"bytes":0,"files":0},"runtimeSupport":{"bytes":6387,"files":3},"other":{"bytes":291709,"files":1}},"transientJournalMisses":0,"measurement":"logical-file-bytes-nonatomic","rawPathsPublished":false,"transientTreeRetries":0,"fixedBytes":10625175,"variableBytes":3237312,"copyBytes":0,"combinedBytes":13862487,"rootCapBytes":480387223,"combinedCapBytes":950149271,"copyEntries":0,"workspacePolicy":"fixed-plus-variable-v1"}
[current-observation] {"pid":70821,"startIdentity":"macos:1791134524:134414","sampledAt":1791134529714,"phaseAt":6848.811709,"rssBytes":3158786048,"threadCount":37,"fdCount":29,"mutationCount":2,"typeCounts":{"segment_finalized":0,"event_link_created":0,"observation_put":0,"observation_v2_put":0,"deletion_requested":0,"deletion_completed":0,"corruption_detected":0,"recording_order_reserved":2,"segment_v2_finalized":0,"segment_v2_bound_finalized":0,"consumer_reference_put":0,"derived_reference_accepted":0,"referenced_observation_put":0,"derived_job_intent":0,"derived_job_files":0,"derived_job_ready":0,"derived_job_committed":0,"derived_job_complete":0,"derived_job_failed":0,"segment_v2_state":0,"segment_v2_deleted":0},"identityBytes":378,"combinedLogicalIds":4,"combinedLogicalBytes":378,"rotations":0,"partialBytes":0,"progress":{"elapsedMs":229.39949999999953,"channels":{"9101":{"finalized":0,"deleted":0,"lastAt":6619.412209,"order":"0","store":null,"knownMappings":0,"unknownMappings":0},"9201":{"finalized":0,"deleted":0,"lastAt":6619.412209,"order":"0","store":null,"knownMappings":0,"unknownMappings":0}},"records":0,"logicalBytes":0},"resourceTrendPass":false}
[sample-timing] {"sampleIndex":1,"metricsMs":229.16404200000034,"drainMs":765.3100830000003,"storageMs":1.2688750000006621,"totalMs":995.9509170000001}
[request-budget] {"elapsedMs":1}
[http-timing] {"method":"GET","routeClass":"recording-status","status":200,"headerElapsedMs":1,"bodyElapsedMs":0,"totalElapsedMs":1,"bytes":1596,"phase":"complete","outcome":"ok"}
[pass] LP26-O05 active 9101
[pass] LP26-O05 active 9201
[pass] PR77 visual worker status
[pass] PR77 visual worker enabled
[pass] PR77 bounded visual status
[pass] PR77 actual visual results
[visual-query-observation] {"atMs":1791134530556,"client":2,"status":200,"elapsedMs":38.278041999999914,"items":[]}
[pass] PR77 bounded visual status
[pass] PR77 actual visual results
[visual-query-observation] {"atMs":1791134530556,"client":3,"status":200,"elapsedMs":70.55537499999991,"items":[]}
[pass] V440 bounded parallel search status
[pass] V440 bounded parallel search status
[pass] V440 search retains current recordings
[pass] V440 peak RSS budget
[root-storage] {"reason":"sample","final":false,"elapsedMs":11886,"journalMutationTypes":{"segment_finalized":0,"event_link_created":0,"observation_put":0,"observation_v2_put":0,"deletion_requested":0,"deletion_completed":0,"corruption_detected":0,"recording_order_reserved":6,"segment_v2_finalized":0,"segment_v2_bound_finalized":4,"consumer_reference_put":0,"derived_reference_accepted":0,"referenced_observation_put":0,"derived_job_intent":0,"derived_job_files":0,"derived_job_ready":0,"derived_job_committed":0,"derived_job_complete":0,"derived_job_failed":0,"segment_v2_state":0,"segment_v2_deleted":0},"journalMutationTypesCoverage":"drained-prefix-only; unread-or-partial-tail-excluded","totalBytes":14141253,"capBytes":480387223,"capExceeded":false,"entries":327,"categories":{"input":{"bytes":135858,"files":2},"media":{"bytes":137604,"files":4},"mediaPartial":{"bytes":42996,"files":2},"journal":{"bytes":44593,"files":2},"checkpoint":{"bytes":0,"files":0},"generationSnapshot":{"bytes":267,"files":1},"generationIdentity":{"bytes":160,"files":1},"generationEvidence":{"bytes":0,"files":0},"generationManifest":{"bytes":391,"files":1},"generationTransaction":{"bytes":0,"files":0},"sqlite":{"bytes":106496,"files":1},"wal":{"bytes":0,"files":0},"sqliteAux":{"bytes":0,"files":0},"tmp":{"bytes":0,"files":0},"log":{"bytes":4033,"files":1},"state":{"bytes":4653,"files":2},"events":{"bytes":0,"files":0},"cache":{"bytes":3146149,"files":280},"tools":{"bytes":10197608,"files":2},"recordingsOther":{"bytes":28736,"files":8},"other":{"bytes":291709,"files":1}},"ownership":{"productRecording":{"bytes":361243,"files":20},"fixtureInput":{"bytes":135858,"files":2},"observerTools":{"bytes":10197608,"files":2},"cache":{"bytes":3146149,"files":280},"temporary":{"bytes":0,"files":0},"runtimeSupport":{"bytes":8686,"files":3},"other":{"bytes":291709,"files":1}},"transientJournalMisses":0,"measurement":"logical-file-bytes-nonatomic","rawPathsPublished":false,"transientTreeRetries":0,"fixedBytes":10625175,"variableBytes":3516078,"copyBytes":0,"combinedBytes":14141253,"rootCapBytes":480387223,"combinedCapBytes":950149271,"copyEntries":0,"workspacePolicy":"fixed-plus-variable-v1"}
[current-observation] {"pid":70821,"startIdentity":"macos:1791134524:134414","sampledAt":1791134534724,"phaseAt":11857.794792,"rssBytes":3190210560,"threadCount":39,"fdCount":29,"mutationCount":10,"typeCounts":{"segment_finalized":0,"event_link_created":0,"observation_put":0,"observation_v2_put":0,"deletion_requested":0,"deletion_completed":0,"corruption_detected":0,"recording_order_reserved":6,"segment_v2_finalized":0,"segment_v2_bound_finalized":4,"consumer_reference_put":0,"derived_reference_accepted":0,"referenced_observation_put":0,"derived_job_intent":0,"derived_job_files":0,"derived_job_ready":0,"derived_job_committed":0,"derived_job_complete":0,"derived_job_failed":0,"segment_v2_state":0,"segment_v2_deleted":0},"identityBytes":1830,"combinedLogicalIds":24,"combinedLogicalBytes":4208,"rotations":0,"partialBytes":0,"progress":{"elapsedMs":5238.3825830000005,"channels":{"9101":{"finalized":2,"deleted":0,"lastAt":11857.794792,"order":"3","store":"15d57a391a562a51f3f17102267b8adb9d1d819c49036b095d95bb0d6513b513","knownMappings":2,"unknownMappings":86},"9201":{"finalized":2,"deleted":0,"lastAt":11857.794792,"order":"4","store":"15d57a391a562a51f3f17102267b8adb9d1d819c49036b095d95bb0d6513b513","knownMappings":1,"unknownMappings":84}},"records":4,"logicalBytes":2378},"resourceTrendPass":false}
[sample-timing] {"sampleIndex":2,"metricsMs":7.176792000000205,"drainMs":49.795499999998356,"storageMs":1.7757500000006985,"totalMs":58.93920900000012}
[request-budget] {"elapsedMs":2}
[http-timing] {"method":"GET","routeClass":"recording-status","status":200,"headerElapsedMs":1,"bodyElapsedMs":0,"totalElapsedMs":2,"bytes":1604,"phase":"complete","outcome":"ok"}
[pass] LP26-O05 active 9101
[pass] LP26-O05 active 9201
[pass] V440 peak RSS budget
[root-storage] {"reason":"sample","final":false,"elapsedMs":16897,"journalMutationTypes":{"segment_finalized":0,"event_link_created":0,"observation_put":0,"observation_v2_put":0,"deletion_requested":0,"deletion_completed":0,"corruption_detected":0,"recording_order_reserved":12,"segment_v2_finalized":0,"segment_v2_bound_finalized":10,"consumer_reference_put":0,"derived_reference_accepted":0,"referenced_observation_put":0,"derived_job_intent":0,"derived_job_files":0,"derived_job_ready":0,"derived_job_committed":0,"derived_job_complete":0,"derived_job_failed":0,"segment_v2_state":0,"segment_v2_deleted":0},"journalMutationTypesCoverage":"drained-prefix-only; unread-or-partial-tail-excluded","totalBytes":14497377,"capBytes":480387223,"capExceeded":false,"entries":333,"categories":{"input":{"bytes":135858,"files":2},"media":{"bytes":344656,"files":10},"mediaPartial":{"bytes":9320,"files":2},"journal":{"bytes":109456,"files":2},"checkpoint":{"bytes":0,"files":0},"generationSnapshot":{"bytes":267,"files":1},"generationIdentity":{"bytes":160,"files":1},"generationEvidence":{"bytes":0,"files":0},"generationManifest":{"bytes":391,"files":1},"generationTransaction":{"bytes":0,"files":0},"sqlite":{"bytes":196608,"files":1},"wal":{"bytes":0,"files":0},"sqliteAux":{"bytes":0,"files":0},"tmp":{"bytes":0,"files":0},"log":{"bytes":4688,"files":1},"state":{"bytes":4653,"files":2},"events":{"bytes":0,"files":0},"cache":{"bytes":3146149,"files":280},"tools":{"bytes":10197608,"files":2},"recordingsOther":{"bytes":55854,"files":8},"other":{"bytes":291709,"files":1}},"ownership":{"productRecording":{"bytes":716712,"files":26},"fixtureInput":{"bytes":135858,"files":2},"observerTools":{"bytes":10197608,"files":2},"cache":{"bytes":3146149,"files":280},"temporary":{"bytes":0,"files":0},"runtimeSupport":{"bytes":9341,"files":3},"other":{"bytes":291709,"files":1}},"transientJournalMisses":0,"measurement":"logical-file-bytes-nonatomic","rawPathsPublished":false,"transientTreeRetries":0,"fixedBytes":10625175,"variableBytes":3872202,"copyBytes":0,"combinedBytes":14497377,"rootCapBytes":480387223,"combinedCapBytes":950149271,"copyEntries":0,"workspacePolicy":"fixed-plus-variable-v1"}
[current-observation] {"pid":70821,"startIdentity":"macos:1791134524:134414","sampledAt":1791134539729,"phaseAt":16862.777792,"rssBytes":2404990976,"threadCount":39,"fdCount":30,"mutationCount":22,"typeCounts":{"segment_finalized":0,"event_link_created":0,"observation_put":0,"observation_v2_put":0,"deletion_requested":0,"deletion_completed":0,"corruption_detected":0,"recording_order_reserved":12,"segment_v2_finalized":0,"segment_v2_bound_finalized":10,"consumer_reference_put":0,"derived_reference_accepted":0,"referenced_observation_put":0,"derived_job_intent":0,"derived_job_files":0,"derived_job_ready":0,"derived_job_committed":0,"derived_job_complete":0,"derived_job_failed":0,"segment_v2_state":0,"segment_v2_deleted":0},"identityBytes":4009,"combinedLogicalIds":54,"combinedLogicalBytes":9946,"rotations":0,"partialBytes":0,"progress":{"elapsedMs":10243.365583,"channels":{"9101":{"finalized":5,"deleted":0,"lastAt":16862.777792,"order":"9","store":"15d57a391a562a51f3f17102267b8adb9d1d819c49036b095d95bb0d6513b513","knownMappings":3,"unknownMappings":202},"9201":{"finalized":5,"deleted":0,"lastAt":16862.777792,"order":"10","store":"15d57a391a562a51f3f17102267b8adb9d1d819c49036b095d95bb0d6513b513","knownMappings":3,"unknownMappings":206}},"records":10,"logicalBytes":5937},"resourceTrendPass":false}
[sample-timing] {"sampleIndex":3,"metricsMs":3.0661250000011933,"drainMs":54.519374999999854,"storageMs":2.942458000001352,"totalMs":60.7456250000032}
[request-budget] {"elapsedMs":1}
[http-timing] {"method":"GET","routeClass":"recording-status","status":200,"headerElapsedMs":1,"bodyElapsedMs":0,"totalElapsedMs":1,"bytes":1606,"phase":"complete","outcome":"ok"}
[pass] LP26-O05 active 9101
[pass] LP26-O05 active 9201
[pass] V440 peak RSS budget
[root-storage] {"reason":"sample","final":false,"elapsedMs":21910,"journalMutationTypes":{"segment_finalized":0,"event_link_created":0,"observation_put":0,"observation_v2_put":0,"deletion_requested":0,"deletion_completed":0,"corruption_detected":0,"recording_order_reserved":16,"segment_v2_finalized":0,"segment_v2_bound_finalized":14,"consumer_reference_put":0,"derived_reference_accepted":0,"referenced_observation_put":0,"derived_job_intent":0,"derived_job_files":0,"derived_job_ready":0,"derived_job_committed":0,"derived_job_complete":0,"derived_job_failed":0,"segment_v2_state":0,"segment_v2_deleted":0},"journalMutationTypesCoverage":"drained-prefix-only; unread-or-partial-tail-excluded","totalBytes":14815298,"capBytes":480387223,"capExceeded":false,"entries":337,"categories":{"input":{"bytes":135858,"files":2},"media":{"bytes":482260,"files":14},"mediaPartial":{"bytes":42886,"files":2},"journal":{"bytes":153224,"files":2},"checkpoint":{"bytes":0,"files":0},"generationSnapshot":{"bytes":267,"files":1},"generationIdentity":{"bytes":160,"files":1},"generationEvidence":{"bytes":0,"files":0},"generationManifest":{"bytes":391,"files":1},"generationTransaction":{"bytes":0,"files":0},"sqlite":{"bytes":258048,"files":1},"wal":{"bytes":0,"files":0},"sqliteAux":{"bytes":0,"files":0},"tmp":{"bytes":0,"files":0},"log":{"bytes":5563,"files":1},"state":{"bytes":4653,"files":2},"events":{"bytes":0,"files":0},"cache":{"bytes":3146149,"files":280},"tools":{"bytes":10197608,"files":2},"recordingsOther":{"bytes":96522,"files":8},"other":{"bytes":291709,"files":1}},"ownership":{"productRecording":{"bytes":1033758,"files":30},"fixtureInput":{"bytes":135858,"files":2},"observerTools":{"bytes":10197608,"files":2},"cache":{"bytes":3146149,"files":280},"temporary":{"bytes":0,"files":0},"runtimeSupport":{"bytes":10216,"files":3},"other":{"bytes":291709,"files":1}},"transientJournalMisses":0,"measurement":"logical-file-bytes-nonatomic","rawPathsPublished":false,"transientTreeRetries":0,"fixedBytes":10625175,"variableBytes":4190123,"copyBytes":0,"combinedBytes":14815298,"rootCapBytes":480387223,"combinedCapBytes":950149271,"copyEntries":0,"workspacePolicy":"fixed-plus-variable-v1"}
[current-observation] {"pid":70821,"startIdentity":"macos:1791134524:134414","sampledAt":1791134544737,"phaseAt":21870.966459,"rssBytes":2405875712,"threadCount":39,"fdCount":29,"mutationCount":30,"typeCounts":{"segment_finalized":0,"event_link_created":0,"observation_put":0,"observation_v2_put":0,"deletion_requested":0,"deletion_completed":0,"corruption_detected":0,"recording_order_reserved":16,"segment_v2_finalized":0,"segment_v2_bound_finalized":14,"consumer_reference_put":0,"derived_reference_accepted":0,"referenced_observation_put":0,"derived_job_intent":0,"derived_job_files":0,"derived_job_ready":0,"derived_job_committed":0,"derived_job_complete":0,"derived_job_failed":0,"segment_v2_state":0,"segment_v2_deleted":0},"identityBytes":5465,"combinedLogicalIds":74,"combinedLogicalBytes":13784,"rotations":0,"partialBytes":0,"progress":{"elapsedMs":15251.55425,"channels":{"9101":{"finalized":7,"deleted":0,"lastAt":21870.966459,"order":"13","store":"15d57a391a562a51f3f17102267b8adb9d1d819c49036b095d95bb0d6513b513","knownMappings":5,"unknownMappings":284},"9201":{"finalized":7,"deleted":0,"lastAt":21870.966459,"order":"14","store":"15d57a391a562a51f3f17102267b8adb9d1d819c49036b095d95bb0d6513b513","knownMappings":5,"unknownMappings":294}},"records":14,"logicalBytes":8319},"resourceTrendPass":false}
[sample-timing] {"sampleIndex":4,"metricsMs":5.862958000001527,"drainMs":60.44787500000166,"storageMs":2.1561670000010054,"totalMs":68.68025000000125}
[request-budget] {"elapsedMs":1}
[http-timing] {"method":"GET","routeClass":"recording-status","status":200,"headerElapsedMs":1,"bodyElapsedMs":0,"totalElapsedMs":1,"bytes":1606,"phase":"complete","outcome":"ok"}
[pass] LP26-O05 active 9101
[pass] LP26-O05 active 9201
[pass] PR77 visual worker status
[pass] PR77 visual worker enabled
[pass] PR77 bounded visual status
[pass] PR77 actual visual results
[visual-query-observation] {"atMs":1791134545343,"client":2,"status":200,"elapsedMs":539.057582999998,"items":[{"id":"frame:36:183db055-5a5d-4458-88e4-93786c5464b5:3000000000","channelId":"9101","segmentId":"183db055-5a5d-4458-88e4-93786c5464b5"},{"id":"frame:36:5d161a34-66ef-4871-b2d9-d7daa4834631:3000000000","channelId":"9201","segmentId":"5d161a34-66ef-4871-b2d9-d7daa4834631"},{"id":"frame:36:836bb349-c197-46b4-9396-6ab5791997b6:3000000000","channelId":"9201","segmentId":"836bb349-c197-46b4-9396-6ab5791997b6"},{"id":"frame:36:84ec17ce-43d4-410f-9575-937d2fc38470:3000000000","channelId":"9201","segmentId":"84ec17ce-43d4-410f-9575-937d2fc38470"},{"id":"frame:36:85254b78-24c8-4310-ad9e-a0b1c1ab2ee2:3000000000","channelId":"9101","segmentId":"85254b78-24c8-4310-ad9e-a0b1c1ab2ee2"},{"id":"frame:36:c4e2c885-90dc-4a34-97aa-1ae93e12de5b:3000000000","channelId":"9101","segmentId":"c4e2c885-90dc-4a34-97aa-1ae93e12de5b"},{"id":"frame:36:4b577553-07ab-405d-b744-6c5aee227e3c:0","channelId":"9201","segmentId":"4b577553-07ab-405d-b744-6c5aee227e3c"},{"id":"frame:36:968f0b0a-d93b-48f3-888f-ba8e12659322:0","channelId":"9101","segmentId":"968f0b0a-d93b-48f3-888f-ba8e12659322"},{"id":"frame:36:a9ddfeee-6b85-44c9-9a05-6381afd98b5a:0","channelId":"9101","segmentId":"a9ddfeee-6b85-44c9-9a05-6381afd98b5a"},{"id":"frame:36:b65c374e-ddf1-442e-84ad-7453ef4cf088:0","channelId":"9201","segmentId":"b65c374e-ddf1-442e-84ad-7453ef4cf088"},{"id":"frame:36:bee9e647-9aa6-4161-be97-55024665c680:0","channelId":"9201","segmentId":"bee9e647-9aa6-4161-be97-55024665c680"},{"id":"frame:36:bf2e3514-ab48-4abb-9c7f-f4e0c79d22a9:0","channelId":"9101","segmentId":"bf2e3514-ab48-4abb-9c7f-f4e0c79d22a9"},{"id":"frame:36:cb2931eb-0cac-4626-9735-bc489697e7fa:0","channelId":"9101","segmentId":"cb2931eb-0cac-4626-9735-bc489697e7fa"},{"id":"frame:36:df0a2bea-8f35-4890-ad40-34924096e156:0","channelId":"9201","segmentId":"df0a2bea-8f35-4890-ad40-34924096e156"},{"id":"frame:36:183db055-5a5d-4458-88e4-93786c5464b5:2000000000","channelId":"9101","segmentId":"183db055-5a5d-4458-88e4-93786c5464b5"},{"id":"frame:36:5d161a34-66ef-4871-b2d9-d7daa4834631:2000000000","channelId":"9201","segmentId":"5d161a34-66ef-4871-b2d9-d7daa4834631"},{"id":"frame:36:836bb349-c197-46b4-9396-6ab5791997b6:2000000000","channelId":"9201","segmentId":"836bb349-c197-46b4-9396-6ab5791997b6"},{"id":"frame:36:84ec17ce-43d4-410f-9575-937d2fc38470:2000000000","channelId":"9201","segmentId":"84ec17ce-43d4-410f-9575-937d2fc38470"},{"id":"frame:36:85254b78-24c8-4310-ad9e-a0b1c1ab2ee2:2000000000","channelId":"9101","segmentId":"85254b78-24c8-4310-ad9e-a0b1c1ab2ee2"},{"id":"frame:36:c4e2c885-90dc-4a34-97aa-1ae93e12de5b:2000000000","channelId":"9101","segmentId":"c4e2c885-90dc-4a34-97aa-1ae93e12de5b"}]}
[pass] PR77 bounded visual status
[pass] PR77 actual visual results
[visual-query-observation] {"atMs":1791134545344,"client":3,"status":200,"elapsedMs":529.4517500000002,"items":[{"id":"frame:36:183db055-5a5d-4458-88e4-93786c5464b5:3000000000","channelId":"9101","segmentId":"183db055-5a5d-4458-88e4-93786c5464b5"},{"id":"frame:36:5d161a34-66ef-4871-b2d9-d7daa4834631:3000000000","channelId":"9201","segmentId":"5d161a34-66ef-4871-b2d9-d7daa4834631"},{"id":"frame:36:836bb349-c197-46b4-9396-6ab5791997b6:3000000000","channelId":"9201","segmentId":"836bb349-c197-46b4-9396-6ab5791997b6"},{"id":"frame:36:84ec17ce-43d4-410f-9575-937d2fc38470:3000000000","channelId":"9201","segmentId":"84ec17ce-43d4-410f-9575-937d2fc38470"},{"id":"frame:36:85254b78-24c8-4310-ad9e-a0b1c1ab2ee2:3000000000","channelId":"9101","segmentId":"85254b78-24c8-4310-ad9e-a0b1c1ab2ee2"},{"id":"frame:36:c4e2c885-90dc-4a34-97aa-1ae93e12de5b:3000000000","channelId":"9101","segmentId":"c4e2c885-90dc-4a34-97aa-1ae93e12de5b"},{"id":"frame:36:4b577553-07ab-405d-b744-6c5aee227e3c:0","channelId":"9201","segmentId":"4b577553-07ab-405d-b744-6c5aee227e3c"},{"id":"frame:36:968f0b0a-d93b-48f3-888f-ba8e12659322:0","channelId":"9101","segmentId":"968f0b0a-d93b-48f3-888f-ba8e12659322"},{"id":"frame:36:a9ddfeee-6b85-44c9-9a05-6381afd98b5a:0","channelId":"9101","segmentId":"a9ddfeee-6b85-44c9-9a05-6381afd98b5a"},{"id":"frame:36:b65c374e-ddf1-442e-84ad-7453ef4cf088:0","channelId":"9201","segmentId":"b65c374e-ddf1-442e-84ad-7453ef4cf088"},{"id":"frame:36:bee9e647-9aa6-4161-be97-55024665c680:0","channelId":"9201","segmentId":"bee9e647-9aa6-4161-be97-55024665c680"},{"id":"frame:36:bf2e3514-ab48-4abb-9c7f-f4e0c79d22a9:0","channelId":"9101","segmentId":"bf2e3514-ab48-4abb-9c7f-f4e0c79d22a9"},{"id":"frame:36:cb2931eb-0cac-4626-9735-bc489697e7fa:0","channelId":"9101","segmentId":"cb2931eb-0cac-4626-9735-bc489697e7fa"},{"id":"frame:36:df0a2bea-8f35-4890-ad40-34924096e156:0","channelId":"9201","segmentId":"df0a2bea-8f35-4890-ad40-34924096e156"},{"id":"frame:36:183db055-5a5d-4458-88e4-93786c5464b5:2000000000","channelId":"9101","segmentId":"183db055-5a5d-4458-88e4-93786c5464b5"},{"id":"frame:36:5d161a34-66ef-4871-b2d9-d7daa4834631:2000000000","channelId":"9201","segmentId":"5d161a34-66ef-4871-b2d9-d7daa4834631"},{"id":"frame:36:836bb349-c197-46b4-9396-6ab5791997b6:2000000000","channelId":"9201","segmentId":"836bb349-c197-46b4-9396-6ab5791997b6"},{"id":"frame:36:84ec17ce-43d4-410f-9575-937d2fc38470:2000000000","channelId":"9201","segmentId":"84ec17ce-43d4-410f-9575-937d2fc38470"},{"id":"frame:36:85254b78-24c8-4310-ad9e-a0b1c1ab2ee2:2000000000","channelId":"9101","segmentId":"85254b78-24c8-4310-ad9e-a0b1c1ab2ee2"},{"id":"frame:36:c4e2c885-90dc-4a34-97aa-1ae93e12de5b:2000000000","channelId":"9101","segmentId":"c4e2c885-90dc-4a34-97aa-1ae93e12de5b"}]}
[pass] PR77 observed live visual source
[pass] PR77 visual evidence bounded status
[pass] PR77 visual preservation status
[pass] PR77 visual detail200
[pass] PR77 actual visual PNG
[visual-preserved] {"atMs":1791134545393,"hitId":"frame:36:968f0b0a-d93b-48f3-888f-ba8e12659322:0","segmentId":"968f0b0a-d93b-48f3-888f-ba8e12659322","packageId":"ep-0b5668e146aab6267a63ea4bffc4cc508a79eedb63022e5b0de93e84d4c1a75c","status":"complete"}
[pass] V440 bounded parallel search status
[pass] V440 bounded parallel search status
[evidence-create-responses] [{"status":201,"elapsedMs":92.46445799999856,"body":{"id":"ep-6589369fafc7c4ea6cc3b542fa1a850204132d6531a4f707ff28da4708f6d9e7","channelId":"9101","status":"complete","createdAtMs":1791134545393,"frames":2,"assets":2}},{"status":503,"elapsedMs":0.5562920000011218,"body":{"error":"evidence-busy"}}]
[pass] V440 concurrent creation admits a request
[pass] V440 bounded creation status
[pass] V440 new detail200
[pass] V440 bounded preserved frame sequence
[pass] V440 complete contains actual PNG
[pass] V440 bounded creation status
[pass] V440 concurrent busy explicit
[pass] V440 saved detail remains readable
[pass] V440 immutable manifest
[pass] V440 preserved PNG bytes
[saved-evidence-sources] {"atMs":1791134545500,"id":"ep-0b5668e146aab6267a63ea4bffc4cc508a79eedb63022e5b0de93e84d4c1a75c","afterRestart":false,"currentSources":[{"kind":"recording","id":"968f0b0a-d93b-48f3-888f-ba8e12659322","state":"catalogued-not-revalidated"}]}
[pass] V440 saved detail remains readable
[pass] V440 immutable manifest
[pass] V440 preserved PNG bytes
[saved-evidence-sources] {"atMs":1791134545506,"id":"ep-6589369fafc7c4ea6cc3b542fa1a850204132d6531a4f707ff28da4708f6d9e7","afterRestart":false,"currentSources":[{"kind":"recording","id":"bf2e3514-ab48-4abb-9c7f-f4e0c79d22a9","state":"catalogued-not-revalidated"}]}
[evidence-load] {"cycles":1,"searchSuccess":8,"createSuccess":1,"createBusy":1,"retainedChecks":2,"deletedSourceObserved":false}
[pass] V440 peak RSS budget
[pass] LP26-O03 deleted media absent
[pass] LP26-O03 deleted media absent
[pass] LP26-O03 deleted media absent
[pass] LP26-O03 deleted media absent
[pass] LP26-O03 deleted media absent
[pass] LP26-O03 deleted media absent
[root-storage] {"reason":"sample","final":false,"elapsedMs":26980,"journalMutationTypes":{"segment_finalized":0,"event_link_created":0,"observation_put":0,"observation_v2_put":0,"deletion_requested":0,"deletion_completed":0,"corruption_detected":0,"recording_order_reserved":22,"segment_v2_finalized":0,"segment_v2_bound_finalized":20,"consumer_reference_put":0,"derived_reference_accepted":0,"referenced_observation_put":0,"derived_job_intent":0,"derived_job_files":0,"derived_job_ready":0,"derived_job_committed":0,"derived_job_complete":0,"derived_job_failed":0,"segment_v2_state":6,"segment_v2_deleted":6},"journalMutationTypesCoverage":"drained-prefix-only; unread-or-partial-tail-excluded","totalBytes":14912996,"capBytes":480387223,"capExceeded":false,"entries":339,"categories":{"input":{"bytes":135858,"files":2},"media":{"bytes":480968,"files":14},"mediaPartial":{"bytes":11712,"files":2},"journal":{"bytes":230862,"files":2},"checkpoint":{"bytes":0,"files":0},"generationSnapshot":{"bytes":267,"files":1},"generationIdentity":{"bytes":160,"files":1},"generationEvidence":{"bytes":0,"files":0},"generationManifest":{"bytes":391,"files":1},"generationTransaction":{"bytes":0,"files":0},"sqlite":{"bytes":299008,"files":1},"wal":{"bytes":0,"files":0},"sqliteAux":{"bytes":0,"files":0},"tmp":{"bytes":0,"files":0},"log":{"bytes":7908,"files":1},"state":{"bytes":4653,"files":2},"events":{"bytes":0,"files":0},"cache":{"bytes":3146149,"files":280},"tools":{"bytes":10197608,"files":2},"recordingsOther":{"bytes":105743,"files":10},"other":{"bytes":291709,"files":1}},"ownership":{"productRecording":{"bytes":1129111,"files":32},"fixtureInput":{"bytes":135858,"files":2},"observerTools":{"bytes":10197608,"files":2},"cache":{"bytes":3146149,"files":280},"temporary":{"bytes":0,"files":0},"runtimeSupport":{"bytes":12561,"files":3},"other":{"bytes":291709,"files":1}},"transientJournalMisses":0,"measurement":"logical-file-bytes-nonatomic","rawPathsPublished":false,"transientTreeRetries":0,"fixedBytes":10625175,"variableBytes":4287821,"copyBytes":0,"combinedBytes":14912996,"rootCapBytes":480387223,"combinedCapBytes":950149271,"copyEntries":0,"workspacePolicy":"fixed-plus-variable-v1"}
[current-observation] {"pid":70821,"startIdentity":"macos:1791134524:134414","sampledAt":1791134549742,"phaseAt":26876.398042,"rssBytes":1671905280,"threadCount":39,"fdCount":29,"mutationCount":54,"typeCounts":{"segment_finalized":0,"event_link_created":0,"observation_put":0,"observation_v2_put":0,"deletion_requested":0,"deletion_completed":0,"corruption_detected":0,"recording_order_reserved":22,"segment_v2_finalized":0,"segment_v2_bound_finalized":20,"consumer_reference_put":0,"derived_reference_accepted":0,"referenced_observation_put":0,"derived_job_intent":0,"derived_job_files":0,"derived_job_ready":0,"derived_job_committed":0,"derived_job_complete":0,"derived_job_failed":0,"segment_v2_state":6,"segment_v2_deleted":6},"identityBytes":9641,"combinedLogicalIds":128,"combinedLogicalBytes":21542,"rotations":0,"partialBytes":0,"progress":{"elapsedMs":20256.985833,"channels":{"9101":{"finalized":10,"deleted":3,"lastAt":26876.398042,"order":"19","store":"15d57a391a562a51f3f17102267b8adb9d1d819c49036b095d95bb0d6513b513","knownMappings":7,"unknownMappings":388},"9201":{"finalized":10,"deleted":3,"lastAt":26876.398042,"order":"20","store":"15d57a391a562a51f3f17102267b8adb9d1d819c49036b095d95bb0d6513b513","knownMappings":6,"unknownMappings":416}},"records":20,"logicalBytes":11901},"resourceTrendPass":false}
[sample-timing] {"sampleIndex":5,"metricsMs":3.816917000000103,"drainMs":125.31616700000086,"storageMs":1.5261250000003201,"totalMs":130.8135000000002}
[request-budget] {"elapsedMs":1}
[http-timing] {"method":"GET","routeClass":"recording-status","status":200,"headerElapsedMs":3,"bodyElapsedMs":0,"totalElapsedMs":3,"bytes":1606,"phase":"complete","outcome":"ok"}
[pass] LP26-O05 active 9101
[pass] LP26-O05 active 9201
[pass] V440 peak RSS budget
[pass] LP26-O03 deleted media absent
[pass] LP26-O03 deleted media absent
[pass] LP26-O03 deleted media absent
[pass] LP26-O03 deleted media absent
[root-storage] {"reason":"sample","final":false,"elapsedMs":31965,"journalMutationTypes":{"segment_finalized":0,"event_link_created":0,"observation_put":0,"observation_v2_put":0,"deletion_requested":0,"deletion_completed":0,"corruption_detected":0,"recording_order_reserved":26,"segment_v2_finalized":0,"segment_v2_bound_finalized":24,"consumer_reference_put":0,"derived_reference_accepted":0,"referenced_observation_put":0,"derived_job_intent":0,"derived_job_files":0,"derived_job_ready":0,"derived_job_committed":0,"derived_job_complete":0,"derived_job_failed":0,"segment_v2_state":10,"segment_v2_deleted":10},"journalMutationTypesCoverage":"drained-prefix-only; unread-or-partial-tail-excluded","totalBytes":15014646,"capBytes":480387223,"capExceeded":false,"entries":339,"categories":{"input":{"bytes":135858,"files":2},"media":{"bytes":480968,"files":14},"mediaPartial":{"bytes":44170,"files":2},"journal":{"bytes":282777,"files":2},"checkpoint":{"bytes":0,"files":0},"generationSnapshot":{"bytes":267,"files":1},"generationIdentity":{"bytes":160,"files":1},"generationEvidence":{"bytes":0,"files":0},"generationManifest":{"bytes":391,"files":1},"generationTransaction":{"bytes":0,"files":0},"sqlite":{"bytes":315392,"files":1},"wal":{"bytes":0,"files":0},"sqliteAux":{"bytes":0,"files":0},"tmp":{"bytes":0,"files":0},"log":{"bytes":8783,"files":1},"state":{"bytes":4653,"files":2},"events":{"bytes":0,"files":0},"cache":{"bytes":3146149,"files":280},"tools":{"bytes":10197608,"files":2},"recordingsOther":{"bytes":105761,"files":10},"other":{"bytes":291709,"files":1}},"ownership":{"productRecording":{"bytes":1229886,"files":32},"fixtureInput":{"bytes":135858,"files":2},"observerTools":{"bytes":10197608,"files":2},"cache":{"bytes":3146149,"files":280},"temporary":{"bytes":0,"files":0},"runtimeSupport":{"bytes":13436,"files":3},"other":{"bytes":291709,"files":1}},"transientJournalMisses":0,"measurement":"logical-file-bytes-nonatomic","rawPathsPublished":false,"transientTreeRetries":0,"fixedBytes":10625175,"variableBytes":4389471,"copyBytes":0,"combinedBytes":15014646,"rootCapBytes":480387223,"combinedCapBytes":950149271,"copyEntries":0,"workspacePolicy":"fixed-plus-variable-v1"}
[current-observation] {"pid":70821,"startIdentity":"macos:1791134524:134414","sampledAt":1791134554746,"phaseAt":31879.033,"rssBytes":1672282112,"threadCount":39,"fdCount":29,"mutationCount":70,"typeCounts":{"segment_finalized":0,"event_link_created":0,"observation_put":0,"observation_v2_put":0,"deletion_requested":0,"deletion_completed":0,"corruption_detected":0,"recording_order_reserved":26,"segment_v2_finalized":0,"segment_v2_bound_finalized":24,"consumer_reference_put":0,"derived_reference_accepted":0,"referenced_observation_put":0,"derived_job_intent":0,"derived_job_files":0,"derived_job_ready":0,"derived_job_committed":0,"derived_job_complete":0,"derived_job_failed":0,"segment_v2_state":10,"segment_v2_deleted":10},"identityBytes":12425,"combinedLogicalIds":164,"combinedLogicalBytes":26708,"rotations":0,"partialBytes":0,"progress":{"elapsedMs":25259.620791,"channels":{"9101":{"finalized":12,"deleted":5,"lastAt":31879.033,"order":"23","store":"15d57a391a562a51f3f17102267b8adb9d1d819c49036b095d95bb0d6513b513","knownMappings":8,"unknownMappings":474},"9201":{"finalized":12,"deleted":5,"lastAt":31879.033,"order":"24","store":"15d57a391a562a51f3f17102267b8adb9d1d819c49036b095d95bb0d6513b513","knownMappings":8,"unknownMappings":508}},"records":24,"logicalBytes":14283},"resourceTrendPass":false}
[sample-timing] {"sampleIndex":6,"metricsMs":1.8682499999995343,"drainMs":107.16450000000259,"storageMs":1.528874999999971,"totalMs":110.6351250000007}
[request-budget] {"elapsedMs":1}
[http-timing] {"method":"GET","routeClass":"recording-status","status":200,"headerElapsedMs":1,"bodyElapsedMs":0,"totalElapsedMs":1,"bytes":1606,"phase":"complete","outcome":"ok"}
[pass] LP26-O05 active 9101
[pass] LP26-O05 active 9201
[pass] V440 actual mixed work occurred
[pass] V440 successful search latency
[pass] V440 peak RSS budget
[pass] LP26-O03 deleted media absent
[pass] LP26-O03 deleted media absent
[pass] LP26-O03 deleted media absent
[pass] LP26-O03 deleted media absent
[root-storage] {"reason":"sample","final":false,"elapsedMs":36753,"journalMutationTypes":{"segment_finalized":0,"event_link_created":0,"observation_put":0,"observation_v2_put":0,"deletion_requested":0,"deletion_completed":0,"corruption_detected":0,"recording_order_reserved":30,"segment_v2_finalized":0,"segment_v2_bound_finalized":28,"consumer_reference_put":0,"derived_reference_accepted":0,"referenced_observation_put":0,"derived_job_intent":0,"derived_job_files":0,"derived_job_ready":0,"derived_job_committed":0,"derived_job_complete":0,"derived_job_failed":0,"segment_v2_state":14,"segment_v2_deleted":14},"journalMutationTypesCoverage":"drained-prefix-only; unread-or-partial-tail-excluded","totalBytes":15065929,"capBytes":480387223,"capExceeded":false,"entries":339,"categories":{"input":{"bytes":135858,"files":2},"media":{"bytes":482260,"files":14},"mediaPartial":{"bytes":4181,"files":2},"journal":{"bytes":359814,"files":2},"checkpoint":{"bytes":0,"files":0},"generationSnapshot":{"bytes":267,"files":1},"generationIdentity":{"bytes":160,"files":1},"generationEvidence":{"bytes":0,"files":0},"generationManifest":{"bytes":391,"files":1},"generationTransaction":{"bytes":0,"files":0},"sqlite":{"bytes":327680,"files":1},"wal":{"bytes":0,"files":0},"sqliteAux":{"bytes":0,"files":0},"tmp":{"bytes":0,"files":0},"log":{"bytes":9438,"files":1},"state":{"bytes":4653,"files":2},"events":{"bytes":0,"files":0},"cache":{"bytes":3146149,"files":280},"tools":{"bytes":10197608,"files":2},"recordingsOther":{"bytes":105761,"files":10},"other":{"bytes":291709,"files":1}},"ownership":{"productRecording":{"bytes":1280514,"files":32},"fixtureInput":{"bytes":135858,"files":2},"observerTools":{"bytes":10197608,"files":2},"cache":{"bytes":3146149,"files":280},"temporary":{"bytes":0,"files":0},"runtimeSupport":{"bytes":14091,"files":3},"other":{"bytes":291709,"files":1}},"transientJournalMisses":0,"measurement":"logical-file-bytes-nonatomic","rawPathsPublished":false,"transientTreeRetries":0,"fixedBytes":10625175,"variableBytes":4440754,"copyBytes":0,"combinedBytes":15065929,"rootCapBytes":480387223,"combinedCapBytes":950149271,"copyEntries":0,"workspacePolicy":"fixed-plus-variable-v1"}
[current-observation] {"pid":70821,"startIdentity":"macos:1791134524:134414","sampledAt":1791134559491,"phaseAt":36625.486375,"rssBytes":1672298496,"threadCount":39,"fdCount":29,"mutationCount":86,"typeCounts":{"segment_finalized":0,"event_link_created":0,"observation_put":0,"observation_v2_put":0,"deletion_requested":0,"deletion_completed":0,"corruption_detected":0,"recording_order_reserved":30,"segment_v2_finalized":0,"segment_v2_bound_finalized":28,"consumer_reference_put":0,"derived_reference_accepted":0,"referenced_observation_put":0,"derived_job_intent":0,"derived_job_files":0,"derived_job_ready":0,"derived_job_committed":0,"derived_job_complete":0,"derived_job_failed":0,"segment_v2_state":14,"segment_v2_deleted":14},"identityBytes":15209,"combinedLogicalIds":200,"combinedLogicalBytes":31874,"rotations":0,"partialBytes":0,"progress":{"elapsedMs":30006.074166,"channels":{"9101":{"finalized":14,"deleted":7,"lastAt":36625.486375,"order":"27","store":"15d57a391a562a51f3f17102267b8adb9d1d819c49036b095d95bb0d6513b513","knownMappings":10,"unknownMappings":542},"9201":{"finalized":14,"deleted":7,"lastAt":36625.486375,"order":"28","store":"15d57a391a562a51f3f17102267b8adb9d1d819c49036b095d95bb0d6513b513","knownMappings":10,"unknownMappings":586}},"records":28,"logicalBytes":16665},"resourceTrendPass":false}
[sample-timing] {"sampleIndex":7,"metricsMs":4.174375000002328,"drainMs":148.6481249999997,"storageMs":1.6734999999971478,"totalMs":154.69958400000178}
[pass] LP26-O04 sample coverage
[pass] LP26-O05 both channels retained and progressed
[request-budget] {"elapsedMs":1}
[http-timing] {"method":"GET","routeClass":"source","status":200,"headerElapsedMs":1,"bodyElapsedMs":0,"totalElapsedMs":1,"bytes":3373,"phase":"complete","outcome":"ok"}
[request-budget] {"elapsedMs":1}
[http-timing] {"method":"PUT","routeClass":"source-item","status":200,"headerElapsedMs":9,"bodyElapsedMs":0,"totalElapsedMs":9,"bytes":438,"phase":"complete","outcome":"ok"}
[pass] LP26-O05 setting 9101 false
[request-budget] {"elapsedMs":1}
[http-timing] {"method":"PUT","routeClass":"source-item","status":200,"headerElapsedMs":9,"bodyElapsedMs":0,"totalElapsedMs":9,"bytes":438,"phase":"complete","outcome":"ok"}
[pass] LP26-O05 setting 9201 false
[process-cleanup] {"schema":"recording-process-cleanup-v1","attemptCount":1,"pid":70821,"exitCode":0,"signalCode":null,"exitedObserved":true,"stopCode":"complete","forcedTermination":"not-used","normalExitPass":true,"normalShutdownPass":true,"archiveSafe":true,"ports":[{"kind":"http","port":56628,"status":"pass","code":"closed","closed":true},{"kind":"rtsp","port":56629,"status":"pass","code":"closed","closed":true}]}
[pass] LP26-O03 deleted media absent
[pass] LP26-O03 deleted media absent
[pass] LP26-O02 closed journal no partial tail
[workspace-copy-monitor] {"failure":null,"samples":5,"intervalMs":100,"maxGapMs":102.68158300000505,"elapsedMs":500.8381669999944,"peak":{"totalBytes":15084455,"capBytes":480387223,"capExceeded":false,"entries":337,"categories":{"input":{"bytes":135858,"files":2},"media":{"bytes":489754,"files":16},"mediaPartial":{"bytes":0,"files":0},"journal":{"bytes":363886,"files":2},"checkpoint":{"bytes":0,"files":0},"generationSnapshot":{"bytes":267,"files":1},"generationIdentity":{"bytes":160,"files":1},"generationEvidence":{"bytes":0,"files":0},"generationManifest":{"bytes":391,"files":1},"generationTransaction":{"bytes":0,"files":0},"sqlite":{"bytes":327680,"files":1},"wal":{"bytes":0,"files":0},"sqliteAux":{"bytes":0,"files":0},"tmp":{"bytes":0,"files":0},"log":{"bytes":20574,"files":1},"state":{"bytes":4657,"files":2},"events":{"bytes":0,"files":0},"cache":{"bytes":3146396,"files":280},"tools":{"bytes":10197608,"files":2},"recordingsOther":{"bytes":105515,"files":8},"other":{"bytes":291709,"files":1}},"ownership":{"productRecording":{"bytes":1287653,"files":30},"fixtureInput":{"bytes":135858,"files":2},"observerTools":{"bytes":10197608,"files":2},"cache":{"bytes":3146396,"files":280},"temporary":{"bytes":0,"files":0},"runtimeSupport":{"bytes":25231,"files":3},"other":{"bytes":291709,"files":1}},"transientJournalMisses":0,"measurement":"logical-file-bytes-nonatomic","rawPathsPublished":false,"transientTreeRetries":0,"fixedBytes":10625175,"variableBytes":4459280,"copyBytes":1287653,"combinedBytes":16372108,"rootCapBytes":480387223,"combinedCapBytes":950149271,"copyEntries":37,"workspacePolicy":"fixed-plus-variable-v1"},"continuousEnforcement":false}
[snapshot-process] {"status":0,"signal":null,"errorCode":null,"failureCode":null,"elapsedMs":503,"outputBytes":1737,"lastOpenedPhase":"catalog-destruct","lastCompletedPhase":"destruct","traceStatus":"complete","traceLoss":false,"rawOutputPublished":false}
[snapshot-receipt] {"preserved":true,"bytes":13356,"sha256":"ce9395eecca958618495c74535a021b52f876d69cd65b056a53f436d13c69f2c","rawPathsPublished":false}
[pass] LP26-O05 stopped copy native catalog recovery
[pass] LP26-O05 native surviving and deleted states
[pass] LP26-O05 original journal bytes unchanged
[copy-cleanup] {"root":"/private/var/folders/k0/qhmr6zdx11q0_41wfx4dsd200000gn/T/media-server-current-observer-copy-zjFRzC","bytes":1287653,"copied":true,"absent":true,"reason":null,"receiptPreserved":true,"originalUnchanged":true,"manifestUnchanged":true,"groupClosed":true}
[pass] LP26-O05 recovery copy cleanup
[request-budget] {"elapsedMs":1}
[http-timing] {"method":"GET","routeClass":"health","status":null,"headerElapsedMs":null,"bodyElapsedMs":null,"totalElapsedMs":0,"bytes":0,"phase":"header","outcome":"error"}
[request-budget] {"elapsedMs":1}
[http-timing] {"method":"GET","routeClass":"health","status":null,"headerElapsedMs":null,"bodyElapsedMs":null,"totalElapsedMs":0,"bytes":0,"phase":"header","outcome":"error"}
[request-budget] {"elapsedMs":1}
[http-timing] {"method":"GET","routeClass":"health","status":null,"headerElapsedMs":null,"bodyElapsedMs":null,"totalElapsedMs":0,"bytes":0,"phase":"header","outcome":"error"}
[request-budget] {"elapsedMs":1}
[http-timing] {"method":"GET","routeClass":"health","status":null,"headerElapsedMs":null,"bodyElapsedMs":null,"totalElapsedMs":0,"bytes":0,"phase":"header","outcome":"error"}
[request-budget] {"elapsedMs":1}
[http-timing] {"method":"GET","routeClass":"health","status":null,"headerElapsedMs":null,"bodyElapsedMs":null,"totalElapsedMs":0,"bytes":0,"phase":"header","outcome":"error"}
[request-budget] {"elapsedMs":1}
[http-timing] {"method":"GET","routeClass":"health","status":null,"headerElapsedMs":null,"bodyElapsedMs":null,"totalElapsedMs":0,"bytes":0,"phase":"header","outcome":"error"}
[request-budget] {"elapsedMs":1}
[http-timing] {"method":"GET","routeClass":"health","status":null,"headerElapsedMs":null,"bodyElapsedMs":null,"totalElapsedMs":0,"bytes":0,"phase":"header","outcome":"error"}
[request-budget] {"elapsedMs":1}
[http-timing] {"method":"GET","routeClass":"health","status":null,"headerElapsedMs":null,"bodyElapsedMs":null,"totalElapsedMs":0,"bytes":0,"phase":"header","outcome":"error"}
[request-budget] {"elapsedMs":1}
[http-timing] {"method":"GET","routeClass":"health","status":null,"headerElapsedMs":null,"bodyElapsedMs":null,"totalElapsedMs":0,"bytes":0,"phase":"header","outcome":"error"}
[request-budget] {"elapsedMs":1}
[http-timing] {"method":"GET","routeClass":"health","status":null,"headerElapsedMs":null,"bodyElapsedMs":null,"totalElapsedMs":0,"bytes":0,"phase":"header","outcome":"error"}
[request-budget] {"elapsedMs":1}
[http-timing] {"method":"GET","routeClass":"health","status":null,"headerElapsedMs":null,"bodyElapsedMs":null,"totalElapsedMs":0,"bytes":0,"phase":"header","outcome":"error"}
[request-budget] {"elapsedMs":1}
[http-timing] {"method":"GET","routeClass":"health","status":null,"headerElapsedMs":null,"bodyElapsedMs":null,"totalElapsedMs":0,"bytes":0,"phase":"header","outcome":"error"}
[request-budget] {"elapsedMs":1}
[http-timing] {"method":"GET","routeClass":"health","status":null,"headerElapsedMs":null,"bodyElapsedMs":null,"totalElapsedMs":1,"bytes":0,"phase":"header","outcome":"error"}
[request-budget] {"elapsedMs":1}
[http-timing] {"method":"GET","routeClass":"health","status":null,"headerElapsedMs":null,"bodyElapsedMs":null,"totalElapsedMs":1,"bytes":0,"phase":"header","outcome":"error"}
[request-budget] {"elapsedMs":1}
[http-timing] {"method":"GET","routeClass":"health","status":null,"headerElapsedMs":null,"bodyElapsedMs":null,"totalElapsedMs":0,"bytes":0,"phase":"header","outcome":"error"}
[request-budget] {"elapsedMs":1}
[http-timing] {"method":"GET","routeClass":"health","status":null,"headerElapsedMs":null,"bodyElapsedMs":null,"totalElapsedMs":0,"bytes":0,"phase":"header","outcome":"error"}
[request-budget] {"elapsedMs":1}
[http-timing] {"method":"GET","routeClass":"health","status":null,"headerElapsedMs":null,"bodyElapsedMs":null,"totalElapsedMs":0,"bytes":0,"phase":"header","outcome":"error"}
[request-budget] {"elapsedMs":1}
[http-timing] {"method":"GET","routeClass":"health","status":null,"headerElapsedMs":null,"bodyElapsedMs":null,"totalElapsedMs":0,"bytes":0,"phase":"header","outcome":"error"}
[request-budget] {"elapsedMs":1}
[http-timing] {"method":"GET","routeClass":"health","status":null,"headerElapsedMs":null,"bodyElapsedMs":null,"totalElapsedMs":0,"bytes":0,"phase":"header","outcome":"error"}
[request-budget] {"elapsedMs":1}
[http-timing] {"method":"GET","routeClass":"health","status":null,"headerElapsedMs":null,"bodyElapsedMs":null,"totalElapsedMs":0,"bytes":0,"phase":"header","outcome":"error"}
[request-budget] {"elapsedMs":1}
[http-timing] {"method":"GET","routeClass":"health","status":null,"headerElapsedMs":null,"bodyElapsedMs":null,"totalElapsedMs":0,"bytes":0,"phase":"header","outcome":"error"}
[request-budget] {"elapsedMs":1}
[http-timing] {"method":"GET","routeClass":"health","status":null,"headerElapsedMs":null,"bodyElapsedMs":null,"totalElapsedMs":0,"bytes":0,"phase":"header","outcome":"error"}
[request-budget] {"elapsedMs":1}
[http-timing] {"method":"GET","routeClass":"health","status":null,"headerElapsedMs":null,"bodyElapsedMs":null,"totalElapsedMs":0,"bytes":0,"phase":"header","outcome":"error"}
[request-budget] {"elapsedMs":1}
[http-timing] {"method":"GET","routeClass":"health","status":null,"headerElapsedMs":null,"bodyElapsedMs":null,"totalElapsedMs":0,"bytes":0,"phase":"header","outcome":"error"}
[request-budget] {"elapsedMs":1}
[http-timing] {"method":"GET","routeClass":"health","status":null,"headerElapsedMs":null,"bodyElapsedMs":null,"totalElapsedMs":0,"bytes":0,"phase":"header","outcome":"error"}
[request-budget] {"elapsedMs":1}
[http-timing] {"method":"GET","routeClass":"health","status":null,"headerElapsedMs":null,"bodyElapsedMs":null,"totalElapsedMs":0,"bytes":0,"phase":"header","outcome":"error"}
[request-budget] {"elapsedMs":1}
[http-timing] {"method":"GET","routeClass":"health","status":null,"headerElapsedMs":null,"bodyElapsedMs":null,"totalElapsedMs":0,"bytes":0,"phase":"header","outcome":"error"}
[request-budget] {"elapsedMs":1}
[http-timing] {"method":"GET","routeClass":"health","status":null,"headerElapsedMs":null,"bodyElapsedMs":null,"totalElapsedMs":0,"bytes":0,"phase":"header","outcome":"error"}
[request-budget] {"elapsedMs":1}
[http-timing] {"method":"GET","routeClass":"health","status":null,"headerElapsedMs":null,"bodyElapsedMs":null,"totalElapsedMs":0,"bytes":0,"phase":"header","outcome":"error"}
[request-budget] {"elapsedMs":1}
[http-timing] {"method":"GET","routeClass":"health","status":null,"headerElapsedMs":null,"bodyElapsedMs":null,"totalElapsedMs":0,"bytes":0,"phase":"header","outcome":"error"}
[request-budget] {"elapsedMs":1}
[http-timing] {"method":"GET","routeClass":"health","status":null,"headerElapsedMs":null,"bodyElapsedMs":null,"totalElapsedMs":0,"bytes":0,"phase":"header","outcome":"error"}
[request-budget] {"elapsedMs":1}
[http-timing] {"method":"GET","routeClass":"health","status":null,"headerElapsedMs":null,"bodyElapsedMs":null,"totalElapsedMs":0,"bytes":0,"phase":"header","outcome":"error"}
[request-budget] {"elapsedMs":1}
[http-timing] {"method":"GET","routeClass":"health","status":null,"headerElapsedMs":null,"bodyElapsedMs":null,"totalElapsedMs":0,"bytes":0,"phase":"header","outcome":"error"}
[request-budget] {"elapsedMs":1}
[http-timing] {"method":"GET","routeClass":"health","status":null,"headerElapsedMs":null,"bodyElapsedMs":null,"totalElapsedMs":0,"bytes":0,"phase":"header","outcome":"error"}
[request-budget] {"elapsedMs":1}
[http-timing] {"method":"GET","routeClass":"health","status":null,"headerElapsedMs":null,"bodyElapsedMs":null,"totalElapsedMs":1,"bytes":0,"phase":"header","outcome":"error"}
[request-budget] {"elapsedMs":1}
[http-timing] {"method":"GET","routeClass":"health","status":null,"headerElapsedMs":null,"bodyElapsedMs":null,"totalElapsedMs":1,"bytes":0,"phase":"header","outcome":"error"}
[request-budget] {"elapsedMs":1}
[http-timing] {"method":"GET","routeClass":"health","status":null,"headerElapsedMs":null,"bodyElapsedMs":null,"totalElapsedMs":1,"bytes":0,"phase":"header","outcome":"error"}
[request-budget] {"elapsedMs":1}
[http-timing] {"method":"GET","routeClass":"health","status":200,"headerElapsedMs":1,"bodyElapsedMs":0,"totalElapsedMs":1,"bytes":15,"phase":"complete","outcome":"ok"}
[request-budget] {"elapsedMs":1}
[http-timing] {"method":"GET","routeClass":"ice","status":200,"headerElapsedMs":0,"bodyElapsedMs":0,"totalElapsedMs":0,"bytes":222,"phase":"complete","outcome":"ok"}
[pass] LP26-O05 isolated server healthy
[request-budget] {"elapsedMs":1}
[http-timing] {"method":"GET","routeClass":"recording-status","status":200,"headerElapsedMs":3,"bodyElapsedMs":0,"totalElapsedMs":3,"bytes":1612,"phase":"complete","outcome":"ok"}
[status-usage] {"channelId":"9101","aliveBytes":"244877","historicalBytes":"520085","deleted":8,"apiContinuousBytes":244877,"apiEventBytes":0,"physicalFilesChecked":true}
[pass] LP26-O11 independent status usage 9101
[status-usage] {"channelId":"9201","aliveBytes":"244877","historicalBytes":"520085","deleted":8,"apiContinuousBytes":244877,"apiEventBytes":0,"physicalFilesChecked":true}
[pass] LP26-O11 independent status usage 9201
[channel-observation] {"expectedIds":["1","2","3","4","5","9101","9201"],"channels":[{"id":"1","enabled":false,"active":false},{"id":"2","enabled":false,"active":false},{"id":"3","enabled":false,"active":false},{"id":"4","enabled":false,"active":false},{"id":"5","enabled":false,"active":false},{"id":"9101","enabled":false,"active":false},{"id":"9201","enabled":false,"active":false}]}
[pass] LP26-O05 disabled restart
[pass] V440 saved detail remains readable
[pass] V440 immutable manifest
[pass] V440 preserved PNG bytes
[saved-evidence-sources] {"atMs":1791134565528,"id":"ep-0b5668e146aab6267a63ea4bffc4cc508a79eedb63022e5b0de93e84d4c1a75c","afterRestart":true,"currentSources":[{"kind":"recording","id":"968f0b0a-d93b-48f3-888f-ba8e12659322","state":"deleted"}]}
[pass] V440 saved detail remains readable
[pass] V440 immutable manifest
[pass] V440 preserved PNG bytes
[saved-evidence-sources] {"atMs":1791134565535,"id":"ep-6589369fafc7c4ea6cc3b542fa1a850204132d6531a4f707ff28da4708f6d9e7","afterRestart":true,"currentSources":[{"kind":"recording","id":"bf2e3514-ab48-4abb-9c7f-f4e0c79d22a9","state":"deleted"}]}
[pass] V440 original actually deleted before restart readback
[process-cleanup] {"schema":"recording-process-cleanup-v1","attemptCount":1,"pid":70933,"exitCode":0,"signalCode":null,"exitedObserved":true,"stopCode":"complete","forcedTermination":"not-used","normalExitPass":true,"normalShutdownPass":true,"archiveSafe":true,"ports":[{"kind":"http","port":56734,"status":"pass","code":"closed","closed":true},{"kind":"rtsp","port":56735,"status":"pass","code":"closed","closed":true}]}
[workspace-copy-monitor] {"failure":null,"samples":5,"intervalMs":100,"maxGapMs":102.54295800000546,"elapsedMs":504.3807919999963,"peak":{"totalBytes":15093252,"capBytes":480387223,"capExceeded":false,"entries":338,"categories":{"input":{"bytes":135858,"files":2},"media":{"bytes":489754,"files":16},"mediaPartial":{"bytes":0,"files":0},"journal":{"bytes":363886,"files":2},"checkpoint":{"bytes":0,"files":0},"generationSnapshot":{"bytes":267,"files":1},"generationIdentity":{"bytes":160,"files":1},"generationEvidence":{"bytes":0,"files":0},"generationManifest":{"bytes":391,"files":1},"generationTransaction":{"bytes":0,"files":0},"sqlite":{"bytes":327680,"files":1},"wal":{"bytes":0,"files":0},"sqliteAux":{"bytes":0,"files":0},"tmp":{"bytes":0,"files":0},"log":{"bytes":22605,"files":2},"state":{"bytes":4657,"files":2},"events":{"bytes":0,"files":0},"cache":{"bytes":3146396,"files":280},"tools":{"bytes":10197608,"files":2},"recordingsOther":{"bytes":112281,"files":8},"other":{"bytes":291709,"files":1}},"ownership":{"productRecording":{"bytes":1294419,"files":30},"fixtureInput":{"bytes":135858,"files":2},"observerTools":{"bytes":10197608,"files":2},"cache":{"bytes":3146396,"files":280},"temporary":{"bytes":0,"files":0},"runtimeSupport":{"bytes":27262,"files":4},"other":{"bytes":291709,"files":1}},"transientJournalMisses":0,"measurement":"logical-file-bytes-nonatomic","rawPathsPublished":false,"transientTreeRetries":0,"fixedBytes":10625175,"variableBytes":4468077,"copyBytes":1294419,"combinedBytes":16387671,"rootCapBytes":480387223,"combinedCapBytes":950149271,"copyEntries":37,"workspacePolicy":"fixed-plus-variable-v1"},"continuousEnforcement":false}
[snapshot-process] {"status":0,"signal":null,"errorCode":null,"failureCode":null,"elapsedMs":508,"outputBytes":1738,"lastOpenedPhase":"catalog-destruct","lastCompletedPhase":"destruct","traceStatus":"complete","traceLoss":false,"rawOutputPublished":false}
[snapshot-receipt] {"preserved":true,"bytes":13359,"sha256":"08cb091d2227b3df210552806b6e98ebf6d679163f6e4cd46f8513e645f4b22b","rawPathsPublished":false}
[pass] LP26-O05 stopped copy native catalog recovery
[pass] LP26-O05 native surviving and deleted states
[pass] LP26-O05 original journal bytes unchanged
[copy-cleanup] {"root":"/private/var/folders/k0/qhmr6zdx11q0_41wfx4dsd200000gn/T/media-server-current-observer-copy-u4UfUE","bytes":1294419,"copied":true,"absent":true,"reason":null,"receiptPreserved":true,"originalUnchanged":true,"manifestUnchanged":true,"groupClosed":true}
[pass] LP26-O05 recovery copy cleanup
[pass] LP26-O05 restart exact catalog media state
[request-budget] {"elapsedMs":1}
[http-timing] {"method":"GET","routeClass":"health","status":null,"headerElapsedMs":null,"bodyElapsedMs":null,"totalElapsedMs":0,"bytes":0,"phase":"header","outcome":"error"}
[request-budget] {"elapsedMs":1}
[http-timing] {"method":"GET","routeClass":"health","status":null,"headerElapsedMs":null,"bodyElapsedMs":null,"totalElapsedMs":0,"bytes":0,"phase":"header","outcome":"error"}
[request-budget] {"elapsedMs":1}
[http-timing] {"method":"GET","routeClass":"health","status":null,"headerElapsedMs":null,"bodyElapsedMs":null,"totalElapsedMs":0,"bytes":0,"phase":"header","outcome":"error"}
[request-budget] {"elapsedMs":1}
[http-timing] {"method":"GET","routeClass":"health","status":null,"headerElapsedMs":null,"bodyElapsedMs":null,"totalElapsedMs":0,"bytes":0,"phase":"header","outcome":"error"}
[request-budget] {"elapsedMs":1}
[http-timing] {"method":"GET","routeClass":"health","status":null,"headerElapsedMs":null,"bodyElapsedMs":null,"totalElapsedMs":0,"bytes":0,"phase":"header","outcome":"error"}
[request-budget] {"elapsedMs":1}
[http-timing] {"method":"GET","routeClass":"health","status":null,"headerElapsedMs":null,"bodyElapsedMs":null,"totalElapsedMs":0,"bytes":0,"phase":"header","outcome":"error"}
[request-budget] {"elapsedMs":1}
[http-timing] {"method":"GET","routeClass":"health","status":null,"headerElapsedMs":null,"bodyElapsedMs":null,"totalElapsedMs":0,"bytes":0,"phase":"header","outcome":"error"}
[request-budget] {"elapsedMs":1}
[http-timing] {"method":"GET","routeClass":"health","status":null,"headerElapsedMs":null,"bodyElapsedMs":null,"totalElapsedMs":0,"bytes":0,"phase":"header","outcome":"error"}
[request-budget] {"elapsedMs":1}
[http-timing] {"method":"GET","routeClass":"health","status":null,"headerElapsedMs":null,"bodyElapsedMs":null,"totalElapsedMs":1,"bytes":0,"phase":"header","outcome":"error"}
[request-budget] {"elapsedMs":1}
[http-timing] {"method":"GET","routeClass":"health","status":null,"headerElapsedMs":null,"bodyElapsedMs":null,"totalElapsedMs":0,"bytes":0,"phase":"header","outcome":"error"}
[request-budget] {"elapsedMs":1}
[http-timing] {"method":"GET","routeClass":"health","status":null,"headerElapsedMs":null,"bodyElapsedMs":null,"totalElapsedMs":1,"bytes":0,"phase":"header","outcome":"error"}
[request-budget] {"elapsedMs":1}
[http-timing] {"method":"GET","routeClass":"health","status":null,"headerElapsedMs":null,"bodyElapsedMs":null,"totalElapsedMs":0,"bytes":0,"phase":"header","outcome":"error"}
[request-budget] {"elapsedMs":1}
[http-timing] {"method":"GET","routeClass":"health","status":null,"headerElapsedMs":null,"bodyElapsedMs":null,"totalElapsedMs":1,"bytes":0,"phase":"header","outcome":"error"}
[request-budget] {"elapsedMs":1}
[http-timing] {"method":"GET","routeClass":"health","status":null,"headerElapsedMs":null,"bodyElapsedMs":null,"totalElapsedMs":0,"bytes":0,"phase":"header","outcome":"error"}
[request-budget] {"elapsedMs":1}
[http-timing] {"method":"GET","routeClass":"health","status":null,"headerElapsedMs":null,"bodyElapsedMs":null,"totalElapsedMs":0,"bytes":0,"phase":"header","outcome":"error"}
[request-budget] {"elapsedMs":1}
[http-timing] {"method":"GET","routeClass":"health","status":null,"headerElapsedMs":null,"bodyElapsedMs":null,"totalElapsedMs":0,"bytes":0,"phase":"header","outcome":"error"}
[request-budget] {"elapsedMs":1}
[http-timing] {"method":"GET","routeClass":"health","status":null,"headerElapsedMs":null,"bodyElapsedMs":null,"totalElapsedMs":1,"bytes":0,"phase":"header","outcome":"error"}
[request-budget] {"elapsedMs":1}
[http-timing] {"method":"GET","routeClass":"health","status":null,"headerElapsedMs":null,"bodyElapsedMs":null,"totalElapsedMs":0,"bytes":0,"phase":"header","outcome":"error"}
[request-budget] {"elapsedMs":1}
[http-timing] {"method":"GET","routeClass":"health","status":null,"headerElapsedMs":null,"bodyElapsedMs":null,"totalElapsedMs":0,"bytes":0,"phase":"header","outcome":"error"}
[request-budget] {"elapsedMs":1}
[http-timing] {"method":"GET","routeClass":"health","status":null,"headerElapsedMs":null,"bodyElapsedMs":null,"totalElapsedMs":0,"bytes":0,"phase":"header","outcome":"error"}
[request-budget] {"elapsedMs":1}
[http-timing] {"method":"GET","routeClass":"health","status":null,"headerElapsedMs":null,"bodyElapsedMs":null,"totalElapsedMs":0,"bytes":0,"phase":"header","outcome":"error"}
[request-budget] {"elapsedMs":1}
[http-timing] {"method":"GET","routeClass":"health","status":null,"headerElapsedMs":null,"bodyElapsedMs":null,"totalElapsedMs":0,"bytes":0,"phase":"header","outcome":"error"}
[request-budget] {"elapsedMs":1}
[http-timing] {"method":"GET","routeClass":"health","status":null,"headerElapsedMs":null,"bodyElapsedMs":null,"totalElapsedMs":0,"bytes":0,"phase":"header","outcome":"error"}
[request-budget] {"elapsedMs":1}
[http-timing] {"method":"GET","routeClass":"health","status":null,"headerElapsedMs":null,"bodyElapsedMs":null,"totalElapsedMs":0,"bytes":0,"phase":"header","outcome":"error"}
[request-budget] {"elapsedMs":1}
[http-timing] {"method":"GET","routeClass":"health","status":null,"headerElapsedMs":null,"bodyElapsedMs":null,"totalElapsedMs":0,"bytes":0,"phase":"header","outcome":"error"}
[request-budget] {"elapsedMs":1}
[http-timing] {"method":"GET","routeClass":"health","status":null,"headerElapsedMs":null,"bodyElapsedMs":null,"totalElapsedMs":0,"bytes":0,"phase":"header","outcome":"error"}
[request-budget] {"elapsedMs":1}
[http-timing] {"method":"GET","routeClass":"health","status":null,"headerElapsedMs":null,"bodyElapsedMs":null,"totalElapsedMs":1,"bytes":0,"phase":"header","outcome":"error"}
[request-budget] {"elapsedMs":1}
[http-timing] {"method":"GET","routeClass":"health","status":null,"headerElapsedMs":null,"bodyElapsedMs":null,"totalElapsedMs":0,"bytes":0,"phase":"header","outcome":"error"}
[request-budget] {"elapsedMs":1}
[http-timing] {"method":"GET","routeClass":"health","status":null,"headerElapsedMs":null,"bodyElapsedMs":null,"totalElapsedMs":0,"bytes":0,"phase":"header","outcome":"error"}
[request-budget] {"elapsedMs":1}
[http-timing] {"method":"GET","routeClass":"health","status":null,"headerElapsedMs":null,"bodyElapsedMs":null,"totalElapsedMs":0,"bytes":0,"phase":"header","outcome":"error"}
[request-budget] {"elapsedMs":1}
[http-timing] {"method":"GET","routeClass":"health","status":null,"headerElapsedMs":null,"bodyElapsedMs":null,"totalElapsedMs":0,"bytes":0,"phase":"header","outcome":"error"}
[request-budget] {"elapsedMs":1}
[http-timing] {"method":"GET","routeClass":"health","status":null,"headerElapsedMs":null,"bodyElapsedMs":null,"totalElapsedMs":0,"bytes":0,"phase":"header","outcome":"error"}
[request-budget] {"elapsedMs":1}
[http-timing] {"method":"GET","routeClass":"health","status":null,"headerElapsedMs":null,"bodyElapsedMs":null,"totalElapsedMs":0,"bytes":0,"phase":"header","outcome":"error"}
[request-budget] {"elapsedMs":1}
[http-timing] {"method":"GET","routeClass":"health","status":null,"headerElapsedMs":null,"bodyElapsedMs":null,"totalElapsedMs":0,"bytes":0,"phase":"header","outcome":"error"}
[request-budget] {"elapsedMs":1}
[http-timing] {"method":"GET","routeClass":"health","status":null,"headerElapsedMs":null,"bodyElapsedMs":null,"totalElapsedMs":1,"bytes":0,"phase":"header","outcome":"error"}
[request-budget] {"elapsedMs":1}
[http-timing] {"method":"GET","routeClass":"health","status":null,"headerElapsedMs":null,"bodyElapsedMs":null,"totalElapsedMs":0,"bytes":0,"phase":"header","outcome":"error"}
[request-budget] {"elapsedMs":1}
[http-timing] {"method":"GET","routeClass":"health","status":null,"headerElapsedMs":null,"bodyElapsedMs":null,"totalElapsedMs":1,"bytes":0,"phase":"header","outcome":"error"}
[request-budget] {"elapsedMs":1}
[http-timing] {"method":"GET","routeClass":"health","status":200,"headerElapsedMs":1,"bodyElapsedMs":0,"totalElapsedMs":1,"bytes":15,"phase":"complete","outcome":"ok"}
[request-budget] {"elapsedMs":1}
[http-timing] {"method":"GET","routeClass":"ice","status":200,"headerElapsedMs":1,"bodyElapsedMs":0,"totalElapsedMs":1,"bytes":222,"phase":"complete","outcome":"ok"}
[pass] LP26-O05 isolated server healthy
[request-budget] {"elapsedMs":1}
[http-timing] {"method":"GET","routeClass":"source","status":200,"headerElapsedMs":0,"bodyElapsedMs":0,"totalElapsedMs":1,"bytes":3377,"phase":"complete","outcome":"ok"}
[request-budget] {"elapsedMs":1}
[http-timing] {"method":"PUT","routeClass":"source-item","status":200,"headerElapsedMs":64,"bodyElapsedMs":0,"totalElapsedMs":65,"bytes":437,"phase":"complete","outcome":"ok"}
[pass] LP26-O05 setting 9101 true
[request-budget] {"elapsedMs":2}
[http-timing] {"method":"PUT","routeClass":"source-item","status":200,"headerElapsedMs":7,"bodyElapsedMs":0,"totalElapsedMs":7,"bytes":437,"phase":"complete","outcome":"ok"}
[pass] LP26-O05 setting 9201 true
[pass] LP26-O05 reenabled recording after restart
[process-cleanup] {"schema":"recording-process-cleanup-v1","attemptCount":1,"pid":70978,"exitCode":0,"signalCode":null,"exitedObserved":true,"stopCode":"complete","forcedTermination":"not-used","normalExitPass":true,"normalShutdownPass":true,"archiveSafe":true,"ports":[{"kind":"http","port":56782,"status":"pass","code":"closed","closed":true},{"kind":"rtsp","port":56783,"status":"pass","code":"closed","closed":true}]}
[pass] LP26-O02 final restart closed journal no partial tail
[workspace-copy-monitor] {"failure":null,"samples":6,"intervalMs":100,"maxGapMs":102.91654199999903,"elapsedMs":525.6277499999997,"peak":{"totalBytes":15247072,"capBytes":480387223,"capExceeded":false,"entries":343,"categories":{"input":{"bytes":135858,"files":2},"media":{"bytes":589908,"files":20},"mediaPartial":{"bytes":0,"files":0},"journal":{"bytes":396654,"files":2},"checkpoint":{"bytes":0,"files":0},"generationSnapshot":{"bytes":267,"files":1},"generationIdentity":{"bytes":160,"files":1},"generationEvidence":{"bytes":0,"files":0},"generationManifest":{"bytes":391,"files":1},"generationTransaction":{"bytes":0,"files":0},"sqlite":{"bytes":331776,"files":1},"wal":{"bytes":0,"files":0},"sqliteAux":{"bytes":0,"files":0},"tmp":{"bytes":0,"files":0},"log":{"bytes":25859,"files":3},"state":{"bytes":4655,"files":2},"events":{"bytes":0,"files":0},"cache":{"bytes":3146396,"files":280},"tools":{"bytes":10197608,"files":2},"recordingsOther":{"bytes":125831,"files":8},"other":{"bytes":291709,"files":1}},"ownership":{"productRecording":{"bytes":1444987,"files":34},"fixtureInput":{"bytes":135858,"files":2},"observerTools":{"bytes":10197608,"files":2},"cache":{"bytes":3146396,"files":280},"temporary":{"bytes":0,"files":0},"runtimeSupport":{"bytes":30514,"files":5},"other":{"bytes":291709,"files":1}},"transientJournalMisses":0,"measurement":"logical-file-bytes-nonatomic","rawPathsPublished":false,"transientTreeRetries":0,"fixedBytes":10625175,"variableBytes":4621897,"copyBytes":1444987,"combinedBytes":16692059,"rootCapBytes":480387223,"combinedCapBytes":950149271,"copyEntries":41,"workspacePolicy":"fixed-plus-variable-v1"},"continuousEnforcement":false}
[snapshot-process] {"status":0,"signal":null,"errorCode":null,"failureCode":null,"elapsedMs":528,"outputBytes":1736,"lastOpenedPhase":"catalog-destruct","lastCompletedPhase":"destruct","traceStatus":"complete","traceLoss":false,"rawOutputPublished":false}
[snapshot-receipt] {"preserved":true,"bytes":14733,"sha256":"b50d8c32636ae0fef5805ed7f3fbd69668048ce068db591a91535e044c72f914","rawPathsPublished":false}
[pass] LP26-O05 stopped copy native catalog recovery
[pass] LP26-O05 native surviving and deleted states
[pass] LP26-O05 original journal bytes unchanged
[copy-cleanup] {"root":"/private/var/folders/k0/qhmr6zdx11q0_41wfx4dsd200000gn/T/media-server-current-observer-copy-D9A9ns","bytes":1444987,"copied":true,"absent":true,"reason":null,"receiptPreserved":true,"originalUnchanged":true,"manifestUnchanged":true,"groupClosed":true}
[pass] LP26-O05 recovery copy cleanup
[root-storage] {"reason":"final-live","final":true,"elapsedMs":52427,"journalMutationTypes":{"segment_finalized":0,"event_link_created":0,"observation_put":0,"observation_v2_put":0,"deletion_requested":0,"deletion_completed":0,"corruption_detected":0,"recording_order_reserved":36,"segment_v2_finalized":0,"segment_v2_bound_finalized":36,"consumer_reference_put":0,"derived_reference_accepted":0,"referenced_observation_put":0,"derived_job_intent":0,"derived_job_files":0,"derived_job_ready":0,"derived_job_committed":0,"derived_job_complete":0,"derived_job_failed":0,"segment_v2_state":16,"segment_v2_deleted":16},"journalMutationTypesCoverage":"drained-prefix-only; unread-or-partial-tail-excluded","totalBytes":15247072,"capBytes":480387223,"capExceeded":false,"entries":343,"categories":{"input":{"bytes":135858,"files":2},"media":{"bytes":589908,"files":20},"mediaPartial":{"bytes":0,"files":0},"journal":{"bytes":396654,"files":2},"checkpoint":{"bytes":0,"files":0},"generationSnapshot":{"bytes":267,"files":1},"generationIdentity":{"bytes":160,"files":1},"generationEvidence":{"bytes":0,"files":0},"generationManifest":{"bytes":391,"files":1},"generationTransaction":{"bytes":0,"files":0},"sqlite":{"bytes":331776,"files":1},"wal":{"bytes":0,"files":0},"sqliteAux":{"bytes":0,"files":0},"tmp":{"bytes":0,"files":0},"log":{"bytes":25859,"files":3},"state":{"bytes":4655,"files":2},"events":{"bytes":0,"files":0},"cache":{"bytes":3146396,"files":280},"tools":{"bytes":10197608,"files":2},"recordingsOther":{"bytes":125831,"files":8},"other":{"bytes":291709,"files":1}},"ownership":{"productRecording":{"bytes":1444987,"files":34},"fixtureInput":{"bytes":135858,"files":2},"observerTools":{"bytes":10197608,"files":2},"cache":{"bytes":3146396,"files":280},"temporary":{"bytes":0,"files":0},"runtimeSupport":{"bytes":30514,"files":5},"other":{"bytes":291709,"files":1}},"transientJournalMisses":0,"measurement":"logical-file-bytes-nonatomic","rawPathsPublished":false,"transientTreeRetries":0,"fixedBytes":10625175,"variableBytes":4621897,"copyBytes":0,"combinedBytes":15247072,"rootCapBytes":480387223,"combinedCapBytes":950149271,"copyEntries":0,"workspacePolicy":"fixed-plus-variable-v1"}
[root-storage] {"reason":"post-stop","final":true,"elapsedMs":52441,"journalMutationTypes":{"segment_finalized":0,"event_link_created":0,"observation_put":0,"observation_v2_put":0,"deletion_requested":0,"deletion_completed":0,"corruption_detected":0,"recording_order_reserved":36,"segment_v2_finalized":0,"segment_v2_bound_finalized":36,"consumer_reference_put":0,"derived_reference_accepted":0,"referenced_observation_put":0,"derived_job_intent":0,"derived_job_files":0,"derived_job_ready":0,"derived_job_committed":0,"derived_job_complete":0,"derived_job_failed":0,"segment_v2_state":16,"segment_v2_deleted":16},"journalMutationTypesCoverage":"drained-prefix-only; unread-or-partial-tail-excluded","totalBytes":15247072,"capBytes":480387223,"capExceeded":false,"entries":343,"categories":{"input":{"bytes":135858,"files":2},"media":{"bytes":589908,"files":20},"mediaPartial":{"bytes":0,"files":0},"journal":{"bytes":396654,"files":2},"checkpoint":{"bytes":0,"files":0},"generationSnapshot":{"bytes":267,"files":1},"generationIdentity":{"bytes":160,"files":1},"generationEvidence":{"bytes":0,"files":0},"generationManifest":{"bytes":391,"files":1},"generationTransaction":{"bytes":0,"files":0},"sqlite":{"bytes":331776,"files":1},"wal":{"bytes":0,"files":0},"sqliteAux":{"bytes":0,"files":0},"tmp":{"bytes":0,"files":0},"log":{"bytes":25859,"files":3},"state":{"bytes":4655,"files":2},"events":{"bytes":0,"files":0},"cache":{"bytes":3146396,"files":280},"tools":{"bytes":10197608,"files":2},"recordingsOther":{"bytes":125831,"files":8},"other":{"bytes":291709,"files":1}},"ownership":{"productRecording":{"bytes":1444987,"files":34},"fixtureInput":{"bytes":135858,"files":2},"observerTools":{"bytes":10197608,"files":2},"cache":{"bytes":3146396,"files":280},"temporary":{"bytes":0,"files":0},"runtimeSupport":{"bytes":30514,"files":5},"other":{"bytes":291709,"files":1}},"transientJournalMisses":0,"sqlitePages":{"status":"observed","mainBytes":331776,"walBytes":0,"pageSize":4096,"pageCount":81,"freePageCount":0,"livePageCount":81,"liveBytes":331776,"freeBytes":0},"measurement":"logical-file-bytes-nonatomic","rawPathsPublished":false,"transientTreeRetries":0,"fixedBytes":10625175,"variableBytes":4621897,"copyBytes":0,"combinedBytes":15247072,"rootCapBytes":480387223,"combinedCapBytes":950149271,"copyEntries":0,"workspacePolicy":"fixed-plus-variable-v1"}
[server-diagnostic] {"pid":70821,"bytes":20574,"capturedBytes":20574,"sha256":"71ef974132d2536bbe7e5df8899f865587264881831e6645daaa0f2a12ad8a44","overflow":false,"categories":[{"code":"file evidence unavailable","count":0},{"code":"storageBlocked","count":0},{"code":"shutdown","count":0},{"code":"ERROR","count":0},{"code":"WARNING","count":0}],"rawBodyPublished":false,"privateCaptureDisposition":"eligible-for-wrapper-cleanup"}
[server-slow-diagnostic] {"status":"captured","seen":135,"retained":64,"thresholdNs":10000000,"rows":[{"k":0,"o":1,"s":1,"l":2590,"m":3,"t":6,"r":0,"b":22748024667,"a":22748024708,"e":22760938458,"n":1,"w":41,"h":12913750,"x":41,"y":12913750},{"k":0,"o":1,"s":1,"l":2442,"m":3,"t":2,"r":0,"b":23309909167,"a":23309909250,"e":23321258833,"n":1,"w":83,"h":11349583,"x":83,"y":11349583},{"k":1,"o":7,"s":1,"l":1997,"m":3,"t":5,"r":0,"b":24674746250,"a":24674746250,"e":24688313292,"n":1,"w":0,"h":13567042,"x":0,"y":13567042},{"k":0,"o":1,"s":1,"l":2189,"m":3,"t":5,"r":0,"b":24672658250,"a":24672658417,"e":24688314833,"n":1,"w":167,"h":15656416,"x":167,"y":15656416},{"k":1,"o":7,"s":1,"l":1997,"m":3,"t":6,"r":0,"b":24694213167,"a":24694213167,"e":24706678542,"n":1,"w":0,"h":12465375,"x":0,"y":12465375},{"k":0,"o":1,"s":1,"l":2189,"m":3,"t":6,"r":0,"b":24692434833,"a":24692434917,"e":24706680500,"n":1,"w":84,"h":14245583,"x":84,"y":14245583},{"k":0,"o":1,"s":1,"l":601,"m":3,"t":5,"r":0,"b":24693698167,"a":24706688542,"e":24706996458,"n":1,"w":12990375,"h":307916,"x":12990375,"y":307916},{"k":1,"o":7,"s":1,"l":1997,"m":3,"t":5,"r":0,"b":24714036500,"a":24714036500,"e":24725867917,"n":1,"w":0,"h":11831417,"x":0,"y":11831417},{"k":0,"o":1,"s":1,"l":2590,"m":3,"t":5,"r":0,"b":24713383292,"a":24713383375,"e":24725869333,"n":1,"w":83,"h":12485958,"x":83,"y":12485958},{"k":1,"o":7,"s":1,"l":1997,"m":3,"t":6,"r":0,"b":24732954625,"a":24732954625,"e":24744070542,"n":1,"w":0,"h":11115917,"x":0,"y":11115917},{"k":0,"o":1,"s":1,"l":2590,"m":3,"t":6,"r":0,"b":24732362250,"a":24732362292,"e":24744072375,"n":1,"w":42,"h":11710083,"x":42,"y":11710083},{"k":0,"o":1,"s":1,"l":2442,"m":3,"t":2,"r":0,"b":26505455583,"a":26505455625,"e":26516219500,"n":1,"w":42,"h":10763875,"x":42,"y":10763875},{"k":0,"o":1,"s":1,"l":2442,"m":3,"t":2,"r":0,"b":26517169417,"a":26517169500,"e":26527696417,"n":1,"w":83,"h":10526917,"x":83,"y":10526917},{"k":1,"o":7,"s":1,"l":1997,"m":3,"t":5,"r":0,"b":26676522083,"a":26676522083,"e":26688115042,"n":1,"w":0,"h":11592959,"x":0,"y":11592959},{"k":0,"o":1,"s":1,"l":2189,"m":3,"t":5,"r":0,"b":26674955167,"a":26674955208,"e":26688116333,"n":1,"w":41,"h":13161125,"x":41,"y":13161125},{"k":1,"o":7,"s":1,"l":1997,"m":3,"t":6,"r":0,"b":26693456625,"a":26693456625,"e":26705589250,"n":1,"w":0,"h":12132625,"x":0,"y":12132625},{"k":0,"o":1,"s":1,"l":2189,"m":3,"t":6,"r":0,"b":26691789250,"a":26691789292,"e":26705590375,"n":1,"w":42,"h":13801083,"x":42,"y":13801083},{"k":0,"o":1,"s":1,"l":601,"m":3,"t":5,"r":0,"b":26692761875,"a":26705599208,"e":26705885500,"n":1,"w":12837333,"h":286292,"x":12837333,"y":286292},{"k":1,"o":7,"s":1,"l":1997,"m":3,"t":5,"r":0,"b":26712544500,"a":26712544500,"e":26723283500,"n":1,"w":0,"h":10739000,"x":0,"y":10739000},{"k":0,"o":1,"s":1,"l":2590,"m":3,"t":5,"r":0,"b":26711930417,"a":26711930417,"e":26723284917,"n":1,"w":0,"h":11354500,"x":0,"y":11354500},{"k":1,"o":7,"s":1,"l":1997,"m":3,"t":6,"r":0,"b":26732136333,"a":26732136333,"e":26742741542,"n":1,"w":0,"h":10605209,"x":0,"y":10605209},{"k":0,"o":1,"s":1,"l":2590,"m":3,"t":6,"r":0,"b":26731561250,"a":26731561333,"e":26742742500,"n":1,"w":83,"h":11181167,"x":83,"y":11181167},{"k":0,"o":1,"s":1,"l":2442,"m":3,"t":2,"r":0,"b":27623046417,"a":27623046458,"e":27634603708,"n":1,"w":41,"h":11557250,"x":41,"y":11557250},{"k":1,"o":7,"s":1,"l":1997,"m":3,"t":5,"r":0,"b":28688211708,"a":28688211708,"e":28703432292,"n":1,"w":0,"h":15220584,"x":0,"y":15220584},{"k":0,"o":1,"s":1,"l":2189,"m":3,"t":5,"r":0,"b":28685799708,"a":28685799833,"e":28703434042,"n":1,"w":125,"h":17634209,"x":125,"y":17634209},{"k":0,"o":1,"s":1,"l":2131,"m":3,"t":6,"r":0,"b":28690166000,"a":28703442833,"e":28704710917,"n":1,"w":13276833,"h":1268084,"x":13276833,"y":1268084},{"k":1,"o":7,"s":1,"l":1997,"m":3,"t":6,"r":0,"b":28709020667,"a":28709020667,"e":28721866417,"n":1,"w":0,"h":12845750,"x":0,"y":12845750},{"k":0,"o":1,"s":1,"l":2189,"m":3,"t":6,"r":0,"b":28707283250,"a":28707283333,"e":28721868958,"n":1,"w":83,"h":14585625,"x":83,"y":14585625},{"k":0,"o":1,"s":1,"l":601,"m":3,"t":5,"r":0,"b":28709364750,"a":28721877792,"e":28722162167,"n":1,"w":12513042,"h":284375,"x":12513042,"y":284375},{"k":1,"o":7,"s":1,"l":1997,"m":3,"t":5,"r":0,"b":28728919750,"a":28728919750,"e":28739448542,"n":1,"w":0,"h":10528792,"x":0,"y":10528792},{"k":0,"o":1,"s":1,"l":2590,"m":3,"t":5,"r":0,"b":28728345000,"a":28728345042,"e":28739450458,"n":1,"w":42,"h":11105416,"x":42,"y":11105416},{"k":1,"o":7,"s":1,"l":1997,"m":3,"t":6,"r":0,"b":28746559167,"a":28746559167,"e":28759402083,"n":1,"w":0,"h":12842916,"x":0,"y":12842916},{"k":0,"o":1,"s":1,"l":2590,"m":3,"t":6,"r":0,"b":28745813833,"a":28745813875,"e":28759405708,"n":1,"w":42,"h":13591833,"x":42,"y":13591833},{"k":0,"o":1,"s":1,"l":2442,"m":3,"t":2,"r":0,"b":29264379083,"a":29264379167,"e":29275935750,"n":1,"w":84,"h":11556583,"x":84,"y":11556583},{"k":1,"o":7,"s":1,"l":1997,"m":3,"t":5,"r":0,"b":30697572083,"a":30697572083,"e":30714536958,"n":1,"w":0,"h":16964875,"x":0,"y":16964875},{"k":0,"o":1,"s":1,"l":2189,"m":3,"t":5,"r":0,"b":30695342250,"a":30695342583,"e":30714539833,"n":1,"w":333,"h":19197250,"x":333,"y":19197250},{"k":0,"o":1,"s":1,"l":2131,"m":3,"t":6,"r":0,"b":30700563750,"a":30714551625,"e":30716559917,"n":1,"w":13987875,"h":2008292,"x":13987875,"y":2008292},{"k":1,"o":7,"s":1,"l":1997,"m":3,"t":6,"r":0,"b":30723009250,"a":30723009250,"e":30739957500,"n":1,"w":0,"h":16948250,"x":0,"y":16948250},{"k":0,"o":1,"s":1,"l":2189,"m":3,"t":6,"r":0,"b":30720177792,"a":30720178000,"e":30739960750,"n":1,"w":208,"h":19782750,"x":208,"y":19782750},{"k":0,"o":1,"s":1,"l":601,"m":3,"t":5,"r":0,"b":30721312333,"a":30739969958,"e":30740276083,"n":1,"w":18657625,"h":306125,"x":18657625,"y":306125},{"k":1,"o":7,"s":1,"l":1997,"m":3,"t":5,"r":0,"b":30748547667,"a":30748547667,"e":30763704750,"n":1,"w":0,"h":15157083,"x":0,"y":15157083},{"k":0,"o":1,"s":1,"l":2590,"m":3,"t":5,"r":0,"b":30747727625,"a":30747727708,"e":30763706292,"n":1,"w":83,"h":15978584,"x":83,"y":15978584},{"k":1,"o":7,"s":1,"l":1997,"m":3,"t":6,"r":0,"b":30770888542,"a":30770888542,"e":30783817625,"n":1,"w":0,"h":12929083,"x":0,"y":12929083},{"k":0,"o":1,"s":1,"l":2590,"m":3,"t":6,"r":0,"b":30770186667,"a":30770186708,"e":30783819667,"n":1,"w":41,"h":13632959,"x":41,"y":13632959},{"k":0,"o":1,"s":1,"l":2442,"m":3,"t":2,"r":0,"b":32466824958,"a":32466825042,"e":32477875833,"n":1,"w":84,"h":11050791,"x":84,"y":11050791},{"k":1,"o":7,"s":1,"l":1997,"m":3,"t":5,"r":0,"b":32684679083,"a":32684679083,"e":32696321708,"n":1,"w":0,"h":11642625,"x":0,"y":11642625},{"k":0,"o":1,"s":1,"l":2189,"m":3,"t":5,"r":0,"b":32683079208,"a":32683079292,"e":32696323208,"n":1,"w":84,"h":13243916,"x":84,"y":13243916},{"k":1,"o":7,"s":1,"l":1997,"m":3,"t":6,"r":0,"b":32701507250,"a":32701507250,"e":32712366875,"n":1,"w":0,"h":10859625,"x":0,"y":10859625},{"k":0,"o":1,"s":1,"l":2189,"m":3,"t":6,"r":0,"b":32699946708,"a":32699946750,"e":32712368292,"n":1,"w":42,"h":12421542,"x":42,"y":12421542},{"k":0,"o":1,"s":1,"l":601,"m":3,"t":5,"r":0,"b":32701037750,"a":32712375250,"e":32712662708,"n":1,"w":11337500,"h":287458,"x":11337500,"y":287458},{"k":1,"o":7,"s":1,"l":1997,"m":3,"t":5,"r":0,"b":32719335167,"a":32719335167,"e":32729571125,"n":1,"w":0,"h":10235958,"x":0,"y":10235958},{"k":0,"o":1,"s":1,"l":2590,"m":3,"t":5,"r":0,"b":32718756625,"a":32718756667,"e":32729573167,"n":1,"w":42,"h":10816500,"x":42,"y":10816500},{"k":1,"o":7,"s":1,"l":1997,"m":3,"t":6,"r":0,"b":32736406833,"a":32736406833,"e":32748201208,"n":1,"w":0,"h":11794375,"x":0,"y":11794375},{"k":0,"o":1,"s":1,"l":2590,"m":3,"t":6,"r":0,"b":32735747292,"a":32735747333,"e":32748202375,"n":1,"w":41,"h":12455042,"x":41,"y":12455042},{"k":0,"o":1,"s":1,"l":2442,"m":3,"t":2,"r":0,"b":33592008750,"a":33592008792,"e":33604304833,"n":1,"w":42,"h":12296041,"x":42,"y":12296041},{"k":1,"o":7,"s":1,"l":1997,"m":3,"t":5,"r":0,"b":34691570292,"a":34691570292,"e":34703141458,"n":1,"w":0,"h":11571166,"x":0,"y":11571166},{"k":0,"o":1,"s":1,"l":2189,"m":3,"t":5,"r":0,"b":34689827375,"a":34689827500,"e":34703143208,"n":1,"w":125,"h":13315708,"x":125,"y":13315708},{"k":1,"o":7,"s":1,"l":1997,"m":3,"t":6,"r":0,"b":34717877958,"a":34717877958,"e":34730089792,"n":1,"w":0,"h":12211834,"x":0,"y":12211834},{"k":0,"o":1,"s":1,"l":2189,"m":3,"t":6,"r":0,"b":34714223750,"a":34716233375,"e":34730091750,"n":1,"w":2009625,"h":13858375,"x":2009625,"y":13858375},{"k":1,"o":7,"s":1,"l":1997,"m":3,"t":5,"r":0,"b":34730829042,"a":34730829042,"e":34742318917,"n":1,"w":0,"h":11489875,"x":0,"y":11489875},{"k":0,"o":1,"s":1,"l":2590,"m":3,"t":5,"r":0,"b":34716408667,"a":34730099333,"e":34742320125,"n":1,"w":13690666,"h":12220792,"x":13690666,"y":12220792},{"k":1,"o":7,"s":1,"l":1997,"m":3,"t":6,"r":0,"b":34749444667,"a":34749444667,"e":34761005125,"n":1,"w":0,"h":11560458,"x":0,"y":11560458},{"k":0,"o":1,"s":1,"l":2590,"m":3,"t":6,"r":0,"b":34748836167,"a":34748836208,"e":34761006500,"n":1,"w":41,"h":12170292,"x":41,"y":12170292},{"k":0,"o":1,"s":1,"l":2442,"m":3,"t":2,"r":0,"b":35205144125,"a":35205144167,"e":35215624167,"n":1,"w":42,"h":10480000,"x":42,"y":10480000}],"completedSpansOnly":true,"rawBodyPublished":false}
[server-diagnostic] {"pid":70933,"bytes":2031,"capturedBytes":2031,"sha256":"6c54a4e0446fb412c23f7a4d6d93b3eb9c4bac4273e054815929f843fc7b8aba","overflow":false,"categories":[{"code":"file evidence unavailable","count":0},{"code":"storageBlocked","count":0},{"code":"shutdown","count":0},{"code":"ERROR","count":0},{"code":"WARNING","count":0}],"rawBodyPublished":false,"privateCaptureDisposition":"eligible-for-wrapper-cleanup"}
[server-slow-diagnostic] {"status":"captured","seen":1,"retained":1,"thresholdNs":10000000,"rows":[{"k":0,"o":1,"s":1,"l":583,"m":2,"t":1,"r":0,"b":30458,"a":30542,"e":154112708,"n":1,"w":84,"h":154082166,"x":84,"y":154082166}],"completedSpansOnly":true,"rawBodyPublished":false}
[server-diagnostic] {"pid":70978,"bytes":3254,"capturedBytes":3254,"sha256":"4193fd2e76721e67d74f17e4056ca76761122e327b8d1e44ef191d703bdd15a1","overflow":false,"categories":[{"code":"file evidence unavailable","count":0},{"code":"storageBlocked","count":0},{"code":"shutdown","count":0},{"code":"ERROR","count":0},{"code":"WARNING","count":0}],"rawBodyPublished":false,"privateCaptureDisposition":"eligible-for-wrapper-cleanup"}
[server-slow-diagnostic] {"status":"captured","seen":6,"retained":6,"thresholdNs":10000000,"rows":[{"k":0,"o":1,"s":1,"l":583,"m":2,"t":1,"r":0,"b":34042,"a":34125,"e":153618459,"n":1,"w":83,"h":153584334,"x":83,"y":153584334},{"k":1,"o":7,"s":1,"l":1997,"m":2,"t":4,"r":0,"b":5641357500,"a":5641357500,"e":5654090792,"n":1,"w":0,"h":12733292,"x":0,"y":12733292},{"k":0,"o":1,"s":1,"l":2189,"m":2,"t":4,"r":0,"b":5639563459,"a":5639754542,"e":5654092042,"n":1,"w":191083,"h":14337500,"x":191083,"y":14337500},{"k":0,"o":1,"s":1,"l":642,"m":2,"t":3,"r":0,"b":5639790417,"a":5654099917,"e":5654100292,"n":1,"w":14309500,"h":375,"x":14309500,"y":375},{"k":1,"o":7,"s":1,"l":1997,"m":2,"t":1,"r":0,"b":6490011459,"a":6490011459,"e":6501932792,"n":1,"w":0,"h":11921333,"x":0,"y":11921333},{"k":0,"o":1,"s":1,"l":2189,"m":2,"t":1,"r":0,"b":6488494834,"a":6488494875,"e":6501935084,"n":1,"w":41,"h":13440209,"x":41,"y":13440209}],"completedSpansOnly":true,"rawBodyPublished":false}
{"mode":"current-app-observe-short","passed":111,"failed":0,"elapsedMs":52443,"verifiedDurationMs":30156.457665999995,"longrunObservationCompleted":false,"shortPreparationPass":true,"statusCumulativePass":false,"resourceTrendPass":false,"reviewRequired":true,"uiFulltestPass":false,"evidenceLoad":{"cycles":1,"searchSuccess":8,"searchUnavailable":0,"searchSuccessByClient":[2,2,2,2],"createComplete":1,"createPartial":0,"createSuccess":1,"createBusy":1,"retainedChecks":4,"deletedSourceObserved":true,"searchLatencyMs":[38.278041999999914,70.55537499999991,2.284375000000182,3.637166999999863,539.057582999998,529.4517500000002,62.495999999999185,74.94650000000183],"createLatencyMs":[92.46445799999856],"visualResults":40,"visualCreated":1,"visualExpired":0,"visualIndexObservations":[{"cycle":0,"state":"ready","error":"","channels":[{"channelId":"1","indexedFrames":0},{"channelId":"2","indexedFrames":0},{"channelId":"3","indexedFrames":0},{"channelId":"4","indexedFrames":0},{"channelId":"5","indexedFrames":0},{"channelId":"9101","indexedFrames":0},{"channelId":"9201","indexedFrames":0}]},{"cycle":0,"state":"ready","error":"","channels":[{"channelId":"1","indexedFrames":0},{"channelId":"2","indexedFrames":0},{"channelId":"3","indexedFrames":0},{"channelId":"4","indexedFrames":0},{"channelId":"5","indexedFrames":0},{"channelId":"9101","indexedFrames":14},{"channelId":"9201","indexedFrames":14}]}]},"phase":{"elapsedMs":30156.457665999995,"channels":{"9101":{"finalized":14,"deleted":7,"lastAt":36625.486375,"order":"27","store":"15d57a391a562a51f3f17102267b8adb9d1d819c49036b095d95bb0d6513b513","knownMappings":10,"unknownMappings":542},"9201":{"finalized":14,"deleted":7,"lastAt":36625.486375,"order":"28","store":"15d57a391a562a51f3f17102267b8adb9d1d819c49036b095d95bb0d6513b513","knownMappings":10,"unknownMappings":586}},"records":28,"logicalBytes":16665},"resources":{"status":"observed","resourceTrendPass":false,"reviewRequired":true,"sampleCount":7,"groups":[{"pid":70821,"startIdentity":"macos:1791134524:134414","sampleCount":7,"first":{"phaseAt":6848.811709,"sampledAt":1791134529714,"rssBytes":3158786048,"threadCount":37,"fdCount":29,"mutationCount":2},"last":{"phaseAt":36625.486375,"sampledAt":1791134559491,"rssBytes":1672298496,"threadCount":39,"fdCount":29,"mutationCount":86},"max":{"rssBytes":3190210560,"threadCount":39,"fdCount":30},"delta":{"rssBytes":-1486487552,"threadCount":2,"fdCount":0,"mutationCount":84},"elapsedMs":29776.674666,"maxGapMs":5008.983083000001,"warmupMs":300000,"postWarmup":{"status":"insufficient","sampleCount":0,"delta":null,"elapsedMs":null,"rssMiBPerMinute":null}}]},"processCount":3,"processesClosed":true,"udpClosed":true,"tokenStart":null,"tokenEnd":null,"tokenConsumed":null,"tokenSource":"전용 집계 없음"}
[cleanup] {"root":"/private/var/folders/k0/qhmr6zdx11q0_41wfx4dsd200000gn/T/media-server-current-observer-dUg0QA","bytes":15247072,"absent":true}
