[owned-root] {"root":"/private/var/folders/k0/qhmr6zdx11q0_41wfx4dsd200000gn/T/media-server-current-observer-Wv0Kbp","dev":16777232,"ino":168333653,"uid":501}
[pass] LP26-O05 fixed current executable
[fixture-generation] {"status":0,"signal":null,"errorCode":null,"elapsedMs":1196,"timeoutMs":30000,"stdoutBytes":0,"stderrBytes":0,"outputBytes":67929,"categories":{"missingElement":false,"negotiation":false,"pluginScanner":false,"permission":false,"resource":false,"macosService":false},"rawBodyPublished":false}
[pass] LP26-O05 original bounded retention fixture
[workspace-fixed] {"root":"/private/var/folders/k0/qhmr6zdx11q0_41wfx4dsd200000gn/T/media-server-current-observer-Wv0Kbp","dev":16777232,"ino":168333653,"uid":501,"capBytes":469762048,"fixedBytes":10624471,"files":[{"name":"input/retention-9101.mp4","dev":16777232,"ino":168333970,"uid":501,"mode":33188,"size":67929,"mtimeMs":1791131136629.9648,"ctimeMs":1791131136629.9648,"sha256":"91a7613afbda12f4b0b40bf972c7a9a9b294eea8d81044d37f385fb70a791e67"},{"name":"input/retention-9201.mp4","dev":16777232,"ino":168333971,"uid":501,"mode":33188,"size":67929,"mtimeMs":1791131136631.459,"ctimeMs":1791131136631.459,"sha256":"91a7613afbda12f4b0b40bf972c7a9a9b294eea8d81044d37f385fb70a791e67"},{"name":"normalize","dev":16777232,"ino":168333947,"uid":501,"mode":33261,"size":10114024,"mtimeMs":1791131135112.152,"ctimeMs":1791131135112.152,"sha256":"1291b940d7277c7bce5736f0c182c90675619572a8a317c0baa73670950f0485"},{"name":"process-metrics","dev":16777232,"ino":168333950,"uid":501,"mode":33261,"size":82880,"mtimeMs":1791131135378.4832,"ctimeMs":1791131135378.4832,"sha256":"e35370a1e56df52b556e7aa493789039cabf9011192ed0591bcef58c6b382e19"},{"name":"catalog-instrumented.cpp","dev":16777232,"ino":168333942,"uid":501,"mode":33152,"size":291709,"mtimeMs":1791131132657.563,"ctimeMs":1791131132657.563,"sha256":"3b861de2ed948e9fea4abfcc158edff3a7275f8f11e76028e2c1750d49a57f78"}]}
[pass] LP26-O05 distinct canonical sources
[request-budget] {"elapsedMs":1}
[http-timing] {"method":"GET","routeClass":"health","status":null,"headerElapsedMs":null,"bodyElapsedMs":null,"totalElapsedMs":3,"bytes":0,"phase":"header","outcome":"error"}
[request-budget] {"elapsedMs":1}
[http-timing] {"method":"GET","routeClass":"health","status":null,"headerElapsedMs":null,"bodyElapsedMs":null,"totalElapsedMs":1,"bytes":0,"phase":"header","outcome":"error"}
[request-budget] {"elapsedMs":1}
[http-timing] {"method":"GET","routeClass":"health","status":null,"headerElapsedMs":null,"bodyElapsedMs":null,"totalElapsedMs":0,"bytes":0,"phase":"header","outcome":"error"}
[request-budget] {"elapsedMs":1}
[http-timing] {"method":"GET","routeClass":"health","status":null,"headerElapsedMs":null,"bodyElapsedMs":null,"totalElapsedMs":1,"bytes":0,"phase":"header","outcome":"error"}
[request-budget] {"elapsedMs":1}
[http-timing] {"method":"GET","routeClass":"health","status":null,"headerElapsedMs":null,"bodyElapsedMs":null,"totalElapsedMs":1,"bytes":0,"phase":"header","outcome":"error"}
[request-budget] {"elapsedMs":1}
[http-timing] {"method":"GET","routeClass":"health","status":null,"headerElapsedMs":null,"bodyElapsedMs":null,"totalElapsedMs":1,"bytes":0,"phase":"header","outcome":"error"}
[request-budget] {"elapsedMs":1}
[http-timing] {"method":"GET","routeClass":"health","status":null,"headerElapsedMs":null,"bodyElapsedMs":null,"totalElapsedMs":0,"bytes":0,"phase":"header","outcome":"error"}
[request-budget] {"elapsedMs":1}
[http-timing] {"method":"GET","routeClass":"health","status":null,"headerElapsedMs":null,"bodyElapsedMs":null,"totalElapsedMs":0,"bytes":0,"phase":"header","outcome":"error"}
[request-budget] {"elapsedMs":1}
[http-timing] {"method":"GET","routeClass":"health","status":null,"headerElapsedMs":null,"bodyElapsedMs":null,"totalElapsedMs":1,"bytes":0,"phase":"header","outcome":"error"}
[request-budget] {"elapsedMs":1}
[http-timing] {"method":"GET","routeClass":"health","status":null,"headerElapsedMs":null,"bodyElapsedMs":null,"totalElapsedMs":0,"bytes":0,"phase":"header","outcome":"error"}
[request-budget] {"elapsedMs":1}
[http-timing] {"method":"GET","routeClass":"health","status":null,"headerElapsedMs":null,"bodyElapsedMs":null,"totalElapsedMs":0,"bytes":0,"phase":"header","outcome":"error"}
[request-budget] {"elapsedMs":1}
[http-timing] {"method":"GET","routeClass":"health","status":null,"headerElapsedMs":null,"bodyElapsedMs":null,"totalElapsedMs":0,"bytes":0,"phase":"header","outcome":"error"}
[request-budget] {"elapsedMs":1}
[http-timing] {"method":"GET","routeClass":"health","status":null,"headerElapsedMs":null,"bodyElapsedMs":null,"totalElapsedMs":1,"bytes":0,"phase":"header","outcome":"error"}
[request-budget] {"elapsedMs":1}
[http-timing] {"method":"GET","routeClass":"health","status":null,"headerElapsedMs":null,"bodyElapsedMs":null,"totalElapsedMs":0,"bytes":0,"phase":"header","outcome":"error"}
[request-budget] {"elapsedMs":1}
[http-timing] {"method":"GET","routeClass":"health","status":null,"headerElapsedMs":null,"bodyElapsedMs":null,"totalElapsedMs":0,"bytes":0,"phase":"header","outcome":"error"}
[request-budget] {"elapsedMs":1}
[http-timing] {"method":"GET","routeClass":"health","status":null,"headerElapsedMs":null,"bodyElapsedMs":null,"totalElapsedMs":0,"bytes":0,"phase":"header","outcome":"error"}
[request-budget] {"elapsedMs":1}
[http-timing] {"method":"GET","routeClass":"health","status":null,"headerElapsedMs":null,"bodyElapsedMs":null,"totalElapsedMs":0,"bytes":0,"phase":"header","outcome":"error"}
[request-budget] {"elapsedMs":1}
[http-timing] {"method":"GET","routeClass":"health","status":null,"headerElapsedMs":null,"bodyElapsedMs":null,"totalElapsedMs":0,"bytes":0,"phase":"header","outcome":"error"}
[request-budget] {"elapsedMs":1}
[http-timing] {"method":"GET","routeClass":"health","status":null,"headerElapsedMs":null,"bodyElapsedMs":null,"totalElapsedMs":0,"bytes":0,"phase":"header","outcome":"error"}
[request-budget] {"elapsedMs":1}
[http-timing] {"method":"GET","routeClass":"health","status":null,"headerElapsedMs":null,"bodyElapsedMs":null,"totalElapsedMs":0,"bytes":0,"phase":"header","outcome":"error"}
[request-budget] {"elapsedMs":1}
[http-timing] {"method":"GET","routeClass":"health","status":null,"headerElapsedMs":null,"bodyElapsedMs":null,"totalElapsedMs":1,"bytes":0,"phase":"header","outcome":"error"}
[request-budget] {"elapsedMs":1}
[http-timing] {"method":"GET","routeClass":"health","status":null,"headerElapsedMs":null,"bodyElapsedMs":null,"totalElapsedMs":0,"bytes":0,"phase":"header","outcome":"error"}
[request-budget] {"elapsedMs":1}
[http-timing] {"method":"GET","routeClass":"health","status":null,"headerElapsedMs":null,"bodyElapsedMs":null,"totalElapsedMs":0,"bytes":0,"phase":"header","outcome":"error"}
[request-budget] {"elapsedMs":1}
[http-timing] {"method":"GET","routeClass":"health","status":null,"headerElapsedMs":null,"bodyElapsedMs":null,"totalElapsedMs":0,"bytes":0,"phase":"header","outcome":"error"}
[request-budget] {"elapsedMs":1}
[http-timing] {"method":"GET","routeClass":"health","status":null,"headerElapsedMs":null,"bodyElapsedMs":null,"totalElapsedMs":0,"bytes":0,"phase":"header","outcome":"error"}
[request-budget] {"elapsedMs":1}
[http-timing] {"method":"GET","routeClass":"health","status":null,"headerElapsedMs":null,"bodyElapsedMs":null,"totalElapsedMs":0,"bytes":0,"phase":"header","outcome":"error"}
[request-budget] {"elapsedMs":1}
[http-timing] {"method":"GET","routeClass":"health","status":null,"headerElapsedMs":null,"bodyElapsedMs":null,"totalElapsedMs":0,"bytes":0,"phase":"header","outcome":"error"}
[request-budget] {"elapsedMs":1}
[http-timing] {"method":"GET","routeClass":"health","status":null,"headerElapsedMs":null,"bodyElapsedMs":null,"totalElapsedMs":0,"bytes":0,"phase":"header","outcome":"error"}
[request-budget] {"elapsedMs":1}
[http-timing] {"method":"GET","routeClass":"health","status":null,"headerElapsedMs":null,"bodyElapsedMs":null,"totalElapsedMs":1,"bytes":0,"phase":"header","outcome":"error"}
[request-budget] {"elapsedMs":1}
[http-timing] {"method":"GET","routeClass":"health","status":null,"headerElapsedMs":null,"bodyElapsedMs":null,"totalElapsedMs":0,"bytes":0,"phase":"header","outcome":"error"}
[request-budget] {"elapsedMs":1}
[http-timing] {"method":"GET","routeClass":"health","status":null,"headerElapsedMs":null,"bodyElapsedMs":null,"totalElapsedMs":0,"bytes":0,"phase":"header","outcome":"error"}
[request-budget] {"elapsedMs":1}
[http-timing] {"method":"GET","routeClass":"health","status":null,"headerElapsedMs":null,"bodyElapsedMs":null,"totalElapsedMs":1,"bytes":0,"phase":"header","outcome":"error"}
[request-budget] {"elapsedMs":1}
[http-timing] {"method":"GET","routeClass":"health","status":null,"headerElapsedMs":null,"bodyElapsedMs":null,"totalElapsedMs":1,"bytes":0,"phase":"header","outcome":"error"}
[request-budget] {"elapsedMs":1}
[http-timing] {"method":"GET","routeClass":"health","status":null,"headerElapsedMs":null,"bodyElapsedMs":null,"totalElapsedMs":0,"bytes":0,"phase":"header","outcome":"error"}
[request-budget] {"elapsedMs":1}
[http-timing] {"method":"GET","routeClass":"health","status":null,"headerElapsedMs":null,"bodyElapsedMs":null,"totalElapsedMs":0,"bytes":0,"phase":"header","outcome":"error"}
[request-budget] {"elapsedMs":1}
[http-timing] {"method":"GET","routeClass":"health","status":null,"headerElapsedMs":null,"bodyElapsedMs":null,"totalElapsedMs":0,"bytes":0,"phase":"header","outcome":"error"}
[request-budget] {"elapsedMs":1}
[http-timing] {"method":"GET","routeClass":"health","status":null,"headerElapsedMs":null,"bodyElapsedMs":null,"totalElapsedMs":1,"bytes":0,"phase":"header","outcome":"error"}
[request-budget] {"elapsedMs":1}
[http-timing] {"method":"GET","routeClass":"health","status":null,"headerElapsedMs":null,"bodyElapsedMs":null,"totalElapsedMs":0,"bytes":0,"phase":"header","outcome":"error"}
[request-budget] {"elapsedMs":1}
[http-timing] {"method":"GET","routeClass":"health","status":null,"headerElapsedMs":null,"bodyElapsedMs":null,"totalElapsedMs":0,"bytes":0,"phase":"header","outcome":"error"}
[request-budget] {"elapsedMs":1}
[http-timing] {"method":"GET","routeClass":"health","status":null,"headerElapsedMs":null,"bodyElapsedMs":null,"totalElapsedMs":0,"bytes":0,"phase":"header","outcome":"error"}
[request-budget] {"elapsedMs":1}
[http-timing] {"method":"GET","routeClass":"health","status":null,"headerElapsedMs":null,"bodyElapsedMs":null,"totalElapsedMs":0,"bytes":0,"phase":"header","outcome":"error"}
[request-budget] {"elapsedMs":1}
[http-timing] {"method":"GET","routeClass":"health","status":null,"headerElapsedMs":null,"bodyElapsedMs":null,"totalElapsedMs":0,"bytes":0,"phase":"header","outcome":"error"}
[request-budget] {"elapsedMs":1}
[http-timing] {"method":"GET","routeClass":"health","status":null,"headerElapsedMs":null,"bodyElapsedMs":null,"totalElapsedMs":0,"bytes":0,"phase":"header","outcome":"error"}
[request-budget] {"elapsedMs":1}
[http-timing] {"method":"GET","routeClass":"health","status":null,"headerElapsedMs":null,"bodyElapsedMs":null,"totalElapsedMs":0,"bytes":0,"phase":"header","outcome":"error"}
[request-budget] {"elapsedMs":1}
[http-timing] {"method":"GET","routeClass":"health","status":200,"headerElapsedMs":4,"bodyElapsedMs":1,"totalElapsedMs":5,"bytes":15,"phase":"complete","outcome":"ok"}
[request-budget] {"elapsedMs":1}
[http-timing] {"method":"GET","routeClass":"ice","status":200,"headerElapsedMs":1,"bodyElapsedMs":0,"totalElapsedMs":1,"bytes":222,"phase":"complete","outcome":"ok"}
[pass] LP26-O05 isolated server healthy
[request-budget] {"elapsedMs":1}
[http-timing] {"method":"GET","routeClass":"recording-status","status":200,"headerElapsedMs":1,"bodyElapsedMs":0,"totalElapsedMs":1,"bytes":1198,"phase":"complete","outcome":"ok"}
[pass] LP26-O05 independent initial channels
[request-budget] {"elapsedMs":1}
[http-timing] {"method":"POST","routeClass":"source","status":201,"headerElapsedMs":72,"bodyElapsedMs":0,"totalElapsedMs":72,"bytes":433,"phase":"complete","outcome":"ok"}
[request-budget] {"elapsedMs":1}
[http-timing] {"method":"POST","routeClass":"source","status":201,"headerElapsedMs":7,"bodyElapsedMs":0,"totalElapsedMs":8,"bytes":433,"phase":"complete","outcome":"ok"}
[request-budget] {"elapsedMs":1}
[http-timing] {"method":"GET","routeClass":"recording-status","status":200,"headerElapsedMs":1,"bodyElapsedMs":0,"totalElapsedMs":1,"bytes":1588,"phase":"complete","outcome":"ok"}
[channel-readiness] [{"channelId":"9101","enabled":true,"active":true,"storageBlocked":true},{"channelId":"9201","enabled":true,"active":true,"storageBlocked":true}]
[root-storage] {"reason":"failure-live","final":true,"elapsedMs":5921,"journalMutationTypes":null,"journalMutationTypesCoverage":"observer-unavailable","totalBytes":13829052,"capBytes":480386519,"capExceeded":false,"entries":319,"categories":{"input":{"bytes":135858,"files":2},"media":{"bytes":0,"files":0},"mediaPartial":{"bytes":0,"files":0},"journal":{"bytes":922,"files":2},"checkpoint":{"bytes":0,"files":0},"generationSnapshot":{"bytes":267,"files":1},"generationIdentity":{"bytes":160,"files":1},"generationEvidence":{"bytes":0,"files":0},"generationManifest":{"bytes":391,"files":1},"generationTransaction":{"bytes":0,"files":0},"sqlite":{"bytes":49152,"files":1},"wal":{"bytes":0,"files":0},"sqliteAux":{"bytes":0,"files":0},"tmp":{"bytes":0,"files":0},"log":{"bytes":1521,"files":1},"state":{"bytes":4647,"files":2},"events":{"bytes":0,"files":0},"cache":{"bytes":3146149,"files":280},"tools":{"bytes":10196904,"files":2},"recordingsOther":{"bytes":1372,"files":6},"other":{"bytes":291709,"files":1}},"ownership":{"productRecording":{"bytes":52264,"files":12},"fixtureInput":{"bytes":135858,"files":2},"observerTools":{"bytes":10196904,"files":2},"cache":{"bytes":3146149,"files":280},"temporary":{"bytes":0,"files":0},"runtimeSupport":{"bytes":6168,"files":3},"other":{"bytes":291709,"files":1}},"transientJournalMisses":0,"measurement":"logical-file-bytes-nonatomic","rawPathsPublished":false,"transientTreeRetries":0,"fixedBytes":10624471,"variableBytes":3204581,"copyBytes":0,"combinedBytes":13829052,"rootCapBytes":480386519,"combinedCapBytes":950148567,"copyEntries":0,"workspacePolicy":"fixed-plus-variable-v1"}
[fail] current observation: recording-readiness-blocked
[root-storage] {"reason":"final-live","final":true,"elapsedMs":5922,"journalMutationTypes":null,"journalMutationTypesCoverage":"observer-unavailable","totalBytes":13829052,"capBytes":480386519,"capExceeded":false,"entries":319,"categories":{"input":{"bytes":135858,"files":2},"media":{"bytes":0,"files":0},"mediaPartial":{"bytes":0,"files":0},"journal":{"bytes":922,"files":2},"checkpoint":{"bytes":0,"files":0},"generationSnapshot":{"bytes":267,"files":1},"generationIdentity":{"bytes":160,"files":1},"generationEvidence":{"bytes":0,"files":0},"generationManifest":{"bytes":391,"files":1},"generationTransaction":{"bytes":0,"files":0},"sqlite":{"bytes":49152,"files":1},"wal":{"bytes":0,"files":0},"sqliteAux":{"bytes":0,"files":0},"tmp":{"bytes":0,"files":0},"log":{"bytes":1521,"files":1},"state":{"bytes":4647,"files":2},"events":{"bytes":0,"files":0},"cache":{"bytes":3146149,"files":280},"tools":{"bytes":10196904,"files":2},"recordingsOther":{"bytes":1372,"files":6},"other":{"bytes":291709,"files":1}},"ownership":{"productRecording":{"bytes":52264,"files":12},"fixtureInput":{"bytes":135858,"files":2},"observerTools":{"bytes":10196904,"files":2},"cache":{"bytes":3146149,"files":280},"temporary":{"bytes":0,"files":0},"runtimeSupport":{"bytes":6168,"files":3},"other":{"bytes":291709,"files":1}},"transientJournalMisses":0,"measurement":"logical-file-bytes-nonatomic","rawPathsPublished":false,"transientTreeRetries":0,"fixedBytes":10624471,"variableBytes":3204581,"copyBytes":0,"combinedBytes":13829052,"rootCapBytes":480386519,"combinedCapBytes":950148567,"copyEntries":0,"workspacePolicy":"fixed-plus-variable-v1"}
[process-cleanup] {"schema":"recording-process-cleanup-v1","attemptCount":1,"pid":38338,"exitCode":0,"signalCode":null,"exitedObserved":true,"stopCode":"complete","forcedTermination":"not-used","normalExitPass":true,"normalShutdownPass":true,"archiveSafe":true,"ports":[{"kind":"http","port":63754,"status":"pass","code":"closed","closed":true},{"kind":"rtsp","port":63755,"status":"pass","code":"closed","closed":true}]}
[root-storage] {"reason":"post-stop","final":true,"elapsedMs":7144,"journalMutationTypes":null,"journalMutationTypesCoverage":"observer-unavailable","totalBytes":13829827,"capBytes":480386519,"capExceeded":false,"entries":319,"categories":{"input":{"bytes":135858,"files":2},"media":{"bytes":0,"files":0},"mediaPartial":{"bytes":0,"files":0},"journal":{"bytes":922,"files":2},"checkpoint":{"bytes":0,"files":0},"generationSnapshot":{"bytes":267,"files":1},"generationIdentity":{"bytes":160,"files":1},"generationEvidence":{"bytes":0,"files":0},"generationManifest":{"bytes":391,"files":1},"generationTransaction":{"bytes":0,"files":0},"sqlite":{"bytes":49152,"files":1},"wal":{"bytes":0,"files":0},"sqliteAux":{"bytes":0,"files":0},"tmp":{"bytes":0,"files":0},"log":{"bytes":2296,"files":1},"state":{"bytes":4647,"files":2},"events":{"bytes":0,"files":0},"cache":{"bytes":3146149,"files":280},"tools":{"bytes":10196904,"files":2},"recordingsOther":{"bytes":1372,"files":6},"other":{"bytes":291709,"files":1}},"ownership":{"productRecording":{"bytes":52264,"files":12},"fixtureInput":{"bytes":135858,"files":2},"observerTools":{"bytes":10196904,"files":2},"cache":{"bytes":3146149,"files":280},"temporary":{"bytes":0,"files":0},"runtimeSupport":{"bytes":6943,"files":3},"other":{"bytes":291709,"files":1}},"transientJournalMisses":0,"sqlitePages":{"status":"observed","mainBytes":49152,"walBytes":0,"pageSize":4096,"pageCount":12,"freePageCount":0,"livePageCount":12,"liveBytes":49152,"freeBytes":0},"measurement":"logical-file-bytes-nonatomic","rawPathsPublished":false,"transientTreeRetries":0,"fixedBytes":10624471,"variableBytes":3205356,"copyBytes":0,"combinedBytes":13829827,"rootCapBytes":480386519,"combinedCapBytes":950148567,"copyEntries":0,"workspacePolicy":"fixed-plus-variable-v1"}
[server-diagnostic] {"pid":38338,"bytes":2296,"capturedBytes":2296,"sha256":"0634e2251234e9b757d0ef7000fa386d621483d63fc15d300f06058db71bdb2b","overflow":false,"categories":[{"code":"file evidence unavailable","count":0},{"code":"storageBlocked","count":0},{"code":"shutdown","count":0},{"code":"ERROR","count":0},{"code":"WARNING","count":0}],"rawBodyPublished":false,"privateCaptureDisposition":"eligible-for-wrapper-cleanup"}
[server-slow-diagnostic] {"status":"captured","seen":0,"retained":0,"thresholdNs":10000000,"rows":[],"completedSpansOnly":true,"rawBodyPublished":false}
{"mode":"current-app-observe-short","passed":5,"failed":1,"elapsedMs":7144,"verifiedDurationMs":null,"longrunObservationCompleted":false,"shortPreparationPass":false,"statusCumulativePass":false,"resourceTrendPass":false,"reviewRequired":true,"uiFulltestPass":false,"evidenceLoad":{"cycles":0,"searchSuccess":0,"searchUnavailable":0,"searchSuccessByClient":[0,0,0,0],"createComplete":0,"createPartial":0,"createSuccess":0,"createBusy":0,"retainedChecks":0,"deletedSourceObserved":false,"searchLatencyMs":[],"createLatencyMs":[],"visualResults":0,"visualCreated":0,"visualExpired":0,"visualIndexObservations":[]},"phase":null,"resources":{"status":"insufficient","sampleCount":0,"resourceTrendPass":false,"reviewRequired":true,"groups":[]},"processCount":1,"processesClosed":true,"udpClosed":true,"tokenStart":null,"tokenEnd":null,"tokenConsumed":null,"tokenSource":"전용 집계 없음"}
[cleanup] {"preserved":true,"reason":"failed-run"}
