CMakeLists.txt: OK
include/recording/event_recording_bridge.h: OK
include/recording/recording_catalog.h: OK
include/recording/recording_contracts.h: OK
include/recording/recording_derived_event_worker.h: OK
include/recording/recording_evidence_observer.h: OK
include/recording/recording_journal.h: OK
include/recording/recording_runtime_composition.h: OK
include/recording/recording_startup_recovery.h: OK
scripts/internal/recording_auto_identity_crypto_off_smoke.cpp: OK
scripts/internal/recording_default_composition_smoke.cpp: OK
scripts/internal/recording_numeric_reference_smoke.cpp: OK
scripts/internal/verify_recording_default_composition.sh: OK
scripts/internal/verify_recording_derived_event_integration.sh: OK
scripts/internal/verify_recording_numeric_reference.sh: OK
scripts/internal/verify_v410_recording_catalog.sh: OK
src/application/media_server_application.cpp: OK
src/recording/event_recording_bridge.cpp: OK
src/recording/recording_catalog.cpp: OK
src/recording/recording_contracts.cpp: OK
src/recording/recording_derived_event_worker.cpp: OK
src/recording/recording_evidence_observer.cpp: OK
src/recording/recording_journal.cpp: OK
src/recording/recording_media_inspector.cpp: OK
src/recording/recording_read_service.cpp: OK
src/recording/recording_runtime_composition.cpp: OK
src/recording/recording_startup_recovery.cpp: OK
