[pass] D02-03 동일 source/channel/ns immutable snapshot 전달
[pass] D02-03 다른 channel 증거 혼합 거부
[pass] D02-03 stop namespace 증거 삭제
[pass] D02-03 cache capacity 이전 namespace eviction
[pass] D02-03 전체 stop 후 publication/query 거부
[pass] D02-01 신규 root 자동 내구 store identity
[pass] D02-01 재개방 동일 store identity
[pass] D02-01 서로 다른 root 난수 identity 구별
[pass] D02-02 managed lease 동시 소유 거부
[pass] D02-01 명시 ID 기존 계약 유지
[pass] D02-02 명시 ID 충돌 원본 marker 보존
[pass] D02-02 같은 init 내구 ID 복구
[pass] D02-02 legacy nonempty 변환·삭제 거부
[pass] D02-02 손상/unknown marker 덮어쓰기 거부
[pass] D02-06 실제 H264 입력 준비
[fail] D02-10 default 준비16s·500ms·33회 예산
[fail] D02-04/11 raw key→numeric 참조·history null provider 접수·공개 record 불변
[summary] pass=15 fail=2
[cleanup] path=/private/var/folders/k0/qhmr6zdx11q0_41wfx4dsd200000gn/T/media-server-default-composition.aeG3tq bytes=5877796 removed=true
[elapsed] seconds=1 source=bash-SECONDS
