✔ S11-CI01 현행 다섯 단계 순서·실제 child 결과 결박 (0.904ms)
✔ S11-CI08 현행 composition의 24+20+2+5와 B2 두 경로 수용 (0.099666ms)
✔ S11-CI08 구형 source 16 거부·actual-app 미실행 (0.094125ms)
✔ S11-CI08 잘못된 source 21 거부·actual-app 미실행 (0.061209ms)
✔ S11-CI08 summary 누락 거부·actual-app 미실행 (0.059583ms)
✔ S11-CI08 summary 중복 거부·actual-app 미실행 (0.054083ms)
✔ S11-CI08 assertion 누락 거부·actual-app 미실행 (0.053875ms)
✔ S11-CI08 assertion 추가 중복 거부·actual-app 미실행 (0.050958ms)
✔ S11-CI08 같은 합계의 main 중복 거부·actual-app 미실행 (0.084875ms)
✔ S11-CI08 하위 검사 사이 결과 중복 거부·actual-app 미실행 (0.102958ms)
✔ S11-CI08 같은 합계의 child 이동 거부·actual-app 미실행 (0.059625ms)
✔ S11-CI08 B2-S01 누락 대체 거부·actual-app 미실행 (0.064083ms)
✔ S11-CI08 off/on 횟수 모순 거부·actual-app 미실행 (0.072417ms)
✔ S11-CI08 B2-S02 누락 대체 거부·actual-app 미실행 (0.051166ms)
✔ S11-CI08 recovery child exit 오류 거부·actual-app 미실행 (0.075333ms)
✔ S11-CI08 recovery child 결과 누락 거부·actual-app 미실행 (0.056791ms)
✔ S11-CI08 recovery child 결과 중복 거부·actual-app 미실행 (0.04925ms)
✔ S11-CI08 cleanup 누락 거부·actual-app 미실행 (0.059333ms)
✔ S11-CI08 cleanup 실패 거부·actual-app 미실행 (0.048875ms)
✔ S11-CI08 cleanup 중복 거부·actual-app 미실행 (0.043834ms)
✔ S11-CI08 명시 fail 거부·actual-app 미실행 (0.038958ms)
✔ S11-CI08 명시 cleanup FAIL 거부·actual-app 미실행 (0.043333ms)
✔ S11-CI08 nonzero 거부·actual-app 미실행 (0.034125ms)
✔ S11-CI08 signal 거부·actual-app 미실행 (0.033959ms)
✔ S11-CI08 spawn 오류 거부·actual-app 미실행 (0.033292ms)
✔ LP25-C10 http-auth 실제 producer 총계 수용·구형 및 불일치 거부 (0.442291ms)
✔ LP25-C10 http-lifecycle 실제 producer 총계 수용·구형 및 불일치 거부 (0.058583ms)
✔ LP20-X01 실제 종료 producer의 정상 두 결과를 수용 (0.081334ms)
✔ LP20-X02 schema 누락는 정상 종료로 승인하지 않음 (0.10625ms)
✔ LP20-X02 schema 불일치는 정상 종료로 승인하지 않음 (0.056ms)
✔ LP20-X02 반복 종료는 정상 종료로 승인하지 않음 (0.047958ms)
✔ LP20-X02 PID 누락는 정상 종료로 승인하지 않음 (0.046958ms)
✔ LP20-X02 exit 비정상는 정상 종료로 승인하지 않음 (0.041417ms)
✔ LP20-X02 signal 관측는 정상 종료로 승인하지 않음 (0.04125ms)
✔ LP20-X02 종료 미관측는 정상 종료로 승인하지 않음 (0.0405ms)
✔ LP20-X02 stop 오류는 정상 종료로 승인하지 않음 (0.04425ms)
✔ LP20-X02 강제 종료는 정상 종료로 승인하지 않음 (0.044875ms)
✔ LP20-X02 강제 여부 미확인는 정상 종료로 승인하지 않음 (0.049709ms)
✔ LP20-X02 normalExit 실패는 정상 종료로 승인하지 않음 (0.051125ms)
✔ LP20-X02 normalShutdown 실패는 정상 종료로 승인하지 않음 (0.054708ms)
✔ LP20-X02 archive 불가는 정상 종료로 승인하지 않음 (0.057709ms)
✔ LP20-X02 ports 누락는 정상 종료로 승인하지 않음 (0.054ms)
✔ LP20-X02 port 수 부족는 정상 종료로 승인하지 않음 (0.041667ms)
✔ LP20-X02 port kind 중복는 정상 종료로 승인하지 않음 (0.044167ms)
✔ LP20-X02 port 미해제는 정상 종료로 승인하지 않음 (0.050084ms)
✔ LP20-X02 port 상태 모순는 정상 종료로 승인하지 않음 (0.041833ms)
✔ LP20-X02 port 코드 모순는 정상 종료로 승인하지 않음 (0.051083ms)
✔ LP20-X02 port 범위 오류는 정상 종료로 승인하지 않음 (0.049042ms)
✔ LP20-X02 graceful-only 구형 결과는 정상 종료로 승인하지 않음 (0.052583ms)
✔ LP20-X02 정상 flag 누락는 정상 종료로 승인하지 않음 (0.046584ms)
✔ S11-CI04 기존 실제 dispatch 상관 정상·오래된ID·다른조건·복수ID 거부 (0.168458ms)
✔ LP26-O12 느린 timeline 뒤에도 같은 경계를 빠르게 재관측하고 창 이탈은 거부 (0.117583ms)
✔ LP26-O13 고정 fixture의 실제 키프레임만 조기 이벤트 기준으로 수용 (0.0695ms)
✔ S11-CI02 nonzero 실패 후 나머지 미실행 (0.034542ms)
✔ S11-CI02 signal 실패 후 나머지 미실행 (0.017875ms)
✔ S11-CI02 output-limit 실패 후 나머지 미실행 (0.017542ms)
✔ S11-CI02 summary-missing 실패 후 나머지 미실행 (0.01875ms)
✔ S11-CI02 summary-duplicate 실패 후 나머지 미실행 (0.018542ms)
✔ S11-CI02 cleanup-failed 실패 후 나머지 미실행 (0.020875ms)
✔ S11-CI02 port-missing 실패 후 나머지 미실행 (0.020166ms)
✔ S11-CI03 legacy 완료 필드 없음·전체 S11/UI/자원 PASS 분리 (0.049375ms)
✔ S11-CI07 기대 출력 수만 있거나 한 기동 관측 누락이면 완료 거부 (0.402542ms)
✔ S11-CI05 페이지 전체·unplaced 별도 total·동일file mapping dedup (3.9285ms)
✔ S11-CI05 누락·중복item·불안정total·truncated·cap 거부 (0.089375ms)
✔ S11-CI05 첫출력/partial/다른reference/job/unsafe숫자 거부 (0.1065ms)
✔ S11-CI07 정확한 accepted placeholder만 미완료로 분류하고 lineage 모순은 거부 (0.099416ms)
✔ S11-CI06 기존ID/hash 보존과 새event/reference/job/output 분리 (0.119958ms)
✔ S11-CI05 점 이벤트 equal+padding 허용·역전/빈확장 거부 (0.057125ms)
✔ LP25-O04 group members survive full collection and literal two output validation (0.069625ms)
✔ S11-O25-01 bounded group members do not consume the top-level item budget (0.998583ms)
✔ S11-O25-02 group members above the separate bound are rejected before consumption (0.514375ms)
✔ LP25-O04 within group duplicate rejects grouped page before completion consumer (0.063209ms)
✔ LP25-O04 across groups duplicate rejects grouped page before completion consumer (0.042541ms)
✔ LP25-O04 member collides with outer ID rejects grouped page before completion consumer (0.038291ms)
✔ LP25-O04 missing members rejects grouped page before completion consumer (0.040375ms)
✔ LP25-O04 empty members rejects grouped page before completion consumer (0.02975ms)
✔ LP25-O04 leaf cap rejects grouped page before completion consumer (0.029542ms)
✔ LP25-O04 members byte cap rejects grouped page before completion consumer (0.035917ms)
ℹ tests 78
ℹ suites 0
ℹ pass 78
ℹ fail 0
ℹ cancelled 0
ℹ skipped 0
ℹ todo 0
ℹ duration_ms 48.392375
