[scope] typed scratch domain/cross-map; active cold detail only; no product Open/SQLite/publication
[start] 2026-09-25T02:32:37Z
be1057725d0a0b54d705543ce635da6c832e4c53fbec008e91ad63c9a1d0f58b  /Users/dhseo/Workspace/mediaServer/src/domain/strict_json.cpp
960635a08aa900bebfae961cd9e534ab6b91fbace213e1a7416227e7292ec890  /Users/dhseo/Workspace/mediaServer/src/recording/recording_contracts.cpp
106f760a06b8bd5e8db0201dfe8115ecfa7fc3b6b7b37674e3b44e818c5f890f  /Users/dhseo/Workspace/mediaServer/src/recording/recording_journal.cpp
3de942ff8d2e68681f8b8264f8f0d11508196594a2ce051004eaea601ed3bbe0  /Users/dhseo/Workspace/mediaServer/src/recording/recording_generation_manifest.cpp
89e0ae42589342670efeceb324ab1ec211285db79e9a60a7b660066963dd7f10  /Users/dhseo/Workspace/mediaServer/src/recording/recording_generation_cold_mutation.cpp
185f4a49980557e340358ae6e6149f9554df1506bc99cc594c2d0b82d613e74b  /Users/dhseo/Workspace/mediaServer/src/recording/recording_catalog_snapshot.cpp
7b6dd68db062aa19b1e0af7d053ac8827b86566cbd346ed5a9d800f82adfe386  /Users/dhseo/Workspace/mediaServer/src/recording/recording_order_history_snapshot.cpp
d2d85d3466e83441bd01210c4e5eb8532eb1ed3cf95b0fab36ce8bc0515d6124  /Users/dhseo/Workspace/mediaServer/src/recording/recording_identity_shard.cpp
4ce7b4ea3929becab8358eda22f6f163f4f5c62336c7852e0fb4025e36bb168b  /Users/dhseo/Workspace/mediaServer/src/recording/recording_derived_selection.cpp
9c3b463df64e6e9d75ed614f56dd310a9846aff342853bd03201249f859cafdf  /Users/dhseo/Workspace/mediaServer/src/recording/recording_derived_job.cpp
a004836054fccb266884b00df06b06316050a7ae164d7e79ebdae835738479e9  /Users/dhseo/Workspace/mediaServer/src/recording/recording_derived_job_ready.cpp
1a8bd3bbb9712a4d7c6a7eb8676ab07e912bd1d0e6387a48584d39a28cfa43de  /Users/dhseo/Workspace/mediaServer/src/recording/recording_catalog_generation_projection.cpp
542d1e98e414bbb77f4ffce21de6f404541d615236dec75b56ae65ae468d553b  /Users/dhseo/Workspace/mediaServer/scripts/internal/recording_catalog_generation_projection_smoke.cpp
556377841b71a210a906b2d4975e1cc9a652164c6f362388cbb71a439124b8c6  /Users/dhseo/Workspace/mediaServer/include/recording/recording_catalog_generation_projection.h
d9a0b88798c7bb9efb975f8d95028714c1beeaeb447d96566a53d1548451fad8  /Users/dhseo/Workspace/mediaServer/scripts/internal/verify_recording_catalog_generation_projection.sh
/Users/dhseo/Workspace/mediaServer/src/recording/recording_catalog_generation_projection.cpp:101:44: error: use of undeclared identifier 'IsSafeMediaRelpath'
  101 |     for(const auto& pair:p.media_paths)if(!IsSafeMediaRelpath(pair.second)||
      |                                            ^~~~~~~~~~~~~~~~~~
1 error generated.
/Users/dhseo/Workspace/mediaServer/scripts/internal/recording_catalog_generation_projection_smoke.cpp:58:75: error: use of undeclared identifier 'SerializeRecordingOrderReservationV1'; did you mean 'RecordingOrderReservationV1'?
   58 |         Add(RecordingMutationType::RecordingOrderReserved,request,segment,SerializeRecordingOrderReservationV1(order),order);
      |                                                                           ^~~~~~~~~~~~~~~~~~~~~~~~~~~~~~~~~~~~
/Users/dhseo/Workspace/mediaServer/include/recording/recording_journal.h:92:8: note: 'RecordingOrderReservationV1' declared here
   92 | struct RecordingOrderReservationV1 {
      |        ^
1 error generated.
[cleanup] path=/private/var/folders/k0/qhmr6zdx11q0_41wfx4dsd200000gn/T/media-server-catalog-generation-projection.PG3Nkf bytes=0 removed=true
