✔ live 고정 tree는 기존 순회의 bytes/entries/files와 동일 (2.44775ms)
✔ 퇴역 snapshot 경합은 부분 합계와 목록을 버리고 새 전체 측정 (1.058333ms)
✔ 재측정에서 새 파일의 상한 초과도 실패 (0.735625ms)
✔ 연속 ENOENT는 최초+추가2회에서 종료 (0.703041ms)
✔ live EACCES는 재시도하지 않고 실패 (0.427125ms)
✔ live ENOTDIR는 재시도하지 않고 실패 (0.426ms)
✔ live ELOOP는 재시도하지 않고 실패 (0.385ms)
✔ root 부재는 목록화 항목 경합으로 재시도하지 않음 (0.19325ms)
✔ 경합 뒤 root ino 변화는 거부 (0.483417ms)
✔ 경합 뒤 root uid 변화는 거부 (0.341417ms)
✔ 경합 뒤 root mode 변화는 거부 (0.344917ms)
✔ 경합 뒤 root canonical 변화는 거부 (0.298583ms)
✔ 하위 디렉터리의 symlink 교체와 목록 경로 이탈은 거부 (0.825667ms)
✔ 기존 cache symlink는 링크 크기만 세고 대상은 읽지 않음 (0.356916ms)
✔ 안전하지 않은 파일 형식은 재시도 없이 거부 (0.374042ms)
✔ 512MiB와 4096개 경계의 기존 초과 조건 유지 (17.555375ms)
✔ 재측정 중 actual-app-cancelled 보호 유지 (0.518417ms)
✔ 재측정 중 actual-app-deadline 보호 유지 (0.554792ms)
✔ 재측정 중 app-log-cap 보호 유지 (0.41975ms)
✔ archive {"strict":true} 누락은 재시도 없음 (0.313583ms)
✔ archive {"hash":true} 누락은 재시도 없음 (0.28325ms)
✔ archive {"strict":true,"hash":true} 누락은 재시도 없음 (0.275333ms)
✔ archive 동일 크기 hash 변조와 필수 파일 삭제는 기존 copy 대조에서 불일치 (0.63825ms)
✔ live 측정 성공은 현재 manifest의 필수 snapshot 누락·손상을 승인하지 않음 (848.914083ms)
✔ S11-CI01 현행 다섯 단계 순서·실제 child 결과 결박 (0.745708ms)
✔ S11-CI08 현행 composition의 24+20+2+5와 B2 두 경로 수용 (0.1325ms)
✔ S11-CI08 구형 source 16 거부·actual-app 미실행 (0.12525ms)
✔ S11-CI08 잘못된 source 21 거부·actual-app 미실행 (0.06ms)
✔ S11-CI08 summary 누락 거부·actual-app 미실행 (0.05975ms)
✔ S11-CI08 summary 중복 거부·actual-app 미실행 (0.049875ms)
✔ S11-CI08 assertion 누락 거부·actual-app 미실행 (0.058084ms)
✔ S11-CI08 assertion 추가 중복 거부·actual-app 미실행 (0.054875ms)
✔ S11-CI08 같은 합계의 main 중복 거부·actual-app 미실행 (0.080042ms)
✔ S11-CI08 하위 검사 사이 결과 중복 거부·actual-app 미실행 (0.082083ms)
✔ S11-CI08 같은 합계의 child 이동 거부·actual-app 미실행 (0.05725ms)
✔ S11-CI08 B2-S01 누락 대체 거부·actual-app 미실행 (0.063875ms)
✔ S11-CI08 off/on 횟수 모순 거부·actual-app 미실행 (0.053833ms)
✔ S11-CI08 B2-S02 누락 대체 거부·actual-app 미실행 (0.055166ms)
✔ S11-CI08 recovery child exit 오류 거부·actual-app 미실행 (0.065667ms)
✔ S11-CI08 recovery child 결과 누락 거부·actual-app 미실행 (0.0575ms)
✔ S11-CI08 recovery child 결과 중복 거부·actual-app 미실행 (0.054291ms)
✔ S11-CI08 cleanup 누락 거부·actual-app 미실행 (0.051458ms)
✔ S11-CI08 cleanup 실패 거부·actual-app 미실행 (0.052667ms)
✔ S11-CI08 cleanup 중복 거부·actual-app 미실행 (0.05325ms)
✔ S11-CI08 명시 fail 거부·actual-app 미실행 (0.044917ms)
✔ S11-CI08 명시 cleanup FAIL 거부·actual-app 미실행 (0.034292ms)
✔ S11-CI08 nonzero 거부·actual-app 미실행 (0.028792ms)
✔ S11-CI08 signal 거부·actual-app 미실행 (0.029125ms)
✔ S11-CI08 spawn 오류 거부·actual-app 미실행 (0.029916ms)
✔ LP25-C10 http-auth 실제 producer 총계 수용·구형 및 불일치 거부 (0.111084ms)
✔ LP25-C10 http-lifecycle 실제 producer 총계 수용·구형 및 불일치 거부 (0.0435ms)
✔ LP20-X01 실제 종료 producer의 정상 두 결과를 수용 (0.104333ms)
✔ LP20-X02 schema 누락는 정상 종료로 승인하지 않음 (0.1235ms)
✔ LP20-X02 schema 불일치는 정상 종료로 승인하지 않음 (0.066916ms)
✔ LP20-X02 반복 종료는 정상 종료로 승인하지 않음 (0.072125ms)
✔ LP20-X02 PID 누락는 정상 종료로 승인하지 않음 (0.064959ms)
✔ LP20-X02 exit 비정상는 정상 종료로 승인하지 않음 (0.058458ms)
✔ LP20-X02 signal 관측는 정상 종료로 승인하지 않음 (0.054791ms)
✔ LP20-X02 종료 미관측는 정상 종료로 승인하지 않음 (0.056042ms)
✔ LP20-X02 stop 오류는 정상 종료로 승인하지 않음 (0.053625ms)
✔ LP20-X02 강제 종료는 정상 종료로 승인하지 않음 (0.058208ms)
✔ LP20-X02 강제 여부 미확인는 정상 종료로 승인하지 않음 (0.062292ms)
✔ LP20-X02 normalExit 실패는 정상 종료로 승인하지 않음 (0.055208ms)
✔ LP20-X02 normalShutdown 실패는 정상 종료로 승인하지 않음 (0.053667ms)
✔ LP20-X02 archive 불가는 정상 종료로 승인하지 않음 (0.0525ms)
✔ LP20-X02 ports 누락는 정상 종료로 승인하지 않음 (0.067583ms)
✔ LP20-X02 port 수 부족는 정상 종료로 승인하지 않음 (0.057208ms)
✔ LP20-X02 port kind 중복는 정상 종료로 승인하지 않음 (0.057208ms)
✔ LP20-X02 port 미해제는 정상 종료로 승인하지 않음 (0.065375ms)
✔ LP20-X02 port 상태 모순는 정상 종료로 승인하지 않음 (0.054167ms)
✔ LP20-X02 port 코드 모순는 정상 종료로 승인하지 않음 (0.060833ms)
✔ LP20-X02 port 범위 오류는 정상 종료로 승인하지 않음 (0.053625ms)
✔ LP20-X02 graceful-only 구형 결과는 정상 종료로 승인하지 않음 (0.068917ms)
✔ LP20-X02 정상 flag 누락는 정상 종료로 승인하지 않음 (0.059125ms)
✔ S11-CI04 기존 실제 dispatch 상관 정상·오래된ID·다른조건·복수ID 거부 (0.231459ms)
✔ LP26-O12 느린 timeline 뒤에도 같은 경계를 빠르게 재관측하고 창 이탈은 거부 (0.157167ms)
✔ LP26-O13 고정 fixture의 실제 키프레임만 조기 이벤트 기준으로 수용 (0.084917ms)
✔ S11-CI02 nonzero 실패 후 나머지 미실행 (0.041417ms)
✔ S11-CI02 signal 실패 후 나머지 미실행 (0.022ms)
✔ S11-CI02 output-limit 실패 후 나머지 미실행 (0.022834ms)
✔ S11-CI02 summary-missing 실패 후 나머지 미실행 (0.025292ms)
✔ S11-CI02 summary-duplicate 실패 후 나머지 미실행 (0.022375ms)
✔ S11-CI02 cleanup-failed 실패 후 나머지 미실행 (0.025708ms)
✔ S11-CI02 port-missing 실패 후 나머지 미실행 (0.024708ms)
✔ S11-CI03 legacy 완료 필드 없음·전체 S11/UI/자원 PASS 분리 (0.06075ms)
✔ S11-CI07 기대 출력 수만 있거나 한 기동 관측 누락이면 완료 거부 (0.198625ms)
✔ S11-CI05 페이지 전체·unplaced 별도 total·동일file mapping dedup (5.027417ms)
✔ S11-CI05 누락·중복item·불안정total·truncated·cap 거부 (0.158583ms)
✔ S11-CI05 첫출력/partial/다른reference/job/unsafe숫자 거부 (0.15725ms)
✔ S11-CI07 정확한 accepted placeholder만 미완료로 분류하고 lineage 모순은 거부 (0.14375ms)
✔ S11-CI06 기존ID/hash 보존과 새event/reference/job/output 분리 (0.172583ms)
✔ S11-CI05 점 이벤트 equal+padding 허용·역전/빈확장 거부 (0.076917ms)
✔ LP25-O04 group members survive full collection and literal two output validation (0.091875ms)
✔ S11-O25-01 bounded group members do not consume the top-level item budget (1.597333ms)
✔ S11-O25-02 group members above the separate bound are rejected before consumption (0.400417ms)
✔ LP25-O04 within group duplicate rejects grouped page before completion consumer (0.063041ms)
✔ LP25-O04 across groups duplicate rejects grouped page before completion consumer (0.038208ms)
✔ LP25-O04 member collides with outer ID rejects grouped page before completion consumer (0.033125ms)
✔ LP25-O04 missing members rejects grouped page before completion consumer (0.043666ms)
✔ LP25-O04 empty members rejects grouped page before completion consumer (0.03425ms)
✔ LP25-O04 leaf cap rejects grouped page before completion consumer (0.048917ms)
✔ LP25-O04 members byte cap rejects grouped page before completion consumer (0.043916ms)
ℹ tests 102
ℹ suites 0
ℹ pass 102
ℹ fail 0
ℹ cancelled 0
ℹ skipped 0
ℹ todo 0
ℹ duration_ms 932.68625
