[four-searches] successes=24 p95Ms=196.045 maxMs=198.544
[fixed-memory] {"phase":"before-large-service","queries":0,"rssBytes":450297856,"peakRssBytes":3180707840,"heapUsedBytes":23432400,"heapReservedBytes":121634816,"blocks":123402,"zones":2}
[index-ready] candidates=210 elapsedMs=27227.3
[fixed-memory] {"phase":"ready","queries":0,"rssBytes":1932279808,"peakRssBytes":3213000704,"heapUsedBytes":1618273072,"heapReservedBytes":1695268864,"blocks":964921,"zones":2}
[limit-200] attempt=0 candidates=210 results=200 elapsedMs=973.178
[limit-200] attempt=1 candidates=210 results=200 elapsedMs=1222.83
[limit-200] attempt=2 candidates=210 results=200 elapsedMs=1209.3
[fixed-status] queries=3 {"enabled":true,"state":"ready","error":"","searchAvailable":true,"sampleSeconds":1,"scanSeconds":1,"eventSnapshots":"disabled","channels":[{"channelId":"visible","indexedFrames":210,"examinedSegments":2,"unsupportedSegments":0,"examinedSnapshots":0,"unsupportedSnapshots":0}]}
[fixed-memory] {"phase":"response-released","queries":3,"rssBytes":1943289856,"peakRssBytes":3213000704,"heapUsedBytes":1626728976,"heapReservedBytes":1702608896,"blocks":964570,"zones":2}
[limit-200] attempt=3 candidates=210 results=200 elapsedMs=1219.83
[limit-200] attempt=4 candidates=210 results=200 elapsedMs=1214.43
[fixed-status] queries=5 {"enabled":true,"state":"ready","error":"","searchAvailable":true,"sampleSeconds":1,"scanSeconds":1,"eventSnapshots":"disabled","channels":[{"channelId":"visible","indexedFrames":210,"examinedSegments":2,"unsupportedSegments":0,"examinedSnapshots":0,"unsupportedSnapshots":0}]}
[fixed-memory] {"phase":"response-released","queries":5,"rssBytes":1944354816,"peakRssBytes":3213000704,"heapUsedBytes":1626712528,"heapReservedBytes":1710997504,"blocks":964559,"zones":2}
[limit-200] attempt=5 candidates=210 results=200 elapsedMs=1227.77
[limit-200] attempt=6 candidates=210 results=200 elapsedMs=1242.07
[limit-200] attempt=7 candidates=210 results=200 elapsedMs=1221.88
[limit-200] attempt=8 candidates=210 results=200 elapsedMs=962.111
[limit-200] attempt=9 candidates=210 results=200 elapsedMs=1230.36
[fixed-status] queries=10 {"enabled":true,"state":"ready","error":"","searchAvailable":true,"sampleSeconds":1,"scanSeconds":1,"eventSnapshots":"disabled","channels":[{"channelId":"visible","indexedFrames":210,"examinedSegments":2,"unsupportedSegments":0,"examinedSnapshots":0,"unsupportedSnapshots":0}]}
[fixed-memory] {"phase":"response-released","queries":10,"rssBytes":1944371200,"peakRssBytes":3213000704,"heapUsedBytes":1626712560,"heapReservedBytes":1710997504,"blocks":964560,"zones":2}
[limit-200] attempt=10 candidates=210 results=200 elapsedMs=1209.11
[limit-200] attempt=11 candidates=210 results=200 elapsedMs=1231.1
[limit-200] attempt=12 candidates=210 results=200 elapsedMs=1212.95
[limit-200] attempt=13 candidates=210 results=200 elapsedMs=1232.57
[limit-200] attempt=14 candidates=210 results=200 elapsedMs=1230.05
[fixed-status] queries=15 {"enabled":true,"state":"ready","error":"","searchAvailable":true,"sampleSeconds":1,"scanSeconds":1,"eventSnapshots":"disabled","channels":[{"channelId":"visible","indexedFrames":210,"examinedSegments":2,"unsupportedSegments":0,"examinedSnapshots":0,"unsupportedSnapshots":0}]}
[fixed-memory] {"phase":"response-released","queries":15,"rssBytes":1944371200,"peakRssBytes":3213000704,"heapUsedBytes":1626712560,"heapReservedBytes":1710997504,"blocks":964560,"zones":2}
[limit-200] attempt=15 candidates=210 results=200 elapsedMs=987.315
[limit-200] attempt=16 candidates=210 results=200 elapsedMs=1193.07
[limit-200] attempt=17 candidates=210 results=200 elapsedMs=1212.74
[limit-200] attempt=18 candidates=210 results=200 elapsedMs=1154.95
[limit-200] attempt=19 candidates=210 results=200 elapsedMs=1219.12
[fixed-status] queries=20 {"enabled":true,"state":"ready","error":"","searchAvailable":true,"sampleSeconds":1,"scanSeconds":1,"eventSnapshots":"disabled","channels":[{"channelId":"visible","indexedFrames":210,"examinedSegments":2,"unsupportedSegments":0,"examinedSnapshots":0,"unsupportedSnapshots":0}]}
[fixed-memory] {"phase":"response-released","queries":20,"rssBytes":1944371200,"peakRssBytes":3213000704,"heapUsedBytes":1626712560,"heapReservedBytes":1710997504,"blocks":964560,"zones":2}
[limit-200] attempt=20 candidates=210 results=200 elapsedMs=1220.22
[limit-200] attempt=21 candidates=210 results=200 elapsedMs=954.156
[limit-200] attempt=22 candidates=210 results=200 elapsedMs=1196.46
[fixed-status] queries=23 {"enabled":true,"state":"ready","error":"","searchAvailable":true,"sampleSeconds":1,"scanSeconds":1,"eventSnapshots":"disabled","channels":[{"channelId":"visible","indexedFrames":210,"examinedSegments":2,"unsupportedSegments":0,"examinedSnapshots":0,"unsupportedSnapshots":0}]}
[fixed-memory] {"phase":"response-released","queries":23,"rssBytes":1944748032,"peakRssBytes":3213000704,"heapUsedBytes":1626712560,"heapReservedBytes":1710997504,"blocks":964560,"zones":2}
[fixed-memory] {"phase":"worker-stopped","queries":23,"rssBytes":1944649728,"peakRssBytes":3213000704,"heapUsedBytes":1626706080,"heapReservedBytes":1710997504,"blocks":964549,"zones":2}
[fixed-memory] {"phase":"service-destroyed","queries":23,"rssBytes":459587584,"peakRssBytes":3213000704,"heapUsedBytes":23506144,"heapReservedBytes":138412032,"blocks":123841,"zones":2}
[fixed-memory] {"phase":"large-runtime-destroyed","queries":23,"rssBytes":459522048,"peakRssBytes":3213000704,"heapUsedBytes":11193648,"heapReservedBytes":138412032,"blocks":109958,"zones":2}
PASS visual application checks=154 peakRssBytes=3213000704
