✔ REL-DOC-01 제목·완료 문장 없이 명시 metadata 읽기 (0.730666ms)
✔ REL-DOC-02 누락·중복·잘못된 JSON은 실패 (0.136958ms)
✔ REL-DOC-03 source/target·공개 tag·서명·배포 정책 불일치 거부 (0.1185ms)
✔ REL-DOC-04 README 표현 변경·옛 단계명 삭제 허용 (0.535792ms)
✔ REL-DOC-05 틀린 source·target·공개 주장과 필수 링크 누락 거부 (0.100041ms)
✔ REL-DOC-06 Git·과거 실행 기록 없는 소스에서도 현행 문서 검사 (2.38425ms)
✔ REL-DOC-07 CMake 불일치·현행 문서 누락 실패 (2.300791ms)
✔ REL-DOC-08 metadata 문서 경로 이탈·외부 symlink 거부 (2.629042ms)
✔ REL-DOC-09 예제 코드의 metadata 주장은 실제 README가 아님 (0.23725ms)
✔ REL-DOC-10 CLI 소스 archive 실행과 실패 exit·보고서 전파 (62.533625ms)
✔ REL-DOC-11 기존 entry 명령은 같은 판정·실패를 전달 (529.89125ms)
✔ REL-DOC-12 root 누락·unknown 옵션·격리 root의 published 모드는 거부 (64.396125ms)
✔ REL-DOC-13 과거 사례 입력의 경계 훼손·실행 증거 위장 거부 (124.610416ms)
✔ REL-DOC-14 v4.0 승인·완료 기록은 현재 승인/실행 결과나 문서 오류의 대체 근거가 아님 (466.454417ms)
▶ REL-POL-01 현행 정책 소비자는 종료 기록·옛 제목 없이 실행하고 계약 누락은 거부
  ✔ Actions 현행 문서 (24.538959ms)
  ✔ Actions runner 기준 누락 (24.484458ms)
  ✔ Actions 쓰기 권한 반례 (24.372791ms)
  ✔ Actions warning 차단 (25.4795ms)
  ✔ Actions notice 허용 (23.895ms)
  ✔ CI 현행 문서 (23.099875ms)
  ✔ CI 실제 명령 누락 (22.908667ms)
  ✔ v240 현행 문서 (102.590166ms)
  ✔ v240 실행 대상 동시 오연결 (99.237792ms)
  ✔ v250 UI 실행 대상 동시 오연결 (155.16225ms)
  ✔ v250 현행 문서 (157.21375ms)
  ✔ v240 UI 정책 변조 (96.959583ms)
  ✔ v250 제품 연결 누락 (158.654834ms)
  ✔ v250 현재 기능 ID 누락 (159.61275ms)
  ✔ v250 독립 UI 명령을 readiness로 대체 금지 (243.446583ms)
  ✔ v250 UI 정의 누락 (159.463083ms)
  ✔ closeout 현행 문서 (24.974208ms)
  ✔ RC 현행 문서 (129.77325ms)
  ✔ reconciliation 현행 문서 (98.659375ms)
  ✔ closeout 서명 계약 변조 (24.56725ms)
  ✔ closeout 승인 기준 링크 누락 (24.397ms)
  ✔ closeout 실제 명령 연결 누락 (24.927834ms)
  ✔ RC 보존 출력 식별자 누락 (128.715334ms)
  ✔ RC workflow 누락 (129.777167ms)
  ✔ RC 기본 smoke 장시간 혼입 (127.744834ms)
  ✔ RC 생성 결과 실패 유지 (129.803458ms)
  ✔ RC HTML 관측 보존 (128.730083ms)
  ✔ RC 자식 실패 출력 보존 (28.870916ms)
  ✔ RC 정리 실패 전파 (48.968208ms)
  ✔ reconciliation 서명 계약 변조 (99.8215ms)
  ✔ reconciliation UI 판정 연결 누락 (98.189667ms)
  ✔ reconciliation UI 정책 완화 (96.805292ms)
✔ REL-POL-01 현행 정책 소비자는 종료 기록·옛 제목 없이 실행하고 계약 누락은 거부 (2847.761459ms)
✔ REL-POL-02 선택 과거 기록의 확인/미확인/미실행 형식만 검사하며 실제 PASS로 승격하지 않음 (202.320209ms)
ℹ tests 48
ℹ suites 0
ℹ pass 48
ℹ fail 0
ℹ cancelled 0
ℹ skipped 0
ℹ todo 0
ℹ duration_ms 4341.680291
