✔ REL-DOC-01 제목·완료 문장 없이 명시 metadata 읽기 (0.723334ms)
✔ REL-DOC-02 누락·중복·잘못된 JSON은 실패 (0.133958ms)
✔ REL-DOC-03 source/target·공개 tag·서명·배포 정책 불일치 거부 (0.123125ms)
✔ REL-DOC-04 README 표현 변경·옛 단계명 삭제 허용 (0.53675ms)
✔ REL-DOC-05 틀린 source·target·공개 주장과 필수 링크 누락 거부 (0.100875ms)
✔ REL-DOC-06 Git·과거 실행 기록 없는 소스에서도 현행 문서 검사 (4.454208ms)
✔ REL-DOC-07 CMake 불일치·현행 문서 누락 실패 (2.303917ms)
✔ REL-DOC-08 metadata 문서 경로 이탈·외부 symlink 거부 (2.596417ms)
✔ REL-DOC-09 예제 코드의 metadata 주장은 실제 README가 아님 (0.247417ms)
✔ REL-DOC-10 CLI 소스 archive 실행과 실패 exit·보고서 전파 (60.741875ms)
✔ REL-DOC-11 기존 entry 명령은 같은 판정·실패를 전달 (523.821792ms)
✔ REL-DOC-12 root 누락·unknown 옵션·격리 root의 published 모드는 거부 (62.32175ms)
✔ REL-DOC-13 과거 사례 입력의 경계 훼손·실행 증거 위장 거부 (121.387958ms)
✔ REL-DOC-14 v4.0 승인·완료 기록은 현재 승인/실행 결과나 문서 오류의 대체 근거가 아님 (451.636875ms)
▶ REL-POL-01 현행 정책 소비자는 종료 기록·옛 제목 없이 실행하고 계약 누락은 거부
  ✔ v240 현행 문서 (110.936875ms)
  ✔ v250 현행 문서 (154.930166ms)
  ✔ v240 UI 정책 변조 (99.3475ms)
  ✔ v250 제품 연결 누락 (155.793583ms)
  ✔ v250 현재 기능 ID 누락 (160.65325ms)
  ✔ v250 독립 UI 명령을 readiness로 대체 금지 (243.183125ms)
  ✔ v250 UI 정의 누락 (157.095083ms)
  ✔ closeout 현행 문서 (25.574417ms)
  ✔ RC 현행 문서 (132.522709ms)
  ✔ reconciliation 현행 문서 (101.067917ms)
  ✔ closeout 서명 계약 변조 (25.252125ms)
  ✔ closeout 승인 기준 링크 누락 (26.976375ms)
  ✔ closeout 실제 명령 연결 누락 (25.306875ms)
  ✔ RC 보존 출력 식별자 누락 (130.045917ms)
  ✔ RC workflow 누락 (132.324834ms)
  ✔ RC 기본 smoke 장시간 혼입 (129.321708ms)
  ✔ RC 생성 결과 실패 유지 (127.884834ms)
  ✔ RC 정리 실패 전파 (126.300291ms)
  ✔ reconciliation 서명 계약 변조 (97.214209ms)
  ✔ reconciliation UI 판정 연결 누락 (105.168583ms)
  ✔ reconciliation UI 정책 완화 (98.866583ms)
✔ REL-POL-01 현행 정책 소비자는 종료 기록·옛 제목 없이 실행하고 계약 누락은 거부 (2367.06325ms)
✔ REL-POL-02 선택 과거 기록의 확인/미확인/미실행 형식만 검사하며 실제 PASS로 승격하지 않음 (196.901708ms)
ℹ tests 37
ℹ suites 0
ℹ pass 37
ℹ fail 0
ℹ cancelled 0
ℹ skipped 0
ℹ todo 0
ℹ duration_ms 3829.208375
