✔ REL-DOC-01 제목·완료 문장 없이 명시 metadata 읽기 (0.691333ms)
✔ REL-DOC-02 누락·중복·잘못된 JSON은 실패 (0.215333ms)
✔ REL-DOC-03 source/target·공개 tag·서명·배포 정책 불일치 거부 (0.152834ms)
✔ REL-DOC-04 README 표현 변경·옛 단계명 삭제 허용 (0.561458ms)
✔ REL-DOC-05 틀린 source·target·공개 주장과 필수 링크 누락 거부 (0.107625ms)
✔ REL-DOC-06 Git·과거 실행 기록 없는 소스에서도 현행 문서 검사 (2.257042ms)
✔ REL-DOC-07 CMake 불일치·현행 문서 누락 실패 (1.933625ms)
✔ REL-DOC-08 metadata 문서 경로 이탈·외부 symlink 거부 (2.199417ms)
✔ REL-DOC-09 예제 코드의 metadata 주장은 실제 README가 아님 (0.216792ms)
✔ REL-DOC-10 CLI 소스 archive 실행과 실패 exit·보고서 전파 (63.189084ms)
✔ REL-DOC-11 기존 entry 명령은 같은 판정·실패를 전달 (527.1755ms)
✔ REL-DOC-12 root 누락·unknown 옵션·격리 root의 published 모드는 거부 (64.734ms)
✔ REL-DOC-13 과거 사례 입력의 경계 훼손·실행 증거 위장 거부 (122.960166ms)
✔ REL-DOC-14 v4.0 승인·완료 기록은 현재 승인/실행 결과나 문서 오류의 대체 근거가 아님 (471.991417ms)
▶ REL-POL-01 현행 정책 소비자는 종료 기록·옛 제목 없이 실행하고 계약 누락은 거부
  ✔ Actions 현행 문서 (25.005167ms)
  ✔ Actions runner 기준 누락 (26.410125ms)
  ✔ Actions 쓰기 권한 반례 (24.038375ms)
  ✔ Actions warning 차단 (23.476833ms)
  ✔ Actions notice 허용 (22.066917ms)
  ✔ CI 현행 문서 (22.91975ms)
  ✔ CI 실제 명령 누락 (22.645041ms)
  ✔ v240 현행 문서 (102.385166ms)
  ✔ v240 실행 대상 동시 오연결 (99.324542ms)
  ✔ v250 UI 실행 대상 동시 오연결 (154.256708ms)
  ✔ v250 현행 문서 (161.780833ms)
  ✔ v240 UI 정책 변조 (103.066042ms)
  ✔ v250 제품 연결 누락 (156.783ms)
  ✔ v250 현재 기능 ID 누락 (159.065917ms)
  ✔ v250 독립 UI 명령을 readiness로 대체 금지 (242.483709ms)
  ✔ v250 UI 정의 누락 (163.867291ms)
  ✔ closeout 현행 문서 (24.732542ms)
  ✔ RC 현행 문서 (127.01275ms)
  ✔ reconciliation 현행 문서 (96.836209ms)
  ✔ closeout 서명 계약 변조 (26.249958ms)
  ✔ closeout 승인 기준 링크 누락 (27.635083ms)
  ✔ closeout 실제 명령 연결 누락 (24.759083ms)
  ✔ RC 보존 출력 식별자 누락 (127.603958ms)
  ✔ RC workflow 누락 (130.648333ms)
  ✔ RC 기본 smoke 장시간 혼입 (127.162334ms)
  ✔ RC 생성 결과 실패 유지 (130.905417ms)
  ✔ RC 정리 실패 전파 (47.892917ms)
  ✔ reconciliation 서명 계약 변조 (99.936542ms)
  ✔ reconciliation UI 판정 연결 누락 (96.31325ms)
  ✔ reconciliation UI 정책 완화 (96.963625ms)
✔ REL-POL-01 현행 정책 소비자는 종료 기록·옛 제목 없이 실행하고 계약 누락은 거부 (2696.037958ms)
✔ REL-POL-02 선택 과거 기록의 확인/미확인/미실행 형식만 검사하며 실제 PASS로 승격하지 않음 (200.835959ms)
ℹ tests 46
ℹ suites 0
ℹ pass 46
ℹ fail 0
ℹ cancelled 0
ℹ skipped 0
ℹ todo 0
ℹ duration_ms 4188.639541
