✔ REL-DOC-01 제목·완료 문장 없이 명시 metadata 읽기 (0.732083ms)
✔ REL-DOC-02 누락·중복·잘못된 JSON은 실패 (0.13725ms)
✔ REL-DOC-03 source/target·공개 tag·서명·배포 정책 불일치 거부 (0.144542ms)
✔ REL-DOC-04 README 표현 변경·옛 단계명 삭제 허용 (0.556916ms)
✔ REL-DOC-05 틀린 source·target·공개 주장과 필수 링크 누락 거부 (0.099208ms)
✔ REL-DOC-06 Git·과거 실행 기록 없는 소스에서도 현행 문서 검사 (2.491083ms)
✔ REL-DOC-07 CMake 불일치·현행 문서 누락 실패 (2.547333ms)
✔ REL-DOC-08 metadata 문서 경로 이탈·외부 symlink 거부 (2.728541ms)
✔ REL-DOC-09 예제 코드의 metadata 주장은 실제 README가 아님 (0.246625ms)
✔ REL-DOC-10 CLI 소스 archive 실행과 실패 exit·보고서 전파 (61.840334ms)
✔ REL-DOC-11 기존 entry 명령은 같은 판정·실패를 전달 (528.130667ms)
✔ REL-DOC-12 root 누락·unknown 옵션·격리 root의 published 모드는 거부 (63.932625ms)
✔ REL-DOC-13 과거 사례 입력의 경계 훼손·실행 증거 위장 거부 (124.177125ms)
✔ REL-DOC-14 v4.0 승인·완료 기록은 현재 승인/실행 결과나 문서 오류의 대체 근거가 아님 (473.146416ms)
▶ REL-POL-01 현행 정책 소비자는 종료 기록·옛 제목 없이 실행하고 계약 누락은 거부
  ✔ Actions 현행 문서 (24.493292ms)
  ✔ Actions runner 기준 누락 (24.042ms)
  ✔ Actions 쓰기 권한 반례 (25.146167ms)
  ✔ Actions warning 차단 (25.535292ms)
  ✔ Actions notice 허용 (23.710166ms)
  ✔ CI 현행 문서 (22.736625ms)
  ✔ CI 실제 명령 누락 (22.404417ms)
  ✔ v240 현행 문서 (100.188208ms)
  ✔ v250 현행 문서 (157.687208ms)
  ✔ v240 UI 정책 변조 (102.797458ms)
  ✔ v250 제품 연결 누락 (157.271542ms)
  ✔ v250 현재 기능 ID 누락 (159.058541ms)
  ✔ v250 독립 UI 명령을 readiness로 대체 금지 (245.384083ms)
  ✔ v250 UI 정의 누락 (155.287042ms)
  ✔ closeout 현행 문서 (24.74675ms)
  ✔ RC 현행 문서 (127.411417ms)
  ✔ reconciliation 현행 문서 (99.509166ms)
  ✔ closeout 서명 계약 변조 (24.302958ms)
  ✔ closeout 승인 기준 링크 누락 (23.996292ms)
  ✔ closeout 실제 명령 연결 누락 (24.21575ms)
  ✔ RC 보존 출력 식별자 누락 (128.812959ms)
  ✔ RC workflow 누락 (127.210875ms)
  ✔ RC 기본 smoke 장시간 혼입 (125.719167ms)
  ✔ RC 생성 결과 실패 유지 (125.743292ms)
  ✔ RC 정리 실패 전파 (126.071625ms)
  ✔ reconciliation 서명 계약 변조 (99.526ms)
  ✔ reconciliation UI 판정 연결 누락 (98.178417ms)
  ✔ reconciliation UI 정책 완화 (97.493375ms)
✔ REL-POL-01 현행 정책 소비자는 종료 기록·옛 제목 없이 실행하고 계약 누락은 거부 (2500.342083ms)
✔ REL-POL-02 선택 과거 기록의 확인/미확인/미실행 형식만 검사하며 실제 PASS로 승격하지 않음 (201.025959ms)
ℹ tests 44
ℹ suites 0
ℹ pass 44
ℹ fail 0
ℹ cancelled 0
ℹ skipped 0
ℹ todo 0
ℹ duration_ms 3996.432042
