[start] 2026-09-26T06:23:50Z
Darwin 27.0.0 arm64
Apple clang version 21.0.0 (clang-2100.3.34.2)
e5d72a8519447efd7e01e714d3dfc67ab628daa205ffbadd9687d646d931d103  src/recording/recording_catalog.cpp
f86e7ea3cbe3a58c611cb042e351d2e2137d9e81d2c8b4c8bbcd8477f8be65a9  src/recording/recording_catalog_snapshot_export.cpp
827344f4e536884c377415e75f99ab53df049122336ec7f31318079e9f0bc1d6  src/recording/recording_timeline_projection.cpp
c37210ae7c0f363420c0924f6c4cd67872d776936af8a11275ffcd044f334f4c  src/recording/recording_read_service.cpp
5ddf655217005345b92d3c3d839d1151b6b68575b388de69eb9267ebbfa3c591  src/recording/retention_coordinator.cpp
ecef071fb2afcfe69a00654757c639760e2ce75e627ae9c777a564f08161d6a9  src/recording/recording_finalize_recovery.cpp
31a4f8d9fcc73657a652cd538262d49043c6e1a73a318fcb3643bb6377601cdb  src/recording/recording_file_evidence.cpp
64906ef59b651800c009ab84174ee58d8aabfbb5ac95f0d5f7fb7b858e5dbbcf  src/recording/recording_media_inspector.cpp
be1057725d0a0b54d705543ce635da6c832e4c53fbec008e91ad63c9a1d0f58b  src/domain/strict_json.cpp
960635a08aa900bebfae961cd9e534ab6b91fbace213e1a7416227e7292ec890  src/recording/recording_contracts.cpp
728c8da121407897bae883a5e5378f43e319c2901471689aa1a00e7ccf76679a  src/recording/recording_journal.cpp
319ef9eb696f86b0c2806da74d6600312cadfd3e54e70d2aad8bc7d7792c73e1  src/recording/recording_cutover_input.cpp
fbed2090cf6779e06688073c547ae624e2f7c6bd3b3406276702ae300755e946  src/recording/recording_generation_transaction.cpp
7fd444caa2244008d03e060abb3655c2650988239b1c22dd7390fb7e9ccbed67  src/recording/recording_generation_receipt.cpp
3dcdd1d4f24b89402ac951f51939c405ae5c5b77a0c88b64f0790d090903b248  src/recording/recording_generation_manifest.cpp
13959bfc857110f7533a659d426a8c67f86b505b75ab0844dd35f3a073abf83a  src/recording/recording_generation_cold_mutation.cpp
fd87fe5e381436c95e827f7094d46d732f93b273c7877ceb6aa9a9dfa9ed9dc7  src/recording/recording_generation_files.cpp
f3685cafe9c440185035955a406e303328eadc27112cb244e7e7404ea7933bd1  src/recording/recording_catalog_snapshot.cpp
37bfb810644302f1610c301330aa1773593c6de6e47eeeff9988185570e3abfb  src/recording/recording_order_history_snapshot.cpp
1650ede659a5dbee60475a7aa6d63d9c13beaf00a3851dc0a67dc7d924e89077  src/recording/recording_identity_shard.cpp
4ce7b4ea3929becab8358eda22f6f163f4f5c62336c7852e0fb4025e36bb168b  src/recording/recording_derived_selection.cpp
9c3b463df64e6e9d75ed614f56dd310a9846aff342853bd03201249f859cafdf  src/recording/recording_derived_job.cpp
a004836054fccb266884b00df06b06316050a7ae164d7e79ebdae835738479e9  src/recording/recording_derived_job_ready.cpp
308957f98dd4bf791e8c5cd431e4e459d2cf2d70dc6e8f4470e1fe5edc5388ec  src/recording/recording_catalog_generation_projection.cpp
1e3b000d1ea837fbc73200359c47294b545545c67ea7b01238e7be29c1846302  src/recording/recording_generation_active.cpp
03b15fa8d4fde093d351dd16e90e3da127bf59635ccf5e5bafb3df6a33e64e73  scripts/internal/recording_generation_append_smoke.cpp
3e5a31d0852020b80c748a2d50e02fe96454b4b3b2566697a0b4bb88d15721b5  include/recording/recording_catalog.h
3b34068982b4b6f372e2433e87eab291ac4ad76524cc3088b6b9ed912ae5980f  include/recording/recording_journal.h
bedf1c1167d250b114140e2273c4d9e7ed233b6cb8d420f289f5cea61d89f9b5  include/recording/recording_generation_recovery_session.h
c581c0b322cc32da971a88126ce9fbcd0b26371cee1a5cd1e1f9a154ef7d917c  scripts/internal/recording_catalog_generation_scratch_smoke.cpp
17362fbda3e98e52bc9587725e499b658ea9e73e124d251b3188563a7d53514d  scripts/internal/recording_catalog_generation_projection_smoke.cpp
6d144742f87417461ea5de566785a0618e697dbf7e5789d8f4b4e679845bfca8  scripts/internal/recording_journal_generation_readonly_smoke.cpp
f9406039e8d2cbc2a878cb051c914197e3661bb009b6c0ef9720d2e084c7bb28  scripts/internal/recording_generation_append_sql_cases.inc
42d2f0a8a074b8fb38cea4b67b178bfe36427c0e5b6f7aafca14232fadaa7c77  /Users/dhseo/Workspace/mediaServer/scripts/internal/verify_recording_generation_append.sh
[config] crypto=1 sqlite=1 backend=1
B03-W05 PASS Catalog wrapper preserves v1 Journal-only reservation semantics
B03-W01 PASS writable mode describes actual opt-in state
B03-W05 PASS B finalize plus hold publishes one row and same SQL protection
B03-W01 PASS public plain V1 finalize remains supported under explicit opt-in
B03-W04 PASS independent SQL segment-v1/legacy
B03-W04 PASS independent SQL media-path/legacy
B03-W01 PASS explicit B append succeeds
B03-W01 PASS same-ID retry adds no physical row or projection
B03-W02 PASS same-ID changed payload rejected before durable
B03-W02 PASS invalid schema not normalized away
B03-W02 PASS missing domain entity leaves bytes and current maps unchanged
B03-W02 PASS unknown mutation rejected before durable
B03-W02 PASS checkpoint-only receipt cannot use B append
B03-W05 PASS raw foreign append remains blocked; writable checkpoint moves to C01
B03-W01 PASS Catalog reservation preserves retry tuple timestamp and bytes
B03-W02 PASS reservation conflict leaves output and active unchanged
B03-W02 PASS reservation ordinary-ID and foreign-store conflicts are non-durable
B03-W05 PASS raw Journal reserve remains blocked under opt-in
B03-W01 PASS active opaque slot and epoch survive append
B03-W04 PASS independent SQL tombstone-v1/segment
B03-W01 PASS V1 tombstone internal ID retained and historical bytes unchanged
B03-W04 PASS SQL internal key delete and reservation excluded from segment-state ordinal
B03-W04 PASS delta writes never rebuild or modify unrelated SQL key
B03-C01 PASS writable checkpoint supported after append branch assertions
B03-W01 PASS new read-only owner strict replay restores appended current state
B03-W05 PASS default B writes remain blocked after writable owner
B03-W02 PASS domain-invalid segment-v1
B03-W01 PASS append branch segment-v1
B03-W04 PASS independent SQL segment-v1/legacy
B03-W02 PASS domain-invalid segment-v1
B03-W01 PASS append branch segment-v1
B03-W04 PASS independent SQL segment-v1/derived
B03-W02 PASS domain-invalid tombstone-v2
B03-W01 PASS append branch tombstone-v2
B03-W04 PASS independent SQL tombstone-v2/removed
B03-W02 PASS domain-invalid tombstone-v1
B03-W01 PASS append branch tombstone-v1
B03-W04 PASS independent SQL tombstone-v1/standalone
B03-W02 PASS domain-invalid observation-v1
B03-W01 PASS append branch observation-v1
B03-W04 PASS independent SQL observation-v1/obs
B03-W02 PASS domain-invalid observation-v2
B03-W01 PASS append branch observation-v2
B03-W04 PASS independent SQL observation-v2/obs-v2
B03-W04 PASS independent SQL observation-v2/obs-v2
B03-W02 PASS domain-invalid referenced-observation
B03-W01 PASS append branch referenced-observation
B03-W04 PASS independent SQL referenced-observation/referenced
B03-W04 PASS independent SQL referenced-observation/referenced
B03-W02 PASS domain-invalid event-link
B03-W01 PASS append branch event-link
B03-W04 PASS independent SQL event-link/link
B03-W01 PASS bound V2 append exposes strict active cold source
B03-W01 PASS plain V2 finalized append
B03-W04 PASS independent SQL segment-v2/plain
B03-W04 PASS independent SQL state-v2/plain
B03-W04 PASS independent SQL retired-v2/plain
B11-P01 PASS retired append removes obsolete current detail keys
B03-W01 PASS source link remains authoritative after reservation and multiple appends
B03-W04 PASS thin source delta uses exact latest ID and sample count
B03-W01 PASS new owner restores reservations bound source and V2 deletion
B03-W01 PASS consumer and accepted reference append
B03-W01 PASS prepared Files validation consumed under current owner
B03-W01 PASS same-content service retry does not append
B03-W01 PASS Files to Ready binds Catalog-reserved output
B03-W01 PASS Ready to Committed publishes typed output
B03-W04 PASS independent SQL segment-v2/dj-93afe8b212d02e3fd6831451aaf05d9f8eeba2117acaf0fe7b77d7f702dccc4d-o0
B03-W04 PASS independent SQL media-path/dj-93afe8b212d02e3fd6831451aaf05d9f8eeba2117acaf0fe7b77d7f702dccc4d-o0
B03-W01 PASS terminal job raw detail acquired from appended row
B03-W01 PASS historical opaque source link survives active reservation and job appends
B03-W04 PASS job SQL delta exact state latest identity source and output IDs
B03-W04 PASS job transitions do not rewrite source snapshot identity archive manifest
B03-W01 PASS new owner recovers terminal job through all active transitions
B03-W01 PASS consumer and accepted reference append
B03-W01 PASS Intent to Failed durable transition
B03-W01 PASS terminal job raw detail acquired from appended row
B03-W01 PASS historical opaque source link survives active reservation and job appends
B03-W04 PASS job SQL delta exact state latest identity source and output IDs
B03-W04 PASS job transitions do not rewrite source snapshot identity archive manifest
B03-W01 PASS new owner recovers terminal job through all active transitions
B03-W02 PASS admission prewrite active
B03-W02 PASS admission prewrite cold
B03-W02 PASS admission prewrite ids
B03-W02 PASS admission prewrite ordinal
B03-W02 PASS sequence exhaustion refuses new reservation without wrap or bytes
B03-W01 PASS sequence maximum original reservation retry remains valid
B03-W05 PASS read-only B refuses idempotent corrupt and Catalog reserve
B03-W01 PASS prepared Committed applies two ordered output segments atomically
B03-W04 PASS independent SQL segment-v2/dj-82e8d4f5faa6e1ee190d10b5e389183636c9069e76c2dd80b7922d4f681f9972-o0
B03-W04 PASS independent SQL media-path/dj-82e8d4f5faa6e1ee190d10b5e389183636c9069e76c2dd80b7922d4f681f9972-o0
B03-W04 PASS independent SQL segment-v2/dj-82e8d4f5faa6e1ee190d10b5e389183636c9069e76c2dd80b7922d4f681f9972-o1
B03-W04 PASS independent SQL media-path/dj-82e8d4f5faa6e1ee190d10b5e389183636c9069e76c2dd80b7922d4f681f9972-o1
B03-W03 PASS post-write fsync/apply/exception failure poisons all authority including Timeline
B03-W03 PASS poison rejects later writes and preserves historical source
B03-W03 PASS partial active tail rejected without automatic truncation
B03-W03 PASS post-write fsync/apply/exception failure poisons all authority including Timeline
B03-W03 PASS poison rejects later writes and preserves historical source
B03-W03 PASS complete durable envelope allows strict new owner reopen
B03-W03 PASS complete record recovery applies durable current state
B03-W03 PASS post-write fsync/apply/exception failure poisons all authority including Timeline
B03-W03 PASS poison rejects later writes and preserves historical source
B03-W03 PASS complete durable envelope allows strict new owner reopen
B03-W03 PASS complete record recovery applies durable current state
B03-W03 PASS post-write fsync/apply/exception failure poisons all authority including Timeline
B03-W03 PASS poison rejects later writes and preserves historical source
B03-W03 PASS complete durable envelope allows strict new owner reopen
B03-W03 PASS complete record recovery applies durable current state
B03-W04 PASS unsafe cache sidecar rejected before active write and SQL BEGIN
B03-W04 PASS unsafe cache sidecar rejected before active write and SQL BEGIN
B03-W03 PASS SQL prepare failure remains failure after durable append
B03-W03 PASS failed SQL leaves one complete intended durable mutation
B03-W03 PASS failed SQL transaction publishes no new identity
B03-W03 PASS durable SQL failure closes same-owner public reads and reopen
B03-W03 PASS poisoned owner refuses subsequent write without new bytes
B03-W03 PASS new owner rebuild recovers durable corruption independently of old SQL cache
B03-W03 PASS new owner recovery does not append or rewrite the intended mutation
B03-W04 PASS SQL failure and recovery leave immutable authority files unchanged
B03-W03 PASS SQL step failure rolls back changed keys
B03-W03 PASS failed SQL leaves one complete intended durable mutation
B03-W03 PASS failed SQL transaction publishes no new identity
B03-W03 PASS failed SQL transaction preserves prior independently observed lifecycle
B03-W03 PASS durable SQL failure closes same-owner public reads and reopen
B03-W03 PASS poisoned owner refuses subsequent write without new bytes
B03-W03 PASS new owner rebuild recovers durable corruption independently of old SQL cache
B03-W03 PASS new owner recovery does not append or rewrite the intended mutation
B03-W04 PASS SQL failure and recovery leave immutable authority files unchanged
B03-W03 PASS actual reader lock makes COMMIT failure explicit
B03-W03 PASS failed SQL leaves one complete intended durable mutation
B03-W03 PASS failed SQL transaction publishes no new identity
B03-W03 PASS failed SQL transaction preserves prior independently observed lifecycle
B03-W03 PASS durable SQL failure closes same-owner public reads and reopen
B03-W03 PASS poisoned owner refuses subsequent write without new bytes
B03-W03 PASS new owner rebuild recovers durable corruption independently of old SQL cache
B03-W03 PASS new owner recovery does not append or rewrite the intended mutation
B03-W04 PASS SQL failure and recovery leave immutable authority files unchanged
[config] crypto=1 sqlite=0 backend=1
B03-W05 PASS Catalog wrapper preserves v1 Journal-only reservation semantics
B03-W01 PASS writable mode describes actual opt-in state
B03-W05 PASS B finalize plus hold publishes one row and same SQL protection
B03-W01 PASS public plain V1 finalize remains supported under explicit opt-in
B03-W01 PASS explicit B append succeeds
B03-W01 PASS same-ID retry adds no physical row or projection
B03-W02 PASS same-ID changed payload rejected before durable
B03-W02 PASS invalid schema not normalized away
B03-W02 PASS missing domain entity leaves bytes and current maps unchanged
B03-W02 PASS unknown mutation rejected before durable
B03-W02 PASS checkpoint-only receipt cannot use B append
B03-W05 PASS raw foreign append remains blocked; writable checkpoint moves to C01
B03-W01 PASS Catalog reservation preserves retry tuple timestamp and bytes
B03-W02 PASS reservation conflict leaves output and active unchanged
B03-W02 PASS reservation ordinary-ID and foreign-store conflicts are non-durable
B03-W05 PASS raw Journal reserve remains blocked under opt-in
B03-W01 PASS active opaque slot and epoch survive append
B03-W01 PASS V1 tombstone internal ID retained and historical bytes unchanged
B03-C01 PASS writable checkpoint supported after append branch assertions
B03-W01 PASS new read-only owner strict replay restores appended current state
B03-W05 PASS default B writes remain blocked after writable owner
B03-W02 PASS domain-invalid segment-v1
B03-W01 PASS append branch segment-v1
B03-W02 PASS domain-invalid segment-v1
B03-W01 PASS append branch segment-v1
B03-W02 PASS domain-invalid tombstone-v2
B03-W01 PASS append branch tombstone-v2
B03-W02 PASS domain-invalid tombstone-v1
B03-W01 PASS append branch tombstone-v1
B03-W02 PASS domain-invalid observation-v1
B03-W01 PASS append branch observation-v1
B03-W02 PASS domain-invalid observation-v2
B03-W01 PASS append branch observation-v2
B03-W02 PASS domain-invalid referenced-observation
B03-W01 PASS append branch referenced-observation
B03-W02 PASS domain-invalid event-link
B03-W01 PASS append branch event-link
B03-W01 PASS bound V2 append exposes strict active cold source
B03-W01 PASS plain V2 finalized append
B03-W01 PASS source link remains authoritative after reservation and multiple appends
B03-W01 PASS new owner restores reservations bound source and V2 deletion
B03-W01 PASS consumer and accepted reference append
B03-W01 PASS prepared Files validation consumed under current owner
B03-W01 PASS same-content service retry does not append
B03-W01 PASS Files to Ready binds Catalog-reserved output
B03-W01 PASS Ready to Committed publishes typed output
B03-W01 PASS terminal job raw detail acquired from appended row
B03-W01 PASS historical opaque source link survives active reservation and job appends
B03-W04 PASS job transitions do not rewrite source snapshot identity archive manifest
B03-W01 PASS new owner recovers terminal job through all active transitions
B03-W01 PASS consumer and accepted reference append
B03-W01 PASS Intent to Failed durable transition
B03-W01 PASS terminal job raw detail acquired from appended row
B03-W01 PASS historical opaque source link survives active reservation and job appends
B03-W04 PASS job transitions do not rewrite source snapshot identity archive manifest
B03-W01 PASS new owner recovers terminal job through all active transitions
B03-W02 PASS admission prewrite active
B03-W02 PASS admission prewrite cold
B03-W02 PASS admission prewrite ids
B03-W02 PASS admission prewrite ordinal
B03-W02 PASS sequence exhaustion refuses new reservation without wrap or bytes
B03-W01 PASS sequence maximum original reservation retry remains valid
B03-W05 PASS read-only B refuses idempotent corrupt and Catalog reserve
B03-W01 PASS prepared Committed applies two ordered output segments atomically
B03-W03 PASS post-write fsync/apply/exception failure poisons all authority including Timeline
B03-W03 PASS poison rejects later writes and preserves historical source
B03-W03 PASS partial active tail rejected without automatic truncation
B03-W03 PASS post-write fsync/apply/exception failure poisons all authority including Timeline
B03-W03 PASS poison rejects later writes and preserves historical source
B03-W03 PASS complete durable envelope allows strict new owner reopen
B03-W03 PASS complete record recovery applies durable current state
B03-W03 PASS post-write fsync/apply/exception failure poisons all authority including Timeline
B03-W03 PASS poison rejects later writes and preserves historical source
B03-W03 PASS complete durable envelope allows strict new owner reopen
B03-W03 PASS complete record recovery applies durable current state
B03-W03 PASS post-write fsync/apply/exception failure poisons all authority including Timeline
B03-W03 PASS poison rejects later writes and preserves historical source
B03-W03 PASS complete durable envelope allows strict new owner reopen
B03-W03 PASS complete record recovery applies durable current state
B03-W04 PASS unsafe cache sidecar rejected before active write and SQL BEGIN
B03-W04 PASS unsafe cache sidecar rejected before active write and SQL BEGIN
[config] crypto=0 sqlite=1 backend=1
B03-W05 PASS Catalog wrapper preserves v1 Journal-only reservation semantics
B03-W05 PASS unsupported B remains closed
[config] crypto=1 sqlite=1 backend=0
B03-W05 PASS Catalog wrapper preserves v1 Journal-only reservation semantics
B03-W05 PASS unsupported B remains closed
[end] 2026-09-26T06:24:43Z
[cleanup] path=/private/var/folders/k0/qhmr6zdx11q0_41wfx4dsd200000gn/T/media-server-generation-append.p21gMz bytes=36659730 removed=true
