[start] 2026-09-26T06:21:27Z
Darwin 27.0.0 arm64
Apple clang version 21.0.0 (clang-2100.3.34.2)
e5d72a8519447efd7e01e714d3dfc67ab628daa205ffbadd9687d646d931d103  src/recording/recording_catalog.cpp
f86e7ea3cbe3a58c611cb042e351d2e2137d9e81d2c8b4c8bbcd8477f8be65a9  src/recording/recording_catalog_snapshot_export.cpp
827344f4e536884c377415e75f99ab53df049122336ec7f31318079e9f0bc1d6  src/recording/recording_timeline_projection.cpp
c37210ae7c0f363420c0924f6c4cd67872d776936af8a11275ffcd044f334f4c  src/recording/recording_read_service.cpp
5ddf655217005345b92d3c3d839d1151b6b68575b388de69eb9267ebbfa3c591  src/recording/retention_coordinator.cpp
ecef071fb2afcfe69a00654757c639760e2ce75e627ae9c777a564f08161d6a9  src/recording/recording_finalize_recovery.cpp
31a4f8d9fcc73657a652cd538262d49043c6e1a73a318fcb3643bb6377601cdb  src/recording/recording_file_evidence.cpp
64906ef59b651800c009ab84174ee58d8aabfbb5ac95f0d5f7fb7b858e5dbbcf  src/recording/recording_media_inspector.cpp
be1057725d0a0b54d705543ce635da6c832e4c53fbec008e91ad63c9a1d0f58b  src/domain/strict_json.cpp
960635a08aa900bebfae961cd9e534ab6b91fbace213e1a7416227e7292ec890  src/recording/recording_contracts.cpp
728c8da121407897bae883a5e5378f43e319c2901471689aa1a00e7ccf76679a  src/recording/recording_journal.cpp
319ef9eb696f86b0c2806da74d6600312cadfd3e54e70d2aad8bc7d7792c73e1  src/recording/recording_cutover_input.cpp
fbed2090cf6779e06688073c547ae624e2f7c6bd3b3406276702ae300755e946  src/recording/recording_generation_transaction.cpp
7fd444caa2244008d03e060abb3655c2650988239b1c22dd7390fb7e9ccbed67  src/recording/recording_generation_receipt.cpp
3dcdd1d4f24b89402ac951f51939c405ae5c5b77a0c88b64f0790d090903b248  src/recording/recording_generation_manifest.cpp
13959bfc857110f7533a659d426a8c67f86b505b75ab0844dd35f3a073abf83a  src/recording/recording_generation_cold_mutation.cpp
fd87fe5e381436c95e827f7094d46d732f93b273c7877ceb6aa9a9dfa9ed9dc7  src/recording/recording_generation_files.cpp
f3685cafe9c440185035955a406e303328eadc27112cb244e7e7404ea7933bd1  src/recording/recording_catalog_snapshot.cpp
37bfb810644302f1610c301330aa1773593c6de6e47eeeff9988185570e3abfb  src/recording/recording_order_history_snapshot.cpp
1650ede659a5dbee60475a7aa6d63d9c13beaf00a3851dc0a67dc7d924e89077  src/recording/recording_identity_shard.cpp
4ce7b4ea3929becab8358eda22f6f163f4f5c62336c7852e0fb4025e36bb168b  src/recording/recording_derived_selection.cpp
9c3b463df64e6e9d75ed614f56dd310a9846aff342853bd03201249f859cafdf  src/recording/recording_derived_job.cpp
a004836054fccb266884b00df06b06316050a7ae164d7e79ebdae835738479e9  src/recording/recording_derived_job_ready.cpp
308957f98dd4bf791e8c5cd431e4e459d2cf2d70dc6e8f4470e1fe5edc5388ec  src/recording/recording_catalog_generation_projection.cpp
1e3b000d1ea837fbc73200359c47294b545545c67ea7b01238e7be29c1846302  src/recording/recording_generation_active.cpp
e57ca4fa9a259ab1f6cb6c9bd52318e585f1fa4dea86be5da331f34b90f581b8  scripts/internal/recording_generation_consumers_smoke.cpp
3e5a31d0852020b80c748a2d50e02fe96454b4b3b2566697a0b4bb88d15721b5  include/recording/recording_catalog.h
3b34068982b4b6f372e2433e87eab291ac4ad76524cc3088b6b9ed912ae5980f  include/recording/recording_journal.h
bedf1c1167d250b114140e2273c4d9e7ed233b6cb8d420f289f5cea61d89f9b5  include/recording/recording_generation_recovery_session.h
72438a6d8120b3febe3d7357744733db519e22b10c22389a95216164c31814fc  src/recording/gstreamer_segment_writer.cpp
a55c1855da6e137e174475acecd07638e40cca5711422fe295088f9506b6eaa9  src/recording/recording_derived_job_service.cpp
c581c0b322cc32da971a88126ce9fbcd0b26371cee1a5cd1e1f9a154ef7d917c  scripts/internal/recording_catalog_generation_scratch_smoke.cpp
17362fbda3e98e52bc9587725e499b658ea9e73e124d251b3188563a7d53514d  scripts/internal/recording_catalog_generation_projection_smoke.cpp
6d144742f87417461ea5de566785a0618e697dbf7e5789d8f4b4e679845bfca8  scripts/internal/recording_journal_generation_readonly_smoke.cpp
4b8f08fa592baa6c013a3299e105074f905cdb2f6f7e8fa35830cd0c412ee90f  /Users/dhseo/Workspace/mediaServer/scripts/internal/verify_recording_generation_consumers.sh
[config] crypto=1 sqlite=1 backend=1
B05-P03 PASS runtime probe missing parents is read-only absence
B05-P03 PASS runtime probe empty safe root
B05-P03 PASS runtime probe fixed temp requires recovery without interpreting bytes
B05-P03 PASS runtime probe nofollow receipt symlink is pending, not absence
B05-P03 PASS runtime probe rejects arbitrary root symlink and preserves output
B05-P03 PASS runtime probe ENOTDIR is not absence
B11-P03 PASS live V2 hold protects before retirement
B11-P01 PASS live delete and reopen retain receipt only and Deleted lifecycle
B11-P01 PASS retired source ID cannot be reused as a derived output ID
B11-P01 PASS deleted playback and holds refused while location deleted ID stays visible
B11-P03 PASS deleted timeline preserves historical mapping and unavailable state
B11-P01 PASS cold exact deletion retry accepts only original and refuses ID reuse
B11-P03 PASS historical selection rehydrates exact deleted source and binding
B11-P03 PASS uncertain UTC receipt cannot exclude a historical candidate
B11-P01 PASS SQL current and reopen have no retired full duplicate
B11-P01 PASS live delete and reopen retain receipt only and Deleted lifecycle
B11-P01 PASS retired source ID cannot be reused as a derived output ID
B11-P01 PASS deleted playback and holds refused while location deleted ID stays visible
B11-P03 PASS deleted timeline preserves historical mapping and unavailable state
B11-P01 PASS cold exact deletion retry accepts only original and refuses ID reuse
B11-P03 PASS historical selection rehydrates exact deleted source and binding
B11-P03 PASS uncertain UTC receipt cannot exclude a historical candidate
B11-P01 PASS SQL current and reopen have no retired full duplicate
B11-P01 PASS live delete and reopen retain receipt only and Deleted lifecycle
B11-P01 PASS retired source ID cannot be reused as a derived output ID
B11-P01 PASS deleted playback and holds refused while location deleted ID stays visible
B11-P03 PASS deleted timeline preserves historical mapping and unavailable state
B11-P01 PASS cold exact deletion retry accepts only original and refuses ID reuse
B11-P03 PASS historical selection rehydrates exact deleted source and binding
B11-P03 PASS uncertain UTC receipt cannot exclude a historical candidate
B11-P01 PASS SQL current and reopen have no retired full duplicate
B11-P02 PASS retired binding archive corruption refused after prior successful selection
B11-P03 PASS live V2 hold protects before retirement
B11-P01 PASS live delete and reopen retain receipt only and Deleted lifecycle
B11-P01 PASS retired source ID cannot be reused as a derived output ID
B11-P01 PASS deleted playback and holds refused while location deleted ID stays visible
B11-P03 PASS deleted timeline preserves historical mapping and unavailable state
B11-P01 PASS cold exact deletion retry accepts only original and refuses ID reuse
B11-P03 PASS historical selection rehydrates exact deleted source and binding
B11-P03 PASS uncertain UTC receipt cannot exclude a historical candidate
B11-P01 PASS live delete and reopen retain receipt only and Deleted lifecycle
B11-P01 PASS retired source ID cannot be reused as a derived output ID
B11-P01 PASS deleted playback and holds refused while location deleted ID stays visible
B11-P03 PASS deleted timeline preserves historical mapping and unavailable state
B11-P01 PASS cold exact deletion retry accepts only original and refuses ID reuse
B11-P03 PASS historical selection rehydrates exact deleted source and binding
B11-P03 PASS uncertain UTC receipt cannot exclude a historical candidate
B11-P01 PASS live delete and reopen retain receipt only and Deleted lifecycle
B11-P01 PASS retired source ID cannot be reused as a derived output ID
B11-P01 PASS deleted playback and holds refused while location deleted ID stays visible
B11-P03 PASS deleted timeline preserves historical mapping and unavailable state
B11-P01 PASS cold exact deletion retry accepts only original and refuses ID reuse
B11-P03 PASS historical selection rehydrates exact deleted source and binding
B11-P03 PASS uncertain UTC receipt cannot exclude a historical candidate
B11-P02 PASS retired binding archive corruption refused after prior successful selection
B11-P03 PASS live V2 hold protects before retirement
B11-P01 PASS live delete and reopen retain receipt only and Deleted lifecycle
B11-P01 PASS retired source ID cannot be reused as a derived output ID
B11-P01 PASS deleted playback and holds refused while location deleted ID stays visible
B11-P03 PASS deleted timeline preserves historical mapping and unavailable state
B11-P01 PASS cold exact deletion retry accepts only original and refuses ID reuse
B11-P03 PASS historical selection rehydrates exact deleted source and binding
B11-P03 PASS uncertain UTC receipt cannot exclude a historical candidate
B11-P03 PASS completed event output deletion preserves unavailable timeline/reference state and rejects ID reuse
B11-P01 PASS SQL current and reopen have no retired full duplicate
B11-P01 PASS live delete and reopen retain receipt only and Deleted lifecycle
B11-P01 PASS retired source ID cannot be reused as a derived output ID
B11-P01 PASS deleted playback and holds refused while location deleted ID stays visible
B11-P03 PASS deleted timeline preserves historical mapping and unavailable state
B11-P01 PASS cold exact deletion retry accepts only original and refuses ID reuse
B11-P03 PASS historical selection rehydrates exact deleted source and binding
B11-P03 PASS uncertain UTC receipt cannot exclude a historical candidate
B11-P03 PASS completed event output deletion preserves unavailable timeline/reference state and rejects ID reuse
B11-P01 PASS SQL current and reopen have no retired full duplicate
B11-P01 PASS live delete and reopen retain receipt only and Deleted lifecycle
B11-P01 PASS retired source ID cannot be reused as a derived output ID
B11-P01 PASS deleted playback and holds refused while location deleted ID stays visible
B11-P03 PASS deleted timeline preserves historical mapping and unavailable state
B11-P01 PASS cold exact deletion retry accepts only original and refuses ID reuse
B11-P03 PASS historical selection rehydrates exact deleted source and binding
B11-P03 PASS uncertain UTC receipt cannot exclude a historical candidate
B11-P03 PASS completed event output deletion preserves unavailable timeline/reference state and rejects ID reuse
B11-P01 PASS SQL current and reopen have no retired full duplicate
B11-P02 PASS retired binding archive corruption refused after prior successful selection
B05-P01 PASS B durable finalize/current/hold succeeds as one protected operation
B05-P01 PASS initial hold prevents deletion without another mutation
B05-P01 PASS same SQL transaction contains exact segment and hold
B05-P05 PASS actual playback handle protects deletion
B05-P05 PASS actual event source lease protects deletion
B05-P05 PASS release makes oldest eligible with deterministic ID tie-break while pin remains protected
B05-P04 PASS raw B Journal reservation remains refused
B05-P04 PASS Catalog reservation publishes B consumer order
B05-P04 PASS consumer tuple retry preserves ID sequence time and bytes
B05-P01 PASS strict reopen restores durable finalize, not expired temporary hold
B05-P02 PASS readonly B permits temporary acquire and release
B05-P02 PASS underflow does not insert zero or change memory
B05-P02 PASS overflow leaves readonly count unchanged
B05-P01 PASS finalize holds never modify marker or immutable generation
B05-P01 PASS B durable finalize/current/hold succeeds as one protected operation
B05-P01 PASS initial hold prevents deletion without another mutation
B05-P05 PASS actual playback handle protects deletion
B05-P05 PASS actual event source lease protects deletion
B05-P05 PASS release makes oldest eligible with deterministic ID tie-break while pin remains protected
B05-P04 PASS raw B Journal reservation remains refused
B05-P04 PASS Catalog reservation publishes B consumer order
B05-P04 PASS consumer tuple retry preserves ID sequence time and bytes
B05-P01 PASS strict reopen restores durable finalize, not expired temporary hold
B05-P02 PASS readonly B permits temporary acquire and release
B05-P02 PASS underflow does not insert zero or change memory
B05-P02 PASS overflow leaves readonly count unchanged
B05-P01 PASS finalize holds never modify marker or immutable generation
B05-P01 PASS finalize hold overflow rejected before durable write/current apply
B05-P03 PASS authority error preserves count/active and poisons owner
B05-P03 PASS authority error preserves count/active and poisons owner
B05-P03 PASS authority error preserves count/active and poisons owner
B05-P03 PASS foreign attachment cannot commit temporary protection
B05-P03 PASS authority error preserves count/active and poisons owner
B05-P03 PASS forked opened owner refuses probe/hold; parent remains usable
B05-P01 PASS managed v1 finalize/hold meaning preserved
B05-P04 PASS v1 Catalog reservation delegates to unchanged Journal tuple retry
B05-P05 PASS actual cold source and consumer reference accepted under verified owner
B05-P05 PASS actual read consumer resolves stored typed reference
B05-P05 PASS changed cold source archive fails at detail use and loses authority
B05-P05 PASS released deletion tombstone blocks playback and ID reuse even with media file remaining
B05-P03 PASS SQL step changes marker after BEGIN; final guard rolls back count and poisons without hiding tamper
B05-P02 PASS actual hold SQL step/COMMIT failure rolls back cache
B05-P02 PASS temporary SQL failure preserves memory and same-owner retry
B05-P01 PASS fresh owner recovers complete durable row and no temporary hold
B05-P02 PASS actual hold SQL step/COMMIT failure rolls back cache
B05-P02 PASS temporary SQL failure preserves memory and same-owner retry
B05-P01 PASS fresh owner recovers complete durable row and no temporary hold
B05-P01 PASS actual hold SQL step/COMMIT failure rolls back cache
B05-P01 PASS durable finalize SQL failure poisons without success fallback
B05-P01 PASS fresh owner recovers complete durable row and no temporary hold
B05-P01 PASS actual hold SQL step/COMMIT failure rolls back cache
B05-P01 PASS durable finalize SQL failure poisons without success fallback
B05-P01 PASS fresh owner recovers complete durable row and no temporary hold
[config] crypto=1 sqlite=0 backend=1
B05-P03 PASS runtime probe missing parents is read-only absence
B05-P03 PASS runtime probe empty safe root
B05-P03 PASS runtime probe fixed temp requires recovery without interpreting bytes
B05-P03 PASS runtime probe nofollow receipt symlink is pending, not absence
B05-P03 PASS runtime probe rejects arbitrary root symlink and preserves output
B05-P03 PASS runtime probe ENOTDIR is not absence
B11-P03 PASS live V2 hold protects before retirement
B11-P01 PASS live delete and reopen retain receipt only and Deleted lifecycle
B11-P01 PASS retired source ID cannot be reused as a derived output ID
B11-P01 PASS deleted playback and holds refused while location deleted ID stays visible
B11-P03 PASS deleted timeline preserves historical mapping and unavailable state
B11-P01 PASS cold exact deletion retry accepts only original and refuses ID reuse
B11-P03 PASS historical selection rehydrates exact deleted source and binding
B11-P03 PASS uncertain UTC receipt cannot exclude a historical candidate
B11-P01 PASS live delete and reopen retain receipt only and Deleted lifecycle
B11-P01 PASS retired source ID cannot be reused as a derived output ID
B11-P01 PASS deleted playback and holds refused while location deleted ID stays visible
B11-P03 PASS deleted timeline preserves historical mapping and unavailable state
B11-P01 PASS cold exact deletion retry accepts only original and refuses ID reuse
B11-P03 PASS historical selection rehydrates exact deleted source and binding
B11-P03 PASS uncertain UTC receipt cannot exclude a historical candidate
B11-P01 PASS live delete and reopen retain receipt only and Deleted lifecycle
B11-P01 PASS retired source ID cannot be reused as a derived output ID
B11-P01 PASS deleted playback and holds refused while location deleted ID stays visible
B11-P03 PASS deleted timeline preserves historical mapping and unavailable state
B11-P01 PASS cold exact deletion retry accepts only original and refuses ID reuse
B11-P03 PASS historical selection rehydrates exact deleted source and binding
B11-P03 PASS uncertain UTC receipt cannot exclude a historical candidate
B11-P02 PASS retired binding archive corruption refused after prior successful selection
B11-P03 PASS live V2 hold protects before retirement
B11-P01 PASS live delete and reopen retain receipt only and Deleted lifecycle
B11-P01 PASS retired source ID cannot be reused as a derived output ID
B11-P01 PASS deleted playback and holds refused while location deleted ID stays visible
B11-P03 PASS deleted timeline preserves historical mapping and unavailable state
B11-P01 PASS cold exact deletion retry accepts only original and refuses ID reuse
B11-P03 PASS historical selection rehydrates exact deleted source and binding
B11-P03 PASS uncertain UTC receipt cannot exclude a historical candidate
B11-P01 PASS live delete and reopen retain receipt only and Deleted lifecycle
B11-P01 PASS retired source ID cannot be reused as a derived output ID
B11-P01 PASS deleted playback and holds refused while location deleted ID stays visible
B11-P03 PASS deleted timeline preserves historical mapping and unavailable state
B11-P01 PASS cold exact deletion retry accepts only original and refuses ID reuse
B11-P03 PASS historical selection rehydrates exact deleted source and binding
B11-P03 PASS uncertain UTC receipt cannot exclude a historical candidate
B11-P01 PASS live delete and reopen retain receipt only and Deleted lifecycle
B11-P01 PASS retired source ID cannot be reused as a derived output ID
B11-P01 PASS deleted playback and holds refused while location deleted ID stays visible
B11-P03 PASS deleted timeline preserves historical mapping and unavailable state
B11-P01 PASS cold exact deletion retry accepts only original and refuses ID reuse
B11-P03 PASS historical selection rehydrates exact deleted source and binding
B11-P03 PASS uncertain UTC receipt cannot exclude a historical candidate
B11-P02 PASS retired binding archive corruption refused after prior successful selection
B11-P03 PASS live V2 hold protects before retirement
B11-P01 PASS live delete and reopen retain receipt only and Deleted lifecycle
B11-P01 PASS retired source ID cannot be reused as a derived output ID
B11-P01 PASS deleted playback and holds refused while location deleted ID stays visible
B11-P03 PASS deleted timeline preserves historical mapping and unavailable state
B11-P01 PASS cold exact deletion retry accepts only original and refuses ID reuse
B11-P03 PASS historical selection rehydrates exact deleted source and binding
B11-P03 PASS uncertain UTC receipt cannot exclude a historical candidate
B11-P03 PASS completed event output deletion preserves unavailable timeline/reference state and rejects ID reuse
B11-P01 PASS live delete and reopen retain receipt only and Deleted lifecycle
B11-P01 PASS retired source ID cannot be reused as a derived output ID
B11-P01 PASS deleted playback and holds refused while location deleted ID stays visible
B11-P03 PASS deleted timeline preserves historical mapping and unavailable state
B11-P01 PASS cold exact deletion retry accepts only original and refuses ID reuse
B11-P03 PASS historical selection rehydrates exact deleted source and binding
B11-P03 PASS uncertain UTC receipt cannot exclude a historical candidate
B11-P03 PASS completed event output deletion preserves unavailable timeline/reference state and rejects ID reuse
B11-P01 PASS live delete and reopen retain receipt only and Deleted lifecycle
B11-P01 PASS retired source ID cannot be reused as a derived output ID
B11-P01 PASS deleted playback and holds refused while location deleted ID stays visible
B11-P03 PASS deleted timeline preserves historical mapping and unavailable state
B11-P01 PASS cold exact deletion retry accepts only original and refuses ID reuse
B11-P03 PASS historical selection rehydrates exact deleted source and binding
B11-P03 PASS uncertain UTC receipt cannot exclude a historical candidate
B11-P03 PASS completed event output deletion preserves unavailable timeline/reference state and rejects ID reuse
B11-P02 PASS retired binding archive corruption refused after prior successful selection
B05-P01 PASS B durable finalize/current/hold succeeds as one protected operation
B05-P01 PASS initial hold prevents deletion without another mutation
B05-P05 PASS actual playback handle protects deletion
B05-P05 PASS actual event source lease protects deletion
B05-P05 PASS release makes oldest eligible with deterministic ID tie-break while pin remains protected
B05-P04 PASS raw B Journal reservation remains refused
B05-P04 PASS Catalog reservation publishes B consumer order
B05-P04 PASS consumer tuple retry preserves ID sequence time and bytes
B05-P01 PASS strict reopen restores durable finalize, not expired temporary hold
B05-P02 PASS readonly B permits temporary acquire and release
B05-P02 PASS underflow does not insert zero or change memory
B05-P02 PASS overflow leaves readonly count unchanged
B05-P01 PASS finalize holds never modify marker or immutable generation
B05-P01 PASS B durable finalize/current/hold succeeds as one protected operation
B05-P01 PASS initial hold prevents deletion without another mutation
B05-P05 PASS actual playback handle protects deletion
B05-P05 PASS actual event source lease protects deletion
B05-P05 PASS release makes oldest eligible with deterministic ID tie-break while pin remains protected
B05-P04 PASS raw B Journal reservation remains refused
B05-P04 PASS Catalog reservation publishes B consumer order
B05-P04 PASS consumer tuple retry preserves ID sequence time and bytes
B05-P01 PASS strict reopen restores durable finalize, not expired temporary hold
B05-P02 PASS readonly B permits temporary acquire and release
B05-P02 PASS underflow does not insert zero or change memory
B05-P02 PASS overflow leaves readonly count unchanged
B05-P01 PASS finalize holds never modify marker or immutable generation
B05-P01 PASS finalize hold overflow rejected before durable write/current apply
B05-P03 PASS authority error preserves count/active and poisons owner
B05-P03 PASS authority error preserves count/active and poisons owner
B05-P03 PASS authority error preserves count/active and poisons owner
B05-P03 PASS foreign attachment cannot commit temporary protection
B05-P03 PASS authority error preserves count/active and poisons owner
B05-P03 PASS forked opened owner refuses probe/hold; parent remains usable
B05-P01 PASS managed v1 finalize/hold meaning preserved
B05-P04 PASS v1 Catalog reservation delegates to unchanged Journal tuple retry
B05-P05 PASS actual cold source and consumer reference accepted under verified owner
B05-P05 PASS actual read consumer resolves stored typed reference
B05-P05 PASS changed cold source archive fails at detail use and loses authority
B05-P05 PASS released deletion tombstone blocks playback and ID reuse even with media file remaining
[config] crypto=0 sqlite=1 backend=1
B05-P03 PASS runtime probe missing parents is read-only absence
B05-P03 PASS runtime probe empty safe root
B05-P03 PASS runtime probe fixed temp requires recovery without interpreting bytes
B05-P03 PASS runtime probe nofollow receipt symlink is pending, not absence
B05-P03 PASS runtime probe rejects arbitrary root symlink and preserves output
B05-P03 PASS runtime probe ENOTDIR is not absence
B05-P03 PASS unsupported B backend remains closed
[config] crypto=1 sqlite=1 backend=0
B05-P03 PASS runtime probe missing parents is read-only absence
B05-P03 PASS runtime probe empty safe root
B05-P03 PASS runtime probe fixed temp requires recovery without interpreting bytes
B05-P03 PASS runtime probe nofollow receipt symlink is pending, not absence
B05-P03 PASS runtime probe rejects arbitrary root symlink and preserves output
B05-P03 PASS runtime probe ENOTDIR is not absence
B05-P03 PASS unsupported B backend remains closed
[end] 2026-09-26T06:22:20Z
[cleanup] path=/private/var/folders/k0/qhmr6zdx11q0_41wfx4dsd200000gn/T/media-server-generation-consumers.mNcHZq bytes=35062238 removed=true
