[owned-root] {"root":"/private/var/folders/k0/qhmr6zdx11q0_41wfx4dsd200000gn/T/media-server-current-observer-pSI8vH","dev":16777234,"ino":160894643,"uid":501}
[pass] LP26-O05 fixed current executable
[fixture-generation] {"status":0,"signal":null,"errorCode":null,"elapsedMs":1423,"timeoutMs":30000,"stdoutBytes":0,"stderrBytes":0,"outputBytes":62334405,"categories":{"missingElement":false,"negotiation":false,"pluginScanner":false,"permission":false,"resource":false,"macosService":false},"rawBodyPublished":false}
[pass] LP26-O05 original bounded retention fixture
[pass] LP26-O05 distinct canonical sources
[request-budget] {"elapsedMs":1}
[http-timing] {"method":"GET","routeClass":"health","status":null,"headerElapsedMs":null,"bodyElapsedMs":null,"totalElapsedMs":3,"bytes":0,"phase":"header","outcome":"error"}
[request-budget] {"elapsedMs":1}
[http-timing] {"method":"GET","routeClass":"health","status":null,"headerElapsedMs":null,"bodyElapsedMs":null,"totalElapsedMs":1,"bytes":0,"phase":"header","outcome":"error"}
[request-budget] {"elapsedMs":1}
[http-timing] {"method":"GET","routeClass":"health","status":null,"headerElapsedMs":null,"bodyElapsedMs":null,"totalElapsedMs":0,"bytes":0,"phase":"header","outcome":"error"}
[request-budget] {"elapsedMs":1}
[http-timing] {"method":"GET","routeClass":"health","status":null,"headerElapsedMs":null,"bodyElapsedMs":null,"totalElapsedMs":1,"bytes":0,"phase":"header","outcome":"error"}
[request-budget] {"elapsedMs":1}
[http-timing] {"method":"GET","routeClass":"health","status":null,"headerElapsedMs":null,"bodyElapsedMs":null,"totalElapsedMs":1,"bytes":0,"phase":"header","outcome":"error"}
[request-budget] {"elapsedMs":1}
[http-timing] {"method":"GET","routeClass":"health","status":null,"headerElapsedMs":null,"bodyElapsedMs":null,"totalElapsedMs":0,"bytes":0,"phase":"header","outcome":"error"}
[request-budget] {"elapsedMs":1}
[http-timing] {"method":"GET","routeClass":"health","status":null,"headerElapsedMs":null,"bodyElapsedMs":null,"totalElapsedMs":1,"bytes":0,"phase":"header","outcome":"error"}
[request-budget] {"elapsedMs":1}
[http-timing] {"method":"GET","routeClass":"health","status":null,"headerElapsedMs":null,"bodyElapsedMs":null,"totalElapsedMs":0,"bytes":0,"phase":"header","outcome":"error"}
[request-budget] {"elapsedMs":1}
[http-timing] {"method":"GET","routeClass":"health","status":null,"headerElapsedMs":null,"bodyElapsedMs":null,"totalElapsedMs":1,"bytes":0,"phase":"header","outcome":"error"}
[request-budget] {"elapsedMs":1}
[http-timing] {"method":"GET","routeClass":"health","status":null,"headerElapsedMs":null,"bodyElapsedMs":null,"totalElapsedMs":1,"bytes":0,"phase":"header","outcome":"error"}
[request-budget] {"elapsedMs":1}
[http-timing] {"method":"GET","routeClass":"health","status":null,"headerElapsedMs":null,"bodyElapsedMs":null,"totalElapsedMs":1,"bytes":0,"phase":"header","outcome":"error"}
[request-budget] {"elapsedMs":1}
[http-timing] {"method":"GET","routeClass":"health","status":null,"headerElapsedMs":null,"bodyElapsedMs":null,"totalElapsedMs":0,"bytes":0,"phase":"header","outcome":"error"}
[request-budget] {"elapsedMs":1}
[http-timing] {"method":"GET","routeClass":"health","status":null,"headerElapsedMs":null,"bodyElapsedMs":null,"totalElapsedMs":0,"bytes":0,"phase":"header","outcome":"error"}
[request-budget] {"elapsedMs":1}
[http-timing] {"method":"GET","routeClass":"health","status":200,"headerElapsedMs":5,"bodyElapsedMs":1,"totalElapsedMs":7,"bytes":15,"phase":"complete","outcome":"ok"}
[request-budget] {"elapsedMs":1}
[http-timing] {"method":"GET","routeClass":"ice","status":200,"headerElapsedMs":1,"bodyElapsedMs":0,"totalElapsedMs":1,"bytes":222,"phase":"complete","outcome":"ok"}
[pass] LP26-O05 isolated server healthy
[request-budget] {"elapsedMs":1}
[http-timing] {"method":"GET","routeClass":"recording-status","status":200,"headerElapsedMs":1,"bodyElapsedMs":0,"totalElapsedMs":1,"bytes":1198,"phase":"complete","outcome":"ok"}
[pass] LP26-O05 independent initial channels
[request-budget] {"elapsedMs":1}
[http-timing] {"method":"POST","routeClass":"source","status":201,"headerElapsedMs":91,"bodyElapsedMs":0,"totalElapsedMs":91,"bytes":437,"phase":"complete","outcome":"ok"}
[request-budget] {"elapsedMs":1}
[http-timing] {"method":"POST","routeClass":"source","status":201,"headerElapsedMs":11,"bodyElapsedMs":0,"totalElapsedMs":11,"bytes":437,"phase":"complete","outcome":"ok"}
[root-storage] {"reason":"sample","final":false,"elapsedMs":3504,"journalMutationTypes":{"segment_finalized":0,"event_link_created":0,"observation_put":0,"observation_v2_put":0,"deletion_requested":0,"deletion_completed":0,"corruption_detected":0,"recording_order_reserved":2,"segment_v2_finalized":0,"segment_v2_bound_finalized":0,"consumer_reference_put":0,"derived_reference_accepted":0,"referenced_observation_put":0,"derived_job_intent":0,"derived_job_files":0,"derived_job_ready":0,"derived_job_committed":0,"derived_job_complete":0,"derived_job_failed":0,"segment_v2_state":0,"segment_v2_deleted":0},"journalMutationTypesCoverage":"drained-prefix-only; unread-or-partial-tail-excluded","totalBytes":153672774,"capBytes":469762048,"capExceeded":false,"entries":318,"categories":{"input":{"bytes":124668810,"files":2},"media":{"bytes":0,"files":0},"mediaPartial":{"bytes":15580626,"files":2},"journal":{"bytes":922,"files":2},"checkpoint":{"bytes":0,"files":0},"generationSnapshot":{"bytes":267,"files":1},"generationIdentity":{"bytes":160,"files":1},"generationEvidence":{"bytes":0,"files":0},"generationManifest":{"bytes":391,"files":1},"generationTransaction":{"bytes":0,"files":0},"sqlite":{"bytes":49152,"files":1},"wal":{"bytes":0,"files":0},"sqliteAux":{"bytes":0,"files":0},"tmp":{"bytes":0,"files":0},"log":{"bytes":1049,"files":1},"state":{"bytes":4655,"files":2},"events":{"bytes":0,"files":0},"cache":{"bytes":3146149,"files":280},"tools":{"bytes":9935304,"files":2},"recordingsOther":{"bytes":389,"files":5},"other":{"bytes":284900,"files":1}},"ownership":{"productRecording":{"bytes":15631907,"files":13},"fixtureInput":{"bytes":124668810,"files":2},"observerTools":{"bytes":9935304,"files":2},"cache":{"bytes":3146149,"files":280},"temporary":{"bytes":0,"files":0},"runtimeSupport":{"bytes":5704,"files":3},"other":{"bytes":284900,"files":1}},"transientJournalMisses":0,"sqlitePages":{"status":"observed","mainBytes":49152,"walBytes":0,"pageSize":4096,"pageCount":12,"freePageCount":0,"livePageCount":12,"liveBytes":49152,"freeBytes":0},"measurement":"logical-file-bytes-nonatomic","rawPathsPublished":false}
[current-observation] {"pid":36500,"startIdentity":"macos:1790478263:738990","sampledAt":1790478265355,"phaseAt":3129.723834,"rssBytes":95977472,"threadCount":29,"fdCount":29,"mutationCount":2,"typeCounts":{"segment_finalized":0,"event_link_created":0,"observation_put":0,"observation_v2_put":0,"deletion_requested":0,"deletion_completed":0,"corruption_detected":0,"recording_order_reserved":2,"segment_v2_finalized":0,"segment_v2_bound_finalized":0,"consumer_reference_put":0,"derived_reference_accepted":0,"referenced_observation_put":0,"derived_job_intent":0,"derived_job_files":0,"derived_job_ready":0,"derived_job_committed":0,"derived_job_complete":0,"derived_job_failed":0,"segment_v2_state":0,"segment_v2_deleted":0},"identityBytes":378,"combinedLogicalIds":4,"combinedLogicalBytes":378,"rotations":0,"partialBytes":0,"progress":{"elapsedMs":132.12283399999978,"channels":{"9101":{"finalized":0,"deleted":0,"lastAt":2997.601,"order":"0","store":null,"knownMappings":0,"unknownMappings":0},"9201":{"finalized":0,"deleted":0,"lastAt":2997.601,"order":"0","store":null,"knownMappings":0,"unknownMappings":0}},"records":0,"logicalBytes":0},"resourceTrendPass":false}
[sample-timing] {"sampleIndex":1,"metricsMs":131.720417,"drainMs":392.9326669999996,"storageMs":4.882250000000113,"totalMs":529.6180420000001}
[request-budget] {"elapsedMs":1}
[http-timing] {"method":"GET","routeClass":"recording-status","status":200,"headerElapsedMs":1,"bodyElapsedMs":0,"totalElapsedMs":1,"bytes":1598,"phase":"complete","outcome":"ok"}
[pass] LP26-O05 active 9101
[pass] LP26-O05 active 9201
[root-storage] {"reason":"sample","final":false,"elapsedMs":8131,"journalMutationTypes":{"segment_finalized":0,"event_link_created":0,"observation_put":0,"observation_v2_put":0,"deletion_requested":0,"deletion_completed":0,"corruption_detected":0,"recording_order_reserved":4,"segment_v2_finalized":0,"segment_v2_bound_finalized":2,"consumer_reference_put":0,"derived_reference_accepted":0,"referenced_observation_put":0,"derived_job_intent":0,"derived_job_files":0,"derived_job_ready":0,"derived_job_committed":0,"derived_job_complete":0,"derived_job_failed":0,"segment_v2_state":0,"segment_v2_deleted":0},"journalMutationTypesCoverage":"drained-prefix-only; unread-or-partial-tail-excluded","totalBytes":262871560,"capBytes":469762048,"capExceeded":false,"entries":322,"categories":{"input":{"bytes":124668810,"files":2},"media":{"bytes":62334382,"files":2},"mediaPartial":{"bytes":62336174,"files":2},"journal":{"bytes":22466,"files":2},"checkpoint":{"bytes":0,"files":0},"generationSnapshot":{"bytes":267,"files":1},"generationIdentity":{"bytes":160,"files":1},"generationEvidence":{"bytes":0,"files":0},"generationManifest":{"bytes":391,"files":1},"generationTransaction":{"bytes":0,"files":0},"sqlite":{"bytes":77824,"files":1},"wal":{"bytes":0,"files":0},"sqliteAux":{"bytes":0,"files":0},"tmp":{"bytes":0,"files":0},"log":{"bytes":1049,"files":1},"state":{"bytes":4655,"files":2},"events":{"bytes":0,"files":0},"cache":{"bytes":3146149,"files":280},"tools":{"bytes":9935304,"files":2},"recordingsOther":{"bytes":59029,"files":7},"other":{"bytes":284900,"files":1}},"ownership":{"productRecording":{"bytes":124830693,"files":17},"fixtureInput":{"bytes":124668810,"files":2},"observerTools":{"bytes":9935304,"files":2},"cache":{"bytes":3146149,"files":280},"temporary":{"bytes":0,"files":0},"runtimeSupport":{"bytes":5704,"files":3},"other":{"bytes":284900,"files":1}},"transientJournalMisses":0,"sqlitePages":{"status":"observed","mainBytes":77824,"walBytes":0,"pageSize":4096,"pageCount":19,"freePageCount":0,"livePageCount":19,"liveBytes":77824,"freeBytes":0},"measurement":"logical-file-bytes-nonatomic","rawPathsPublished":false}
[current-observation] {"pid":36500,"startIdentity":"macos:1790478263:738990","sampledAt":1790478270359,"phaseAt":8133.864375,"rssBytes":212910080,"threadCount":29,"fdCount":23,"mutationCount":6,"typeCounts":{"segment_finalized":0,"event_link_created":0,"observation_put":0,"observation_v2_put":0,"deletion_requested":0,"deletion_completed":0,"corruption_detected":0,"recording_order_reserved":4,"segment_v2_finalized":0,"segment_v2_bound_finalized":2,"consumer_reference_put":0,"derived_reference_accepted":0,"referenced_observation_put":0,"derived_job_intent":0,"derived_job_files":0,"derived_job_ready":0,"derived_job_committed":0,"derived_job_complete":0,"derived_job_failed":0,"segment_v2_state":0,"segment_v2_deleted":0},"identityBytes":1104,"combinedLogicalIds":14,"combinedLogicalBytes":2290,"rotations":0,"partialBytes":0,"progress":{"elapsedMs":5136.263375,"channels":{"9101":{"finalized":1,"deleted":0,"lastAt":8133.864375,"order":"1","store":"a7a61574544231c02d097c7bb1d3dff90595dbf05df668d1ddad290f1664eaa9","knownMappings":0,"unknownMappings":46},"9201":{"finalized":1,"deleted":0,"lastAt":8133.864375,"order":"2","store":"a7a61574544231c02d097c7bb1d3dff90595dbf05df668d1ddad290f1664eaa9","knownMappings":0,"unknownMappings":40}},"records":2,"logicalBytes":1186},"resourceTrendPass":false}
[sample-timing] {"sampleIndex":2,"metricsMs":1.890041999999994,"drainMs":15.687707999999475,"storageMs":5.024708999999348,"totalMs":22.652750000000196}
[request-budget] {"elapsedMs":1}
[http-timing] {"method":"GET","routeClass":"recording-status","status":200,"headerElapsedMs":1,"bodyElapsedMs":0,"totalElapsedMs":1,"bytes":1612,"phase":"complete","outcome":"ok"}
[pass] LP26-O05 active 9101
[pass] LP26-O05 active 9201
[pass] LP26-O03 deleted media absent
[pass] LP26-O03 deleted media absent
[pass] LP26-O03 deleted media absent
[pass] LP26-O03 deleted media absent
[root-storage] {"reason":"sample","final":false,"elapsedMs":13217,"journalMutationTypes":{"segment_finalized":0,"event_link_created":0,"observation_put":0,"observation_v2_put":0,"deletion_requested":0,"deletion_completed":0,"corruption_detected":0,"recording_order_reserved":10,"segment_v2_finalized":0,"segment_v2_bound_finalized":8,"consumer_reference_put":0,"derived_reference_accepted":0,"referenced_observation_put":0,"derived_job_intent":0,"derived_job_files":0,"derived_job_ready":0,"derived_job_committed":0,"derived_job_complete":0,"derived_job_failed":0,"segment_v2_state":4,"segment_v2_deleted":4},"journalMutationTypesCoverage":"drained-prefix-only; unread-or-partial-tail-excluded","totalBytes":325291307,"capBytes":469762048,"capExceeded":false,"entries":322,"categories":{"input":{"bytes":124668810,"files":2},"media":{"bytes":124670556,"files":4},"mediaPartial":{"bytes":62334382,"files":2},"journal":{"bytes":96839,"files":2},"checkpoint":{"bytes":0,"files":0},"generationSnapshot":{"bytes":267,"files":1},"generationIdentity":{"bytes":160,"files":1},"generationEvidence":{"bytes":0,"files":0},"generationManifest":{"bytes":391,"files":1},"generationTransaction":{"bytes":0,"files":0},"sqlite":{"bytes":147456,"files":1},"wal":{"bytes":0,"files":0},"sqliteAux":{"bytes":0,"files":0},"tmp":{"bytes":0,"files":0},"log":{"bytes":1049,"files":1},"state":{"bytes":4655,"files":2},"events":{"bytes":0,"files":0},"cache":{"bytes":3146149,"files":280},"tools":{"bytes":9935304,"files":2},"recordingsOther":{"bytes":389,"files":5},"other":{"bytes":284900,"files":1}},"ownership":{"productRecording":{"bytes":187250440,"files":17},"fixtureInput":{"bytes":124668810,"files":2},"observerTools":{"bytes":9935304,"files":2},"cache":{"bytes":3146149,"files":280},"temporary":{"bytes":0,"files":0},"runtimeSupport":{"bytes":5704,"files":3},"other":{"bytes":284900,"files":1}},"transientJournalMisses":0,"sqlitePages":{"status":"observed","mainBytes":147456,"walBytes":0,"pageSize":4096,"pageCount":36,"freePageCount":6,"livePageCount":30,"liveBytes":122880,"freeBytes":24576},"measurement":"logical-file-bytes-nonatomic","rawPathsPublished":false}
[current-observation] {"pid":36500,"startIdentity":"macos:1790478263:738990","sampledAt":1790478275364,"phaseAt":13139.141417,"rssBytes":217300992,"threadCount":26,"fdCount":21,"mutationCount":26,"typeCounts":{"segment_finalized":0,"event_link_created":0,"observation_put":0,"observation_v2_put":0,"deletion_requested":0,"deletion_completed":0,"corruption_detected":0,"recording_order_reserved":10,"segment_v2_finalized":0,"segment_v2_bound_finalized":8,"consumer_reference_put":0,"derived_reference_accepted":0,"referenced_observation_put":0,"derived_job_intent":0,"derived_job_files":0,"derived_job_ready":0,"derived_job_committed":0,"derived_job_complete":0,"derived_job_failed":0,"segment_v2_state":4,"segment_v2_deleted":4},"identityBytes":4609,"combinedLogicalIds":60,"combinedLogicalBytes":9389,"rotations":0,"partialBytes":0,"progress":{"elapsedMs":10141.540417,"channels":{"9101":{"finalized":4,"deleted":2,"lastAt":13139.141417,"order":"8","store":"a7a61574544231c02d097c7bb1d3dff90595dbf05df668d1ddad290f1664eaa9","knownMappings":2,"unknownMappings":166},"9201":{"finalized":4,"deleted":2,"lastAt":13139.141417,"order":"7","store":"a7a61574544231c02d097c7bb1d3dff90595dbf05df668d1ddad290f1664eaa9","knownMappings":3,"unknownMappings":180}},"records":8,"logicalBytes":4780},"resourceTrendPass":false}
[sample-timing] {"sampleIndex":3,"metricsMs":3.072167000000263,"drainMs":96.1344169999993,"storageMs":5.006666999999652,"totalMs":104.41145899999901}
[request-budget] {"elapsedMs":1}
[http-timing] {"method":"GET","routeClass":"recording-status","status":200,"headerElapsedMs":2,"bodyElapsedMs":0,"totalElapsedMs":2,"bytes":1612,"phase":"complete","outcome":"ok"}
[pass] LP26-O05 active 9101
[pass] LP26-O05 active 9201
[pass] LP26-O03 deleted media absent
[pass] LP26-O03 deleted media absent
[pass] LP26-O03 deleted media absent
[pass] LP26-O03 deleted media absent
[root-storage] {"reason":"sample","final":false,"elapsedMs":18219,"journalMutationTypes":{"segment_finalized":0,"event_link_created":0,"observation_put":0,"observation_v2_put":0,"deletion_requested":0,"deletion_completed":0,"corruption_detected":0,"recording_order_reserved":14,"segment_v2_finalized":0,"segment_v2_bound_finalized":12,"consumer_reference_put":0,"derived_reference_accepted":0,"referenced_observation_put":0,"derived_job_intent":0,"derived_job_files":0,"derived_job_ready":0,"derived_job_committed":0,"derived_job_complete":0,"derived_job_failed":0,"segment_v2_state":8,"segment_v2_deleted":8},"journalMutationTypesCoverage":"drained-prefix-only; unread-or-partial-tail-excluded","totalBytes":325413973,"capBytes":469762048,"capExceeded":false,"entries":324,"categories":{"input":{"bytes":124668810,"files":2},"media":{"bytes":124670556,"files":4},"mediaPartial":{"bytes":62334382,"files":2},"journal":{"bytes":148574,"files":2},"checkpoint":{"bytes":0,"files":0},"generationSnapshot":{"bytes":267,"files":1},"generationIdentity":{"bytes":160,"files":1},"generationEvidence":{"bytes":0,"files":0},"generationManifest":{"bytes":391,"files":1},"generationTransaction":{"bytes":0,"files":0},"sqlite":{"bytes":163840,"files":1},"wal":{"bytes":0,"files":0},"sqliteAux":{"bytes":0,"files":0},"tmp":{"bytes":0,"files":0},"log":{"bytes":1049,"files":1},"state":{"bytes":4655,"files":2},"events":{"bytes":0,"files":0},"cache":{"bytes":3146149,"files":280},"tools":{"bytes":9935304,"files":2},"recordingsOther":{"bytes":54936,"files":7},"other":{"bytes":284900,"files":1}},"ownership":{"productRecording":{"bytes":187373106,"files":19},"fixtureInput":{"bytes":124668810,"files":2},"observerTools":{"bytes":9935304,"files":2},"cache":{"bytes":3146149,"files":280},"temporary":{"bytes":0,"files":0},"runtimeSupport":{"bytes":5704,"files":3},"other":{"bytes":284900,"files":1}},"transientJournalMisses":0,"sqlitePages":{"status":"observed","mainBytes":163840,"walBytes":0,"pageSize":4096,"pageCount":40,"freePageCount":6,"livePageCount":34,"liveBytes":139264,"freeBytes":24576},"measurement":"logical-file-bytes-nonatomic","rawPathsPublished":false}
[current-observation] {"pid":36500,"startIdentity":"macos:1790478263:738990","sampledAt":1790478280368,"phaseAt":18142.808292,"rssBytes":223576064,"threadCount":25,"fdCount":23,"mutationCount":42,"typeCounts":{"segment_finalized":0,"event_link_created":0,"observation_put":0,"observation_v2_put":0,"deletion_requested":0,"deletion_completed":0,"corruption_detected":0,"recording_order_reserved":14,"segment_v2_finalized":0,"segment_v2_bound_finalized":12,"consumer_reference_put":0,"derived_reference_accepted":0,"referenced_observation_put":0,"derived_job_intent":0,"derived_job_files":0,"derived_job_ready":0,"derived_job_committed":0,"derived_job_complete":0,"derived_job_failed":0,"segment_v2_state":8,"segment_v2_deleted":8},"identityBytes":7393,"combinedLogicalIds":96,"combinedLogicalBytes":14566,"rotations":0,"partialBytes":0,"progress":{"elapsedMs":15145.207292000001,"channels":{"9101":{"finalized":6,"deleted":4,"lastAt":18142.808292,"order":"11","store":"a7a61574544231c02d097c7bb1d3dff90595dbf05df668d1ddad290f1664eaa9","knownMappings":4,"unknownMappings":214},"9201":{"finalized":6,"deleted":4,"lastAt":18142.808292,"order":"12","store":"a7a61574544231c02d097c7bb1d3dff90595dbf05df668d1ddad290f1664eaa9","knownMappings":3,"unknownMappings":280}},"records":12,"logicalBytes":7173},"resourceTrendPass":false}
[sample-timing] {"sampleIndex":4,"metricsMs":2.547958999999537,"drainMs":94.57645799999955,"storageMs":5.4230419999985315,"totalMs":102.6162919999988}
[request-budget] {"elapsedMs":1}
[http-timing] {"method":"GET","routeClass":"recording-status","status":200,"headerElapsedMs":1,"bodyElapsedMs":0,"totalElapsedMs":1,"bytes":1612,"phase":"complete","outcome":"ok"}
[pass] LP26-O05 active 9101
[pass] LP26-O05 active 9201
[pass] LP26-O03 deleted media absent
[pass] LP26-O03 deleted media absent
[pass] LP26-O03 deleted media absent
[pass] LP26-O03 deleted media absent
[pass] LP26-O03 deleted media absent
[pass] LP26-O03 deleted media absent
[root-storage] {"reason":"sample","final":false,"elapsedMs":23271,"journalMutationTypes":{"segment_finalized":0,"event_link_created":0,"observation_put":0,"observation_v2_put":0,"deletion_requested":0,"deletion_completed":0,"corruption_detected":0,"recording_order_reserved":20,"segment_v2_finalized":0,"segment_v2_bound_finalized":18,"consumer_reference_put":0,"derived_reference_accepted":0,"referenced_observation_put":0,"derived_job_intent":0,"derived_job_files":0,"derived_job_ready":0,"derived_job_committed":0,"derived_job_complete":0,"derived_job_failed":0,"segment_v2_state":14,"segment_v2_deleted":14},"journalMutationTypesCoverage":"drained-prefix-only; unread-or-partial-tail-excluded","totalBytes":325454623,"capBytes":469762048,"capExceeded":false,"entries":322,"categories":{"input":{"bytes":124668810,"files":2},"media":{"bytes":124670556,"files":4},"mediaPartial":{"bytes":62336174,"files":2},"journal":{"bytes":225595,"files":2},"checkpoint":{"bytes":0,"files":0},"generationSnapshot":{"bytes":267,"files":1},"generationIdentity":{"bytes":160,"files":1},"generationEvidence":{"bytes":0,"files":0},"generationManifest":{"bytes":391,"files":1},"generationTransaction":{"bytes":0,"files":0},"sqlite":{"bytes":180224,"files":1},"wal":{"bytes":0,"files":0},"sqliteAux":{"bytes":0,"files":0},"tmp":{"bytes":0,"files":0},"log":{"bytes":1049,"files":1},"state":{"bytes":4655,"files":2},"events":{"bytes":0,"files":0},"cache":{"bytes":3146149,"files":280},"tools":{"bytes":9935304,"files":2},"recordingsOther":{"bytes":389,"files":5},"other":{"bytes":284900,"files":1}},"ownership":{"productRecording":{"bytes":187413756,"files":17},"fixtureInput":{"bytes":124668810,"files":2},"observerTools":{"bytes":9935304,"files":2},"cache":{"bytes":3146149,"files":280},"temporary":{"bytes":0,"files":0},"runtimeSupport":{"bytes":5704,"files":3},"other":{"bytes":284900,"files":1}},"transientJournalMisses":0,"sqlitePages":{"status":"observed","mainBytes":180224,"walBytes":0,"pageSize":4096,"pageCount":44,"freePageCount":6,"livePageCount":38,"liveBytes":155648,"freeBytes":24576},"measurement":"logical-file-bytes-nonatomic","rawPathsPublished":false}
[current-observation] {"pid":36500,"startIdentity":"macos:1790478263:738990","sampledAt":1790478285372,"phaseAt":23146.904917,"rssBytes":224296960,"threadCount":25,"fdCount":21,"mutationCount":66,"typeCounts":{"segment_finalized":0,"event_link_created":0,"observation_put":0,"observation_v2_put":0,"deletion_requested":0,"deletion_completed":0,"corruption_detected":0,"recording_order_reserved":20,"segment_v2_finalized":0,"segment_v2_bound_finalized":18,"consumer_reference_put":0,"derived_reference_accepted":0,"referenced_observation_put":0,"derived_job_intent":0,"derived_job_files":0,"derived_job_ready":0,"derived_job_committed":0,"derived_job_complete":0,"derived_job_failed":0,"segment_v2_state":14,"segment_v2_deleted":14},"identityBytes":11569,"combinedLogicalIds":150,"combinedLogicalBytes":22324,"rotations":0,"partialBytes":0,"progress":{"elapsedMs":20149.303917,"channels":{"9101":{"finalized":9,"deleted":7,"lastAt":23146.904917,"order":"18","store":"a7a61574544231c02d097c7bb1d3dff90595dbf05df668d1ddad290f1664eaa9","knownMappings":6,"unknownMappings":314},"9201":{"finalized":9,"deleted":7,"lastAt":23146.904917,"order":"17","store":"a7a61574544231c02d097c7bb1d3dff90595dbf05df668d1ddad290f1664eaa9","knownMappings":4,"unknownMappings":406}},"records":18,"logicalBytes":10755},"resourceTrendPass":false}
[sample-timing] {"sampleIndex":5,"metricsMs":2.062832999999955,"drainMs":142.66854200000307,"storageMs":5.02362500000163,"totalMs":149.81141600000046}
[request-budget] {"elapsedMs":1}
[http-timing] {"method":"GET","routeClass":"recording-status","status":200,"headerElapsedMs":1,"bodyElapsedMs":0,"totalElapsedMs":1,"bytes":1612,"phase":"complete","outcome":"ok"}
[pass] LP26-O05 active 9101
[pass] LP26-O05 active 9201
[pass] LP26-O03 deleted media absent
[pass] LP26-O03 deleted media absent
[pass] LP26-O03 deleted media absent
[pass] LP26-O03 deleted media absent
[root-storage] {"reason":"sample","final":false,"elapsedMs":28267,"journalMutationTypes":{"segment_finalized":0,"event_link_created":0,"observation_put":0,"observation_v2_put":0,"deletion_requested":0,"deletion_completed":0,"corruption_detected":0,"recording_order_reserved":24,"segment_v2_finalized":0,"segment_v2_bound_finalized":22,"consumer_reference_put":0,"derived_reference_accepted":0,"referenced_observation_put":0,"derived_job_intent":0,"derived_job_files":0,"derived_job_ready":0,"derived_job_committed":0,"derived_job_complete":0,"derived_job_failed":0,"segment_v2_state":18,"segment_v2_deleted":18},"journalMutationTypesCoverage":"drained-prefix-only; unread-or-partial-tail-excluded","totalBytes":325571972,"capBytes":469762048,"capExceeded":false,"entries":324,"categories":{"input":{"bytes":124668810,"files":2},"media":{"bytes":124670556,"files":4},"mediaPartial":{"bytes":62336174,"files":2},"journal":{"bytes":276969,"files":2},"checkpoint":{"bytes":0,"files":0},"generationSnapshot":{"bytes":267,"files":1},"generationIdentity":{"bytes":160,"files":1},"generationEvidence":{"bytes":0,"files":0},"generationManifest":{"bytes":391,"files":1},"generationTransaction":{"bytes":0,"files":0},"sqlite":{"bytes":188416,"files":1},"wal":{"bytes":0,"files":0},"sqliteAux":{"bytes":0,"files":0},"tmp":{"bytes":0,"files":0},"log":{"bytes":1049,"files":1},"state":{"bytes":4655,"files":2},"events":{"bytes":0,"files":0},"cache":{"bytes":3146149,"files":280},"tools":{"bytes":9935304,"files":2},"recordingsOther":{"bytes":58172,"files":7},"other":{"bytes":284900,"files":1}},"ownership":{"productRecording":{"bytes":187531105,"files":19},"fixtureInput":{"bytes":124668810,"files":2},"observerTools":{"bytes":9935304,"files":2},"cache":{"bytes":3146149,"files":280},"temporary":{"bytes":0,"files":0},"runtimeSupport":{"bytes":5704,"files":3},"other":{"bytes":284900,"files":1}},"transientJournalMisses":0,"sqlitePages":{"status":"observed","mainBytes":188416,"walBytes":0,"pageSize":4096,"pageCount":46,"freePageCount":3,"livePageCount":43,"liveBytes":176128,"freeBytes":12288},"measurement":"logical-file-bytes-nonatomic","rawPathsPublished":false}
[current-observation] {"pid":36500,"startIdentity":"macos:1790478263:738990","sampledAt":1790478290375,"phaseAt":28149.3465,"rssBytes":228753408,"threadCount":25,"fdCount":23,"mutationCount":82,"typeCounts":{"segment_finalized":0,"event_link_created":0,"observation_put":0,"observation_v2_put":0,"deletion_requested":0,"deletion_completed":0,"corruption_detected":0,"recording_order_reserved":24,"segment_v2_finalized":0,"segment_v2_bound_finalized":22,"consumer_reference_put":0,"derived_reference_accepted":0,"referenced_observation_put":0,"derived_job_intent":0,"derived_job_files":0,"derived_job_ready":0,"derived_job_committed":0,"derived_job_complete":0,"derived_job_failed":0,"segment_v2_state":18,"segment_v2_deleted":18},"identityBytes":14353,"combinedLogicalIds":186,"combinedLogicalBytes":27502,"rotations":0,"partialBytes":0,"progress":{"elapsedMs":25151.7455,"channels":{"9101":{"finalized":11,"deleted":9,"lastAt":28149.3465,"order":"22","store":"a7a61574544231c02d097c7bb1d3dff90595dbf05df668d1ddad290f1664eaa9","knownMappings":7,"unknownMappings":376},"9201":{"finalized":11,"deleted":9,"lastAt":28149.3465,"order":"21","store":"a7a61574544231c02d097c7bb1d3dff90595dbf05df668d1ddad290f1664eaa9","knownMappings":6,"unknownMappings":488}},"records":22,"logicalBytes":13149},"resourceTrendPass":false}
[sample-timing] {"sampleIndex":6,"metricsMs":1.9365419999994629,"drainMs":136.0768339999995,"storageMs":5.0454160000008414,"totalMs":143.10433299999931}
[request-budget] {"elapsedMs":1}
[http-timing] {"method":"GET","routeClass":"recording-status","status":200,"headerElapsedMs":1,"bodyElapsedMs":0,"totalElapsedMs":1,"bytes":1612,"phase":"complete","outcome":"ok"}
[pass] LP26-O05 active 9101
[pass] LP26-O05 active 9201
[pass] LP26-O03 deleted media absent
[pass] LP26-O03 deleted media absent
[pass] LP26-O03 deleted media absent
[pass] LP26-O03 deleted media absent
[pass] LP26-O03 deleted media absent
[pass] LP26-O03 deleted media absent
[root-storage] {"reason":"sample","final":false,"elapsedMs":33182,"journalMutationTypes":{"segment_finalized":0,"event_link_created":0,"observation_put":0,"observation_v2_put":0,"deletion_requested":0,"deletion_completed":0,"corruption_detected":0,"recording_order_reserved":30,"segment_v2_finalized":0,"segment_v2_bound_finalized":28,"consumer_reference_put":0,"derived_reference_accepted":0,"referenced_observation_put":0,"derived_job_intent":0,"derived_job_files":0,"derived_job_ready":0,"derived_job_committed":0,"derived_job_complete":0,"derived_job_failed":0,"segment_v2_state":24,"segment_v2_deleted":24},"journalMutationTypesCoverage":"drained-prefix-only; unread-or-partial-tail-excluded","totalBytes":306401661,"capBytes":469762048,"capExceeded":false,"entries":322,"categories":{"input":{"bytes":124668810,"files":2},"media":{"bytes":124670556,"files":4},"mediaPartial":{"bytes":43109117,"files":2},"journal":{"bytes":354634,"files":2},"checkpoint":{"bytes":0,"files":0},"generationSnapshot":{"bytes":267,"files":1},"generationIdentity":{"bytes":160,"files":1},"generationEvidence":{"bytes":0,"files":0},"generationManifest":{"bytes":391,"files":1},"generationTransaction":{"bytes":0,"files":0},"sqlite":{"bytes":225280,"files":1},"wal":{"bytes":0,"files":0},"sqliteAux":{"bytes":0,"files":0},"tmp":{"bytes":0,"files":0},"log":{"bytes":1049,"files":1},"state":{"bytes":4655,"files":2},"events":{"bytes":0,"files":0},"cache":{"bytes":3146149,"files":280},"tools":{"bytes":9935304,"files":2},"recordingsOther":{"bytes":389,"files":5},"other":{"bytes":284900,"files":1}},"ownership":{"productRecording":{"bytes":168360794,"files":17},"fixtureInput":{"bytes":124668810,"files":2},"observerTools":{"bytes":9935304,"files":2},"cache":{"bytes":3146149,"files":280},"temporary":{"bytes":0,"files":0},"runtimeSupport":{"bytes":5704,"files":3},"other":{"bytes":284900,"files":1}},"transientJournalMisses":0,"sqlitePages":{"status":"observed","mainBytes":225280,"walBytes":0,"pageSize":4096,"pageCount":55,"freePageCount":6,"livePageCount":49,"liveBytes":200704,"freeBytes":24576},"measurement":"logical-file-bytes-nonatomic","rawPathsPublished":false}
[current-observation] {"pid":36500,"startIdentity":"macos:1790478263:738990","sampledAt":1790478295226,"phaseAt":33000.273959,"rssBytes":241729536,"threadCount":25,"fdCount":29,"mutationCount":106,"typeCounts":{"segment_finalized":0,"event_link_created":0,"observation_put":0,"observation_v2_put":0,"deletion_requested":0,"deletion_completed":0,"corruption_detected":0,"recording_order_reserved":30,"segment_v2_finalized":0,"segment_v2_bound_finalized":28,"consumer_reference_put":0,"derived_reference_accepted":0,"referenced_observation_put":0,"derived_job_intent":0,"derived_job_files":0,"derived_job_ready":0,"derived_job_committed":0,"derived_job_complete":0,"derived_job_failed":0,"segment_v2_state":24,"segment_v2_deleted":24},"identityBytes":18529,"combinedLogicalIds":240,"combinedLogicalBytes":35278,"rotations":0,"partialBytes":0,"progress":{"elapsedMs":30002.672959,"channels":{"9101":{"finalized":14,"deleted":12,"lastAt":33000.273959,"order":"28","store":"a7a61574544231c02d097c7bb1d3dff90595dbf05df668d1ddad290f1664eaa9","knownMappings":8,"unknownMappings":502},"9201":{"finalized":14,"deleted":12,"lastAt":33000.273959,"order":"27","store":"a7a61574544231c02d097c7bb1d3dff90595dbf05df668d1ddad290f1664eaa9","knownMappings":8,"unknownMappings":596}},"records":28,"logicalBytes":16749},"resourceTrendPass":false}
[sample-timing] {"sampleIndex":7,"metricsMs":1.9880410000041593,"drainMs":198.64674999999988,"storageMs":6.099666000001889,"totalMs":206.79158299999835}
[pass] LP26-O04 sample coverage
[pass] LP26-O05 both channels retained and progressed
[request-budget] {"elapsedMs":1}
[http-timing] {"method":"GET","routeClass":"source","status":200,"headerElapsedMs":1,"bodyElapsedMs":0,"totalElapsedMs":1,"bytes":3375,"phase":"complete","outcome":"ok"}
[request-budget] {"elapsedMs":1}
[http-timing] {"method":"PUT","routeClass":"source-item","status":200,"headerElapsedMs":1062,"bodyElapsedMs":0,"totalElapsedMs":1062,"bytes":438,"phase":"complete","outcome":"ok"}
[pass] LP26-O05 setting 9101 false
[request-budget] {"elapsedMs":1}
[http-timing] {"method":"PUT","routeClass":"source-item","status":200,"headerElapsedMs":579,"bodyElapsedMs":0,"totalElapsedMs":579,"bytes":438,"phase":"complete","outcome":"ok"}
[pass] LP26-O05 setting 9201 false
[process-cleanup] {"schema":"recording-process-cleanup-v1","attemptCount":1,"pid":36500,"exitCode":0,"signalCode":null,"exitedObserved":true,"stopCode":"complete","forcedTermination":"not-used","normalExitPass":true,"normalShutdownPass":true,"archiveSafe":true,"ports":[{"kind":"http","port":51817,"status":"pass","code":"closed","closed":true},{"kind":"rtsp","port":51818,"status":"pass","code":"closed","closed":true}]}
[pass] LP26-O03 deleted media absent
[pass] LP26-O02 closed journal no partial tail
[snapshot-process] {"status":0,"signal":null,"errorCode":null,"failureCode":null,"elapsedMs":790,"outputBytes":1739,"lastOpenedPhase":"catalog-destruct","lastCompletedPhase":"destruct","traceStatus":"complete","traceLoss":false,"rawOutputPublished":false}
[snapshot-receipt] {"preserved":true,"bytes":8258,"sha256":"3af32fe624375f226db0ca29075fefd1038cfe9096243b9327d3909aca165352","rawPathsPublished":false}
[pass] LP26-O05 stopped copy native catalog recovery
[pass] LP26-O05 native surviving and deleted states
[pass] LP26-O05 original journal bytes unchanged
[copy-cleanup] {"root":"/private/var/folders/k0/qhmr6zdx11q0_41wfx4dsd200000gn/T/media-server-current-observer-copy-mspjU4","bytes":148657065,"copied":true,"absent":true,"reason":null,"receiptPreserved":true,"originalUnchanged":true,"manifestUnchanged":true,"groupClosed":true}
[pass] LP26-O05 recovery copy cleanup
[request-budget] {"elapsedMs":1}
[http-timing] {"method":"GET","routeClass":"health","status":null,"headerElapsedMs":null,"bodyElapsedMs":null,"totalElapsedMs":0,"bytes":0,"phase":"header","outcome":"error"}
[request-budget] {"elapsedMs":1}
[http-timing] {"method":"GET","routeClass":"health","status":null,"headerElapsedMs":null,"bodyElapsedMs":null,"totalElapsedMs":0,"bytes":0,"phase":"header","outcome":"error"}
[request-budget] {"elapsedMs":1}
[http-timing] {"method":"GET","routeClass":"health","status":null,"headerElapsedMs":null,"bodyElapsedMs":null,"totalElapsedMs":0,"bytes":0,"phase":"header","outcome":"error"}
[request-budget] {"elapsedMs":1}
[http-timing] {"method":"GET","routeClass":"health","status":null,"headerElapsedMs":null,"bodyElapsedMs":null,"totalElapsedMs":1,"bytes":0,"phase":"header","outcome":"error"}
[request-budget] {"elapsedMs":1}
[http-timing] {"method":"GET","routeClass":"health","status":null,"headerElapsedMs":null,"bodyElapsedMs":null,"totalElapsedMs":0,"bytes":0,"phase":"header","outcome":"error"}
[request-budget] {"elapsedMs":1}
[http-timing] {"method":"GET","routeClass":"health","status":null,"headerElapsedMs":null,"bodyElapsedMs":null,"totalElapsedMs":1,"bytes":0,"phase":"header","outcome":"error"}
[request-budget] {"elapsedMs":1}
[http-timing] {"method":"GET","routeClass":"health","status":null,"headerElapsedMs":null,"bodyElapsedMs":null,"totalElapsedMs":1,"bytes":0,"phase":"header","outcome":"error"}
[request-budget] {"elapsedMs":1}
[http-timing] {"method":"GET","routeClass":"health","status":null,"headerElapsedMs":null,"bodyElapsedMs":null,"totalElapsedMs":0,"bytes":0,"phase":"header","outcome":"error"}
[request-budget] {"elapsedMs":1}
[http-timing] {"method":"GET","routeClass":"health","status":200,"headerElapsedMs":1,"bodyElapsedMs":0,"totalElapsedMs":1,"bytes":15,"phase":"complete","outcome":"ok"}
[request-budget] {"elapsedMs":1}
[http-timing] {"method":"GET","routeClass":"ice","status":200,"headerElapsedMs":0,"bodyElapsedMs":0,"totalElapsedMs":0,"bytes":222,"phase":"complete","outcome":"ok"}
[pass] LP26-O05 isolated server healthy
[request-budget] {"elapsedMs":1}
[http-timing] {"method":"GET","routeClass":"recording-status","status":200,"headerElapsedMs":1,"bodyElapsedMs":0,"totalElapsedMs":1,"bytes":1616,"phase":"complete","outcome":"ok"}
[status-usage] {"channelId":"9101","aliveBytes":"85189968","historicalBytes":"459201636","deleted":12,"apiContinuousBytes":85189968,"apiEventBytes":0,"physicalFilesChecked":true}
[pass] LP26-O11 independent status usage 9101
[status-usage] {"channelId":"9201","aliveBytes":"62855707","historicalBytes":"468034566","deleted":13,"apiContinuousBytes":62855707,"apiEventBytes":0,"physicalFilesChecked":true}
[pass] LP26-O11 independent status usage 9201
[channel-observation] {"expectedIds":["1","2","3","4","5","9101","9201"],"channels":[{"id":"1","enabled":false,"active":false},{"id":"2","enabled":false,"active":false},{"id":"3","enabled":false,"active":false},{"id":"4","enabled":false,"active":false},{"id":"5","enabled":false,"active":false},{"id":"9101","enabled":false,"active":false},{"id":"9201","enabled":false,"active":false}]}
[pass] LP26-O05 disabled restart
[process-cleanup] {"schema":"recording-process-cleanup-v1","attemptCount":1,"pid":36619,"exitCode":0,"signalCode":null,"exitedObserved":true,"stopCode":"complete","forcedTermination":"not-used","normalExitPass":true,"normalShutdownPass":true,"archiveSafe":true,"ports":[{"kind":"http","port":51861,"status":"pass","code":"closed","closed":true},{"kind":"rtsp","port":51862,"status":"pass","code":"closed","closed":true}]}
[snapshot-process] {"status":0,"signal":null,"errorCode":null,"failureCode":null,"elapsedMs":747,"outputBytes":1738,"lastOpenedPhase":"catalog-destruct","lastCompletedPhase":"destruct","traceStatus":"complete","traceLoss":false,"rawOutputPublished":false}
[snapshot-receipt] {"preserved":true,"bytes":8257,"sha256":"ba9bdb940d2ce9f9b52917f6b884719e6b066e9dfadea92fdffe1d41eae6aa88","rawPathsPublished":false}
[pass] LP26-O05 stopped copy native catalog recovery
[pass] LP26-O05 native surviving and deleted states
[pass] LP26-O05 original journal bytes unchanged
[copy-cleanup] {"root":"/private/var/folders/k0/qhmr6zdx11q0_41wfx4dsd200000gn/T/media-server-current-observer-copy-1ofqvT","bytes":148657065,"copied":true,"absent":true,"reason":null,"receiptPreserved":true,"originalUnchanged":true,"manifestUnchanged":true,"groupClosed":true}
[pass] LP26-O05 recovery copy cleanup
[pass] LP26-O05 restart exact catalog media state
[request-budget] {"elapsedMs":1}
[http-timing] {"method":"GET","routeClass":"health","status":null,"headerElapsedMs":null,"bodyElapsedMs":null,"totalElapsedMs":0,"bytes":0,"phase":"header","outcome":"error"}
[request-budget] {"elapsedMs":1}
[http-timing] {"method":"GET","routeClass":"health","status":null,"headerElapsedMs":null,"bodyElapsedMs":null,"totalElapsedMs":0,"bytes":0,"phase":"header","outcome":"error"}
[request-budget] {"elapsedMs":1}
[http-timing] {"method":"GET","routeClass":"health","status":null,"headerElapsedMs":null,"bodyElapsedMs":null,"totalElapsedMs":0,"bytes":0,"phase":"header","outcome":"error"}
[request-budget] {"elapsedMs":1}
[http-timing] {"method":"GET","routeClass":"health","status":null,"headerElapsedMs":null,"bodyElapsedMs":null,"totalElapsedMs":1,"bytes":0,"phase":"header","outcome":"error"}
[request-budget] {"elapsedMs":1}
[http-timing] {"method":"GET","routeClass":"health","status":null,"headerElapsedMs":null,"bodyElapsedMs":null,"totalElapsedMs":0,"bytes":0,"phase":"header","outcome":"error"}
[request-budget] {"elapsedMs":1}
[http-timing] {"method":"GET","routeClass":"health","status":null,"headerElapsedMs":null,"bodyElapsedMs":null,"totalElapsedMs":0,"bytes":0,"phase":"header","outcome":"error"}
[request-budget] {"elapsedMs":1}
[http-timing] {"method":"GET","routeClass":"health","status":null,"headerElapsedMs":null,"bodyElapsedMs":null,"totalElapsedMs":0,"bytes":0,"phase":"header","outcome":"error"}
[request-budget] {"elapsedMs":1}
[http-timing] {"method":"GET","routeClass":"health","status":null,"headerElapsedMs":null,"bodyElapsedMs":null,"totalElapsedMs":0,"bytes":0,"phase":"header","outcome":"error"}
[request-budget] {"elapsedMs":1}
[http-timing] {"method":"GET","routeClass":"health","status":200,"headerElapsedMs":1,"bodyElapsedMs":0,"totalElapsedMs":1,"bytes":15,"phase":"complete","outcome":"ok"}
[request-budget] {"elapsedMs":1}
[http-timing] {"method":"GET","routeClass":"ice","status":200,"headerElapsedMs":0,"bodyElapsedMs":0,"totalElapsedMs":0,"bytes":222,"phase":"complete","outcome":"ok"}
[pass] LP26-O05 isolated server healthy
[request-budget] {"elapsedMs":1}
[http-timing] {"method":"GET","routeClass":"source","status":200,"headerElapsedMs":1,"bodyElapsedMs":0,"totalElapsedMs":1,"bytes":3377,"phase":"complete","outcome":"ok"}
[request-budget] {"elapsedMs":1}
[http-timing] {"method":"PUT","routeClass":"source-item","status":200,"headerElapsedMs":82,"bodyElapsedMs":0,"totalElapsedMs":82,"bytes":437,"phase":"complete","outcome":"ok"}
[pass] LP26-O05 setting 9101 true
[request-budget] {"elapsedMs":1}
[http-timing] {"method":"PUT","routeClass":"source-item","status":200,"headerElapsedMs":14,"bodyElapsedMs":0,"totalElapsedMs":14,"bytes":437,"phase":"complete","outcome":"ok"}
[pass] LP26-O05 setting 9201 true
[pass] LP26-O03 deleted media absent
[pass] LP26-O03 deleted media absent
[pass] LP26-O03 deleted media absent
[pass] LP26-O05 reenabled recording after restart
[process-cleanup] {"schema":"recording-process-cleanup-v1","attemptCount":1,"pid":36680,"exitCode":0,"signalCode":null,"exitedObserved":true,"stopCode":"complete","forcedTermination":"not-used","normalExitPass":true,"normalShutdownPass":true,"archiveSafe":true,"ports":[{"kind":"http","port":51876,"status":"pass","code":"closed","closed":true},{"kind":"rtsp","port":51877,"status":"pass","code":"closed","closed":true}]}
[pass] LP26-O03 deleted media absent
[pass] LP26-O02 final restart closed journal no partial tail
[snapshot-process] {"status":0,"signal":null,"errorCode":null,"failureCode":null,"elapsedMs":785,"outputBytes":1739,"lastOpenedPhase":"catalog-destruct","lastCompletedPhase":"destruct","traceStatus":"complete","traceLoss":false,"rawOutputPublished":false}
[snapshot-receipt] {"preserved":true,"bytes":8604,"sha256":"11991ef1125c369b4a0fac2eb352ccdb90e96f03475cf9d1ee033ba1de48cb72","rawPathsPublished":false}
[pass] LP26-O05 stopped copy native catalog recovery
[pass] LP26-O05 native surviving and deleted states
[pass] LP26-O05 original journal bytes unchanged
[copy-cleanup] {"root":"/private/var/folders/k0/qhmr6zdx11q0_41wfx4dsd200000gn/T/media-server-current-observer-copy-hDOS76","bytes":146110779,"copied":true,"absent":true,"reason":null,"receiptPreserved":true,"originalUnchanged":true,"manifestUnchanged":true,"groupClosed":true}
[pass] LP26-O05 recovery copy cleanup
[root-storage] {"reason":"final","final":true,"elapsedMs":47828,"journalMutationTypes":{"segment_finalized":0,"event_link_created":0,"observation_put":0,"observation_v2_put":0,"deletion_requested":0,"deletion_completed":0,"corruption_detected":0,"recording_order_reserved":36,"segment_v2_finalized":0,"segment_v2_bound_finalized":36,"consumer_reference_put":0,"derived_reference_accepted":0,"referenced_observation_put":0,"derived_job_intent":0,"derived_job_files":0,"derived_job_ready":0,"derived_job_committed":0,"derived_job_complete":0,"derived_job_failed":0,"segment_v2_state":29,"segment_v2_deleted":29},"journalMutationTypesCoverage":"drained-prefix-only; unread-or-partial-tail-excluded","totalBytes":284168090,"capBytes":469762048,"capExceeded":false,"entries":323,"categories":{"input":{"bytes":124668810,"files":2},"media":{"bytes":145449126,"files":7},"mediaPartial":{"bytes":0,"files":0},"journal":{"bytes":427220,"files":2},"checkpoint":{"bytes":0,"files":0},"generationSnapshot":{"bytes":267,"files":1},"generationIdentity":{"bytes":160,"files":1},"generationEvidence":{"bytes":0,"files":0},"generationManifest":{"bytes":391,"files":1},"generationTransaction":{"bytes":0,"files":0},"sqlite":{"bytes":233472,"files":1},"wal":{"bytes":0,"files":0},"sqliteAux":{"bytes":0,"files":0},"tmp":{"bytes":0,"files":0},"log":{"bytes":17246,"files":3},"state":{"bytes":4655,"files":2},"events":{"bytes":0,"files":0},"cache":{"bytes":3146396,"files":280},"tools":{"bytes":9935304,"files":2},"recordingsOther":{"bytes":143,"files":3},"other":{"bytes":284900,"files":1}},"ownership":{"productRecording":{"bytes":146110779,"files":16},"fixtureInput":{"bytes":124668810,"files":2},"observerTools":{"bytes":9935304,"files":2},"cache":{"bytes":3146396,"files":280},"temporary":{"bytes":0,"files":0},"runtimeSupport":{"bytes":21901,"files":5},"other":{"bytes":284900,"files":1}},"transientJournalMisses":0,"sqlitePages":{"status":"observed","mainBytes":233472,"walBytes":0,"pageSize":4096,"pageCount":57,"freePageCount":3,"livePageCount":54,"liveBytes":221184,"freeBytes":12288},"measurement":"logical-file-bytes-nonatomic","rawPathsPublished":false}
[server-diagnostic] {"pid":36500,"bytes":11977,"capturedBytes":11977,"sha256":"8e27d39c534f29ae284d02ebd0bbbf384ff741b7f8000d395a8ba03b831743c9","overflow":false,"categories":[{"code":"file evidence unavailable","count":0},{"code":"storageBlocked","count":0},{"code":"shutdown","count":0},{"code":"ERROR","count":0},{"code":"WARNING","count":0}],"rawBodyPublished":false,"privateCaptureDisposition":"eligible-for-wrapper-cleanup"}
[server-slow-diagnostic] {"status":"captured","seen":101,"retained":64,"thresholdNs":10000000,"rows":[{"k":1,"o":7,"s":1,"l":1947,"m":3,"t":5,"r":0,"b":14651451167,"a":14651451167,"e":14664071417,"n":1,"w":0,"h":12620250,"x":0,"y":12620250},{"k":0,"o":1,"s":1,"l":2494,"m":3,"t":5,"r":0,"b":14650646209,"a":14650646292,"e":14664072542,"n":1,"w":83,"h":13426250,"x":83,"y":13426250},{"k":1,"o":7,"s":1,"l":1947,"m":3,"t":5,"r":0,"b":16619893250,"a":16619893250,"e":16631054292,"n":1,"w":0,"h":11161042,"x":0,"y":11161042},{"k":0,"o":1,"s":1,"l":2139,"m":3,"t":5,"r":0,"b":16618371625,"a":16618371750,"e":16631055542,"n":1,"w":125,"h":12683792,"x":125,"y":12683792},{"k":1,"o":7,"s":1,"l":1947,"m":3,"t":4,"r":0,"b":16632700500,"a":16632700500,"e":16643940417,"n":1,"w":0,"h":11239917,"x":0,"y":11239917},{"k":0,"o":1,"s":1,"l":2139,"m":3,"t":4,"r":0,"b":16621915417,"a":16631063625,"e":16643941542,"n":1,"w":9148208,"h":12877917,"x":9148208,"y":12877917},{"k":1,"o":7,"s":1,"l":1947,"m":3,"t":5,"r":0,"b":16650842084,"a":16650842084,"e":16664076709,"n":1,"w":0,"h":13234625,"x":0,"y":13234625},{"k":0,"o":1,"s":1,"l":2494,"m":3,"t":5,"r":0,"b":16650068917,"a":16650068959,"e":16664077459,"n":1,"w":42,"h":14008500,"x":42,"y":14008500},{"k":1,"o":7,"s":1,"l":1947,"m":3,"t":5,"r":0,"b":18622930417,"a":18622930417,"e":18635345459,"n":1,"w":0,"h":12415042,"x":0,"y":12415042},{"k":0,"o":1,"s":1,"l":2139,"m":3,"t":5,"r":0,"b":18621255125,"a":18621255334,"e":18635346875,"n":1,"w":209,"h":14091541,"x":209,"y":14091541},{"k":1,"o":7,"s":1,"l":1947,"m":3,"t":4,"r":0,"b":18644499792,"a":18644499792,"e":18655934084,"n":1,"w":0,"h":11434292,"x":0,"y":11434292},{"k":0,"o":1,"s":1,"l":2139,"m":3,"t":4,"r":0,"b":18641067042,"a":18642937375,"e":18655935042,"n":1,"w":1870333,"h":12997667,"x":1870333,"y":12997667},{"k":0,"o":1,"s":1,"l":638,"m":3,"t":5,"r":0,"b":18642950917,"a":18655942709,"e":18655942917,"n":1,"w":12991792,"h":208,"x":12991792,"y":208},{"k":1,"o":7,"s":1,"l":1947,"m":3,"t":5,"r":0,"b":18660745667,"a":18660745667,"e":18673434750,"n":1,"w":0,"h":12689083,"x":0,"y":12689083},{"k":0,"o":1,"s":1,"l":2494,"m":3,"t":5,"r":0,"b":18660028375,"a":18660028417,"e":18673435875,"n":1,"w":42,"h":13407458,"x":42,"y":13407458},{"k":1,"o":7,"s":1,"l":1947,"m":3,"t":5,"r":0,"b":20646660292,"a":20646660292,"e":20658433000,"n":1,"w":0,"h":11772708,"x":0,"y":11772708},{"k":0,"o":1,"s":1,"l":2139,"m":3,"t":5,"r":0,"b":20645062042,"a":20645062250,"e":20658434042,"n":1,"w":208,"h":13371792,"x":208,"y":13371792},{"k":0,"o":1,"s":1,"l":2139,"m":3,"t":4,"r":0,"b":20658415250,"a":20658441167,"e":20668961375,"n":1,"w":25917,"h":10520208,"x":25917,"y":10520208},{"k":1,"o":7,"s":1,"l":1947,"m":3,"t":5,"r":0,"b":20675701209,"a":20675701209,"e":20686301917,"n":1,"w":0,"h":10600708,"x":0,"y":10600708},{"k":0,"o":1,"s":1,"l":2494,"m":3,"t":5,"r":0,"b":20675042125,"a":20675042167,"e":20686303125,"n":1,"w":42,"h":11260958,"x":42,"y":11260958},{"k":1,"o":7,"s":1,"l":1947,"m":3,"t":4,"r":0,"b":20693108625,"a":20693108625,"e":20704489459,"n":1,"w":0,"h":11380834,"x":0,"y":11380834},{"k":0,"o":1,"s":1,"l":2494,"m":3,"t":4,"r":0,"b":20692467500,"a":20692467542,"e":20704490584,"n":1,"w":42,"h":12023042,"x":42,"y":12023042},{"k":1,"o":7,"s":1,"l":1947,"m":3,"t":5,"r":0,"b":22682749417,"a":22682749417,"e":22694679959,"n":1,"w":0,"h":11930542,"x":0,"y":11930542},{"k":0,"o":1,"s":1,"l":2139,"m":3,"t":5,"r":0,"b":22681186959,"a":22681187250,"e":22694681250,"n":1,"w":291,"h":13494000,"x":291,"y":13494000},{"k":0,"o":1,"s":1,"l":2139,"m":3,"t":4,"r":0,"b":22699275542,"a":22699275584,"e":22709691834,"n":1,"w":42,"h":10416250,"x":42,"y":10416250},{"k":0,"o":1,"s":1,"l":597,"m":3,"t":5,"r":0,"b":22699440625,"a":22709699084,"e":22709986042,"n":1,"w":10258459,"h":286958,"x":10258459,"y":286958},{"k":1,"o":7,"s":1,"l":1947,"m":3,"t":5,"r":0,"b":22716615584,"a":22716615584,"e":22729592042,"n":1,"w":0,"h":12976458,"x":0,"y":12976458},{"k":0,"o":1,"s":1,"l":2494,"m":3,"t":5,"r":0,"b":22715936542,"a":22715936584,"e":22729593167,"n":1,"w":42,"h":13656583,"x":42,"y":13656583},{"k":1,"o":7,"s":1,"l":1947,"m":3,"t":4,"r":0,"b":22736808625,"a":22736808625,"e":22748797042,"n":1,"w":0,"h":11988417,"x":0,"y":11988417},{"k":0,"o":1,"s":1,"l":2494,"m":3,"t":4,"r":0,"b":22736145625,"a":22736145667,"e":22748798667,"n":1,"w":42,"h":12653000,"x":42,"y":12653000},{"k":1,"o":7,"s":1,"l":1947,"m":3,"t":5,"r":0,"b":24721846584,"a":24721846584,"e":24733885042,"n":1,"w":0,"h":12038458,"x":0,"y":12038458},{"k":0,"o":1,"s":1,"l":2139,"m":3,"t":5,"r":0,"b":24720253584,"a":24720253750,"e":24733886250,"n":1,"w":166,"h":13632500,"x":166,"y":13632500},{"k":1,"o":7,"s":1,"l":1947,"m":3,"t":4,"r":0,"b":24739884625,"a":24739884625,"e":24751930417,"n":1,"w":0,"h":12045792,"x":0,"y":12045792},{"k":0,"o":1,"s":1,"l":2139,"m":3,"t":4,"r":0,"b":24738160042,"a":24738160167,"e":24751931750,"n":1,"w":125,"h":13771583,"x":125,"y":13771583},{"k":0,"o":1,"s":1,"l":597,"m":3,"t":5,"r":0,"b":24739034167,"a":24751940584,"e":24752231875,"n":1,"w":12906417,"h":291291,"x":12906417,"y":291291},{"k":1,"o":7,"s":1,"l":1947,"m":3,"t":5,"r":0,"b":24758983084,"a":24758983084,"e":24770748000,"n":1,"w":0,"h":11764916,"x":0,"y":11764916},{"k":0,"o":1,"s":1,"l":2494,"m":3,"t":5,"r":0,"b":24758201542,"a":24758201584,"e":24770749209,"n":1,"w":42,"h":12547625,"x":42,"y":12547625},{"k":1,"o":7,"s":1,"l":1947,"m":3,"t":5,"r":0,"b":26779338625,"a":26779338625,"e":26792038917,"n":1,"w":0,"h":12700292,"x":0,"y":12700292},{"k":0,"o":1,"s":1,"l":2139,"m":3,"t":5,"r":0,"b":26777544584,"a":26777544792,"e":26792040625,"n":1,"w":208,"h":14495833,"x":208,"y":14495833},{"k":1,"o":7,"s":1,"l":1947,"m":3,"t":4,"r":0,"b":26793714042,"a":26793714042,"e":26805465042,"n":1,"w":0,"h":11751000,"x":0,"y":11751000},{"k":0,"o":1,"s":1,"l":2139,"m":3,"t":4,"r":0,"b":26786829125,"a":26792047625,"e":26805466042,"n":1,"w":5218500,"h":13418417,"x":5218500,"y":13418417},{"k":1,"o":7,"s":1,"l":1947,"m":3,"t":5,"r":0,"b":26812512167,"a":26812512167,"e":26824019417,"n":1,"w":0,"h":11507250,"x":0,"y":11507250},{"k":0,"o":1,"s":1,"l":2494,"m":3,"t":5,"r":0,"b":26811901042,"a":26811901084,"e":26824020209,"n":1,"w":42,"h":12119125,"x":42,"y":12119125},{"k":1,"o":7,"s":1,"l":1947,"m":3,"t":5,"r":0,"b":28827479792,"a":28827479792,"e":28838588084,"n":1,"w":0,"h":11108292,"x":0,"y":11108292},{"k":0,"o":1,"s":1,"l":2139,"m":3,"t":5,"r":0,"b":28825938042,"a":28825938334,"e":28838589292,"n":1,"w":292,"h":12650958,"x":292,"y":12650958},{"k":1,"o":7,"s":1,"l":1947,"m":3,"t":4,"r":0,"b":28850796042,"a":28850796042,"e":28863391834,"n":1,"w":0,"h":12595792,"x":0,"y":12595792},{"k":0,"o":1,"s":1,"l":2139,"m":3,"t":4,"r":0,"b":28847427875,"a":28848989375,"e":28863392834,"n":1,"w":1561500,"h":14403459,"x":1561500,"y":14403459},{"k":1,"o":7,"s":1,"l":1947,"m":3,"t":5,"r":0,"b":28864165834,"a":28864165834,"e":28876370792,"n":1,"w":0,"h":12204958,"x":0,"y":12204958},{"k":0,"o":1,"s":1,"l":2494,"m":3,"t":5,"r":0,"b":28849472084,"a":28863400375,"e":28876371750,"n":1,"w":13928291,"h":12971375,"x":13928291,"y":12971375},{"k":1,"o":7,"s":1,"l":1947,"m":3,"t":4,"r":0,"b":28883140292,"a":28883140292,"e":28895799209,"n":1,"w":0,"h":12658917,"x":0,"y":12658917},{"k":0,"o":1,"s":1,"l":2494,"m":3,"t":4,"r":0,"b":28882470334,"a":28882470334,"e":28895799917,"n":1,"w":0,"h":13329583,"x":0,"y":13329583},{"k":1,"o":7,"s":1,"l":1947,"m":3,"t":5,"r":0,"b":30905163042,"a":30905163042,"e":30915846834,"n":1,"w":0,"h":10683792,"x":0,"y":10683792},{"k":0,"o":1,"s":1,"l":2139,"m":3,"t":5,"r":0,"b":30903600750,"a":30903600875,"e":30915848167,"n":1,"w":125,"h":12247292,"x":125,"y":12247292},{"k":1,"o":7,"s":1,"l":1947,"m":3,"t":4,"r":0,"b":30924253959,"a":30924253959,"e":30935469584,"n":1,"w":0,"h":11215625,"x":0,"y":11215625},{"k":0,"o":1,"s":1,"l":2139,"m":3,"t":4,"r":0,"b":30921654375,"a":30922819334,"e":30935470584,"n":1,"w":1164959,"h":12651250,"x":1164959,"y":12651250},{"k":0,"o":1,"s":1,"l":638,"m":3,"t":5,"r":0,"b":30922834500,"a":30935477584,"e":30935477959,"n":1,"w":12643084,"h":375,"x":12643084,"y":375},{"k":1,"o":7,"s":1,"l":1947,"m":3,"t":5,"r":0,"b":30940151584,"a":30940151584,"e":30954230292,"n":1,"w":0,"h":14078708,"x":0,"y":14078708},{"k":0,"o":1,"s":1,"l":2494,"m":3,"t":5,"r":0,"b":30939442625,"a":30939442667,"e":30954231250,"n":1,"w":42,"h":14788583,"x":42,"y":14788583},{"k":1,"o":7,"s":1,"l":1947,"m":3,"t":4,"r":0,"b":30961314042,"a":30961314042,"e":30972547584,"n":1,"w":0,"h":11233542,"x":0,"y":11233542},{"k":0,"o":1,"s":1,"l":2494,"m":3,"t":4,"r":0,"b":30960712375,"a":30960712417,"e":30972548375,"n":1,"w":42,"h":11835958,"x":42,"y":11835958},{"k":1,"o":7,"s":1,"l":1947,"m":3,"t":12,"r":0,"b":32489880167,"a":32489880167,"e":32499973584,"n":1,"w":0,"h":10093417,"x":0,"y":10093417},{"k":0,"o":1,"s":1,"l":2139,"m":3,"t":12,"r":0,"b":32488456875,"a":32488457042,"e":32499975042,"n":1,"w":167,"h":11518000,"x":167,"y":11518000},{"k":1,"o":7,"s":1,"l":1947,"m":3,"t":5,"r":0,"b":32968012334,"a":32968012334,"e":32979149000,"n":1,"w":0,"h":11136666,"x":0,"y":11136666},{"k":0,"o":1,"s":1,"l":2139,"m":3,"t":5,"r":0,"b":32966366125,"a":32966366459,"e":32979149959,"n":1,"w":334,"h":12783500,"x":334,"y":12783500}],"completedSpansOnly":true,"rawBodyPublished":false}
[server-diagnostic] {"pid":36619,"bytes":1761,"capturedBytes":1761,"sha256":"371624a7331291d43f04aed93633965d8f1bb79acf21c5c66f3b0c973726c0db","overflow":false,"categories":[{"code":"file evidence unavailable","count":0},{"code":"storageBlocked","count":0},{"code":"shutdown","count":0},{"code":"ERROR","count":0},{"code":"WARNING","count":0}],"rawBodyPublished":false,"privateCaptureDisposition":"eligible-for-wrapper-cleanup"}
[server-slow-diagnostic] {"status":"captured","seen":1,"retained":1,"thresholdNs":10000000,"rows":[{"k":0,"o":1,"s":1,"l":583,"m":2,"t":1,"r":0,"b":19625,"a":19667,"e":167922500,"n":1,"w":42,"h":167902833,"x":42,"y":167902833}],"completedSpansOnly":true,"rawBodyPublished":false}
[server-diagnostic] {"pid":36680,"bytes":3508,"capturedBytes":3508,"sha256":"5f12ae8746a85038a751640ce391f7da00b58538a3e3ff5f6af9faf03fd0cccf","overflow":false,"categories":[{"code":"file evidence unavailable","count":0},{"code":"storageBlocked","count":0},{"code":"shutdown","count":0},{"code":"ERROR","count":0},{"code":"WARNING","count":0}],"rawBodyPublished":false,"privateCaptureDisposition":"eligible-for-wrapper-cleanup"}
[server-slow-diagnostic] {"status":"captured","seen":12,"retained":12,"thresholdNs":10000000,"rows":[{"k":0,"o":1,"s":1,"l":583,"m":2,"t":1,"r":0,"b":20292,"a":20375,"e":167987875,"n":1,"w":83,"h":167967500,"x":83,"y":167967500},{"k":1,"o":7,"s":1,"l":1947,"m":2,"t":2,"r":0,"b":582599875,"a":582599875,"e":597298458,"n":1,"w":0,"h":14698583,"x":0,"y":14698583},{"k":0,"o":1,"s":1,"l":2494,"m":2,"t":2,"r":0,"b":581844375,"a":581844458,"e":597300125,"n":1,"w":83,"h":15455667,"x":83,"y":15455667},{"k":1,"o":7,"s":1,"l":1947,"m":2,"t":2,"r":0,"b":4042160958,"a":4042160958,"e":4054731542,"n":1,"w":0,"h":12570584,"x":0,"y":12570584},{"k":0,"o":1,"s":1,"l":2139,"m":2,"t":2,"r":0,"b":4040463083,"a":4040463292,"e":4054733250,"n":1,"w":209,"h":14269958,"x":209,"y":14269958},{"k":1,"o":7,"s":1,"l":1947,"m":2,"t":3,"r":0,"b":4056406000,"a":4056406000,"e":4067987500,"n":1,"w":0,"h":11581500,"x":0,"y":11581500},{"k":0,"o":1,"s":1,"l":2139,"m":2,"t":3,"r":0,"b":4053410167,"a":4054740375,"e":4067988792,"n":1,"w":1330208,"h":13248417,"x":1330208,"y":13248417},{"k":1,"o":7,"s":1,"l":1947,"m":2,"t":2,"r":0,"b":4075494167,"a":4075494167,"e":4086753208,"n":1,"w":0,"h":11259041,"x":0,"y":11259041},{"k":0,"o":1,"s":1,"l":2494,"m":2,"t":2,"r":0,"b":4074868208,"a":4074868292,"e":4086754167,"n":1,"w":84,"h":11885875,"x":84,"y":11885875},{"k":0,"o":1,"s":1,"l":2139,"m":2,"t":1,"r":0,"b":5421996833,"a":5421997500,"e":5432682583,"n":1,"w":667,"h":10685083,"x":667,"y":10685083},{"k":1,"o":7,"s":1,"l":1947,"m":2,"t":2,"r":0,"b":6095872208,"a":6095872208,"e":6108757333,"n":1,"w":0,"h":12885125,"x":0,"y":12885125},{"k":0,"o":1,"s":1,"l":2139,"m":2,"t":2,"r":0,"b":6094141583,"a":6094141875,"e":6108758667,"n":1,"w":292,"h":14616792,"x":292,"y":14616792}],"completedSpansOnly":true,"rawBodyPublished":false}
{"mode":"current-app-observe-short","passed":73,"failed":0,"elapsedMs":47830,"verifiedDurationMs":30207.486500000003,"longrunObservationCompleted":false,"shortPreparationPass":true,"statusCumulativePass":false,"resourceTrendPass":false,"reviewRequired":true,"uiFulltestPass":false,"phase":{"elapsedMs":30207.486500000003,"channels":{"9101":{"finalized":14,"deleted":12,"lastAt":33000.273959,"order":"28","store":"a7a61574544231c02d097c7bb1d3dff90595dbf05df668d1ddad290f1664eaa9","knownMappings":8,"unknownMappings":502},"9201":{"finalized":14,"deleted":12,"lastAt":33000.273959,"order":"27","store":"a7a61574544231c02d097c7bb1d3dff90595dbf05df668d1ddad290f1664eaa9","knownMappings":8,"unknownMappings":596}},"records":28,"logicalBytes":16749},"resources":{"status":"observed","resourceTrendPass":false,"reviewRequired":true,"sampleCount":7,"groups":[{"pid":36500,"startIdentity":"macos:1790478263:738990","sampleCount":7,"first":{"phaseAt":3129.723834,"sampledAt":1790478265355,"rssBytes":95977472,"threadCount":29,"fdCount":29,"mutationCount":2},"last":{"phaseAt":33000.273959,"sampledAt":1790478295226,"rssBytes":241729536,"threadCount":25,"fdCount":29,"mutationCount":106},"max":{"rssBytes":241729536,"threadCount":29,"fdCount":29},"delta":{"rssBytes":145752064,"threadCount":-4,"fdCount":0,"mutationCount":104},"elapsedMs":29870.550124999998,"maxGapMs":5005.277042000001,"warmupMs":300000,"postWarmup":{"status":"insufficient","sampleCount":0,"delta":null,"elapsedMs":null,"rssMiBPerMinute":null}}]},"processCount":3,"processesClosed":true,"udpClosed":true,"tokenStart":null,"tokenEnd":null,"tokenConsumed":null,"tokenSource":"전용 집계 없음"}
[cleanup] {"root":"/private/var/folders/k0/qhmr6zdx11q0_41wfx4dsd200000gn/T/media-server-current-observer-pSI8vH","bytes":284168090,"absent":true}
