[start] 2026-10-03T12:30:37Z
Darwin arm64
Apple clang version 21.0.0 (clang-2100.3.34.2)
38dc824f289fe523f848b32162088ce955a6848c173f8e731e803a039c00c142  /Users/dhseo/Workspace/mediaServer/scripts/internal/recording_current_ui_seed.cpp
f9bd09ba278871b479284014e757bc494e6b471bd43fd505536a474f62fcd639  /Users/dhseo/Workspace/mediaServer/scripts/internal/recording_current_ui_seed.mjs
404784ececbb74556fa2e32975f879e2632a96311bc7ed0e41bce069d167b8a6  /Users/dhseo/Workspace/mediaServer/scripts/internal/recording_media_test_fixture.h
86eb8de4cf1fdd31059deb47ac5e5df5639581cc20609ccf12493acf94e59a31  /Users/dhseo/Workspace/mediaServer/scripts/internal/verify_recording_current_ui_seed.sh
f53192a630bc0378638ece917308611a95f819e5fc2537dec3235202da7d94ed  /Users/dhseo/Workspace/mediaServer/build-gst-onnx/libmedia_server_runtime.a
[recording] file evidence unavailable: file evidence profile/bound 오류
[recording] file evidence unavailable: file evidence profile/bound 오류
[recording] file evidence unavailable: file evidence profile/bound 오류
[recording] file evidence unavailable: file evidence profile/bound 오류
[recording] file evidence unavailable: file evidence profile/bound 오류
PASS: LP26-U06-A managed Catalog reopen public timeline and persistent generation unchanged
PASS: B06-V02 actual Runtime B seed and fresh reopen preserve authoritative files
PASS: LP26-U01-A current managed UI seed oracle
PASS: LP26-U02-A current managed UI seed oracle
PASS: LP26-U03-A current managed UI seed oracle
PASS: LP26-U04-A current managed UI seed oracle
PASS: LP26-U05-A current managed UI seed oracle
[ui-seed-summary] {"rows":146,"known":115,"unknown":31,"pages":2,"actualUiPass":false}
[cleanup] {"path":"/private/var/folders/k0/qhmr6zdx11q0_41wfx4dsd200000gn/T/media-server-current-ui-seed.OB1614","bytes":13537884,"removed":true}
[elapsed] seconds=9 source=bash-SECONDS actualUiPass=false
[ui-seed] current-managed; mapping units; seek=original-MP4; events=derived-fMP4; actualUiPass=false
[ui-seed-selection] {"seekSegmentId":"4ced3a3e-1ecb-406a-b789-cbdca46d34fa","eventOutputIds":[{"scenario":"full","ids":["dj-5703ba4a05c0c2529a05feab49c1fadc8335598a8c8e211ce10663b7a906a15a-o0","dj-5703ba4a05c0c2529a05feab49c1fadc8335598a8c8e211ce10663b7a906a15a-o1"]},{"scenario":"partial","ids":["dj-bc39fb5b93d82e2f7654421038eacb2c4ad4812f1be7c8f15f98a9f60abae702-o0","dj-bc39fb5b93d82e2f7654421038eacb2c4ad4812f1be7c8f15f98a9f60abae702-o1"]}],"actualUiPass":false}
[search-ui-action] F03-object begin
[search-ui-action] F03-object pass
[search-ui-action] F04-track begin
[search-ui-action] F04-track pass
[search-ui-action] F05-event begin
[search-ui-action] F05-event pass
[search-ui-action] V420-F06 begin
[search-ui-action] V420-F06 pass
[search-ui-action] V420-F07 begin
[search-ui-action] V420-F07 pass
[search-ui-action] V420-F08-I begin
[search-ui-action] V420-F08-I pass
[search-ui-action] V420-F08-L begin
[search-ui-action] V420-F08-L pass
[search-ui-action] V420-F08-D begin
[search-ui-action] V420-F08-D pass
[search-ui-action] V420-F08-O begin
[search-ui-action] V420-F08-O pass
[search-ui-action] F09-combined begin
[search-ui-action] F09-combined pass
[search-ui-action] F09-same-event begin
[search-ui-action] F09-same-event pass
[search-ui-action] M02-missing begin
[search-ui-action] M02-missing pass
[search-ui-action] M02-unrelated begin
[search-ui-action] M02-unrelated pass
[search-ui-action] F10-invalid begin
[search-ui-action] F10-invalid pass
[search-ui-action] F10-unknown begin
[search-ui-action] F10-unknown pass
[search-ui-action] F01-channels begin
[search-ui-action] F01-channels pass
[search-ui-action] F02-time begin
[search-ui-action] F02-time pass
[search-ui-action] C01-pages begin
[search-ui-action] C01-pages pass
[search-ui-action] C03-live-membership begin
[search-ui-action] C03-live-membership pass
[search-ui-action] P01-original begin
[search-ui-action] P01-original pass
[search-ui-action] P02-derived begin
[search-ui-action] P02-derived pass
[search-ui-action] E02-current-fallback begin
[search-ui-action] E02-current-fallback pass
[search-ui-action] P03-missing-current-file begin
[search-ui-action] P03-missing-current-file pass
[search-ui-action] P03-corrupt-current-file begin
[search-ui-action] P03-corrupt-current-file pass
[search-ui-action] U02-390-light begin
[search-ui-action] U02-390-light pass
[search-ui-action] U02-390-dark begin
[search-ui-action] U02-390-dark pass
[search-ui-action] U02-1440-light begin
[search-ui-action] U02-1440-light pass
[search-ui-action] U02-1440-dark begin
[search-ui-action] U02-1440-dark pass
[search-ui-action] U01-late-search begin
[search-ui-action] U01-late-search pass
[search-ui-action] U01-late-seek begin
[search-ui-action] U01-late-seek pass
[search-ui-action] C02-restart begin
[ui-search-restart] {"action":"restart","previousStop":{"exited":true,"forced":false,"exitCode":0,"signalCode":null},"pid":82693,"ready":true}
[search-ui-action] C02-restart pass
[search-ui-action] C02-expiry begin
[search-ui-action] C02-expiry pass
[search-ui-action] L01-add-restart begin
[ui-search-restart] {"action":"add","previousStop":{"exited":true,"forced":false,"exitCode":0,"signalCode":null},"pid":82856,"ready":true}
[search-ui-action] L01-add-restart pass
[search-ui-action] A01-operator begin
[search-ui-action] A01-operator pass
[search-ui-action] A01-denied-2 begin
[search-ui-action] A01-denied-2 pass
[search-ui-action] A01-denied-5 begin
[search-ui-action] A01-denied-5 pass
[search-ui-action] A01-denied-null begin
[search-ui-action] A01-denied-null pass
[search-ui-action] M03-capacity begin
[ui-search-restart] {"action":"capacity","previousStop":{"exited":true,"forced":false,"exitCode":0,"signalCode":null},"pid":82928,"ready":true}
[search-ui-action] M03-capacity pass
{"uiPreparationLog":{"truncated":false,"droppedBytes":0,"writeFailed":false},"actualUiPass":false}
[cleanup] PASS {"root":"/private/var/folders/k0/qhmr6zdx11q0_41wfx4dsd200000gn/T/media-server-v410-s06-UJyZcQ","rootBeforeBytes":85583272,"rootBeforeEntries":472,"rootSymlinksNotFollowed":277,"rootAbsent":true,"process":{"pid":82928,"exitCode":0,"signalCode":null,"graceful":true},"ports":[{"kind":"rtsp","port":58756,"closed":true,"evidence":"ECONNREFUSED"},{"kind":"http","port":58757,"closed":true,"evidence":"ECONNREFUSED"}],"attempted":6,"failureCount":0,"cleanupElapsedMs":390,"verifierElapsedMs":392146,"uiUdpClosed":true}
