[source] {"name":"include/recording/recording_catalog.h","sha256":"e077d5c98ae5cad3197e94c91d28129cf876076c781d8f9a37bf5bf80b0269d7"}
[source] {"name":"src/recording/recording_catalog.cpp","sha256":"d8ff265421ae544ed41ad7ab0e7f63b1990e22d19db06b6a48f67ae296f1a649"}
[source] {"name":"src/recording/recording_checkpoint_validation.h","sha256":"0162fc707fb89f23e7fa251c960b4f1d87a736524cfc89c2f49163c177e9487a"}
[source] {"name":"scripts/internal/recording_checkpoint_cache_smoke.cpp","sha256":"b052c68486a1d646a38e650d6ce38084935cb21e3ba051a7e135a6618f4ae606"}
[source] {"name":"scripts/internal/verify_recording_checkpoint_cache.sh","sha256":"23c07c94c99f36e9187d2760936252657545bd4cd02e8a4c23866a7e4139300c"}
[environment] ownedCache=true ownedRegistry=true productFilesUnchanged=true instrumentation=checkpoint-scope-apply-count projectionExceptionExactInsertions=1 automaticNoopExactInsertions=1
[instrument] catalog_original_sha256=d8ff265421ae544ed41ad7ab0e7f63b1990e22d19db06b6a48f67ae296f1a649 catalog_instrumented_sha256=467084734fa5f64524923b3cf8e1cdf19a3fd160da67108404133a1fd6cd86d0
[pass] LP15-C01 cold full applied=1 expected=1
[pass] LP15-C01 unchanged prefix applied=0 expected=0
[pass] LP15-C01 exact prefix suffix only applied=1 expected=1
[pass] LP15-C01 independent prefix shadow/full projection equality
[pass] LP15-C01 full fallback schema applied=2 expected=2
[pass] LP15-C01 full fallback type applied=2 expected=2
[pass] LP15-C01 full fallback id applied=2 expected=2
[pass] LP15-C01 full fallback entity applied=2 expected=2
[pass] LP15-C01 full fallback time applied=2 expected=2
[pass] LP15-C01 full fallback payload applied=2 expected=2
[pass] LP15-C01 full fallback reorder applied=2 expected=2
[pass] LP15-C01 full fallback shrink applied=2 expected=2
[pass] LP15-C01 full fallback null-shadow applied=2 expected=2
[pass] LP15-C01 full fallback null-handle applied=2 expected=2
[pass] LP15-C01 Open clears cache applied=2 expected=2
[pass] LP15-C03 recover full/no-cache
[pass] LP15-C03 after recover full applied=2 expected=2
[pass] LP15-C03 injected commit refusal discards cache
[pass] LP15-C03 after commit refusal full applied=2 expected=2
[pass] LP15-C03 suffix exception discards cache
[pass] LP15-C03 after exception full applied=3 expected=3
[pass] LP15-C03 public poisoned entry discards cache
[pass] LP15-C03 after restored fixture full applied=3 expected=3
[pass] LP15-C04 exact byte charge boundary
[pass] LP15-C04 overflow charge rejected
[pass] LP15-C04 8192 records admitted
[pass] LP15-C04 8193 records rejected
[pass] LP15-C04 64MiB record charge admitted
[pass] LP15-C04 64MiB plus one rejected
[pass] LP15-C03 changed candidate prime applied=1 expected=1
[pass] LP15-C03 changed candidate suffix12 plus full candidate13 applied=25 expected=25
[pass] LP15-C03 changed candidate cache equals independent full projection
[pass] LP15-C03 compacted candidate prefix reused applied=0 expected=0
[pass] LP15-C03 forced projection mismatch discards cache
[pass] LP18-R07 ordinary projection exception preserves authority and retry eligibility
[pass] LP18-R07 uncertain projection returns false and preserves durable bytes
[pass] LP15-C04 overlimit prime applied=1 expected=1
[pass] LP15-C04 existing cache ignored for oversized original applied=8193 expected=8193
[pass] LP15-C04 oversized candidate not retained
[pass] LP15-C04 next oversized checkpoint full applied=8193 expected=8193
[shape] state=1 bytes=319477 sources=1 samples=250 mappings=250 slices=45 aus=250 hash=489c910d4fbafa9180c063d04c24bbe1efd10c544a6f288caf8dca7283566636
[record-cost] iteration=1 serialize_us=28976 parse_us=77751
[record-cost] iteration=2 serialize_us=29142 parse_us=77428
[record-cost] iteration=3 serialize_us=28958 parse_us=77858
[shape] state=3 bytes=319492 sources=1 samples=250 mappings=250 slices=45 aus=250 hash=d909ec95591de459168dc80ec172b21209049d4a6320ce5892105452b0dfdd39
[record-cost] iteration=1 serialize_us=29091 parse_us=78536
[record-cost] iteration=2 serialize_us=28967 parse_us=78017
[record-cost] iteration=3 serialize_us=29019 parse_us=77402
[shape] state=1 bytes=319477 sources=1 samples=250 mappings=250 slices=45 aus=250 hash=c2ea440b84ed2212434fb8b98b12a8b1c357c6947145f4934c58d5a3a247d144
[record-cost] iteration=1 serialize_us=29188 parse_us=77716
[record-cost] iteration=2 serialize_us=29317 parse_us=78183
[record-cost] iteration=3 serialize_us=29720 parse_us=77838
[shape] state=3 bytes=319492 sources=1 samples=250 mappings=250 slices=45 aus=250 hash=675b9d28fdc617aba4a6c40453d78a2f551d8c07674e0b3712fdd67a3c8eb7db
[record-cost] iteration=1 serialize_us=29290 parse_us=77244
[record-cost] iteration=2 serialize_us=29005 parse_us=77564
[record-cost] iteration=3 serialize_us=29004 parse_us=77560
[pass] CP01 actual Ready Complete shape canonical files reservation
[pass] CP02 bounded two jobs over 1MiB canonical transitions
[automatic-checkpoint-noop] index=0 duration_us=596
[automatic-checkpoint-noop] index=1 duration_us=1130
[automatic-checkpoint-paths] attempts=2 noop=2 fallback=0 strict=0
[transition-hold] count=8 max_us=164431 scope=UpdateDerivedJob-lock-acquired-to-before-unlock
[pass] LP15-C02 bounded automatic checkpoint and whole transition measurement
[shape] LP15-C02 records=18 bytes=2842727 ready=2 committed=2 complete=2
[pass] LP15-C02 reopened full applied=18 expected=18
[pass] LP15-C02 actual unchanged prefix applied=0 expected=0
[pass] LP15-C02 actual suffix only applied=1 expected=1
[pass] LP15-C02 actual job shadow/full projection equality
[pass] LP15-C03 illegal Ready after Complete suffix rejected by cached/full paths
[summary] LP15 pass=46 fail=0
[peak-rss] bytes=180224000 source=getrusage-self
[pass] LP15-C04 peakRSS bytes=180224000 cap=536870912
[bounded] {"code":0,"signal":null,"limit":false,"outputBytes":4599,"runtimeCapSeconds":60,"diskCapBytes":536870912,"peakRssBytes":180224000,"peakSource":"getrusage-self"}
[cleanup] {"root":"/private/var/folders/k0/qhmr6zdx11q0_41wfx4dsd200000gn/T/media-server-checkpoint-cache.ijFHB3","bytes":17637104,"removed":true}
[exit] code=0 elapsed_seconds=16 source=bash-SECONDS
