[start] 2026-10-03T07:18:45Z
Darwin arm64
Apple clang version 21.0.0 (clang-2100.3.34.2)
778a19ccd78f46345b5f7a112932743020233cfed244e504a1c66596688cce0f  /Users/dhseo/Workspace/mediaServer/scripts/internal/recording_current_ui_seed.cpp
f9bd09ba278871b479284014e757bc494e6b471bd43fd505536a474f62fcd639  /Users/dhseo/Workspace/mediaServer/scripts/internal/recording_current_ui_seed.mjs
404784ececbb74556fa2e32975f879e2632a96311bc7ed0e41bce069d167b8a6  /Users/dhseo/Workspace/mediaServer/scripts/internal/recording_media_test_fixture.h
b946800078bb3c977891e505a60786285e7bd060a20fbded0b50f2c891639671  /Users/dhseo/Workspace/mediaServer/scripts/internal/verify_recording_current_ui_seed.sh
f53192a630bc0378638ece917308611a95f819e5fc2537dec3235202da7d94ed  /Users/dhseo/Workspace/mediaServer/build-gst-onnx/libmedia_server_runtime.a
[recording] file evidence unavailable: file evidence profile/bound 오류
[recording] file evidence unavailable: file evidence profile/bound 오류
[recording] file evidence unavailable: file evidence profile/bound 오류
[recording] file evidence unavailable: file evidence profile/bound 오류
[recording] file evidence unavailable: file evidence profile/bound 오류
PASS: LP26-U06-A managed Catalog reopen public timeline and persistent generation unchanged
PASS: B06-V02 actual Runtime B seed and fresh reopen preserve authoritative files
PASS: LP26-U01-A current managed UI seed oracle
PASS: LP26-U02-A current managed UI seed oracle
PASS: LP26-U03-A current managed UI seed oracle
PASS: LP26-U04-A current managed UI seed oracle
PASS: LP26-U05-A current managed UI seed oracle
[ui-seed-summary] {"rows":146,"known":115,"unknown":31,"pages":2,"actualUiPass":false}
[cleanup] {"path":"/private/var/folders/k0/qhmr6zdx11q0_41wfx4dsd200000gn/T/media-server-current-ui-seed.Bm61rn","bytes":11993740,"removed":true}
[elapsed] seconds=9 source=bash-SECONDS actualUiPass=false
[ui-seed] current-managed; mapping units; seek=original-MP4; events=derived-fMP4; actualUiPass=false
[ui-seed-selection] {"seekSegmentId":"2208a0fc-bbc0-4378-a95a-4c0e6ec40d7b","eventOutputIds":[{"scenario":"full","ids":["dj-a69ae0cf91067d059a7c912dca8d35e755a0ec6e711a2b8b0d7415a23f7b08f6-o0","dj-a69ae0cf91067d059a7c912dca8d35e755a0ec6e711a2b8b0d7415a23f7b08f6-o1"]},{"scenario":"partial","ids":["dj-5981bef50257273ca1d3844308deb249b82359b99839a69f9ae71675b1e95d27-o0","dj-5981bef50257273ca1d3844308deb249b82359b99839a69f9ae71675b1e95d27-o1"]}],"actualUiPass":false}
{"uiPreparationLog":{"truncated":false,"droppedBytes":0,"writeFailed":false},"actualUiPass":false}
[cleanup] PASS {"root":"/private/var/folders/k0/qhmr6zdx11q0_41wfx4dsd200000gn/T/media-server-v410-s06-xO0Nab","rootBeforeBytes":16582857,"rootBeforeEntries":441,"rootSymlinksNotFollowed":277,"rootAbsent":true,"process":{"pid":66999,"exitCode":0,"signalCode":null,"graceful":true},"ports":[{"kind":"rtsp","port":50309,"closed":true,"evidence":"ECONNREFUSED"},{"kind":"http","port":50310,"closed":true,"evidence":"ECONNREFUSED"}],"attempted":6,"failureCount":0,"cleanupElapsedMs":778,"verifierElapsedMs":76790,"uiUdpClosed":true}
{"pass":31,"notRun":0,"uiFulltestPass":false,"outputDir":"/private/var/folders/k0/qhmr6zdx11q0_41wfx4dsd200000gn/T/media-server-recording-ui-acceptance-v420-release-20261003"}
