[start] 2026-10-03T09:31:58Z
Darwin arm64
Apple clang version 21.0.0 (clang-2100.3.34.2)
38dc824f289fe523f848b32162088ce955a6848c173f8e731e803a039c00c142  /Users/dhseo/Workspace/mediaServer/scripts/internal/recording_current_ui_seed.cpp
f9bd09ba278871b479284014e757bc494e6b471bd43fd505536a474f62fcd639  /Users/dhseo/Workspace/mediaServer/scripts/internal/recording_current_ui_seed.mjs
404784ececbb74556fa2e32975f879e2632a96311bc7ed0e41bce069d167b8a6  /Users/dhseo/Workspace/mediaServer/scripts/internal/recording_media_test_fixture.h
86eb8de4cf1fdd31059deb47ac5e5df5639581cc20609ccf12493acf94e59a31  /Users/dhseo/Workspace/mediaServer/scripts/internal/verify_recording_current_ui_seed.sh
f53192a630bc0378638ece917308611a95f819e5fc2537dec3235202da7d94ed  /Users/dhseo/Workspace/mediaServer/build-gst-onnx/libmedia_server_runtime.a
[recording] file evidence unavailable: file evidence profile/bound 오류
[recording] file evidence unavailable: file evidence profile/bound 오류
[recording] file evidence unavailable: file evidence profile/bound 오류
[recording] file evidence unavailable: file evidence profile/bound 오류
[recording] file evidence unavailable: file evidence profile/bound 오류
PASS: LP26-U06-A managed Catalog reopen public timeline and persistent generation unchanged
PASS: B06-V02 actual Runtime B seed and fresh reopen preserve authoritative files
PASS: LP26-U01-A current managed UI seed oracle
PASS: LP26-U02-A current managed UI seed oracle
PASS: LP26-U03-A current managed UI seed oracle
PASS: LP26-U04-A current managed UI seed oracle
PASS: LP26-U05-A current managed UI seed oracle
[ui-seed-summary] {"rows":146,"known":115,"unknown":31,"pages":2,"actualUiPass":false}
[cleanup] {"path":"/private/var/folders/k0/qhmr6zdx11q0_41wfx4dsd200000gn/T/media-server-current-ui-seed.cb05BN","bytes":13537884,"removed":true}
[elapsed] seconds=8 source=bash-SECONDS actualUiPass=false
[ui-seed] current-managed; mapping units; seek=original-MP4; events=derived-fMP4; actualUiPass=false
[ui-seed-selection] {"seekSegmentId":"874de6c7-7065-4536-af21-5c9099189380","eventOutputIds":[{"scenario":"full","ids":["dj-d52cf5472bfde58ccb5b943b2413008d7830d7908b405e946f1e78c0262c1770-o0","dj-d52cf5472bfde58ccb5b943b2413008d7830d7908b405e946f1e78c0262c1770-o1"]},{"scenario":"partial","ids":["dj-fe0d95a8da68184278e0d68f2b8c7f84e318814606069b0944967dd5c36ec2c9-o0","dj-fe0d95a8da68184278e0d68f2b8c7f84e318814606069b0944967dd5c36ec2c9-o1"]}],"actualUiPass":false}
{"uiPreparationLog":{"truncated":false,"droppedBytes":0,"writeFailed":false},"actualUiPass":false}
[cleanup] PASS {"root":"/private/var/folders/k0/qhmr6zdx11q0_41wfx4dsd200000gn/T/media-server-v410-s06-IJkyar","rootBeforeBytes":16656160,"rootBeforeEntries":441,"rootSymlinksNotFollowed":277,"rootAbsent":true,"process":{"pid":74777,"exitCode":0,"signalCode":null,"graceful":true},"ports":[{"kind":"rtsp","port":54766,"closed":true,"evidence":"ECONNREFUSED"},{"kind":"http","port":54767,"closed":true,"evidence":"ECONNREFUSED"}],"attempted":6,"failureCount":0,"cleanupElapsedMs":703,"verifierElapsedMs":77209,"uiUdpClosed":true}
{"pass":31,"notRun":0,"uiFulltestPass":false,"outputDir":"/private/var/folders/k0/qhmr6zdx11q0_41wfx4dsd200000gn/T/media-server-recording-ui-acceptance-v420-release-20261003-r2"}
