[start] 2026-10-03T09:37:47Z
Darwin arm64
Apple clang version 21.0.0 (clang-2100.3.34.2)
38dc824f289fe523f848b32162088ce955a6848c173f8e731e803a039c00c142  /Users/dhseo/Workspace/mediaServer/scripts/internal/recording_current_ui_seed.cpp
f9bd09ba278871b479284014e757bc494e6b471bd43fd505536a474f62fcd639  /Users/dhseo/Workspace/mediaServer/scripts/internal/recording_current_ui_seed.mjs
404784ececbb74556fa2e32975f879e2632a96311bc7ed0e41bce069d167b8a6  /Users/dhseo/Workspace/mediaServer/scripts/internal/recording_media_test_fixture.h
86eb8de4cf1fdd31059deb47ac5e5df5639581cc20609ccf12493acf94e59a31  /Users/dhseo/Workspace/mediaServer/scripts/internal/verify_recording_current_ui_seed.sh
f53192a630bc0378638ece917308611a95f819e5fc2537dec3235202da7d94ed  /Users/dhseo/Workspace/mediaServer/build-gst-onnx/libmedia_server_runtime.a
[recording] file evidence unavailable: file evidence profile/bound 오류
[recording] file evidence unavailable: file evidence profile/bound 오류
[recording] file evidence unavailable: file evidence profile/bound 오류
[recording] file evidence unavailable: file evidence profile/bound 오류
[recording] file evidence unavailable: file evidence profile/bound 오류
PASS: LP26-U06-A managed Catalog reopen public timeline and persistent generation unchanged
PASS: B06-V02 actual Runtime B seed and fresh reopen preserve authoritative files
PASS: LP26-U01-A current managed UI seed oracle
PASS: LP26-U02-A current managed UI seed oracle
PASS: LP26-U03-A current managed UI seed oracle
PASS: LP26-U04-A current managed UI seed oracle
PASS: LP26-U05-A current managed UI seed oracle
[ui-seed-summary] {"rows":146,"known":115,"unknown":31,"pages":2,"actualUiPass":false}
[cleanup] {"path":"/private/var/folders/k0/qhmr6zdx11q0_41wfx4dsd200000gn/T/media-server-current-ui-seed.dsPLHo","bytes":13537884,"removed":true}
[elapsed] seconds=9 source=bash-SECONDS actualUiPass=false
[ui-seed] current-managed; mapping units; seek=original-MP4; events=derived-fMP4; actualUiPass=false
[ui-seed-selection] {"seekSegmentId":"5133864c-16fa-4080-85e4-af1352ee4010","eventOutputIds":[{"scenario":"full","ids":["dj-b199027fe01ead030ebe2c731d18cec7f0895c06b9fee566ce6b7ca5b39205f5-o0","dj-b199027fe01ead030ebe2c731d18cec7f0895c06b9fee566ce6b7ca5b39205f5-o1"]},{"scenario":"partial","ids":["dj-3209085fe014f8921a0783e21e4d366dcc05838fb424a3ef0564dd052e2996c1-o0","dj-3209085fe014f8921a0783e21e4d366dcc05838fb424a3ef0564dd052e2996c1-o1"]}],"actualUiPass":false}
[search-ui-action] F03-object begin
[search-ui-action] F03-object pass
[search-ui-action] F04-track begin
[search-ui-action] F04-track pass
[search-ui-action] F05-event begin
[search-ui-action] F05-event pass
[search-ui-action] V420-F06 begin
[search-ui-action] V420-F06 pass
[search-ui-action] V420-F07 begin
[search-ui-action] V420-F07 fail
{"uiPreparationLog":{"truncated":false,"droppedBytes":0,"writeFailed":false},"actualUiPass":false}
[cleanup] PASS {"root":"/private/var/folders/k0/qhmr6zdx11q0_41wfx4dsd200000gn/T/media-server-v410-s06-N7D6fD","rootBeforeBytes":27701014,"rootBeforeEntries":436,"rootSymlinksNotFollowed":277,"rootAbsent":true,"process":{"pid":75235,"exitCode":0,"signalCode":null,"graceful":true},"ports":[{"kind":"rtsp","port":55728,"closed":true,"evidence":"ECONNREFUSED"},{"kind":"http","port":55729,"closed":true,"evidence":"ECONNREFUSED"}],"attempted":6,"failureCount":0,"cleanupElapsedMs":1185,"verifierElapsedMs":20803,"uiUdpClosed":true}
search UI run failed; inspect private evidence: UI auth preparation failed stage=driver code=PREPARATION_FAILED
