{"root":"/private/var/folders/k0/qhmr6zdx11q0_41wfx4dsd200000gn/T/media-server-v410-s06-search-preflight-eD5A4R","serverStarted":false}
[start] 2026-10-03T07:56:18Z
Darwin arm64
Apple clang version 21.0.0 (clang-2100.3.34.2)
cab509eaa24fb2c74f924a8b2568df4f8ce68e30b90f128fe1f1a320102e5746  /Users/dhseo/Workspace/mediaServer/scripts/internal/recording_current_ui_seed.cpp
f9bd09ba278871b479284014e757bc494e6b471bd43fd505536a474f62fcd639  /Users/dhseo/Workspace/mediaServer/scripts/internal/recording_current_ui_seed.mjs
404784ececbb74556fa2e32975f879e2632a96311bc7ed0e41bce069d167b8a6  /Users/dhseo/Workspace/mediaServer/scripts/internal/recording_media_test_fixture.h
86eb8de4cf1fdd31059deb47ac5e5df5639581cc20609ccf12493acf94e59a31  /Users/dhseo/Workspace/mediaServer/scripts/internal/verify_recording_current_ui_seed.sh
f53192a630bc0378638ece917308611a95f819e5fc2537dec3235202da7d94ed  /Users/dhseo/Workspace/mediaServer/build-gst-onnx/libmedia_server_runtime.a
[cleanup] {"path":"/private/var/folders/k0/qhmr6zdx11q0_41wfx4dsd200000gn/T/media-server-current-ui-seed.G9ckYm","bytes":13537884,"removed":true}
[elapsed] seconds=4 source=bash-SECONDS actualUiPass=false
 [recording] file evidence unavailable: file evidence profile/bound 오류
[recording] file evidence unavailable: file evidence profile/bound 오류
[recording] file evidence unavailable: file evidence profile/bound 오류
[recording] file evidence unavailable: file evidence profile/bound 오류
[recording] file evidence unavailable: file evidence profile/bound 오류
FAIL: current UI seed search-release-observation
 {"exit":1,"signal":null,"elapsedMs":4786}
file:///private/tmp/v420-release-execution.BSxoIO/search-fixture-preflight.mjs:8
const run=(command,args)=>{const start=Date.now();const r=spawnSync(command,args,{cwd:repo,env:uiSeedEnvironment(),encoding:'utf8',timeout:120000,maxBuffer:1024*1024});console.log(r.stdout,r.stderr,JSON.stringify({exit:r.status,signal:r.signal,elapsedMs:Date.now()-start}));if(r.status!==0)throw Error('fixture-preflight-failed');};
                                                                                                                                                                                                                                                                                                        ^

Error: fixture-preflight-failed
    at run (file:///private/tmp/v420-release-execution.BSxoIO/search-fixture-preflight.mjs:8:297)
    at file:///private/tmp/v420-release-execution.BSxoIO/search-fixture-preflight.mjs:9:1
    at ModuleJob.run (node:internal/modules/esm/module_job:413:25)
    at async onImport.tracePromise.__proto__ (node:internal/modules/esm/loader:660:26)
    at async asyncRunEntryPointWithESMLoader (node:internal/modules/run_main:101:5)

Node.js v24.13.0
