c4c5190578a426ebe161e0b375a544889846c5cf2c88d4cbe77fb0be0e2b52cf  CMakeLists.txt
048af78bfe3ef65659807b202a4e10c95b5555ce422b5ddcb6e20fa03ec106e7  include/recording/recording_catalog.h
af8bbcd47b54a59d1c39f7786619014658c8aebf416028cac248b8d6caf16545  include/recording/recording_derived_job.h
96932ca139e634744cb133d6dacbe4f54bb4c8b5eaf93fed728e9282b2162245  include/recording/recording_journal.h
d304a0f776606acce568aae47cb41dd0d0cfcd5c7226683340214085af4c3619  include/recording/retention_coordinator.h
4dc46baf4b97c73b8db9ddf4f517beecff38202bbdce86ef62b359c661d4e8fc  scripts/internal/recording_derived_jobs_smoke.cpp
26f671eb90f6f23f76b5a2610fed1251711e772f995d3c57a772adb61e0b1453  scripts/internal/recording_retention_v2_smoke.cpp
643c2c66cd166ff451abf24ae9a80d67ade024ae03a0b5b59766f7034852de9e  scripts/internal/verify_recording_consumer_connection.sh
4d9a0dda630719e5e29ed41bd7ca8cf06a5b242734b3ed4f56813aefe3f6994a  scripts/internal/verify_recording_consumer_reference.sh
62fddf5671a4545d0d104e68674970a7c51b8099c1c7bd833f2cfac206f09e57  scripts/internal/verify_recording_derived_jobs.sh
9a0535f7438d5f9d6ce531cd8a61ede4ef7f92c69d60b7280a514f60ee74d7e7  scripts/internal/verify_recording_derived_time_probe.sh
93e9c81a45485717d912a52b8b5e4ee7e9bcb3e5cf0fd1a3ad32241a80fb8e7d  scripts/internal/verify_recording_identity.sh
52a4283d8673ba7350a669511a47b9accaa5a563d60671bcdc5a711ef0ddeb56  scripts/internal/verify_recording_location_resolution.sh
762bae24b7c4143cfcd2ae63c00f304b18495eeb56e00fb0d2aeb908f0eba341  scripts/internal/verify_recording_managed_writer.sh
a39bf350a645ea6b05081ec134506944f4e9bc0acf34547d37d3d62828e91e8d  scripts/internal/verify_recording_range_resolution.sh
c95c02120aa7015e9f22a1808559401612ef0f5a909b27778c49038eaaf791b2  scripts/internal/verify_recording_retention_v2.sh
5abe974a54ed36abd34dc62085bc724da3282d6767ca735d5af65a6e2e9d82eb  scripts/internal/verify_recording_source_binding.sh
46c312dd66c1ab04119f4bc138a4bdf41245315c46e8287aeefb3c2c0ba9f844  scripts/internal/verify_v410_event_recording.sh
6ac8329be88fdb7ad71bf71db14f6e7b3d49be6614b100514103a9df2e1c254b  scripts/internal/verify_v410_recording_catalog.sh
5cd1be484735c100cd42c4138fe75637eff397bde729d5c4cfae76316734d571  scripts/internal/verify_v410_recording_corruption.sh
f2a7029df36e2113836f167af8101fe1f1858539bf32908a7d94b7ee069e6907  scripts/internal/verify_v410_recording_finalize_recovery.sh
a7e26827dbf2bc2c17c63870b1dcb3727aba62c0b376f9176bda2ca174bd2490  scripts/internal/verify_v410_recording_media_inspector.sh
881bd86105ee9bbe1ab6a2914b22776e8597b8ea73a4bd9ab5da7efd4cd4b572  scripts/internal/verify_v410_recording_observations.sh
09f6ce16f524cca0388af1f52b72e6913bed7c680e7881499ec275761b7e41e7  scripts/internal/verify_v410_recording_recorder.sh
0fc120f17dadd52834666e3f079cc165ba4effaaebf9b464be9451cbc87dd305  scripts/internal/verify_v410_recording_recovery.sh
324764f4257b1d90349bf81bfdfbb83c0780b6c23e929bf0319bdcf37881c6a2  scripts/internal/verify_v410_recording_retention.sh
8229e412cc0889fa5252f5bbcfd4af2a872dca95c921d1f1aeba61caa843d701  scripts/internal/verify_v410_recording_startup.sh
386a6916c06dda16c2b1b59d233aae5c088473f78ffc4b0fb53f3dc83f072351  scripts/internal/verify_v410_recording_timeline.sh
6fadd830e4ab6166da435687545fdede0110fc05b2d664434d61dcc93589a63c  src/recording/recording_catalog.cpp
876e24b4802fa3740707fc0e4542e750959761733b03c52994d8a3587652813b  src/recording/recording_derived_job.cpp
f5aa8a28387030856244378087a2a171461b73f5531be57f1022fdf32c5d663c  src/recording/recording_journal.cpp
5ddf655217005345b92d3c3d839d1151b6b68575b388de69eb9267ebbfa3c591  src/recording/retention_coordinator.cpp
