[scope] private cutover transaction; no runtime default/media/UI activation
[start] 2026-09-25T13:30:01Z
Darwin arm64
Apple clang version 21.0.0 (clang-2100.3.34.2)
a1ba3a9fe8ef16bfebf0e3f66740a90f848436d9a7b4b26c196f403763605447  /Users/dhseo/Workspace/mediaServer/src/recording/recording_catalog.cpp
bc71b159d5d18094d1bb3518e1cd33158e0f4c713be4ed17116e7bf8138c9258  /Users/dhseo/Workspace/mediaServer/src/recording/recording_catalog_cutover_candidate.cpp
e9794eb6a20f5567fefee7b43d026828669a3c8ff904bc3ec3a432a343c5982d  /Users/dhseo/Workspace/mediaServer/src/recording/recording_cutover_stage_writer.cpp
376da9081233bd1a03ad06286af3e78a59a6c78107dcec738d071d762a3963f8  /Users/dhseo/Workspace/mediaServer/src/recording/recording_generation_transaction.cpp
0a1e324d64fc282a72a9914ad7e97331c488b56ed5347ce9f57272e4faa1162e  /Users/dhseo/Workspace/mediaServer/src/recording/recording_generation_receipt.cpp
fc4a13c66167a82da4648e70b232c94a739465a7c4f78c8227b6e62747e7c9fd  /Users/dhseo/Workspace/mediaServer/src/recording/recording_catalog_snapshot_export.cpp
5ddf655217005345b92d3c3d839d1151b6b68575b388de69eb9267ebbfa3c591  /Users/dhseo/Workspace/mediaServer/src/recording/retention_coordinator.cpp
ecef071fb2afcfe69a00654757c639760e2ce75e627ae9c777a564f08161d6a9  /Users/dhseo/Workspace/mediaServer/src/recording/recording_finalize_recovery.cpp
31a4f8d9fcc73657a652cd538262d49043c6e1a73a318fcb3643bb6377601cdb  /Users/dhseo/Workspace/mediaServer/src/recording/recording_file_evidence.cpp
64906ef59b651800c009ab84174ee58d8aabfbb5ac95f0d5f7fb7b858e5dbbcf  /Users/dhseo/Workspace/mediaServer/src/recording/recording_media_inspector.cpp
be1057725d0a0b54d705543ce635da6c832e4c53fbec008e91ad63c9a1d0f58b  /Users/dhseo/Workspace/mediaServer/src/domain/strict_json.cpp
960635a08aa900bebfae961cd9e534ab6b91fbace213e1a7416227e7292ec890  /Users/dhseo/Workspace/mediaServer/src/recording/recording_contracts.cpp
489313b38ba57a5f5a6bdaba3d80a9c692c742debd8387510c0be9ff489c8623  /Users/dhseo/Workspace/mediaServer/src/recording/recording_journal.cpp
1002d23eaedad14e52e5a211a15ac6348ba9238802f07a328b512ea8c76a7935  /Users/dhseo/Workspace/mediaServer/src/recording/recording_cutover_input.cpp
a7fa3ca8db6c4bc13ad25e177f74f23dcaf1993f3658b35c503d9c643567e54a  /Users/dhseo/Workspace/mediaServer/src/recording/recording_generation_manifest.cpp
9c2fa4366732edebc03bef93eaa61c6c18ffdf3f8e4acccd9ed73cbbeb08c295  /Users/dhseo/Workspace/mediaServer/src/recording/recording_generation_files.cpp
89e0ae42589342670efeceb324ab1ec211285db79e9a60a7b660066963dd7f10  /Users/dhseo/Workspace/mediaServer/src/recording/recording_generation_cold_mutation.cpp
185f4a49980557e340358ae6e6149f9554df1506bc99cc594c2d0b82d613e74b  /Users/dhseo/Workspace/mediaServer/src/recording/recording_catalog_snapshot.cpp
7b6dd68db062aa19b1e0af7d053ac8827b86566cbd346ed5a9d800f82adfe386  /Users/dhseo/Workspace/mediaServer/src/recording/recording_order_history_snapshot.cpp
d2d85d3466e83441bd01210c4e5eb8532eb1ed3cf95b0fab36ce8bc0515d6124  /Users/dhseo/Workspace/mediaServer/src/recording/recording_identity_shard.cpp
4ce7b4ea3929becab8358eda22f6f163f4f5c62336c7852e0fb4025e36bb168b  /Users/dhseo/Workspace/mediaServer/src/recording/recording_derived_selection.cpp
9c3b463df64e6e9d75ed614f56dd310a9846aff342853bd03201249f859cafdf  /Users/dhseo/Workspace/mediaServer/src/recording/recording_derived_job.cpp
a004836054fccb266884b00df06b06316050a7ae164d7e79ebdae835738479e9  /Users/dhseo/Workspace/mediaServer/src/recording/recording_derived_job_ready.cpp
05cd40bcafb0b8f5728e42689b11cb4ca5d99ae5c594df49d8fcdc5c410b9cf2  /Users/dhseo/Workspace/mediaServer/src/recording/recording_catalog_generation_projection.cpp
69d9d86825ab0bd9c7b23863899055bba23e59f111a23f782622f8813c952726  /Users/dhseo/Workspace/mediaServer/src/recording/recording_generation_active.cpp
2982c201e88c47d7a5dab3b563fd94687bced2c991849c03b01b1ba797e1b86c  /Users/dhseo/Workspace/mediaServer/scripts/internal/recording_generation_transaction_smoke.cpp
556377841b71a210a906b2d4975e1cc9a652164c6f362388cbb71a439124b8c6  /Users/dhseo/Workspace/mediaServer/include/recording/recording_catalog_generation_projection.h
daad400b3350c9afd556e52342bab1fd656f72650a5f4629b16575978fdf95cc  /Users/dhseo/Workspace/mediaServer/include/recording/recording_journal.h
53e4acd3afac86809a7de41177c0c46e2165b418369ffb140a8e92d7b131aaf8  /Users/dhseo/Workspace/mediaServer/scripts/internal/verify_recording_generation_transaction.sh
27c5db0c380668c8c06cad503e7a25dedfe0821b4cd7e2674998d1b11f4210f5  /Users/dhseo/Workspace/mediaServer/include/recording/recording_catalog.h
1f1fc0a95778781edbfc1d7816ad1929156fea34d6c9ce27b7795b05cc0f2633  /Users/dhseo/Workspace/mediaServer/include/recording/recording_generation_transaction.h
68b1c589dbb2a8ee3fd056acafeac0313b655405f8707ce256f35e4db795eb43  /Users/dhseo/Workspace/mediaServer/include/recording/recording_generation_receipt.h
01098ebc06ad837c5315384555c06c8546e3e884661c0271160739729e2728eb  /Users/dhseo/Workspace/mediaServer/include/recording/recording_cutover_stage_writer.h
b502259c712cbd4d5106f91203596d0946663d11791f247410711b53941d7750  /Users/dhseo/Workspace/mediaServer/include/recording/recording_cutover_candidate.h
f430a7b9eac7669fc6f1c32a126dcff5a0d6f7421ec66a7428b2fff36849eab9  /Users/dhseo/Workspace/mediaServer/scripts/internal/recording_catalog_generation_projection_smoke.cpp
/Users/dhseo/Workspace/mediaServer/scripts/internal/recording_generation_transaction_smoke.cpp:22:6: error: unused function 'R' [-Werror,-Wunused-function]
   22 | void R(bool ok,const std::string& text){std::cout<<"B08-R02 "<<(ok?"PASS":"FAIL")<<' '<<text<<'\n';if(!ok)++transaction_failures;}
      |      ^
1 error generated.
[cleanup] path=/private/var/folders/k0/qhmr6zdx11q0_41wfx4dsd200000gn/T/media-server-cutover-transaction.gTvPll bytes=8272896 removed=true
