[owned-root] {"root":"/private/var/folders/k0/qhmr6zdx11q0_41wfx4dsd200000gn/T/media-server-current-observer-C99BBS","dev":16777232,"ino":168341493,"uid":501}
[pass] LP26-O05 fixed current executable
[fixture-generation] {"status":0,"signal":null,"errorCode":null,"elapsedMs":1206,"timeoutMs":30000,"stdoutBytes":0,"stderrBytes":0,"outputBytes":67929,"categories":{"missingElement":false,"negotiation":false,"pluginScanner":false,"permission":false,"resource":false,"macosService":false},"rawBodyPublished":false}
[pass] LP26-O05 original bounded retention fixture
[workspace-fixed] {"root":"/private/var/folders/k0/qhmr6zdx11q0_41wfx4dsd200000gn/T/media-server-current-observer-C99BBS","dev":16777232,"ino":168341493,"uid":501,"capBytes":469762048,"fixedBytes":10624471,"files":[{"name":"input/retention-9101.mp4","dev":16777232,"ino":168341865,"uid":501,"mode":33188,"size":67929,"mtimeMs":1791132245672.8274,"ctimeMs":1791132245672.8274,"sha256":"2ca5da36bcaa7688565892e00bc3d04309321753a03fe6f08522e569d5d48770"},{"name":"input/retention-9201.mp4","dev":16777232,"ino":168341866,"uid":501,"mode":33188,"size":67929,"mtimeMs":1791132245674.2612,"ctimeMs":1791132245674.2612,"sha256":"2ca5da36bcaa7688565892e00bc3d04309321753a03fe6f08522e569d5d48770"},{"name":"normalize","dev":16777232,"ino":168341841,"uid":501,"mode":33261,"size":10114024,"mtimeMs":1791132244148.5469,"ctimeMs":1791132244148.5469,"sha256":"1291b940d7277c7bce5736f0c182c90675619572a8a317c0baa73670950f0485"},{"name":"process-metrics","dev":16777232,"ino":168341844,"uid":501,"mode":33261,"size":82880,"mtimeMs":1791132244413.967,"ctimeMs":1791132244413.967,"sha256":"e35370a1e56df52b556e7aa493789039cabf9011192ed0591bcef58c6b382e19"},{"name":"catalog-instrumented.cpp","dev":16777232,"ino":168341782,"uid":501,"mode":33152,"size":291709,"mtimeMs":1791132241652.143,"ctimeMs":1791132241652.143,"sha256":"3b861de2ed948e9fea4abfcc158edff3a7275f8f11e76028e2c1750d49a57f78"}]}
[pass] LP26-O05 distinct canonical sources
[request-budget] {"elapsedMs":1}
[http-timing] {"method":"GET","routeClass":"health","status":null,"headerElapsedMs":null,"bodyElapsedMs":null,"totalElapsedMs":4,"bytes":0,"phase":"header","outcome":"error"}
[request-budget] {"elapsedMs":1}
[http-timing] {"method":"GET","routeClass":"health","status":null,"headerElapsedMs":null,"bodyElapsedMs":null,"totalElapsedMs":1,"bytes":0,"phase":"header","outcome":"error"}
[request-budget] {"elapsedMs":1}
[http-timing] {"method":"GET","routeClass":"health","status":null,"headerElapsedMs":null,"bodyElapsedMs":null,"totalElapsedMs":1,"bytes":0,"phase":"header","outcome":"error"}
[request-budget] {"elapsedMs":2}
[http-timing] {"method":"GET","routeClass":"health","status":null,"headerElapsedMs":null,"bodyElapsedMs":null,"totalElapsedMs":1,"bytes":0,"phase":"header","outcome":"error"}
[request-budget] {"elapsedMs":4}
[http-timing] {"method":"GET","routeClass":"health","status":null,"headerElapsedMs":null,"bodyElapsedMs":null,"totalElapsedMs":2,"bytes":0,"phase":"header","outcome":"error"}
[request-budget] {"elapsedMs":1}
[http-timing] {"method":"GET","routeClass":"health","status":null,"headerElapsedMs":null,"bodyElapsedMs":null,"totalElapsedMs":1,"bytes":0,"phase":"header","outcome":"error"}
[request-budget] {"elapsedMs":3}
[http-timing] {"method":"GET","routeClass":"health","status":null,"headerElapsedMs":null,"bodyElapsedMs":null,"totalElapsedMs":1,"bytes":0,"phase":"header","outcome":"error"}
[request-budget] {"elapsedMs":1}
[http-timing] {"method":"GET","routeClass":"health","status":null,"headerElapsedMs":null,"bodyElapsedMs":null,"totalElapsedMs":0,"bytes":0,"phase":"header","outcome":"error"}
[request-budget] {"elapsedMs":1}
[http-timing] {"method":"GET","routeClass":"health","status":null,"headerElapsedMs":null,"bodyElapsedMs":null,"totalElapsedMs":1,"bytes":0,"phase":"header","outcome":"error"}
[request-budget] {"elapsedMs":1}
[http-timing] {"method":"GET","routeClass":"health","status":null,"headerElapsedMs":null,"bodyElapsedMs":null,"totalElapsedMs":1,"bytes":0,"phase":"header","outcome":"error"}
[request-budget] {"elapsedMs":1}
[http-timing] {"method":"GET","routeClass":"health","status":null,"headerElapsedMs":null,"bodyElapsedMs":null,"totalElapsedMs":0,"bytes":0,"phase":"header","outcome":"error"}
[request-budget] {"elapsedMs":1}
[http-timing] {"method":"GET","routeClass":"health","status":null,"headerElapsedMs":null,"bodyElapsedMs":null,"totalElapsedMs":0,"bytes":0,"phase":"header","outcome":"error"}
[request-budget] {"elapsedMs":1}
[http-timing] {"method":"GET","routeClass":"health","status":null,"headerElapsedMs":null,"bodyElapsedMs":null,"totalElapsedMs":1,"bytes":0,"phase":"header","outcome":"error"}
[request-budget] {"elapsedMs":1}
[http-timing] {"method":"GET","routeClass":"health","status":null,"headerElapsedMs":null,"bodyElapsedMs":null,"totalElapsedMs":0,"bytes":0,"phase":"header","outcome":"error"}
[request-budget] {"elapsedMs":1}
[http-timing] {"method":"GET","routeClass":"health","status":null,"headerElapsedMs":null,"bodyElapsedMs":null,"totalElapsedMs":1,"bytes":0,"phase":"header","outcome":"error"}
[request-budget] {"elapsedMs":1}
[http-timing] {"method":"GET","routeClass":"health","status":null,"headerElapsedMs":null,"bodyElapsedMs":null,"totalElapsedMs":1,"bytes":0,"phase":"header","outcome":"error"}
[request-budget] {"elapsedMs":1}
[http-timing] {"method":"GET","routeClass":"health","status":null,"headerElapsedMs":null,"bodyElapsedMs":null,"totalElapsedMs":0,"bytes":0,"phase":"header","outcome":"error"}
[request-budget] {"elapsedMs":1}
[http-timing] {"method":"GET","routeClass":"health","status":null,"headerElapsedMs":null,"bodyElapsedMs":null,"totalElapsedMs":0,"bytes":0,"phase":"header","outcome":"error"}
[request-budget] {"elapsedMs":1}
[http-timing] {"method":"GET","routeClass":"health","status":null,"headerElapsedMs":null,"bodyElapsedMs":null,"totalElapsedMs":0,"bytes":0,"phase":"header","outcome":"error"}
[request-budget] {"elapsedMs":1}
[http-timing] {"method":"GET","routeClass":"health","status":null,"headerElapsedMs":null,"bodyElapsedMs":null,"totalElapsedMs":0,"bytes":0,"phase":"header","outcome":"error"}
[request-budget] {"elapsedMs":1}
[http-timing] {"method":"GET","routeClass":"health","status":null,"headerElapsedMs":null,"bodyElapsedMs":null,"totalElapsedMs":1,"bytes":0,"phase":"header","outcome":"error"}
[request-budget] {"elapsedMs":1}
[http-timing] {"method":"GET","routeClass":"health","status":null,"headerElapsedMs":null,"bodyElapsedMs":null,"totalElapsedMs":0,"bytes":0,"phase":"header","outcome":"error"}
[request-budget] {"elapsedMs":1}
[http-timing] {"method":"GET","routeClass":"health","status":null,"headerElapsedMs":null,"bodyElapsedMs":null,"totalElapsedMs":0,"bytes":0,"phase":"header","outcome":"error"}
[request-budget] {"elapsedMs":1}
[http-timing] {"method":"GET","routeClass":"health","status":null,"headerElapsedMs":null,"bodyElapsedMs":null,"totalElapsedMs":0,"bytes":0,"phase":"header","outcome":"error"}
[request-budget] {"elapsedMs":1}
[http-timing] {"method":"GET","routeClass":"health","status":null,"headerElapsedMs":null,"bodyElapsedMs":null,"totalElapsedMs":0,"bytes":0,"phase":"header","outcome":"error"}
[request-budget] {"elapsedMs":1}
[http-timing] {"method":"GET","routeClass":"health","status":null,"headerElapsedMs":null,"bodyElapsedMs":null,"totalElapsedMs":0,"bytes":0,"phase":"header","outcome":"error"}
[request-budget] {"elapsedMs":1}
[http-timing] {"method":"GET","routeClass":"health","status":null,"headerElapsedMs":null,"bodyElapsedMs":null,"totalElapsedMs":1,"bytes":0,"phase":"header","outcome":"error"}
[request-budget] {"elapsedMs":1}
[http-timing] {"method":"GET","routeClass":"health","status":null,"headerElapsedMs":null,"bodyElapsedMs":null,"totalElapsedMs":0,"bytes":0,"phase":"header","outcome":"error"}
[request-budget] {"elapsedMs":1}
[http-timing] {"method":"GET","routeClass":"health","status":null,"headerElapsedMs":null,"bodyElapsedMs":null,"totalElapsedMs":1,"bytes":0,"phase":"header","outcome":"error"}
[request-budget] {"elapsedMs":1}
[http-timing] {"method":"GET","routeClass":"health","status":null,"headerElapsedMs":null,"bodyElapsedMs":null,"totalElapsedMs":0,"bytes":0,"phase":"header","outcome":"error"}
[request-budget] {"elapsedMs":1}
[http-timing] {"method":"GET","routeClass":"health","status":null,"headerElapsedMs":null,"bodyElapsedMs":null,"totalElapsedMs":1,"bytes":0,"phase":"header","outcome":"error"}
[request-budget] {"elapsedMs":1}
[http-timing] {"method":"GET","routeClass":"health","status":null,"headerElapsedMs":null,"bodyElapsedMs":null,"totalElapsedMs":0,"bytes":0,"phase":"header","outcome":"error"}
[request-budget] {"elapsedMs":1}
[http-timing] {"method":"GET","routeClass":"health","status":null,"headerElapsedMs":null,"bodyElapsedMs":null,"totalElapsedMs":0,"bytes":0,"phase":"header","outcome":"error"}
[request-budget] {"elapsedMs":1}
[http-timing] {"method":"GET","routeClass":"health","status":null,"headerElapsedMs":null,"bodyElapsedMs":null,"totalElapsedMs":0,"bytes":0,"phase":"header","outcome":"error"}
[request-budget] {"elapsedMs":1}
[http-timing] {"method":"GET","routeClass":"health","status":null,"headerElapsedMs":null,"bodyElapsedMs":null,"totalElapsedMs":0,"bytes":0,"phase":"header","outcome":"error"}
[request-budget] {"elapsedMs":1}
[http-timing] {"method":"GET","routeClass":"health","status":null,"headerElapsedMs":null,"bodyElapsedMs":null,"totalElapsedMs":0,"bytes":0,"phase":"header","outcome":"error"}
[request-budget] {"elapsedMs":1}
[http-timing] {"method":"GET","routeClass":"health","status":null,"headerElapsedMs":null,"bodyElapsedMs":null,"totalElapsedMs":1,"bytes":0,"phase":"header","outcome":"error"}
[request-budget] {"elapsedMs":1}
[http-timing] {"method":"GET","routeClass":"health","status":null,"headerElapsedMs":null,"bodyElapsedMs":null,"totalElapsedMs":0,"bytes":0,"phase":"header","outcome":"error"}
[request-budget] {"elapsedMs":1}
[http-timing] {"method":"GET","routeClass":"health","status":null,"headerElapsedMs":null,"bodyElapsedMs":null,"totalElapsedMs":1,"bytes":0,"phase":"header","outcome":"error"}
[request-budget] {"elapsedMs":1}
[http-timing] {"method":"GET","routeClass":"health","status":null,"headerElapsedMs":null,"bodyElapsedMs":null,"totalElapsedMs":0,"bytes":0,"phase":"header","outcome":"error"}
[request-budget] {"elapsedMs":1}
[http-timing] {"method":"GET","routeClass":"health","status":null,"headerElapsedMs":null,"bodyElapsedMs":null,"totalElapsedMs":1,"bytes":0,"phase":"header","outcome":"error"}
[request-budget] {"elapsedMs":1}
[http-timing] {"method":"GET","routeClass":"health","status":null,"headerElapsedMs":null,"bodyElapsedMs":null,"totalElapsedMs":0,"bytes":0,"phase":"header","outcome":"error"}
[request-budget] {"elapsedMs":1}
[http-timing] {"method":"GET","routeClass":"health","status":null,"headerElapsedMs":null,"bodyElapsedMs":null,"totalElapsedMs":1,"bytes":0,"phase":"header","outcome":"error"}
[request-budget] {"elapsedMs":1}
[http-timing] {"method":"GET","routeClass":"health","status":null,"headerElapsedMs":null,"bodyElapsedMs":null,"totalElapsedMs":0,"bytes":0,"phase":"header","outcome":"error"}
[request-budget] {"elapsedMs":1}
[http-timing] {"method":"GET","routeClass":"health","status":null,"headerElapsedMs":null,"bodyElapsedMs":null,"totalElapsedMs":0,"bytes":0,"phase":"header","outcome":"error"}
[request-budget] {"elapsedMs":1}
[http-timing] {"method":"GET","routeClass":"health","status":null,"headerElapsedMs":null,"bodyElapsedMs":null,"totalElapsedMs":0,"bytes":0,"phase":"header","outcome":"error"}
[request-budget] {"elapsedMs":1}
[http-timing] {"method":"GET","routeClass":"health","status":null,"headerElapsedMs":null,"bodyElapsedMs":null,"totalElapsedMs":1,"bytes":0,"phase":"header","outcome":"error"}
[request-budget] {"elapsedMs":1}
[http-timing] {"method":"GET","routeClass":"health","status":null,"headerElapsedMs":null,"bodyElapsedMs":null,"totalElapsedMs":0,"bytes":0,"phase":"header","outcome":"error"}
[request-budget] {"elapsedMs":1}
[http-timing] {"method":"GET","routeClass":"health","status":null,"headerElapsedMs":null,"bodyElapsedMs":null,"totalElapsedMs":0,"bytes":0,"phase":"header","outcome":"error"}
[request-budget] {"elapsedMs":1}
[http-timing] {"method":"GET","routeClass":"health","status":200,"headerElapsedMs":4,"bodyElapsedMs":1,"totalElapsedMs":5,"bytes":15,"phase":"complete","outcome":"ok"}
[request-budget] {"elapsedMs":1}
[http-timing] {"method":"GET","routeClass":"ice","status":200,"headerElapsedMs":1,"bodyElapsedMs":0,"totalElapsedMs":1,"bytes":222,"phase":"complete","outcome":"ok"}
[pass] LP26-O05 isolated server healthy
[request-budget] {"elapsedMs":1}
[http-timing] {"method":"GET","routeClass":"recording-status","status":200,"headerElapsedMs":1,"bodyElapsedMs":0,"totalElapsedMs":1,"bytes":1198,"phase":"complete","outcome":"ok"}
[pass] LP26-O05 independent initial channels
[request-budget] {"elapsedMs":1}
[http-timing] {"method":"POST","routeClass":"source","status":201,"headerElapsedMs":72,"bodyElapsedMs":0,"totalElapsedMs":73,"bytes":436,"phase":"complete","outcome":"ok"}
[request-budget] {"elapsedMs":1}
[http-timing] {"method":"POST","routeClass":"source","status":201,"headerElapsedMs":8,"bodyElapsedMs":0,"totalElapsedMs":8,"bytes":436,"phase":"complete","outcome":"ok"}
[request-budget] {"elapsedMs":1}
[http-timing] {"method":"GET","routeClass":"recording-status","status":200,"headerElapsedMs":1,"bodyElapsedMs":0,"totalElapsedMs":1,"bytes":1596,"phase":"complete","outcome":"ok"}
[channel-readiness] [{"channelId":"9101","enabled":true,"active":true,"storageBlocked":false},{"channelId":"9201","enabled":true,"active":true,"storageBlocked":false}]
[pass] V440 peak RSS budget
[root-storage] {"reason":"sample","final":false,"elapsedMs":7095,"journalMutationTypes":{"segment_finalized":0,"event_link_created":0,"observation_put":0,"observation_v2_put":0,"deletion_requested":0,"deletion_completed":0,"corruption_detected":0,"recording_order_reserved":2,"segment_v2_finalized":0,"segment_v2_bound_finalized":0,"consumer_reference_put":0,"derived_reference_accepted":0,"referenced_observation_put":0,"derived_job_intent":0,"derived_job_files":0,"derived_job_ready":0,"derived_job_committed":0,"derived_job_complete":0,"derived_job_failed":0,"segment_v2_state":0,"segment_v2_deleted":0},"journalMutationTypesCoverage":"drained-prefix-only; unread-or-partial-tail-excluded","totalBytes":13849218,"capBytes":480386519,"capExceeded":false,"entries":323,"categories":{"input":{"bytes":135858,"files":2},"media":{"bytes":0,"files":0},"mediaPartial":{"bytes":19914,"files":2},"journal":{"bytes":922,"files":2},"checkpoint":{"bytes":0,"files":0},"generationSnapshot":{"bytes":267,"files":1},"generationIdentity":{"bytes":160,"files":1},"generationEvidence":{"bytes":0,"files":0},"generationManifest":{"bytes":391,"files":1},"generationTransaction":{"bytes":0,"files":0},"sqlite":{"bytes":49152,"files":1},"wal":{"bytes":0,"files":0},"sqliteAux":{"bytes":0,"files":0},"tmp":{"bytes":0,"files":0},"log":{"bytes":1521,"files":1},"state":{"bytes":4653,"files":2},"events":{"bytes":0,"files":0},"cache":{"bytes":3146149,"files":280},"tools":{"bytes":10196904,"files":2},"recordingsOther":{"bytes":1618,"files":8},"other":{"bytes":291709,"files":1}},"ownership":{"productRecording":{"bytes":72424,"files":16},"fixtureInput":{"bytes":135858,"files":2},"observerTools":{"bytes":10196904,"files":2},"cache":{"bytes":3146149,"files":280},"temporary":{"bytes":0,"files":0},"runtimeSupport":{"bytes":6174,"files":3},"other":{"bytes":291709,"files":1}},"transientJournalMisses":0,"measurement":"logical-file-bytes-nonatomic","rawPathsPublished":false,"transientTreeRetries":0,"fixedBytes":10624471,"variableBytes":3224747,"copyBytes":0,"combinedBytes":13849218,"rootCapBytes":480386519,"combinedCapBytes":950148567,"copyEntries":0,"workspacePolicy":"fixed-plus-variable-v1"}
[current-observation] {"pid":53805,"startIdentity":"macos:1791132245:686861","sampledAt":1791132251168,"phaseAt":6728.997625,"rssBytes":3159293952,"threadCount":36,"fdCount":29,"mutationCount":2,"typeCounts":{"segment_finalized":0,"event_link_created":0,"observation_put":0,"observation_v2_put":0,"deletion_requested":0,"deletion_completed":0,"corruption_detected":0,"recording_order_reserved":2,"segment_v2_finalized":0,"segment_v2_bound_finalized":0,"consumer_reference_put":0,"derived_reference_accepted":0,"referenced_observation_put":0,"derived_job_intent":0,"derived_job_files":0,"derived_job_ready":0,"derived_job_committed":0,"derived_job_complete":0,"derived_job_failed":0,"segment_v2_state":0,"segment_v2_deleted":0},"identityBytes":378,"combinedLogicalIds":4,"combinedLogicalBytes":378,"rotations":0,"partialBytes":0,"progress":{"elapsedMs":225.57483299999967,"channels":{"9101":{"finalized":0,"deleted":0,"lastAt":6503.422792,"order":"0","store":null,"knownMappings":0,"unknownMappings":0},"9201":{"finalized":0,"deleted":0,"lastAt":6503.422792,"order":"0","store":null,"knownMappings":0,"unknownMappings":0}},"records":0,"logicalBytes":0},"resourceTrendPass":false}
[sample-timing] {"sampleIndex":1,"metricsMs":225.38366700000006,"drainMs":386.75104100000044,"storageMs":1.2785420000000158,"totalMs":613.5292499999996}
[request-budget] {"elapsedMs":1}
[http-timing] {"method":"GET","routeClass":"recording-status","status":200,"headerElapsedMs":1,"bodyElapsedMs":0,"totalElapsedMs":1,"bytes":1596,"phase":"complete","outcome":"ok"}
[pass] LP26-O05 active 9101
[pass] LP26-O05 active 9201
[pass] PR77 visual worker status
[pass] PR77 visual worker enabled
[pass] PR77 bounded visual status
[pass] PR77 actual visual results
[visual-query-observation] {"atMs":1791132251644,"client":2,"status":200,"elapsedMs":82.98658299999988,"items":[]}
[pass] PR77 bounded visual status
[pass] PR77 actual visual results
[visual-query-observation] {"atMs":1791132251644,"client":3,"status":200,"elapsedMs":37.32524999999987,"items":[]}
[pass] V440 bounded parallel search status
[pass] V440 bounded parallel search status
[pass] V440 search retains current recordings
[pass] V440 peak RSS budget
[root-storage] {"reason":"sample","final":false,"elapsedMs":11742,"journalMutationTypes":{"segment_finalized":0,"event_link_created":0,"observation_put":0,"observation_v2_put":0,"deletion_requested":0,"deletion_completed":0,"corruption_detected":0,"recording_order_reserved":6,"segment_v2_finalized":0,"segment_v2_bound_finalized":4,"consumer_reference_put":0,"derived_reference_accepted":0,"referenced_observation_put":0,"derived_job_intent":0,"derived_job_files":0,"derived_job_ready":0,"derived_job_committed":0,"derived_job_complete":0,"derived_job_failed":0,"segment_v2_state":0,"segment_v2_deleted":0},"journalMutationTypesCoverage":"drained-prefix-only; unread-or-partial-tail-excluded","totalBytes":14139647,"capBytes":480386519,"capExceeded":false,"entries":327,"categories":{"input":{"bytes":135858,"files":2},"media":{"bytes":137604,"files":4},"mediaPartial":{"bytes":41936,"files":2},"journal":{"bytes":44751,"files":2},"checkpoint":{"bytes":0,"files":0},"generationSnapshot":{"bytes":267,"files":1},"generationIdentity":{"bytes":160,"files":1},"generationEvidence":{"bytes":0,"files":0},"generationManifest":{"bytes":391,"files":1},"generationTransaction":{"bytes":0,"files":0},"sqlite":{"bytes":106496,"files":1},"wal":{"bytes":0,"files":0},"sqliteAux":{"bytes":0,"files":0},"tmp":{"bytes":0,"files":0},"log":{"bytes":4033,"files":1},"state":{"bytes":4653,"files":2},"events":{"bytes":0,"files":0},"cache":{"bytes":3146149,"files":280},"tools":{"bytes":10196904,"files":2},"recordingsOther":{"bytes":28736,"files":8},"other":{"bytes":291709,"files":1}},"ownership":{"productRecording":{"bytes":360341,"files":20},"fixtureInput":{"bytes":135858,"files":2},"observerTools":{"bytes":10196904,"files":2},"cache":{"bytes":3146149,"files":280},"temporary":{"bytes":0,"files":0},"runtimeSupport":{"bytes":8686,"files":3},"other":{"bytes":291709,"files":1}},"transientJournalMisses":0,"measurement":"logical-file-bytes-nonatomic","rawPathsPublished":false,"transientTreeRetries":0,"fixedBytes":10624471,"variableBytes":3515176,"copyBytes":0,"combinedBytes":14139647,"rootCapBytes":480386519,"combinedCapBytes":950148567,"copyEntries":0,"workspacePolicy":"fixed-plus-variable-v1"}
[current-observation] {"pid":53805,"startIdentity":"macos:1791132245:686861","sampledAt":1791132256171,"phaseAt":11731.282417,"rssBytes":3190456320,"threadCount":39,"fdCount":29,"mutationCount":10,"typeCounts":{"segment_finalized":0,"event_link_created":0,"observation_put":0,"observation_v2_put":0,"deletion_requested":0,"deletion_completed":0,"corruption_detected":0,"recording_order_reserved":6,"segment_v2_finalized":0,"segment_v2_bound_finalized":4,"consumer_reference_put":0,"derived_reference_accepted":0,"referenced_observation_put":0,"derived_job_intent":0,"derived_job_files":0,"derived_job_ready":0,"derived_job_committed":0,"derived_job_complete":0,"derived_job_failed":0,"segment_v2_state":0,"segment_v2_deleted":0},"identityBytes":1830,"combinedLogicalIds":24,"combinedLogicalBytes":4208,"rotations":0,"partialBytes":0,"progress":{"elapsedMs":5227.859625,"channels":{"9101":{"finalized":2,"deleted":0,"lastAt":11731.282417,"order":"3","store":"10ac6141c735883fac4ae0d434ac2206385bc93b9b641dc87dc65a0aa5d79548","knownMappings":2,"unknownMappings":86},"9201":{"finalized":2,"deleted":0,"lastAt":11731.282417,"order":"4","store":"10ac6141c735883fac4ae0d434ac2206385bc93b9b641dc87dc65a0aa5d79548","knownMappings":2,"unknownMappings":90}},"records":4,"logicalBytes":2378},"resourceTrendPass":false}
[sample-timing] {"sampleIndex":2,"metricsMs":1.969583000000057,"drainMs":31.661833000000115,"storageMs":1.8360830000001442,"totalMs":35.58520800000042}
[request-budget] {"elapsedMs":1}
[http-timing] {"method":"GET","routeClass":"recording-status","status":200,"headerElapsedMs":1,"bodyElapsedMs":0,"totalElapsedMs":2,"bytes":1604,"phase":"complete","outcome":"ok"}
[pass] LP26-O05 active 9101
[pass] LP26-O05 active 9201
[pass] V440 peak RSS budget
[root-storage] {"reason":"sample","final":false,"elapsedMs":16763,"journalMutationTypes":{"segment_finalized":0,"event_link_created":0,"observation_put":0,"observation_v2_put":0,"deletion_requested":0,"deletion_completed":0,"corruption_detected":0,"recording_order_reserved":12,"segment_v2_finalized":0,"segment_v2_bound_finalized":10,"consumer_reference_put":0,"derived_reference_accepted":0,"referenced_observation_put":0,"derived_job_intent":0,"derived_job_files":0,"derived_job_ready":0,"derived_job_committed":0,"derived_job_complete":0,"derived_job_failed":0,"segment_v2_state":0,"segment_v2_deleted":0},"journalMutationTypesCoverage":"drained-prefix-only; unread-or-partial-tail-excluded","totalBytes":14492919,"capBytes":480386519,"capExceeded":false,"entries":333,"categories":{"input":{"bytes":135858,"files":2},"media":{"bytes":344656,"files":10},"mediaPartial":{"bytes":9320,"files":2},"journal":{"bytes":109798,"files":2},"checkpoint":{"bytes":0,"files":0},"generationSnapshot":{"bytes":267,"files":1},"generationIdentity":{"bytes":160,"files":1},"generationEvidence":{"bytes":0,"files":0},"generationManifest":{"bytes":391,"files":1},"generationTransaction":{"bytes":0,"files":0},"sqlite":{"bytes":192512,"files":1},"wal":{"bytes":0,"files":0},"sqliteAux":{"bytes":0,"files":0},"tmp":{"bytes":0,"files":0},"log":{"bytes":4688,"files":1},"state":{"bytes":4653,"files":2},"events":{"bytes":0,"files":0},"cache":{"bytes":3146149,"files":280},"tools":{"bytes":10196904,"files":2},"recordingsOther":{"bytes":55854,"files":8},"other":{"bytes":291709,"files":1}},"ownership":{"productRecording":{"bytes":712958,"files":26},"fixtureInput":{"bytes":135858,"files":2},"observerTools":{"bytes":10196904,"files":2},"cache":{"bytes":3146149,"files":280},"temporary":{"bytes":0,"files":0},"runtimeSupport":{"bytes":9341,"files":3},"other":{"bytes":291709,"files":1}},"transientJournalMisses":0,"measurement":"logical-file-bytes-nonatomic","rawPathsPublished":false,"transientTreeRetries":0,"fixedBytes":10624471,"variableBytes":3868448,"copyBytes":0,"combinedBytes":14492919,"rootCapBytes":480386519,"combinedCapBytes":950148567,"copyEntries":0,"workspacePolicy":"fixed-plus-variable-v1"}
[current-observation] {"pid":53805,"startIdentity":"macos:1791132245:686861","sampledAt":1791132261173,"phaseAt":16733.439167,"rssBytes":2405597184,"threadCount":39,"fdCount":29,"mutationCount":22,"typeCounts":{"segment_finalized":0,"event_link_created":0,"observation_put":0,"observation_v2_put":0,"deletion_requested":0,"deletion_completed":0,"corruption_detected":0,"recording_order_reserved":12,"segment_v2_finalized":0,"segment_v2_bound_finalized":10,"consumer_reference_put":0,"derived_reference_accepted":0,"referenced_observation_put":0,"derived_job_intent":0,"derived_job_files":0,"derived_job_ready":0,"derived_job_committed":0,"derived_job_complete":0,"derived_job_failed":0,"segment_v2_state":0,"segment_v2_deleted":0},"identityBytes":4009,"combinedLogicalIds":54,"combinedLogicalBytes":9946,"rotations":0,"partialBytes":0,"progress":{"elapsedMs":10230.016375,"channels":{"9101":{"finalized":5,"deleted":0,"lastAt":16733.439167,"order":"9","store":"10ac6141c735883fac4ae0d434ac2206385bc93b9b641dc87dc65a0aa5d79548","knownMappings":5,"unknownMappings":198},"9201":{"finalized":5,"deleted":0,"lastAt":16733.439167,"order":"10","store":"10ac6141c735883fac4ae0d434ac2206385bc93b9b641dc87dc65a0aa5d79548","knownMappings":5,"unknownMappings":212}},"records":10,"logicalBytes":5937},"resourceTrendPass":false}
[sample-timing] {"sampleIndex":3,"metricsMs":2.0460000000020955,"drainMs":50.21345899999869,"storageMs":1.5550419999999576,"totalMs":53.91779200000019}
[request-budget] {"elapsedMs":1}
[http-timing] {"method":"GET","routeClass":"recording-status","status":200,"headerElapsedMs":1,"bodyElapsedMs":0,"totalElapsedMs":1,"bytes":1606,"phase":"complete","outcome":"ok"}
[pass] LP26-O05 active 9101
[pass] LP26-O05 active 9201
[pass] V440 peak RSS budget
[root-storage] {"reason":"sample","final":false,"elapsedMs":21770,"journalMutationTypes":{"segment_finalized":0,"event_link_created":0,"observation_put":0,"observation_v2_put":0,"deletion_requested":0,"deletion_completed":0,"corruption_detected":0,"recording_order_reserved":16,"segment_v2_finalized":0,"segment_v2_bound_finalized":14,"consumer_reference_put":0,"derived_reference_accepted":0,"referenced_observation_put":0,"derived_job_intent":0,"derived_job_files":0,"derived_job_ready":0,"derived_job_committed":0,"derived_job_complete":0,"derived_job_failed":0,"segment_v2_state":0,"segment_v2_deleted":0},"journalMutationTypesCoverage":"drained-prefix-only; unread-or-partial-tail-excluded","totalBytes":14787644,"capBytes":480386519,"capExceeded":false,"entries":337,"categories":{"input":{"bytes":135858,"files":2},"media":{"bytes":482260,"files":14},"mediaPartial":{"bytes":42308,"files":2},"journal":{"bytes":152910,"files":2},"checkpoint":{"bytes":0,"files":0},"generationSnapshot":{"bytes":267,"files":1},"generationIdentity":{"bytes":160,"files":1},"generationEvidence":{"bytes":0,"files":0},"generationManifest":{"bytes":391,"files":1},"generationTransaction":{"bytes":0,"files":0},"sqlite":{"bytes":245760,"files":1},"wal":{"bytes":0,"files":0},"sqliteAux":{"bytes":0,"files":0},"tmp":{"bytes":0,"files":0},"log":{"bytes":5343,"files":1},"state":{"bytes":4653,"files":2},"events":{"bytes":0,"files":0},"cache":{"bytes":3146149,"files":280},"tools":{"bytes":10196904,"files":2},"recordingsOther":{"bytes":82972,"files":8},"other":{"bytes":291709,"files":1}},"ownership":{"productRecording":{"bytes":1007028,"files":30},"fixtureInput":{"bytes":135858,"files":2},"observerTools":{"bytes":10196904,"files":2},"cache":{"bytes":3146149,"files":280},"temporary":{"bytes":0,"files":0},"runtimeSupport":{"bytes":9996,"files":3},"other":{"bytes":291709,"files":1}},"transientJournalMisses":0,"measurement":"logical-file-bytes-nonatomic","rawPathsPublished":false,"transientTreeRetries":0,"fixedBytes":10624471,"variableBytes":4163173,"copyBytes":0,"combinedBytes":14787644,"rootCapBytes":480386519,"combinedCapBytes":950148567,"copyEntries":0,"workspacePolicy":"fixed-plus-variable-v1"}
[current-observation] {"pid":53805,"startIdentity":"macos:1791132245:686861","sampledAt":1791132266177,"phaseAt":21737.153458,"rssBytes":2406481920,"threadCount":39,"fdCount":33,"mutationCount":30,"typeCounts":{"segment_finalized":0,"event_link_created":0,"observation_put":0,"observation_v2_put":0,"deletion_requested":0,"deletion_completed":0,"corruption_detected":0,"recording_order_reserved":16,"segment_v2_finalized":0,"segment_v2_bound_finalized":14,"consumer_reference_put":0,"derived_reference_accepted":0,"referenced_observation_put":0,"derived_job_intent":0,"derived_job_files":0,"derived_job_ready":0,"derived_job_committed":0,"derived_job_complete":0,"derived_job_failed":0,"segment_v2_state":0,"segment_v2_deleted":0},"identityBytes":5465,"combinedLogicalIds":74,"combinedLogicalBytes":13784,"rotations":0,"partialBytes":0,"progress":{"elapsedMs":15233.730666,"channels":{"9101":{"finalized":7,"deleted":0,"lastAt":21737.153458,"order":"13","store":"10ac6141c735883fac4ae0d434ac2206385bc93b9b641dc87dc65a0aa5d79548","knownMappings":7,"unknownMappings":256},"9201":{"finalized":7,"deleted":0,"lastAt":21737.153458,"order":"14","store":"10ac6141c735883fac4ae0d434ac2206385bc93b9b641dc87dc65a0aa5d79548","knownMappings":6,"unknownMappings":290}},"records":14,"logicalBytes":8319},"resourceTrendPass":false}
[sample-timing] {"sampleIndex":4,"metricsMs":2.103666000002704,"drainMs":53.74262500000259,"storageMs":1.699124999999185,"totalMs":57.6518329999999}
[request-budget] {"elapsedMs":1}
[http-timing] {"method":"GET","routeClass":"recording-status","status":200,"headerElapsedMs":2,"bodyElapsedMs":0,"totalElapsedMs":2,"bytes":1606,"phase":"complete","outcome":"ok"}
[pass] LP26-O05 active 9101
[pass] LP26-O05 active 9201
[pass] V440 peak RSS budget
[pass] LP26-O03 deleted media absent
[pass] LP26-O03 deleted media absent
[pass] LP26-O03 deleted media absent
[pass] LP26-O03 deleted media absent
[pass] LP26-O03 deleted media absent
[pass] LP26-O03 deleted media absent
[root-storage] {"reason":"sample","final":false,"elapsedMs":26840,"journalMutationTypes":{"segment_finalized":0,"event_link_created":0,"observation_put":0,"observation_v2_put":0,"deletion_requested":0,"deletion_completed":0,"corruption_detected":0,"recording_order_reserved":22,"segment_v2_finalized":0,"segment_v2_bound_finalized":20,"consumer_reference_put":0,"derived_reference_accepted":0,"referenced_observation_put":0,"derived_job_intent":0,"derived_job_files":0,"derived_job_ready":0,"derived_job_committed":0,"derived_job_complete":0,"derived_job_failed":0,"segment_v2_state":6,"segment_v2_deleted":6},"journalMutationTypesCoverage":"drained-prefix-only; unread-or-partial-tail-excluded","totalBytes":14885002,"capBytes":480386519,"capExceeded":false,"entries":337,"categories":{"input":{"bytes":135858,"files":2},"media":{"bytes":480968,"files":14},"mediaPartial":{"bytes":11250,"files":2},"journal":{"bytes":231329,"files":2},"checkpoint":{"bytes":0,"files":0},"generationSnapshot":{"bytes":267,"files":1},"generationIdentity":{"bytes":160,"files":1},"generationEvidence":{"bytes":0,"files":0},"generationManifest":{"bytes":391,"files":1},"generationTransaction":{"bytes":0,"files":0},"sqlite":{"bytes":282624,"files":1},"wal":{"bytes":0,"files":0},"sqliteAux":{"bytes":0,"files":0},"tmp":{"bytes":0,"files":0},"log":{"bytes":6218,"files":1},"state":{"bytes":4653,"files":2},"events":{"bytes":0,"files":0},"cache":{"bytes":3146149,"files":280},"tools":{"bytes":10196904,"files":2},"recordingsOther":{"bytes":96522,"files":8},"other":{"bytes":291709,"files":1}},"ownership":{"productRecording":{"bytes":1103511,"files":30},"fixtureInput":{"bytes":135858,"files":2},"observerTools":{"bytes":10196904,"files":2},"cache":{"bytes":3146149,"files":280},"temporary":{"bytes":0,"files":0},"runtimeSupport":{"bytes":10871,"files":3},"other":{"bytes":291709,"files":1}},"transientJournalMisses":0,"measurement":"logical-file-bytes-nonatomic","rawPathsPublished":false,"transientTreeRetries":0,"fixedBytes":10624471,"variableBytes":4260531,"copyBytes":0,"combinedBytes":14885002,"rootCapBytes":480386519,"combinedCapBytes":950148567,"copyEntries":0,"workspacePolicy":"fixed-plus-variable-v1"}
[current-observation] {"pid":53805,"startIdentity":"macos:1791132245:686861","sampledAt":1791132271181,"phaseAt":26741.411083,"rssBytes":1669414912,"threadCount":39,"fdCount":29,"mutationCount":54,"typeCounts":{"segment_finalized":0,"event_link_created":0,"observation_put":0,"observation_v2_put":0,"deletion_requested":0,"deletion_completed":0,"corruption_detected":0,"recording_order_reserved":22,"segment_v2_finalized":0,"segment_v2_bound_finalized":20,"consumer_reference_put":0,"derived_reference_accepted":0,"referenced_observation_put":0,"derived_job_intent":0,"derived_job_files":0,"derived_job_ready":0,"derived_job_committed":0,"derived_job_complete":0,"derived_job_failed":0,"segment_v2_state":6,"segment_v2_deleted":6},"identityBytes":9641,"combinedLogicalIds":128,"combinedLogicalBytes":21542,"rotations":0,"partialBytes":0,"progress":{"elapsedMs":20237.988290999998,"channels":{"9101":{"finalized":10,"deleted":3,"lastAt":26741.411083,"order":"19","store":"10ac6141c735883fac4ae0d434ac2206385bc93b9b641dc87dc65a0aa5d79548","knownMappings":9,"unknownMappings":368},"9201":{"finalized":10,"deleted":3,"lastAt":26741.411083,"order":"20","store":"10ac6141c735883fac4ae0d434ac2206385bc93b9b641dc87dc65a0aa5d79548","knownMappings":9,"unknownMappings":418}},"records":20,"logicalBytes":11901},"resourceTrendPass":false}
[sample-timing] {"sampleIndex":5,"metricsMs":2.2506670000002487,"drainMs":119.5334580000017,"storageMs":1.513875000000553,"totalMs":123.41733300000124}
[request-budget] {"elapsedMs":1}
[http-timing] {"method":"GET","routeClass":"recording-status","status":200,"headerElapsedMs":1,"bodyElapsedMs":0,"totalElapsedMs":1,"bytes":1606,"phase":"complete","outcome":"ok"}
[pass] LP26-O05 active 9101
[pass] LP26-O05 active 9201
[pass] PR77 visual worker status
[pass] PR77 visual worker enabled
[pass] PR77 bounded visual status
[pass] PR77 actual visual results
[visual-query-observation] {"atMs":1791132271838,"client":2,"status":200,"elapsedMs":531.8651670000036,"items":[{"id":"frame:36:582d351a-157b-4817-b5a8-80210be2c897:3000000000","channelId":"9201","segmentId":"582d351a-157b-4817-b5a8-80210be2c897"},{"id":"frame:36:7e5bc8b5-f4f7-4196-9da1-f86c6be500a4:3000000000","channelId":"9201","segmentId":"7e5bc8b5-f4f7-4196-9da1-f86c6be500a4"},{"id":"frame:36:c57e5a87-3450-4afc-bb89-64f79b2d7326:3000000000","channelId":"9201","segmentId":"c57e5a87-3450-4afc-bb89-64f79b2d7326"},{"id":"frame:36:c81c1aaa-a4ac-437d-a131-fc28a0733377:3000000000","channelId":"9101","segmentId":"c81c1aaa-a4ac-437d-a131-fc28a0733377"},{"id":"frame:36:d4e93f8d-9a95-474c-9145-ad88844b4e97:3000000000","channelId":"9101","segmentId":"d4e93f8d-9a95-474c-9145-ad88844b4e97"},{"id":"frame:36:e254a8ab-0eb3-458d-bd5c-5063ae50a903:3000000000","channelId":"9101","segmentId":"e254a8ab-0eb3-458d-bd5c-5063ae50a903"},{"id":"frame:36:0916210b-4840-4c4b-8881-7e61bd758ed6:0","channelId":"9201","segmentId":"0916210b-4840-4c4b-8881-7e61bd758ed6"},{"id":"frame:36:69f24c11-9bbb-4a42-9c95-6e10f8329fa7:0","channelId":"9201","segmentId":"69f24c11-9bbb-4a42-9c95-6e10f8329fa7"},{"id":"frame:36:74dafa88-5d75-49e8-81f2-bbf5af29442c:0","channelId":"9101","segmentId":"74dafa88-5d75-49e8-81f2-bbf5af29442c"},{"id":"frame:36:c36ac987-84fa-4b80-81b0-4503b35884bf:0","channelId":"9101","segmentId":"c36ac987-84fa-4b80-81b0-4503b35884bf"},{"id":"frame:36:ca6b7f4f-cdf5-4c45-bd5a-21f6ee14921b:0","channelId":"9101","segmentId":"ca6b7f4f-cdf5-4c45-bd5a-21f6ee14921b"},{"id":"frame:36:e5d28447-c280-47a0-8e33-a9fa13808cd6:0","channelId":"9201","segmentId":"e5d28447-c280-47a0-8e33-a9fa13808cd6"},{"id":"frame:36:582d351a-157b-4817-b5a8-80210be2c897:2000000000","channelId":"9201","segmentId":"582d351a-157b-4817-b5a8-80210be2c897"},{"id":"frame:36:7e5bc8b5-f4f7-4196-9da1-f86c6be500a4:2000000000","channelId":"9201","segmentId":"7e5bc8b5-f4f7-4196-9da1-f86c6be500a4"},{"id":"frame:36:c57e5a87-3450-4afc-bb89-64f79b2d7326:2000000000","channelId":"9201","segmentId":"c57e5a87-3450-4afc-bb89-64f79b2d7326"},{"id":"frame:36:c81c1aaa-a4ac-437d-a131-fc28a0733377:2000000000","channelId":"9101","segmentId":"c81c1aaa-a4ac-437d-a131-fc28a0733377"},{"id":"frame:36:d4e93f8d-9a95-474c-9145-ad88844b4e97:2000000000","channelId":"9101","segmentId":"d4e93f8d-9a95-474c-9145-ad88844b4e97"},{"id":"frame:36:e254a8ab-0eb3-458d-bd5c-5063ae50a903:2000000000","channelId":"9101","segmentId":"e254a8ab-0eb3-458d-bd5c-5063ae50a903"},{"id":"frame:36:0916210b-4840-4c4b-8881-7e61bd758ed6:1000000000","channelId":"9201","segmentId":"0916210b-4840-4c4b-8881-7e61bd758ed6"},{"id":"frame:36:69f24c11-9bbb-4a42-9c95-6e10f8329fa7:1000000000","channelId":"9201","segmentId":"69f24c11-9bbb-4a42-9c95-6e10f8329fa7"}]}
[pass] PR77 bounded visual status
[pass] PR77 actual visual results
[visual-query-observation] {"atMs":1791132271838,"client":3,"status":200,"elapsedMs":527.1914999999972,"items":[{"id":"frame:36:582d351a-157b-4817-b5a8-80210be2c897:3000000000","channelId":"9201","segmentId":"582d351a-157b-4817-b5a8-80210be2c897"},{"id":"frame:36:7e5bc8b5-f4f7-4196-9da1-f86c6be500a4:3000000000","channelId":"9201","segmentId":"7e5bc8b5-f4f7-4196-9da1-f86c6be500a4"},{"id":"frame:36:c57e5a87-3450-4afc-bb89-64f79b2d7326:3000000000","channelId":"9201","segmentId":"c57e5a87-3450-4afc-bb89-64f79b2d7326"},{"id":"frame:36:c81c1aaa-a4ac-437d-a131-fc28a0733377:3000000000","channelId":"9101","segmentId":"c81c1aaa-a4ac-437d-a131-fc28a0733377"},{"id":"frame:36:d4e93f8d-9a95-474c-9145-ad88844b4e97:3000000000","channelId":"9101","segmentId":"d4e93f8d-9a95-474c-9145-ad88844b4e97"},{"id":"frame:36:e254a8ab-0eb3-458d-bd5c-5063ae50a903:3000000000","channelId":"9101","segmentId":"e254a8ab-0eb3-458d-bd5c-5063ae50a903"},{"id":"frame:36:0916210b-4840-4c4b-8881-7e61bd758ed6:0","channelId":"9201","segmentId":"0916210b-4840-4c4b-8881-7e61bd758ed6"},{"id":"frame:36:69f24c11-9bbb-4a42-9c95-6e10f8329fa7:0","channelId":"9201","segmentId":"69f24c11-9bbb-4a42-9c95-6e10f8329fa7"},{"id":"frame:36:74dafa88-5d75-49e8-81f2-bbf5af29442c:0","channelId":"9101","segmentId":"74dafa88-5d75-49e8-81f2-bbf5af29442c"},{"id":"frame:36:c36ac987-84fa-4b80-81b0-4503b35884bf:0","channelId":"9101","segmentId":"c36ac987-84fa-4b80-81b0-4503b35884bf"},{"id":"frame:36:ca6b7f4f-cdf5-4c45-bd5a-21f6ee14921b:0","channelId":"9101","segmentId":"ca6b7f4f-cdf5-4c45-bd5a-21f6ee14921b"},{"id":"frame:36:e5d28447-c280-47a0-8e33-a9fa13808cd6:0","channelId":"9201","segmentId":"e5d28447-c280-47a0-8e33-a9fa13808cd6"},{"id":"frame:36:582d351a-157b-4817-b5a8-80210be2c897:2000000000","channelId":"9201","segmentId":"582d351a-157b-4817-b5a8-80210be2c897"},{"id":"frame:36:7e5bc8b5-f4f7-4196-9da1-f86c6be500a4:2000000000","channelId":"9201","segmentId":"7e5bc8b5-f4f7-4196-9da1-f86c6be500a4"},{"id":"frame:36:c57e5a87-3450-4afc-bb89-64f79b2d7326:2000000000","channelId":"9201","segmentId":"c57e5a87-3450-4afc-bb89-64f79b2d7326"},{"id":"frame:36:c81c1aaa-a4ac-437d-a131-fc28a0733377:2000000000","channelId":"9101","segmentId":"c81c1aaa-a4ac-437d-a131-fc28a0733377"},{"id":"frame:36:d4e93f8d-9a95-474c-9145-ad88844b4e97:2000000000","channelId":"9101","segmentId":"d4e93f8d-9a95-474c-9145-ad88844b4e97"},{"id":"frame:36:e254a8ab-0eb3-458d-bd5c-5063ae50a903:2000000000","channelId":"9101","segmentId":"e254a8ab-0eb3-458d-bd5c-5063ae50a903"},{"id":"frame:36:0916210b-4840-4c4b-8881-7e61bd758ed6:1000000000","channelId":"9201","segmentId":"0916210b-4840-4c4b-8881-7e61bd758ed6"},{"id":"frame:36:69f24c11-9bbb-4a42-9c95-6e10f8329fa7:1000000000","channelId":"9201","segmentId":"69f24c11-9bbb-4a42-9c95-6e10f8329fa7"}]}
[pass] PR77 visual evidence bounded status
[pass] PR77 visual preservation status
[visual-preserved] {"atMs":1791132271896,"hitId":"frame:36:582d351a-157b-4817-b5a8-80210be2c897:3000000000","segmentId":"582d351a-157b-4817-b5a8-80210be2c897","packageId":"ep-386ef9cf3fd416e7aedf5aa6e29a705e2195552d712fd3c0396c194a15e7a325","status":"complete"}
[pass] V440 bounded parallel search status
[pass] V440 bounded parallel search status
[evidence-create-responses] [{"status":201,"elapsedMs":69.66049999999814,"body":{"id":"ep-0832e9fc8a03814d531f9aec0f0658be72e561fe6f97a03cb06ef3e8467017a9","channelId":"9101","status":"complete","createdAtMs":1791132271896,"frames":1,"assets":1}},{"status":503,"elapsedMs":0.7339590000010503,"body":{"error":"evidence-busy"}}]
[pass] V440 concurrent creation admits a request
[pass] V440 bounded creation status
[pass] V440 new detail200
[pass] V440 bounded preserved frame sequence
[pass] V440 complete contains actual PNG
[pass] V440 bounded creation status
[pass] V440 concurrent busy explicit
[pass] V440 saved detail remains readable
[pass] V440 immutable manifest
[pass] V440 preserved PNG bytes
[saved-evidence-sources] {"atMs":1791132271978,"id":"ep-0832e9fc8a03814d531f9aec0f0658be72e561fe6f97a03cb06ef3e8467017a9","afterRestart":false,"currentSources":[{"kind":"recording","id":"2956cd29-9d71-44bf-9c4e-8dd048a82d57","state":"catalogued-not-revalidated"}]}
[evidence-load] {"cycles":1,"searchSuccess":8,"createSuccess":1,"createBusy":1,"retainedChecks":1,"deletedSourceObserved":false}
[pass] V440 peak RSS budget
[pass] LP26-O03 deleted media absent
[pass] LP26-O03 deleted media absent
[pass] LP26-O03 deleted media absent
[pass] LP26-O03 deleted media absent
[root-storage] {"reason":"sample","final":false,"elapsedMs":31838,"journalMutationTypes":{"segment_finalized":0,"event_link_created":0,"observation_put":0,"observation_v2_put":0,"deletion_requested":0,"deletion_completed":0,"corruption_detected":0,"recording_order_reserved":26,"segment_v2_finalized":0,"segment_v2_bound_finalized":24,"consumer_reference_put":0,"derived_reference_accepted":0,"referenced_observation_put":0,"derived_job_intent":0,"derived_job_files":0,"derived_job_ready":0,"derived_job_committed":0,"derived_job_complete":0,"derived_job_failed":0,"segment_v2_state":10,"segment_v2_deleted":10},"journalMutationTypesCoverage":"drained-prefix-only; unread-or-partial-tail-excluded","totalBytes":14995380,"capBytes":480386519,"capExceeded":false,"entries":339,"categories":{"input":{"bytes":135858,"files":2},"media":{"bytes":480968,"files":14},"mediaPartial":{"bytes":44182,"files":2},"journal":{"bytes":283058,"files":2},"checkpoint":{"bytes":0,"files":0},"generationSnapshot":{"bytes":267,"files":1},"generationIdentity":{"bytes":160,"files":1},"generationEvidence":{"bytes":0,"files":0},"generationManifest":{"bytes":391,"files":1},"generationTransaction":{"bytes":0,"files":0},"sqlite":{"bytes":299008,"files":1},"wal":{"bytes":0,"files":0},"sqliteAux":{"bytes":0,"files":0},"tmp":{"bytes":0,"files":0},"log":{"bytes":8572,"files":1},"state":{"bytes":4653,"files":2},"events":{"bytes":0,"files":0},"cache":{"bytes":3146149,"files":280},"tools":{"bytes":10196904,"files":2},"recordingsOther":{"bytes":103501,"files":10},"other":{"bytes":291709,"files":1}},"ownership":{"productRecording":{"bytes":1211535,"files":32},"fixtureInput":{"bytes":135858,"files":2},"observerTools":{"bytes":10196904,"files":2},"cache":{"bytes":3146149,"files":280},"temporary":{"bytes":0,"files":0},"runtimeSupport":{"bytes":13225,"files":3},"other":{"bytes":291709,"files":1}},"transientJournalMisses":0,"measurement":"logical-file-bytes-nonatomic","rawPathsPublished":false,"transientTreeRetries":0,"fixedBytes":10624471,"variableBytes":4370909,"copyBytes":0,"combinedBytes":14995380,"rootCapBytes":480386519,"combinedCapBytes":950148567,"copyEntries":0,"workspacePolicy":"fixed-plus-variable-v1"}
[current-observation] {"pid":53805,"startIdentity":"macos:1791132245:686861","sampledAt":1791132276184,"phaseAt":31744.433125,"rssBytes":1672282112,"threadCount":39,"fdCount":29,"mutationCount":70,"typeCounts":{"segment_finalized":0,"event_link_created":0,"observation_put":0,"observation_v2_put":0,"deletion_requested":0,"deletion_completed":0,"corruption_detected":0,"recording_order_reserved":26,"segment_v2_finalized":0,"segment_v2_bound_finalized":24,"consumer_reference_put":0,"derived_reference_accepted":0,"referenced_observation_put":0,"derived_job_intent":0,"derived_job_files":0,"derived_job_ready":0,"derived_job_committed":0,"derived_job_complete":0,"derived_job_failed":0,"segment_v2_state":10,"segment_v2_deleted":10},"identityBytes":12425,"combinedLogicalIds":164,"combinedLogicalBytes":26708,"rotations":0,"partialBytes":0,"progress":{"elapsedMs":25241.010333,"channels":{"9101":{"finalized":12,"deleted":5,"lastAt":31744.433125,"order":"23","store":"10ac6141c735883fac4ae0d434ac2206385bc93b9b641dc87dc65a0aa5d79548","knownMappings":10,"unknownMappings":454},"9201":{"finalized":12,"deleted":5,"lastAt":31744.433125,"order":"24","store":"10ac6141c735883fac4ae0d434ac2206385bc93b9b641dc87dc65a0aa5d79548","knownMappings":9,"unknownMappings":512}},"records":24,"logicalBytes":14283},"resourceTrendPass":false}
[sample-timing] {"sampleIndex":6,"metricsMs":1.8447500000002037,"drainMs":114.2042079999992,"storageMs":1.79912499999773,"totalMs":117.94499999999971}
[request-budget] {"elapsedMs":1}
[http-timing] {"method":"GET","routeClass":"recording-status","status":200,"headerElapsedMs":1,"bodyElapsedMs":0,"totalElapsedMs":1,"bytes":1606,"phase":"complete","outcome":"ok"}
[pass] LP26-O05 active 9101
[pass] LP26-O05 active 9201
[pass] V440 actual mixed work occurred
[pass] V440 successful search latency
[pass] V440 peak RSS budget
[pass] LP26-O03 deleted media absent
[pass] LP26-O03 deleted media absent
[pass] LP26-O03 deleted media absent
[pass] LP26-O03 deleted media absent
[root-storage] {"reason":"sample","final":false,"elapsedMs":36622,"journalMutationTypes":{"segment_finalized":0,"event_link_created":0,"observation_put":0,"observation_v2_put":0,"deletion_requested":0,"deletion_completed":0,"corruption_detected":0,"recording_order_reserved":30,"segment_v2_finalized":0,"segment_v2_bound_finalized":28,"consumer_reference_put":0,"derived_reference_accepted":0,"referenced_observation_put":0,"derived_job_intent":0,"derived_job_files":0,"derived_job_ready":0,"derived_job_committed":0,"derived_job_complete":0,"derived_job_failed":0,"segment_v2_state":14,"segment_v2_deleted":14},"journalMutationTypesCoverage":"drained-prefix-only; unread-or-partial-tail-excluded","totalBytes":15071823,"capBytes":480386519,"capExceeded":false,"entries":339,"categories":{"input":{"bytes":135858,"files":2},"media":{"bytes":482260,"files":14},"mediaPartial":{"bytes":4181,"files":2},"journal":{"bytes":360691,"files":2},"checkpoint":{"bytes":0,"files":0},"generationSnapshot":{"bytes":267,"files":1},"generationIdentity":{"bytes":160,"files":1},"generationEvidence":{"bytes":0,"files":0},"generationManifest":{"bytes":391,"files":1},"generationTransaction":{"bytes":0,"files":0},"sqlite":{"bytes":335872,"files":1},"wal":{"bytes":0,"files":0},"sqliteAux":{"bytes":0,"files":0},"tmp":{"bytes":0,"files":0},"log":{"bytes":9227,"files":1},"state":{"bytes":4653,"files":2},"events":{"bytes":0,"files":0},"cache":{"bytes":3146149,"files":280},"tools":{"bytes":10196904,"files":2},"recordingsOther":{"bytes":103501,"files":10},"other":{"bytes":291709,"files":1}},"ownership":{"productRecording":{"bytes":1287323,"files":32},"fixtureInput":{"bytes":135858,"files":2},"observerTools":{"bytes":10196904,"files":2},"cache":{"bytes":3146149,"files":280},"temporary":{"bytes":0,"files":0},"runtimeSupport":{"bytes":13880,"files":3},"other":{"bytes":291709,"files":1}},"transientJournalMisses":0,"measurement":"logical-file-bytes-nonatomic","rawPathsPublished":false,"transientTreeRetries":0,"fixedBytes":10624471,"variableBytes":4447352,"copyBytes":0,"combinedBytes":15071823,"rootCapBytes":480386519,"combinedCapBytes":950148567,"copyEntries":0,"workspacePolicy":"fixed-plus-variable-v1"}
[current-observation] {"pid":53805,"startIdentity":"macos:1791132245:686861","sampledAt":1791132280947,"phaseAt":36507.7755,"rssBytes":1672527872,"threadCount":39,"fdCount":29,"mutationCount":86,"typeCounts":{"segment_finalized":0,"event_link_created":0,"observation_put":0,"observation_v2_put":0,"deletion_requested":0,"deletion_completed":0,"corruption_detected":0,"recording_order_reserved":30,"segment_v2_finalized":0,"segment_v2_bound_finalized":28,"consumer_reference_put":0,"derived_reference_accepted":0,"referenced_observation_put":0,"derived_job_intent":0,"derived_job_files":0,"derived_job_ready":0,"derived_job_committed":0,"derived_job_complete":0,"derived_job_failed":0,"segment_v2_state":14,"segment_v2_deleted":14},"identityBytes":15209,"combinedLogicalIds":200,"combinedLogicalBytes":31874,"rotations":0,"partialBytes":0,"progress":{"elapsedMs":30004.352708000002,"channels":{"9101":{"finalized":14,"deleted":7,"lastAt":36507.7755,"order":"27","store":"10ac6141c735883fac4ae0d434ac2206385bc93b9b641dc87dc65a0aa5d79548","knownMappings":12,"unknownMappings":540},"9201":{"finalized":14,"deleted":7,"lastAt":36507.7755,"order":"28","store":"10ac6141c735883fac4ae0d434ac2206385bc93b9b641dc87dc65a0aa5d79548","knownMappings":11,"unknownMappings":600}},"records":28,"logicalBytes":16665},"resourceTrendPass":false}
[sample-timing] {"sampleIndex":7,"metricsMs":2.071416999999201,"drainMs":135.35445799999434,"storageMs":1.5257500000006985,"totalMs":139.0178339999984}
[pass] LP26-O04 sample coverage
[pass] LP26-O05 both channels retained and progressed
[request-budget] {"elapsedMs":1}
[http-timing] {"method":"GET","routeClass":"source","status":200,"headerElapsedMs":1,"bodyElapsedMs":0,"totalElapsedMs":1,"bytes":3373,"phase":"complete","outcome":"ok"}
[request-budget] {"elapsedMs":1}
[http-timing] {"method":"PUT","routeClass":"source-item","status":200,"headerElapsedMs":9,"bodyElapsedMs":0,"totalElapsedMs":9,"bytes":438,"phase":"complete","outcome":"ok"}
[pass] LP26-O05 setting 9101 false
[request-budget] {"elapsedMs":1}
[http-timing] {"method":"PUT","routeClass":"source-item","status":200,"headerElapsedMs":9,"bodyElapsedMs":0,"totalElapsedMs":9,"bytes":438,"phase":"complete","outcome":"ok"}
[pass] LP26-O05 setting 9201 false
[process-cleanup] {"schema":"recording-process-cleanup-v1","attemptCount":1,"pid":53805,"exitCode":0,"signalCode":null,"exitedObserved":true,"stopCode":"complete","forcedTermination":"not-used","normalExitPass":true,"normalShutdownPass":true,"archiveSafe":true,"ports":[{"kind":"http","port":51695,"status":"pass","code":"closed","closed":true},{"kind":"rtsp","port":51696,"status":"pass","code":"closed","closed":true}]}
[pass] LP26-O03 deleted media absent
[pass] LP26-O03 deleted media absent
[pass] LP26-O02 closed journal no partial tail
[workspace-copy-monitor] {"failure":null,"samples":6,"intervalMs":100,"maxGapMs":102.1364590000012,"elapsedMs":525.1897499999977,"peak":{"totalBytes":15089641,"capBytes":480386519,"capExceeded":false,"entries":337,"categories":{"input":{"bytes":135858,"files":2},"media":{"bytes":489235,"files":16},"mediaPartial":{"bytes":0,"files":0},"journal":{"bytes":364581,"files":2},"checkpoint":{"bytes":0,"files":0},"generationSnapshot":{"bytes":267,"files":1},"generationIdentity":{"bytes":160,"files":1},"generationEvidence":{"bytes":0,"files":0},"generationManifest":{"bytes":391,"files":1},"generationTransaction":{"bytes":0,"files":0},"sqlite":{"bytes":335872,"files":1},"wal":{"bytes":0,"files":0},"sqliteAux":{"bytes":0,"files":0},"tmp":{"bytes":0,"files":0},"log":{"bytes":20356,"files":1},"state":{"bytes":4657,"files":2},"events":{"bytes":0,"files":0},"cache":{"bytes":3146396,"files":280},"tools":{"bytes":10196904,"files":2},"recordingsOther":{"bytes":103255,"files":8},"other":{"bytes":291709,"files":1}},"ownership":{"productRecording":{"bytes":1293761,"files":30},"fixtureInput":{"bytes":135858,"files":2},"observerTools":{"bytes":10196904,"files":2},"cache":{"bytes":3146396,"files":280},"temporary":{"bytes":0,"files":0},"runtimeSupport":{"bytes":25013,"files":3},"other":{"bytes":291709,"files":1}},"transientJournalMisses":0,"measurement":"logical-file-bytes-nonatomic","rawPathsPublished":false,"transientTreeRetries":0,"fixedBytes":10624471,"variableBytes":4465170,"copyBytes":1293761,"combinedBytes":16383402,"rootCapBytes":480386519,"combinedCapBytes":950148567,"copyEntries":37,"workspacePolicy":"fixed-plus-variable-v1"},"continuousEnforcement":false}
[snapshot-process] {"status":0,"signal":null,"errorCode":null,"failureCode":null,"elapsedMs":527,"outputBytes":1738,"lastOpenedPhase":"catalog-destruct","lastCompletedPhase":"destruct","traceStatus":"complete","traceLoss":false,"rawOutputPublished":false}
[snapshot-receipt] {"preserved":true,"bytes":13357,"sha256":"c1e67a90537f83e6b1b5b865c406d82931243a0320ba7f508c8fa451848b6f81","rawPathsPublished":false}
[pass] LP26-O05 stopped copy native catalog recovery
[pass] LP26-O05 native surviving and deleted states
[pass] LP26-O05 original journal bytes unchanged
[copy-cleanup] {"root":"/private/var/folders/k0/qhmr6zdx11q0_41wfx4dsd200000gn/T/media-server-current-observer-copy-nPw6hb","bytes":1293761,"copied":true,"absent":true,"reason":null,"receiptPreserved":true,"originalUnchanged":true,"manifestUnchanged":true,"groupClosed":true}
[pass] LP26-O05 recovery copy cleanup
[request-budget] {"elapsedMs":1}
[http-timing] {"method":"GET","routeClass":"health","status":null,"headerElapsedMs":null,"bodyElapsedMs":null,"totalElapsedMs":0,"bytes":0,"phase":"header","outcome":"error"}
[request-budget] {"elapsedMs":1}
[http-timing] {"method":"GET","routeClass":"health","status":null,"headerElapsedMs":null,"bodyElapsedMs":null,"totalElapsedMs":0,"bytes":0,"phase":"header","outcome":"error"}
[request-budget] {"elapsedMs":1}
[http-timing] {"method":"GET","routeClass":"health","status":null,"headerElapsedMs":null,"bodyElapsedMs":null,"totalElapsedMs":0,"bytes":0,"phase":"header","outcome":"error"}
[request-budget] {"elapsedMs":1}
[http-timing] {"method":"GET","routeClass":"health","status":null,"headerElapsedMs":null,"bodyElapsedMs":null,"totalElapsedMs":0,"bytes":0,"phase":"header","outcome":"error"}
[request-budget] {"elapsedMs":1}
[http-timing] {"method":"GET","routeClass":"health","status":null,"headerElapsedMs":null,"bodyElapsedMs":null,"totalElapsedMs":1,"bytes":0,"phase":"header","outcome":"error"}
[request-budget] {"elapsedMs":1}
[http-timing] {"method":"GET","routeClass":"health","status":null,"headerElapsedMs":null,"bodyElapsedMs":null,"totalElapsedMs":1,"bytes":0,"phase":"header","outcome":"error"}
[request-budget] {"elapsedMs":1}
[http-timing] {"method":"GET","routeClass":"health","status":null,"headerElapsedMs":null,"bodyElapsedMs":null,"totalElapsedMs":0,"bytes":0,"phase":"header","outcome":"error"}
[request-budget] {"elapsedMs":1}
[http-timing] {"method":"GET","routeClass":"health","status":null,"headerElapsedMs":null,"bodyElapsedMs":null,"totalElapsedMs":0,"bytes":0,"phase":"header","outcome":"error"}
[request-budget] {"elapsedMs":1}
[http-timing] {"method":"GET","routeClass":"health","status":null,"headerElapsedMs":null,"bodyElapsedMs":null,"totalElapsedMs":0,"bytes":0,"phase":"header","outcome":"error"}
[request-budget] {"elapsedMs":1}
[http-timing] {"method":"GET","routeClass":"health","status":null,"headerElapsedMs":null,"bodyElapsedMs":null,"totalElapsedMs":1,"bytes":0,"phase":"header","outcome":"error"}
[request-budget] {"elapsedMs":1}
[http-timing] {"method":"GET","routeClass":"health","status":null,"headerElapsedMs":null,"bodyElapsedMs":null,"totalElapsedMs":0,"bytes":0,"phase":"header","outcome":"error"}
[request-budget] {"elapsedMs":1}
[http-timing] {"method":"GET","routeClass":"health","status":null,"headerElapsedMs":null,"bodyElapsedMs":null,"totalElapsedMs":0,"bytes":0,"phase":"header","outcome":"error"}
[request-budget] {"elapsedMs":1}
[http-timing] {"method":"GET","routeClass":"health","status":null,"headerElapsedMs":null,"bodyElapsedMs":null,"totalElapsedMs":0,"bytes":0,"phase":"header","outcome":"error"}
[request-budget] {"elapsedMs":1}
[http-timing] {"method":"GET","routeClass":"health","status":null,"headerElapsedMs":null,"bodyElapsedMs":null,"totalElapsedMs":1,"bytes":0,"phase":"header","outcome":"error"}
[request-budget] {"elapsedMs":1}
[http-timing] {"method":"GET","routeClass":"health","status":null,"headerElapsedMs":null,"bodyElapsedMs":null,"totalElapsedMs":0,"bytes":0,"phase":"header","outcome":"error"}
[request-budget] {"elapsedMs":1}
[http-timing] {"method":"GET","routeClass":"health","status":null,"headerElapsedMs":null,"bodyElapsedMs":null,"totalElapsedMs":0,"bytes":0,"phase":"header","outcome":"error"}
[request-budget] {"elapsedMs":1}
[http-timing] {"method":"GET","routeClass":"health","status":null,"headerElapsedMs":null,"bodyElapsedMs":null,"totalElapsedMs":1,"bytes":0,"phase":"header","outcome":"error"}
[request-budget] {"elapsedMs":1}
[http-timing] {"method":"GET","routeClass":"health","status":null,"headerElapsedMs":null,"bodyElapsedMs":null,"totalElapsedMs":1,"bytes":0,"phase":"header","outcome":"error"}
[request-budget] {"elapsedMs":1}
[http-timing] {"method":"GET","routeClass":"health","status":null,"headerElapsedMs":null,"bodyElapsedMs":null,"totalElapsedMs":0,"bytes":0,"phase":"header","outcome":"error"}
[request-budget] {"elapsedMs":1}
[http-timing] {"method":"GET","routeClass":"health","status":null,"headerElapsedMs":null,"bodyElapsedMs":null,"totalElapsedMs":0,"bytes":0,"phase":"header","outcome":"error"}
[request-budget] {"elapsedMs":1}
[http-timing] {"method":"GET","routeClass":"health","status":null,"headerElapsedMs":null,"bodyElapsedMs":null,"totalElapsedMs":0,"bytes":0,"phase":"header","outcome":"error"}
[request-budget] {"elapsedMs":1}
[http-timing] {"method":"GET","routeClass":"health","status":null,"headerElapsedMs":null,"bodyElapsedMs":null,"totalElapsedMs":0,"bytes":0,"phase":"header","outcome":"error"}
[request-budget] {"elapsedMs":1}
[http-timing] {"method":"GET","routeClass":"health","status":null,"headerElapsedMs":null,"bodyElapsedMs":null,"totalElapsedMs":0,"bytes":0,"phase":"header","outcome":"error"}
[request-budget] {"elapsedMs":1}
[http-timing] {"method":"GET","routeClass":"health","status":null,"headerElapsedMs":null,"bodyElapsedMs":null,"totalElapsedMs":1,"bytes":0,"phase":"header","outcome":"error"}
[request-budget] {"elapsedMs":1}
[http-timing] {"method":"GET","routeClass":"health","status":null,"headerElapsedMs":null,"bodyElapsedMs":null,"totalElapsedMs":0,"bytes":0,"phase":"header","outcome":"error"}
[request-budget] {"elapsedMs":1}
[http-timing] {"method":"GET","routeClass":"health","status":null,"headerElapsedMs":null,"bodyElapsedMs":null,"totalElapsedMs":0,"bytes":0,"phase":"header","outcome":"error"}
[request-budget] {"elapsedMs":1}
[http-timing] {"method":"GET","routeClass":"health","status":null,"headerElapsedMs":null,"bodyElapsedMs":null,"totalElapsedMs":0,"bytes":0,"phase":"header","outcome":"error"}
[request-budget] {"elapsedMs":1}
[http-timing] {"method":"GET","routeClass":"health","status":null,"headerElapsedMs":null,"bodyElapsedMs":null,"totalElapsedMs":0,"bytes":0,"phase":"header","outcome":"error"}
[request-budget] {"elapsedMs":1}
[http-timing] {"method":"GET","routeClass":"health","status":null,"headerElapsedMs":null,"bodyElapsedMs":null,"totalElapsedMs":0,"bytes":0,"phase":"header","outcome":"error"}
[request-budget] {"elapsedMs":1}
[http-timing] {"method":"GET","routeClass":"health","status":null,"headerElapsedMs":null,"bodyElapsedMs":null,"totalElapsedMs":1,"bytes":0,"phase":"header","outcome":"error"}
[request-budget] {"elapsedMs":1}
[http-timing] {"method":"GET","routeClass":"health","status":null,"headerElapsedMs":null,"bodyElapsedMs":null,"totalElapsedMs":0,"bytes":0,"phase":"header","outcome":"error"}
[request-budget] {"elapsedMs":1}
[http-timing] {"method":"GET","routeClass":"health","status":null,"headerElapsedMs":null,"bodyElapsedMs":null,"totalElapsedMs":0,"bytes":0,"phase":"header","outcome":"error"}
[request-budget] {"elapsedMs":1}
[http-timing] {"method":"GET","routeClass":"health","status":null,"headerElapsedMs":null,"bodyElapsedMs":null,"totalElapsedMs":0,"bytes":0,"phase":"header","outcome":"error"}
[request-budget] {"elapsedMs":1}
[http-timing] {"method":"GET","routeClass":"health","status":null,"headerElapsedMs":null,"bodyElapsedMs":null,"totalElapsedMs":0,"bytes":0,"phase":"header","outcome":"error"}
[request-budget] {"elapsedMs":1}
[http-timing] {"method":"GET","routeClass":"health","status":null,"headerElapsedMs":null,"bodyElapsedMs":null,"totalElapsedMs":0,"bytes":0,"phase":"header","outcome":"error"}
[request-budget] {"elapsedMs":1}
[http-timing] {"method":"GET","routeClass":"health","status":null,"headerElapsedMs":null,"bodyElapsedMs":null,"totalElapsedMs":1,"bytes":0,"phase":"header","outcome":"error"}
[request-budget] {"elapsedMs":1}
[http-timing] {"method":"GET","routeClass":"health","status":null,"headerElapsedMs":null,"bodyElapsedMs":null,"totalElapsedMs":0,"bytes":0,"phase":"header","outcome":"error"}
[request-budget] {"elapsedMs":1}
[http-timing] {"method":"GET","routeClass":"health","status":null,"headerElapsedMs":null,"bodyElapsedMs":null,"totalElapsedMs":1,"bytes":0,"phase":"header","outcome":"error"}
[request-budget] {"elapsedMs":1}
[http-timing] {"method":"GET","routeClass":"health","status":200,"headerElapsedMs":1,"bodyElapsedMs":0,"totalElapsedMs":1,"bytes":15,"phase":"complete","outcome":"ok"}
[request-budget] {"elapsedMs":1}
[http-timing] {"method":"GET","routeClass":"ice","status":200,"headerElapsedMs":0,"bodyElapsedMs":0,"totalElapsedMs":0,"bytes":222,"phase":"complete","outcome":"ok"}
[pass] LP26-O05 isolated server healthy
[request-budget] {"elapsedMs":1}
[http-timing] {"method":"GET","routeClass":"recording-status","status":200,"headerElapsedMs":22,"bodyElapsedMs":0,"totalElapsedMs":22,"bytes":1612,"phase":"complete","outcome":"ok"}
[status-usage] {"channelId":"9101","aliveBytes":"244877","historicalBytes":"520085","deleted":8,"apiContinuousBytes":244877,"apiEventBytes":0,"physicalFilesChecked":true}
[pass] LP26-O11 independent status usage 9101
[status-usage] {"channelId":"9201","aliveBytes":"244358","historicalBytes":"519566","deleted":8,"apiContinuousBytes":244358,"apiEventBytes":0,"physicalFilesChecked":true}
[pass] LP26-O11 independent status usage 9201
[channel-observation] {"expectedIds":["1","2","3","4","5","9101","9201"],"channels":[{"id":"1","enabled":false,"active":false},{"id":"2","enabled":false,"active":false},{"id":"3","enabled":false,"active":false},{"id":"4","enabled":false,"active":false},{"id":"5","enabled":false,"active":false},{"id":"9101","enabled":false,"active":false},{"id":"9201","enabled":false,"active":false}]}
[pass] LP26-O05 disabled restart
[pass] V440 saved detail remains readable
[pass] V440 immutable manifest
[pass] V440 preserved PNG bytes
[saved-evidence-sources] {"atMs":1791132287275,"id":"ep-0832e9fc8a03814d531f9aec0f0658be72e561fe6f97a03cb06ef3e8467017a9","afterRestart":true,"currentSources":[{"kind":"recording","id":"2956cd29-9d71-44bf-9c4e-8dd048a82d57","state":"catalogued-not-revalidated"}]}
[root-storage] {"reason":"failure-live","final":true,"elapsedMs":42814,"journalMutationTypes":{"segment_finalized":0,"event_link_created":0,"observation_put":0,"observation_v2_put":0,"deletion_requested":0,"deletion_completed":0,"corruption_detected":0,"recording_order_reserved":32,"segment_v2_finalized":0,"segment_v2_bound_finalized":32,"consumer_reference_put":0,"derived_reference_accepted":0,"referenced_observation_put":0,"derived_job_intent":0,"derived_job_files":0,"derived_job_ready":0,"derived_job_committed":0,"derived_job_complete":0,"derived_job_failed":0,"segment_v2_state":16,"segment_v2_deleted":16},"journalMutationTypesCoverage":"drained-prefix-only; unread-or-partial-tail-excluded","totalBytes":15090737,"capBytes":480386519,"capExceeded":false,"entries":338,"categories":{"input":{"bytes":135858,"files":2},"media":{"bytes":489235,"files":16},"mediaPartial":{"bytes":0,"files":0},"journal":{"bytes":364581,"files":2},"checkpoint":{"bytes":0,"files":0},"generationSnapshot":{"bytes":267,"files":1},"generationIdentity":{"bytes":160,"files":1},"generationEvidence":{"bytes":0,"files":0},"generationManifest":{"bytes":391,"files":1},"generationTransaction":{"bytes":0,"files":0},"sqlite":{"bytes":335872,"files":1},"wal":{"bytes":0,"files":0},"sqliteAux":{"bytes":0,"files":0},"tmp":{"bytes":0,"files":0},"log":{"bytes":21452,"files":2},"state":{"bytes":4657,"files":2},"events":{"bytes":0,"files":0},"cache":{"bytes":3146396,"files":280},"tools":{"bytes":10196904,"files":2},"recordingsOther":{"bytes":103255,"files":8},"other":{"bytes":291709,"files":1}},"ownership":{"productRecording":{"bytes":1293761,"files":30},"fixtureInput":{"bytes":135858,"files":2},"observerTools":{"bytes":10196904,"files":2},"cache":{"bytes":3146396,"files":280},"temporary":{"bytes":0,"files":0},"runtimeSupport":{"bytes":26109,"files":4},"other":{"bytes":291709,"files":1}},"transientJournalMisses":0,"measurement":"logical-file-bytes-nonatomic","rawPathsPublished":false,"transientTreeRetries":0,"fixedBytes":10624471,"variableBytes":4466266,"copyBytes":0,"combinedBytes":15090737,"rootCapBytes":480386519,"combinedCapBytes":950148567,"copyEntries":0,"workspacePolicy":"fixed-plus-variable-v1"}
[fail] current observation: V440 original actually deleted before restart readback
[root-storage] {"reason":"final-live","final":true,"elapsedMs":42816,"journalMutationTypes":{"segment_finalized":0,"event_link_created":0,"observation_put":0,"observation_v2_put":0,"deletion_requested":0,"deletion_completed":0,"corruption_detected":0,"recording_order_reserved":32,"segment_v2_finalized":0,"segment_v2_bound_finalized":32,"consumer_reference_put":0,"derived_reference_accepted":0,"referenced_observation_put":0,"derived_job_intent":0,"derived_job_files":0,"derived_job_ready":0,"derived_job_committed":0,"derived_job_complete":0,"derived_job_failed":0,"segment_v2_state":16,"segment_v2_deleted":16},"journalMutationTypesCoverage":"drained-prefix-only; unread-or-partial-tail-excluded","totalBytes":15090737,"capBytes":480386519,"capExceeded":false,"entries":338,"categories":{"input":{"bytes":135858,"files":2},"media":{"bytes":489235,"files":16},"mediaPartial":{"bytes":0,"files":0},"journal":{"bytes":364581,"files":2},"checkpoint":{"bytes":0,"files":0},"generationSnapshot":{"bytes":267,"files":1},"generationIdentity":{"bytes":160,"files":1},"generationEvidence":{"bytes":0,"files":0},"generationManifest":{"bytes":391,"files":1},"generationTransaction":{"bytes":0,"files":0},"sqlite":{"bytes":335872,"files":1},"wal":{"bytes":0,"files":0},"sqliteAux":{"bytes":0,"files":0},"tmp":{"bytes":0,"files":0},"log":{"bytes":21452,"files":2},"state":{"bytes":4657,"files":2},"events":{"bytes":0,"files":0},"cache":{"bytes":3146396,"files":280},"tools":{"bytes":10196904,"files":2},"recordingsOther":{"bytes":103255,"files":8},"other":{"bytes":291709,"files":1}},"ownership":{"productRecording":{"bytes":1293761,"files":30},"fixtureInput":{"bytes":135858,"files":2},"observerTools":{"bytes":10196904,"files":2},"cache":{"bytes":3146396,"files":280},"temporary":{"bytes":0,"files":0},"runtimeSupport":{"bytes":26109,"files":4},"other":{"bytes":291709,"files":1}},"transientJournalMisses":0,"measurement":"logical-file-bytes-nonatomic","rawPathsPublished":false,"transientTreeRetries":0,"fixedBytes":10624471,"variableBytes":4466266,"copyBytes":0,"combinedBytes":15090737,"rootCapBytes":480386519,"combinedCapBytes":950148567,"copyEntries":0,"workspacePolicy":"fixed-plus-variable-v1"}
[process-cleanup] {"schema":"recording-process-cleanup-v1","attemptCount":1,"pid":54182,"exitCode":0,"signalCode":null,"exitedObserved":true,"stopCode":"complete","forcedTermination":"not-used","normalExitPass":true,"normalShutdownPass":true,"archiveSafe":true,"ports":[{"kind":"http","port":51835,"status":"pass","code":"closed","closed":true},{"kind":"rtsp","port":51836,"status":"pass","code":"closed","closed":true}]}
[root-storage] {"reason":"post-stop","final":true,"elapsedMs":43747,"journalMutationTypes":{"segment_finalized":0,"event_link_created":0,"observation_put":0,"observation_v2_put":0,"deletion_requested":0,"deletion_completed":0,"corruption_detected":0,"recording_order_reserved":32,"segment_v2_finalized":0,"segment_v2_bound_finalized":32,"consumer_reference_put":0,"derived_reference_accepted":0,"referenced_observation_put":0,"derived_job_intent":0,"derived_job_files":0,"derived_job_ready":0,"derived_job_committed":0,"derived_job_complete":0,"derived_job_failed":0,"segment_v2_state":16,"segment_v2_deleted":16},"journalMutationTypesCoverage":"drained-prefix-only; unread-or-partial-tail-excluded","totalBytes":15098748,"capBytes":480386519,"capExceeded":false,"entries":338,"categories":{"input":{"bytes":135858,"files":2},"media":{"bytes":489235,"files":16},"mediaPartial":{"bytes":0,"files":0},"journal":{"bytes":364581,"files":2},"checkpoint":{"bytes":0,"files":0},"generationSnapshot":{"bytes":267,"files":1},"generationIdentity":{"bytes":160,"files":1},"generationEvidence":{"bytes":0,"files":0},"generationManifest":{"bytes":391,"files":1},"generationTransaction":{"bytes":0,"files":0},"sqlite":{"bytes":335872,"files":1},"wal":{"bytes":0,"files":0},"sqliteAux":{"bytes":0,"files":0},"tmp":{"bytes":0,"files":0},"log":{"bytes":22697,"files":2},"state":{"bytes":4657,"files":2},"events":{"bytes":0,"files":0},"cache":{"bytes":3146396,"files":280},"tools":{"bytes":10196904,"files":2},"recordingsOther":{"bytes":110021,"files":8},"other":{"bytes":291709,"files":1}},"ownership":{"productRecording":{"bytes":1300527,"files":30},"fixtureInput":{"bytes":135858,"files":2},"observerTools":{"bytes":10196904,"files":2},"cache":{"bytes":3146396,"files":280},"temporary":{"bytes":0,"files":0},"runtimeSupport":{"bytes":27354,"files":4},"other":{"bytes":291709,"files":1}},"transientJournalMisses":0,"sqlitePages":{"status":"observed","mainBytes":335872,"walBytes":0,"pageSize":4096,"pageCount":82,"freePageCount":3,"livePageCount":79,"liveBytes":323584,"freeBytes":12288},"measurement":"logical-file-bytes-nonatomic","rawPathsPublished":false,"transientTreeRetries":0,"fixedBytes":10624471,"variableBytes":4474277,"copyBytes":0,"combinedBytes":15098748,"rootCapBytes":480386519,"combinedCapBytes":950148567,"copyEntries":0,"workspacePolicy":"fixed-plus-variable-v1"}
[server-diagnostic] {"pid":53805,"bytes":20356,"capturedBytes":20356,"sha256":"83d9a4ed9d4a2066aed98341b4661da5a7592a84de9d252713747b4f778e95ba","overflow":false,"categories":[{"code":"file evidence unavailable","count":0},{"code":"storageBlocked","count":0},{"code":"shutdown","count":0},{"code":"ERROR","count":0},{"code":"WARNING","count":0}],"rawBodyPublished":false,"privateCaptureDisposition":"eligible-for-wrapper-cleanup"}
[server-slow-diagnostic] {"status":"captured","seen":108,"retained":64,"thresholdNs":10000000,"rows":[{"k":0,"o":1,"s":1,"l":2189,"m":3,"t":5,"r":0,"b":22490541333,"a":22490541416,"e":22503393666,"n":1,"w":83,"h":12852250,"x":83,"y":12852250},{"k":1,"o":7,"s":1,"l":1997,"m":3,"t":6,"r":0,"b":22505027625,"a":22505027625,"e":22516110000,"n":1,"w":0,"h":11082375,"x":0,"y":11082375},{"k":0,"o":1,"s":1,"l":2189,"m":3,"t":6,"r":0,"b":22491557916,"a":22503402166,"e":22516110791,"n":1,"w":11844250,"h":12708625,"x":11844250,"y":12708625},{"k":1,"o":7,"s":1,"l":1997,"m":3,"t":5,"r":0,"b":22522811041,"a":22522811041,"e":22534254458,"n":1,"w":0,"h":11443417,"x":0,"y":11443417},{"k":0,"o":1,"s":1,"l":2590,"m":3,"t":5,"r":0,"b":22522187083,"a":22522187125,"e":22534255375,"n":1,"w":42,"h":12068250,"x":42,"y":12068250},{"k":1,"o":7,"s":1,"l":1997,"m":3,"t":6,"r":0,"b":22540839000,"a":22540839000,"e":22552948750,"n":1,"w":0,"h":12109750,"x":0,"y":12109750},{"k":0,"o":1,"s":1,"l":2590,"m":3,"t":6,"r":0,"b":22540188208,"a":22540188208,"e":22552949125,"n":1,"w":0,"h":12760917,"x":0,"y":12760917},{"k":0,"o":1,"s":1,"l":2442,"m":3,"t":2,"r":0,"b":23503166583,"a":23503166625,"e":23529948291,"n":1,"w":42,"h":26781666,"x":42,"y":26781666},{"k":1,"o":7,"s":1,"l":1997,"m":3,"t":5,"r":0,"b":24463421000,"a":24463421000,"e":24477193708,"n":1,"w":0,"h":13772708,"x":0,"y":13772708},{"k":0,"o":1,"s":1,"l":2189,"m":3,"t":5,"r":0,"b":24461406916,"a":24461407041,"e":24477195333,"n":1,"w":125,"h":15788292,"x":125,"y":15788292},{"k":1,"o":7,"s":1,"l":1997,"m":3,"t":5,"r":0,"b":24490801458,"a":24490801458,"e":24503904333,"n":1,"w":0,"h":13102875,"x":0,"y":13102875},{"k":0,"o":1,"s":1,"l":2590,"m":3,"t":5,"r":0,"b":24489000458,"a":24490058166,"e":24503905708,"n":1,"w":1057708,"h":13847542,"x":1057708,"y":13847542},{"k":1,"o":7,"s":1,"l":1997,"m":3,"t":6,"r":0,"b":24505557083,"a":24505557083,"e":24517046041,"n":1,"w":0,"h":11488958,"x":0,"y":11488958},{"k":0,"o":1,"s":1,"l":2189,"m":3,"t":6,"r":0,"b":24492435833,"a":24503913375,"e":24517046916,"n":1,"w":11477542,"h":13133541,"x":11477542,"y":13133541},{"k":0,"o":1,"s":1,"l":642,"m":3,"t":3,"r":0,"b":24504136958,"a":24517053166,"e":24517053750,"n":1,"w":12916208,"h":584,"x":12916208,"y":584},{"k":1,"o":7,"s":1,"l":1997,"m":3,"t":6,"r":0,"b":24528644708,"a":24528644708,"e":24541031625,"n":1,"w":0,"h":12386917,"x":0,"y":12386917},{"k":0,"o":1,"s":1,"l":2590,"m":3,"t":6,"r":0,"b":24527967250,"a":24527967291,"e":24541032583,"n":1,"w":41,"h":13065292,"x":41,"y":13065292},{"k":0,"o":1,"s":2,"l":227,"m":3,"t":17,"r":0,"b":24799319125,"a":24799319166,"e":24823971291,"n":1,"w":41,"h":24652125,"x":41,"y":24652125},{"k":1,"o":4,"s":2,"l":644,"m":0,"t":17,"r":0,"b":24823973416,"a":24823973416,"e":24865788416,"n":1,"w":0,"h":41815000,"x":0,"y":41815000},{"k":1,"o":3,"s":3,"l":528,"m":0,"t":17,"r":0,"b":24799317958,"a":24799317958,"e":24865789125,"n":1,"w":0,"h":66471167,"x":0,"y":66471167},{"k":0,"o":1,"s":2,"l":227,"m":3,"t":19,"r":0,"b":24883992250,"a":24883992375,"e":24903191666,"n":1,"w":125,"h":19199291,"x":125,"y":19199291},{"k":0,"o":1,"s":1,"l":2580,"m":3,"t":18,"r":0,"b":24882227708,"a":24904890708,"e":24905364833,"n":1,"w":22663000,"h":474125,"x":22663000,"y":474125},{"k":0,"o":1,"s":1,"l":3650,"m":3,"t":20,"r":0,"b":24880943041,"a":24905371375,"e":24905384791,"n":1,"w":24428334,"h":13416,"x":24428334,"y":13416},{"k":0,"o":1,"s":1,"l":3650,"m":3,"t":17,"r":0,"b":24883835958,"a":24911356541,"e":24911357375,"n":1,"w":27520583,"h":834,"x":27520583,"y":834},{"k":0,"o":1,"s":1,"l":2566,"m":3,"t":18,"r":0,"b":24940337958,"a":24952795333,"e":24953605916,"n":1,"w":12457375,"h":810583,"x":12457375,"y":810583},{"k":0,"o":1,"s":1,"l":2580,"m":3,"t":20,"r":0,"b":24952064166,"a":24963027375,"e":24963490375,"n":1,"w":10963209,"h":463000,"x":10963209,"y":463000},{"k":1,"o":4,"s":2,"l":644,"m":0,"t":19,"r":0,"b":24903195458,"a":24903195458,"e":24974065500,"n":1,"w":0,"h":70870042,"x":0,"y":70870042},{"k":1,"o":3,"s":3,"l":528,"m":0,"t":19,"r":0,"b":24883991541,"a":24883991541,"e":24974066083,"n":1,"w":0,"h":90074542,"x":0,"y":90074542},{"k":1,"o":7,"s":1,"l":1997,"m":3,"t":5,"r":0,"b":26466635541,"a":26466635541,"e":26478418958,"n":1,"w":0,"h":11783417,"x":0,"y":11783417},{"k":0,"o":1,"s":1,"l":2189,"m":3,"t":5,"r":0,"b":26465073125,"a":26465073166,"e":26478421541,"n":1,"w":41,"h":13348375,"x":41,"y":13348375},{"k":1,"o":7,"s":1,"l":1997,"m":3,"t":5,"r":0,"b":26490110333,"a":26490110333,"e":26502226333,"n":1,"w":0,"h":12116000,"x":0,"y":12116000},{"k":0,"o":1,"s":1,"l":2590,"m":3,"t":5,"r":0,"b":26489487333,"a":26489487416,"e":26502228916,"n":1,"w":83,"h":12741500,"x":83,"y":12741500},{"k":0,"o":1,"s":1,"l":2131,"m":3,"t":6,"r":0,"b":26491798583,"a":26502238541,"e":26503355666,"n":1,"w":10439958,"h":1117125,"x":10439958,"y":1117125},{"k":1,"o":7,"s":1,"l":1997,"m":3,"t":6,"r":0,"b":26507259500,"a":26507259500,"e":26519215458,"n":1,"w":0,"h":11955958,"x":0,"y":11955958},{"k":0,"o":1,"s":1,"l":2189,"m":3,"t":6,"r":0,"b":26505679625,"a":26505679708,"e":26519217166,"n":1,"w":83,"h":13537458,"x":83,"y":13537458},{"k":1,"o":7,"s":1,"l":1997,"m":3,"t":6,"r":0,"b":26532106583,"a":26532106583,"e":26544455875,"n":1,"w":0,"h":12349292,"x":0,"y":12349292},{"k":0,"o":1,"s":1,"l":2590,"m":3,"t":6,"r":0,"b":26531377458,"a":26531377500,"e":26544457416,"n":1,"w":42,"h":13079916,"x":42,"y":13079916},{"k":1,"o":7,"s":1,"l":1997,"m":3,"t":5,"r":0,"b":28462146833,"a":28462146833,"e":28474227916,"n":1,"w":0,"h":12081083,"x":0,"y":12081083},{"k":0,"o":1,"s":1,"l":2189,"m":3,"t":5,"r":0,"b":28460566541,"a":28460566750,"e":28474229125,"n":1,"w":209,"h":13662375,"x":209,"y":13662375},{"k":1,"o":7,"s":1,"l":1997,"m":3,"t":6,"r":0,"b":28510282291,"a":28510282291,"e":28522414000,"n":1,"w":0,"h":12131709,"x":0,"y":12131709},{"k":0,"o":1,"s":1,"l":2189,"m":3,"t":6,"r":0,"b":28508683333,"a":28508683416,"e":28522415291,"n":1,"w":83,"h":13731875,"x":83,"y":13731875},{"k":0,"o":1,"s":1,"l":2590,"m":3,"t":6,"r":0,"b":28533740541,"a":28533740583,"e":28543851375,"n":1,"w":42,"h":10110792,"x":42,"y":10110792},{"k":1,"o":7,"s":1,"l":1997,"m":3,"t":5,"r":0,"b":30471425750,"a":30471425750,"e":30482940666,"n":1,"w":0,"h":11514916,"x":0,"y":11514916},{"k":0,"o":1,"s":1,"l":2189,"m":3,"t":5,"r":0,"b":30469843083,"a":30469843166,"e":30482941958,"n":1,"w":83,"h":13098792,"x":83,"y":13098792},{"k":1,"o":7,"s":1,"l":1997,"m":3,"t":6,"r":0,"b":30515585958,"a":30515585958,"e":30526824208,"n":1,"w":0,"h":11238250,"x":0,"y":11238250},{"k":0,"o":1,"s":1,"l":2189,"m":3,"t":6,"r":0,"b":30514087208,"a":30514087291,"e":30526825291,"n":1,"w":83,"h":12738000,"x":83,"y":12738000},{"k":1,"o":7,"s":1,"l":1997,"m":3,"t":6,"r":0,"b":30538164458,"a":30538164458,"e":30548879666,"n":1,"w":0,"h":10715208,"x":0,"y":10715208},{"k":0,"o":1,"s":1,"l":2590,"m":3,"t":6,"r":0,"b":30537563333,"a":30537563333,"e":30548880291,"n":1,"w":0,"h":11316958,"x":0,"y":11316958},{"k":1,"o":7,"s":1,"l":1997,"m":3,"t":5,"r":0,"b":32468805333,"a":32468805333,"e":32481142000,"n":1,"w":0,"h":12336667,"x":0,"y":12336667},{"k":0,"o":1,"s":1,"l":2189,"m":3,"t":5,"r":0,"b":32467088166,"a":32467088250,"e":32481143750,"n":1,"w":84,"h":14055500,"x":84,"y":14055500},{"k":1,"o":7,"s":1,"l":1997,"m":3,"t":5,"r":0,"b":32493601291,"a":32493601291,"e":32503918833,"n":1,"w":0,"h":10317542,"x":0,"y":10317542},{"k":0,"o":1,"s":1,"l":2590,"m":3,"t":5,"r":0,"b":32493029166,"a":32493029208,"e":32503919916,"n":1,"w":42,"h":10890708,"x":42,"y":10890708},{"k":1,"o":7,"s":1,"l":1997,"m":3,"t":6,"r":0,"b":32517410458,"a":32517410458,"e":32529921833,"n":1,"w":0,"h":12511375,"x":0,"y":12511375},{"k":0,"o":1,"s":1,"l":2189,"m":3,"t":6,"r":0,"b":32515738208,"a":32515738250,"e":32529923375,"n":1,"w":42,"h":14185125,"x":42,"y":14185125},{"k":1,"o":7,"s":1,"l":1997,"m":3,"t":6,"r":0,"b":32542162333,"a":32542162333,"e":32552968125,"n":1,"w":0,"h":10805792,"x":0,"y":10805792},{"k":0,"o":1,"s":1,"l":2590,"m":3,"t":6,"r":0,"b":32541520041,"a":32541520125,"e":32552969041,"n":1,"w":84,"h":11448916,"x":84,"y":11448916},{"k":1,"o":7,"s":1,"l":1997,"m":3,"t":5,"r":0,"b":34469535375,"a":34469535375,"e":34482974375,"n":1,"w":0,"h":13439000,"x":0,"y":13439000},{"k":0,"o":1,"s":1,"l":2189,"m":3,"t":5,"r":0,"b":34467961583,"a":34467961708,"e":34482976250,"n":1,"w":125,"h":15014542,"x":125,"y":15014542},{"k":1,"o":7,"s":1,"l":1997,"m":3,"t":5,"r":0,"b":34498910958,"a":34498910958,"e":34510340250,"n":1,"w":0,"h":11429292,"x":0,"y":11429292},{"k":0,"o":1,"s":1,"l":2590,"m":3,"t":5,"r":0,"b":34498290041,"a":34498290125,"e":34510341166,"n":1,"w":84,"h":12051041,"x":84,"y":12051041},{"k":1,"o":7,"s":1,"l":1997,"m":3,"t":6,"r":0,"b":34524816625,"a":34524816625,"e":34538459958,"n":1,"w":0,"h":13643333,"x":0,"y":13643333},{"k":0,"o":1,"s":1,"l":2189,"m":3,"t":6,"r":0,"b":34522996125,"a":34522996208,"e":34538461083,"n":1,"w":83,"h":15464875,"x":83,"y":15464875},{"k":1,"o":7,"s":1,"l":1997,"m":3,"t":6,"r":0,"b":34551217083,"a":34551217083,"e":34564099583,"n":1,"w":0,"h":12882500,"x":0,"y":12882500},{"k":0,"o":1,"s":1,"l":2590,"m":3,"t":6,"r":0,"b":34550552625,"a":34550552666,"e":34564100750,"n":1,"w":41,"h":13548084,"x":41,"y":13548084}],"completedSpansOnly":true,"rawBodyPublished":false}
[server-diagnostic] {"pid":54182,"bytes":2341,"capturedBytes":2341,"sha256":"701d28c868f764ba232b268f5824a5e92d62791872f79d73ea762fe8859bd70e","overflow":false,"categories":[{"code":"file evidence unavailable","count":0},{"code":"storageBlocked","count":0},{"code":"shutdown","count":0},{"code":"ERROR","count":0},{"code":"WARNING","count":0}],"rawBodyPublished":false,"privateCaptureDisposition":"eligible-for-wrapper-cleanup"}
[server-slow-diagnostic] {"status":"captured","seen":3,"retained":3,"thresholdNs":10000000,"rows":[{"k":0,"o":1,"s":1,"l":583,"m":2,"t":1,"r":0,"b":34125,"a":34167,"e":164330959,"n":1,"w":42,"h":164296792,"x":42,"y":164296792},{"k":1,"o":4,"s":4,"l":131,"m":0,"t":3,"r":0,"b":3645057584,"a":3645057584,"e":3666075584,"n":1,"w":0,"h":21018000,"x":0,"y":21018000},{"k":1,"o":3,"s":4,"l":127,"m":0,"t":3,"r":0,"b":3645056125,"a":3645056125,"e":3666090750,"n":1,"w":0,"h":21034625,"x":0,"y":21034625}],"completedSpansOnly":true,"rawBodyPublished":false}
{"mode":"current-app-observe-short","passed":87,"failed":1,"elapsedMs":43749,"verifiedDurationMs":30141.280540999996,"longrunObservationCompleted":false,"shortPreparationPass":false,"statusCumulativePass":false,"resourceTrendPass":false,"reviewRequired":true,"uiFulltestPass":false,"evidenceLoad":{"cycles":1,"searchSuccess":8,"searchUnavailable":0,"searchSuccessByClient":[2,2,2,2],"createComplete":1,"createPartial":0,"createSuccess":1,"createBusy":1,"retainedChecks":2,"deletedSourceObserved":false,"searchLatencyMs":[82.98658299999988,37.32524999999987,1.9867910000002666,3.4540829999996276,531.8651670000036,527.1914999999972,177.29383299999972,225.95504199999777],"createLatencyMs":[69.66049999999814],"visualResults":40,"visualCreated":1,"visualExpired":0,"visualIndexObservations":[{"cycle":0,"state":"ready","error":"","channels":[{"channelId":"1","indexedFrames":0},{"channelId":"2","indexedFrames":0},{"channelId":"3","indexedFrames":0},{"channelId":"4","indexedFrames":0},{"channelId":"5","indexedFrames":0},{"channelId":"9101","indexedFrames":0},{"channelId":"9201","indexedFrames":0}]},{"cycle":0,"state":"indexing","error":"","channels":[{"channelId":"1","indexedFrames":0},{"channelId":"2","indexedFrames":0},{"channelId":"3","indexedFrames":0},{"channelId":"4","indexedFrames":0},{"channelId":"5","indexedFrames":0},{"channelId":"9101","indexedFrames":14},{"channelId":"9201","indexedFrames":14}]}]},"phase":{"elapsedMs":30141.280540999996,"channels":{"9101":{"finalized":14,"deleted":7,"lastAt":36507.7755,"order":"27","store":"10ac6141c735883fac4ae0d434ac2206385bc93b9b641dc87dc65a0aa5d79548","knownMappings":12,"unknownMappings":540},"9201":{"finalized":14,"deleted":7,"lastAt":36507.7755,"order":"28","store":"10ac6141c735883fac4ae0d434ac2206385bc93b9b641dc87dc65a0aa5d79548","knownMappings":11,"unknownMappings":600}},"records":28,"logicalBytes":16665},"resources":{"status":"observed","resourceTrendPass":false,"reviewRequired":true,"sampleCount":7,"groups":[{"pid":53805,"startIdentity":"macos:1791132245:686861","sampleCount":7,"first":{"phaseAt":6728.997625,"sampledAt":1791132251168,"rssBytes":3159293952,"threadCount":36,"fdCount":29,"mutationCount":2},"last":{"phaseAt":36507.7755,"sampledAt":1791132280947,"rssBytes":1672527872,"threadCount":39,"fdCount":29,"mutationCount":86},"max":{"rssBytes":3190456320,"threadCount":39,"fdCount":33},"delta":{"rssBytes":-1486766080,"threadCount":3,"fdCount":0,"mutationCount":84},"elapsedMs":29778.777875000003,"maxGapMs":5004.257624999998,"warmupMs":300000,"postWarmup":{"status":"insufficient","sampleCount":0,"delta":null,"elapsedMs":null,"rssMiBPerMinute":null}}]},"processCount":2,"processesClosed":true,"udpClosed":true,"tokenStart":null,"tokenEnd":null,"tokenConsumed":null,"tokenSource":"전용 집계 없음"}
[cleanup] {"preserved":true,"reason":"failed-run"}
