[scope] B read-only Journal; blocked Catalog/Append/Replay; no RAM/completion claim
[start] 2026-09-25T04:02:15Z
113622f37e9d597e569d0ced0b257c38462fb52cfe5dbabe693852f6d9a2c6cc  /Users/dhseo/Workspace/mediaServer/src/recording/recording_catalog.cpp
5ddf655217005345b92d3c3d839d1151b6b68575b388de69eb9267ebbfa3c591  /Users/dhseo/Workspace/mediaServer/src/recording/retention_coordinator.cpp
ecef071fb2afcfe69a00654757c639760e2ce75e627ae9c777a564f08161d6a9  /Users/dhseo/Workspace/mediaServer/src/recording/recording_finalize_recovery.cpp
31a4f8d9fcc73657a652cd538262d49043c6e1a73a318fcb3643bb6377601cdb  /Users/dhseo/Workspace/mediaServer/src/recording/recording_file_evidence.cpp
64906ef59b651800c009ab84174ee58d8aabfbb5ac95f0d5f7fb7b858e5dbbcf  /Users/dhseo/Workspace/mediaServer/src/recording/recording_media_inspector.cpp
be1057725d0a0b54d705543ce635da6c832e4c53fbec008e91ad63c9a1d0f58b  /Users/dhseo/Workspace/mediaServer/src/domain/strict_json.cpp
960635a08aa900bebfae961cd9e534ab6b91fbace213e1a7416227e7292ec890  /Users/dhseo/Workspace/mediaServer/src/recording/recording_contracts.cpp
298bbb5a624e5ff56dae39688a48d70cfc17482c00645cf98154ec168847f1a6  /Users/dhseo/Workspace/mediaServer/src/recording/recording_journal.cpp
3de942ff8d2e68681f8b8264f8f0d11508196594a2ce051004eaea601ed3bbe0  /Users/dhseo/Workspace/mediaServer/src/recording/recording_generation_manifest.cpp
89e0ae42589342670efeceb324ab1ec211285db79e9a60a7b660066963dd7f10  /Users/dhseo/Workspace/mediaServer/src/recording/recording_generation_cold_mutation.cpp
185f4a49980557e340358ae6e6149f9554df1506bc99cc594c2d0b82d613e74b  /Users/dhseo/Workspace/mediaServer/src/recording/recording_catalog_snapshot.cpp
7b6dd68db062aa19b1e0af7d053ac8827b86566cbd346ed5a9d800f82adfe386  /Users/dhseo/Workspace/mediaServer/src/recording/recording_order_history_snapshot.cpp
d2d85d3466e83441bd01210c4e5eb8532eb1ed3cf95b0fab36ce8bc0515d6124  /Users/dhseo/Workspace/mediaServer/src/recording/recording_identity_shard.cpp
4ce7b4ea3929becab8358eda22f6f163f4f5c62336c7852e0fb4025e36bb168b  /Users/dhseo/Workspace/mediaServer/src/recording/recording_derived_selection.cpp
9c3b463df64e6e9d75ed614f56dd310a9846aff342853bd03201249f859cafdf  /Users/dhseo/Workspace/mediaServer/src/recording/recording_derived_job.cpp
a004836054fccb266884b00df06b06316050a7ae164d7e79ebdae835738479e9  /Users/dhseo/Workspace/mediaServer/src/recording/recording_derived_job_ready.cpp
242802993b2a54b91f549d40b97c72621eaaa8f05c4099c4cc151f66f61e040d  /Users/dhseo/Workspace/mediaServer/src/recording/recording_catalog_generation_projection.cpp
69d9d86825ab0bd9c7b23863899055bba23e59f111a23f782622f8813c952726  /Users/dhseo/Workspace/mediaServer/src/recording/recording_generation_active.cpp
be89f069e8e675fe0f84dff87893dd5247963d9cc4196dce96b5b1aa4cce5c7d  /Users/dhseo/Workspace/mediaServer/scripts/internal/recording_catalog_generation_scratch_smoke.cpp
556377841b71a210a906b2d4975e1cc9a652164c6f362388cbb71a439124b8c6  /Users/dhseo/Workspace/mediaServer/include/recording/recording_catalog_generation_projection.h
a362fbcd15dfd3d0b8d589e616c8e370827767a44aa576be192f4c9b88eafff8  /Users/dhseo/Workspace/mediaServer/include/recording/recording_journal.h
d78f107ca199ad7c46bde3a5a4af8292666942c58e6271e3f8f044ff43ca15be  /Users/dhseo/Workspace/mediaServer/scripts/internal/verify_recording_catalog_generation_scratch.sh
B02-Y01 PASS snapshot plus active corruption and same-ID retry
B02-Y02 PASS live SQLite and original remain unpublished
B02-Y02 PASS public Open write and replay remain closed
B02-Y02 PASS active second domain failure preserves candidate live bytes SQLite and poisons owner
B02-Y02 PASS identity conflict rejected before restore
B02-Y03 PASS active job source becomes verified thin link
B02-Y03 PASS inactive source archive is not read during scratch
B02-Y03 PASS cold missing archive fails at actual detail use
B02-Y04 PASS pending source hold rederived without SQLite
B02-Y04 FAIL active terminal completion clears snapshot hold

[cleanup] path=/private/var/folders/k0/qhmr6zdx11q0_41wfx4dsd200000gn/T/media-server-catalog-generation-scratch.76jK8R bytes=7324375 removed=true
