[pass] LP26-O05 fixed current executable
[fixture-generation] {"status":0,"signal":null,"errorCode":null,"elapsedMs":1371,"timeoutMs":30000,"stdoutBytes":0,"stderrBytes":0,"outputBytes":62334405,"categories":{"missingElement":false,"negotiation":false,"pluginScanner":false,"permission":false,"resource":false},"rawBodyPublished":false}
[pass] LP26-O05 original bounded retention fixture
[pass] LP26-O05 distinct canonical sources
[request-budget] {"elapsedMs":1}
[http-timing] {"method":"GET","routeClass":"health","status":null,"headerElapsedMs":null,"bodyElapsedMs":null,"totalElapsedMs":3,"bytes":0,"phase":"header","outcome":"error"}
[request-budget] {"elapsedMs":1}
[http-timing] {"method":"GET","routeClass":"health","status":null,"headerElapsedMs":null,"bodyElapsedMs":null,"totalElapsedMs":1,"bytes":0,"phase":"header","outcome":"error"}
[request-budget] {"elapsedMs":1}
[http-timing] {"method":"GET","routeClass":"health","status":null,"headerElapsedMs":null,"bodyElapsedMs":null,"totalElapsedMs":1,"bytes":0,"phase":"header","outcome":"error"}
[request-budget] {"elapsedMs":2}
[http-timing] {"method":"GET","routeClass":"health","status":null,"headerElapsedMs":null,"bodyElapsedMs":null,"totalElapsedMs":1,"bytes":0,"phase":"header","outcome":"error"}
[request-budget] {"elapsedMs":3}
[http-timing] {"method":"GET","routeClass":"health","status":null,"headerElapsedMs":null,"bodyElapsedMs":null,"totalElapsedMs":1,"bytes":0,"phase":"header","outcome":"error"}
[request-budget] {"elapsedMs":1}
[http-timing] {"method":"GET","routeClass":"health","status":null,"headerElapsedMs":null,"bodyElapsedMs":null,"totalElapsedMs":1,"bytes":0,"phase":"header","outcome":"error"}
[request-budget] {"elapsedMs":1}
[http-timing] {"method":"GET","routeClass":"health","status":null,"headerElapsedMs":null,"bodyElapsedMs":null,"totalElapsedMs":1,"bytes":0,"phase":"header","outcome":"error"}
[request-budget] {"elapsedMs":1}
[http-timing] {"method":"GET","routeClass":"health","status":null,"headerElapsedMs":null,"bodyElapsedMs":null,"totalElapsedMs":1,"bytes":0,"phase":"header","outcome":"error"}
[request-budget] {"elapsedMs":1}
[http-timing] {"method":"GET","routeClass":"health","status":null,"headerElapsedMs":null,"bodyElapsedMs":null,"totalElapsedMs":1,"bytes":0,"phase":"header","outcome":"error"}
[request-budget] {"elapsedMs":1}
[http-timing] {"method":"GET","routeClass":"health","status":null,"headerElapsedMs":null,"bodyElapsedMs":null,"totalElapsedMs":1,"bytes":0,"phase":"header","outcome":"error"}
[request-budget] {"elapsedMs":1}
[http-timing] {"method":"GET","routeClass":"health","status":null,"headerElapsedMs":null,"bodyElapsedMs":null,"totalElapsedMs":1,"bytes":0,"phase":"header","outcome":"error"}
[request-budget] {"elapsedMs":1}
[http-timing] {"method":"GET","routeClass":"health","status":null,"headerElapsedMs":null,"bodyElapsedMs":null,"totalElapsedMs":0,"bytes":0,"phase":"header","outcome":"error"}
[request-budget] {"elapsedMs":1}
[http-timing] {"method":"GET","routeClass":"health","status":null,"headerElapsedMs":null,"bodyElapsedMs":null,"totalElapsedMs":1,"bytes":0,"phase":"header","outcome":"error"}
[request-budget] {"elapsedMs":1}
[http-timing] {"method":"GET","routeClass":"health","status":null,"headerElapsedMs":null,"bodyElapsedMs":null,"totalElapsedMs":0,"bytes":0,"phase":"header","outcome":"error"}
[request-budget] {"elapsedMs":1}
[http-timing] {"method":"GET","routeClass":"health","status":null,"headerElapsedMs":null,"bodyElapsedMs":null,"totalElapsedMs":1,"bytes":0,"phase":"header","outcome":"error"}
[request-budget] {"elapsedMs":1}
[http-timing] {"method":"GET","routeClass":"health","status":null,"headerElapsedMs":null,"bodyElapsedMs":null,"totalElapsedMs":0,"bytes":0,"phase":"header","outcome":"error"}
[request-budget] {"elapsedMs":1}
[http-timing] {"method":"GET","routeClass":"health","status":null,"headerElapsedMs":null,"bodyElapsedMs":null,"totalElapsedMs":1,"bytes":0,"phase":"header","outcome":"error"}
[request-budget] {"elapsedMs":1}
[http-timing] {"method":"GET","routeClass":"health","status":200,"headerElapsedMs":4,"bodyElapsedMs":1,"totalElapsedMs":6,"bytes":15,"phase":"complete","outcome":"ok"}
[request-budget] {"elapsedMs":1}
[http-timing] {"method":"GET","routeClass":"ice","status":200,"headerElapsedMs":1,"bodyElapsedMs":0,"totalElapsedMs":1,"bytes":222,"phase":"complete","outcome":"ok"}
[pass] LP26-O05 isolated server healthy
[request-budget] {"elapsedMs":1}
[http-timing] {"method":"GET","routeClass":"recording-status","status":200,"headerElapsedMs":1,"bodyElapsedMs":0,"totalElapsedMs":1,"bytes":1198,"phase":"complete","outcome":"ok"}
[pass] LP26-O05 independent initial channels
[request-budget] {"elapsedMs":1}
[http-timing] {"method":"POST","routeClass":"source","status":201,"headerElapsedMs":93,"bodyElapsedMs":0,"totalElapsedMs":93,"bytes":437,"phase":"complete","outcome":"ok"}
[request-budget] {"elapsedMs":1}
[http-timing] {"method":"POST","routeClass":"source","status":201,"headerElapsedMs":11,"bodyElapsedMs":0,"totalElapsedMs":11,"bytes":437,"phase":"complete","outcome":"ok"}
[root-storage] {"reason":"sample","final":false,"elapsedMs":3942,"journalMutationTypes":{"segment_finalized":0,"event_link_created":0,"observation_put":0,"observation_v2_put":0,"deletion_requested":0,"deletion_completed":0,"corruption_detected":0,"recording_order_reserved":2,"segment_v2_finalized":0,"segment_v2_bound_finalized":0,"consumer_reference_put":0,"derived_reference_accepted":0,"referenced_observation_put":0,"derived_job_intent":0,"derived_job_files":0,"derived_job_ready":0,"derived_job_committed":0,"derived_job_complete":0,"derived_job_failed":0,"segment_v2_state":0,"segment_v2_deleted":0},"journalMutationTypesCoverage":"drained-prefix-only; unread-or-partial-tail-excluded","totalBytes":151825282,"capBytes":469762048,"capExceeded":false,"entries":314,"categories":{"input":{"bytes":124668810,"files":2},"media":{"bytes":0,"files":0},"mediaPartial":{"bytes":17659322,"files":2},"journal":{"bytes":922,"files":1},"checkpoint":{"bytes":0,"files":0},"sqlite":{"bytes":4096,"files":1},"wal":{"bytes":350232,"files":1},"sqliteAux":{"bytes":32768,"files":1},"tmp":{"bytes":0,"files":0},"log":{"bytes":1049,"files":1},"state":{"bytes":4655,"files":2},"events":{"bytes":0,"files":0},"cache":{"bytes":3146149,"files":280},"tools":{"bytes":5956888,"files":2},"recordingsOther":{"bytes":391,"files":4},"other":{"bytes":0,"files":0}},"ownership":{"productRecording":{"bytes":18047731,"files":10},"fixtureInput":{"bytes":124668810,"files":2},"observerTools":{"bytes":5956888,"files":2},"cache":{"bytes":3146149,"files":280},"temporary":{"bytes":0,"files":0},"runtimeSupport":{"bytes":5704,"files":3},"other":{"bytes":0,"files":0}},"sqlitePages":{"status":"observed","mainBytes":4096,"walBytes":350232,"pageSize":4096,"pageCount":38,"freePageCount":0,"livePageCount":38,"liveBytes":155648,"freeBytes":0},"measurement":"logical-file-bytes-nonatomic","rawPathsPublished":false}
[current-observation] {"pid":60376,"startIdentity":"macos:1790156855:426176","sampledAt":1790156857559,"phaseAt":3593.241708,"rssBytes":92274688,"threadCount":29,"fdCount":31,"mutationCount":2,"typeCounts":{"segment_finalized":0,"event_link_created":0,"observation_put":0,"observation_v2_put":0,"deletion_requested":0,"deletion_completed":0,"corruption_detected":0,"recording_order_reserved":2,"segment_v2_finalized":0,"segment_v2_bound_finalized":0,"consumer_reference_put":0,"derived_reference_accepted":0,"referenced_observation_put":0,"derived_job_intent":0,"derived_job_files":0,"derived_job_ready":0,"derived_job_committed":0,"derived_job_complete":0,"derived_job_failed":0,"segment_v2_state":0,"segment_v2_deleted":0},"identityBytes":346,"combinedLogicalIds":4,"combinedLogicalBytes":346,"rotations":0,"partialBytes":0,"progress":{"elapsedMs":223.65270800000008,"channels":{"9101":{"finalized":0,"deleted":0,"lastAt":3369.589,"order":"0","store":null,"knownMappings":0,"unknownMappings":0},"9201":{"finalized":0,"deleted":0,"lastAt":3369.589,"order":"0","store":null,"knownMappings":0,"unknownMappings":0}},"records":0,"logicalBytes":0},"resourceTrendPass":false}
[sample-timing] {"sampleIndex":1,"metricsMs":223.4699999999998,"drainMs":364.7603330000002,"storageMs":5.083250000000135,"totalMs":593.392292}
[request-budget] {"elapsedMs":1}
[http-timing] {"method":"GET","routeClass":"recording-status","status":200,"headerElapsedMs":1,"bodyElapsedMs":0,"totalElapsedMs":1,"bytes":1598,"phase":"complete","outcome":"ok"}
[pass] LP26-O05 active 9101
[pass] LP26-O05 active 9201
[root-storage] {"reason":"sample","final":false,"elapsedMs":8682,"journalMutationTypes":{"segment_finalized":0,"event_link_created":0,"observation_put":0,"observation_v2_put":0,"deletion_requested":0,"deletion_completed":0,"corruption_detected":0,"recording_order_reserved":4,"segment_v2_finalized":0,"segment_v2_bound_finalized":2,"consumer_reference_put":0,"derived_reference_accepted":0,"referenced_observation_put":0,"derived_job_intent":0,"derived_job_files":0,"derived_job_ready":0,"derived_job_committed":0,"derived_job_complete":0,"derived_job_failed":0,"segment_v2_state":0,"segment_v2_deleted":0},"journalMutationTypesCoverage":"drained-prefix-only; unread-or-partial-tail-excluded","totalBytes":259078257,"capBytes":469762048,"capExceeded":false,"entries":318,"categories":{"input":{"bytes":124668810,"files":2},"media":{"bytes":93502469,"files":3},"mediaPartial":{"bytes":31168087,"files":1},"journal":{"bytes":54140,"files":1},"checkpoint":{"bytes":0,"files":0},"sqlite":{"bytes":4096,"files":1},"wal":{"bytes":482072,"files":1},"sqliteAux":{"bytes":32768,"files":1},"tmp":{"bytes":0,"files":0},"log":{"bytes":1049,"files":1},"state":{"bytes":4655,"files":2},"events":{"bytes":0,"files":0},"cache":{"bytes":3146149,"files":280},"tools":{"bytes":5956888,"files":2},"recordingsOther":{"bytes":57074,"files":6},"other":{"bytes":0,"files":0}},"ownership":{"productRecording":{"bytes":125300706,"files":14},"fixtureInput":{"bytes":124668810,"files":2},"observerTools":{"bytes":5956888,"files":2},"cache":{"bytes":3146149,"files":280},"temporary":{"bytes":0,"files":0},"runtimeSupport":{"bytes":5704,"files":3},"other":{"bytes":0,"files":0}},"sqlitePages":{"status":"observed","mainBytes":4096,"walBytes":482072,"pageSize":4096,"pageCount":52,"freePageCount":0,"livePageCount":52,"liveBytes":212992,"freeBytes":0},"measurement":"logical-file-bytes-nonatomic","rawPathsPublished":false}
[current-observation] {"pid":60376,"startIdentity":"macos:1790156855:426176","sampledAt":1790156862563,"phaseAt":8596.959083,"rssBytes":214614016,"threadCount":25,"fdCount":25,"mutationCount":6,"typeCounts":{"segment_finalized":0,"event_link_created":0,"observation_put":0,"observation_v2_put":0,"deletion_requested":0,"deletion_completed":0,"corruption_detected":0,"recording_order_reserved":4,"segment_v2_finalized":0,"segment_v2_bound_finalized":2,"consumer_reference_put":0,"derived_reference_accepted":0,"referenced_observation_put":0,"derived_job_intent":0,"derived_job_files":0,"derived_job_ready":0,"derived_job_committed":0,"derived_job_complete":0,"derived_job_failed":0,"segment_v2_state":0,"segment_v2_deleted":0},"identityBytes":1008,"combinedLogicalIds":14,"combinedLogicalBytes":2194,"rotations":0,"partialBytes":0,"progress":{"elapsedMs":5227.370083,"channels":{"9101":{"finalized":1,"deleted":0,"lastAt":8596.959083,"order":"1","store":"f17a39e74ac689aff8d775c7bb0c70714fb9b0ef270fb3749c8f0ef80638254c","knownMappings":1,"unknownMappings":32},"9201":{"finalized":1,"deleted":0,"lastAt":8596.959083,"order":"2","store":"f17a39e74ac689aff8d775c7bb0c70714fb9b0ef270fb3749c8f0ef80638254c","knownMappings":1,"unknownMappings":36}},"records":2,"logicalBytes":1186},"resourceTrendPass":false}
[sample-timing] {"sampleIndex":2,"metricsMs":1.8872909999990952,"drainMs":100.09337500000038,"storageMs":5.8914999999997235,"totalMs":107.92162500000086}
[request-budget] {"elapsedMs":1}
[http-timing] {"method":"GET","routeClass":"recording-status","status":200,"headerElapsedMs":3,"bodyElapsedMs":0,"totalElapsedMs":3,"bytes":1598,"phase":"complete","outcome":"ok"}
[pass] LP26-O05 active 9101
[pass] LP26-O05 active 9201
[pass] LP26-O03 deleted media absent
[pass] LP26-O03 deleted media absent
[pass] LP26-O03 deleted media absent
[pass] LP26-O03 deleted media absent
[root-storage] {"reason":"sample","final":false,"elapsedMs":13713,"journalMutationTypes":{"segment_finalized":0,"event_link_created":0,"observation_put":0,"observation_v2_put":0,"deletion_requested":0,"deletion_completed":0,"corruption_detected":0,"recording_order_reserved":10,"segment_v2_finalized":0,"segment_v2_bound_finalized":8,"consumer_reference_put":0,"derived_reference_accepted":0,"referenced_observation_put":0,"derived_job_intent":0,"derived_job_files":0,"derived_job_ready":0,"derived_job_committed":0,"derived_job_complete":0,"derived_job_failed":0,"segment_v2_state":4,"segment_v2_deleted":4},"journalMutationTypesCoverage":"drained-prefix-only; unread-or-partial-tail-excluded","totalBytes":322182043,"capBytes":469762048,"capExceeded":false,"entries":318,"categories":{"input":{"bytes":124668810,"files":2},"media":{"bytes":124670556,"files":4},"mediaPartial":{"bytes":62334382,"files":2},"journal":{"bytes":245747,"files":1},"checkpoint":{"bytes":0,"files":0},"sqlite":{"bytes":4096,"files":1},"wal":{"bytes":1116552,"files":1},"sqliteAux":{"bytes":32768,"files":1},"tmp":{"bytes":0,"files":0},"log":{"bytes":1049,"files":1},"state":{"bytes":4655,"files":2},"events":{"bytes":0,"files":0},"cache":{"bytes":3146149,"files":280},"tools":{"bytes":5956888,"files":2},"recordingsOther":{"bytes":391,"files":4},"other":{"bytes":0,"files":0}},"ownership":{"productRecording":{"bytes":188404492,"files":14},"fixtureInput":{"bytes":124668810,"files":2},"observerTools":{"bytes":5956888,"files":2},"cache":{"bytes":3146149,"files":280},"temporary":{"bytes":0,"files":0},"runtimeSupport":{"bytes":5704,"files":3},"other":{"bytes":0,"files":0}},"sqlitePages":{"status":"observed","mainBytes":4096,"walBytes":1116552,"pageSize":4096,"pageCount":77,"freePageCount":17,"livePageCount":60,"liveBytes":245760,"freeBytes":69632},"measurement":"logical-file-bytes-nonatomic","rawPathsPublished":false}
[current-observation] {"pid":60376,"startIdentity":"macos:1790156855:426176","sampledAt":1790156867566,"phaseAt":13600.026333,"rssBytes":217169920,"threadCount":26,"fdCount":21,"mutationCount":26,"typeCounts":{"segment_finalized":0,"event_link_created":0,"observation_put":0,"observation_v2_put":0,"deletion_requested":0,"deletion_completed":0,"corruption_detected":0,"recording_order_reserved":10,"segment_v2_finalized":0,"segment_v2_bound_finalized":8,"consumer_reference_put":0,"derived_reference_accepted":0,"referenced_observation_put":0,"derived_job_intent":0,"derived_job_files":0,"derived_job_ready":0,"derived_job_committed":0,"derived_job_complete":0,"derived_job_failed":0,"segment_v2_state":4,"segment_v2_deleted":4},"identityBytes":4193,"combinedLogicalIds":60,"combinedLogicalBytes":8973,"rotations":0,"partialBytes":0,"progress":{"elapsedMs":10230.437333,"channels":{"9101":{"finalized":4,"deleted":2,"lastAt":13600.026333,"order":"7","store":"f17a39e74ac689aff8d775c7bb0c70714fb9b0ef270fb3749c8f0ef80638254c","knownMappings":2,"unknownMappings":108},"9201":{"finalized":4,"deleted":2,"lastAt":13600.026333,"order":"8","store":"f17a39e74ac689aff8d775c7bb0c70714fb9b0ef270fb3749c8f0ef80638254c","knownMappings":4,"unknownMappings":102}},"records":8,"logicalBytes":4780},"resourceTrendPass":false}
[sample-timing] {"sampleIndex":3,"metricsMs":2.039415999999619,"drainMs":127.83170900000005,"storageMs":6.068875000000844,"totalMs":136.0097079999996}
[request-budget] {"elapsedMs":1}
[http-timing] {"method":"GET","routeClass":"recording-status","status":200,"headerElapsedMs":2,"bodyElapsedMs":0,"totalElapsedMs":2,"bytes":1598,"phase":"complete","outcome":"ok"}
[pass] LP26-O05 active 9101
[pass] LP26-O05 active 9201
[pass] LP26-O03 deleted media absent
[pass] LP26-O03 deleted media absent
[pass] LP26-O03 deleted media absent
[pass] LP26-O03 deleted media absent
[root-storage] {"reason":"sample","final":false,"elapsedMs":18703,"journalMutationTypes":{"segment_finalized":0,"event_link_created":0,"observation_put":0,"observation_v2_put":0,"deletion_requested":0,"deletion_completed":0,"corruption_detected":0,"recording_order_reserved":14,"segment_v2_finalized":0,"segment_v2_bound_finalized":12,"consumer_reference_put":0,"derived_reference_accepted":0,"referenced_observation_put":0,"derived_job_intent":0,"derived_job_files":0,"derived_job_ready":0,"derived_job_committed":0,"derived_job_complete":0,"derived_job_failed":0,"segment_v2_state":8,"segment_v2_deleted":8},"journalMutationTypesCoverage":"drained-prefix-only; unread-or-partial-tail-excluded","totalBytes":322902238,"capBytes":469762048,"capExceeded":false,"entries":320,"categories":{"input":{"bytes":124668810,"files":2},"media":{"bytes":124670556,"files":4},"mediaPartial":{"bytes":62334382,"files":2},"journal":{"bytes":371689,"files":1},"checkpoint":{"bytes":0,"files":0},"sqlite":{"bytes":4096,"files":1},"wal":{"bytes":1656272,"files":1},"sqliteAux":{"bytes":32768,"files":1},"tmp":{"bytes":0,"files":0},"log":{"bytes":1049,"files":1},"state":{"bytes":4655,"files":2},"events":{"bytes":0,"files":0},"cache":{"bytes":3146149,"files":280},"tools":{"bytes":5956888,"files":2},"recordingsOther":{"bytes":54924,"files":6},"other":{"bytes":0,"files":0}},"ownership":{"productRecording":{"bytes":189124687,"files":16},"fixtureInput":{"bytes":124668810,"files":2},"observerTools":{"bytes":5956888,"files":2},"cache":{"bytes":3146149,"files":280},"temporary":{"bytes":0,"files":0},"runtimeSupport":{"bytes":5704,"files":3},"other":{"bytes":0,"files":0}},"sqlitePages":{"status":"observed","mainBytes":4096,"walBytes":1656272,"pageSize":4096,"pageCount":77,"freePageCount":13,"livePageCount":64,"liveBytes":262144,"freeBytes":53248},"measurement":"logical-file-bytes-nonatomic","rawPathsPublished":false}
[current-observation] {"pid":60376,"startIdentity":"macos:1790156855:426176","sampledAt":1790156872570,"phaseAt":18603.780583,"rssBytes":218529792,"threadCount":25,"fdCount":25,"mutationCount":42,"typeCounts":{"segment_finalized":0,"event_link_created":0,"observation_put":0,"observation_v2_put":0,"deletion_requested":0,"deletion_completed":0,"corruption_detected":0,"recording_order_reserved":14,"segment_v2_finalized":0,"segment_v2_bound_finalized":12,"consumer_reference_put":0,"derived_reference_accepted":0,"referenced_observation_put":0,"derived_job_intent":0,"derived_job_files":0,"derived_job_ready":0,"derived_job_committed":0,"derived_job_complete":0,"derived_job_failed":0,"segment_v2_state":8,"segment_v2_deleted":8},"identityBytes":6721,"combinedLogicalIds":96,"combinedLogicalBytes":13894,"rotations":0,"partialBytes":0,"progress":{"elapsedMs":15234.191583,"channels":{"9101":{"finalized":6,"deleted":4,"lastAt":18603.780583,"order":"11","store":"f17a39e74ac689aff8d775c7bb0c70714fb9b0ef270fb3749c8f0ef80638254c","knownMappings":4,"unknownMappings":136},"9201":{"finalized":6,"deleted":4,"lastAt":18603.780583,"order":"12","store":"f17a39e74ac689aff8d775c7bb0c70714fb9b0ef270fb3749c8f0ef80638254c","knownMappings":6,"unknownMappings":196}},"records":12,"logicalBytes":7173},"resourceTrendPass":false}
[sample-timing] {"sampleIndex":4,"metricsMs":1.8071659999986878,"drainMs":114.54612500000076,"storageMs":5.3912080000009155,"totalMs":121.79612500000076}
[request-budget] {"elapsedMs":2}
[http-timing] {"method":"GET","routeClass":"recording-status","status":200,"headerElapsedMs":16,"bodyElapsedMs":0,"totalElapsedMs":16,"bytes":1598,"phase":"complete","outcome":"ok"}
[pass] LP26-O05 active 9101
[pass] LP26-O05 active 9201
[pass] LP26-O03 deleted media absent
[pass] LP26-O03 deleted media absent
[pass] LP26-O03 deleted media absent
[pass] LP26-O03 deleted media absent
[pass] LP26-O03 deleted media absent
[pass] LP26-O03 deleted media absent
[root-storage] {"reason":"sample","final":false,"elapsedMs":23728,"journalMutationTypes":{"segment_finalized":0,"event_link_created":0,"observation_put":0,"observation_v2_put":0,"deletion_requested":0,"deletion_completed":0,"corruption_detected":0,"recording_order_reserved":20,"segment_v2_finalized":0,"segment_v2_bound_finalized":18,"consumer_reference_put":0,"derived_reference_accepted":0,"referenced_observation_put":0,"derived_job_intent":0,"derived_job_files":0,"derived_job_ready":0,"derived_job_committed":0,"derived_job_complete":0,"derived_job_failed":0,"segment_v2_state":14,"segment_v2_deleted":14},"journalMutationTypesCoverage":"drained-prefix-only; unread-or-partial-tail-excluded","totalBytes":323895279,"capBytes":469762048,"capExceeded":false,"entries":318,"categories":{"input":{"bytes":124668810,"files":2},"media":{"bytes":124670556,"files":4},"mediaPartial":{"bytes":62336174,"files":2},"journal":{"bytes":597591,"files":1},"checkpoint":{"bytes":0,"files":0},"sqlite":{"bytes":4096,"files":1},"wal":{"bytes":2476152,"files":1},"sqliteAux":{"bytes":32768,"files":1},"tmp":{"bytes":0,"files":0},"log":{"bytes":1049,"files":1},"state":{"bytes":4655,"files":2},"events":{"bytes":0,"files":0},"cache":{"bytes":3146149,"files":280},"tools":{"bytes":5956888,"files":2},"recordingsOther":{"bytes":391,"files":4},"other":{"bytes":0,"files":0}},"ownership":{"productRecording":{"bytes":190117728,"files":14},"fixtureInput":{"bytes":124668810,"files":2},"observerTools":{"bytes":5956888,"files":2},"cache":{"bytes":3146149,"files":280},"temporary":{"bytes":0,"files":0},"runtimeSupport":{"bytes":5704,"files":3},"other":{"bytes":0,"files":0}},"sqlitePages":{"status":"observed","mainBytes":4096,"walBytes":2476152,"pageSize":4096,"pageCount":80,"freePageCount":11,"livePageCount":69,"liveBytes":282624,"freeBytes":45056},"measurement":"logical-file-bytes-nonatomic","rawPathsPublished":false}
[current-observation] {"pid":60376,"startIdentity":"macos:1790156855:426176","sampledAt":1790156877572,"phaseAt":23606.470333,"rssBytes":219529216,"threadCount":25,"fdCount":22,"mutationCount":66,"typeCounts":{"segment_finalized":0,"event_link_created":0,"observation_put":0,"observation_v2_put":0,"deletion_requested":0,"deletion_completed":0,"corruption_detected":0,"recording_order_reserved":20,"segment_v2_finalized":0,"segment_v2_bound_finalized":18,"consumer_reference_put":0,"derived_reference_accepted":0,"referenced_observation_put":0,"derived_job_intent":0,"derived_job_files":0,"derived_job_ready":0,"derived_job_committed":0,"derived_job_complete":0,"derived_job_failed":0,"segment_v2_state":14,"segment_v2_deleted":14},"identityBytes":10513,"combinedLogicalIds":150,"combinedLogicalBytes":21268,"rotations":0,"partialBytes":0,"progress":{"elapsedMs":20236.881333,"channels":{"9101":{"finalized":9,"deleted":7,"lastAt":23606.470333,"order":"17","store":"f17a39e74ac689aff8d775c7bb0c70714fb9b0ef270fb3749c8f0ef80638254c","knownMappings":7,"unknownMappings":228},"9201":{"finalized":9,"deleted":7,"lastAt":23606.470333,"order":"18","store":"f17a39e74ac689aff8d775c7bb0c70714fb9b0ef270fb3749c8f0ef80638254c","knownMappings":7,"unknownMappings":312}},"records":18,"logicalBytes":10755},"resourceTrendPass":false}
[sample-timing] {"sampleIndex":5,"metricsMs":1.847541999999521,"drainMs":137.34295799999745,"storageMs":5.301916000000347,"totalMs":144.62208399999872}
[request-budget] {"elapsedMs":3}
[http-timing] {"method":"GET","routeClass":"recording-status","status":200,"headerElapsedMs":1,"bodyElapsedMs":0,"totalElapsedMs":1,"bytes":1598,"phase":"complete","outcome":"ok"}
[pass] LP26-O05 active 9101
[pass] LP26-O05 active 9201
[pass] LP26-O03 deleted media absent
[pass] LP26-O03 deleted media absent
[pass] LP26-O03 deleted media absent
[pass] LP26-O03 deleted media absent
[root-storage] {"reason":"sample","final":false,"elapsedMs":28717,"journalMutationTypes":{"segment_finalized":0,"event_link_created":0,"observation_put":0,"observation_v2_put":0,"deletion_requested":0,"deletion_completed":0,"corruption_detected":0,"recording_order_reserved":24,"segment_v2_finalized":0,"segment_v2_bound_finalized":22,"consumer_reference_put":0,"derived_reference_accepted":0,"referenced_observation_put":0,"derived_job_intent":0,"derived_job_files":0,"derived_job_ready":0,"derived_job_committed":0,"derived_job_complete":0,"derived_job_failed":0,"segment_v2_state":18,"segment_v2_deleted":18},"journalMutationTypesCoverage":"drained-prefix-only; unread-or-partial-tail-excluded","totalBytes":324620029,"capBytes":469762048,"capExceeded":false,"entries":320,"categories":{"input":{"bytes":124668810,"files":2},"media":{"bytes":124670556,"files":4},"mediaPartial":{"bytes":62336174,"files":2},"journal":{"bytes":743255,"files":1},"checkpoint":{"bytes":0,"files":0},"sqlite":{"bytes":4096,"files":1},"wal":{"bytes":3007632,"files":1},"sqliteAux":{"bytes":32768,"files":1},"tmp":{"bytes":0,"files":0},"log":{"bytes":1049,"files":1},"state":{"bytes":4655,"files":2},"events":{"bytes":0,"files":0},"cache":{"bytes":3146149,"files":280},"tools":{"bytes":5956888,"files":2},"recordingsOther":{"bytes":47997,"files":6},"other":{"bytes":0,"files":0}},"ownership":{"productRecording":{"bytes":190842478,"files":16},"fixtureInput":{"bytes":124668810,"files":2},"observerTools":{"bytes":5956888,"files":2},"cache":{"bytes":3146149,"files":280},"temporary":{"bytes":0,"files":0},"runtimeSupport":{"bytes":5704,"files":3},"other":{"bytes":0,"files":0}},"sqlitePages":{"status":"observed","mainBytes":4096,"walBytes":3007632,"pageSize":4096,"pageCount":81,"freePageCount":13,"livePageCount":68,"liveBytes":278528,"freeBytes":53248},"measurement":"logical-file-bytes-nonatomic","rawPathsPublished":false}
[current-observation] {"pid":60376,"startIdentity":"macos:1790156855:426176","sampledAt":1790156882575,"phaseAt":28609.655,"rssBytes":219660288,"threadCount":25,"fdCount":25,"mutationCount":82,"typeCounts":{"segment_finalized":0,"event_link_created":0,"observation_put":0,"observation_v2_put":0,"deletion_requested":0,"deletion_completed":0,"corruption_detected":0,"recording_order_reserved":24,"segment_v2_finalized":0,"segment_v2_bound_finalized":22,"consumer_reference_put":0,"derived_reference_accepted":0,"referenced_observation_put":0,"derived_job_intent":0,"derived_job_files":0,"derived_job_ready":0,"derived_job_committed":0,"derived_job_complete":0,"derived_job_failed":0,"segment_v2_state":18,"segment_v2_deleted":18},"identityBytes":13041,"combinedLogicalIds":186,"combinedLogicalBytes":26190,"rotations":0,"partialBytes":0,"progress":{"elapsedMs":25240.066,"channels":{"9101":{"finalized":11,"deleted":9,"lastAt":28609.655,"order":"21","store":"f17a39e74ac689aff8d775c7bb0c70714fb9b0ef270fb3749c8f0ef80638254c","knownMappings":9,"unknownMappings":262},"9201":{"finalized":11,"deleted":9,"lastAt":28609.655,"order":"22","store":"f17a39e74ac689aff8d775c7bb0c70714fb9b0ef270fb3749c8f0ef80638254c","knownMappings":9,"unknownMappings":400}},"records":22,"logicalBytes":13149},"resourceTrendPass":false}
[sample-timing] {"sampleIndex":6,"metricsMs":1.8653749999975844,"drainMs":122.95916700000089,"storageMs":5.002416999999696,"totalMs":129.87312499999825}
[request-budget] {"elapsedMs":1}
[http-timing] {"method":"GET","routeClass":"recording-status","status":200,"headerElapsedMs":1,"bodyElapsedMs":0,"totalElapsedMs":1,"bytes":1598,"phase":"complete","outcome":"ok"}
[pass] LP26-O05 active 9101
[pass] LP26-O05 active 9201
[pass] LP26-O03 deleted media absent
[pass] LP26-O03 deleted media absent
[pass] LP26-O03 deleted media absent
[pass] LP26-O03 deleted media absent
[pass] LP26-O03 deleted media absent
[pass] LP26-O03 deleted media absent
[root-storage] {"reason":"sample","final":false,"elapsedMs":33489,"journalMutationTypes":{"segment_finalized":0,"event_link_created":0,"observation_put":0,"observation_v2_put":0,"deletion_requested":0,"deletion_completed":0,"corruption_detected":0,"recording_order_reserved":30,"segment_v2_finalized":0,"segment_v2_bound_finalized":28,"consumer_reference_put":0,"derived_reference_accepted":0,"referenced_observation_put":0,"derived_job_intent":0,"derived_job_files":0,"derived_job_ready":0,"derived_job_committed":0,"derived_job_complete":0,"derived_job_failed":0,"segment_v2_state":24,"segment_v2_deleted":24},"journalMutationTypesCoverage":"drained-prefix-only; unread-or-partial-tail-excluded","totalBytes":325542935,"capBytes":469762048,"capExceeded":false,"entries":318,"categories":{"input":{"bytes":124668810,"files":2},"media":{"bytes":124670556,"files":4},"mediaPartial":{"bytes":62334382,"files":2},"journal":{"bytes":940999,"files":1},"checkpoint":{"bytes":0,"files":0},"sqlite":{"bytes":4096,"files":1},"wal":{"bytes":3782192,"files":1},"sqliteAux":{"bytes":32768,"files":1},"tmp":{"bytes":0,"files":0},"log":{"bytes":1049,"files":1},"state":{"bytes":4655,"files":2},"events":{"bytes":0,"files":0},"cache":{"bytes":3146149,"files":280},"tools":{"bytes":5956888,"files":2},"recordingsOther":{"bytes":391,"files":4},"other":{"bytes":0,"files":0}},"ownership":{"productRecording":{"bytes":191765384,"files":14},"fixtureInput":{"bytes":124668810,"files":2},"observerTools":{"bytes":5956888,"files":2},"cache":{"bytes":3146149,"files":280},"temporary":{"bytes":0,"files":0},"runtimeSupport":{"bytes":5704,"files":3},"other":{"bytes":0,"files":0}},"sqlitePages":{"status":"observed","mainBytes":4096,"walBytes":3782192,"pageSize":4096,"pageCount":81,"freePageCount":16,"livePageCount":65,"liveBytes":266240,"freeBytes":65536},"measurement":"logical-file-bytes-nonatomic","rawPathsPublished":false}
[current-observation] {"pid":60376,"startIdentity":"macos:1790156855:426176","sampledAt":1790156887338,"phaseAt":33372.496666,"rssBytes":219807744,"threadCount":25,"fdCount":31,"mutationCount":106,"typeCounts":{"segment_finalized":0,"event_link_created":0,"observation_put":0,"observation_v2_put":0,"deletion_requested":0,"deletion_completed":0,"corruption_detected":0,"recording_order_reserved":30,"segment_v2_finalized":0,"segment_v2_bound_finalized":28,"consumer_reference_put":0,"derived_reference_accepted":0,"referenced_observation_put":0,"derived_job_intent":0,"derived_job_files":0,"derived_job_ready":0,"derived_job_committed":0,"derived_job_complete":0,"derived_job_failed":0,"segment_v2_state":24,"segment_v2_deleted":24},"identityBytes":16833,"combinedLogicalIds":240,"combinedLogicalBytes":33582,"rotations":0,"partialBytes":0,"progress":{"elapsedMs":30002.907666,"channels":{"9101":{"finalized":14,"deleted":12,"lastAt":33372.496666,"order":"27","store":"f17a39e74ac689aff8d775c7bb0c70714fb9b0ef270fb3749c8f0ef80638254c","knownMappings":11,"unknownMappings":304},"9201":{"finalized":14,"deleted":12,"lastAt":33372.496666,"order":"28","store":"f17a39e74ac689aff8d775c7bb0c70714fb9b0ef270fb3749c8f0ef80638254c","knownMappings":11,"unknownMappings":488}},"records":28,"logicalBytes":16749},"resourceTrendPass":false}
[sample-timing] {"sampleIndex":7,"metricsMs":1.790791999999783,"drainMs":131.31941599999845,"storageMs":5.8538750000006985,"totalMs":139.051750000006}
[pass] LP26-O04 sample coverage
[pass] LP26-O05 both channels retained and progressed
[request-budget] {"elapsedMs":1}
[http-timing] {"method":"GET","routeClass":"source","status":200,"headerElapsedMs":1,"bodyElapsedMs":0,"totalElapsedMs":1,"bytes":3375,"phase":"complete","outcome":"ok"}
[request-budget] {"elapsedMs":1}
[http-timing] {"method":"PUT","routeClass":"source-item","status":200,"headerElapsedMs":1342,"bodyElapsedMs":0,"totalElapsedMs":1342,"bytes":438,"phase":"complete","outcome":"ok"}
[pass] LP26-O05 setting 9101 false
[request-budget] {"elapsedMs":1}
[http-timing] {"method":"PUT","routeClass":"source-item","status":200,"headerElapsedMs":226,"bodyElapsedMs":0,"totalElapsedMs":226,"bytes":438,"phase":"complete","outcome":"ok"}
[pass] LP26-O05 setting 9201 false
[process-cleanup] {"schema":"recording-process-cleanup-v1","attemptCount":1,"pid":60376,"exitCode":0,"signalCode":null,"exitedObserved":true,"stopCode":"complete","forcedTermination":"not-used","normalExitPass":true,"normalShutdownPass":true,"archiveSafe":true,"ports":[{"kind":"http","port":62569,"status":"pass","code":"closed","closed":true},{"kind":"rtsp","port":62570,"status":"pass","code":"closed","closed":true}]}
[pass] LP26-O03 deleted media absent
[pass] LP26-O03 deleted media absent
[pass] LP26-O02 closed journal no partial tail
[pass] LP26-O05 stopped copy native catalog recovery
[pass] LP26-O05 native surviving and deleted states
[pass] LP26-O05 original journal bytes unchanged
[copy-cleanup] {"root":"/private/var/folders/k0/qhmr6zdx11q0_41wfx4dsd200000gn/T/media-server-current-observer-copy-HVkfON","bytes":130725691,"copied":true,"absent":true,"reason":null}
[pass] LP26-O05 recovery copy cleanup
[request-budget] {"elapsedMs":1}
[http-timing] {"method":"GET","routeClass":"health","status":null,"headerElapsedMs":null,"bodyElapsedMs":null,"totalElapsedMs":0,"bytes":0,"phase":"header","outcome":"error"}
[request-budget] {"elapsedMs":1}
[http-timing] {"method":"GET","routeClass":"health","status":null,"headerElapsedMs":null,"bodyElapsedMs":null,"totalElapsedMs":0,"bytes":0,"phase":"header","outcome":"error"}
[request-budget] {"elapsedMs":1}
[http-timing] {"method":"GET","routeClass":"health","status":null,"headerElapsedMs":null,"bodyElapsedMs":null,"totalElapsedMs":0,"bytes":0,"phase":"header","outcome":"error"}
[request-budget] {"elapsedMs":1}
[http-timing] {"method":"GET","routeClass":"health","status":null,"headerElapsedMs":null,"bodyElapsedMs":null,"totalElapsedMs":0,"bytes":0,"phase":"header","outcome":"error"}
[request-budget] {"elapsedMs":1}
[http-timing] {"method":"GET","routeClass":"health","status":null,"headerElapsedMs":null,"bodyElapsedMs":null,"totalElapsedMs":0,"bytes":0,"phase":"header","outcome":"error"}
[request-budget] {"elapsedMs":1}
[http-timing] {"method":"GET","routeClass":"health","status":null,"headerElapsedMs":null,"bodyElapsedMs":null,"totalElapsedMs":0,"bytes":0,"phase":"header","outcome":"error"}
[request-budget] {"elapsedMs":1}
[http-timing] {"method":"GET","routeClass":"health","status":null,"headerElapsedMs":null,"bodyElapsedMs":null,"totalElapsedMs":0,"bytes":0,"phase":"header","outcome":"error"}
[request-budget] {"elapsedMs":1}
[http-timing] {"method":"GET","routeClass":"health","status":null,"headerElapsedMs":null,"bodyElapsedMs":null,"totalElapsedMs":0,"bytes":0,"phase":"header","outcome":"error"}
[request-budget] {"elapsedMs":1}
[http-timing] {"method":"GET","routeClass":"health","status":200,"headerElapsedMs":1,"bodyElapsedMs":0,"totalElapsedMs":1,"bytes":15,"phase":"complete","outcome":"ok"}
[request-budget] {"elapsedMs":1}
[http-timing] {"method":"GET","routeClass":"ice","status":200,"headerElapsedMs":1,"bodyElapsedMs":0,"totalElapsedMs":1,"bytes":222,"phase":"complete","outcome":"ok"}
[pass] LP26-O05 isolated server healthy
[request-budget] {"elapsedMs":1}
[http-timing] {"method":"GET","routeClass":"recording-status","status":200,"headerElapsedMs":1,"bodyElapsedMs":0,"totalElapsedMs":1,"bytes":1602,"phase":"complete","outcome":"ok"}
[channel-observation] {"expectedIds":["1","2","3","4","5","9101","9201"],"channels":[{"id":"1","enabled":false,"active":false},{"id":"2","enabled":false,"active":false},{"id":"3","enabled":false,"active":false},{"id":"4","enabled":false,"active":false},{"id":"5","enabled":false,"active":false},{"id":"9101","enabled":false,"active":false},{"id":"9201","enabled":false,"active":false}]}
[pass] LP26-O05 disabled restart
[process-cleanup] {"schema":"recording-process-cleanup-v1","attemptCount":1,"pid":60505,"exitCode":0,"signalCode":null,"exitedObserved":true,"stopCode":"complete","forcedTermination":"not-used","normalExitPass":true,"normalShutdownPass":true,"archiveSafe":true,"ports":[{"kind":"http","port":62605,"status":"pass","code":"closed","closed":true},{"kind":"rtsp","port":62606,"status":"pass","code":"closed","closed":true}]}
[pass] LP26-O05 stopped copy native catalog recovery
[pass] LP26-O05 native surviving and deleted states
[pass] LP26-O05 original journal bytes unchanged
[copy-cleanup] {"root":"/private/var/folders/k0/qhmr6zdx11q0_41wfx4dsd200000gn/T/media-server-current-observer-copy-pjhtY4","bytes":130725691,"copied":true,"absent":true,"reason":null}
[pass] LP26-O05 recovery copy cleanup
[pass] LP26-O05 restart exact catalog media state
[request-budget] {"elapsedMs":1}
[http-timing] {"method":"GET","routeClass":"health","status":null,"headerElapsedMs":null,"bodyElapsedMs":null,"totalElapsedMs":0,"bytes":0,"phase":"header","outcome":"error"}
[request-budget] {"elapsedMs":1}
[http-timing] {"method":"GET","routeClass":"health","status":null,"headerElapsedMs":null,"bodyElapsedMs":null,"totalElapsedMs":0,"bytes":0,"phase":"header","outcome":"error"}
[request-budget] {"elapsedMs":1}
[http-timing] {"method":"GET","routeClass":"health","status":null,"headerElapsedMs":null,"bodyElapsedMs":null,"totalElapsedMs":0,"bytes":0,"phase":"header","outcome":"error"}
[request-budget] {"elapsedMs":1}
[http-timing] {"method":"GET","routeClass":"health","status":null,"headerElapsedMs":null,"bodyElapsedMs":null,"totalElapsedMs":0,"bytes":0,"phase":"header","outcome":"error"}
[request-budget] {"elapsedMs":1}
[http-timing] {"method":"GET","routeClass":"health","status":null,"headerElapsedMs":null,"bodyElapsedMs":null,"totalElapsedMs":0,"bytes":0,"phase":"header","outcome":"error"}
[request-budget] {"elapsedMs":1}
[http-timing] {"method":"GET","routeClass":"health","status":null,"headerElapsedMs":null,"bodyElapsedMs":null,"totalElapsedMs":1,"bytes":0,"phase":"header","outcome":"error"}
[request-budget] {"elapsedMs":1}
[http-timing] {"method":"GET","routeClass":"health","status":null,"headerElapsedMs":null,"bodyElapsedMs":null,"totalElapsedMs":1,"bytes":0,"phase":"header","outcome":"error"}
[request-budget] {"elapsedMs":1}
[http-timing] {"method":"GET","routeClass":"health","status":null,"headerElapsedMs":null,"bodyElapsedMs":null,"totalElapsedMs":0,"bytes":0,"phase":"header","outcome":"error"}
[request-budget] {"elapsedMs":1}
[http-timing] {"method":"GET","routeClass":"health","status":200,"headerElapsedMs":1,"bodyElapsedMs":0,"totalElapsedMs":1,"bytes":15,"phase":"complete","outcome":"ok"}
[request-budget] {"elapsedMs":1}
[http-timing] {"method":"GET","routeClass":"ice","status":200,"headerElapsedMs":0,"bodyElapsedMs":0,"totalElapsedMs":1,"bytes":222,"phase":"complete","outcome":"ok"}
[pass] LP26-O05 isolated server healthy
[request-budget] {"elapsedMs":1}
[http-timing] {"method":"GET","routeClass":"source","status":200,"headerElapsedMs":0,"bodyElapsedMs":0,"totalElapsedMs":0,"bytes":3377,"phase":"complete","outcome":"ok"}
[request-budget] {"elapsedMs":1}
[http-timing] {"method":"PUT","routeClass":"source-item","status":200,"headerElapsedMs":79,"bodyElapsedMs":0,"totalElapsedMs":79,"bytes":437,"phase":"complete","outcome":"ok"}
[pass] LP26-O05 setting 9101 true
[request-budget] {"elapsedMs":2}
[http-timing] {"method":"PUT","routeClass":"source-item","status":200,"headerElapsedMs":10,"bodyElapsedMs":0,"totalElapsedMs":10,"bytes":437,"phase":"complete","outcome":"ok"}
[pass] LP26-O05 setting 9201 true
[pass] LP26-O03 deleted media absent
[pass] LP26-O03 deleted media absent
[pass] LP26-O05 reenabled recording after restart
[process-cleanup] {"schema":"recording-process-cleanup-v1","attemptCount":1,"pid":60551,"exitCode":0,"signalCode":null,"exitedObserved":true,"stopCode":"complete","forcedTermination":"not-used","normalExitPass":true,"normalShutdownPass":true,"archiveSafe":true,"ports":[{"kind":"http","port":62620,"status":"pass","code":"closed","closed":true},{"kind":"rtsp","port":62621,"status":"pass","code":"closed","closed":true}]}
[pass] LP26-O03 deleted media absent
[pass] LP26-O02 final restart closed journal no partial tail
[pass] LP26-O05 stopped copy native catalog recovery
[pass] LP26-O05 native surviving and deleted states
[pass] LP26-O05 original journal bytes unchanged
[copy-cleanup] {"root":"/private/var/folders/k0/qhmr6zdx11q0_41wfx4dsd200000gn/T/media-server-current-observer-copy-mU7YdV","bytes":158431775,"copied":true,"absent":true,"reason":null}
[pass] LP26-O05 recovery copy cleanup
[root-storage] {"reason":"final","final":true,"elapsedMs":46876,"journalMutationTypes":{"segment_finalized":0,"event_link_created":0,"observation_put":0,"observation_v2_put":0,"deletion_requested":0,"deletion_completed":0,"corruption_detected":0,"recording_order_reserved":37,"segment_v2_finalized":0,"segment_v2_bound_finalized":37,"consumer_reference_put":0,"derived_reference_accepted":0,"referenced_observation_put":0,"derived_job_intent":0,"derived_job_files":0,"derived_job_ready":0,"derived_job_committed":0,"derived_job_complete":0,"derived_job_failed":0,"segment_v2_state":29,"segment_v2_deleted":29},"journalMutationTypesCoverage":"drained-prefix-only; unread-or-partial-tail-excluded","totalBytes":292201506,"capBytes":469762048,"capExceeded":false,"entries":320,"categories":{"input":{"bytes":124668810,"files":2},"media":{"bytes":156878337,"files":8},"mediaPartial":{"bytes":0,"files":0},"journal":{"bytes":1147789,"files":1},"checkpoint":{"bytes":0,"files":0},"sqlite":{"bytes":360448,"files":1},"wal":{"bytes":0,"files":1},"sqliteAux":{"bytes":32768,"files":1},"tmp":{"bytes":0,"files":0},"log":{"bytes":5517,"files":3},"state":{"bytes":4655,"files":2},"events":{"bytes":0,"files":0},"cache":{"bytes":3146149,"files":280},"tools":{"bytes":5956888,"files":2},"recordingsOther":{"bytes":145,"files":2},"other":{"bytes":0,"files":0}},"ownership":{"productRecording":{"bytes":158419487,"files":14},"fixtureInput":{"bytes":124668810,"files":2},"observerTools":{"bytes":5956888,"files":2},"cache":{"bytes":3146149,"files":280},"temporary":{"bytes":0,"files":0},"runtimeSupport":{"bytes":10172,"files":5},"other":{"bytes":0,"files":0}},"sqlitePages":{"status":"observed","mainBytes":360448,"walBytes":0,"pageSize":4096,"pageCount":88,"freePageCount":3,"livePageCount":85,"liveBytes":348160,"freeBytes":12288},"measurement":"logical-file-bytes-nonatomic","rawPathsPublished":false}
[server-diagnostic] {"pid":60376,"bytes":1954,"capturedBytes":1954,"sha256":"6bd9ca3e19dde3c10e9a8cbeb8fc8fef8e0667d3fee56363a24a7ca33819a680","overflow":false,"categories":[{"code":"file evidence unavailable","count":0},{"code":"storageBlocked","count":0},{"code":"shutdown","count":0},{"code":"ERROR","count":0},{"code":"WARNING","count":0}],"rawBodyPublished":false,"privateCaptureRemovedWithRoot":true}
[server-slow-diagnostic] {"status":"captured","seen":3,"retained":3,"thresholdNs":10000000,"rows":[{"k":0,"o":1,"s":1,"l":1510,"m":1,"t":5,"r":0,"b":14525819250,"a":14525819417,"e":14535938250,"n":1,"w":167,"h":10118833,"x":167,"y":10118833},{"k":1,"o":3,"s":4,"l":127,"m":0,"t":9,"r":0,"b":16530158250,"a":16530158250,"e":16544910167,"n":1,"w":0,"h":14751917,"x":0,"y":14751917},{"k":0,"o":1,"s":1,"l":1510,"m":1,"t":5,"r":0,"b":22552564667,"a":22552564834,"e":22562710709,"n":1,"w":167,"h":10145875,"x":167,"y":10145875}],"completedSpansOnly":true,"rawBodyPublished":false}
[server-diagnostic] {"pid":60505,"bytes":1618,"capturedBytes":1618,"sha256":"cf1eb62e728e39be10104ceff82c841ad7dea42cf43c0ff62c5b40eea362db03","overflow":false,"categories":[{"code":"file evidence unavailable","count":0},{"code":"storageBlocked","count":0},{"code":"shutdown","count":0},{"code":"ERROR","count":0},{"code":"WARNING","count":0}],"rawBodyPublished":false,"privateCaptureRemovedWithRoot":true}
[server-slow-diagnostic] {"status":"captured","seen":1,"retained":1,"thresholdNs":10000000,"rows":[{"k":0,"o":1,"s":1,"l":309,"m":1,"t":1,"r":0,"b":42,"a":2084,"e":238194542,"n":1,"w":2042,"h":238192458,"x":2042,"y":238192458}],"completedSpansOnly":true,"rawBodyPublished":false}
[server-diagnostic] {"pid":60551,"bytes":1945,"capturedBytes":1945,"sha256":"289431d850a765f37d1306b46a8a828c74130aaf811878e5bfe3755505f1a67d","overflow":false,"categories":[{"code":"file evidence unavailable","count":0},{"code":"storageBlocked","count":0},{"code":"shutdown","count":0},{"code":"ERROR","count":0},{"code":"WARNING","count":0}],"rawBodyPublished":false,"privateCaptureRemovedWithRoot":true}
[server-slow-diagnostic] {"status":"captured","seen":3,"retained":3,"thresholdNs":10000000,"rows":[{"k":0,"o":1,"s":1,"l":309,"m":1,"t":1,"r":0,"b":0,"a":2208,"e":239778125,"n":1,"w":2208,"h":239775917,"x":2208,"y":239775917},{"k":0,"o":1,"s":1,"l":1510,"m":1,"t":2,"r":0,"b":3972400667,"a":3972400833,"e":3982783250,"n":1,"w":166,"h":10382417,"x":166,"y":10382417},{"k":0,"o":1,"s":1,"l":1510,"m":1,"t":3,"r":0,"b":3980785417,"a":3982790083,"e":3992914750,"n":1,"w":2004666,"h":10124667,"x":2004666,"y":10124667}],"completedSpansOnly":true,"rawBodyPublished":false}
{"mode":"current-app-observe-short","passed":71,"failed":0,"elapsedMs":46877,"verifiedDurationMs":30140.198582999998,"longrunObservationCompleted":false,"shortPreparationPass":true,"resourceTrendPass":false,"reviewRequired":true,"uiFulltestPass":false,"phase":{"elapsedMs":30140.198582999998,"channels":{"9101":{"finalized":14,"deleted":12,"lastAt":33372.496666,"order":"27","store":"f17a39e74ac689aff8d775c7bb0c70714fb9b0ef270fb3749c8f0ef80638254c","knownMappings":11,"unknownMappings":304},"9201":{"finalized":14,"deleted":12,"lastAt":33372.496666,"order":"28","store":"f17a39e74ac689aff8d775c7bb0c70714fb9b0ef270fb3749c8f0ef80638254c","knownMappings":11,"unknownMappings":488}},"records":28,"logicalBytes":16749},"resources":{"status":"observed","resourceTrendPass":false,"reviewRequired":true,"sampleCount":7,"groups":[{"pid":60376,"startIdentity":"macos:1790156855:426176","sampleCount":7,"first":{"phaseAt":3593.241708,"sampledAt":1790156857559,"rssBytes":92274688,"threadCount":29,"fdCount":31,"mutationCount":2},"last":{"phaseAt":33372.496666,"sampledAt":1790156887338,"rssBytes":219807744,"threadCount":25,"fdCount":31,"mutationCount":106},"max":{"rssBytes":219807744,"threadCount":29,"fdCount":31},"delta":{"rssBytes":127533056,"threadCount":-4,"fdCount":0,"mutationCount":104},"elapsedMs":29779.254957999998,"maxGapMs":5003.75425,"warmupMs":300000,"postWarmup":{"status":"insufficient","sampleCount":0,"delta":null,"elapsedMs":null,"rssMiBPerMinute":null}}]},"processCount":3,"processesClosed":true,"udpClosed":true,"tokenStart":null,"tokenEnd":null,"tokenConsumed":null,"tokenSource":"전용 집계 없음"}
[cleanup] {"root":"/private/var/folders/k0/qhmr6zdx11q0_41wfx4dsd200000gn/T/media-server-current-observer-Mrcbqj","bytes":292201506,"absent":true}
