4f39b2f6cf5e31c78f55e3291ade962e2b653f84
Darwin arm64
Apple clang version 21.0.0 (clang-2100.3.34.2)
Target: arm64-apple-darwin27.0.0
Thread model: posix
InstalledDir: /Library/Developer/CommandLineTools/usr/bin
1.28.1
3.51.0
3.6.2
c65a9a04d805fe4bf3fc9bc26d7b6767342af0420575a042c7d4c689245ec67e  /Users/dhseo/Workspace/mediaServer/scripts/internal/recording_accumulation_probe.cpp
3832fc2a76b20ab4e7061047d086fe6100d22346115c550c9c37f9b3cbace26e  /Users/dhseo/Workspace/mediaServer/scripts/internal/recording_accumulation_run.mjs
4f0fde3cf381bc0d4d545b87589e5f0c5a7ee5ea35dbdb894a90a44db5545ea5  /Users/dhseo/Workspace/mediaServer/scripts/internal/recording_accumulation_prepare.mjs
6b6ee5472a144564b35ce7b933a5f791b9b4a7f8c8aef64f67559e3349e3cf51  /Users/dhseo/Workspace/mediaServer/scripts/internal/recording_current_observer.mjs
[source] file=recording_catalog.cpp original_sha256=d8ff265421ae544ed41ad7ab0e7f63b1990e22d19db06b6a48f67ae296f1a649 instrumented_sha256=578450ca5b12df2fcf0c0e098e7a103274af740118f3834fc27562cdc45bdd7d
[source] file=recording_journal.cpp original_sha256=5aee2cf6d7a8e23a3d3965f2f7d4bb8715e33462924723f6c4a17fafcae4c8ef instrumented_sha256=447d85259724b2464337933d14eefe2506aa610d9251c3acda49debd97eaf972
[source] file=recording_contracts.cpp original_sha256=960635a08aa900bebfae961cd9e534ab6b91fbace213e1a7416227e7292ec890 instrumented_sha256=a99bc03ee76dbbd7342d06ea2db70258451d371889eacd384be541bee574e1c6
[source] file=recording_checkpoint_validation.h original_sha256=0162fc707fb89f23e7fa251c960b4f1d87a736524cfc89c2f49163c177e9487a instrumented_sha256=92354b974d664c88be430781853811b0f67dee67813667b3bf0fca7b2204b707
[pass] FC01 exact insertion checks count=102
[probe-instrument] {"catalogSha256":"eb7911c830ff25368cd158e047141e0ca9d8818e863ff62e9f110b6608add8bf","exactCacheInsertion":1,"productFilesChanged":false}
[bounded-exit] code=0 signal=none timeout=false
[bounded-exit] code=0 signal=none timeout=false
[bounded-exit] code=0 signal=none timeout=false
[pass] LP26-O10-D01 records8192 admitted
[pass] LP26-O10-D01 records8193 rejected
[pass] LP26-O10-D01 charge64MiB admitted
[pass] LP26-O10-D01 charge64MiBplus1 rejected
[probe-rss] {"stage":"bounds","currentBytes":93847552,"peakBytes":93847552}
[probe-process] {"mode":"--bounds","exit":0,"signal":null,"stopped":null,"elapsedMs":515.328459,"peakObservedRssBytes":null,"metricsUnavailable":2,"timeoutMs":15000,"diskBytes":12249523,"parentRssBytes":67403776}
[pass] seed FE02 writer start
[pass] seed FE04 bound finalized mutation segment0
[measure] writer_push_finalize_us=25432 input_aus=60 segments=1
[fixture-shape] {"sources":16,"records":64,"journalBytes":299331,"cacheChargeBytes":300163,"expectedCacheAdmission":true,"mediaFiles":0,"samplesPerSource":60}
[fixture-shape] {"sources":1020,"records":4080,"journalBytes":19113993,"cacheChargeBytes":19167033,"expectedCacheAdmission":true,"mediaFiles":0,"samplesPerSource":60}
[fixture-shape] {"sources":2049,"records":8196,"journalBytes":38420091,"cacheChargeBytes":38526639,"expectedCacheAdmission":false,"mediaFiles":0,"samplesPerSource":60}
[pass] LP26-O10-A02 typed segment binding tombstone serialization and seed file verification
[probe-rss] {"stage":"generated","currentBytes":43646976,"peakBytes":43827200}
[probe-process] {"mode":"--generate","exit":0,"signal":null,"stopped":null,"elapsedMs":4588.478958,"peakObservedRssBytes":43646976,"metricsUnavailable":0,"timeoutMs":60000,"diskBytes":71842035,"parentRssBytes":70598656}
[pass] LP26-O10-B 16 initial exact-count-prefix
[probe-drain] {"sources":16,"phase":"initial","elapsedMs":445.4574999999995,"polls":1,"fresh":64,"rotations":0,"before":{"diskBytes":71842035,"parentRssBytes":70631424},"after":{"diskBytes":71842035,"parentRssBytes":71548928},"nativeTimeoutMs":3000,"observationLimitMs":15000,"performancePass":false}
[probe-stage] recovery begin
[cost] operation=recovery scope=catalog.lock.hold count=1 inclusive_ns=76017625 exclusive_ns=10516296
[cost] operation=recovery scope=catalog.lock.hold/catalog.ApplyMutationLocked count=192 inclusive_ns=60004878 exclusive_ns=29440792
[cost] operation=recovery scope=catalog.lock.hold/catalog.ApplyMutationLocked/contracts.ParseRecordingSourceBindingV1 count=16 inclusive_ns=18656085 exclusive_ns=16676712
[cost] operation=recovery scope=catalog.lock.hold/catalog.ApplyMutationLocked/contracts.ParseRecordingSourceBindingV1/contracts.ValidateRecordingSourceBindingV1 count=16 inclusive_ns=1979373 exclusive_ns=47956
[cost] operation=recovery scope=catalog.lock.hold/catalog.ApplyMutationLocked/contracts.ParseRecordingSourceBindingV1/contracts.ValidateRecordingSourceBindingV1/contracts.ValidateRecordingFileEvidence count=16 inclusive_ns=1931417 exclusive_ns=1931417
[cost] operation=recovery scope=catalog.lock.hold/catalog.ApplyMutationLocked/contracts.SerializeRecordingSourceBindingV1 count=16 inclusive_ns=5248002 exclusive_ns=3378042
[cost] operation=recovery scope=catalog.lock.hold/catalog.ApplyMutationLocked/contracts.SerializeRecordingSourceBindingV1/contracts.ValidateRecordingSourceBindingV1 count=16 inclusive_ns=1869960 exclusive_ns=37082
[cost] operation=recovery scope=catalog.lock.hold/catalog.ApplyMutationLocked/contracts.SerializeRecordingSourceBindingV1/contracts.ValidateRecordingSourceBindingV1/contracts.ValidateRecordingFileEvidence count=16 inclusive_ns=1832878 exclusive_ns=1832878
[cost] operation=recovery scope=catalog.lock.hold/catalog.ApplyMutationLocked/contracts.ValidateRecordingSourceBindingForSegment count=48 inclusive_ns=6659999 exclusive_ns=886834
[cost] operation=recovery scope=catalog.lock.hold/catalog.ApplyMutationLocked/contracts.ValidateRecordingSourceBindingForSegment/contracts.ValidateRecordingSourceBindingV1 count=48 inclusive_ns=5773165 exclusive_ns=115458
[cost] operation=recovery scope=catalog.lock.hold/catalog.ApplyMutationLocked/contracts.ValidateRecordingSourceBindingForSegment/contracts.ValidateRecordingSourceBindingV1/contracts.ValidateRecordingFileEvidence count=48 inclusive_ns=5657707 exclusive_ns=5657707
[cost] operation=recovery scope=catalog.lock.hold/catalog.ProjectMutationSqliteLocked count=64 inclusive_ns=5103457 exclusive_ns=5103457
[cost] operation=recovery scope=catalog.lock.hold/catalog.lock.hold count=2 inclusive_ns=167 exclusive_ns=167
[cost] operation=recovery scope=catalog.lock.hold/catalog.lock.wait count=2 inclusive_ns=334 exclusive_ns=334
[cost] operation=recovery scope=catalog.lock.hold/journal.ReadCheckpointRecords count=2 inclusive_ns=246666 exclusive_ns=246666
[cost] operation=recovery scope=catalog.lock.hold/journal.SerializeRecordingMutationV1 count=96 inclusive_ns=145827 exclusive_ns=145827
[cost] operation=recovery scope=catalog.lock.wait count=1 inclusive_ns=125 exclusive_ns=125
[cost] operation=recovery scope=journal.IndexRecord count=64 inclusive_ns=1454502 exclusive_ns=1248620
[cost] operation=recovery scope=journal.IndexRecord/journal.SerializeRecordingMutationV1 count=128 inclusive_ns=205882 exclusive_ns=205882
[cost] operation=recovery scope=journal.ParseRecordingMutationV1 count=64 inclusive_ns=9700006 exclusive_ns=9700006
[probe-wall] {"stage":"recovery","elapsedUs":88644,"ok":true}
[probe-rss] {"stage":"recovery","currentBytes":31653888,"peakBytes":31653888}
[catalog-shape] {"sources":16,"records":64,"deleted":16,"residentBindings":0}
[pass] LP26-O10-A02 strict Open exact4N and deletedN zero recovery errors
[probe-stage] cold-binding begin
[cost] operation=cold-binding scope=contracts.ParseRecordingSourceBindingV1 count=2 inclusive_ns=2305291 exclusive_ns=2069541
[cost] operation=cold-binding scope=contracts.ParseRecordingSourceBindingV1/contracts.ValidateRecordingSourceBindingV1 count=2 inclusive_ns=235750 exclusive_ns=5334
[cost] operation=cold-binding scope=contracts.ParseRecordingSourceBindingV1/contracts.ValidateRecordingSourceBindingV1/contracts.ValidateRecordingFileEvidence count=2 inclusive_ns=230416 exclusive_ns=230416
[cost] operation=cold-binding scope=contracts.ValidateRecordingSourceBindingForSegment count=2 inclusive_ns=267417 exclusive_ns=35084
[cost] operation=cold-binding scope=contracts.ValidateRecordingSourceBindingForSegment/contracts.ValidateRecordingSourceBindingV1 count=2 inclusive_ns=232333 exclusive_ns=4499
[cost] operation=cold-binding scope=contracts.ValidateRecordingSourceBindingForSegment/contracts.ValidateRecordingSourceBindingV1/contracts.ValidateRecordingFileEvidence count=2 inclusive_ns=227834 exclusive_ns=227834
[cost] operation=cold-binding scope=journal.EnvelopeIdentity count=2 inclusive_ns=19917 exclusive_ns=13917
[cost] operation=cold-binding scope=journal.EnvelopeIdentity/journal.SerializeRecordingMutationV1 count=2 inclusive_ns=6000 exclusive_ns=6000
[cost] operation=cold-binding scope=journal.ParseRecordingMutationV1 count=2 inclusive_ns=829249 exclusive_ns=829249
[probe-wall] {"stage":"cold-binding","elapsedUs":4856,"ok":true}
[probe-rss] {"stage":"cold-binding","currentBytes":31653888,"peakBytes":31653888}
[probe-stage] checkpoint-cold begin
[cost] operation=checkpoint-cold scope=catalog.lock.hold count=1 inclusive_ns=67712125 exclusive_ns=67625
[cost] operation=checkpoint-cold scope=catalog.lock.hold/catalog.CheckpointLocked count=1 inclusive_ns=67644500 exclusive_ns=5233459
[cost] operation=checkpoint-cold scope=catalog.lock.hold/catalog.CheckpointLocked/candidate.identical count=1 inclusive_ns=0 exclusive_ns=0
[cost] operation=checkpoint-cold scope=catalog.lock.hold/catalog.CheckpointLocked/checkpoint.ReadCheckpointRecords count=1 inclusive_ns=19976916 exclusive_ns=1208
[cost] operation=checkpoint-cold scope=catalog.lock.hold/catalog.CheckpointLocked/checkpoint.ReadCheckpointRecords/journal.ReadCheckpointRecords count=1 inclusive_ns=19975708 exclusive_ns=10214093
[cost] operation=checkpoint-cold scope=catalog.lock.hold/catalog.CheckpointLocked/checkpoint.ReadCheckpointRecords/journal.ReadCheckpointRecords/journal.EnvelopeIdentity count=64 inclusive_ns=240288 exclusive_ns=148117
[cost] operation=checkpoint-cold scope=catalog.lock.hold/catalog.CheckpointLocked/checkpoint.ReadCheckpointRecords/journal.ReadCheckpointRecords/journal.EnvelopeIdentity/journal.SerializeRecordingMutationV1 count=64 inclusive_ns=92171 exclusive_ns=92171
[cost] operation=checkpoint-cold scope=catalog.lock.hold/catalog.CheckpointLocked/checkpoint.ReadCheckpointRecords/journal.ReadCheckpointRecords/journal.ParseRecordingMutationV1 count=64 inclusive_ns=9521327 exclusive_ns=9521327
[cost] operation=checkpoint-cold scope=catalog.lock.hold/catalog.CheckpointLocked/checkpoint.SameSequence count=1 inclusive_ns=16167 exclusive_ns=16167
[cost] operation=checkpoint-cold scope=catalog.lock.hold/catalog.CheckpointLocked/checkpoint.originalSemantic count=1 inclusive_ns=35157875 exclusive_ns=35457
[cost] operation=checkpoint-cold scope=catalog.lock.hold/catalog.CheckpointLocked/checkpoint.originalSemantic/catalog.ApplyMutationLocked count=64 inclusive_ns=35122418 exclusive_ns=14255582
[cost] operation=checkpoint-cold scope=catalog.lock.hold/catalog.CheckpointLocked/checkpoint.originalSemantic/catalog.ApplyMutationLocked/contracts.ParseRecordingSourceBindingV1 count=16 inclusive_ns=18686669 exclusive_ns=16732876
[cost] operation=checkpoint-cold scope=catalog.lock.hold/catalog.CheckpointLocked/checkpoint.originalSemantic/catalog.ApplyMutationLocked/contracts.ParseRecordingSourceBindingV1/contracts.ValidateRecordingSourceBindingV1 count=16 inclusive_ns=1953793 exclusive_ns=41624
[cost] operation=checkpoint-cold scope=catalog.lock.hold/catalog.CheckpointLocked/checkpoint.originalSemantic/catalog.ApplyMutationLocked/contracts.ParseRecordingSourceBindingV1/contracts.ValidateRecordingSourceBindingV1/contracts.ValidateRecordingFileEvidence count=16 inclusive_ns=1912169 exclusive_ns=1912169
[cost] operation=checkpoint-cold scope=catalog.lock.hold/catalog.CheckpointLocked/checkpoint.originalSemantic/catalog.ApplyMutationLocked/contracts.ValidateRecordingSourceBindingForSegment count=16 inclusive_ns=2180167 exclusive_ns=290916
[cost] operation=checkpoint-cold scope=catalog.lock.hold/catalog.CheckpointLocked/checkpoint.originalSemantic/catalog.ApplyMutationLocked/contracts.ValidateRecordingSourceBindingForSegment/contracts.ValidateRecordingSourceBindingV1 count=16 inclusive_ns=1889251 exclusive_ns=42295
[cost] operation=checkpoint-cold scope=catalog.lock.hold/catalog.CheckpointLocked/checkpoint.originalSemantic/catalog.ApplyMutationLocked/contracts.ValidateRecordingSourceBindingForSegment/contracts.ValidateRecordingSourceBindingV1/contracts.ValidateRecordingFileEvidence count=16 inclusive_ns=1846956 exclusive_ns=1846956
[cost] operation=checkpoint-cold scope=catalog.lock.hold/catalog.CheckpointLocked/journal.CommitCheckpoint count=1 inclusive_ns=4157875 exclusive_ns=107791
[cost] operation=checkpoint-cold scope=catalog.lock.hold/catalog.CheckpointLocked/journal.CommitCheckpoint/checkpoint.candidateFields count=1 inclusive_ns=11375 exclusive_ns=11375
[cost] operation=checkpoint-cold scope=catalog.lock.hold/catalog.CheckpointLocked/journal.CommitCheckpoint/checkpoint.write count=1 inclusive_ns=891042 exclusive_ns=672540
[cost] operation=checkpoint-cold scope=catalog.lock.hold/catalog.CheckpointLocked/journal.CommitCheckpoint/checkpoint.write/journal.EnvelopeIdentity count=64 inclusive_ns=218502 exclusive_ns=143212
[cost] operation=checkpoint-cold scope=catalog.lock.hold/catalog.CheckpointLocked/journal.CommitCheckpoint/checkpoint.write/journal.EnvelopeIdentity/journal.SerializeRecordingMutationV1 count=64 inclusive_ns=75290 exclusive_ns=75290
[cost] operation=checkpoint-cold scope=catalog.lock.hold/catalog.CheckpointLocked/journal.CommitCheckpoint/journal.CompactRecords count=1 inclusive_ns=3069709 exclusive_ns=3015419
[cost] operation=checkpoint-cold scope=catalog.lock.hold/catalog.CheckpointLocked/journal.CommitCheckpoint/journal.CompactRecords/journal.SerializeRecordingMutationV1 count=32 inclusive_ns=54290 exclusive_ns=54290
[cost] operation=checkpoint-cold scope=catalog.lock.hold/catalog.CheckpointLocked/journal.CommitCheckpoint/journal.JournalBytes count=1 inclusive_ns=77958 exclusive_ns=51957
[cost] operation=checkpoint-cold scope=catalog.lock.hold/catalog.CheckpointLocked/journal.CommitCheckpoint/journal.JournalBytes/journal.SerializeRecordingMutationV1 count=32 inclusive_ns=26001 exclusive_ns=26001
[cost] operation=checkpoint-cold scope=catalog.lock.hold/catalog.CheckpointLocked/journal.PrepareCheckpoint count=1 inclusive_ns=3102208 exclusive_ns=48833
[cost] operation=checkpoint-cold scope=catalog.lock.hold/catalog.CheckpointLocked/journal.PrepareCheckpoint/journal.CompactRecords count=1 inclusive_ns=3053375 exclusive_ns=3003414
[cost] operation=checkpoint-cold scope=catalog.lock.hold/catalog.CheckpointLocked/journal.PrepareCheckpoint/journal.CompactRecords/journal.SerializeRecordingMutationV1 count=32 inclusive_ns=49961 exclusive_ns=49961
[cost] operation=checkpoint-cold scope=catalog.lock.wait count=1 inclusive_ns=42 exclusive_ns=42
[probe-wall] {"stage":"checkpoint-cold","elapsedUs":67713,"ok":true}
[probe-rss] {"stage":"checkpoint-cold","currentBytes":32751616,"peakBytes":32751616}
[cache-path] {"run":1,"originalRecords":64,"reusedPrefix":0,"originalApplied":64,"cacheBefore":false,"cacheAfter":true,"residentBindings":0}
[probe-stage] checkpoint-repeat begin
[cost] operation=checkpoint-repeat scope=catalog.lock.hold count=1 inclusive_ns=38448834 exclusive_ns=55168
[cost] operation=checkpoint-repeat scope=catalog.lock.hold/catalog.CheckpointLocked count=1 inclusive_ns=38393666 exclusive_ns=7932709
[cost] operation=checkpoint-repeat scope=catalog.lock.hold/catalog.CheckpointLocked/candidate.identical count=1 inclusive_ns=0 exclusive_ns=0
[cost] operation=checkpoint-repeat scope=catalog.lock.hold/catalog.CheckpointLocked/checkpoint.ReadCheckpointRecords count=1 inclusive_ns=30187875 exclusive_ns=1334
[cost] operation=checkpoint-repeat scope=catalog.lock.hold/catalog.CheckpointLocked/checkpoint.ReadCheckpointRecords/journal.ReadCheckpointRecords count=1 inclusive_ns=30186541 exclusive_ns=9995002
[cost] operation=checkpoint-repeat scope=catalog.lock.hold/catalog.CheckpointLocked/checkpoint.ReadCheckpointRecords/journal.ReadCheckpointRecords/journal.EnvelopeIdentity count=64 inclusive_ns=233296 exclusive_ns=145716
[cost] operation=checkpoint-repeat scope=catalog.lock.hold/catalog.CheckpointLocked/checkpoint.ReadCheckpointRecords/journal.ReadCheckpointRecords/journal.EnvelopeIdentity/journal.SerializeRecordingMutationV1 count=64 inclusive_ns=87580 exclusive_ns=87580
[cost] operation=checkpoint-repeat scope=catalog.lock.hold/catalog.CheckpointLocked/checkpoint.ReadCheckpointRecords/journal.ReadCheckpointRecords/journal.ParseRecordingMutationV1 count=64 inclusive_ns=19958243 exclusive_ns=11035367
[cost] operation=checkpoint-repeat scope=catalog.lock.hold/catalog.CheckpointLocked/checkpoint.ReadCheckpointRecords/journal.ReadCheckpointRecords/journal.ParseRecordingMutationV1/journal.ParseRecordingMutationV1 count=32 inclusive_ns=8859376 exclusive_ns=8859376
[cost] operation=checkpoint-repeat scope=catalog.lock.hold/catalog.CheckpointLocked/checkpoint.ReadCheckpointRecords/journal.ReadCheckpointRecords/journal.ParseRecordingMutationV1/journal.SerializeRecordingMutationV1 count=32 inclusive_ns=63500 exclusive_ns=63500
[cost] operation=checkpoint-repeat scope=catalog.lock.hold/catalog.CheckpointLocked/checkpoint.SameSequence count=1 inclusive_ns=13416 exclusive_ns=13416
[cost] operation=checkpoint-repeat scope=catalog.lock.hold/catalog.CheckpointLocked/checkpoint.originalSemantic count=1 inclusive_ns=125 exclusive_ns=125
[cost] operation=checkpoint-repeat scope=catalog.lock.hold/catalog.CheckpointLocked/journal.CommitCheckpoint count=1 inclusive_ns=191208 exclusive_ns=101333
[cost] operation=checkpoint-repeat scope=catalog.lock.hold/catalog.CheckpointLocked/journal.CommitCheckpoint/checkpoint.candidateFields count=1 inclusive_ns=9667 exclusive_ns=9667
[cost] operation=checkpoint-repeat scope=catalog.lock.hold/catalog.CheckpointLocked/journal.CommitCheckpoint/checkpoint.noWrite count=1 inclusive_ns=0 exclusive_ns=0
[cost] operation=checkpoint-repeat scope=catalog.lock.hold/catalog.CheckpointLocked/journal.CommitCheckpoint/journal.CompactRecords count=1 inclusive_ns=19292 exclusive_ns=19292
[cost] operation=checkpoint-repeat scope=catalog.lock.hold/catalog.CheckpointLocked/journal.CommitCheckpoint/journal.JournalBytes count=1 inclusive_ns=60916 exclusive_ns=34876
[cost] operation=checkpoint-repeat scope=catalog.lock.hold/catalog.CheckpointLocked/journal.CommitCheckpoint/journal.JournalBytes/journal.SerializeRecordingMutationV1 count=32 inclusive_ns=26040 exclusive_ns=26040
[cost] operation=checkpoint-repeat scope=catalog.lock.hold/catalog.CheckpointLocked/journal.PrepareCheckpoint count=1 inclusive_ns=68333 exclusive_ns=49541
[cost] operation=checkpoint-repeat scope=catalog.lock.hold/catalog.CheckpointLocked/journal.PrepareCheckpoint/journal.CompactRecords count=1 inclusive_ns=18792 exclusive_ns=18792
[cost] operation=checkpoint-repeat scope=catalog.lock.wait count=1 inclusive_ns=41 exclusive_ns=41
[probe-wall] {"stage":"checkpoint-repeat","elapsedUs":38450,"ok":true}
[probe-rss] {"stage":"checkpoint-repeat","currentBytes":32817152,"peakBytes":32817152}
[cache-path] {"run":2,"originalRecords":64,"reusedPrefix":64,"originalApplied":0,"cacheBefore":true,"cacheAfter":true,"residentBindings":0}
[pass] LP26-O10-C02 cache prefix or full fallback exact oracle
[probe-process] {"mode":"--catalog","exit":0,"signal":null,"stopped":null,"elapsedMs":240.2457919999997,"peakObservedRssBytes":null,"metricsUnavailable":0,"timeoutMs":15000,"diskBytes":71929488,"parentRssBytes":71581696}
[probe-rotation] {"sources":16,"actualCheckpointRotation":true,"identicalBytesReplacement":false}
[pass] LP26-O10-B 16 rotated exact-count-prefix
[probe-drain] {"sources":16,"phase":"rotated","elapsedMs":130.72445900000002,"polls":1,"fresh":0,"rotations":1,"before":{"diskBytes":71929488,"parentRssBytes":71647232},"after":{"diskBytes":71929488,"parentRssBytes":71663616},"nativeTimeoutMs":3000,"observationLimitMs":15000,"performancePass":false}
[pass] LP26-O10-B 1020 initial exact-count-prefix
[probe-drain] {"sources":1020,"phase":"initial","elapsedMs":5493.4508749999995,"polls":1,"fresh":4080,"rotations":0,"before":{"diskBytes":71929488,"parentRssBytes":71663616},"after":{"diskBytes":71929488,"parentRssBytes":127942656},"nativeTimeoutMs":3000,"observationLimitMs":15000,"performancePass":false}
[probe-stage] recovery begin
[cost] operation=recovery scope=catalog.lock.hold count=1 inclusive_ns=9081105250 exclusive_ns=283578310
[cost] operation=recovery scope=catalog.lock.hold/catalog.ApplyMutationLocked count=12240 inclusive_ns=6557546986 exclusive_ns=2737386093
[cost] operation=recovery scope=catalog.lock.hold/catalog.ApplyMutationLocked/contracts.ParseRecordingSourceBindingV1 count=2932 inclusive_ns=3382904047 exclusive_ns=3032238935
[cost] operation=recovery scope=catalog.lock.hold/catalog.ApplyMutationLocked/contracts.ParseRecordingSourceBindingV1/contracts.ValidateRecordingSourceBindingV1 count=2932 inclusive_ns=350665112 exclusive_ns=7084638
[cost] operation=recovery scope=catalog.lock.hold/catalog.ApplyMutationLocked/contracts.ParseRecordingSourceBindingV1/contracts.ValidateRecordingSourceBindingV1/contracts.ValidateRecordingFileEvidence count=2932 inclusive_ns=343580474 exclusive_ns=343580474
[cost] operation=recovery scope=catalog.lock.hold/catalog.ApplyMutationLocked/contracts.SerializeRecordingSourceBindingV1 count=64 inclusive_ns=21070997 exclusive_ns=13585121
[cost] operation=recovery scope=catalog.lock.hold/catalog.ApplyMutationLocked/contracts.SerializeRecordingSourceBindingV1/contracts.ValidateRecordingSourceBindingV1 count=64 inclusive_ns=7485876 exclusive_ns=142047
[cost] operation=recovery scope=catalog.lock.hold/catalog.ApplyMutationLocked/contracts.SerializeRecordingSourceBindingV1/contracts.ValidateRecordingSourceBindingV1/contracts.ValidateRecordingFileEvidence count=64 inclusive_ns=7343829 exclusive_ns=7343829
[cost] operation=recovery scope=catalog.lock.hold/catalog.ApplyMutationLocked/contracts.ValidateRecordingSourceBindingForSegment count=3060 inclusive_ns=416185849 exclusive_ns=54809200
[cost] operation=recovery scope=catalog.lock.hold/catalog.ApplyMutationLocked/contracts.ValidateRecordingSourceBindingForSegment/contracts.ValidateRecordingSourceBindingV1 count=3060 inclusive_ns=361376649 exclusive_ns=7001664
[cost] operation=recovery scope=catalog.lock.hold/catalog.ApplyMutationLocked/contracts.ValidateRecordingSourceBindingForSegment/contracts.ValidateRecordingSourceBindingV1/contracts.ValidateRecordingFileEvidence count=3060 inclusive_ns=354374985 exclusive_ns=354374985
[cost] operation=recovery scope=catalog.lock.hold/catalog.ProjectMutationSqliteLocked count=4080 inclusive_ns=2229159882 exclusive_ns=816244914
[cost] operation=recovery scope=catalog.lock.hold/catalog.ProjectMutationSqliteLocked/contracts.ParseRecordingSourceBindingV1 count=956 inclusive_ns=1099280700 exclusive_ns=986048547
[cost] operation=recovery scope=catalog.lock.hold/catalog.ProjectMutationSqliteLocked/contracts.ParseRecordingSourceBindingV1/contracts.ValidateRecordingSourceBindingV1 count=956 inclusive_ns=113232153 exclusive_ns=2257521
[cost] operation=recovery scope=catalog.lock.hold/catalog.ProjectMutationSqliteLocked/contracts.ParseRecordingSourceBindingV1/contracts.ValidateRecordingSourceBindingV1/contracts.ValidateRecordingFileEvidence count=956 inclusive_ns=110974632 exclusive_ns=110974632
[cost] operation=recovery scope=catalog.lock.hold/catalog.ProjectMutationSqliteLocked/contracts.SerializeRecordingSourceBindingV1 count=956 inclusive_ns=313634268 exclusive_ns=201407892
[cost] operation=recovery scope=catalog.lock.hold/catalog.ProjectMutationSqliteLocked/contracts.SerializeRecordingSourceBindingV1/contracts.ValidateRecordingSourceBindingV1 count=956 inclusive_ns=112226376 exclusive_ns=2134415
[cost] operation=recovery scope=catalog.lock.hold/catalog.ProjectMutationSqliteLocked/contracts.SerializeRecordingSourceBindingV1/contracts.ValidateRecordingSourceBindingV1/contracts.ValidateRecordingFileEvidence count=956 inclusive_ns=110091961 exclusive_ns=110091961
[cost] operation=recovery scope=catalog.lock.hold/catalog.lock.hold count=2 inclusive_ns=333 exclusive_ns=333
[cost] operation=recovery scope=catalog.lock.hold/catalog.lock.wait count=2 inclusive_ns=334 exclusive_ns=334
[cost] operation=recovery scope=catalog.lock.hold/journal.ReadCheckpointRecords count=2 inclusive_ns=1381625 exclusive_ns=1381625
[cost] operation=recovery scope=catalog.lock.hold/journal.SerializeRecordingMutationV1 count=6120 inclusive_ns=9437780 exclusive_ns=9437780
[cost] operation=recovery scope=catalog.lock.wait count=1 inclusive_ns=292 exclusive_ns=292
[cost] operation=recovery scope=journal.IndexRecord count=4080 inclusive_ns=47796906 exclusive_ns=36299403
[cost] operation=recovery scope=journal.IndexRecord/journal.SerializeRecordingMutationV1 count=8160 inclusive_ns=11497503 exclusive_ns=11497503
[cost] operation=recovery scope=journal.ParseRecordingMutationV1 count=4080 inclusive_ns=610013532 exclusive_ns=610013532
[probe-wall] {"stage":"recovery","elapsedUs":9802854,"ok":true}
[probe-rss] {"stage":"recovery","currentBytes":183189504,"peakBytes":183189504}
[catalog-shape] {"sources":1020,"records":4080,"deleted":1020,"residentBindings":0}
[pass] LP26-O10-A02 strict Open exact4N and deletedN zero recovery errors
[probe-stage] cold-binding begin
[cost] operation=cold-binding scope=contracts.ParseRecordingSourceBindingV1 count=2 inclusive_ns=2340501 exclusive_ns=2095085
[cost] operation=cold-binding scope=contracts.ParseRecordingSourceBindingV1/contracts.ValidateRecordingSourceBindingV1 count=2 inclusive_ns=245416 exclusive_ns=5624
[cost] operation=cold-binding scope=contracts.ParseRecordingSourceBindingV1/contracts.ValidateRecordingSourceBindingV1/contracts.ValidateRecordingFileEvidence count=2 inclusive_ns=239792 exclusive_ns=239792
[cost] operation=cold-binding scope=contracts.ValidateRecordingSourceBindingForSegment count=2 inclusive_ns=366666 exclusive_ns=61958
[cost] operation=cold-binding scope=contracts.ValidateRecordingSourceBindingForSegment/contracts.ValidateRecordingSourceBindingV1 count=2 inclusive_ns=304708 exclusive_ns=6499
[cost] operation=cold-binding scope=contracts.ValidateRecordingSourceBindingForSegment/contracts.ValidateRecordingSourceBindingV1/contracts.ValidateRecordingFileEvidence count=2 inclusive_ns=298209 exclusive_ns=298209
[cost] operation=cold-binding scope=journal.EnvelopeIdentity count=2 inclusive_ns=27125 exclusive_ns=14542
[cost] operation=cold-binding scope=journal.EnvelopeIdentity/journal.SerializeRecordingMutationV1 count=2 inclusive_ns=12583 exclusive_ns=12583
[cost] operation=cold-binding scope=journal.ParseRecordingMutationV1 count=2 inclusive_ns=954500 exclusive_ns=954500
[probe-wall] {"stage":"cold-binding","elapsedUs":5209,"ok":true}
[probe-rss] {"stage":"cold-binding","currentBytes":183189504,"peakBytes":183189504}
[probe-stage] checkpoint-cold begin
[cost] operation=checkpoint-cold scope=catalog.lock.hold count=1 inclusive_ns=4197418958 exclusive_ns=81291
[cost] operation=checkpoint-cold scope=catalog.lock.hold/catalog.CheckpointLocked count=1 inclusive_ns=4197337667 exclusive_ns=308195248
[cost] operation=checkpoint-cold scope=catalog.lock.hold/catalog.CheckpointLocked/candidate.identical count=1 inclusive_ns=0 exclusive_ns=0
[cost] operation=checkpoint-cold scope=catalog.lock.hold/catalog.CheckpointLocked/checkpoint.ReadCheckpointRecords count=1 inclusive_ns=1254077792 exclusive_ns=2292
[cost] operation=checkpoint-cold scope=catalog.lock.hold/catalog.CheckpointLocked/checkpoint.ReadCheckpointRecords/journal.ReadCheckpointRecords count=1 inclusive_ns=1254075500 exclusive_ns=623842081
[cost] operation=checkpoint-cold scope=catalog.lock.hold/catalog.CheckpointLocked/checkpoint.ReadCheckpointRecords/journal.ReadCheckpointRecords/journal.EnvelopeIdentity count=4080 inclusive_ns=14845431 exclusive_ns=9119151
[cost] operation=checkpoint-cold scope=catalog.lock.hold/catalog.CheckpointLocked/checkpoint.ReadCheckpointRecords/journal.ReadCheckpointRecords/journal.EnvelopeIdentity/journal.SerializeRecordingMutationV1 count=4080 inclusive_ns=5726280 exclusive_ns=5726280
[cost] operation=checkpoint-cold scope=catalog.lock.hold/catalog.CheckpointLocked/checkpoint.ReadCheckpointRecords/journal.ReadCheckpointRecords/journal.ParseRecordingMutationV1 count=4080 inclusive_ns=615387988 exclusive_ns=615387988
[cost] operation=checkpoint-cold scope=catalog.lock.hold/catalog.CheckpointLocked/checkpoint.SameSequence count=1 inclusive_ns=1055959 exclusive_ns=1055959
[cost] operation=checkpoint-cold scope=catalog.lock.hold/catalog.CheckpointLocked/checkpoint.originalSemantic count=1 inclusive_ns=2262874167 exclusive_ns=2221991
[cost] operation=checkpoint-cold scope=catalog.lock.hold/catalog.CheckpointLocked/checkpoint.originalSemantic/catalog.ApplyMutationLocked count=4080 inclusive_ns=2260652176 exclusive_ns=927796270
[cost] operation=checkpoint-cold scope=catalog.lock.hold/catalog.CheckpointLocked/checkpoint.originalSemantic/catalog.ApplyMutationLocked/contracts.ParseRecordingSourceBindingV1 count=1020 inclusive_ns=1193482657 exclusive_ns=1067807142
[cost] operation=checkpoint-cold scope=catalog.lock.hold/catalog.CheckpointLocked/checkpoint.originalSemantic/catalog.ApplyMutationLocked/contracts.ParseRecordingSourceBindingV1/contracts.ValidateRecordingSourceBindingV1 count=1020 inclusive_ns=125675515 exclusive_ns=2615590
[cost] operation=checkpoint-cold scope=catalog.lock.hold/catalog.CheckpointLocked/checkpoint.originalSemantic/catalog.ApplyMutationLocked/contracts.ParseRecordingSourceBindingV1/contracts.ValidateRecordingSourceBindingV1/contracts.ValidateRecordingFileEvidence count=1020 inclusive_ns=123059925 exclusive_ns=123059925
[cost] operation=checkpoint-cold scope=catalog.lock.hold/catalog.CheckpointLocked/checkpoint.originalSemantic/catalog.ApplyMutationLocked/contracts.ValidateRecordingSourceBindingForSegment count=1020 inclusive_ns=139373249 exclusive_ns=18417906
[cost] operation=checkpoint-cold scope=catalog.lock.hold/catalog.CheckpointLocked/checkpoint.originalSemantic/catalog.ApplyMutationLocked/contracts.ValidateRecordingSourceBindingForSegment/contracts.ValidateRecordingSourceBindingV1 count=1020 inclusive_ns=120955343 exclusive_ns=2427097
[cost] operation=checkpoint-cold scope=catalog.lock.hold/catalog.CheckpointLocked/checkpoint.originalSemantic/catalog.ApplyMutationLocked/contracts.ValidateRecordingSourceBindingForSegment/contracts.ValidateRecordingSourceBindingV1/contracts.ValidateRecordingFileEvidence count=1020 inclusive_ns=118528246 exclusive_ns=118528246
[cost] operation=checkpoint-cold scope=catalog.lock.hold/catalog.CheckpointLocked/journal.CommitCheckpoint count=1 inclusive_ns=204175834 exclusive_ns=1012292
[cost] operation=checkpoint-cold scope=catalog.lock.hold/catalog.CheckpointLocked/journal.CommitCheckpoint/checkpoint.candidateFields count=1 inclusive_ns=1177250 exclusive_ns=1177250
[cost] operation=checkpoint-cold scope=catalog.lock.hold/catalog.CheckpointLocked/journal.CommitCheckpoint/checkpoint.write count=1 inclusive_ns=28748917 exclusive_ns=14917381
[cost] operation=checkpoint-cold scope=catalog.lock.hold/catalog.CheckpointLocked/journal.CommitCheckpoint/checkpoint.write/journal.EnvelopeIdentity count=4080 inclusive_ns=13831536 exclusive_ns=8843633
[cost] operation=checkpoint-cold scope=catalog.lock.hold/catalog.CheckpointLocked/journal.CommitCheckpoint/checkpoint.write/journal.EnvelopeIdentity/journal.SerializeRecordingMutationV1 count=4080 inclusive_ns=4987903 exclusive_ns=4987903
[cost] operation=checkpoint-cold scope=catalog.lock.hold/catalog.CheckpointLocked/journal.CommitCheckpoint/journal.CompactRecords count=1 inclusive_ns=168081667 exclusive_ns=164764978
[cost] operation=checkpoint-cold scope=catalog.lock.hold/catalog.CheckpointLocked/journal.CommitCheckpoint/journal.CompactRecords/journal.SerializeRecordingMutationV1 count=2040 inclusive_ns=3316689 exclusive_ns=3316689
[cost] operation=checkpoint-cold scope=catalog.lock.hold/catalog.CheckpointLocked/journal.CommitCheckpoint/journal.JournalBytes count=1 inclusive_ns=5155708 exclusive_ns=3525207
[cost] operation=checkpoint-cold scope=catalog.lock.hold/catalog.CheckpointLocked/journal.CommitCheckpoint/journal.JournalBytes/journal.SerializeRecordingMutationV1 count=2040 inclusive_ns=1630501 exclusive_ns=1630501
[cost] operation=checkpoint-cold scope=catalog.lock.hold/catalog.CheckpointLocked/journal.PrepareCheckpoint count=1 inclusive_ns=166958667 exclusive_ns=50042
[cost] operation=checkpoint-cold scope=catalog.lock.hold/catalog.CheckpointLocked/journal.PrepareCheckpoint/journal.CompactRecords count=1 inclusive_ns=166908625 exclusive_ns=163495235
[cost] operation=checkpoint-cold scope=catalog.lock.hold/catalog.CheckpointLocked/journal.PrepareCheckpoint/journal.CompactRecords/journal.SerializeRecordingMutationV1 count=2040 inclusive_ns=3413390 exclusive_ns=3413390
[cost] operation=checkpoint-cold scope=catalog.lock.wait count=1 inclusive_ns=83 exclusive_ns=83
[probe-wall] {"stage":"checkpoint-cold","elapsedUs":4197420,"ok":true}
[probe-rss] {"stage":"checkpoint-cold","currentBytes":241680384,"peakBytes":241680384}
[cache-path] {"run":1,"originalRecords":4080,"reusedPrefix":0,"originalApplied":4080,"cacheBefore":false,"cacheAfter":true,"residentBindings":0}
[probe-stage] checkpoint-repeat begin
[probe-process] {"mode":"--catalog","exit":null,"signal":"SIGTERM","stopped":"time-cap","elapsedMs":15004.735708000002,"peakObservedRssBytes":241729536,"metricsUnavailable":0,"timeoutMs":15000,"diskBytes":68194882,"parentRssBytes":133054464}
[fail] LP26-O10 time-cap
[probe-reader-cleanup] {"readers":2,"closed":true,"elapsedMs":26429.578375,"diskBytes":68194882,"parentRssBytes":133054464}
[cleanup] {"root":"/private/var/folders/k0/qhmr6zdx11q0_41wfx4dsd200000gn/T/media-server-catalog-cost.3y8WBr","bytes":68194882,"absent":true}
[exit] code=1 elapsed_seconds=34 source=bash-SECONDS token_usage=unavailable
