572a91645d2d8345e11e15603e50dce8750a78b8
Darwin arm64
Apple clang version 21.0.0 (clang-2100.3.34.2)
Target: arm64-apple-darwin27.0.0
Thread model: posix
InstalledDir: /Library/Developer/CommandLineTools/usr/bin
1.28.1
3.51.0
3.6.2
9a3bae35177830e3432a30b69577faaa5d481df2a97a0349134d6966056c5102  /Users/dhseo/Workspace/mediaServer/scripts/internal/recording_accumulation_probe.cpp
c29aaf6e49f1ae4c5fe8555461d14d24096c4323cb4896df037a65e5f4c0974c  /Users/dhseo/Workspace/mediaServer/scripts/internal/recording_accumulation_run.mjs
4f0fde3cf381bc0d4d545b87589e5f0c5a7ee5ea35dbdb894a90a44db5545ea5  /Users/dhseo/Workspace/mediaServer/scripts/internal/recording_accumulation_prepare.mjs
6b6ee5472a144564b35ce7b933a5f791b9b4a7f8c8aef64f67559e3349e3cf51  /Users/dhseo/Workspace/mediaServer/scripts/internal/recording_current_observer.mjs
[source] file=recording_catalog.cpp original_sha256=2d4ff3953519de61e7c5e4d2cb89a0b6e8992c318611569702bc1e5459cb0d32 instrumented_sha256=7f50dac231e1b48b392522aad7a59eef652c64b6b61aa3529b2d4980464dd923
[source] file=recording_journal.cpp original_sha256=5aee2cf6d7a8e23a3d3965f2f7d4bb8715e33462924723f6c4a17fafcae4c8ef instrumented_sha256=447d85259724b2464337933d14eefe2506aa610d9251c3acda49debd97eaf972
[source] file=recording_contracts.cpp original_sha256=960635a08aa900bebfae961cd9e534ab6b91fbace213e1a7416227e7292ec890 instrumented_sha256=a99bc03ee76dbbd7342d06ea2db70258451d371889eacd384be541bee574e1c6
[source] file=recording_checkpoint_validation.h original_sha256=0162fc707fb89f23e7fa251c960b4f1d87a736524cfc89c2f49163c177e9487a instrumented_sha256=92354b974d664c88be430781853811b0f67dee67813667b3bf0fca7b2204b707
[pass] FC01 exact insertion checks count=102
[probe-instrument] {"catalogSha256":"7ff514738226c9452aa2244a46bbd41f222918cff196499b452d683ee63c7e23","exactCacheInsertion":1,"productFilesChanged":false}
[bounded-exit] code=0 signal=none timeout=false
[bounded-exit] code=0 signal=none timeout=false
[bounded-exit] code=0 signal=none timeout=false
[pass] seed FE02 writer start
[pass] seed FE04 bound finalized mutation segment0
[measure] writer_push_finalize_us=25380 input_aus=60 segments=1
[fixture-shape] {"sources":2049,"records":8196,"journalBytes":38420091,"cacheChargeBytes":38526639,"expectedCacheAdmission":false,"mediaFiles":0,"samplesPerSource":60}
[pass] LP26-O10-A02 typed segment binding tombstone serialization and seed file verification
[probe-rss] {"stage":"generated","currentBytes":43712512,"peakBytes":43909120}
[probe-process] {"mode":"--generate","exit":0,"signal":null,"stopped":null,"elapsedMs":3827.895167,"peakObservedRssBytes":43712512,"metricsUnavailable":0,"stageLimitMs":null,"technicalCapMs":60000,"diskBytes":53104473,"parentRssBytes":68124672}
[pass] LP26-O10-B 2049 initial exact-count-prefix
[probe-drain] {"sources":2049,"phase":"initial","elapsedMs":11056.897375,"polls":2,"fresh":8196,"rotations":0,"before":{"diskBytes":53104473,"parentRssBytes":68255744},"after":{"diskBytes":53104473,"parentRssBytes":178618368},"nativeTimeoutMs":3000,"observationLimitMs":15000,"performancePass":false}
[probe-stage] recovery begin
[cost] operation=recovery scope=catalog.lock.hold count=1 inclusive_ns=10684652750 exclusive_ns=1056604558
[cost] operation=recovery scope=catalog.lock.hold/catalog.ApplyMutationLocked count=16392 inclusive_ns=8957400573 exclusive_ns=3700047649
[cost] operation=recovery scope=catalog.lock.hold/catalog.ApplyMutationLocked/contracts.ParseRecordingSourceBindingV1 count=4034 inclusive_ns=4684854739 exclusive_ns=4206882273
[cost] operation=recovery scope=catalog.lock.hold/catalog.ApplyMutationLocked/contracts.ParseRecordingSourceBindingV1/contracts.ValidateRecordingSourceBindingV1 count=4034 inclusive_ns=477972466 exclusive_ns=9580717
[cost] operation=recovery scope=catalog.lock.hold/catalog.ApplyMutationLocked/contracts.ParseRecordingSourceBindingV1/contracts.ValidateRecordingSourceBindingV1/contracts.ValidateRecordingFileEvidence count=4034 inclusive_ns=468391749 exclusive_ns=468391749
[cost] operation=recovery scope=catalog.lock.hold/catalog.ApplyMutationLocked/contracts.SerializeRecordingSourceBindingV1 count=64 inclusive_ns=21106500 exclusive_ns=13658500
[cost] operation=recovery scope=catalog.lock.hold/catalog.ApplyMutationLocked/contracts.SerializeRecordingSourceBindingV1/contracts.ValidateRecordingSourceBindingV1 count=64 inclusive_ns=7448000 exclusive_ns=140459
[cost] operation=recovery scope=catalog.lock.hold/catalog.ApplyMutationLocked/contracts.SerializeRecordingSourceBindingV1/contracts.ValidateRecordingSourceBindingV1/contracts.ValidateRecordingFileEvidence count=64 inclusive_ns=7307541 exclusive_ns=7307541
[cost] operation=recovery scope=catalog.lock.hold/catalog.ApplyMutationLocked/contracts.ValidateRecordingSourceBindingForSegment count=4098 inclusive_ns=551391685 exclusive_ns=72613528
[cost] operation=recovery scope=catalog.lock.hold/catalog.ApplyMutationLocked/contracts.ValidateRecordingSourceBindingForSegment/contracts.ValidateRecordingSourceBindingV1 count=4098 inclusive_ns=478778157 exclusive_ns=9145505
[cost] operation=recovery scope=catalog.lock.hold/catalog.ApplyMutationLocked/contracts.ValidateRecordingSourceBindingForSegment/contracts.ValidateRecordingSourceBindingV1/contracts.ValidateRecordingFileEvidence count=4098 inclusive_ns=469632652 exclusive_ns=469632652
[cost] operation=recovery scope=catalog.lock.hold/catalog.lock.hold count=1 inclusive_ns=125 exclusive_ns=125
[cost] operation=recovery scope=catalog.lock.hold/catalog.lock.wait count=1 inclusive_ns=209 exclusive_ns=209
[cost] operation=recovery scope=catalog.lock.hold/contracts.SerializeRecordingSourceBindingV1 count=1985 inclusive_ns=650383353 exclusive_ns=415381898
[cost] operation=recovery scope=catalog.lock.hold/contracts.SerializeRecordingSourceBindingV1/contracts.ValidateRecordingSourceBindingV1 count=1985 inclusive_ns=235001455 exclusive_ns=4676252
[cost] operation=recovery scope=catalog.lock.hold/contracts.SerializeRecordingSourceBindingV1/contracts.ValidateRecordingSourceBindingV1/contracts.ValidateRecordingFileEvidence count=1985 inclusive_ns=230325203 exclusive_ns=230325203
[cost] operation=recovery scope=catalog.lock.hold/journal.ReadCheckpointRecords count=2 inclusive_ns=2342916 exclusive_ns=2342916
[cost] operation=recovery scope=catalog.lock.hold/journal.SerializeRecordingMutationV1 count=12294 inclusive_ns=17921016 exclusive_ns=17921016
[cost] operation=recovery scope=catalog.lock.wait count=1 inclusive_ns=166 exclusive_ns=166
[cost] operation=recovery scope=journal.IndexRecord count=8196 inclusive_ns=96241224 exclusive_ns=73172192
[cost] operation=recovery scope=journal.IndexRecord/journal.SerializeRecordingMutationV1 count=16392 inclusive_ns=23069032 exclusive_ns=23069032
[cost] operation=recovery scope=journal.ParseRecordingMutationV1 count=8196 inclusive_ns=1232733519 exclusive_ns=1232733519
[probe-wall] {"stage":"recovery","elapsedUs":12142510,"ok":true}
[probe-rss] {"stage":"recovery","currentBytes":243040256,"peakBytes":243040256}
[catalog-shape] {"sources":2049,"records":8196,"deleted":2049,"residentBindings":0}
[pass] LP26-O10-A02 strict Open exact4N and deletedN zero recovery errors
[probe-stage] timeline-projection begin
[probe-wall] {"stage":"timeline-projection","elapsedUs":9187,"ok":true}
[probe-rss] {"stage":"timeline-projection","currentBytes":246087680,"peakBytes":246087680}
[pass] LP26-O14 accumulated timeline keeps deleted rows unavailable
[probe-stage] cold-binding begin
[cost] operation=cold-binding scope=contracts.ParseRecordingSourceBindingV1 count=2 inclusive_ns=2348792 exclusive_ns=2107251
[cost] operation=cold-binding scope=contracts.ParseRecordingSourceBindingV1/contracts.ValidateRecordingSourceBindingV1 count=2 inclusive_ns=241541 exclusive_ns=5957
[cost] operation=cold-binding scope=contracts.ParseRecordingSourceBindingV1/contracts.ValidateRecordingSourceBindingV1/contracts.ValidateRecordingFileEvidence count=2 inclusive_ns=235584 exclusive_ns=235584
[cost] operation=cold-binding scope=contracts.ValidateRecordingSourceBindingForSegment count=2 inclusive_ns=315500 exclusive_ns=40458
[cost] operation=cold-binding scope=contracts.ValidateRecordingSourceBindingForSegment/contracts.ValidateRecordingSourceBindingV1 count=2 inclusive_ns=275042 exclusive_ns=5375
[cost] operation=cold-binding scope=contracts.ValidateRecordingSourceBindingForSegment/contracts.ValidateRecordingSourceBindingV1/contracts.ValidateRecordingFileEvidence count=2 inclusive_ns=269667 exclusive_ns=269667
[cost] operation=cold-binding scope=journal.EnvelopeIdentity count=2 inclusive_ns=26250 exclusive_ns=13749
[cost] operation=cold-binding scope=journal.EnvelopeIdentity/journal.SerializeRecordingMutationV1 count=2 inclusive_ns=12501 exclusive_ns=12501
[cost] operation=cold-binding scope=journal.ParseRecordingMutationV1 count=2 inclusive_ns=824750 exclusive_ns=824750
[probe-wall] {"stage":"cold-binding","elapsedUs":5119,"ok":true}
[probe-rss] {"stage":"cold-binding","currentBytes":246087680,"peakBytes":246087680}
[probe-stage] checkpoint-cold begin
[cost] operation=checkpoint-cold scope=catalog.lock.hold count=1 inclusive_ns=7860354459 exclusive_ns=56876
[cost] operation=checkpoint-cold scope=catalog.lock.hold/catalog.CheckpointLocked count=1 inclusive_ns=7860297583 exclusive_ns=113283291
[cost] operation=checkpoint-cold scope=catalog.lock.hold/catalog.CheckpointLocked/candidate.identical count=1 inclusive_ns=0 exclusive_ns=0
[cost] operation=checkpoint-cold scope=catalog.lock.hold/catalog.CheckpointLocked/catalog.lock.hold count=1 inclusive_ns=625 exclusive_ns=625
[cost] operation=checkpoint-cold scope=catalog.lock.hold/catalog.CheckpointLocked/catalog.lock.wait count=1 inclusive_ns=625 exclusive_ns=625
[cost] operation=checkpoint-cold scope=catalog.lock.hold/catalog.CheckpointLocked/checkpoint.ReadCheckpointRecords count=1 inclusive_ns=2537764083 exclusive_ns=1666
[cost] operation=checkpoint-cold scope=catalog.lock.hold/catalog.CheckpointLocked/checkpoint.ReadCheckpointRecords/journal.ReadCheckpointRecords count=1 inclusive_ns=2537762417 exclusive_ns=1259960430
[cost] operation=checkpoint-cold scope=catalog.lock.hold/catalog.CheckpointLocked/checkpoint.ReadCheckpointRecords/journal.ReadCheckpointRecords/journal.EnvelopeIdentity count=8196 inclusive_ns=29876553 exclusive_ns=18291792
[cost] operation=checkpoint-cold scope=catalog.lock.hold/catalog.CheckpointLocked/checkpoint.ReadCheckpointRecords/journal.ReadCheckpointRecords/journal.EnvelopeIdentity/journal.SerializeRecordingMutationV1 count=8196 inclusive_ns=11584761 exclusive_ns=11584761
[cost] operation=checkpoint-cold scope=catalog.lock.hold/catalog.CheckpointLocked/checkpoint.ReadCheckpointRecords/journal.ReadCheckpointRecords/journal.ParseRecordingMutationV1 count=8196 inclusive_ns=1247925434 exclusive_ns=1247925434
[cost] operation=checkpoint-cold scope=catalog.lock.hold/catalog.CheckpointLocked/checkpoint.SameSequence count=1 inclusive_ns=2197792 exclusive_ns=2197792
[cost] operation=checkpoint-cold scope=catalog.lock.hold/catalog.CheckpointLocked/checkpoint.originalSemantic count=1 inclusive_ns=4470669084 exclusive_ns=4517392
[cost] operation=checkpoint-cold scope=catalog.lock.hold/catalog.CheckpointLocked/checkpoint.originalSemantic/catalog.ApplyMutationLocked count=8196 inclusive_ns=4466151692 exclusive_ns=1811167621
[cost] operation=checkpoint-cold scope=catalog.lock.hold/catalog.CheckpointLocked/checkpoint.originalSemantic/catalog.ApplyMutationLocked/contracts.ParseRecordingSourceBindingV1 count=2049 inclusive_ns=2379220489 exclusive_ns=2136164441
[cost] operation=checkpoint-cold scope=catalog.lock.hold/catalog.CheckpointLocked/checkpoint.originalSemantic/catalog.ApplyMutationLocked/contracts.ParseRecordingSourceBindingV1/contracts.ValidateRecordingSourceBindingV1 count=2049 inclusive_ns=243056048 exclusive_ns=5094204
[cost] operation=checkpoint-cold scope=catalog.lock.hold/catalog.CheckpointLocked/checkpoint.originalSemantic/catalog.ApplyMutationLocked/contracts.ParseRecordingSourceBindingV1/contracts.ValidateRecordingSourceBindingV1/contracts.ValidateRecordingFileEvidence count=2049 inclusive_ns=237961844 exclusive_ns=237961844
[cost] operation=checkpoint-cold scope=catalog.lock.hold/catalog.CheckpointLocked/checkpoint.originalSemantic/catalog.ApplyMutationLocked/contracts.ValidateRecordingSourceBindingForSegment count=2049 inclusive_ns=275763582 exclusive_ns=36350814
[cost] operation=checkpoint-cold scope=catalog.lock.hold/catalog.CheckpointLocked/checkpoint.originalSemantic/catalog.ApplyMutationLocked/contracts.ValidateRecordingSourceBindingForSegment/contracts.ValidateRecordingSourceBindingV1 count=2049 inclusive_ns=239412768 exclusive_ns=4800599
[cost] operation=checkpoint-cold scope=catalog.lock.hold/catalog.CheckpointLocked/checkpoint.originalSemantic/catalog.ApplyMutationLocked/contracts.ValidateRecordingSourceBindingForSegment/contracts.ValidateRecordingSourceBindingV1/contracts.ValidateRecordingFileEvidence count=2049 inclusive_ns=234612169 exclusive_ns=234612169
[cost] operation=checkpoint-cold scope=catalog.lock.hold/catalog.CheckpointLocked/journal.CommitCheckpoint count=1 inclusive_ns=401088458 exclusive_ns=1972959
[cost] operation=checkpoint-cold scope=catalog.lock.hold/catalog.CheckpointLocked/journal.CommitCheckpoint/checkpoint.candidateFields count=1 inclusive_ns=2068708 exclusive_ns=2068708
[cost] operation=checkpoint-cold scope=catalog.lock.hold/catalog.CheckpointLocked/journal.CommitCheckpoint/checkpoint.write count=1 inclusive_ns=49770167 exclusive_ns=21598033
[cost] operation=checkpoint-cold scope=catalog.lock.hold/catalog.CheckpointLocked/journal.CommitCheckpoint/checkpoint.write/journal.EnvelopeIdentity count=8196 inclusive_ns=28172134 exclusive_ns=17874319
[cost] operation=checkpoint-cold scope=catalog.lock.hold/catalog.CheckpointLocked/journal.CommitCheckpoint/checkpoint.write/journal.EnvelopeIdentity/journal.SerializeRecordingMutationV1 count=8196 inclusive_ns=10297815 exclusive_ns=10297815
[cost] operation=checkpoint-cold scope=catalog.lock.hold/catalog.CheckpointLocked/journal.CommitCheckpoint/journal.CompactRecords count=1 inclusive_ns=337069916 exclusive_ns=330146851
[cost] operation=checkpoint-cold scope=catalog.lock.hold/catalog.CheckpointLocked/journal.CommitCheckpoint/journal.CompactRecords/journal.SerializeRecordingMutationV1 count=4098 inclusive_ns=6923065 exclusive_ns=6923065
[cost] operation=checkpoint-cold scope=catalog.lock.hold/catalog.CheckpointLocked/journal.CommitCheckpoint/journal.JournalBytes count=1 inclusive_ns=10206708 exclusive_ns=6896194
[cost] operation=checkpoint-cold scope=catalog.lock.hold/catalog.CheckpointLocked/journal.CommitCheckpoint/journal.JournalBytes/journal.SerializeRecordingMutationV1 count=4098 inclusive_ns=3310514 exclusive_ns=3310514
[cost] operation=checkpoint-cold scope=catalog.lock.hold/catalog.CheckpointLocked/journal.PrepareCheckpoint count=1 inclusive_ns=335293625 exclusive_ns=50208
[cost] operation=checkpoint-cold scope=catalog.lock.hold/catalog.CheckpointLocked/journal.PrepareCheckpoint/journal.CompactRecords count=1 inclusive_ns=335243417 exclusive_ns=328371160
[cost] operation=checkpoint-cold scope=catalog.lock.hold/catalog.CheckpointLocked/journal.PrepareCheckpoint/journal.CompactRecords/journal.SerializeRecordingMutationV1 count=4098 inclusive_ns=6872257 exclusive_ns=6872257
[cost] operation=checkpoint-cold scope=catalog.lock.wait count=1 inclusive_ns=209 exclusive_ns=209
[probe-wall] {"stage":"checkpoint-cold","elapsedUs":7860356,"ok":true}
[probe-rss] {"stage":"checkpoint-cold","currentBytes":370327552,"peakBytes":370327552}
[cache-path] {"run":1,"originalRecords":8196,"reusedPrefix":0,"originalApplied":8196,"cacheBefore":false,"cacheAfter":false,"residentBindings":0}
[probe-stage] checkpoint-repeat begin
[cost] operation=checkpoint-repeat scope=catalog.lock.hold count=1 inclusive_ns=8428371458 exclusive_ns=76291
[cost] operation=checkpoint-repeat scope=catalog.lock.hold/catalog.CheckpointLocked count=1 inclusive_ns=8428295167 exclusive_ns=112251084
[cost] operation=checkpoint-repeat scope=catalog.lock.hold/catalog.CheckpointLocked/candidate.identical count=1 inclusive_ns=0 exclusive_ns=0
[cost] operation=checkpoint-repeat scope=catalog.lock.hold/catalog.CheckpointLocked/catalog.lock.hold count=1 inclusive_ns=250 exclusive_ns=250
[cost] operation=checkpoint-repeat scope=catalog.lock.hold/catalog.CheckpointLocked/catalog.lock.wait count=1 inclusive_ns=375 exclusive_ns=375
[cost] operation=checkpoint-repeat scope=catalog.lock.hold/catalog.CheckpointLocked/checkpoint.ReadCheckpointRecords count=1 inclusive_ns=3828710792 exclusive_ns=2167
[cost] operation=checkpoint-repeat scope=catalog.lock.hold/catalog.CheckpointLocked/checkpoint.ReadCheckpointRecords/journal.ReadCheckpointRecords count=1 inclusive_ns=3828708625 exclusive_ns=1258314733
[cost] operation=checkpoint-repeat scope=catalog.lock.hold/catalog.CheckpointLocked/checkpoint.ReadCheckpointRecords/journal.ReadCheckpointRecords/journal.EnvelopeIdentity count=8196 inclusive_ns=28900608 exclusive_ns=18389136
[cost] operation=checkpoint-repeat scope=catalog.lock.hold/catalog.CheckpointLocked/checkpoint.ReadCheckpointRecords/journal.ReadCheckpointRecords/journal.EnvelopeIdentity/journal.SerializeRecordingMutationV1 count=8196 inclusive_ns=10511472 exclusive_ns=10511472
[cost] operation=checkpoint-repeat scope=catalog.lock.hold/catalog.CheckpointLocked/checkpoint.ReadCheckpointRecords/journal.ReadCheckpointRecords/journal.ParseRecordingMutationV1 count=8196 inclusive_ns=2541493284 exclusive_ns=1394164194
[cost] operation=checkpoint-repeat scope=catalog.lock.hold/catalog.CheckpointLocked/checkpoint.ReadCheckpointRecords/journal.ReadCheckpointRecords/journal.ParseRecordingMutationV1/journal.ParseRecordingMutationV1 count=4098 inclusive_ns=1139863736 exclusive_ns=1139863736
[cost] operation=checkpoint-repeat scope=catalog.lock.hold/catalog.CheckpointLocked/checkpoint.ReadCheckpointRecords/journal.ReadCheckpointRecords/journal.ParseRecordingMutationV1/journal.SerializeRecordingMutationV1 count=4098 inclusive_ns=7465354 exclusive_ns=7465354
[cost] operation=checkpoint-repeat scope=catalog.lock.hold/catalog.CheckpointLocked/checkpoint.SameSequence count=1 inclusive_ns=1886167 exclusive_ns=1886167
[cost] operation=checkpoint-repeat scope=catalog.lock.hold/catalog.CheckpointLocked/checkpoint.originalSemantic count=1 inclusive_ns=4470398541 exclusive_ns=4927529
[cost] operation=checkpoint-repeat scope=catalog.lock.hold/catalog.CheckpointLocked/checkpoint.originalSemantic/catalog.ApplyMutationLocked count=8196 inclusive_ns=4465471012 exclusive_ns=1811199805
[cost] operation=checkpoint-repeat scope=catalog.lock.hold/catalog.CheckpointLocked/checkpoint.originalSemantic/catalog.ApplyMutationLocked/contracts.ParseRecordingSourceBindingV1 count=2049 inclusive_ns=2378495189 exclusive_ns=2135339141
[cost] operation=checkpoint-repeat scope=catalog.lock.hold/catalog.CheckpointLocked/checkpoint.originalSemantic/catalog.ApplyMutationLocked/contracts.ParseRecordingSourceBindingV1/contracts.ValidateRecordingSourceBindingV1 count=2049 inclusive_ns=243156048 exclusive_ns=4835641
[cost] operation=checkpoint-repeat scope=catalog.lock.hold/catalog.CheckpointLocked/checkpoint.originalSemantic/catalog.ApplyMutationLocked/contracts.ParseRecordingSourceBindingV1/contracts.ValidateRecordingSourceBindingV1/contracts.ValidateRecordingFileEvidence count=2049 inclusive_ns=238320407 exclusive_ns=238320407
[cost] operation=checkpoint-repeat scope=catalog.lock.hold/catalog.CheckpointLocked/checkpoint.originalSemantic/catalog.ApplyMutationLocked/contracts.ValidateRecordingSourceBindingForSegment count=2049 inclusive_ns=275776018 exclusive_ns=36442019
[cost] operation=checkpoint-repeat scope=catalog.lock.hold/catalog.CheckpointLocked/checkpoint.originalSemantic/catalog.ApplyMutationLocked/contracts.ValidateRecordingSourceBindingForSegment/contracts.ValidateRecordingSourceBindingV1 count=2049 inclusive_ns=239333999 exclusive_ns=4765219
[cost] operation=checkpoint-repeat scope=catalog.lock.hold/catalog.CheckpointLocked/checkpoint.originalSemantic/catalog.ApplyMutationLocked/contracts.ValidateRecordingSourceBindingForSegment/contracts.ValidateRecordingSourceBindingV1/contracts.ValidateRecordingFileEvidence count=2049 inclusive_ns=234568780 exclusive_ns=234568780
[cost] operation=checkpoint-repeat scope=catalog.lock.hold/catalog.CheckpointLocked/journal.CommitCheckpoint count=1 inclusive_ns=12874750 exclusive_ns=1163376
[cost] operation=checkpoint-repeat scope=catalog.lock.hold/catalog.CheckpointLocked/journal.CommitCheckpoint/checkpoint.candidateFields count=1 inclusive_ns=1795250 exclusive_ns=1795250
[cost] operation=checkpoint-repeat scope=catalog.lock.hold/catalog.CheckpointLocked/journal.CommitCheckpoint/checkpoint.noWrite count=1 inclusive_ns=0 exclusive_ns=0
[cost] operation=checkpoint-repeat scope=catalog.lock.hold/catalog.CheckpointLocked/journal.CommitCheckpoint/journal.CompactRecords count=1 inclusive_ns=2194208 exclusive_ns=2194208
[cost] operation=checkpoint-repeat scope=catalog.lock.hold/catalog.CheckpointLocked/journal.CommitCheckpoint/journal.JournalBytes count=1 inclusive_ns=7721916 exclusive_ns=4415367
[cost] operation=checkpoint-repeat scope=catalog.lock.hold/catalog.CheckpointLocked/journal.CommitCheckpoint/journal.JournalBytes/journal.SerializeRecordingMutationV1 count=4098 inclusive_ns=3306549 exclusive_ns=3306549
[cost] operation=checkpoint-repeat scope=catalog.lock.hold/catalog.CheckpointLocked/journal.PrepareCheckpoint count=1 inclusive_ns=2173208 exclusive_ns=50833
[cost] operation=checkpoint-repeat scope=catalog.lock.hold/catalog.CheckpointLocked/journal.PrepareCheckpoint/journal.CompactRecords count=1 inclusive_ns=2122375 exclusive_ns=2122375
[cost] operation=checkpoint-repeat scope=catalog.lock.wait count=1 inclusive_ns=83 exclusive_ns=83
[probe-wall] {"stage":"checkpoint-repeat","elapsedUs":8428373,"ok":true}
[probe-rss] {"stage":"checkpoint-repeat","currentBytes":370622464,"peakBytes":370622464}
[cache-path] {"run":2,"originalRecords":8196,"reusedPrefix":0,"originalApplied":8196,"cacheBefore":false,"cacheAfter":false,"residentBindings":0}
[pass] LP26-O10-C02 cache prefix or full fallback exact oracle
[contention] {"sources":2049,"checkpointLockObserved":true,"checkpointOk":true,"timelineOk":true,"timelineElapsedUs":8435488,"httpBudgetMs":4000}
[fail] LP26-O10 native concurrent-timeline-four-second-budget
[probe-process] {"mode":"--catalog","exit":1,"signal":null,"stopped":null,"elapsedMs":36941.804458,"peakObservedRssBytes":370655232,"metricsUnavailable":0,"stageLimitMs":15000,"technicalCapMs":65000,"diskBytes":39107881,"parentRssBytes":193462272}
[fail] LP26-O10 native-stage-failed
[probe-reader-cleanup] {"readers":1,"closed":true,"elapsedMs":51832.099167,"diskBytes":39107881,"parentRssBytes":193478656}
[cleanup] {"root":"/private/var/folders/k0/qhmr6zdx11q0_41wfx4dsd200000gn/T/media-server-catalog-cost.DPZkrC","bytes":39107881,"absent":true}
[exit] code=1 elapsed_seconds=60 source=bash-SECONDS token_usage=unavailable
