6a025e7824cb5539c248ca1c4c588e989ff76369
Darwin arm64
Apple clang version 21.0.0 (clang-2100.3.34.2)
Target: arm64-apple-darwin27.0.0
Thread model: posix
InstalledDir: /Library/Developer/CommandLineTools/usr/bin
1.28.1
3.51.0
3.6.2
c75a8966702b94207619244a7a7ab48552d1cdd2ebb473466c989f9b079d2e57  /Users/dhseo/Workspace/mediaServer/scripts/internal/recording_accumulation_probe.cpp
fb0f9d4647c2ce56cb4c55c7ad598392dbb4d49c66fd8f7cdb41d6f3b40add1a  /Users/dhseo/Workspace/mediaServer/scripts/internal/recording_accumulation_run.mjs
4f0fde3cf381bc0d4d545b87589e5f0c5a7ee5ea35dbdb894a90a44db5545ea5  /Users/dhseo/Workspace/mediaServer/scripts/internal/recording_accumulation_prepare.mjs
6b6ee5472a144564b35ce7b933a5f791b9b4a7f8c8aef64f67559e3349e3cf51  /Users/dhseo/Workspace/mediaServer/scripts/internal/recording_current_observer.mjs
[source] file=recording_catalog.cpp original_sha256=2d4ff3953519de61e7c5e4d2cb89a0b6e8992c318611569702bc1e5459cb0d32 instrumented_sha256=7f50dac231e1b48b392522aad7a59eef652c64b6b61aa3529b2d4980464dd923
[source] file=recording_journal.cpp original_sha256=5aee2cf6d7a8e23a3d3965f2f7d4bb8715e33462924723f6c4a17fafcae4c8ef instrumented_sha256=447d85259724b2464337933d14eefe2506aa610d9251c3acda49debd97eaf972
[source] file=recording_contracts.cpp original_sha256=960635a08aa900bebfae961cd9e534ab6b91fbace213e1a7416227e7292ec890 instrumented_sha256=a99bc03ee76dbbd7342d06ea2db70258451d371889eacd384be541bee574e1c6
[source] file=recording_checkpoint_validation.h original_sha256=0162fc707fb89f23e7fa251c960b4f1d87a736524cfc89c2f49163c177e9487a instrumented_sha256=92354b974d664c88be430781853811b0f67dee67813667b3bf0fca7b2204b707
[pass] FC01 exact insertion checks count=102
[probe-instrument] {"catalogSha256":"7ff514738226c9452aa2244a46bbd41f222918cff196499b452d683ee63c7e23","exactCacheInsertion":1,"productFilesChanged":false}
[100%] Built target media_server_runtime
[linked-archive] testId=LP26-O14-C source=cmake-target:media_server_runtime archive=/Users/dhseo/Workspace/mediaServer/build-gst-onnx/libmedia_server_runtime.a sha256=19d70773abe3f9bc0fed0b1def5997c47b546dafeafa0796c8db09cc2b691d80
[bounded-exit] code=0 signal=none timeout=false
[bounded-exit] code=0 signal=none timeout=false
[bounded-exit] code=0 signal=none timeout=false
[pass] seed FE02 writer start
[pass] seed FE04 bound finalized mutation segment0
[measure] writer_push_finalize_us=25955 input_aus=60 segments=1
[fixture-shape] {"sources":2049,"records":8196,"journalBytes":38420091,"cacheChargeBytes":38526639,"expectedCacheAdmission":false,"mediaFiles":0,"samplesPerSource":60}
[pass] LP26-O10-A02 typed segment binding tombstone serialization and seed file verification
[probe-rss] {"stage":"generated","currentBytes":43581440,"peakBytes":43778048}
[probe-process] {"mode":"--generate","exit":0,"signal":null,"stopped":null,"elapsedMs":3834.217875,"peakObservedRssBytes":43581440,"metricsUnavailable":0,"stageLimitMs":null,"technicalCapMs":60000,"diskBytes":53136297,"parentRssBytes":69533696}
[pass] LP26-O10-B 2049 initial exact-count-prefix
[probe-drain] {"sources":2049,"phase":"initial","elapsedMs":11076.606166000001,"polls":2,"fresh":8196,"rotations":0,"before":{"diskBytes":53136297,"parentRssBytes":69664768},"after":{"diskBytes":53136297,"parentRssBytes":177094656},"nativeTimeoutMs":3000,"observationLimitMs":15000,"performancePass":false}
[probe-stage] recovery begin
[cost] operation=recovery scope=catalog.lock.hold count=1 inclusive_ns=10650789750 exclusive_ns=1052247768
[cost] operation=recovery scope=catalog.lock.hold/catalog.ApplyMutationLocked count=16392 inclusive_ns=8924965005 exclusive_ns=3689448714
[cost] operation=recovery scope=catalog.lock.hold/catalog.ApplyMutationLocked/contracts.ParseRecordingSourceBindingV1 count=4034 inclusive_ns=4659028343 exclusive_ns=4177397934
[cost] operation=recovery scope=catalog.lock.hold/catalog.ApplyMutationLocked/contracts.ParseRecordingSourceBindingV1/contracts.ValidateRecordingSourceBindingV1 count=4034 inclusive_ns=481630409 exclusive_ns=9970902
[cost] operation=recovery scope=catalog.lock.hold/catalog.ApplyMutationLocked/contracts.ParseRecordingSourceBindingV1/contracts.ValidateRecordingSourceBindingV1/contracts.ValidateRecordingFileEvidence count=4034 inclusive_ns=471659507 exclusive_ns=471659507
[cost] operation=recovery scope=catalog.lock.hold/catalog.ApplyMutationLocked/contracts.SerializeRecordingSourceBindingV1 count=64 inclusive_ns=21084456 exclusive_ns=13530291
[cost] operation=recovery scope=catalog.lock.hold/catalog.ApplyMutationLocked/contracts.SerializeRecordingSourceBindingV1/contracts.ValidateRecordingSourceBindingV1 count=64 inclusive_ns=7554165 exclusive_ns=147711
[cost] operation=recovery scope=catalog.lock.hold/catalog.ApplyMutationLocked/contracts.SerializeRecordingSourceBindingV1/contracts.ValidateRecordingSourceBindingV1/contracts.ValidateRecordingFileEvidence count=64 inclusive_ns=7406454 exclusive_ns=7406454
[cost] operation=recovery scope=catalog.lock.hold/catalog.ApplyMutationLocked/contracts.ValidateRecordingSourceBindingForSegment count=4098 inclusive_ns=555403492 exclusive_ns=73346048
[cost] operation=recovery scope=catalog.lock.hold/catalog.ApplyMutationLocked/contracts.ValidateRecordingSourceBindingForSegment/contracts.ValidateRecordingSourceBindingV1 count=4098 inclusive_ns=482057444 exclusive_ns=9589381
[cost] operation=recovery scope=catalog.lock.hold/catalog.ApplyMutationLocked/contracts.ValidateRecordingSourceBindingForSegment/contracts.ValidateRecordingSourceBindingV1/contracts.ValidateRecordingFileEvidence count=4098 inclusive_ns=472468063 exclusive_ns=472468063
[cost] operation=recovery scope=catalog.lock.hold/catalog.lock.hold count=1 inclusive_ns=167 exclusive_ns=167
[cost] operation=recovery scope=catalog.lock.hold/catalog.lock.wait count=1 inclusive_ns=208 exclusive_ns=208
[cost] operation=recovery scope=catalog.lock.hold/contracts.SerializeRecordingSourceBindingV1 count=1985 inclusive_ns=653190375 exclusive_ns=417121341
[cost] operation=recovery scope=catalog.lock.hold/contracts.SerializeRecordingSourceBindingV1/contracts.ValidateRecordingSourceBindingV1 count=1985 inclusive_ns=236069034 exclusive_ns=4830971
[cost] operation=recovery scope=catalog.lock.hold/contracts.SerializeRecordingSourceBindingV1/contracts.ValidateRecordingSourceBindingV1/contracts.ValidateRecordingFileEvidence count=1985 inclusive_ns=231238063 exclusive_ns=231238063
[cost] operation=recovery scope=catalog.lock.hold/journal.ReadCheckpointRecords count=2 inclusive_ns=2326916 exclusive_ns=2326916
[cost] operation=recovery scope=catalog.lock.hold/journal.SerializeRecordingMutationV1 count=12294 inclusive_ns=18059311 exclusive_ns=18059311
[cost] operation=recovery scope=catalog.lock.wait count=1 inclusive_ns=209 exclusive_ns=209
[cost] operation=recovery scope=journal.IndexRecord count=8196 inclusive_ns=96664693 exclusive_ns=73369416
[cost] operation=recovery scope=journal.IndexRecord/journal.SerializeRecordingMutationV1 count=16392 inclusive_ns=23295277 exclusive_ns=23295277
[cost] operation=recovery scope=journal.ParseRecordingMutationV1 count=8196 inclusive_ns=1231630244 exclusive_ns=1231630244
[probe-wall] {"stage":"recovery","elapsedUs":12105533,"ok":true}
[probe-rss] {"stage":"recovery","currentBytes":242843648,"peakBytes":242843648}
[catalog-shape] {"sources":2049,"records":8196,"deleted":2049,"residentBindings":0}
[pass] LP26-O10-A02 strict Open exact4N and deletedN zero recovery errors
[probe-stage] timeline-projection begin
[probe-wall] {"stage":"timeline-projection","elapsedUs":9556,"ok":true}
[probe-rss] {"stage":"timeline-projection","currentBytes":245858304,"peakBytes":245858304}
[pass] LP26-O14-B exact timeline count and deleted rows
[probe-stage] cold-binding begin
[cost] operation=cold-binding scope=contracts.ParseRecordingSourceBindingV1 count=2 inclusive_ns=2370625 exclusive_ns=2124042
[cost] operation=cold-binding scope=contracts.ParseRecordingSourceBindingV1/contracts.ValidateRecordingSourceBindingV1 count=2 inclusive_ns=246583 exclusive_ns=6083
[cost] operation=cold-binding scope=contracts.ParseRecordingSourceBindingV1/contracts.ValidateRecordingSourceBindingV1/contracts.ValidateRecordingFileEvidence count=2 inclusive_ns=240500 exclusive_ns=240500
[cost] operation=cold-binding scope=contracts.ValidateRecordingSourceBindingForSegment count=2 inclusive_ns=287168 exclusive_ns=39043
[cost] operation=cold-binding scope=contracts.ValidateRecordingSourceBindingForSegment/contracts.ValidateRecordingSourceBindingV1 count=2 inclusive_ns=248125 exclusive_ns=4875
[cost] operation=cold-binding scope=contracts.ValidateRecordingSourceBindingForSegment/contracts.ValidateRecordingSourceBindingV1/contracts.ValidateRecordingFileEvidence count=2 inclusive_ns=243250 exclusive_ns=243250
[cost] operation=cold-binding scope=journal.EnvelopeIdentity count=2 inclusive_ns=30584 exclusive_ns=14209
[cost] operation=cold-binding scope=journal.EnvelopeIdentity/journal.SerializeRecordingMutationV1 count=2 inclusive_ns=16375 exclusive_ns=16375
[cost] operation=cold-binding scope=journal.ParseRecordingMutationV1 count=2 inclusive_ns=848292 exclusive_ns=848292
[probe-wall] {"stage":"cold-binding","elapsedUs":5221,"ok":true}
[probe-rss] {"stage":"cold-binding","currentBytes":246005760,"peakBytes":246005760}
[probe-stage] checkpoint-cold begin
[cost] operation=checkpoint-cold scope=catalog.lock.hold count=1 inclusive_ns=7818060208 exclusive_ns=59416
[cost] operation=checkpoint-cold scope=catalog.lock.hold/catalog.CheckpointLocked count=1 inclusive_ns=7818000792 exclusive_ns=112870168
[cost] operation=checkpoint-cold scope=catalog.lock.hold/catalog.CheckpointLocked/candidate.identical count=1 inclusive_ns=0 exclusive_ns=0
[cost] operation=checkpoint-cold scope=catalog.lock.hold/catalog.CheckpointLocked/catalog.lock.hold count=1 inclusive_ns=292 exclusive_ns=292
[cost] operation=checkpoint-cold scope=catalog.lock.hold/catalog.CheckpointLocked/catalog.lock.wait count=1 inclusive_ns=500 exclusive_ns=500
[cost] operation=checkpoint-cold scope=catalog.lock.hold/catalog.CheckpointLocked/checkpoint.ReadCheckpointRecords count=1 inclusive_ns=2523181916 exclusive_ns=1833
[cost] operation=checkpoint-cold scope=catalog.lock.hold/catalog.CheckpointLocked/checkpoint.ReadCheckpointRecords/journal.ReadCheckpointRecords count=1 inclusive_ns=2523180083 exclusive_ns=1250680916
[cost] operation=checkpoint-cold scope=catalog.lock.hold/catalog.CheckpointLocked/checkpoint.ReadCheckpointRecords/journal.ReadCheckpointRecords/journal.EnvelopeIdentity count=8196 inclusive_ns=29922145 exclusive_ns=18340378
[cost] operation=checkpoint-cold scope=catalog.lock.hold/catalog.CheckpointLocked/checkpoint.ReadCheckpointRecords/journal.ReadCheckpointRecords/journal.EnvelopeIdentity/journal.SerializeRecordingMutationV1 count=8196 inclusive_ns=11581767 exclusive_ns=11581767
[cost] operation=checkpoint-cold scope=catalog.lock.hold/catalog.CheckpointLocked/checkpoint.ReadCheckpointRecords/journal.ReadCheckpointRecords/journal.ParseRecordingMutationV1 count=8196 inclusive_ns=1242577022 exclusive_ns=1242577022
[cost] operation=checkpoint-cold scope=catalog.lock.hold/catalog.CheckpointLocked/checkpoint.SameSequence count=1 inclusive_ns=2164208 exclusive_ns=2164208
[cost] operation=checkpoint-cold scope=catalog.lock.hold/catalog.CheckpointLocked/checkpoint.originalSemantic count=1 inclusive_ns=4446260125 exclusive_ns=4444826
[cost] operation=checkpoint-cold scope=catalog.lock.hold/catalog.CheckpointLocked/checkpoint.originalSemantic/catalog.ApplyMutationLocked count=8196 inclusive_ns=4441815299 exclusive_ns=1802420424
[cost] operation=checkpoint-cold scope=catalog.lock.hold/catalog.CheckpointLocked/checkpoint.originalSemantic/catalog.ApplyMutationLocked/contracts.ParseRecordingSourceBindingV1 count=2049 inclusive_ns=2362150642 exclusive_ns=2117952191
[cost] operation=checkpoint-cold scope=catalog.lock.hold/catalog.CheckpointLocked/checkpoint.originalSemantic/catalog.ApplyMutationLocked/contracts.ParseRecordingSourceBindingV1/contracts.ValidateRecordingSourceBindingV1 count=2049 inclusive_ns=244198451 exclusive_ns=5263115
[cost] operation=checkpoint-cold scope=catalog.lock.hold/catalog.CheckpointLocked/checkpoint.originalSemantic/catalog.ApplyMutationLocked/contracts.ParseRecordingSourceBindingV1/contracts.ValidateRecordingSourceBindingV1/contracts.ValidateRecordingFileEvidence count=2049 inclusive_ns=238935336 exclusive_ns=238935336
[cost] operation=checkpoint-cold scope=catalog.lock.hold/catalog.CheckpointLocked/checkpoint.originalSemantic/catalog.ApplyMutationLocked/contracts.ValidateRecordingSourceBindingForSegment count=2049 inclusive_ns=277244233 exclusive_ns=36575520
[cost] operation=checkpoint-cold scope=catalog.lock.hold/catalog.CheckpointLocked/checkpoint.originalSemantic/catalog.ApplyMutationLocked/contracts.ValidateRecordingSourceBindingForSegment/contracts.ValidateRecordingSourceBindingV1 count=2049 inclusive_ns=240668713 exclusive_ns=4920016
[cost] operation=checkpoint-cold scope=catalog.lock.hold/catalog.CheckpointLocked/checkpoint.originalSemantic/catalog.ApplyMutationLocked/contracts.ValidateRecordingSourceBindingForSegment/contracts.ValidateRecordingSourceBindingV1/contracts.ValidateRecordingFileEvidence count=2049 inclusive_ns=235748697 exclusive_ns=235748697
[cost] operation=checkpoint-cold scope=catalog.lock.hold/catalog.CheckpointLocked/journal.CommitCheckpoint count=1 inclusive_ns=399761125 exclusive_ns=1891126
[cost] operation=checkpoint-cold scope=catalog.lock.hold/catalog.CheckpointLocked/journal.CommitCheckpoint/checkpoint.candidateFields count=1 inclusive_ns=2181333 exclusive_ns=2181333
[cost] operation=checkpoint-cold scope=catalog.lock.hold/catalog.CheckpointLocked/journal.CommitCheckpoint/checkpoint.write count=1 inclusive_ns=49774292 exclusive_ns=21831358
[cost] operation=checkpoint-cold scope=catalog.lock.hold/catalog.CheckpointLocked/journal.CommitCheckpoint/checkpoint.write/journal.EnvelopeIdentity count=8196 inclusive_ns=27942934 exclusive_ns=17900101
[cost] operation=checkpoint-cold scope=catalog.lock.hold/catalog.CheckpointLocked/journal.CommitCheckpoint/checkpoint.write/journal.EnvelopeIdentity/journal.SerializeRecordingMutationV1 count=8196 inclusive_ns=10042833 exclusive_ns=10042833
[cost] operation=checkpoint-cold scope=catalog.lock.hold/catalog.CheckpointLocked/journal.CommitCheckpoint/journal.CompactRecords count=1 inclusive_ns=335780416 exclusive_ns=328894977
[cost] operation=checkpoint-cold scope=catalog.lock.hold/catalog.CheckpointLocked/journal.CommitCheckpoint/journal.CompactRecords/journal.SerializeRecordingMutationV1 count=4098 inclusive_ns=6885439 exclusive_ns=6885439
[cost] operation=checkpoint-cold scope=catalog.lock.hold/catalog.CheckpointLocked/journal.CommitCheckpoint/journal.JournalBytes count=1 inclusive_ns=10133958 exclusive_ns=6871442
[cost] operation=checkpoint-cold scope=catalog.lock.hold/catalog.CheckpointLocked/journal.CommitCheckpoint/journal.JournalBytes/journal.SerializeRecordingMutationV1 count=4098 inclusive_ns=3262516 exclusive_ns=3262516
[cost] operation=checkpoint-cold scope=catalog.lock.hold/catalog.CheckpointLocked/journal.PrepareCheckpoint count=1 inclusive_ns=333762458 exclusive_ns=51292
[cost] operation=checkpoint-cold scope=catalog.lock.hold/catalog.CheckpointLocked/journal.PrepareCheckpoint/journal.CompactRecords count=1 inclusive_ns=333711166 exclusive_ns=326974461
[cost] operation=checkpoint-cold scope=catalog.lock.hold/catalog.CheckpointLocked/journal.PrepareCheckpoint/journal.CompactRecords/journal.SerializeRecordingMutationV1 count=4098 inclusive_ns=6736705 exclusive_ns=6736705
[cost] operation=checkpoint-cold scope=catalog.lock.wait count=1 inclusive_ns=125 exclusive_ns=125
[probe-wall] {"stage":"checkpoint-cold","elapsedUs":7818061,"ok":true}
[probe-rss] {"stage":"checkpoint-cold","currentBytes":370900992,"peakBytes":370900992}
[cache-path] {"run":1,"originalRecords":8196,"reusedPrefix":0,"originalApplied":8196,"cacheBefore":false,"cacheAfter":false,"residentBindings":0}
[probe-stage] checkpoint-repeat begin
[cost] operation=checkpoint-repeat scope=catalog.lock.hold count=1 inclusive_ns=8398700375 exclusive_ns=87417
[cost] operation=checkpoint-repeat scope=catalog.lock.hold/catalog.CheckpointLocked count=1 inclusive_ns=8398612958 exclusive_ns=111360124
[cost] operation=checkpoint-repeat scope=catalog.lock.hold/catalog.CheckpointLocked/candidate.identical count=1 inclusive_ns=0 exclusive_ns=0
[cost] operation=checkpoint-repeat scope=catalog.lock.hold/catalog.CheckpointLocked/catalog.lock.hold count=1 inclusive_ns=250 exclusive_ns=250
[cost] operation=checkpoint-repeat scope=catalog.lock.hold/catalog.CheckpointLocked/catalog.lock.wait count=1 inclusive_ns=250 exclusive_ns=250
[cost] operation=checkpoint-repeat scope=catalog.lock.hold/catalog.CheckpointLocked/checkpoint.ReadCheckpointRecords count=1 inclusive_ns=3824244292 exclusive_ns=2500
[cost] operation=checkpoint-repeat scope=catalog.lock.hold/catalog.CheckpointLocked/checkpoint.ReadCheckpointRecords/journal.ReadCheckpointRecords count=1 inclusive_ns=3824241792 exclusive_ns=1256501712
[cost] operation=checkpoint-repeat scope=catalog.lock.hold/catalog.CheckpointLocked/checkpoint.ReadCheckpointRecords/journal.ReadCheckpointRecords/journal.EnvelopeIdentity count=8196 inclusive_ns=28686104 exclusive_ns=18389361
[cost] operation=checkpoint-repeat scope=catalog.lock.hold/catalog.CheckpointLocked/checkpoint.ReadCheckpointRecords/journal.ReadCheckpointRecords/journal.EnvelopeIdentity/journal.SerializeRecordingMutationV1 count=8196 inclusive_ns=10296743 exclusive_ns=10296743
[cost] operation=checkpoint-repeat scope=catalog.lock.hold/catalog.CheckpointLocked/checkpoint.ReadCheckpointRecords/journal.ReadCheckpointRecords/journal.ParseRecordingMutationV1 count=8196 inclusive_ns=2539053976 exclusive_ns=1394935893
[cost] operation=checkpoint-repeat scope=catalog.lock.hold/catalog.CheckpointLocked/checkpoint.ReadCheckpointRecords/journal.ReadCheckpointRecords/journal.ParseRecordingMutationV1/journal.ParseRecordingMutationV1 count=4098 inclusive_ns=1136690132 exclusive_ns=1136690132
[cost] operation=checkpoint-repeat scope=catalog.lock.hold/catalog.CheckpointLocked/checkpoint.ReadCheckpointRecords/journal.ReadCheckpointRecords/journal.ParseRecordingMutationV1/journal.SerializeRecordingMutationV1 count=4098 inclusive_ns=7427951 exclusive_ns=7427951
[cost] operation=checkpoint-repeat scope=catalog.lock.hold/catalog.CheckpointLocked/checkpoint.SameSequence count=1 inclusive_ns=1910750 exclusive_ns=1910750
[cost] operation=checkpoint-repeat scope=catalog.lock.hold/catalog.CheckpointLocked/checkpoint.originalSemantic count=1 inclusive_ns=4445716208 exclusive_ns=4672230
[cost] operation=checkpoint-repeat scope=catalog.lock.hold/catalog.CheckpointLocked/checkpoint.originalSemantic/catalog.ApplyMutationLocked count=8196 inclusive_ns=4441043978 exclusive_ns=1801883125
[cost] operation=checkpoint-repeat scope=catalog.lock.hold/catalog.CheckpointLocked/checkpoint.originalSemantic/catalog.ApplyMutationLocked/contracts.ParseRecordingSourceBindingV1 count=2049 inclusive_ns=2361049937 exclusive_ns=2116490395
[cost] operation=checkpoint-repeat scope=catalog.lock.hold/catalog.CheckpointLocked/checkpoint.originalSemantic/catalog.ApplyMutationLocked/contracts.ParseRecordingSourceBindingV1/contracts.ValidateRecordingSourceBindingV1 count=2049 inclusive_ns=244559542 exclusive_ns=4993484
[cost] operation=checkpoint-repeat scope=catalog.lock.hold/catalog.CheckpointLocked/checkpoint.originalSemantic/catalog.ApplyMutationLocked/contracts.ParseRecordingSourceBindingV1/contracts.ValidateRecordingSourceBindingV1/contracts.ValidateRecordingFileEvidence count=2049 inclusive_ns=239566058 exclusive_ns=239566058
[cost] operation=checkpoint-repeat scope=catalog.lock.hold/catalog.CheckpointLocked/checkpoint.originalSemantic/catalog.ApplyMutationLocked/contracts.ValidateRecordingSourceBindingForSegment count=2049 inclusive_ns=278110916 exclusive_ns=36797048
[cost] operation=checkpoint-repeat scope=catalog.lock.hold/catalog.CheckpointLocked/checkpoint.originalSemantic/catalog.ApplyMutationLocked/contracts.ValidateRecordingSourceBindingForSegment/contracts.ValidateRecordingSourceBindingV1 count=2049 inclusive_ns=241313868 exclusive_ns=4987993
[cost] operation=checkpoint-repeat scope=catalog.lock.hold/catalog.CheckpointLocked/checkpoint.originalSemantic/catalog.ApplyMutationLocked/contracts.ValidateRecordingSourceBindingForSegment/contracts.ValidateRecordingSourceBindingV1/contracts.ValidateRecordingFileEvidence count=2049 inclusive_ns=236325875 exclusive_ns=236325875
[cost] operation=checkpoint-repeat scope=catalog.lock.hold/catalog.CheckpointLocked/journal.CommitCheckpoint count=1 inclusive_ns=13172000 exclusive_ns=1152707
[cost] operation=checkpoint-repeat scope=catalog.lock.hold/catalog.CheckpointLocked/journal.CommitCheckpoint/checkpoint.candidateFields count=1 inclusive_ns=1828709 exclusive_ns=1828709
[cost] operation=checkpoint-repeat scope=catalog.lock.hold/catalog.CheckpointLocked/journal.CommitCheckpoint/checkpoint.noWrite count=1 inclusive_ns=0 exclusive_ns=0
[cost] operation=checkpoint-repeat scope=catalog.lock.hold/catalog.CheckpointLocked/journal.CommitCheckpoint/journal.CompactRecords count=1 inclusive_ns=2510042 exclusive_ns=2510042
[cost] operation=checkpoint-repeat scope=catalog.lock.hold/catalog.CheckpointLocked/journal.CommitCheckpoint/journal.JournalBytes count=1 inclusive_ns=7680542 exclusive_ns=4381728
[cost] operation=checkpoint-repeat scope=catalog.lock.hold/catalog.CheckpointLocked/journal.CommitCheckpoint/journal.JournalBytes/journal.SerializeRecordingMutationV1 count=4098 inclusive_ns=3298814 exclusive_ns=3298814
[cost] operation=checkpoint-repeat scope=catalog.lock.hold/catalog.CheckpointLocked/journal.PrepareCheckpoint count=1 inclusive_ns=2209084 exclusive_ns=51126
[cost] operation=checkpoint-repeat scope=catalog.lock.hold/catalog.CheckpointLocked/journal.PrepareCheckpoint/journal.CompactRecords count=1 inclusive_ns=2157958 exclusive_ns=2157958
[cost] operation=checkpoint-repeat scope=catalog.lock.wait count=1 inclusive_ns=83 exclusive_ns=83
[probe-wall] {"stage":"checkpoint-repeat","elapsedUs":8398702,"ok":true}
[probe-rss] {"stage":"checkpoint-repeat","currentBytes":371179520,"peakBytes":371179520}
[cache-path] {"run":2,"originalRecords":8196,"reusedPrefix":0,"originalApplied":8196,"cacheBefore":false,"cacheAfter":false,"residentBindings":0}
[pass] LP26-O10-C02 cache prefix or full fallback exact oracle
[cost] operation=checkpoint-manual-writer scope=catalog.lock.hold count=1 inclusive_ns=8410412250 exclusive_ns=75083
[cost] operation=checkpoint-manual-writer scope=catalog.lock.hold/catalog.CheckpointLocked count=1 inclusive_ns=8410337167 exclusive_ns=113681085
[cost] operation=checkpoint-manual-writer scope=catalog.lock.hold/catalog.CheckpointLocked/candidate.identical count=1 inclusive_ns=0 exclusive_ns=0
[cost] operation=checkpoint-manual-writer scope=catalog.lock.hold/catalog.CheckpointLocked/catalog.lock.hold count=1 inclusive_ns=375 exclusive_ns=375
[cost] operation=checkpoint-manual-writer scope=catalog.lock.hold/catalog.CheckpointLocked/catalog.lock.wait count=1 inclusive_ns=333 exclusive_ns=333
[cost] operation=checkpoint-manual-writer scope=catalog.lock.hold/catalog.CheckpointLocked/checkpoint.ReadCheckpointRecords count=1 inclusive_ns=3831821458 exclusive_ns=2208
[cost] operation=checkpoint-manual-writer scope=catalog.lock.hold/catalog.CheckpointLocked/checkpoint.ReadCheckpointRecords/journal.ReadCheckpointRecords count=1 inclusive_ns=3831819250 exclusive_ns=1264804889
[cost] operation=checkpoint-manual-writer scope=catalog.lock.hold/catalog.CheckpointLocked/checkpoint.ReadCheckpointRecords/journal.ReadCheckpointRecords/journal.EnvelopeIdentity count=8196 inclusive_ns=28718605 exclusive_ns=18385570
[cost] operation=checkpoint-manual-writer scope=catalog.lock.hold/catalog.CheckpointLocked/checkpoint.ReadCheckpointRecords/journal.ReadCheckpointRecords/journal.EnvelopeIdentity/journal.SerializeRecordingMutationV1 count=8196 inclusive_ns=10333035 exclusive_ns=10333035
[cost] operation=checkpoint-manual-writer scope=catalog.lock.hold/catalog.CheckpointLocked/checkpoint.ReadCheckpointRecords/journal.ReadCheckpointRecords/journal.ParseRecordingMutationV1 count=8196 inclusive_ns=2538295756 exclusive_ns=1394466782
[cost] operation=checkpoint-manual-writer scope=catalog.lock.hold/catalog.CheckpointLocked/checkpoint.ReadCheckpointRecords/journal.ReadCheckpointRecords/journal.ParseRecordingMutationV1/journal.ParseRecordingMutationV1 count=4098 inclusive_ns=1136425540 exclusive_ns=1136425540
[cost] operation=checkpoint-manual-writer scope=catalog.lock.hold/catalog.CheckpointLocked/checkpoint.ReadCheckpointRecords/journal.ReadCheckpointRecords/journal.ParseRecordingMutationV1/journal.SerializeRecordingMutationV1 count=4098 inclusive_ns=7403434 exclusive_ns=7403434
[cost] operation=checkpoint-manual-writer scope=catalog.lock.hold/catalog.CheckpointLocked/checkpoint.SameSequence count=1 inclusive_ns=1895166 exclusive_ns=1895166
[cost] operation=checkpoint-manual-writer scope=catalog.lock.hold/catalog.CheckpointLocked/checkpoint.originalSemantic count=1 inclusive_ns=4445817792 exclusive_ns=4691783
[cost] operation=checkpoint-manual-writer scope=catalog.lock.hold/catalog.CheckpointLocked/checkpoint.originalSemantic/catalog.ApplyMutationLocked count=8196 inclusive_ns=4441126009 exclusive_ns=1805353615
[cost] operation=checkpoint-manual-writer scope=catalog.lock.hold/catalog.CheckpointLocked/checkpoint.originalSemantic/catalog.ApplyMutationLocked/contracts.ParseRecordingSourceBindingV1 count=2049 inclusive_ns=2358424816 exclusive_ns=2113938757
[cost] operation=checkpoint-manual-writer scope=catalog.lock.hold/catalog.CheckpointLocked/checkpoint.originalSemantic/catalog.ApplyMutationLocked/contracts.ParseRecordingSourceBindingV1/contracts.ValidateRecordingSourceBindingV1 count=2049 inclusive_ns=244486059 exclusive_ns=5013853
[cost] operation=checkpoint-manual-writer scope=catalog.lock.hold/catalog.CheckpointLocked/checkpoint.originalSemantic/catalog.ApplyMutationLocked/contracts.ParseRecordingSourceBindingV1/contracts.ValidateRecordingSourceBindingV1/contracts.ValidateRecordingFileEvidence count=2049 inclusive_ns=239472206 exclusive_ns=239472206
[cost] operation=checkpoint-manual-writer scope=catalog.lock.hold/catalog.CheckpointLocked/checkpoint.originalSemantic/catalog.ApplyMutationLocked/contracts.ValidateRecordingSourceBindingForSegment count=2049 inclusive_ns=277347578 exclusive_ns=36448983
[cost] operation=checkpoint-manual-writer scope=catalog.lock.hold/catalog.CheckpointLocked/checkpoint.originalSemantic/catalog.ApplyMutationLocked/contracts.ValidateRecordingSourceBindingForSegment/contracts.ValidateRecordingSourceBindingV1 count=2049 inclusive_ns=240898595 exclusive_ns=4870884
[cost] operation=checkpoint-manual-writer scope=catalog.lock.hold/catalog.CheckpointLocked/checkpoint.originalSemantic/catalog.ApplyMutationLocked/contracts.ValidateRecordingSourceBindingForSegment/contracts.ValidateRecordingSourceBindingV1/contracts.ValidateRecordingFileEvidence count=2049 inclusive_ns=236027711 exclusive_ns=236027711
[cost] operation=checkpoint-manual-writer scope=catalog.lock.hold/catalog.CheckpointLocked/journal.CommitCheckpoint count=1 inclusive_ns=15055333 exclusive_ns=1167124
[cost] operation=checkpoint-manual-writer scope=catalog.lock.hold/catalog.CheckpointLocked/journal.CommitCheckpoint/checkpoint.candidateFields count=1 inclusive_ns=1940792 exclusive_ns=1940792
[cost] operation=checkpoint-manual-writer scope=catalog.lock.hold/catalog.CheckpointLocked/journal.CommitCheckpoint/checkpoint.noWrite count=1 inclusive_ns=0 exclusive_ns=0
[cost] operation=checkpoint-manual-writer scope=catalog.lock.hold/catalog.CheckpointLocked/journal.CommitCheckpoint/journal.CompactRecords count=1 inclusive_ns=2109167 exclusive_ns=2109167
[cost] operation=checkpoint-manual-writer scope=catalog.lock.hold/catalog.CheckpointLocked/journal.CommitCheckpoint/journal.JournalBytes count=1 inclusive_ns=9838250 exclusive_ns=6590367
[cost] operation=checkpoint-manual-writer scope=catalog.lock.hold/catalog.CheckpointLocked/journal.CommitCheckpoint/journal.JournalBytes/journal.SerializeRecordingMutationV1 count=4098 inclusive_ns=3247883 exclusive_ns=3247883
[cost] operation=checkpoint-manual-writer scope=catalog.lock.hold/catalog.CheckpointLocked/journal.PrepareCheckpoint count=1 inclusive_ns=2065625 exclusive_ns=50000
[cost] operation=checkpoint-manual-writer scope=catalog.lock.hold/catalog.CheckpointLocked/journal.PrepareCheckpoint/journal.CompactRecords count=1 inclusive_ns=2015625 exclusive_ns=2015625
[cost] operation=checkpoint-manual-writer scope=catalog.lock.wait count=1 inclusive_ns=167 exclusive_ns=167
[manual-checkpoint-contention] {"testId":"LP26-O14-A","sources":2049,"operation":"manual-checkpoint","automaticCheckpointDue":false,"httpRequest":false,"writerCallEntered":true,"writerLockOwnerObserved":true,"readerAttemptedWhileWriterHeldLock":true,"writerOk":true,"writerElapsedUs":8410418,"writerOriginalRecords":8196,"writerReusedPrefix":0,"writerOriginalApplied":8196,"readerOk":true,"readerElapsedUs":8418046,"readerTimelineTotal":2049,"readerTimelineUnplacedTotal":0}
[pass] LP26-O14-A manual full checkpoint and same-lock timeline measurement
[probe-process] {"mode":"--catalog","exit":0,"signal":null,"stopped":null,"elapsedMs":36813.247083,"peakObservedRssBytes":381272064,"metricsUnavailable":0,"stageLimitMs":15000,"technicalCapMs":65000,"diskBytes":39126688,"parentRssBytes":198787072}
[probe-rotation] {"sources":2049,"actualCheckpointRotation":true,"identicalBytesReplacement":false}
[pass] LP26-O10-B 2049 rotated exact-count-prefix
[probe-drain] {"sources":2049,"phase":"rotated","elapsedMs":10787.790917000006,"polls":1,"fresh":0,"rotations":1,"before":{"diskBytes":39126688,"parentRssBytes":198787072},"after":{"diskBytes":39126688,"parentRssBytes":251510784},"nativeTimeoutMs":3000,"observationLimitMs":15000,"performancePass":false}
[automatic-checkpoint-path] {"testId":"LP26-O14-A","operation":"public-put-observation-v2","automaticCheckpointDuePath":true,"httpRequest":false,"appendCount":1526,"publicPayloadBytes":1049194,"ok":true,"elapsedUs":886963,"noopAttempts":1,"fullFallbacks":0,"fullCheckpointInclusiveUs":0,"maxPublicCallElapsedUs":18508,"physicalWrites":0,"noWriteEvents":0}
[pass] LP26-O14-A public PutObservationV2 automatic CheckpointDue path classified
[automatic-checkpoint-reopen] {"testId":"LP26-O14-A","sameRoot":true,"observationCount":1526,"corruptLines":0,"projectionErrors":0,"writerCleanupErrors":0}
[pass] LP26-O14-A public observation recovery exact IDs and zero corruption
[probe-process] {"mode":"--automatic","exit":0,"signal":null,"stopped":null,"elapsedMs":28114.93737500001,"peakObservedRssBytes":327221248,"metricsUnavailable":0,"stageLimitMs":null,"technicalCapMs":30000,"diskBytes":41989085,"parentRssBytes":244416512}
[pass] LP26-O10-E01 malformed mutation rejected
[summary] {"completed":true,"elapsedMs":90726.63320899999,"diskBytes":41989085,"parentRssBytes":244416512,"performancePass":false,"longrunPass":false,"uiPass":false,"tokenStart":null,"tokenEnd":null,"tokenConsumed":null,"tokenSource":"전용 집계 없음"}
[probe-reader-cleanup] {"readers":1,"closed":true,"elapsedMs":90727.96149999999,"diskBytes":41989085,"parentRssBytes":244416512}
[cleanup] {"root":"/private/var/folders/k0/qhmr6zdx11q0_41wfx4dsd200000gn/T/media-server-catalog-cost.H0DzJ1","bytes":41989085,"absent":true}
[exit] code=0 elapsed_seconds=99 source=bash-SECONDS token_usage=unavailable
