572a91645d2d8345e11e15603e50dce8750a78b8
Darwin arm64
Apple clang version 21.0.0 (clang-2100.3.34.2)
Target: arm64-apple-darwin27.0.0
Thread model: posix
InstalledDir: /Library/Developer/CommandLineTools/usr/bin
1.28.1
3.51.0
3.6.2
fb16e5e47b3bd63b8766fd06efb2df642f16087841ed4564ebd7dd25b0d7373d  /Users/dhseo/Workspace/mediaServer/scripts/internal/recording_accumulation_probe.cpp
c29aaf6e49f1ae4c5fe8555461d14d24096c4323cb4896df037a65e5f4c0974c  /Users/dhseo/Workspace/mediaServer/scripts/internal/recording_accumulation_run.mjs
4f0fde3cf381bc0d4d545b87589e5f0c5a7ee5ea35dbdb894a90a44db5545ea5  /Users/dhseo/Workspace/mediaServer/scripts/internal/recording_accumulation_prepare.mjs
6b6ee5472a144564b35ce7b933a5f791b9b4a7f8c8aef64f67559e3349e3cf51  /Users/dhseo/Workspace/mediaServer/scripts/internal/recording_current_observer.mjs
[source] file=recording_catalog.cpp original_sha256=2d4ff3953519de61e7c5e4d2cb89a0b6e8992c318611569702bc1e5459cb0d32 instrumented_sha256=7f50dac231e1b48b392522aad7a59eef652c64b6b61aa3529b2d4980464dd923
[source] file=recording_journal.cpp original_sha256=5aee2cf6d7a8e23a3d3965f2f7d4bb8715e33462924723f6c4a17fafcae4c8ef instrumented_sha256=447d85259724b2464337933d14eefe2506aa610d9251c3acda49debd97eaf972
[source] file=recording_contracts.cpp original_sha256=960635a08aa900bebfae961cd9e534ab6b91fbace213e1a7416227e7292ec890 instrumented_sha256=a99bc03ee76dbbd7342d06ea2db70258451d371889eacd384be541bee574e1c6
[source] file=recording_checkpoint_validation.h original_sha256=0162fc707fb89f23e7fa251c960b4f1d87a736524cfc89c2f49163c177e9487a instrumented_sha256=92354b974d664c88be430781853811b0f67dee67813667b3bf0fca7b2204b707
[pass] FC01 exact insertion checks count=102
[probe-instrument] {"catalogSha256":"7ff514738226c9452aa2244a46bbd41f222918cff196499b452d683ee63c7e23","exactCacheInsertion":1,"productFilesChanged":false}
[bounded-exit] code=0 signal=none timeout=false
[bounded-exit] code=0 signal=none timeout=false
[bounded-exit] code=0 signal=none timeout=false
[pass] seed FE02 writer start
[pass] seed FE04 bound finalized mutation segment0
[measure] writer_push_finalize_us=26122 input_aus=60 segments=1
[fixture-shape] {"sources":2049,"records":8196,"journalBytes":38420091,"cacheChargeBytes":38526639,"expectedCacheAdmission":false,"mediaFiles":0,"samplesPerSource":60}
[pass] LP26-O10-A02 typed segment binding tombstone serialization and seed file verification
[probe-rss] {"stage":"generated","currentBytes":43597824,"peakBytes":43761664}
[probe-process] {"mode":"--generate","exit":0,"signal":null,"stopped":null,"elapsedMs":3612.6295,"peakObservedRssBytes":43597824,"metricsUnavailable":0,"stageLimitMs":null,"technicalCapMs":60000,"diskBytes":53093609,"parentRssBytes":67878912}
[pass] LP26-O10-B 2049 initial exact-count-prefix
[probe-drain] {"sources":2049,"phase":"initial","elapsedMs":11037.654,"polls":2,"fresh":8196,"rotations":0,"before":{"diskBytes":53093609,"parentRssBytes":68009984},"after":{"diskBytes":53093609,"parentRssBytes":174325760},"nativeTimeoutMs":3000,"observationLimitMs":15000,"performancePass":false}
[probe-stage] recovery begin
[cost] operation=recovery scope=catalog.lock.hold count=1 inclusive_ns=10678900084 exclusive_ns=1046495221
[cost] operation=recovery scope=catalog.lock.hold/catalog.ApplyMutationLocked count=16392 inclusive_ns=8960372141 exclusive_ns=3700459122
[cost] operation=recovery scope=catalog.lock.hold/catalog.ApplyMutationLocked/contracts.ParseRecordingSourceBindingV1 count=4034 inclusive_ns=4683632958 exclusive_ns=4201548110
[cost] operation=recovery scope=catalog.lock.hold/catalog.ApplyMutationLocked/contracts.ParseRecordingSourceBindingV1/contracts.ValidateRecordingSourceBindingV1 count=4034 inclusive_ns=482084848 exclusive_ns=9470867
[cost] operation=recovery scope=catalog.lock.hold/catalog.ApplyMutationLocked/contracts.ParseRecordingSourceBindingV1/contracts.ValidateRecordingSourceBindingV1/contracts.ValidateRecordingFileEvidence count=4034 inclusive_ns=472613981 exclusive_ns=472613981
[cost] operation=recovery scope=catalog.lock.hold/catalog.ApplyMutationLocked/contracts.SerializeRecordingSourceBindingV1 count=64 inclusive_ns=21033707 exclusive_ns=13476076
[cost] operation=recovery scope=catalog.lock.hold/catalog.ApplyMutationLocked/contracts.SerializeRecordingSourceBindingV1/contracts.ValidateRecordingSourceBindingV1 count=64 inclusive_ns=7557631 exclusive_ns=141344
[cost] operation=recovery scope=catalog.lock.hold/catalog.ApplyMutationLocked/contracts.SerializeRecordingSourceBindingV1/contracts.ValidateRecordingSourceBindingV1/contracts.ValidateRecordingFileEvidence count=64 inclusive_ns=7416287 exclusive_ns=7416287
[cost] operation=recovery scope=catalog.lock.hold/catalog.ApplyMutationLocked/contracts.ValidateRecordingSourceBindingForSegment count=4098 inclusive_ns=555246354 exclusive_ns=72441377
[cost] operation=recovery scope=catalog.lock.hold/catalog.ApplyMutationLocked/contracts.ValidateRecordingSourceBindingForSegment/contracts.ValidateRecordingSourceBindingV1 count=4098 inclusive_ns=482804977 exclusive_ns=9108749
[cost] operation=recovery scope=catalog.lock.hold/catalog.ApplyMutationLocked/contracts.ValidateRecordingSourceBindingForSegment/contracts.ValidateRecordingSourceBindingV1/contracts.ValidateRecordingFileEvidence count=4098 inclusive_ns=473696228 exclusive_ns=473696228
[cost] operation=recovery scope=catalog.lock.hold/catalog.lock.hold count=1 inclusive_ns=167 exclusive_ns=167
[cost] operation=recovery scope=catalog.lock.hold/catalog.lock.wait count=1 inclusive_ns=208 exclusive_ns=208
[cost] operation=recovery scope=catalog.lock.hold/contracts.SerializeRecordingSourceBindingV1 count=1985 inclusive_ns=651755375 exclusive_ns=413824716
[cost] operation=recovery scope=catalog.lock.hold/contracts.SerializeRecordingSourceBindingV1/contracts.ValidateRecordingSourceBindingV1 count=1985 inclusive_ns=237930659 exclusive_ns=4625794
[cost] operation=recovery scope=catalog.lock.hold/contracts.SerializeRecordingSourceBindingV1/contracts.ValidateRecordingSourceBindingV1/contracts.ValidateRecordingFileEvidence count=1985 inclusive_ns=233304865 exclusive_ns=233304865
[cost] operation=recovery scope=catalog.lock.hold/journal.ReadCheckpointRecords count=2 inclusive_ns=2338500 exclusive_ns=2338500
[cost] operation=recovery scope=catalog.lock.hold/journal.SerializeRecordingMutationV1 count=12294 inclusive_ns=17938472 exclusive_ns=17938472
[cost] operation=recovery scope=catalog.lock.wait count=1 inclusive_ns=167 exclusive_ns=167
[cost] operation=recovery scope=journal.IndexRecord count=8196 inclusive_ns=96608517 exclusive_ns=73446853
[cost] operation=recovery scope=journal.IndexRecord/journal.SerializeRecordingMutationV1 count=16392 inclusive_ns=23161664 exclusive_ns=23161664
[cost] operation=recovery scope=journal.ParseRecordingMutationV1 count=8196 inclusive_ns=1226173953 exclusive_ns=1226173953
[probe-wall] {"stage":"recovery","elapsedUs":12127735,"ok":true}
[probe-rss] {"stage":"recovery","currentBytes":242909184,"peakBytes":242909184}
[catalog-shape] {"sources":2049,"records":8196,"deleted":2049,"residentBindings":0}
[pass] LP26-O10-A02 strict Open exact4N and deletedN zero recovery errors
[probe-stage] timeline-projection begin
[probe-wall] {"stage":"timeline-projection","elapsedUs":9199,"ok":true}
[probe-rss] {"stage":"timeline-projection","currentBytes":245940224,"peakBytes":245940224}
[pass] LP26-O14 accumulated timeline keeps deleted rows unavailable
[probe-stage] cold-binding begin
[cost] operation=cold-binding scope=contracts.ParseRecordingSourceBindingV1 count=2 inclusive_ns=2335292 exclusive_ns=2094084
[cost] operation=cold-binding scope=contracts.ParseRecordingSourceBindingV1/contracts.ValidateRecordingSourceBindingV1 count=2 inclusive_ns=241208 exclusive_ns=5500
[cost] operation=cold-binding scope=contracts.ParseRecordingSourceBindingV1/contracts.ValidateRecordingSourceBindingV1/contracts.ValidateRecordingFileEvidence count=2 inclusive_ns=235708 exclusive_ns=235708
[cost] operation=cold-binding scope=contracts.ValidateRecordingSourceBindingForSegment count=2 inclusive_ns=269958 exclusive_ns=35541
[cost] operation=cold-binding scope=contracts.ValidateRecordingSourceBindingForSegment/contracts.ValidateRecordingSourceBindingV1 count=2 inclusive_ns=234417 exclusive_ns=4542
[cost] operation=cold-binding scope=contracts.ValidateRecordingSourceBindingForSegment/contracts.ValidateRecordingSourceBindingV1/contracts.ValidateRecordingFileEvidence count=2 inclusive_ns=229875 exclusive_ns=229875
[cost] operation=cold-binding scope=journal.EnvelopeIdentity count=2 inclusive_ns=27500 exclusive_ns=12626
[cost] operation=cold-binding scope=journal.EnvelopeIdentity/journal.SerializeRecordingMutationV1 count=2 inclusive_ns=14874 exclusive_ns=14874
[cost] operation=cold-binding scope=journal.ParseRecordingMutationV1 count=2 inclusive_ns=796207 exclusive_ns=796207
[probe-wall] {"stage":"cold-binding","elapsedUs":5105,"ok":true}
[probe-rss] {"stage":"cold-binding","currentBytes":245940224,"peakBytes":245940224}
[probe-stage] checkpoint-cold begin
[cost] operation=checkpoint-cold scope=catalog.lock.hold count=1 inclusive_ns=7839964500 exclusive_ns=57083
[cost] operation=checkpoint-cold scope=catalog.lock.hold/catalog.CheckpointLocked count=1 inclusive_ns=7839907417 exclusive_ns=112443875
[cost] operation=checkpoint-cold scope=catalog.lock.hold/catalog.CheckpointLocked/candidate.identical count=1 inclusive_ns=0 exclusive_ns=0
[cost] operation=checkpoint-cold scope=catalog.lock.hold/catalog.CheckpointLocked/catalog.lock.hold count=1 inclusive_ns=709 exclusive_ns=709
[cost] operation=checkpoint-cold scope=catalog.lock.hold/catalog.CheckpointLocked/catalog.lock.wait count=1 inclusive_ns=375 exclusive_ns=375
[cost] operation=checkpoint-cold scope=catalog.lock.hold/catalog.CheckpointLocked/checkpoint.ReadCheckpointRecords count=1 inclusive_ns=2511315417 exclusive_ns=2042
[cost] operation=checkpoint-cold scope=catalog.lock.hold/catalog.CheckpointLocked/checkpoint.ReadCheckpointRecords/journal.ReadCheckpointRecords count=1 inclusive_ns=2511313375 exclusive_ns=1248686725
[cost] operation=checkpoint-cold scope=catalog.lock.hold/catalog.CheckpointLocked/checkpoint.ReadCheckpointRecords/journal.ReadCheckpointRecords/journal.EnvelopeIdentity count=8196 inclusive_ns=30053578 exclusive_ns=18472800
[cost] operation=checkpoint-cold scope=catalog.lock.hold/catalog.CheckpointLocked/checkpoint.ReadCheckpointRecords/journal.ReadCheckpointRecords/journal.EnvelopeIdentity/journal.SerializeRecordingMutationV1 count=8196 inclusive_ns=11580778 exclusive_ns=11580778
[cost] operation=checkpoint-cold scope=catalog.lock.hold/catalog.CheckpointLocked/checkpoint.ReadCheckpointRecords/journal.ReadCheckpointRecords/journal.ParseRecordingMutationV1 count=8196 inclusive_ns=1232573072 exclusive_ns=1232573072
[cost] operation=checkpoint-cold scope=catalog.lock.hold/catalog.CheckpointLocked/checkpoint.SameSequence count=1 inclusive_ns=2134750 exclusive_ns=2134750
[cost] operation=checkpoint-cold scope=catalog.lock.hold/catalog.CheckpointLocked/checkpoint.originalSemantic count=1 inclusive_ns=4477620583 exclusive_ns=4410828
[cost] operation=checkpoint-cold scope=catalog.lock.hold/catalog.CheckpointLocked/checkpoint.originalSemantic/catalog.ApplyMutationLocked count=8196 inclusive_ns=4473209755 exclusive_ns=1809935520
[cost] operation=checkpoint-cold scope=catalog.lock.hold/catalog.CheckpointLocked/checkpoint.originalSemantic/catalog.ApplyMutationLocked/contracts.ParseRecordingSourceBindingV1 count=2049 inclusive_ns=2385069654 exclusive_ns=2138894977
[cost] operation=checkpoint-cold scope=catalog.lock.hold/catalog.CheckpointLocked/checkpoint.originalSemantic/catalog.ApplyMutationLocked/contracts.ParseRecordingSourceBindingV1/contracts.ValidateRecordingSourceBindingV1 count=2049 inclusive_ns=246174677 exclusive_ns=4998884
[cost] operation=checkpoint-cold scope=catalog.lock.hold/catalog.CheckpointLocked/checkpoint.originalSemantic/catalog.ApplyMutationLocked/contracts.ParseRecordingSourceBindingV1/contracts.ValidateRecordingSourceBindingV1/contracts.ValidateRecordingFileEvidence count=2049 inclusive_ns=241175793 exclusive_ns=241175793
[cost] operation=checkpoint-cold scope=catalog.lock.hold/catalog.CheckpointLocked/checkpoint.originalSemantic/catalog.ApplyMutationLocked/contracts.ValidateRecordingSourceBindingForSegment count=2049 inclusive_ns=278204581 exclusive_ns=36083984
[cost] operation=checkpoint-cold scope=catalog.lock.hold/catalog.CheckpointLocked/checkpoint.originalSemantic/catalog.ApplyMutationLocked/contracts.ValidateRecordingSourceBindingForSegment/contracts.ValidateRecordingSourceBindingV1 count=2049 inclusive_ns=242120597 exclusive_ns=4760883
[cost] operation=checkpoint-cold scope=catalog.lock.hold/catalog.CheckpointLocked/checkpoint.originalSemantic/catalog.ApplyMutationLocked/contracts.ValidateRecordingSourceBindingForSegment/contracts.ValidateRecordingSourceBindingV1/contracts.ValidateRecordingFileEvidence count=2049 inclusive_ns=237359714 exclusive_ns=237359714
[cost] operation=checkpoint-cold scope=catalog.lock.hold/catalog.CheckpointLocked/journal.CommitCheckpoint count=1 inclusive_ns=400376292 exclusive_ns=1905292
[cost] operation=checkpoint-cold scope=catalog.lock.hold/catalog.CheckpointLocked/journal.CommitCheckpoint/checkpoint.candidateFields count=1 inclusive_ns=1968917 exclusive_ns=1968917
[cost] operation=checkpoint-cold scope=catalog.lock.hold/catalog.CheckpointLocked/journal.CommitCheckpoint/checkpoint.write count=1 inclusive_ns=49698459 exclusive_ns=21655561
[cost] operation=checkpoint-cold scope=catalog.lock.hold/catalog.CheckpointLocked/journal.CommitCheckpoint/checkpoint.write/journal.EnvelopeIdentity count=8196 inclusive_ns=28042898 exclusive_ns=17824733
[cost] operation=checkpoint-cold scope=catalog.lock.hold/catalog.CheckpointLocked/journal.CommitCheckpoint/checkpoint.write/journal.EnvelopeIdentity/journal.SerializeRecordingMutationV1 count=8196 inclusive_ns=10218165 exclusive_ns=10218165
[cost] operation=checkpoint-cold scope=catalog.lock.hold/catalog.CheckpointLocked/journal.CommitCheckpoint/journal.CompactRecords count=1 inclusive_ns=336711208 exclusive_ns=329830341
[cost] operation=checkpoint-cold scope=catalog.lock.hold/catalog.CheckpointLocked/journal.CommitCheckpoint/journal.CompactRecords/journal.SerializeRecordingMutationV1 count=4098 inclusive_ns=6880867 exclusive_ns=6880867
[cost] operation=checkpoint-cold scope=catalog.lock.hold/catalog.CheckpointLocked/journal.CommitCheckpoint/journal.JournalBytes count=1 inclusive_ns=10092416 exclusive_ns=6842120
[cost] operation=checkpoint-cold scope=catalog.lock.hold/catalog.CheckpointLocked/journal.CommitCheckpoint/journal.JournalBytes/journal.SerializeRecordingMutationV1 count=4098 inclusive_ns=3250296 exclusive_ns=3250296
[cost] operation=checkpoint-cold scope=catalog.lock.hold/catalog.CheckpointLocked/journal.PrepareCheckpoint count=1 inclusive_ns=336015416 exclusive_ns=50916
[cost] operation=checkpoint-cold scope=catalog.lock.hold/catalog.CheckpointLocked/journal.PrepareCheckpoint/journal.CompactRecords count=1 inclusive_ns=335964500 exclusive_ns=329130372
[cost] operation=checkpoint-cold scope=catalog.lock.hold/catalog.CheckpointLocked/journal.PrepareCheckpoint/journal.CompactRecords/journal.SerializeRecordingMutationV1 count=4098 inclusive_ns=6834128 exclusive_ns=6834128
[cost] operation=checkpoint-cold scope=catalog.lock.wait count=1 inclusive_ns=167 exclusive_ns=167
[probe-wall] {"stage":"checkpoint-cold","elapsedUs":7839966,"ok":true}
[probe-rss] {"stage":"checkpoint-cold","currentBytes":370786304,"peakBytes":370786304}
[cache-path] {"run":1,"originalRecords":8196,"reusedPrefix":0,"originalApplied":8196,"cacheBefore":false,"cacheAfter":false,"residentBindings":0}
[probe-stage] checkpoint-repeat begin
[cost] operation=checkpoint-repeat scope=catalog.lock.hold count=1 inclusive_ns=8407431208 exclusive_ns=97291
[cost] operation=checkpoint-repeat scope=catalog.lock.hold/catalog.CheckpointLocked count=1 inclusive_ns=8407333917 exclusive_ns=111569834
[cost] operation=checkpoint-repeat scope=catalog.lock.hold/catalog.CheckpointLocked/candidate.identical count=1 inclusive_ns=0 exclusive_ns=0
[cost] operation=checkpoint-repeat scope=catalog.lock.hold/catalog.CheckpointLocked/catalog.lock.hold count=1 inclusive_ns=375 exclusive_ns=375
[cost] operation=checkpoint-repeat scope=catalog.lock.hold/catalog.CheckpointLocked/catalog.lock.wait count=1 inclusive_ns=375 exclusive_ns=375
[cost] operation=checkpoint-repeat scope=catalog.lock.hold/catalog.CheckpointLocked/checkpoint.ReadCheckpointRecords count=1 inclusive_ns=3807415875 exclusive_ns=1958
[cost] operation=checkpoint-repeat scope=catalog.lock.hold/catalog.CheckpointLocked/checkpoint.ReadCheckpointRecords/journal.ReadCheckpointRecords count=1 inclusive_ns=3807413917 exclusive_ns=1251432737
[cost] operation=checkpoint-repeat scope=catalog.lock.hold/catalog.CheckpointLocked/checkpoint.ReadCheckpointRecords/journal.ReadCheckpointRecords/journal.EnvelopeIdentity count=8196 inclusive_ns=29060838 exclusive_ns=18553791
[cost] operation=checkpoint-repeat scope=catalog.lock.hold/catalog.CheckpointLocked/checkpoint.ReadCheckpointRecords/journal.ReadCheckpointRecords/journal.EnvelopeIdentity/journal.SerializeRecordingMutationV1 count=8196 inclusive_ns=10507047 exclusive_ns=10507047
[cost] operation=checkpoint-repeat scope=catalog.lock.hold/catalog.CheckpointLocked/checkpoint.ReadCheckpointRecords/journal.ReadCheckpointRecords/journal.ParseRecordingMutationV1 count=8196 inclusive_ns=2526920342 exclusive_ns=1389908043
[cost] operation=checkpoint-repeat scope=catalog.lock.hold/catalog.CheckpointLocked/checkpoint.ReadCheckpointRecords/journal.ReadCheckpointRecords/journal.ParseRecordingMutationV1/journal.ParseRecordingMutationV1 count=4098 inclusive_ns=1129509480 exclusive_ns=1129509480
[cost] operation=checkpoint-repeat scope=catalog.lock.hold/catalog.CheckpointLocked/checkpoint.ReadCheckpointRecords/journal.ReadCheckpointRecords/journal.ParseRecordingMutationV1/journal.SerializeRecordingMutationV1 count=4098 inclusive_ns=7502819 exclusive_ns=7502819
[cost] operation=checkpoint-repeat scope=catalog.lock.hold/catalog.CheckpointLocked/checkpoint.SameSequence count=1 inclusive_ns=1882333 exclusive_ns=1882333
[cost] operation=checkpoint-repeat scope=catalog.lock.hold/catalog.CheckpointLocked/checkpoint.originalSemantic count=1 inclusive_ns=4471601750 exclusive_ns=4815864
[cost] operation=checkpoint-repeat scope=catalog.lock.hold/catalog.CheckpointLocked/checkpoint.originalSemantic/catalog.ApplyMutationLocked count=8196 inclusive_ns=4466785886 exclusive_ns=1807415805
[cost] operation=checkpoint-repeat scope=catalog.lock.hold/catalog.CheckpointLocked/checkpoint.originalSemantic/catalog.ApplyMutationLocked/contracts.ParseRecordingSourceBindingV1 count=2049 inclusive_ns=2381763786 exclusive_ns=2136087945
[cost] operation=checkpoint-repeat scope=catalog.lock.hold/catalog.CheckpointLocked/checkpoint.originalSemantic/catalog.ApplyMutationLocked/contracts.ParseRecordingSourceBindingV1/contracts.ValidateRecordingSourceBindingV1 count=2049 inclusive_ns=245675841 exclusive_ns=4795927
[cost] operation=checkpoint-repeat scope=catalog.lock.hold/catalog.CheckpointLocked/checkpoint.originalSemantic/catalog.ApplyMutationLocked/contracts.ParseRecordingSourceBindingV1/contracts.ValidateRecordingSourceBindingV1/contracts.ValidateRecordingFileEvidence count=2049 inclusive_ns=240879914 exclusive_ns=240879914
[cost] operation=checkpoint-repeat scope=catalog.lock.hold/catalog.CheckpointLocked/checkpoint.originalSemantic/catalog.ApplyMutationLocked/contracts.ValidateRecordingSourceBindingForSegment count=2049 inclusive_ns=277606295 exclusive_ns=36156548
[cost] operation=checkpoint-repeat scope=catalog.lock.hold/catalog.CheckpointLocked/checkpoint.originalSemantic/catalog.ApplyMutationLocked/contracts.ValidateRecordingSourceBindingForSegment/contracts.ValidateRecordingSourceBindingV1 count=2049 inclusive_ns=241449747 exclusive_ns=4700230
[cost] operation=checkpoint-repeat scope=catalog.lock.hold/catalog.CheckpointLocked/checkpoint.originalSemantic/catalog.ApplyMutationLocked/contracts.ValidateRecordingSourceBindingForSegment/contracts.ValidateRecordingSourceBindingV1/contracts.ValidateRecordingFileEvidence count=2049 inclusive_ns=236749517 exclusive_ns=236749517
[cost] operation=checkpoint-repeat scope=catalog.lock.hold/catalog.CheckpointLocked/journal.CommitCheckpoint count=1 inclusive_ns=12751083 exclusive_ns=1281208
[cost] operation=checkpoint-repeat scope=catalog.lock.hold/catalog.CheckpointLocked/journal.CommitCheckpoint/checkpoint.candidateFields count=1 inclusive_ns=1891000 exclusive_ns=1891000
[cost] operation=checkpoint-repeat scope=catalog.lock.hold/catalog.CheckpointLocked/journal.CommitCheckpoint/checkpoint.noWrite count=1 inclusive_ns=0 exclusive_ns=0
[cost] operation=checkpoint-repeat scope=catalog.lock.hold/catalog.CheckpointLocked/journal.CommitCheckpoint/journal.CompactRecords count=1 inclusive_ns=1995875 exclusive_ns=1995875
[cost] operation=checkpoint-repeat scope=catalog.lock.hold/catalog.CheckpointLocked/journal.CommitCheckpoint/journal.JournalBytes count=1 inclusive_ns=7583000 exclusive_ns=4383780
[cost] operation=checkpoint-repeat scope=catalog.lock.hold/catalog.CheckpointLocked/journal.CommitCheckpoint/journal.JournalBytes/journal.SerializeRecordingMutationV1 count=4098 inclusive_ns=3199220 exclusive_ns=3199220
[cost] operation=checkpoint-repeat scope=catalog.lock.hold/catalog.CheckpointLocked/journal.PrepareCheckpoint count=1 inclusive_ns=2112292 exclusive_ns=50584
[cost] operation=checkpoint-repeat scope=catalog.lock.hold/catalog.CheckpointLocked/journal.PrepareCheckpoint/journal.CompactRecords count=1 inclusive_ns=2061708 exclusive_ns=2061708
[cost] operation=checkpoint-repeat scope=catalog.lock.wait count=1 inclusive_ns=83 exclusive_ns=83
[probe-wall] {"stage":"checkpoint-repeat","elapsedUs":8407433,"ok":true}
[probe-rss] {"stage":"checkpoint-repeat","currentBytes":371081216,"peakBytes":371081216}
[cache-path] {"run":2,"originalRecords":8196,"reusedPrefix":0,"originalApplied":8196,"cacheBefore":false,"cacheAfter":false,"residentBindings":0}
[pass] LP26-O10-C02 cache prefix or full fallback exact oracle
[probe-process] {"mode":"--catalog","exit":0,"signal":null,"stopped":null,"elapsedMs":28443.740291999995,"peakObservedRssBytes":370966528,"metricsUnavailable":0,"stageLimitMs":15000,"technicalCapMs":65000,"diskBytes":39096506,"parentRssBytes":203161600}
[probe-rotation] {"sources":2049,"actualCheckpointRotation":true,"identicalBytesReplacement":false}
[pass] LP26-O10-B 2049 rotated exact-count-prefix
[probe-drain] {"sources":2049,"phase":"rotated","elapsedMs":10747.662667000004,"polls":1,"fresh":0,"rotations":1,"before":{"diskBytes":39096506,"parentRssBytes":203161600},"after":{"diskBytes":39096506,"parentRssBytes":268468224},"nativeTimeoutMs":3000,"observationLimitMs":15000,"performancePass":false}
[pass] LP26-O10-E01 malformed mutation rejected
[summary] {"completed":true,"elapsedMs":53937.9975,"diskBytes":39096506,"parentRssBytes":269090816,"performancePass":false,"longrunPass":false,"uiPass":false,"tokenStart":null,"tokenEnd":null,"tokenConsumed":null,"tokenSource":"전용 집계 없음"}
[probe-reader-cleanup] {"readers":1,"closed":true,"elapsedMs":53939.035209,"diskBytes":39096506,"parentRssBytes":269746176}
[cleanup] {"root":"/private/var/folders/k0/qhmr6zdx11q0_41wfx4dsd200000gn/T/media-server-catalog-cost.6iU7AF","bytes":39096506,"absent":true}
[exit] code=0 elapsed_seconds=62 source=bash-SECONDS token_usage=unavailable
