572a91645d2d8345e11e15603e50dce8750a78b8
Darwin arm64
Apple clang version 21.0.0 (clang-2100.3.34.2)
Target: arm64-apple-darwin27.0.0
Thread model: posix
InstalledDir: /Library/Developer/CommandLineTools/usr/bin
1.28.1
3.51.0
3.6.2
fb16e5e47b3bd63b8766fd06efb2df642f16087841ed4564ebd7dd25b0d7373d  /Users/dhseo/Workspace/mediaServer/scripts/internal/recording_accumulation_probe.cpp
c29aaf6e49f1ae4c5fe8555461d14d24096c4323cb4896df037a65e5f4c0974c  /Users/dhseo/Workspace/mediaServer/scripts/internal/recording_accumulation_run.mjs
4f0fde3cf381bc0d4d545b87589e5f0c5a7ee5ea35dbdb894a90a44db5545ea5  /Users/dhseo/Workspace/mediaServer/scripts/internal/recording_accumulation_prepare.mjs
6b6ee5472a144564b35ce7b933a5f791b9b4a7f8c8aef64f67559e3349e3cf51  /Users/dhseo/Workspace/mediaServer/scripts/internal/recording_current_observer.mjs
[source] file=recording_catalog.cpp original_sha256=2d4ff3953519de61e7c5e4d2cb89a0b6e8992c318611569702bc1e5459cb0d32 instrumented_sha256=7f50dac231e1b48b392522aad7a59eef652c64b6b61aa3529b2d4980464dd923
[source] file=recording_journal.cpp original_sha256=5aee2cf6d7a8e23a3d3965f2f7d4bb8715e33462924723f6c4a17fafcae4c8ef instrumented_sha256=447d85259724b2464337933d14eefe2506aa610d9251c3acda49debd97eaf972
[source] file=recording_contracts.cpp original_sha256=960635a08aa900bebfae961cd9e534ab6b91fbace213e1a7416227e7292ec890 instrumented_sha256=a99bc03ee76dbbd7342d06ea2db70258451d371889eacd384be541bee574e1c6
[source] file=recording_checkpoint_validation.h original_sha256=0162fc707fb89f23e7fa251c960b4f1d87a736524cfc89c2f49163c177e9487a instrumented_sha256=92354b974d664c88be430781853811b0f67dee67813667b3bf0fca7b2204b707
[pass] FC01 exact insertion checks count=102
[probe-instrument] {"catalogSha256":"7ff514738226c9452aa2244a46bbd41f222918cff196499b452d683ee63c7e23","exactCacheInsertion":1,"productFilesChanged":false}
[bounded-exit] code=0 signal=none timeout=false
[bounded-exit] code=0 signal=none timeout=false
[bounded-exit] code=0 signal=none timeout=false
[pass] seed FE02 writer start
[pass] seed FE04 bound finalized mutation segment0
[measure] writer_push_finalize_us=26077 input_aus=60 segments=1
[fixture-shape] {"sources":1020,"records":4080,"journalBytes":19113993,"cacheChargeBytes":19167033,"expectedCacheAdmission":true,"mediaFiles":0,"samplesPerSource":60}
[pass] LP26-O10-A02 typed segment binding tombstone serialization and seed file verification
[probe-rss] {"stage":"generated","currentBytes":43663360,"peakBytes":43843584}
[probe-process] {"mode":"--generate","exit":0,"signal":null,"stopped":null,"elapsedMs":2404.514584,"peakObservedRssBytes":43728896,"metricsUnavailable":0,"stageLimitMs":null,"technicalCapMs":60000,"diskBytes":33787511,"parentRssBytes":67731456}
[pass] LP26-O10-B 1020 initial exact-count-prefix
[probe-drain] {"sources":1020,"phase":"initial","elapsedMs":5634.510875,"polls":1,"fresh":4080,"rotations":0,"before":{"diskBytes":33787511,"parentRssBytes":67895296},"after":{"diskBytes":33787511,"parentRssBytes":130793472},"nativeTimeoutMs":3000,"observationLimitMs":15000,"performancePass":false}
[probe-stage] recovery begin
[cost] operation=recovery scope=catalog.lock.hold count=1 inclusive_ns=5246332042 exclusive_ns=523288940
[cost] operation=recovery scope=catalog.lock.hold/catalog.ApplyMutationLocked count=8160 inclusive_ns=4397586739 exclusive_ns=1812089043
[cost] operation=recovery scope=catalog.lock.hold/catalog.ApplyMutationLocked/contracts.ParseRecordingSourceBindingV1 count=1976 inclusive_ns=2283652282 exclusive_ns=2044874458
[cost] operation=recovery scope=catalog.lock.hold/catalog.ApplyMutationLocked/contracts.ParseRecordingSourceBindingV1/contracts.ValidateRecordingSourceBindingV1 count=1976 inclusive_ns=238777824 exclusive_ns=4644124
[cost] operation=recovery scope=catalog.lock.hold/catalog.ApplyMutationLocked/contracts.ParseRecordingSourceBindingV1/contracts.ValidateRecordingSourceBindingV1/contracts.ValidateRecordingFileEvidence count=1976 inclusive_ns=234133700 exclusive_ns=234133700
[cost] operation=recovery scope=catalog.lock.hold/catalog.ApplyMutationLocked/contracts.SerializeRecordingSourceBindingV1 count=64 inclusive_ns=20917078 exclusive_ns=13287116
[cost] operation=recovery scope=catalog.lock.hold/catalog.ApplyMutationLocked/contracts.SerializeRecordingSourceBindingV1/contracts.ValidateRecordingSourceBindingV1 count=64 inclusive_ns=7629962 exclusive_ns=141497
[cost] operation=recovery scope=catalog.lock.hold/catalog.ApplyMutationLocked/contracts.SerializeRecordingSourceBindingV1/contracts.ValidateRecordingSourceBindingV1/contracts.ValidateRecordingFileEvidence count=64 inclusive_ns=7488465 exclusive_ns=7488465
[cost] operation=recovery scope=catalog.lock.hold/catalog.ApplyMutationLocked/contracts.ValidateRecordingSourceBindingForSegment count=2040 inclusive_ns=280928336 exclusive_ns=36246233
[cost] operation=recovery scope=catalog.lock.hold/catalog.ApplyMutationLocked/contracts.ValidateRecordingSourceBindingForSegment/contracts.ValidateRecordingSourceBindingV1 count=2040 inclusive_ns=244682103 exclusive_ns=4572872
[cost] operation=recovery scope=catalog.lock.hold/catalog.ApplyMutationLocked/contracts.ValidateRecordingSourceBindingForSegment/contracts.ValidateRecordingSourceBindingV1/contracts.ValidateRecordingFileEvidence count=2040 inclusive_ns=240109231 exclusive_ns=240109231
[cost] operation=recovery scope=catalog.lock.hold/catalog.lock.hold count=1 inclusive_ns=208 exclusive_ns=208
[cost] operation=recovery scope=catalog.lock.hold/catalog.lock.wait count=1 inclusive_ns=209 exclusive_ns=209
[cost] operation=recovery scope=catalog.lock.hold/contracts.SerializeRecordingSourceBindingV1 count=956 inclusive_ns=315142964 exclusive_ns=199535295
[cost] operation=recovery scope=catalog.lock.hold/contracts.SerializeRecordingSourceBindingV1/contracts.ValidateRecordingSourceBindingV1 count=956 inclusive_ns=115607669 exclusive_ns=2243837
[cost] operation=recovery scope=catalog.lock.hold/contracts.SerializeRecordingSourceBindingV1/contracts.ValidateRecordingSourceBindingV1/contracts.ValidateRecordingFileEvidence count=956 inclusive_ns=113363832 exclusive_ns=113363832
[cost] operation=recovery scope=catalog.lock.hold/journal.ReadCheckpointRecords count=2 inclusive_ns=1392875 exclusive_ns=1392875
[cost] operation=recovery scope=catalog.lock.hold/journal.SerializeRecordingMutationV1 count=6120 inclusive_ns=8920107 exclusive_ns=8920107
[cost] operation=recovery scope=catalog.lock.wait count=1 inclusive_ns=250 exclusive_ns=250
[cost] operation=recovery scope=journal.IndexRecord count=4080 inclusive_ns=47737619 exclusive_ns=36285212
[cost] operation=recovery scope=journal.IndexRecord/journal.SerializeRecordingMutationV1 count=8160 inclusive_ns=11452407 exclusive_ns=11452407
[cost] operation=recovery scope=journal.ParseRecordingMutationV1 count=4080 inclusive_ns=608336612 exclusive_ns=608336612
[probe-wall] {"stage":"recovery","elapsedUs":5967398,"ok":true}
[probe-rss] {"stage":"recovery","currentBytes":136331264,"peakBytes":136331264}
[catalog-shape] {"sources":1020,"records":4080,"deleted":1020,"residentBindings":0}
[pass] LP26-O10-A02 strict Open exact4N and deletedN zero recovery errors
[probe-stage] timeline-projection begin
[probe-wall] {"stage":"timeline-projection","elapsedUs":3866,"ok":true}
[probe-rss] {"stage":"timeline-projection","currentBytes":136839168,"peakBytes":136839168}
[pass] LP26-O14 accumulated timeline keeps deleted rows unavailable
[probe-stage] cold-binding begin
[cost] operation=cold-binding scope=contracts.ParseRecordingSourceBindingV1 count=2 inclusive_ns=2342833 exclusive_ns=2099417
[cost] operation=cold-binding scope=contracts.ParseRecordingSourceBindingV1/contracts.ValidateRecordingSourceBindingV1 count=2 inclusive_ns=243416 exclusive_ns=6416
[cost] operation=cold-binding scope=contracts.ParseRecordingSourceBindingV1/contracts.ValidateRecordingSourceBindingV1/contracts.ValidateRecordingFileEvidence count=2 inclusive_ns=237000 exclusive_ns=237000
[cost] operation=cold-binding scope=contracts.ValidateRecordingSourceBindingForSegment count=2 inclusive_ns=277916 exclusive_ns=39333
[cost] operation=cold-binding scope=contracts.ValidateRecordingSourceBindingForSegment/contracts.ValidateRecordingSourceBindingV1 count=2 inclusive_ns=238583 exclusive_ns=4667
[cost] operation=cold-binding scope=contracts.ValidateRecordingSourceBindingForSegment/contracts.ValidateRecordingSourceBindingV1/contracts.ValidateRecordingFileEvidence count=2 inclusive_ns=233916 exclusive_ns=233916
[cost] operation=cold-binding scope=journal.EnvelopeIdentity count=2 inclusive_ns=25792 exclusive_ns=14084
[cost] operation=cold-binding scope=journal.EnvelopeIdentity/journal.SerializeRecordingMutationV1 count=2 inclusive_ns=11708 exclusive_ns=11708
[cost] operation=cold-binding scope=journal.ParseRecordingMutationV1 count=2 inclusive_ns=816500 exclusive_ns=816500
[probe-wall] {"stage":"cold-binding","elapsedUs":4985,"ok":true}
[probe-rss] {"stage":"cold-binding","currentBytes":136888320,"peakBytes":136888320}
[probe-stage] checkpoint-cold begin
[cost] operation=checkpoint-cold scope=catalog.lock.hold count=1 inclusive_ns=4131281875 exclusive_ns=57750
[cost] operation=checkpoint-cold scope=catalog.lock.hold/catalog.CheckpointLocked count=1 inclusive_ns=4131224125 exclusive_ns=307542709
[cost] operation=checkpoint-cold scope=catalog.lock.hold/catalog.CheckpointLocked/candidate.identical count=1 inclusive_ns=0 exclusive_ns=0
[cost] operation=checkpoint-cold scope=catalog.lock.hold/catalog.CheckpointLocked/checkpoint.ReadCheckpointRecords count=1 inclusive_ns=1246229750 exclusive_ns=1917
[cost] operation=checkpoint-cold scope=catalog.lock.hold/catalog.CheckpointLocked/checkpoint.ReadCheckpointRecords/journal.ReadCheckpointRecords count=1 inclusive_ns=1246227833 exclusive_ns=622315513
[cost] operation=checkpoint-cold scope=catalog.lock.hold/catalog.CheckpointLocked/checkpoint.ReadCheckpointRecords/journal.ReadCheckpointRecords/journal.EnvelopeIdentity count=4080 inclusive_ns=14802309 exclusive_ns=9184167
[cost] operation=checkpoint-cold scope=catalog.lock.hold/catalog.CheckpointLocked/checkpoint.ReadCheckpointRecords/journal.ReadCheckpointRecords/journal.EnvelopeIdentity/journal.SerializeRecordingMutationV1 count=4080 inclusive_ns=5618142 exclusive_ns=5618142
[cost] operation=checkpoint-cold scope=catalog.lock.hold/catalog.CheckpointLocked/checkpoint.ReadCheckpointRecords/journal.ReadCheckpointRecords/journal.ParseRecordingMutationV1 count=4080 inclusive_ns=609110011 exclusive_ns=609110011
[cost] operation=checkpoint-cold scope=catalog.lock.hold/catalog.CheckpointLocked/checkpoint.SameSequence count=1 inclusive_ns=1115250 exclusive_ns=1115250
[cost] operation=checkpoint-cold scope=catalog.lock.hold/catalog.CheckpointLocked/checkpoint.originalSemantic count=1 inclusive_ns=2215145833 exclusive_ns=2159010
[cost] operation=checkpoint-cold scope=catalog.lock.hold/catalog.CheckpointLocked/checkpoint.originalSemantic/catalog.ApplyMutationLocked count=4080 inclusive_ns=2212986823 exclusive_ns=894683352
[cost] operation=checkpoint-cold scope=catalog.lock.hold/catalog.CheckpointLocked/checkpoint.originalSemantic/catalog.ApplyMutationLocked/contracts.ParseRecordingSourceBindingV1 count=1020 inclusive_ns=1178320896 exclusive_ns=1054925387
[cost] operation=checkpoint-cold scope=catalog.lock.hold/catalog.CheckpointLocked/checkpoint.originalSemantic/catalog.ApplyMutationLocked/contracts.ParseRecordingSourceBindingV1/contracts.ValidateRecordingSourceBindingV1 count=1020 inclusive_ns=123395509 exclusive_ns=2489861
[cost] operation=checkpoint-cold scope=catalog.lock.hold/catalog.CheckpointLocked/checkpoint.originalSemantic/catalog.ApplyMutationLocked/contracts.ParseRecordingSourceBindingV1/contracts.ValidateRecordingSourceBindingV1/contracts.ValidateRecordingFileEvidence count=1020 inclusive_ns=120905648 exclusive_ns=120905648
[cost] operation=checkpoint-cold scope=catalog.lock.hold/catalog.CheckpointLocked/checkpoint.originalSemantic/catalog.ApplyMutationLocked/contracts.ValidateRecordingSourceBindingForSegment count=1020 inclusive_ns=139982575 exclusive_ns=17949524
[cost] operation=checkpoint-cold scope=catalog.lock.hold/catalog.CheckpointLocked/checkpoint.originalSemantic/catalog.ApplyMutationLocked/contracts.ValidateRecordingSourceBindingForSegment/contracts.ValidateRecordingSourceBindingV1 count=1020 inclusive_ns=122033051 exclusive_ns=2341487
[cost] operation=checkpoint-cold scope=catalog.lock.hold/catalog.CheckpointLocked/checkpoint.originalSemantic/catalog.ApplyMutationLocked/contracts.ValidateRecordingSourceBindingForSegment/contracts.ValidateRecordingSourceBindingV1/contracts.ValidateRecordingFileEvidence count=1020 inclusive_ns=119691564 exclusive_ns=119691564
[cost] operation=checkpoint-cold scope=catalog.lock.hold/catalog.CheckpointLocked/journal.CommitCheckpoint count=1 inclusive_ns=196976125 exclusive_ns=1138291
[cost] operation=checkpoint-cold scope=catalog.lock.hold/catalog.CheckpointLocked/journal.CommitCheckpoint/checkpoint.candidateFields count=1 inclusive_ns=1128917 exclusive_ns=1128917
[cost] operation=checkpoint-cold scope=catalog.lock.hold/catalog.CheckpointLocked/journal.CommitCheckpoint/checkpoint.write count=1 inclusive_ns=25270084 exclusive_ns=11412817
[cost] operation=checkpoint-cold scope=catalog.lock.hold/catalog.CheckpointLocked/journal.CommitCheckpoint/checkpoint.write/journal.EnvelopeIdentity count=4080 inclusive_ns=13857267 exclusive_ns=8879175
[cost] operation=checkpoint-cold scope=catalog.lock.hold/catalog.CheckpointLocked/journal.CommitCheckpoint/checkpoint.write/journal.EnvelopeIdentity/journal.SerializeRecordingMutationV1 count=4080 inclusive_ns=4978092 exclusive_ns=4978092
[cost] operation=checkpoint-cold scope=catalog.lock.hold/catalog.CheckpointLocked/journal.CommitCheckpoint/journal.CompactRecords count=1 inclusive_ns=164265208 exclusive_ns=161028854
[cost] operation=checkpoint-cold scope=catalog.lock.hold/catalog.CheckpointLocked/journal.CommitCheckpoint/journal.CompactRecords/journal.SerializeRecordingMutationV1 count=2040 inclusive_ns=3236354 exclusive_ns=3236354
[cost] operation=checkpoint-cold scope=catalog.lock.hold/catalog.CheckpointLocked/journal.CommitCheckpoint/journal.JournalBytes count=1 inclusive_ns=5173625 exclusive_ns=3566229
[cost] operation=checkpoint-cold scope=catalog.lock.hold/catalog.CheckpointLocked/journal.CommitCheckpoint/journal.JournalBytes/journal.SerializeRecordingMutationV1 count=2040 inclusive_ns=1607396 exclusive_ns=1607396
[cost] operation=checkpoint-cold scope=catalog.lock.hold/catalog.CheckpointLocked/journal.PrepareCheckpoint count=1 inclusive_ns=164214458 exclusive_ns=51583
[cost] operation=checkpoint-cold scope=catalog.lock.hold/catalog.CheckpointLocked/journal.PrepareCheckpoint/journal.CompactRecords count=1 inclusive_ns=164162875 exclusive_ns=160904832
[cost] operation=checkpoint-cold scope=catalog.lock.hold/catalog.CheckpointLocked/journal.PrepareCheckpoint/journal.CompactRecords/journal.SerializeRecordingMutationV1 count=2040 inclusive_ns=3258043 exclusive_ns=3258043
[cost] operation=checkpoint-cold scope=catalog.lock.wait count=1 inclusive_ns=41 exclusive_ns=41
[probe-wall] {"stage":"checkpoint-cold","elapsedUs":4131283,"ok":true}
[probe-rss] {"stage":"checkpoint-cold","currentBytes":200245248,"peakBytes":200245248}
[cache-path] {"run":1,"originalRecords":4080,"reusedPrefix":0,"originalApplied":4080,"cacheBefore":false,"cacheAfter":true,"residentBindings":0}
[probe-stage] checkpoint-repeat begin
[cost] operation=checkpoint-repeat scope=catalog.lock.hold count=1 inclusive_ns=2401572375 exclusive_ns=63042
[cost] operation=checkpoint-repeat scope=catalog.lock.hold/catalog.CheckpointLocked count=1 inclusive_ns=2401509333 exclusive_ns=499413208
[cost] operation=checkpoint-repeat scope=catalog.lock.hold/catalog.CheckpointLocked/candidate.identical count=1 inclusive_ns=0 exclusive_ns=0
[cost] operation=checkpoint-repeat scope=catalog.lock.hold/catalog.CheckpointLocked/checkpoint.ReadCheckpointRecords count=1 inclusive_ns=1893791083 exclusive_ns=2125
[cost] operation=checkpoint-repeat scope=catalog.lock.hold/catalog.CheckpointLocked/checkpoint.ReadCheckpointRecords/journal.ReadCheckpointRecords count=1 inclusive_ns=1893788958 exclusive_ns=624007225
[cost] operation=checkpoint-repeat scope=catalog.lock.hold/catalog.CheckpointLocked/checkpoint.ReadCheckpointRecords/journal.ReadCheckpointRecords/journal.EnvelopeIdentity count=4080 inclusive_ns=14376531 exclusive_ns=9189331
[cost] operation=checkpoint-repeat scope=catalog.lock.hold/catalog.CheckpointLocked/checkpoint.ReadCheckpointRecords/journal.ReadCheckpointRecords/journal.EnvelopeIdentity/journal.SerializeRecordingMutationV1 count=4080 inclusive_ns=5187200 exclusive_ns=5187200
[cost] operation=checkpoint-repeat scope=catalog.lock.hold/catalog.CheckpointLocked/checkpoint.ReadCheckpointRecords/journal.ReadCheckpointRecords/journal.ParseRecordingMutationV1 count=4080 inclusive_ns=1255405202 exclusive_ns=690955052
[cost] operation=checkpoint-repeat scope=catalog.lock.hold/catalog.CheckpointLocked/checkpoint.ReadCheckpointRecords/journal.ReadCheckpointRecords/journal.ParseRecordingMutationV1/journal.ParseRecordingMutationV1 count=2040 inclusive_ns=560728077 exclusive_ns=560728077
[cost] operation=checkpoint-repeat scope=catalog.lock.hold/catalog.CheckpointLocked/checkpoint.ReadCheckpointRecords/journal.ReadCheckpointRecords/journal.ParseRecordingMutationV1/journal.SerializeRecordingMutationV1 count=2040 inclusive_ns=3722073 exclusive_ns=3722073
[cost] operation=checkpoint-repeat scope=catalog.lock.hold/catalog.CheckpointLocked/checkpoint.SameSequence count=1 inclusive_ns=947375 exclusive_ns=947375
[cost] operation=checkpoint-repeat scope=catalog.lock.hold/catalog.CheckpointLocked/checkpoint.originalSemantic count=1 inclusive_ns=167 exclusive_ns=167
[cost] operation=checkpoint-repeat scope=catalog.lock.hold/catalog.CheckpointLocked/journal.CommitCheckpoint count=1 inclusive_ns=6336084 exclusive_ns=596959
[cost] operation=checkpoint-repeat scope=catalog.lock.hold/catalog.CheckpointLocked/journal.CommitCheckpoint/checkpoint.candidateFields count=1 inclusive_ns=951667 exclusive_ns=951667
[cost] operation=checkpoint-repeat scope=catalog.lock.hold/catalog.CheckpointLocked/journal.CommitCheckpoint/checkpoint.noWrite count=1 inclusive_ns=0 exclusive_ns=0
[cost] operation=checkpoint-repeat scope=catalog.lock.hold/catalog.CheckpointLocked/journal.CommitCheckpoint/journal.CompactRecords count=1 inclusive_ns=995250 exclusive_ns=995250
[cost] operation=checkpoint-repeat scope=catalog.lock.hold/catalog.CheckpointLocked/journal.CommitCheckpoint/journal.JournalBytes count=1 inclusive_ns=3792208 exclusive_ns=2170446
[cost] operation=checkpoint-repeat scope=catalog.lock.hold/catalog.CheckpointLocked/journal.CommitCheckpoint/journal.JournalBytes/journal.SerializeRecordingMutationV1 count=2040 inclusive_ns=1621762 exclusive_ns=1621762
[cost] operation=checkpoint-repeat scope=catalog.lock.hold/catalog.CheckpointLocked/journal.PrepareCheckpoint count=1 inclusive_ns=1021416 exclusive_ns=48958
[cost] operation=checkpoint-repeat scope=catalog.lock.hold/catalog.CheckpointLocked/journal.PrepareCheckpoint/journal.CompactRecords count=1 inclusive_ns=972458 exclusive_ns=972458
[cost] operation=checkpoint-repeat scope=catalog.lock.wait count=1 inclusive_ns=42 exclusive_ns=42
[probe-wall] {"stage":"checkpoint-repeat","elapsedUs":2401574,"ok":true}
[probe-rss] {"stage":"checkpoint-repeat","currentBytes":200310784,"peakBytes":200310784}
[cache-path] {"run":2,"originalRecords":4080,"reusedPrefix":4080,"originalApplied":0,"cacheBefore":true,"cacheAfter":true,"residentBindings":0}
[pass] LP26-O10-C02 cache prefix or full fallback exact oracle
[probe-process] {"mode":"--catalog","exit":0,"signal":null,"stopped":null,"elapsedMs":12558.260458,"peakObservedRssBytes":200310784,"metricsUnavailable":0,"stageLimitMs":15000,"technicalCapMs":65000,"diskBytes":26914643,"parentRssBytes":134807552}
[probe-rotation] {"sources":1020,"actualCheckpointRotation":true,"identicalBytesReplacement":false}
[pass] LP26-O10-B 1020 rotated exact-count-prefix
[probe-drain] {"sources":1020,"phase":"rotated","elapsedMs":5314.375124999999,"polls":1,"fresh":0,"rotations":1,"before":{"diskBytes":26914643,"parentRssBytes":135380992},"after":{"diskBytes":26914643,"parentRssBytes":157335552},"nativeTimeoutMs":3000,"observationLimitMs":15000,"performancePass":false}
[pass] LP26-O10-E01 malformed mutation rejected
[summary] {"completed":true,"elapsedMs":26006.653125,"diskBytes":26914643,"parentRssBytes":157335552,"performancePass":false,"longrunPass":false,"uiPass":false,"tokenStart":null,"tokenEnd":null,"tokenConsumed":null,"tokenSource":"전용 집계 없음"}
[probe-reader-cleanup] {"readers":1,"closed":true,"elapsedMs":26007.663959,"diskBytes":26914643,"parentRssBytes":157335552}
[cleanup] {"root":"/private/var/folders/k0/qhmr6zdx11q0_41wfx4dsd200000gn/T/media-server-catalog-cost.rRZ3ql","bytes":26914643,"absent":true}
[exit] code=0 elapsed_seconds=35 source=bash-SECONDS token_usage=unavailable
