[pass] S11-O25-04 준비된 이벤트는 접수 순서·동시각 안정성·node 소유 유지
[recording] file evidence unavailable: file evidence profile/bound 오류
[recording] file evidence unavailable: file evidence profile/bound 오류
[recording] file evidence unavailable: file evidence profile/bound 오류
[decode] frames=10 eos=1 error_free=1
[decode] frames=10 eos=1 error_free=1
[detail] E01 verified=1 fully_satisfied=1
[pass] E17 accepted 후 resolver nullopt는 기존 소유 유지·신규 저장 없음
[pass] E17 accepted 후 resolver 불일치는 기존 소유 유지·신규 저장 없음
[pass] E17 accepted 후 resolver 예외는 기존 소유 유지·신규 저장 없음
[pass] E17 accepted 후 resolver 미주입는 기존 소유 유지·신규 저장 없음
[decode] frames=10 eos=1 error_free=1
[pass] E02 단일 출력도 clip_path 승격 없이 목록·직접 decode·fully satisfied
[pass] E09 동일 reference/선택 재요청 job ID 멱등
[pass] E03 미확인 pre 구간을 유지한 verified partial 출력
[pass] E07 immutable start/end/pre/post/namespace 보존
[pass] E10 Event 출력이 누적되어도 원본 snapshot은 continuous만
[pass] E04 provider의 동일 실제 decoder 증거 업데이트로 postroll 요청 충족
[pass] E05 시간 경과만으로 coverage 없이 unknown 종료
[pass] E06 provider namespace 변경을 새 증거로 혼합하지 않음
[pass] E09 같은 immutable reference의 증거/선택 갱신은 새 job·이전 partial 보존
[pass] E18 4097 frame 증거는 queue 접수 전 명시 거부
[pass] E06/E18 provider generation 변경는 unknown 종료
[pass] E06/E18 provider source 불일치는 unknown 종료
[pass] E06/E18 provider 예외는 unknown 종료
[pass] E06/E18 provider track 불일치는 unknown 종료
[pass] E06/E18 provider channel 불일치는 unknown 종료
[pass] E12 event quota 부족은 Intent/파일/내구 예약 없이 명시 거부
[pass] E12 disk provider 실패를 가용량 0 성공으로 숨기지 않고 Intent 없이 거부
[pass] E18 누적 261개 원본에서도 현재 반개구간 관련 1개만 조회
[pass] E18 반개구간 끝 접점은 이전 원본과 비중첩
[pass] E11 관련 missing binding은 누락하지 않고 snapshot에 보존
[pass] E11 관련 corrupt lifecycle은 동일 snapshot에 보존
[pass] E18 실제 관련 257개는 명시 cap 실패·잘린 confirmed 목록 없음
[recording] file evidence unavailable: file evidence profile/bound 오류
[recording] file evidence unavailable: file evidence profile/bound 오류
[recording] file evidence unavailable: file evidence profile/bound 오류
[pass] E04 실제 writer 후행 finalize와 같은 요청 증거 갱신으로 2출력 완료
[detail] finalized_before=1 finalized_after=3 provider_requested=1
[pass] E20 canonical accepted 중복은 원장 mutation 추가 없이 멱등
[pass] E20 동일 reference ID 다른 immutable 내용의 accepted 거부
[pass] E20 SQLite accepted projection의 exact reference 일치
[pass] E20 accepted marker checkpoint projection 일치
[pass] E15/E20 재시작 JSONL fallback accepted/no-job은 증거 발명 없이 managed unknown
[pass] E15/E20 재시작 SQLite rebuild accepted/no-job은 증거 발명 없이 managed unknown
[pass] E20 replay accepted 선행 참조 없음 거부
[pass] E20 replay accepted unknown 필드 거부
[pass] E20 replay accepted canonical 충돌 거부
[pass] E20 replay accepted 불완전 payload 거부
[decode] frames=10 eos=1 error_free=1
[pass] E08 동일 원본 snapshot의 명시 UTC 요청→실제 출력·독립 output UTC unknown
[pass] E08 같은 UTC의 복수 원본 후보를 자동 단일 선택하지 않음
[pass] E11 UTC confirmed mapping 하나가 보여도 관련 corrupt 원본을 숨기지 않음
[pass] E11 실제 UTC worker도 same-lock corrupt 원본을 available로 승격하지 않음
[pass] E08 UTC unplaced를 원본 snapshot/선택에 보존
[pass] E18 opt-in UTC 후보 예산 초과는 부분 confirmed 결과 없이 실패
[pass] E11 삭제 대기 lifecycle도 원본 snapshot에서 누락하지 않음
[pass] E01 실제 H264 decoder→EventRecord→reference→내구 job·2출력 Complete
[detail] decoded=30 evidence=30 references=1 jobs=1
[pass] E17 무주입 bridge 재생성에도 내구 managed 소유권 유지
[pass] E13 Stop 이후 신규 reference 저장 없음
[pass] E20 비권위 원장 조회 실패는 legacy 억제 unknown
[summary] pass=48 fail=0
[pass] E17 실제 EventStorage managed clip 억제 및 snapshot hook 유지
[detail] stored=1 snapshot_failed=0 clip_failed=0 fallback=0
[summary] pass=1 fail=0
[pass] E17 실제 EventStorage 기본 clip fallback 유지 및 snapshot hook 유지
[detail] stored=1 snapshot_failed=0 clip_failed=1 fallback=1
[summary] pass=1 fail=0
[recording] file evidence unavailable: file evidence profile/bound 오류
[recording] file evidence unavailable: file evidence profile/bound 오류
[recording] file evidence unavailable: file evidence profile/bound 오류
[process] ReadyDurable child exit=23 expected=23
[decode] frames=10 eos=1 error_free=1
[decode] frames=10 eos=1 error_free=1
[pass] E15 별도 프로세스 Ready _exit 후 보호 복원→bridge reconcile→동일 2출력·decode·commit 1개
[pass] E16 historical Complete와 terminal tombstone 현재 unavailable·재생성 없음
[summary] pass=2 fail=0
[recording] file evidence unavailable: file evidence profile/bound 오류
[recording] file evidence unavailable: file evidence profile/bound 오류
[recording] file evidence unavailable: file evidence profile/bound 오류
[pass] E13 active 포함 queue cap 포화는 새 accepted/예약 없이 거부
[pass] E14 실제 Run 중 동시 Stop 두 번→취소·단일 join·Failed cleanup 후 자원 해제
[detail] stop_elapsed_ms=5 barrier_timeout=0 managed=1
[summary] pass=2 fail=0
[recording] file evidence unavailable: file evidence profile/bound 오류
[recording] file evidence unavailable: file evidence profile/bound 오류
[recording] file evidence unavailable: file evidence profile/bound 오류
[pass] E18 reference job top-8은 wall 역행/재시작에도 동일 ID subset·truncated unknown
[pass] E15 startup bounded8 more는 blocker·남은 보호 유지·자동 무한 reconcile 없음
[summary] pass=2 fail=0
[cleanup] path=/private/var/folders/k0/qhmr6zdx11q0_41wfx4dsd200000gn/T/media-server-derived-event-integration.TzxoRG bytes=16548641 removed=true
[elapsed] seconds=10 source=bash-SECONDS
