✔ S11-CI01 현행 다섯 단계 순서·실제 child 결과 결박 (0.879041ms)
✔ LP25-C10 http-auth 실제 producer 총계 수용·구형 및 불일치 거부 (0.2085ms)
✔ LP25-C10 http-lifecycle 실제 producer 총계 수용·구형 및 불일치 거부 (0.09575ms)
✔ LP20-X01 실제 종료 producer의 정상 두 결과를 수용 (0.187833ms)
✔ LP20-X02 schema 누락는 정상 종료로 승인하지 않음 (0.356584ms)
✔ LP20-X02 schema 불일치는 정상 종료로 승인하지 않음 (0.154167ms)
✔ LP20-X02 반복 종료는 정상 종료로 승인하지 않음 (0.109958ms)
✔ LP20-X02 PID 누락는 정상 종료로 승인하지 않음 (0.076792ms)
✔ LP20-X02 exit 비정상는 정상 종료로 승인하지 않음 (0.075791ms)
✔ LP20-X02 signal 관측는 정상 종료로 승인하지 않음 (0.113167ms)
✔ LP20-X02 종료 미관측는 정상 종료로 승인하지 않음 (0.079458ms)
✔ LP20-X02 stop 오류는 정상 종료로 승인하지 않음 (0.084583ms)
✔ LP20-X02 강제 종료는 정상 종료로 승인하지 않음 (0.096125ms)
✔ LP20-X02 강제 여부 미확인는 정상 종료로 승인하지 않음 (0.055416ms)
✔ LP20-X02 normalExit 실패는 정상 종료로 승인하지 않음 (0.054042ms)
✔ LP20-X02 normalShutdown 실패는 정상 종료로 승인하지 않음 (0.047583ms)
✔ LP20-X02 archive 불가는 정상 종료로 승인하지 않음 (0.053334ms)
✔ LP20-X02 ports 누락는 정상 종료로 승인하지 않음 (0.053167ms)
✔ LP20-X02 port 수 부족는 정상 종료로 승인하지 않음 (0.044958ms)
✔ LP20-X02 port kind 중복는 정상 종료로 승인하지 않음 (0.047333ms)
✔ LP20-X02 port 미해제는 정상 종료로 승인하지 않음 (0.054292ms)
✔ LP20-X02 port 상태 모순는 정상 종료로 승인하지 않음 (0.043791ms)
✔ LP20-X02 port 코드 모순는 정상 종료로 승인하지 않음 (0.042917ms)
✔ LP20-X02 port 범위 오류는 정상 종료로 승인하지 않음 (0.039542ms)
✔ LP20-X02 graceful-only 구형 결과는 정상 종료로 승인하지 않음 (0.064ms)
✔ LP20-X02 정상 flag 누락는 정상 종료로 승인하지 않음 (0.056875ms)
✔ S11-CI04 기존 실제 dispatch 상관 정상·오래된ID·다른조건·복수ID 거부 (0.211625ms)
✔ LP26-O12 느린 timeline 뒤에도 같은 경계를 빠르게 재관측하고 창 이탈은 거부 (0.15775ms)
✔ LP26-O13 고정 fixture의 실제 키프레임만 조기 이벤트 기준으로 수용 (0.080291ms)
✔ S11-CI02 nonzero 실패 후 나머지 미실행 (0.336541ms)
✔ S11-CI02 signal 실패 후 나머지 미실행 (0.026291ms)
✔ S11-CI02 output-limit 실패 후 나머지 미실행 (0.02125ms)
✔ S11-CI02 summary-missing 실패 후 나머지 미실행 (0.022667ms)
✔ S11-CI02 summary-duplicate 실패 후 나머지 미실행 (0.020292ms)
✔ S11-CI02 cleanup-failed 실패 후 나머지 미실행 (0.024292ms)
✔ S11-CI02 port-missing 실패 후 나머지 미실행 (0.024625ms)
✔ S11-CI03 legacy 완료 필드 없음·전체 S11/UI/자원 PASS 분리 (0.048542ms)
✔ S11-CI07 기대 출력 수만 있거나 한 기동 관측 누락이면 완료 거부 (0.148875ms)
✔ S11-CI05 페이지 전체·unplaced 별도 total·동일file mapping dedup (4.061292ms)
✔ S11-CI05 누락·중복item·불안정total·truncated·cap 거부 (0.133542ms)
✔ S11-CI05 첫출력/partial/다른reference/job/unsafe숫자 거부 (0.113167ms)
✔ S11-CI07 정확한 accepted placeholder만 미완료로 분류하고 lineage 모순은 거부 (0.122792ms)
✔ S11-CI06 기존ID/hash 보존과 새event/reference/job/output 분리 (0.138333ms)
✔ S11-CI05 점 이벤트 equal+padding 허용·역전/빈확장 거부 (0.066584ms)
✔ LP25-O04 group members survive full collection and literal two output validation (0.076792ms)
✔ S11-O25-01 bounded group members do not consume the top-level item budget (2.044209ms)
✔ S11-O25-02 group members above the separate bound are rejected before consumption (0.418584ms)
✔ LP25-O04 within group duplicate rejects grouped page before completion consumer (0.079083ms)
✔ LP25-O04 across groups duplicate rejects grouped page before completion consumer (0.039083ms)
✔ LP25-O04 member collides with outer ID rejects grouped page before completion consumer (0.032875ms)
✔ LP25-O04 missing members rejects grouped page before completion consumer (0.047625ms)
✔ LP25-O04 empty members rejects grouped page before completion consumer (0.030625ms)
✔ LP25-O04 leaf cap rejects grouped page before completion consumer (0.033084ms)
✔ LP25-O04 members byte cap rejects grouped page before completion consumer (0.042458ms)
✔ LP22-O01 optional page observation preserves values and captures every page (1.198334ms)
✔ LP22-O02 callback exceptions do not replace original page failure (0.271166ms)
✔ LP22-O03 same total ready complete mixture retains individual page states (0.251ms)
✔ LP22-O04 changed totals fail then a fresh cycle fetches every page again (0.470708ms)
✔ LP22-O05 late complete observation cannot erase the original transition timeout (0.179958ms)
✔ LP22-O04 wait keeps late successful return and reports its client deadline overrun (0.077208ms)
✔ LP26-O19 strict actual-app gate rejects late successful page return without losing observation (0.075291ms)
✖ LP26-O20-A page bounds report exact fixed code and safe counts, distinct from O18 timeout (0.452625ms)
✔ LP22-O06 diagnostic report failure remains explicit without hiding primary error (0.128125ms)
✔ LP25-O01 complete page survives later total change while full collection fails (0.330958ms)
✔ LP25-O01 changed page is independently validated and observed before total mismatch (0.126083ms)
✔ LP25-O01 cross-page duplicate with stable total remains fatal (0.094709ms)
✔ LP25-O01 cross-page duplicate with total change retains retry reason (0.066375ms)
✔ LP25-O02 ready complete mixture is observed but never promoted to complete full page (0.133459ms)
✔ LP25-O02 strict consumer exceptions propagate independently of swallowed diagnostic errors (0.065333ms)
✔ LP25-O02 reference conflict after complete cannot disappear behind prior terminal observation (0.070125ms)
✔ LP25-O02 job conflict after complete cannot disappear behind prior terminal observation (0.058166ms)
✔ LP25-O02 state conflict after complete cannot disappear behind prior terminal observation (0.048292ms)
✔ LP25-O02 failed conflict after complete cannot disappear behind prior terminal observation (0.043625ms)
✔ LP25-O02 media conflict after complete cannot disappear behind prior terminal observation (0.059667ms)
✔ LP25-O03 complete observation cannot erase a following HTTP failure (0.067583ms)
✔ LP25-O03 no terminal state retains original thirty second wait timeout (0.073167ms)
✔ LP25-O02 terminal retention stays bounded across cycles and does not retain group members (0.10625ms)
✔ LP26-O20-C independent terminal observation and full-page eligibility are both mandatory (0.061208ms)
✔ LP25-O04 invalid offset page is rejected before strict consumer (0.045708ms)
✔ LP25-O04 invalid limit page is rejected before strict consumer (0.037041ms)
✔ LP25-O04 invalid count page is rejected before strict consumer (0.036375ms)
✔ LP25-O04 invalid duplicate page is rejected before strict consumer (0.04ms)
✔ LP25-O04 invalid truncated page is rejected before strict consumer (0.028667ms)
ℹ tests 83
ℹ suites 0
ℹ pass 82
ℹ fail 1
ℹ cancelled 0
ℹ skipped 0
ℹ todo 0
ℹ duration_ms 54.42875

✖ failing tests:

test at scripts/internal/recording_current_observation.test.mjs:56:1
✖ LP26-O20-A page bounds report exact fixed code and safe counts, distinct from O18 timeout (0.452625ms)
  AssertionError [ERR_ASSERTION]: Missing expected rejection.
      at async TestContext.<anonymous> (file:///Users/dhseo/Workspace/mediaServer/scripts/internal/recording_current_observation.test.mjs:63:5)
      at async Test.run (node:internal/test_runner/test:1113:7)
      at async Test.processPendingSubtests (node:internal/test_runner/test:788:7) {
    generatedMessage: false,
    code: 'ERR_ASSERTION',
    actual: undefined,
    operator: 'rejects',
    diff: 'simple'
  }
