[profile-selftest-cleanup] {"bytes":433,"removed":true}
[profile-selftest-cleanup] {"bytes":4206,"removed":true}
[profile-selftest-cleanup] {"bytes":1954,"removed":true}
[profile-selftest-cleanup] {"bytes":1967,"removed":true}
[profile-selftest-cleanup] {"bytes":110,"removed":true}
[profile-selftest-cleanup] {"bytes":4197,"removed":true}
[profile-selftest-cleanup] {"bytes":1146,"removed":true}
[profile-selftest-cleanup] {"bytes":142,"removed":true}
[profile-selftest-cleanup] {"bytes":1,"removed":true}
[profile-native] {"compileExit":0,"runExit":0,"sourceSha256":"ba5448b720bb359358ab71258daaeec685769e654260b4a1131cd357d460a078","binarySha256":"b4771dcf6756427cd4b7ceb6d31812f009ac3100c4788e2e6cac0c6877b625f3"}
[profile-selftest-cleanup] {"bytes":56503,"removed":true}
✔ LP23-DH01 phase nesting and completed diagnostic remain distinct from app PASS (0.70125ms)
✔ LP23-DH02 timeout preserves last open phase without synthetic completion (0.185ms)
✔ LP23-DH03 partial malformed unknown and secret-bearing trace rows reject (20.345375ms)
✔ O28-D01 child termination classes and bounded metadata remain distinct (0.260791ms)
✔ O28-D02 missing partial malformed loss and incomplete traces never synthesize completion (0.159792ms)
✔ O28-R01 known failure와 timeout receipt를 원문 없이 immutable 선보존 (44.647084ms)
✔ O28-R02 partial trace는 검증된 prefix/open phase만 receipt에 보존 (17.043833ms)
✔ O28-R02 loss row는 고정형만 receipt에 보존 (13.755292ms)
✔ O28-R03 source manifest symlink와 receipt schema 변조를 fail closed (6.881166ms)
✔ O28-R04 동일 입력 receipt 재실행 동등성과 cleanup proof 네 조건 (34.763959ms)
✔ O28-R04 accumulation receipt도 case·manifest·group 종료를 결속 (21.409041ms)
✔ LP23-DH04 owned nofollow copy preserves every byte and rejects foreign scope (20.989708ms)
✔ LP23-DH05 changed original or unconfirmed child blocks cleanup (8.918583ms)
✔ LP23-DH06 exact instrumentation drift and trace bounds fail closed (354.35025ms)
✔ LP26-O09-A01 15초 첫/중간 경계와 즉시 실패 (0.879166ms)
✔ LP26-O09-A02 identity·clock·pid 불일치 (0.094042ms)
✔ LP26-O09-A03 보존 attempt3의 초과5건 중 첫 간격에서 실패 (1.287166ms)
✔ LP26-O09-D01 실패 표본도 자원 요약에 보존하고 PASS 금지 (0.242375ms)
✔ LP26-O09-D02 부족 표본과 잘못된 표본은 명시 상태 (0.067042ms)
✔ LP26-O09-C02 slow 숫자행·완료/미완료·비밀 거부 (0.217125ms)
✖ O28-D04 snapshot 진단이 판정 전 출력되고 최초 오류가 cleanup 뒤 재전파된다 (2.108792ms)
✖ O28-D05 snapshot의 기존 15초·16KiB 상한과 성공 검사 계약을 유지한다 (0.222ms)
✔ O28-R03 observer wrapper는 실패 또는 cleanup-blocked root를 보존한다 (0.10125ms)
✔ O28-R04 accumulation runner와 EXIT는 receipt 누락·실패를 삭제하지 않는다 (0.1425ms)
[cleanup] {"root":"/private/var/folders/k0/qhmr6zdx11q0_41wfx4dsd200000gn/T/recording-capture-KD4pYu","bytes":819,"removed":true}
[cleanup] {"root":"/private/var/folders/k0/qhmr6zdx11q0_41wfx4dsd200000gn/T/recording-capture-zSgDGp","bytes":0,"removed":true}
[cleanup] {"root":"/private/var/folders/k0/qhmr6zdx11q0_41wfx4dsd200000gn/T/recording-capture-nfovOv","bytes":0,"removed":true}
[cleanup] {"root":"/private/var/folders/k0/qhmr6zdx11q0_41wfx4dsd200000gn/T/recording-capture-PirL3c","bytes":0,"removed":true}
[cleanup] {"root":"/private/var/folders/k0/qhmr6zdx11q0_41wfx4dsd200000gn/T/recording-capture-FYc3MC","bytes":0,"removed":true}
[cleanup] {"root":"/private/var/folders/k0/qhmr6zdx11q0_41wfx4dsd200000gn/T/recording-capture-AkWDY1","bytes":0,"removed":true}
[cleanup] {"root":"/private/var/folders/k0/qhmr6zdx11q0_41wfx4dsd200000gn/T/recording-capture-HCDQ41","bytes":8,"removed":true}
[cleanup] {"root":"/private/var/folders/k0/qhmr6zdx11q0_41wfx4dsd200000gn/T/recording-capture-QPiQKH","bytes":96,"removed":true}
[cleanup] {"root":"/private/var/folders/k0/qhmr6zdx11q0_41wfx4dsd200000gn/T/recording-capture-Xvck7R","bytes":3006,"removed":true}
[cleanup] {"root":"/private/var/folders/k0/qhmr6zdx11q0_41wfx4dsd200000gn/T/recording-capture-RBvuQq","bytes":266,"removed":true}
[cleanup] {"root":"/private/var/folders/k0/qhmr6zdx11q0_41wfx4dsd200000gn/T/recording-capture-9Jfz2y","bytes":266,"removed":true}
[cleanup] {"root":"/private/var/folders/k0/qhmr6zdx11q0_41wfx4dsd200000gn/T/recording-capture-3JnYNW","bytes":266,"removed":true}
[cleanup] {"root":"/private/var/folders/k0/qhmr6zdx11q0_41wfx4dsd200000gn/T/recording-capture-I8KQeq","bytes":266,"removed":true}
[cleanup] {"root":"/private/var/folders/k0/qhmr6zdx11q0_41wfx4dsd200000gn/T/recording-capture-QCvsRI","bytes":2654,"removed":true}
[cleanup] {"root":"/private/var/folders/k0/qhmr6zdx11q0_41wfx4dsd200000gn/T/recording-capture-HvIT2P","bytes":2654,"removed":true}
[cleanup] {"root":"/private/var/folders/k0/qhmr6zdx11q0_41wfx4dsd200000gn/T/recording-capture-1gTDWf","bytes":266,"removed":true}
[cleanup] {"root":"/private/var/folders/k0/qhmr6zdx11q0_41wfx4dsd200000gn/T/recording-capture-AuhObI","bytes":266,"removed":true}
[cleanup] {"root":"/private/var/folders/k0/qhmr6zdx11q0_41wfx4dsd200000gn/T/recording-capture-1F6Hcq","bytes":266,"removed":true}
[cleanup] {"root":"/private/var/folders/k0/qhmr6zdx11q0_41wfx4dsd200000gn/T/recording-capture-OPgNDB","bytes":266,"removed":true}
[cleanup] {"root":"/private/var/folders/k0/qhmr6zdx11q0_41wfx4dsd200000gn/T/recording-capture-52gYC0","bytes":266,"removed":true}
[cleanup] {"root":"/private/var/folders/k0/qhmr6zdx11q0_41wfx4dsd200000gn/T/recording-capture-pZHm2U","bytes":266,"removed":true}
[cleanup] {"root":"/private/var/folders/k0/qhmr6zdx11q0_41wfx4dsd200000gn/T/recording-capture-LGFUgm","bytes":266,"removed":true}
[cleanup] {"root":"/private/var/folders/k0/qhmr6zdx11q0_41wfx4dsd200000gn/T/recording-capture-1Qm7Tu","bytes":266,"removed":true}
[cleanup] {"root":"/private/var/folders/k0/qhmr6zdx11q0_41wfx4dsd200000gn/T/recording-capture-5btr5q","bytes":266,"removed":true}
[cleanup] {"root":"/private/var/folders/k0/qhmr6zdx11q0_41wfx4dsd200000gn/T/recording-capture-8xoSnH","bytes":0,"removed":true}
[cleanup] {"root":"/private/var/folders/k0/qhmr6zdx11q0_41wfx4dsd200000gn/T/recording-capture-FkNUZA","bytes":0,"removed":true}
[cleanup] {"root":"/private/var/folders/k0/qhmr6zdx11q0_41wfx4dsd200000gn/T/recording-capture-gIcpMI","bytes":0,"removed":true}
[cleanup] {"root":"/private/var/folders/k0/qhmr6zdx11q0_41wfx4dsd200000gn/T/recording-capture-891X7R","bytes":370,"removed":true}
[cleanup] {"root":"/private/var/folders/k0/qhmr6zdx11q0_41wfx4dsd200000gn/T/recording-capture-UMsnnn","bytes":431,"removed":true}
[cleanup] {"root":"/private/var/folders/k0/qhmr6zdx11q0_41wfx4dsd200000gn/T/recording-capture-KgRnbt","bytes":430,"removed":true}
[cleanup] {"root":"/private/var/folders/k0/qhmr6zdx11q0_41wfx4dsd200000gn/T/recording-capture-ZtFpTl","bytes":434,"removed":true}
[cleanup] {"root":"/private/var/folders/k0/qhmr6zdx11q0_41wfx4dsd200000gn/T/recording-capture-exhJO5","bytes":433,"removed":true}
[cleanup] {"root":"/private/var/folders/k0/qhmr6zdx11q0_41wfx4dsd200000gn/T/recording-capture-MvqQzk","bytes":431,"removed":true}
[cleanup] {"root":"/private/var/folders/k0/qhmr6zdx11q0_41wfx4dsd200000gn/T/recording-capture-KRrfdh","bytes":0,"removed":true}
[cleanup] {"root":"/private/var/folders/k0/qhmr6zdx11q0_41wfx4dsd200000gn/T/recording-capture-ySbv87","bytes":0,"removed":true}
[cleanup] {"root":"/private/var/folders/k0/qhmr6zdx11q0_41wfx4dsd200000gn/T/recording-capture-OKSsyH","bytes":0,"removed":true}
[cleanup] {"root":"/private/var/folders/k0/qhmr6zdx11q0_41wfx4dsd200000gn/T/recording-capture-0uuFrd","bytes":0,"removed":true}
[cleanup] {"root":"/private/var/folders/k0/qhmr6zdx11q0_41wfx4dsd200000gn/T/recording-capture-5kCmrH","bytes":0,"removed":true}
[cleanup] {"root":"/private/var/folders/k0/qhmr6zdx11q0_41wfx4dsd200000gn/T/recording-capture-A02xuo","bytes":0,"removed":true}
[cleanup] {"root":"/private/var/folders/k0/qhmr6zdx11q0_41wfx4dsd200000gn/T/recording-capture-dwJqpv","bytes":0,"removed":true}
[cleanup] {"root":"/private/var/folders/k0/qhmr6zdx11q0_41wfx4dsd200000gn/T/recording-capture-6gAFPl","bytes":8,"removed":true}
[cleanup] {"root":"/private/var/folders/k0/qhmr6zdx11q0_41wfx4dsd200000gn/T/recording-capture-QaeSte","bytes":2732,"removed":true}
[cleanup] {"root":"/private/var/folders/k0/qhmr6zdx11q0_41wfx4dsd200000gn/T/recording-capture-P4fhEJ","bytes":266,"removed":true}
[cleanup] {"root":"/private/var/folders/k0/qhmr6zdx11q0_41wfx4dsd200000gn/T/recording-capture-xrt1GF","bytes":8,"removed":true}
[cleanup] {"root":"/private/var/folders/k0/qhmr6zdx11q0_41wfx4dsd200000gn/T/recording-capture-cWg1Gk","bytes":2732,"removed":true}
[cleanup] {"root":"/private/var/folders/k0/qhmr6zdx11q0_41wfx4dsd200000gn/T/recording-capture-MUyqIg","bytes":2733,"removed":true}
[cleanup] {"root":"/private/var/folders/k0/qhmr6zdx11q0_41wfx4dsd200000gn/T/recording-capture-WLLhi6","bytes":0,"removed":true}
[cleanup] {"root":"/private/var/folders/k0/qhmr6zdx11q0_41wfx4dsd200000gn/T/recording-capture-oxee2i","bytes":0,"removed":true}
[cleanup] {"root":"/private/var/folders/k0/qhmr6zdx11q0_41wfx4dsd200000gn/T/recording-capture-Ymkqwv","bytes":8,"removed":true}
[cleanup] {"root":"/private/var/folders/k0/qhmr6zdx11q0_41wfx4dsd200000gn/T/recording-capture-SiB9XO","bytes":2714,"removed":true}
[cleanup] {"root":"/private/var/folders/k0/qhmr6zdx11q0_41wfx4dsd200000gn/T/recording-capture-IWfFR8","bytes":0,"removed":true}
[cleanup] {"root":"/private/var/folders/k0/qhmr6zdx11q0_41wfx4dsd200000gn/T/recording-capture-DFzlEd","bytes":98,"removed":true}
[cleanup] {"root":"/private/var/folders/k0/qhmr6zdx11q0_41wfx4dsd200000gn/T/recording-capture-jMoi3E","bytes":3067,"removed":true}
[cleanup] {"root":"/private/var/folders/k0/qhmr6zdx11q0_41wfx4dsd200000gn/T/recording-capture-DD4sX3","bytes":266,"removed":true}
[cleanup] {"root":"/private/var/folders/k0/qhmr6zdx11q0_41wfx4dsd200000gn/T/recording-capture-3XsF9T","bytes":266,"removed":true}
[cleanup] {"root":"/private/var/folders/k0/qhmr6zdx11q0_41wfx4dsd200000gn/T/recording-capture-O3fAsb","bytes":266,"removed":true}
[cleanup] {"root":"/private/var/folders/k0/qhmr6zdx11q0_41wfx4dsd200000gn/T/recording-capture-HhX9Vu","bytes":274,"removed":true}
[cleanup] {"root":"/private/var/folders/k0/qhmr6zdx11q0_41wfx4dsd200000gn/T/recording-capture-2AdoFX","bytes":97,"removed":true}
[cleanup] {"root":"/private/var/folders/k0/qhmr6zdx11q0_41wfx4dsd200000gn/T/recording-capture-0hTpuS","bytes":163,"removed":true}
✔ LP12-F04 input framing 고정 오류만 안전 집계 (0.727542ms)
✔ LP12-C07 exact phase/code와 unknown 고정 조합만 수집 (0.09075ms)
✔ LP12-D06 writer fixed 사유만 집계하고 원문을 보존하지 않음 (0.295375ms)
✔ LP08-B01 완료 작업 안전 증거 선보존 (20.062958ms)
✔ LP08-B02 field 증거 실패 시 정리 차단 (0.4675ms)
✔ LP08-B02 enum 증거 실패 시 정리 차단 (0.282583ms)
✔ LP08-B02 range 증거 실패 시 정리 차단 (0.248333ms)
✔ LP08-B02 throw 증거 실패 시 정리 차단 (0.224291ms)
✔ LP08-B02 timeout 증거 실패 시 정리 차단 (0.238542ms)
✔ LP08-B02 existing 증거 실패 시 정리 차단 (3.484583ms)
✔ LP08-B02 symlink 증거 실패 시 정리 차단 (12.876291ms)
✔ LP12-D02 missing binding valid (32.146791ms)
✔ LP12-D02 missing binding binding-valid (12.751208ms)
✔ LP12-D02 missing binding proof-present (9.921375ms)
✔ LP12-D02 missing binding binding-hash (10.221041ms)
✔ LP12-D02 missing binding matches (6.86225ms)
✔ LP12-D04 cap-exceeded count 미확인 보존 (31.937875ms)
✔ LP12-D04 unavailable count 미확인 보존 (33.037292ms)
✔ LP12-D05 catalog schema raw 변조 거부 (10.151541ms)
✔ LP12-D05 catalog schema profile 변조 거부 (8.711584ms)
✔ LP12-D05 catalog schema scope 변조 거부 (8.082792ms)
✔ LP12-D05 catalog schema id 변조 거부 (7.842625ms)
✔ LP12-D05 catalog schema validity 변조 거부 (7.216583ms)
✔ LP12-D05 catalog schema lifecycle 변조 거부 (5.6805ms)
✔ LP12-D05 catalog schema count 변조 거부 (6.99175ms)
✔ LP12-D05 catalog schema cap 변조 거부 (8.918167ms)
✔ LP12-D05 catalog schema truncated 변조 거부 (7.980583ms)
✔ LP12-D06 newline 없는 fixed prefix tail은 known 인정 금지 (0.092458ms)
✔ LP12-D06 line/count cap 및 다음 정상행 복구 (1.33325ms)
✔ LP13-P04 expected reference missing 거부 (0.3245ms)
✔ LP13-P04 expected reference mismatch 거부 (0.245667ms)
✔ LP13-P04 expected reference invalid 거부 (0.206708ms)
✔ LP13-P01 generic absent HTTP 실패 증거 보존 (6.761625ms)
✔ LP13-P01 generic intent HTTP 실패 증거 보존 (8.007584ms)
✔ LP13-P01 generic ready HTTP 실패 증거 보존 (7.937416ms)
✔ LP13-P01 generic committed HTTP 실패 증거 보존 (6.9605ms)
✔ LP13-P01 generic complete HTTP 실패 증거 보존 (6.972084ms)
✔ LP13-P01 generic failed HTTP 실패 증거 보존 (8.0935ms)
✔ LP13-P01 generic field 실패 시 cleanup 차단 (0.535333ms)
✔ LP13-P01 generic state 실패 시 cleanup 차단 (0.317166ms)
✔ LP13-P01 generic count 실패 시 cleanup 차단 (0.221375ms)
✔ LP13-P01 generic hash 실패 시 cleanup 차단 (0.187417ms)
✔ LP13-P01 generic absent 실패 시 cleanup 차단 (0.184875ms)
✔ LP13-P01 generic throw 실패 시 cleanup 차단 (0.1755ms)
✔ LP13-P01 generic timeout 실패 시 cleanup 차단 (0.169375ms)
✔ LP13-P01 generic persist 실패 시 cleanup 차단 (5.209541ms)
✔ LP06-B01 진단 파일을 재현 전에 보존 (24.011416ms)
✔ LP26-O18 사후 failed는 기본 코드만 보존하고 원문·재현 없이 정리 가능 (7.8065ms)
✔ LP26-O18 사후 실패 미등록 코드·저장 충돌은 정리 거부 (3.194333ms)
✔ LP06-B02 실제 자식 exit 뒤 최초 증거 유지 (39.874958ms)
✔ LP06-B02 실제 자식 timeout 뒤 최초 증거 유지 (75.035792ms)
✔ LP06-B03 진단 throw 시 재현·정리 거부 (0.73675ms)
✔ LP06-B03 진단 unsafe 시 재현·정리 거부 (0.261208ms)
✔ LP06-B04 최초 보존 실패 시 재현 금지 (5.031333ms)
✔ LP06-B04 후속 보존 실패 시 최초 파일 유지 (20.439541ms)
✔ LP06-B05 진단 미보존 root 정리 금지·소유권 불일치 거부 (0.853125ms)
✔ LP06-B06 symlink 증거 덮어쓰기 거부 (4.891084ms)
✔ LP06-B06 성공 결과 분리 보존·미등록 필드 거부 (24.872875ms)
✔ LP06-B07 상세 수집 throw 시 기본 진단 유지·재현 금지 (8.673333ms)
✔ LP06-B07 상세 수집 timeout 시 기본 진단 유지·재현 금지 (62.0615ms)
✔ LP06-B07 상세 수집 identity 시 기본 진단 유지·재현 금지 (8.036458ms)
✔ LP06-B07 상세 수집 persist 시 기본 진단 유지·재현 금지 (11.405291ms)
✔ LP06-B08 기본 자식은 plugin 환경 준비 실패와 독립 (28.27825ms)
✔ LP06-B09 만료 시 자식 미기동·남은 시간만 대기 (103.158041ms)
ℹ tests 88
ℹ suites 0
ℹ pass 86
ℹ fail 2
ℹ cancelled 0
ℹ skipped 0
ℹ todo 0
ℹ duration_ms 778.9015

✖ failing tests:

test at scripts/internal/recording_current_longrun_diagnostics.test.mjs:46:1
✖ O28-D04 snapshot 진단이 판정 전 출력되고 최초 오류가 cleanup 뒤 재전파된다 (2.108792ms)
  AssertionError [ERR_ASSERTION]: The expression evaluated to a falsy value:
  
    assert(body.indexOf("console.log('[snapshot-process] '")<body.indexOf("check(!r.error&&!r.signal&&r.status===0"))
  
      at TestContext.<anonymous> (file:///Users/dhseo/Workspace/mediaServer/scripts/internal/recording_current_longrun_diagnostics.test.mjs:48:31)
      at Test.runInAsyncScope (node:async_hooks:214:14)
      at Test.run (node:internal/test_runner/test:1106:25)
      at Test.processPendingSubtests (node:internal/test_runner/test:788:18)
      at Test.postRun (node:internal/test_runner/test:1235:19)
      at Test.run (node:internal/test_runner/test:1163:12)
      at async Test.processPendingSubtests (node:internal/test_runner/test:788:7) {
    generatedMessage: true,
    code: 'ERR_ASSERTION',
    actual: false,
    expected: true,
    operator: '==',
    diff: 'simple'
  }

test at scripts/internal/recording_current_longrun_diagnostics.test.mjs:51:1
✖ O28-D05 snapshot의 기존 15초·16KiB 상한과 성공 검사 계약을 유지한다 (0.222ms)
  AssertionError [ERR_ASSERTION]: The expression evaluated to a falsy value:
  
    assert(body.includes("MEDIA_SERVER_ARCHIVE_PHASE_TRACE:'1'"))
  
      at TestContext.<anonymous> (file:///Users/dhseo/Workspace/mediaServer/scripts/internal/recording_current_longrun_diagnostics.test.mjs:54:52)
      at Test.runInAsyncScope (node:async_hooks:214:14)
      at Test.run (node:internal/test_runner/test:1106:25)
      at Test.processPendingSubtests (node:internal/test_runner/test:788:18)
      at Test.postRun (node:internal/test_runner/test:1235:19)
      at Test.run (node:internal/test_runner/test:1163:12)
      at async Test.processPendingSubtests (node:internal/test_runner/test:788:7) {
    generatedMessage: true,
    code: 'ERR_ASSERTION',
    actual: false,
    expected: true,
    operator: '==',
    diff: 'simple'
  }
