✔ LP26-O10-A01 4N 독립 규모와 최대 bound (0.511709ms)
✔ O28-C01 2048 CLI·receipt 허용과 unknown case 거부가 정적으로 연결 (0.681166ms)
✔ LP26-O10-B01 정확한 네 type·count·partial/backlog oracle (0.158584ms)
✔ LP26-O10-B02 회전 후 fresh0·rotations1이상 oracle (0.056541ms)
✔ LP26-O10-F01 복구·checkpoint별15초 독립 경계와 정확한 순서 (0.289417ms)
✔ O28-M01 ownership 수명 단계는 별도 allowlist와 동일 15초 경계를 쓴다 (0.089208ms)
✔ O28-M01/M02 ownership CLI·collector·receipt 연결은 최대8 reader와 내용 oracle을 고정한다 (0.236417ms)
✔ O28-M02 31열 owner와 fresh-process fingerprint collector가 손실·불일치를 거부한다 (0.47075ms)
[profile-selftest-cleanup] {"bytes":433,"removed":true}
[profile-selftest-cleanup] {"bytes":4206,"removed":true}
[profile-selftest-cleanup] {"bytes":1954,"removed":true}
[profile-selftest-cleanup] {"bytes":1967,"removed":true}
[profile-selftest-cleanup] {"bytes":110,"removed":true}
[profile-selftest-cleanup] {"bytes":4197,"removed":true}
[profile-selftest-cleanup] {"bytes":1338,"removed":true}
[profile-selftest-cleanup] {"bytes":1332,"removed":true}
✔ LP23-DH01 phase nesting and completed diagnostic remain distinct from app PASS (0.701041ms)
✔ LP23-DH02 timeout preserves last open phase without synthetic completion (0.13425ms)
✔ LP23-DH03 partial malformed unknown and secret-bearing trace rows reject (10.305ms)
✔ O28-D01 child termination classes and bounded metadata remain distinct (0.252958ms)
✔ O28-D02 missing partial malformed loss and incomplete traces never synthesize completion (0.151167ms)
✔ O28-R01 known failure와 timeout receipt를 원문 없이 immutable 선보존 (24.580334ms)
✔ O28-R02 partial trace는 검증된 prefix/open phase만 receipt에 보존 (9.712958ms)
✔ O28-R02 loss row는 고정형만 receipt에 보존 (7.057917ms)
✔ O28-R03 source manifest symlink와 receipt schema 변조를 fail closed (1.201334ms)
✔ O28-R04 동일 입력 receipt 재실행 동등성과 cleanup proof 네 조건 (18.329458ms)
✔ O28-R04 accumulation receipt는 최초 실패·미종료 group·고정 진단을 결속 (9.606917ms)
✔ O28-R04 parent drain 실패는 성공 child와 별도로 receipt에 보존 (9.788959ms)
[profile-selftest-cleanup] {"bytes":6,"removed":true}
[profile-selftest-cleanup] {"bytes":1567,"removed":true}
[profile-selftest-cleanup] {"bytes":142,"removed":true}
[profile-selftest-cleanup] {"bytes":1,"removed":true}
[profile-native] {"compileExit":0,"runExit":0,"sourceSha256":"ba5448b720bb359358ab71258daaeec685769e654260b4a1131cd357d460a078","binarySha256":"b4771dcf6756427cd4b7ceb6d31812f009ac3100c4788e2e6cac0c6877b625f3"}
[profile-selftest-cleanup] {"bytes":56503,"removed":true}
✔ O28-R04 실제 synthetic child group의 열린 상태와 종료를 구분 (2.833125ms)
✔ O28-R04 source manifest는 실행 전 snapshot과 동일 길이 사후 변조를 구분 (0.614917ms)
✔ O28-M01 ownership receipt는 고정 mode와 실제 command 결속만 허용 (9.71575ms)
✔ O28-C04 accumulation store receipt는 case 저장소만 결속하고 root 도구 symlink는 제외 (2.523666ms)
✔ LP23-DH04 owned nofollow copy preserves every byte and rejects foreign scope (7.110917ms)
✔ LP23-DH05 changed original or unconfirmed child blocks cleanup (0.877875ms)
✔ LP23-DH06 exact instrumentation drift and trace bounds fail closed (527.27025ms)
[selftest-cleanup] {"bytes":5,"removed":true}
[selftest-cleanup] {"bytes":0,"removed":true}
✔ LP20-C04 임시 파일 삭제 경쟁은 동일 root의 전체 관측으로 재확인 (1.287667ms)
✔ LP20-C04 반복 관측 실패·권한 실패·root 교체는 계속 거부 (0.6445ms)
✔ LP19-H01 계측 손실 없는 왕복 (1.128083ms)
✔ LP19-H02 잘못된 축약 표현 거부 (0.28875ms)
✔ LP17-H01 기존 RSS 실패와 유효 진단 분리 (0.160083ms)
✔ LP17-H02 관측 누락·손상·역행·잘못된 owner 거부 (0.444791ms)
✔ LP17-H03 완료 summary 누락·중복·다른 작업·실패 거부 (0.174958ms)
✔ LP17-H04 process group 단위와 외부·zombie 제외 (0.238583ms)
✔ LP17-H05 실행 안전 상한·기능 실패·정리 실패 분리 (0.194792ms)
[selftest-cleanup] {"bytes":0,"removed":true}
✖ LP17-H06 실제 소유 자식 exit0/7와 그룹 종료 확인 (23.816875ms)
[selftest-cleanup] {"bytes":0,"removed":true}
✖ LP17-H07 실제 timeout 자식 종료와 뒤 단계 차단 (109.16275ms)
[selftest-cleanup] {"bytes":0,"removed":true}
[selftest-cleanup] {"bytes":89,"removed":true}
[selftest-cleanup] {"bytes":9,"removed":true}
[selftest-cleanup] {"bytes":101,"removed":true}
✖ LP17-H08 출력 초과 종료와 보존량 상한 (22.177ms)
✔ LP17-H09 정리 소유권·symlink target 보존 (0.941125ms)
✔ LP17-H10 입력 manifest 변조와 symlink 거부 (0.950875ms)
[selftest-cleanup] {"bytes":0,"removed":true}
✖ LP17-H11 자식만 남긴 종료를 정상 완료로 오인하지 않음 (23.802583ms)
ℹ tests 42
ℹ suites 0
ℹ pass 38
ℹ fail 4
ℹ cancelled 0
ℹ skipped 0
ℹ todo 0
ℹ duration_ms 688.169417

✖ failing tests:

test at scripts/internal/recording_catalog_comparison.test.mjs:88:1
✖ LP17-H06 실제 소유 자식 exit0/7와 그룹 종료 확인 (23.816875ms)
  AssertionError [ERR_ASSERTION]: Expected values to be strictly equal:
  
  1 !== 0
  
      at TestContext.<anonymous> (file:///Users/dhseo/Workspace/mediaServer/scripts/internal/recording_catalog_comparison.test.mjs:90:10)
      at async Test.run (node:internal/test_runner/test:1113:7)
      at async Test.processPendingSubtests (node:internal/test_runner/test:788:7) {
    generatedMessage: true,
    code: 'ERR_ASSERTION',
    actual: 1,
    expected: 0,
    operator: 'strictEqual',
    diff: 'simple'
  }

test at scripts/internal/recording_catalog_comparison.test.mjs:93:1
✖ LP17-H07 실제 timeout 자식 종료와 뒤 단계 차단 (109.16275ms)
  AssertionError [ERR_ASSERTION]: The expression evaluated to a falsy value:
  
    assert(r.groupClean)
  
      at TestContext.<anonymous> (file:///Users/dhseo/Workspace/mediaServer/scripts/internal/recording_catalog_comparison.test.mjs:95:40)
      at async Test.run (node:internal/test_runner/test:1113:7)
      at async Test.processPendingSubtests (node:internal/test_runner/test:788:7) {
    generatedMessage: true,
    code: 'ERR_ASSERTION',
    actual: false,
    expected: true,
    operator: '==',
    diff: 'simple'
  }

test at scripts/internal/recording_catalog_comparison.test.mjs:98:1
✖ LP17-H08 출력 초과 종료와 보존량 상한 (22.177ms)
  AssertionError [ERR_ASSERTION]: The expression evaluated to a falsy value:
  
    assert(r.groupClean)
  
      at TestContext.<anonymous> (file:///Users/dhseo/Workspace/mediaServer/scripts/internal/recording_catalog_comparison.test.mjs:100:94)
      at async Test.run (node:internal/test_runner/test:1113:7)
      at async Test.processPendingSubtests (node:internal/test_runner/test:788:7) {
    generatedMessage: true,
    code: 'ERR_ASSERTION',
    actual: false,
    expected: true,
    operator: '==',
    diff: 'simple'
  }

test at scripts/internal/recording_catalog_comparison.test.mjs:116:1
✖ LP17-H11 자식만 남긴 종료를 정상 완료로 오인하지 않음 (23.802583ms)
  AssertionError [ERR_ASSERTION]: Expected values to be strictly equal:
  + actual - expected
  
  + 'process-observation'
  - 'child-remains'
  
      at TestContext.<anonymous> (file:///Users/dhseo/Workspace/mediaServer/scripts/internal/recording_catalog_comparison.test.mjs:119:10)
      at process.processTicksAndRejections (node:internal/process/task_queues:103:5)
      at async Test.run (node:internal/test_runner/test:1113:7)
      at async Test.processPendingSubtests (node:internal/test_runner/test:788:7) {
    generatedMessage: true,
    code: 'ERR_ASSERTION',
    actual: 'process-observation',
    expected: 'child-remains',
    operator: 'strictEqual',
    diff: 'simple'
  }
