2b2f3b1e6f800480268b06670a3f5b744e260ac3
Darwin arm64
Apple clang version 21.0.0 (clang-2100.3.34.2)
Target: arm64-apple-darwin27.0.0
Thread model: posix
InstalledDir: /Library/Developer/CommandLineTools/usr/bin
1.28.1
3.51.0
3.6.2
9ea3d288b710c6891c400a87077f2496e10f071c068daac91f9a29515c303af6  /Users/dhseo/Workspace/mediaServer/scripts/internal/recording_accumulation_probe.cpp
3d2026706fa46f3410c9cf5738e5a99b83eee0af3348ea2f4892960af46774f3  /Users/dhseo/Workspace/mediaServer/scripts/internal/recording_accumulation_run.mjs
e87ecfef8ef5c0f92c9c13a0808b8e003ae8c1bb4542377dea010fbdebc98f4a  /Users/dhseo/Workspace/mediaServer/scripts/internal/recording_accumulation_prepare.mjs
38563a6a840cd3a2a12dca161b0e6861c9cec34e01cadfd91e868bf43096cdf3  /Users/dhseo/Workspace/mediaServer/scripts/internal/recording_current_observer.mjs
[source] file=recording_catalog.cpp original_sha256=9e2b0f90839c23d15a6122feb609af8f14d0f7e3ff56cbde13861b0b9cfd36ae instrumented_sha256=de9cad6b8ac20ee940511824f9730c4fcb81c09515e18363f70a974286d6a612
[source] file=recording_journal.cpp original_sha256=f3a822d9f5d59a158a6d47fe9294a95f16fc67a5c4423e6c9c6be460498fb373 instrumented_sha256=ff9a0f46233ce42a859332e5388742a3775252cc400afa16afe77c1b9d2f4114
[source] file=recording_contracts.cpp original_sha256=960635a08aa900bebfae961cd9e534ab6b91fbace213e1a7416227e7292ec890 instrumented_sha256=a99bc03ee76dbbd7342d06ea2db70258451d371889eacd384be541bee574e1c6
[source] file=recording_checkpoint_validation.h original_sha256=0162fc707fb89f23e7fa251c960b4f1d87a736524cfc89c2f49163c177e9487a instrumented_sha256=92354b974d664c88be430781853811b0f67dee67813667b3bf0fca7b2204b707
[pass] FC01 exact insertion checks count=110
[lp17] {"kind":"instrument","file":"recording_catalog.h","originalSha256":"49250e6ff55304e97bd0d27c275da08b1d8f7c378a80357d891ec0fde383bc78","instrumentedSha256":"0456cc7e71948099fa2e8cb1da98d32653c477f681bdb1836d27896d39367337"}
[lp17] {"kind":"instrument","file":"recording_journal.h","originalSha256":"31ae6242254278b294284d0cd8e66b6f103890b0e729e1776a98b268360ed63c","instrumentedSha256":"27a3503cc19779cc924ae7f21a160ce885d7da981555ed27f7ff5a93b67be4b6"}
[lp17] {"kind":"instrument","file":"recording_catalog.cpp","originalSha256":"de9cad6b8ac20ee940511824f9730c4fcb81c09515e18363f70a974286d6a612","instrumentedSha256":"eec53eb2826a45e8c76120f3faa2cbdecffbaff2718f4b515ca668ab54fb950a"}
[lp17] {"kind":"instrument","file":"recording_journal.cpp","originalSha256":"ff9a0f46233ce42a859332e5388742a3775252cc400afa16afe77c1b9d2f4114","instrumentedSha256":"69dd8246d7833b37661c991d1871a5f791700944bafc41464ca63ac44a2c6b1a"}
[lp17] {"kind":"instrumentSummary","exactEdits":7,"cacheChange":"retention-and-reuse-only"}
[probe-instrument] {"catalogSha256":"1e520b2793519be0721868c17815bd5637a089e25f9a3a7a7d65105d69227624","exactCacheInsertion":1,"productFilesChanged":false}
[100%] Built target media_server_runtime
[linked-archive] testId=LP26-O14-C source=cmake-target:media_server_runtime archive=/Users/dhseo/Workspace/mediaServer/build-gst-onnx/libmedia_server_runtime.a sha256=b68aa4c78b860c2e199d25aea264e75f3805240c6306e016e7db49a03665717b
/Users/dhseo/Workspace/mediaServer/scripts/internal/recording_accumulation_probe.cpp:310:14: error: unused variable 'heldDistinctObjects' [-Werror,-Wunused-variable]
  310 |   const auto heldDistinctObjects=heldObjects.size();unsigned expiredWeak=0,requeryDistinctAddresses=0;Measure("ownership-release",[&]{first.clear();second.clear();for(const auto& value:weak)expiredWeak+=value.expired();if(expiredWeak!=weak.size())return false;lp17::Observe("handles-released",count,&catalog);std::unordered_set<const RecordingSourceBindingV1*> addresses;std::lock_guard<std::mutex> lock(catalog.mu_);
      |              ^~~~~~~~~~~~~~~~~~~
/Users/dhseo/Workspace/mediaServer/scripts/internal/recording_accumulation_probe.cpp:319:42: error: use of undeclared identifier 'heldDistinctObjects'
  319 |           <<",\"heldDistinctObjects\":"<<heldDistinctObjects<<",\"expiredWeak\":"<<expiredWeak<<",\"requeryDistinctAddresses\":"<<requeryDistinctAddresses<<",\"bindingSha256\":\""<<BindingFingerprint(expected)<<"\""
      |                                          ^~~~~~~~~~~~~~~~~~~
/Users/dhseo/Workspace/mediaServer/scripts/internal/recording_accumulation_probe.cpp:319:84: error: use of undeclared identifier 'expiredWeak'
  319 |           <<",\"heldDistinctObjects\":"<<heldDistinctObjects<<",\"expiredWeak\":"<<expiredWeak<<",\"requeryDistinctAddresses\":"<<requeryDistinctAddresses<<",\"bindingSha256\":\""<<BindingFingerprint(expected)<<"\""
      |                                                                                    ^~~~~~~~~~~
/Users/dhseo/Workspace/mediaServer/scripts/internal/recording_accumulation_probe.cpp:319:131: error: use of undeclared identifier 'requeryDistinctAddresses'
  319 |           <<",\"heldDistinctObjects\":"<<heldDistinctObjects<<",\"expiredWeak\":"<<expiredWeak<<",\"requeryDistinctAddresses\":"<<requeryDistinctAddresses<<",\"bindingSha256\":\""<<BindingFingerprint(expected)<<"\""
      |                                                                                                                                   ^~~~~~~~~~~~~~~~~~~~~~~~
4 errors generated.
[bounded-exit] code=1 signal=none timeout=false
[cleanup] {"preserved":true,"reason":"failed-run"}
[exit] code=1 elapsed_seconds=7 source=bash-SECONDS token_usage=unavailable
