[profile-selftest-cleanup] {"bytes":433,"removed":true}
[profile-selftest-cleanup] {"bytes":3494,"removed":true}
[profile-selftest-cleanup] {"bytes":1598,"removed":true}
[profile-selftest-cleanup] {"bytes":110,"removed":true}
[profile-selftest-cleanup] {"bytes":3485,"removed":true}
[profile-selftest-cleanup] {"bytes":142,"removed":true}
[profile-selftest-cleanup] {"bytes":1,"removed":true}
[profile-native] {"compileExit":0,"runExit":0,"sourceSha256":"ba5448b720bb359358ab71258daaeec685769e654260b4a1131cd357d460a078","binarySha256":"b4771dcf6756427cd4b7ceb6d31812f009ac3100c4788e2e6cac0c6877b625f3"}
[profile-selftest-cleanup] {"bytes":56503,"removed":true}
✔ LP23-DH01 phase nesting and completed diagnostic remain distinct from app PASS (0.70375ms)
✔ LP23-DH02 timeout preserves last open phase without synthetic completion (0.145875ms)
✔ LP23-DH03 partial malformed unknown and secret-bearing trace rows reject (8.653583ms)
✔ O28-D01 child termination classes and bounded metadata remain distinct (0.28025ms)
✔ O28-D02 missing partial malformed loss and incomplete traces never synthesize completion (0.158ms)
✔ O28-R01 known failure와 timeout receipt를 원문 없이 immutable 선보존 (25.207875ms)
✔ O28-R02 partial trace는 검증된 prefix/open phase만 receipt에 보존 (7.73125ms)
✔ O28-R03 source manifest symlink와 receipt schema 변조를 fail closed (1.080875ms)
✔ O28-R04 동일 입력 receipt 재실행 동등성과 cleanup proof 네 조건 (16.850708ms)
✔ LP23-DH04 owned nofollow copy preserves every byte and rejects foreign scope (5.630917ms)
✔ LP23-DH05 changed original or unconfirmed child blocks cleanup (0.825209ms)
✔ LP23-DH06 exact instrumentation drift and trace bounds fail closed (610.488209ms)
ℹ tests 12
ℹ suites 0
ℹ pass 12
ℹ fail 0
ℹ cancelled 0
ℹ skipped 0
ℹ todo 0
ℹ duration_ms 724.359166
