✔ LP26-O10-A01 4N 독립 규모와 최대 bound (0.873625ms)
✔ O28-C01 2048 CLI·receipt 허용과 unknown case 거부가 정적으로 연결 (0.956791ms)
✔ LP26-O10-B01 정확한 네 type·count·partial/backlog oracle (0.131ms)
✔ LP26-O10-B02 회전 후 fresh0·rotations1이상 oracle (0.053917ms)
✔ LP26-O10-F01 복구·checkpoint별15초 독립 경계와 정확한 순서 (0.543834ms)
[profile-selftest-cleanup] {"bytes":433,"removed":true}
[profile-selftest-cleanup] {"bytes":4206,"removed":true}
[profile-selftest-cleanup] {"bytes":1954,"removed":true}
[profile-selftest-cleanup] {"bytes":1967,"removed":true}
[profile-selftest-cleanup] {"bytes":110,"removed":true}
[profile-selftest-cleanup] {"bytes":4197,"removed":true}
[profile-selftest-cleanup] {"bytes":1338,"removed":true}
[profile-selftest-cleanup] {"bytes":1332,"removed":true}
✔ LP23-DH01 phase nesting and completed diagnostic remain distinct from app PASS (0.770667ms)
✔ LP23-DH02 timeout preserves last open phase without synthetic completion (0.160667ms)
✔ LP23-DH03 partial malformed unknown and secret-bearing trace rows reject (9.351334ms)
✔ O28-D01 child termination classes and bounded metadata remain distinct (0.327833ms)
✔ O28-D02 missing partial malformed loss and incomplete traces never synthesize completion (0.156333ms)
✔ O28-R01 known failure와 timeout receipt를 원문 없이 immutable 선보존 (26.035542ms)
✔ O28-R02 partial trace는 검증된 prefix/open phase만 receipt에 보존 (8.91175ms)
✔ O28-R02 loss row는 고정형만 receipt에 보존 (8.908125ms)
✔ O28-R03 source manifest symlink와 receipt schema 변조를 fail closed (1.464375ms)
✔ O28-R04 동일 입력 receipt 재실행 동등성과 cleanup proof 네 조건 (18.042833ms)
✔ O28-R04 accumulation receipt는 최초 실패·미종료 group·고정 진단을 결속 (9.322417ms)
✔ O28-R04 parent drain 실패는 성공 child와 별도로 receipt에 보존 (7.857ms)
[profile-selftest-cleanup] {"bytes":6,"removed":true}
[profile-selftest-cleanup] {"bytes":142,"removed":true}
[profile-selftest-cleanup] {"bytes":1,"removed":true}
[profile-native] {"compileExit":0,"runExit":0,"sourceSha256":"ba5448b720bb359358ab71258daaeec685769e654260b4a1131cd357d460a078","binarySha256":"b4771dcf6756427cd4b7ceb6d31812f009ac3100c4788e2e6cac0c6877b625f3"}
[profile-selftest-cleanup] {"bytes":56503,"removed":true}
✔ O28-R04 실제 synthetic child group의 열린 상태와 종료를 구분 (3.338375ms)
✔ O28-R04 source manifest는 실행 전 snapshot과 동일 길이 사후 변조를 구분 (0.726375ms)
✔ O28-C04 accumulation store receipt는 case 저장소만 결속하고 root 도구 symlink는 제외 (2.603792ms)
✔ LP23-DH04 owned nofollow copy preserves every byte and rejects foreign scope (6.451833ms)
✔ LP23-DH05 changed original or unconfirmed child blocks cleanup (0.90125ms)
✔ LP23-DH06 exact instrumentation drift and trace bounds fail closed (300.854041ms)
[load] {"requests":600,"locks":15000,"rows":3622,"bytes":497129,"sha256":"bd798cbe9fb6b4c8b484f1f614361e594e8940107226bc6882bf73770505d270"}
[load] {"requests":1800,"locks":34200,"rows":10822,"bytes":1486395,"sha256":"f479491d7dfa994e778eb8b45feb0d5813d2084f73eaac0855f61dc2cbb0d4ac"}
[wrapper-pairs] {"input":70,"pairs":70,"wait":70,"hold":70,"remaining":0}
[cleanup] {"root":"/private/var/folders/k0/qhmr6zdx11q0_41wfx4dsd200000gn/T/media-server-latency-MMkTe1","bytes":528047,"removed":true}
✔ LP26-O09-C01 slow-only 초기20000행 생략·마지막64·33KiB 상한 (144.346084ms)
✔ LP26-O09-C03 slow flag만으로 trace 활성화 금지 (2.584959ms)
✔ LP13-T01 collector 존재 (0.081ms)
✔ LP13-T01 disabled/invalid null 무출력 (37.878334ms)
✔ LP13-T01 disabled/invalid "" 무출력 (42.900167ms)
✔ LP13-T01 disabled/invalid "0" 무출력 (40.386459ms)
✔ LP13-T01 disabled/invalid "true" 무출력 (43.988167ms)
✔ LP13-T01 disabled/invalid "01" 무출력 (45.228042ms)
✔ LP13-T01 disabled/invalid "1 " 무출력 (44.1335ms)
✔ LP13-T02 fast aggregate count/sum/max 정확 (5.597916ms)
✔ LP13-T04 부분증거 parent/target 실패와 phase누락 미완료 (16.051833ms)
✔ LP13-T02 실제 동일 mutex 경합·다른 mutex·unlock 후 sink (46.433334ms)
✔ LP13-T03 600 poll·15fastlocks/poll·5400worker 합성 예산 (65.881ms)
✔ LP13-T03 1800 poll·15fastlocks/poll·5400worker 합성 예산 (292.059875ms)
✔ LP13-T03 tls-cap 손실 명시 (2.07875ms)
✔ LP13-T03 cap 손실 명시 (24.414167ms)
✔ LP13-T04 split·safe부분보존·순번누락 (11.376417ms)
✔ LP13-T04 enum 거부 (0.0695ms)
✔ LP13-T04 numeric 거부 (0.029333ms)
✔ LP13-T04 time 거부 (0.021458ms)
✔ LP13-T04 count 거부 (0.021084ms)
✔ LP13-T04 linecap 거부 (0.018042ms)
✔ LP13-T04 incomplete 거부 (0.015416ms)
✔ LP13-T05 cost instrumentation 신규wrapper 단일치환·trace중복거부 (64.678084ms)
ℹ tests 47
ℹ suites 0
ℹ pass 47
ℹ fail 0
ℹ cancelled 0
ℹ skipped 0
ℹ todo 0
ℹ duration_ms 1238.286875
