2b2f3b1e6f800480268b06670a3f5b744e260ac3
Darwin arm64
Apple clang version 21.0.0 (clang-2100.3.34.2)
Target: arm64-apple-darwin27.0.0
Thread model: posix
InstalledDir: /Library/Developer/CommandLineTools/usr/bin
1.28.1
3.51.0
3.6.2
e3e1c89b73ab1e7bd499f946743de6b58510ffc0bc31cd118dacae0e2e6455d6  /Users/dhseo/Workspace/mediaServer/scripts/internal/recording_accumulation_probe.cpp
3d2026706fa46f3410c9cf5738e5a99b83eee0af3348ea2f4892960af46774f3  /Users/dhseo/Workspace/mediaServer/scripts/internal/recording_accumulation_run.mjs
e87ecfef8ef5c0f92c9c13a0808b8e003ae8c1bb4542377dea010fbdebc98f4a  /Users/dhseo/Workspace/mediaServer/scripts/internal/recording_accumulation_prepare.mjs
38563a6a840cd3a2a12dca161b0e6861c9cec34e01cadfd91e868bf43096cdf3  /Users/dhseo/Workspace/mediaServer/scripts/internal/recording_current_observer.mjs
[source] file=recording_catalog.cpp original_sha256=9e2b0f90839c23d15a6122feb609af8f14d0f7e3ff56cbde13861b0b9cfd36ae instrumented_sha256=de9cad6b8ac20ee940511824f9730c4fcb81c09515e18363f70a974286d6a612
[source] file=recording_journal.cpp original_sha256=f3a822d9f5d59a158a6d47fe9294a95f16fc67a5c4423e6c9c6be460498fb373 instrumented_sha256=ff9a0f46233ce42a859332e5388742a3775252cc400afa16afe77c1b9d2f4114
[source] file=recording_contracts.cpp original_sha256=960635a08aa900bebfae961cd9e534ab6b91fbace213e1a7416227e7292ec890 instrumented_sha256=a99bc03ee76dbbd7342d06ea2db70258451d371889eacd384be541bee574e1c6
[source] file=recording_checkpoint_validation.h original_sha256=0162fc707fb89f23e7fa251c960b4f1d87a736524cfc89c2f49163c177e9487a instrumented_sha256=92354b974d664c88be430781853811b0f67dee67813667b3bf0fca7b2204b707
[pass] FC01 exact insertion checks count=110
[probe-instrument] {"catalogSha256":"75d9d99671b4d474925d7996b06bd8ac06427ba20d2781356edd45194dce9d3a","exactCacheInsertion":1,"productFilesChanged":false}
[100%] Built target media_server_runtime
[linked-archive] testId=LP26-O14-C source=cmake-target:media_server_runtime archive=/Users/dhseo/Workspace/mediaServer/build-gst-onnx/libmedia_server_runtime.a sha256=b68aa4c78b860c2e199d25aea264e75f3805240c6306e016e7db49a03665717b
scripts/internal/verify_recording_accumulation_probe.sh: line 60: ownership_flags[@]: unbound variable
[cleanup] {"preserved":true,"reason":"evidence-missing"}
[exit] code=2 elapsed_seconds=1 source=bash-SECONDS token_usage=unavailable
