2b2f3b1e6f800480268b06670a3f5b744e260ac3
Darwin arm64
Apple clang version 21.0.0 (clang-2100.3.34.2)
Target: arm64-apple-darwin27.0.0
Thread model: posix
InstalledDir: /Library/Developer/CommandLineTools/usr/bin
1.28.1
3.51.0
3.6.2
e3e1c89b73ab1e7bd499f946743de6b58510ffc0bc31cd118dacae0e2e6455d6  /Users/dhseo/Workspace/mediaServer/scripts/internal/recording_accumulation_probe.cpp
3d2026706fa46f3410c9cf5738e5a99b83eee0af3348ea2f4892960af46774f3  /Users/dhseo/Workspace/mediaServer/scripts/internal/recording_accumulation_run.mjs
e87ecfef8ef5c0f92c9c13a0808b8e003ae8c1bb4542377dea010fbdebc98f4a  /Users/dhseo/Workspace/mediaServer/scripts/internal/recording_accumulation_prepare.mjs
38563a6a840cd3a2a12dca161b0e6861c9cec34e01cadfd91e868bf43096cdf3  /Users/dhseo/Workspace/mediaServer/scripts/internal/recording_current_observer.mjs
[source] file=recording_catalog.cpp original_sha256=9e2b0f90839c23d15a6122feb609af8f14d0f7e3ff56cbde13861b0b9cfd36ae instrumented_sha256=de9cad6b8ac20ee940511824f9730c4fcb81c09515e18363f70a974286d6a612
[source] file=recording_journal.cpp original_sha256=f3a822d9f5d59a158a6d47fe9294a95f16fc67a5c4423e6c9c6be460498fb373 instrumented_sha256=ff9a0f46233ce42a859332e5388742a3775252cc400afa16afe77c1b9d2f4114
[source] file=recording_contracts.cpp original_sha256=960635a08aa900bebfae961cd9e534ab6b91fbace213e1a7416227e7292ec890 instrumented_sha256=a99bc03ee76dbbd7342d06ea2db70258451d371889eacd384be541bee574e1c6
[source] file=recording_checkpoint_validation.h original_sha256=0162fc707fb89f23e7fa251c960b4f1d87a736524cfc89c2f49163c177e9487a instrumented_sha256=92354b974d664c88be430781853811b0f67dee67813667b3bf0fca7b2204b707
[pass] FC01 exact insertion checks count=110
[lp17] {"kind":"instrument","file":"recording_catalog.h","originalSha256":"49250e6ff55304e97bd0d27c275da08b1d8f7c378a80357d891ec0fde383bc78","instrumentedSha256":"0456cc7e71948099fa2e8cb1da98d32653c477f681bdb1836d27896d39367337"}
[lp17] {"kind":"instrument","file":"recording_journal.h","originalSha256":"31ae6242254278b294284d0cd8e66b6f103890b0e729e1776a98b268360ed63c","instrumentedSha256":"27a3503cc19779cc924ae7f21a160ce885d7da981555ed27f7ff5a93b67be4b6"}
[lp17] {"kind":"instrument","file":"recording_catalog.cpp","originalSha256":"de9cad6b8ac20ee940511824f9730c4fcb81c09515e18363f70a974286d6a612","instrumentedSha256":"eec53eb2826a45e8c76120f3faa2cbdecffbaff2718f4b515ca668ab54fb950a"}
[lp17] {"kind":"instrument","file":"recording_journal.cpp","originalSha256":"ff9a0f46233ce42a859332e5388742a3775252cc400afa16afe77c1b9d2f4114","instrumentedSha256":"69dd8246d7833b37661c991d1871a5f791700944bafc41464ca63ac44a2c6b1a"}
[lp17] {"kind":"instrumentSummary","exactEdits":7,"cacheChange":"retention-and-reuse-only"}
[probe-instrument] {"catalogSha256":"1e520b2793519be0721868c17815bd5637a089e25f9a3a7a7d65105d69227624","exactCacheInsertion":1,"productFilesChanged":false}
[100%] Built target media_server_runtime
[linked-archive] testId=LP26-O14-C source=cmake-target:media_server_runtime archive=/Users/dhseo/Workspace/mediaServer/build-gst-onnx/libmedia_server_runtime.a sha256=b68aa4c78b860c2e199d25aea264e75f3805240c6306e016e7db49a03665717b
[bounded-exit] code=0 signal=none timeout=false
[bounded-exit] code=0 signal=none timeout=false
[bounded-exit] code=0 signal=none timeout=false
[pass] seed FE02 writer start
[pass] seed FE04 bound finalized mutation segment0
[measure] writer_push_finalize_us=25223 input_aus=60 segments=1
[fixture-shape] {"sources":16,"records":64,"journalBytes":299331,"cacheChargeBytes":300163,"expectedCacheAdmission":true,"mediaFiles":0,"samplesPerSource":60}
[pass] LP26-O10-A02 typed segment binding tombstone serialization and seed file verification
[probe-rss] {"stage":"generated","currentBytes":43892736,"peakBytes":44072960}
[probe-process] {"mode":"--generate","selectedCase":"16","status":0,"signal":null,"stop":null,"elapsedMs":1325,"groupClosed":true,"peakObservedRssBytes":36536320,"metricsUnavailable":0,"stageLimitMs":null,"technicalCapMs":60000,"diskBytes":15484378,"parentRssBytes":71958528}
[probe-stage] ownership-open begin
[cost] operation=ownership-open scope=catalog.lock.hold count=1 inclusive_ns=60865917 exclusive_ns=110458
[cost] operation=ownership-open scope=catalog.lock.hold/catalog.OpenLocked count=1 inclusive_ns=60755459 exclusive_ns=3840206
[cost] operation=ownership-open scope=catalog.lock.hold/catalog.OpenLocked/catalog.ApplyMutationLocked count=64 inclusive_ns=9248962 exclusive_ns=7079671
[cost] operation=ownership-open scope=catalog.lock.hold/catalog.OpenLocked/catalog.ApplyMutationLocked/contracts.ValidateRecordingSourceBindingForSegment count=16 inclusive_ns=2169291 exclusive_ns=277874
[cost] operation=ownership-open scope=catalog.lock.hold/catalog.OpenLocked/catalog.ApplyMutationLocked/contracts.ValidateRecordingSourceBindingForSegment/contracts.ValidateRecordingSourceBindingV1 count=16 inclusive_ns=1891417 exclusive_ns=39749
[cost] operation=ownership-open scope=catalog.lock.hold/catalog.OpenLocked/catalog.ApplyMutationLocked/contracts.ValidateRecordingSourceBindingForSegment/contracts.ValidateRecordingSourceBindingV1/contracts.ValidateRecordingFileEvidence count=16 inclusive_ns=1851668 exclusive_ns=1851668
[cost] operation=ownership-open scope=catalog.lock.hold/catalog.OpenLocked/catalog.PreflightV2Locked count=1 inclusive_ns=40398042 exclusive_ns=320339
[cost] operation=ownership-open scope=catalog.lock.hold/catalog.OpenLocked/catalog.PreflightV2Locked/catalog.ApplyMutationLocked count=64 inclusive_ns=40077245 exclusive_ns=14574782
[cost] operation=ownership-open scope=catalog.lock.hold/catalog.OpenLocked/catalog.PreflightV2Locked/catalog.ApplyMutationLocked/contracts.ParseRecordingSourceBindingV1 count=16 inclusive_ns=18237920 exclusive_ns=16355003
[cost] operation=ownership-open scope=catalog.lock.hold/catalog.OpenLocked/catalog.PreflightV2Locked/catalog.ApplyMutationLocked/contracts.ParseRecordingSourceBindingV1/contracts.ValidateRecordingSourceBindingV1 count=16 inclusive_ns=1882917 exclusive_ns=39707
[cost] operation=ownership-open scope=catalog.lock.hold/catalog.OpenLocked/catalog.PreflightV2Locked/catalog.ApplyMutationLocked/contracts.ParseRecordingSourceBindingV1/contracts.ValidateRecordingSourceBindingV1/contracts.ValidateRecordingFileEvidence count=16 inclusive_ns=1843210 exclusive_ns=1843210
[cost] operation=ownership-open scope=catalog.lock.hold/catalog.OpenLocked/catalog.PreflightV2Locked/catalog.ApplyMutationLocked/contracts.SerializeRecordingSourceBindingV1 count=16 inclusive_ns=5155712 exclusive_ns=3308588
[cost] operation=ownership-open scope=catalog.lock.hold/catalog.OpenLocked/catalog.PreflightV2Locked/catalog.ApplyMutationLocked/contracts.SerializeRecordingSourceBindingV1/contracts.ValidateRecordingSourceBindingV1 count=16 inclusive_ns=1847124 exclusive_ns=35538
[cost] operation=ownership-open scope=catalog.lock.hold/catalog.OpenLocked/catalog.PreflightV2Locked/catalog.ApplyMutationLocked/contracts.SerializeRecordingSourceBindingV1/contracts.ValidateRecordingSourceBindingV1/contracts.ValidateRecordingFileEvidence count=16 inclusive_ns=1811586 exclusive_ns=1811586
[cost] operation=ownership-open scope=catalog.lock.hold/catalog.OpenLocked/catalog.PreflightV2Locked/catalog.ApplyMutationLocked/contracts.ValidateRecordingSourceBindingForSegment count=16 inclusive_ns=2108831 exclusive_ns=280459
[cost] operation=ownership-open scope=catalog.lock.hold/catalog.OpenLocked/catalog.PreflightV2Locked/catalog.ApplyMutationLocked/contracts.ValidateRecordingSourceBindingForSegment/contracts.ValidateRecordingSourceBindingV1 count=16 inclusive_ns=1828372 exclusive_ns=36288
[cost] operation=ownership-open scope=catalog.lock.hold/catalog.OpenLocked/catalog.PreflightV2Locked/catalog.ApplyMutationLocked/contracts.ValidateRecordingSourceBindingForSegment/contracts.ValidateRecordingSourceBindingV1/contracts.ValidateRecordingFileEvidence count=16 inclusive_ns=1792084 exclusive_ns=1792084
[cost] operation=ownership-open scope=catalog.lock.hold/catalog.OpenLocked/catalog.PreflightV2Locked/catalog.lock.hold count=1 inclusive_ns=292 exclusive_ns=292
[cost] operation=ownership-open scope=catalog.lock.hold/catalog.OpenLocked/catalog.PreflightV2Locked/catalog.lock.wait count=1 inclusive_ns=166 exclusive_ns=166
[cost] operation=ownership-open scope=catalog.lock.hold/catalog.OpenLocked/catalog.ReadCatalogReplay count=1 inclusive_ns=179958 exclusive_ns=27874
[cost] operation=ownership-open scope=catalog.lock.hold/catalog.OpenLocked/catalog.ReadCatalogReplay/journal.ReadCheckpointRecords count=1 inclusive_ns=152084 exclusive_ns=152084
[cost] operation=ownership-open scope=catalog.lock.hold/catalog.OpenLocked/catalog.RebuildSqliteLocked count=1 inclusive_ns=6260375 exclusive_ns=5914963
[cost] operation=ownership-open scope=catalog.lock.hold/catalog.OpenLocked/catalog.RebuildSqliteLocked/catalog.ReadCatalogReplay count=1 inclusive_ns=205833 exclusive_ns=27958
[cost] operation=ownership-open scope=catalog.lock.hold/catalog.OpenLocked/catalog.RebuildSqliteLocked/catalog.ReadCatalogReplay/journal.ReadCheckpointRecords count=1 inclusive_ns=177875 exclusive_ns=177875
[cost] operation=ownership-open scope=catalog.lock.hold/catalog.OpenLocked/catalog.RebuildSqliteLocked/journal.SerializeRecordingMutationV1 count=96 inclusive_ns=139579 exclusive_ns=139579
[cost] operation=ownership-open scope=catalog.lock.hold/catalog.OpenLocked/catalog.ReleaseInactiveDetailsLocked count=1 inclusive_ns=827916 exclusive_ns=827916
[cost] operation=ownership-open scope=catalog.lock.wait count=1 inclusive_ns=83 exclusive_ns=83
[cost] operation=ownership-open scope=journal.Open count=1 inclusive_ns=12319250 exclusive_ns=3041
[cost] operation=ownership-open scope=journal.Open/journal.OpenManagedLocked count=1 inclusive_ns=12316209 exclusive_ns=221918
[cost] operation=ownership-open scope=journal.Open/journal.OpenManagedLocked/journal.LoadManagedStateLocked count=1 inclusive_ns=12094291 exclusive_ns=1106089
[cost] operation=ownership-open scope=journal.Open/journal.OpenManagedLocked/journal.LoadManagedStateLocked/journal.IndexRecord count=64 inclusive_ns=1371206 exclusive_ns=1171498
[cost] operation=ownership-open scope=journal.Open/journal.OpenManagedLocked/journal.LoadManagedStateLocked/journal.IndexRecord/journal.SerializeRecordingMutationV1 count=128 inclusive_ns=199708 exclusive_ns=199708
[cost] operation=ownership-open scope=journal.Open/journal.OpenManagedLocked/journal.LoadManagedStateLocked/journal.ParseRecordingMutationV1 count=64 inclusive_ns=9616996 exclusive_ns=9616996
[probe-wall] {"stage":"ownership-open","elapsedUs":73190,"ok":true}
[probe-rss] {"stage":"ownership-open","currentBytes":31588352,"peakBytes":31588352}
[lp17] {"kind":"memory","stage":"pre-checkpoint","sources":16,"currentRssBytes":31588352,"peakRssBytes":31588352}
[lp17] {"kind":"owner-packed","version":1,"stage":"pre-checkpoint","owner":"journal","values":[64,0,0,0,19536,22912,3072,0,0,0,0,0,0,0,300163,0,0,0,0,0,0,0,0,0,64,0,0,0,0,0,13312]}
[lp17] {"kind":"owner-packed","version":1,"stage":"pre-checkpoint","owner":"live","values":[64,0,0,32,14089,19200,5376,0,32,16,16,0,0,0,561105,0,0,960,0,0,64,561105,64,0,0,0,16,0,0,3840,0]}
[lp17] {"kind":"owner-packed","version":1,"stage":"pre-checkpoint","owner":"shadow","values":[0,0,0,0,0,0,0,0,0,0,0,0,0,0,0,0,0,0,0,0,0,0,0,0,0,0,0,0,0,0,0]}
[lp17] {"kind":"owner-packed","version":1,"stage":"pre-checkpoint","owner":"prefix","values":[0,0,0,0,0,0,0,0,0,0,0,0,0,0,0,0,0,0,0,0,0,0,0,0,0,0,0,0,0,0,0]}
[probe-stage] ownership-timeline begin
[probe-wall] {"stage":"ownership-timeline","elapsedUs":143,"ok":true}
[probe-rss] {"stage":"ownership-timeline","currentBytes":31752192,"peakBytes":31752192}
[lp17] {"kind":"owner-packed","version":1,"stage":"snapshot-held","owner":"snapshot","values":[0,0,0,0,0,0,0,0,16,0,0,0,0,0,0,0,0,0,0,0,0,0,0,0,0,0,0,0,0,0,0]}
[probe-stage] ownership-acquire begin
[cost] operation=ownership-acquire scope=contracts.ParseRecordingSourceBindingV1 count=16 inclusive_ns=18183586 exclusive_ns=16305249
[cost] operation=ownership-acquire scope=contracts.ParseRecordingSourceBindingV1/contracts.ValidateRecordingSourceBindingV1 count=16 inclusive_ns=1878337 exclusive_ns=38547
[cost] operation=ownership-acquire scope=contracts.ParseRecordingSourceBindingV1/contracts.ValidateRecordingSourceBindingV1/contracts.ValidateRecordingFileEvidence count=16 inclusive_ns=1839790 exclusive_ns=1839790
[cost] operation=ownership-acquire scope=contracts.SerializeRecordingSourceBindingV1 count=16 inclusive_ns=5241084 exclusive_ns=3357752
[cost] operation=ownership-acquire scope=contracts.SerializeRecordingSourceBindingV1/contracts.ValidateRecordingSourceBindingV1 count=16 inclusive_ns=1883332 exclusive_ns=35371
[cost] operation=ownership-acquire scope=contracts.SerializeRecordingSourceBindingV1/contracts.ValidateRecordingSourceBindingV1/contracts.ValidateRecordingFileEvidence count=16 inclusive_ns=1847961 exclusive_ns=1847961
[cost] operation=ownership-acquire scope=contracts.ValidateRecordingSourceBindingForSegment count=16 inclusive_ns=2149416 exclusive_ns=292583
[cost] operation=ownership-acquire scope=contracts.ValidateRecordingSourceBindingForSegment/contracts.ValidateRecordingSourceBindingV1 count=16 inclusive_ns=1856833 exclusive_ns=35917
[cost] operation=ownership-acquire scope=contracts.ValidateRecordingSourceBindingForSegment/contracts.ValidateRecordingSourceBindingV1/contracts.ValidateRecordingFileEvidence count=16 inclusive_ns=1820916 exclusive_ns=1820916
[cost] operation=ownership-acquire scope=journal.EnvelopeIdentity count=16 inclusive_ns=148208 exclusive_ns=99833
[cost] operation=ownership-acquire scope=journal.EnvelopeIdentity/journal.SerializeRecordingMutationV1 count=16 inclusive_ns=48375 exclusive_ns=48375
[cost] operation=ownership-acquire scope=journal.ParseRecordingMutationV1 count=16 inclusive_ns=6756376 exclusive_ns=6756376
[cost] operation=ownership-acquire scope=journal.locatedRawRead.bytes count=266576 inclusive_ns=0 exclusive_ns=0
[cost] operation=ownership-acquire scope=journal.locatedRawRead.calls count=16 inclusive_ns=0 exclusive_ns=0
[probe-wall] {"stage":"ownership-acquire","elapsedUs":43981,"ok":true}
[probe-rss] {"stage":"ownership-acquire","currentBytes":31817728,"peakBytes":31817728}
[lp17] {"kind":"memory","stage":"handles-held","sources":16,"currentRssBytes":31817728,"peakRssBytes":31817728}
[lp17] {"kind":"owner-packed","version":1,"stage":"handles-held","owner":"journal","values":[64,0,0,0,19536,22912,3072,0,0,0,0,0,0,0,300163,0,0,0,0,0,0,0,0,0,64,0,0,0,0,0,13312]}
[lp17] {"kind":"owner-packed","version":1,"stage":"handles-held","owner":"live","values":[64,0,0,32,14089,19200,5376,0,32,16,16,0,0,0,561105,0,0,960,0,0,64,561105,64,0,0,0,16,0,0,3840,0]}
[lp17] {"kind":"owner-packed","version":1,"stage":"handles-held","owner":"shadow","values":[0,0,0,0,0,0,0,0,0,0,0,0,0,0,0,0,0,0,0,0,0,0,0,0,0,0,0,0,0,0,0]}
[lp17] {"kind":"owner-packed","version":1,"stage":"handles-held","owner":"prefix","values":[0,0,0,0,0,0,0,0,0,0,0,0,0,0,0,0,0,0,0,0,0,0,0,0,0,0,0,0,0,0,0]}
[lp17] {"kind":"owner-packed","version":1,"stage":"snapshot-released","owner":"snapshot","values":[0,0,0,0,0,0,0,0,0,0,0,0,0,0,0,0,0,0,0,0,0,0,0,0,0,0,0,0,0,0,0]}
[probe-stage] ownership-release begin
[lp17] {"kind":"memory","stage":"handles-released","sources":16,"currentRssBytes":31817728,"peakRssBytes":31817728}
[lp17] {"kind":"owner-packed","version":1,"stage":"handles-released","owner":"journal","values":[64,0,0,0,19536,22912,3072,0,0,0,0,0,0,0,300163,0,0,0,0,0,0,0,0,0,64,0,0,0,0,0,13312]}
[lp17] {"kind":"owner-packed","version":1,"stage":"handles-released","owner":"live","values":[64,0,0,32,14089,19200,5376,0,32,16,16,0,0,0,561105,0,0,960,0,0,64,561105,64,0,0,0,16,0,0,3840,0]}
[lp17] {"kind":"owner-packed","version":1,"stage":"handles-released","owner":"shadow","values":[0,0,0,0,0,0,0,0,0,0,0,0,0,0,0,0,0,0,0,0,0,0,0,0,0,0,0,0,0,0,0]}
[lp17] {"kind":"owner-packed","version":1,"stage":"handles-released","owner":"prefix","values":[0,0,0,0,0,0,0,0,0,0,0,0,0,0,0,0,0,0,0,0,0,0,0,0,0,0,0,0,0,0,0]}
[cost] operation=ownership-release scope=contracts.ParseRecordingSourceBindingV1 count=8 inclusive_ns=9081292 exclusive_ns=8154126
[cost] operation=ownership-release scope=contracts.ParseRecordingSourceBindingV1/contracts.ValidateRecordingSourceBindingV1 count=8 inclusive_ns=927166 exclusive_ns=18331
[cost] operation=ownership-release scope=contracts.ParseRecordingSourceBindingV1/contracts.ValidateRecordingSourceBindingV1/contracts.ValidateRecordingFileEvidence count=8 inclusive_ns=908835 exclusive_ns=908835
[cost] operation=ownership-release scope=contracts.SerializeRecordingSourceBindingV1 count=8 inclusive_ns=2598540 exclusive_ns=1671331
[cost] operation=ownership-release scope=contracts.SerializeRecordingSourceBindingV1/contracts.ValidateRecordingSourceBindingV1 count=8 inclusive_ns=927209 exclusive_ns=16917
[cost] operation=ownership-release scope=contracts.SerializeRecordingSourceBindingV1/contracts.ValidateRecordingSourceBindingV1/contracts.ValidateRecordingFileEvidence count=8 inclusive_ns=910292 exclusive_ns=910292
[cost] operation=ownership-release scope=contracts.ValidateRecordingSourceBindingForSegment count=8 inclusive_ns=1057959 exclusive_ns=136833
[cost] operation=ownership-release scope=contracts.ValidateRecordingSourceBindingForSegment/contracts.ValidateRecordingSourceBindingV1 count=8 inclusive_ns=921126 exclusive_ns=17291
[cost] operation=ownership-release scope=contracts.ValidateRecordingSourceBindingForSegment/contracts.ValidateRecordingSourceBindingV1/contracts.ValidateRecordingFileEvidence count=8 inclusive_ns=903835 exclusive_ns=903835
[cost] operation=ownership-release scope=journal.EnvelopeIdentity count=8 inclusive_ns=109249 exclusive_ns=86748
[cost] operation=ownership-release scope=journal.EnvelopeIdentity/journal.SerializeRecordingMutationV1 count=8 inclusive_ns=22501 exclusive_ns=22501
[cost] operation=ownership-release scope=journal.ParseRecordingMutationV1 count=8 inclusive_ns=3133625 exclusive_ns=3133625
[cost] operation=ownership-release scope=journal.locatedRawRead.bytes count=133288 inclusive_ns=0 exclusive_ns=0
[cost] operation=ownership-release scope=journal.locatedRawRead.calls count=8 inclusive_ns=0 exclusive_ns=0
[probe-wall] {"stage":"ownership-release","elapsedUs":21778,"ok":true}
[probe-rss] {"stage":"ownership-release","currentBytes":31817728,"peakBytes":31817728}
[lp17] {"kind":"memory","stage":"requery-released","sources":16,"currentRssBytes":31817728,"peakRssBytes":31817728}
[lp17] {"kind":"owner-packed","version":1,"stage":"requery-released","owner":"journal","values":[64,0,0,0,19536,22912,3072,0,0,0,0,0,0,0,300163,0,0,0,0,0,0,0,0,0,64,0,0,0,0,0,13312]}
[lp17] {"kind":"owner-packed","version":1,"stage":"requery-released","owner":"live","values":[64,0,0,32,14089,19200,5376,0,32,16,16,0,0,0,561105,0,0,960,0,0,64,561105,64,0,0,0,16,0,0,3840,0]}
[lp17] {"kind":"owner-packed","version":1,"stage":"requery-released","owner":"shadow","values":[0,0,0,0,0,0,0,0,0,0,0,0,0,0,0,0,0,0,0,0,0,0,0,0,0,0,0,0,0,0,0]}
[lp17] {"kind":"owner-packed","version":1,"stage":"requery-released","owner":"prefix","values":[0,0,0,0,0,0,0,0,0,0,0,0,0,0,0,0,0,0,0,0,0,0,0,0,0,0,0,0,0,0,0]}
[probe-stage] ownership-checkpoint begin
[cost] operation=ownership-checkpoint scope=catalog.lock.hold count=1 inclusive_ns=57523542 exclusive_ns=54459
[cost] operation=ownership-checkpoint scope=catalog.lock.hold/catalog.CheckpointLocked count=1 inclusive_ns=57469083 exclusive_ns=3356125
[cost] operation=ownership-checkpoint scope=catalog.lock.hold/catalog.CheckpointLocked/cache.fullReplay count=1 inclusive_ns=0 exclusive_ns=0
[cost] operation=ownership-checkpoint scope=catalog.lock.hold/catalog.CheckpointLocked/candidate.identical count=1 inclusive_ns=0 exclusive_ns=0
[cost] operation=ownership-checkpoint scope=catalog.lock.hold/catalog.CheckpointLocked/catalog.ReleaseInactiveDetailsLocked count=1 inclusive_ns=1603292 exclusive_ns=1603292
[cost] operation=ownership-checkpoint scope=catalog.lock.hold/catalog.CheckpointLocked/checkpoint.ReadCheckpointRecords count=1 inclusive_ns=10552042 exclusive_ns=1500
[cost] operation=ownership-checkpoint scope=catalog.lock.hold/catalog.CheckpointLocked/checkpoint.ReadCheckpointRecords/journal.ReadCheckpointRecords count=1 inclusive_ns=10550542 exclusive_ns=586287
[cost] operation=ownership-checkpoint scope=catalog.lock.hold/catalog.CheckpointLocked/checkpoint.ReadCheckpointRecords/journal.ReadCheckpointRecords/journal.EnvelopeIdentity count=64 inclusive_ns=228708 exclusive_ns=143789
[cost] operation=ownership-checkpoint scope=catalog.lock.hold/catalog.CheckpointLocked/checkpoint.ReadCheckpointRecords/journal.ReadCheckpointRecords/journal.EnvelopeIdentity/journal.SerializeRecordingMutationV1 count=64 inclusive_ns=84919 exclusive_ns=84919
[cost] operation=ownership-checkpoint scope=catalog.lock.hold/catalog.CheckpointLocked/checkpoint.ReadCheckpointRecords/journal.ReadCheckpointRecords/journal.ParseRecordingMutationV1 count=64 inclusive_ns=9735547 exclusive_ns=9735547
[cost] operation=ownership-checkpoint scope=catalog.lock.hold/catalog.CheckpointLocked/checkpoint.SameSequence count=1 inclusive_ns=14916 exclusive_ns=14916
[cost] operation=ownership-checkpoint scope=catalog.lock.hold/catalog.CheckpointLocked/checkpoint.originalSemantic count=1 inclusive_ns=34478834 exclusive_ns=38710
[cost] operation=ownership-checkpoint scope=catalog.lock.hold/catalog.CheckpointLocked/checkpoint.originalSemantic/catalog.ApplyMutationLocked count=64 inclusive_ns=34440124 exclusive_ns=13929168
[cost] operation=ownership-checkpoint scope=catalog.lock.hold/catalog.CheckpointLocked/checkpoint.originalSemantic/catalog.ApplyMutationLocked/contracts.ParseRecordingSourceBindingV1 count=16 inclusive_ns=18368873 exclusive_ns=16496457
[cost] operation=ownership-checkpoint scope=catalog.lock.hold/catalog.CheckpointLocked/checkpoint.originalSemantic/catalog.ApplyMutationLocked/contracts.ParseRecordingSourceBindingV1/contracts.ValidateRecordingSourceBindingV1 count=16 inclusive_ns=1872416 exclusive_ns=40207
[cost] operation=ownership-checkpoint scope=catalog.lock.hold/catalog.CheckpointLocked/checkpoint.originalSemantic/catalog.ApplyMutationLocked/contracts.ParseRecordingSourceBindingV1/contracts.ValidateRecordingSourceBindingV1/contracts.ValidateRecordingFileEvidence count=16 inclusive_ns=1832209 exclusive_ns=1832209
[cost] operation=ownership-checkpoint scope=catalog.lock.hold/catalog.CheckpointLocked/checkpoint.originalSemantic/catalog.ApplyMutationLocked/contracts.ValidateRecordingSourceBindingForSegment count=16 inclusive_ns=2142083 exclusive_ns=296917
[cost] operation=ownership-checkpoint scope=catalog.lock.hold/catalog.CheckpointLocked/checkpoint.originalSemantic/catalog.ApplyMutationLocked/contracts.ValidateRecordingSourceBindingForSegment/contracts.ValidateRecordingSourceBindingV1 count=16 inclusive_ns=1845166 exclusive_ns=42043
[cost] operation=ownership-checkpoint scope=catalog.lock.hold/catalog.CheckpointLocked/checkpoint.originalSemantic/catalog.ApplyMutationLocked/contracts.ValidateRecordingSourceBindingForSegment/contracts.ValidateRecordingSourceBindingV1/contracts.ValidateRecordingFileEvidence count=16 inclusive_ns=1803123 exclusive_ns=1803123
[cost] operation=ownership-checkpoint scope=catalog.lock.hold/catalog.CheckpointLocked/journal.CommitCheckpoint count=1 inclusive_ns=4045583 exclusive_ns=107666
[cost] operation=ownership-checkpoint scope=catalog.lock.hold/catalog.CheckpointLocked/journal.CommitCheckpoint/checkpoint.candidateFields count=1 inclusive_ns=11042 exclusive_ns=11042
[cost] operation=ownership-checkpoint scope=catalog.lock.hold/catalog.CheckpointLocked/journal.CommitCheckpoint/checkpoint.write count=1 inclusive_ns=862750 exclusive_ns=646457
[cost] operation=ownership-checkpoint scope=catalog.lock.hold/catalog.CheckpointLocked/journal.CommitCheckpoint/checkpoint.write/journal.EnvelopeIdentity count=64 inclusive_ns=216293 exclusive_ns=141874
[cost] operation=ownership-checkpoint scope=catalog.lock.hold/catalog.CheckpointLocked/journal.CommitCheckpoint/checkpoint.write/journal.EnvelopeIdentity/journal.SerializeRecordingMutationV1 count=64 inclusive_ns=74419 exclusive_ns=74419
[cost] operation=ownership-checkpoint scope=catalog.lock.hold/catalog.CheckpointLocked/journal.CommitCheckpoint/journal.CompactRecords count=1 inclusive_ns=2990625 exclusive_ns=2937541
[cost] operation=ownership-checkpoint scope=catalog.lock.hold/catalog.CheckpointLocked/journal.CommitCheckpoint/journal.CompactRecords/journal.SerializeRecordingMutationV1 count=32 inclusive_ns=53084 exclusive_ns=53084
[cost] operation=ownership-checkpoint scope=catalog.lock.hold/catalog.CheckpointLocked/journal.CommitCheckpoint/journal.JournalBytes count=1 inclusive_ns=73500 exclusive_ns=47458
[cost] operation=ownership-checkpoint scope=catalog.lock.hold/catalog.CheckpointLocked/journal.CommitCheckpoint/journal.JournalBytes/journal.SerializeRecordingMutationV1 count=32 inclusive_ns=26042 exclusive_ns=26042
[cost] operation=ownership-checkpoint scope=catalog.lock.hold/catalog.CheckpointLocked/journal.PrepareCheckpoint count=1 inclusive_ns=3418291 exclusive_ns=58457
[cost] operation=ownership-checkpoint scope=catalog.lock.hold/catalog.CheckpointLocked/journal.PrepareCheckpoint/journal.CompactRecords count=1 inclusive_ns=3359834 exclusive_ns=3308209
[cost] operation=ownership-checkpoint scope=catalog.lock.hold/catalog.CheckpointLocked/journal.PrepareCheckpoint/journal.CompactRecords/journal.SerializeRecordingMutationV1 count=32 inclusive_ns=51625 exclusive_ns=51625
[cost] operation=ownership-checkpoint scope=catalog.lock.wait count=1 inclusive_ns=41 exclusive_ns=41
[cost] operation=ownership-checkpoint scope=journal.locatedRawRead.bytes count=299331 inclusive_ns=0 exclusive_ns=0
[cost] operation=ownership-checkpoint scope=journal.locatedRawRead.calls count=64 inclusive_ns=0 exclusive_ns=0
[probe-wall] {"stage":"ownership-checkpoint","elapsedUs":57525,"ok":true}
[probe-rss] {"stage":"ownership-checkpoint","currentBytes":32964608,"peakBytes":32964608}
[lp17] {"kind":"memory","stage":"post-checkpoint","sources":16,"currentRssBytes":32964608,"peakRssBytes":32964608}
[lp17] {"kind":"owner-packed","version":1,"stage":"post-checkpoint","owner":"journal","values":[64,0,0,0,19536,22912,3072,0,0,0,0,0,0,0,300163,0,0,0,0,0,0,0,0,0,64,0,0,0,0,0,13312]}
[lp17] {"kind":"owner-packed","version":1,"stage":"post-checkpoint","owner":"live","values":[64,0,0,32,14089,19200,5376,0,32,16,16,0,0,0,561105,0,0,960,0,0,64,561105,64,0,0,0,16,0,0,3840,0]}
[lp17] {"kind":"owner-packed","version":1,"stage":"post-checkpoint","owner":"shadow","values":[64,0,0,32,14089,19200,5376,0,32,16,16,0,0,0,561105,0,0,960,0,0,64,561105,64,0,0,0,16,0,0,3840,0]}
[lp17] {"kind":"owner-packed","version":1,"stage":"post-checkpoint","owner":"prefix","values":[64,0,0,0,0,0,4608,0,0,0,0,0,0,0,300163,0,0,0,0,0,64,300163,64,0,0,0,0,0,0,0,0]}
[ownership-lifecycle] {"testIds":["O28-M01","O28-M02"],"sources":16,"readers":8,"samplesPerBinding":60,"mediaFiles":0,"sameObject":0,"requeryAddressMatches":0,"heldDistinctObjects":16,"expiredWeak":16,"requeryDistinctAddresses":8,"bindingSha256":"d82d3aec00283e3fdee018e80aa04b476a7162c6abd694d6932ca47c644fb3f2","serializedEqual":true,"deleted":true,"snapshotReleased":true,"handlesReleased":true,"wholeHeapAttributed":false,"rssLeakProven":false}
[pass] O28-M01/M02 bounded reader ownership lifecycle
[probe-process] {"mode":"--ownership","selectedCase":"16","status":0,"signal":null,"stop":null,"elapsedMs":239,"groupClosed":true,"peakObservedRssBytes":null,"metricsUnavailable":0,"stageLimitMs":15000,"technicalCapMs":65000,"diskBytes":15571773,"parentRssBytes":72384512}
[probe-stage] ownership-reopen begin
[cost] operation=ownership-reopen scope=catalog.lock.hold count=1 inclusive_ns=61357417 exclusive_ns=103584
[cost] operation=ownership-reopen scope=catalog.lock.hold/catalog.OpenLocked count=1 inclusive_ns=61253833 exclusive_ns=4384329
[cost] operation=ownership-reopen scope=catalog.lock.hold/catalog.OpenLocked/catalog.ApplyMutationLocked count=64 inclusive_ns=9183794 exclusive_ns=7027671
[cost] operation=ownership-reopen scope=catalog.lock.hold/catalog.OpenLocked/catalog.ApplyMutationLocked/contracts.ValidateRecordingSourceBindingForSegment count=16 inclusive_ns=2156123 exclusive_ns=276165
[cost] operation=ownership-reopen scope=catalog.lock.hold/catalog.OpenLocked/catalog.ApplyMutationLocked/contracts.ValidateRecordingSourceBindingForSegment/contracts.ValidateRecordingSourceBindingV1 count=16 inclusive_ns=1879958 exclusive_ns=38374
[cost] operation=ownership-reopen scope=catalog.lock.hold/catalog.OpenLocked/catalog.ApplyMutationLocked/contracts.ValidateRecordingSourceBindingForSegment/contracts.ValidateRecordingSourceBindingV1/contracts.ValidateRecordingFileEvidence count=16 inclusive_ns=1841584 exclusive_ns=1841584
[cost] operation=ownership-reopen scope=catalog.lock.hold/catalog.OpenLocked/catalog.PreflightV2Locked count=1 inclusive_ns=40454334 exclusive_ns=334216
[cost] operation=ownership-reopen scope=catalog.lock.hold/catalog.OpenLocked/catalog.PreflightV2Locked/catalog.ApplyMutationLocked count=64 inclusive_ns=40119743 exclusive_ns=14379412
[cost] operation=ownership-reopen scope=catalog.lock.hold/catalog.OpenLocked/catalog.PreflightV2Locked/catalog.ApplyMutationLocked/contracts.ParseRecordingSourceBindingV1 count=16 inclusive_ns=18388416 exclusive_ns=16481707
[cost] operation=ownership-reopen scope=catalog.lock.hold/catalog.OpenLocked/catalog.PreflightV2Locked/catalog.ApplyMutationLocked/contracts.ParseRecordingSourceBindingV1/contracts.ValidateRecordingSourceBindingV1 count=16 inclusive_ns=1906709 exclusive_ns=41832
[cost] operation=ownership-reopen scope=catalog.lock.hold/catalog.OpenLocked/catalog.PreflightV2Locked/catalog.ApplyMutationLocked/contracts.ParseRecordingSourceBindingV1/contracts.ValidateRecordingSourceBindingV1/contracts.ValidateRecordingFileEvidence count=16 inclusive_ns=1864877 exclusive_ns=1864877
[cost] operation=ownership-reopen scope=catalog.lock.hold/catalog.OpenLocked/catalog.PreflightV2Locked/catalog.ApplyMutationLocked/contracts.SerializeRecordingSourceBindingV1 count=16 inclusive_ns=5207041 exclusive_ns=3360919
[cost] operation=ownership-reopen scope=catalog.lock.hold/catalog.OpenLocked/catalog.PreflightV2Locked/catalog.ApplyMutationLocked/contracts.SerializeRecordingSourceBindingV1/contracts.ValidateRecordingSourceBindingV1 count=16 inclusive_ns=1846122 exclusive_ns=35911
[cost] operation=ownership-reopen scope=catalog.lock.hold/catalog.OpenLocked/catalog.PreflightV2Locked/catalog.ApplyMutationLocked/contracts.SerializeRecordingSourceBindingV1/contracts.ValidateRecordingSourceBindingV1/contracts.ValidateRecordingFileEvidence count=16 inclusive_ns=1810211 exclusive_ns=1810211
[cost] operation=ownership-reopen scope=catalog.lock.hold/catalog.OpenLocked/catalog.PreflightV2Locked/catalog.ApplyMutationLocked/contracts.ValidateRecordingSourceBindingForSegment count=16 inclusive_ns=2144874 exclusive_ns=281414
[cost] operation=ownership-reopen scope=catalog.lock.hold/catalog.OpenLocked/catalog.PreflightV2Locked/catalog.ApplyMutationLocked/contracts.ValidateRecordingSourceBindingForSegment/contracts.ValidateRecordingSourceBindingV1 count=16 inclusive_ns=1863460 exclusive_ns=38088
[cost] operation=ownership-reopen scope=catalog.lock.hold/catalog.OpenLocked/catalog.PreflightV2Locked/catalog.ApplyMutationLocked/contracts.ValidateRecordingSourceBindingForSegment/contracts.ValidateRecordingSourceBindingV1/contracts.ValidateRecordingFileEvidence count=16 inclusive_ns=1825372 exclusive_ns=1825372
[cost] operation=ownership-reopen scope=catalog.lock.hold/catalog.OpenLocked/catalog.PreflightV2Locked/catalog.lock.hold count=1 inclusive_ns=125 exclusive_ns=125
[cost] operation=ownership-reopen scope=catalog.lock.hold/catalog.OpenLocked/catalog.PreflightV2Locked/catalog.lock.wait count=1 inclusive_ns=250 exclusive_ns=250
[cost] operation=ownership-reopen scope=catalog.lock.hold/catalog.OpenLocked/catalog.ReadCatalogReplay count=1 inclusive_ns=181667 exclusive_ns=33334
[cost] operation=ownership-reopen scope=catalog.lock.hold/catalog.OpenLocked/catalog.ReadCatalogReplay/journal.ReadCheckpointRecords count=1 inclusive_ns=148333 exclusive_ns=148333
[cost] operation=ownership-reopen scope=catalog.lock.hold/catalog.OpenLocked/catalog.RebuildSqliteLocked count=1 inclusive_ns=6240584 exclusive_ns=5927581
[cost] operation=ownership-reopen scope=catalog.lock.hold/catalog.OpenLocked/catalog.RebuildSqliteLocked/catalog.ReadCatalogReplay count=1 inclusive_ns=172667 exclusive_ns=25542
[cost] operation=ownership-reopen scope=catalog.lock.hold/catalog.OpenLocked/catalog.RebuildSqliteLocked/catalog.ReadCatalogReplay/journal.ReadCheckpointRecords count=1 inclusive_ns=147125 exclusive_ns=147125
[cost] operation=ownership-reopen scope=catalog.lock.hold/catalog.OpenLocked/catalog.RebuildSqliteLocked/journal.SerializeRecordingMutationV1 count=96 inclusive_ns=140336 exclusive_ns=140336
[cost] operation=ownership-reopen scope=catalog.lock.hold/catalog.OpenLocked/catalog.ReleaseInactiveDetailsLocked count=1 inclusive_ns=809125 exclusive_ns=809125
[cost] operation=ownership-reopen scope=catalog.lock.wait count=1 inclusive_ns=167 exclusive_ns=167
[cost] operation=ownership-reopen scope=contracts.ParseRecordingSourceBindingV1 count=16 inclusive_ns=18825000 exclusive_ns=16894294
[cost] operation=ownership-reopen scope=contracts.ParseRecordingSourceBindingV1/contracts.ValidateRecordingSourceBindingV1 count=16 inclusive_ns=1930706 exclusive_ns=45748
[cost] operation=ownership-reopen scope=contracts.ParseRecordingSourceBindingV1/contracts.ValidateRecordingSourceBindingV1/contracts.ValidateRecordingFileEvidence count=16 inclusive_ns=1884958 exclusive_ns=1884958
[cost] operation=ownership-reopen scope=contracts.SerializeRecordingSourceBindingV1 count=24 inclusive_ns=7981040 exclusive_ns=5127667
[cost] operation=ownership-reopen scope=contracts.SerializeRecordingSourceBindingV1/contracts.ValidateRecordingSourceBindingV1 count=24 inclusive_ns=2853373 exclusive_ns=51875
[cost] operation=ownership-reopen scope=contracts.SerializeRecordingSourceBindingV1/contracts.ValidateRecordingSourceBindingV1/contracts.ValidateRecordingFileEvidence count=24 inclusive_ns=2801498 exclusive_ns=2801498
[cost] operation=ownership-reopen scope=contracts.ValidateRecordingSourceBindingForSegment count=16 inclusive_ns=2185079 exclusive_ns=288120
[cost] operation=ownership-reopen scope=contracts.ValidateRecordingSourceBindingForSegment/contracts.ValidateRecordingSourceBindingV1 count=16 inclusive_ns=1896959 exclusive_ns=39000
[cost] operation=ownership-reopen scope=contracts.ValidateRecordingSourceBindingForSegment/contracts.ValidateRecordingSourceBindingV1/contracts.ValidateRecordingFileEvidence count=16 inclusive_ns=1857959 exclusive_ns=1857959
[cost] operation=ownership-reopen scope=journal.EnvelopeIdentity count=16 inclusive_ns=136081 exclusive_ns=100998
[cost] operation=ownership-reopen scope=journal.EnvelopeIdentity/journal.SerializeRecordingMutationV1 count=16 inclusive_ns=35083 exclusive_ns=35083
[cost] operation=ownership-reopen scope=journal.Open count=1 inclusive_ns=22445334 exclusive_ns=2792
[cost] operation=ownership-reopen scope=journal.Open/journal.OpenManagedLocked count=1 inclusive_ns=22442542 exclusive_ns=194042
[cost] operation=ownership-reopen scope=journal.Open/journal.OpenManagedLocked/journal.LoadManagedStateLocked count=1 inclusive_ns=22248500 exclusive_ns=774588
[cost] operation=ownership-reopen scope=journal.Open/journal.OpenManagedLocked/journal.LoadManagedStateLocked/journal.IndexRecord count=64 inclusive_ns=1316501 exclusive_ns=1202128
[cost] operation=ownership-reopen scope=journal.Open/journal.OpenManagedLocked/journal.LoadManagedStateLocked/journal.IndexRecord/journal.SerializeRecordingMutationV1 count=96 inclusive_ns=114373 exclusive_ns=114373
[cost] operation=ownership-reopen scope=journal.Open/journal.OpenManagedLocked/journal.LoadManagedStateLocked/journal.ParseRecordingMutationV1 count=64 inclusive_ns=20157411 exclusive_ns=11177326
[cost] operation=ownership-reopen scope=journal.Open/journal.OpenManagedLocked/journal.LoadManagedStateLocked/journal.ParseRecordingMutationV1/journal.ParseRecordingMutationV1 count=32 inclusive_ns=8912667 exclusive_ns=8912667
[cost] operation=ownership-reopen scope=journal.Open/journal.OpenManagedLocked/journal.LoadManagedStateLocked/journal.ParseRecordingMutationV1/journal.SerializeRecordingMutationV1 count=32 inclusive_ns=67418 exclusive_ns=67418
[cost] operation=ownership-reopen scope=journal.ParseRecordingMutationV1 count=16 inclusive_ns=15731041 exclusive_ns=9307541
[cost] operation=ownership-reopen scope=journal.ParseRecordingMutationV1/journal.ParseRecordingMutationV1 count=16 inclusive_ns=6375376 exclusive_ns=6375376
[cost] operation=ownership-reopen scope=journal.ParseRecordingMutationV1/journal.SerializeRecordingMutationV1 count=16 inclusive_ns=48124 exclusive_ns=48124
[cost] operation=ownership-reopen scope=journal.locatedRawRead.bytes count=151378 inclusive_ns=0 exclusive_ns=0
[cost] operation=ownership-reopen scope=journal.locatedRawRead.calls count=16 inclusive_ns=0 exclusive_ns=0
[probe-wall] {"stage":"ownership-reopen","elapsedUs":140490,"ok":true}
[probe-rss] {"stage":"ownership-reopen","currentBytes":32325632,"peakBytes":32325632}
[lp17] {"kind":"memory","stage":"fresh-reopen","sources":16,"currentRssBytes":32325632,"peakRssBytes":32325632}
[lp17] {"kind":"owner-packed","version":1,"stage":"fresh-reopen","owner":"journal","values":[64,0,0,0,19536,22912,3072,0,0,0,0,0,0,0,300163,0,0,0,0,0,0,0,0,0,64,0,0,0,0,0,13312]}
[lp17] {"kind":"owner-packed","version":1,"stage":"fresh-reopen","owner":"live","values":[64,0,0,32,14089,19200,5376,0,32,16,16,0,0,0,561105,0,0,960,0,0,64,561105,64,0,0,0,16,0,0,3840,0]}
[lp17] {"kind":"owner-packed","version":1,"stage":"fresh-reopen","owner":"shadow","values":[0,0,0,0,0,0,0,0,0,0,0,0,0,0,0,0,0,0,0,0,0,0,0,0,0,0,0,0,0,0,0]}
[lp17] {"kind":"owner-packed","version":1,"stage":"fresh-reopen","owner":"prefix","values":[0,0,0,0,0,0,0,0,0,0,0,0,0,0,0,0,0,0,0,0,0,0,0,0,0,0,0,0,0,0,0]}
[ownership-reopen] {"sources":16,"readers":8,"samplesPerBinding":60,"bindingSha256":"d82d3aec00283e3fdee018e80aa04b476a7162c6abd694d6932ca47c644fb3f2","serializedEqual":true,"deleted":true}
[probe-process] {"mode":"--ownership-reopen","selectedCase":"16","status":0,"signal":null,"stop":null,"elapsedMs":182,"groupClosed":true,"peakObservedRssBytes":null,"metricsUnavailable":0,"stageLimitMs":15000,"technicalCapMs":65000,"diskBytes":15571773,"parentRssBytes":72450048}
[ownership-summary] {"sources":16,"ownerRows":26,"readers":8,"bindingSha256":"d82d3aec00283e3fdee018e80aa04b476a7162c6abd694d6932ca47c644fb3f2","wholeHeapAttributed":false,"rssLeakProven":false}
[pass] LP26-O10-E01 malformed mutation rejected
[summary] {"completed":true,"elapsedMs":2158.545916,"diskBytes":15571773,"parentRssBytes":72515584,"performancePass":false,"longrunPass":false,"uiPass":false,"tokenStart":null,"tokenEnd":null,"tokenConsumed":null,"tokenSource":"전용 집계 없음"}
[probe-receipt] {"preserved":true,"bytes":2815,"sha256":"d0c80ea902866bc613f217d31c03e4b03cd25589a58f74d974f43f347d1b9e20","rawPathsPublished":false}
[probe-reader-cleanup] {"readers":0,"closed":true,"groupsClosed":true,"receiptPreserved":true,"elapsedMs":2174.145916,"diskBytes":15571837,"parentRssBytes":72990720}
[cleanup] {"root":"/private/var/folders/k0/qhmr6zdx11q0_41wfx4dsd200000gn/T/media-server-catalog-cost.P7l0cw","bytes":15571837,"absent":true}
[exit] code=0 elapsed_seconds=12 source=bash-SECONDS token_usage=unavailable
