[pass] LP26-O05 fixed current executable
[fixture-generation] {"status":0,"signal":null,"errorCode":null,"elapsedMs":1385,"timeoutMs":30000,"stdoutBytes":0,"stderrBytes":0,"outputBytes":62334405,"categories":{"missingElement":false,"negotiation":false,"pluginScanner":false,"permission":false,"resource":false},"rawBodyPublished":false}
[pass] LP26-O05 original bounded retention fixture
[pass] LP26-O05 distinct canonical sources
[request-budget] {"elapsedMs":1}
[http-timing] {"method":"GET","routeClass":"health","status":null,"headerElapsedMs":null,"bodyElapsedMs":null,"totalElapsedMs":3,"bytes":0,"phase":"header","outcome":"error"}
[request-budget] {"elapsedMs":1}
[http-timing] {"method":"GET","routeClass":"health","status":null,"headerElapsedMs":null,"bodyElapsedMs":null,"totalElapsedMs":1,"bytes":0,"phase":"header","outcome":"error"}
[request-budget] {"elapsedMs":1}
[http-timing] {"method":"GET","routeClass":"health","status":null,"headerElapsedMs":null,"bodyElapsedMs":null,"totalElapsedMs":1,"bytes":0,"phase":"header","outcome":"error"}
[request-budget] {"elapsedMs":2}
[http-timing] {"method":"GET","routeClass":"health","status":null,"headerElapsedMs":null,"bodyElapsedMs":null,"totalElapsedMs":1,"bytes":0,"phase":"header","outcome":"error"}
[request-budget] {"elapsedMs":3}
[http-timing] {"method":"GET","routeClass":"health","status":null,"headerElapsedMs":null,"bodyElapsedMs":null,"totalElapsedMs":1,"bytes":0,"phase":"header","outcome":"error"}
[request-budget] {"elapsedMs":1}
[http-timing] {"method":"GET","routeClass":"health","status":null,"headerElapsedMs":null,"bodyElapsedMs":null,"totalElapsedMs":1,"bytes":0,"phase":"header","outcome":"error"}
[request-budget] {"elapsedMs":1}
[http-timing] {"method":"GET","routeClass":"health","status":null,"headerElapsedMs":null,"bodyElapsedMs":null,"totalElapsedMs":1,"bytes":0,"phase":"header","outcome":"error"}
[request-budget] {"elapsedMs":1}
[http-timing] {"method":"GET","routeClass":"health","status":null,"headerElapsedMs":null,"bodyElapsedMs":null,"totalElapsedMs":1,"bytes":0,"phase":"header","outcome":"error"}
[request-budget] {"elapsedMs":1}
[http-timing] {"method":"GET","routeClass":"health","status":null,"headerElapsedMs":null,"bodyElapsedMs":null,"totalElapsedMs":1,"bytes":0,"phase":"header","outcome":"error"}
[request-budget] {"elapsedMs":1}
[http-timing] {"method":"GET","routeClass":"health","status":null,"headerElapsedMs":null,"bodyElapsedMs":null,"totalElapsedMs":1,"bytes":0,"phase":"header","outcome":"error"}
[request-budget] {"elapsedMs":1}
[http-timing] {"method":"GET","routeClass":"health","status":null,"headerElapsedMs":null,"bodyElapsedMs":null,"totalElapsedMs":1,"bytes":0,"phase":"header","outcome":"error"}
[request-budget] {"elapsedMs":1}
[http-timing] {"method":"GET","routeClass":"health","status":null,"headerElapsedMs":null,"bodyElapsedMs":null,"totalElapsedMs":0,"bytes":0,"phase":"header","outcome":"error"}
[request-budget] {"elapsedMs":1}
[http-timing] {"method":"GET","routeClass":"health","status":null,"headerElapsedMs":null,"bodyElapsedMs":null,"totalElapsedMs":1,"bytes":0,"phase":"header","outcome":"error"}
[request-budget] {"elapsedMs":1}
[http-timing] {"method":"GET","routeClass":"health","status":null,"headerElapsedMs":null,"bodyElapsedMs":null,"totalElapsedMs":0,"bytes":0,"phase":"header","outcome":"error"}
[request-budget] {"elapsedMs":1}
[http-timing] {"method":"GET","routeClass":"health","status":null,"headerElapsedMs":null,"bodyElapsedMs":null,"totalElapsedMs":1,"bytes":0,"phase":"header","outcome":"error"}
[request-budget] {"elapsedMs":1}
[http-timing] {"method":"GET","routeClass":"health","status":null,"headerElapsedMs":null,"bodyElapsedMs":null,"totalElapsedMs":0,"bytes":0,"phase":"header","outcome":"error"}
[request-budget] {"elapsedMs":1}
[http-timing] {"method":"GET","routeClass":"health","status":null,"headerElapsedMs":null,"bodyElapsedMs":null,"totalElapsedMs":1,"bytes":0,"phase":"header","outcome":"error"}
[request-budget] {"elapsedMs":1}
[http-timing] {"method":"GET","routeClass":"health","status":200,"headerElapsedMs":5,"bodyElapsedMs":1,"totalElapsedMs":6,"bytes":15,"phase":"complete","outcome":"ok"}
[request-budget] {"elapsedMs":1}
[http-timing] {"method":"GET","routeClass":"ice","status":200,"headerElapsedMs":1,"bodyElapsedMs":0,"totalElapsedMs":1,"bytes":222,"phase":"complete","outcome":"ok"}
[pass] LP26-O05 isolated server healthy
[request-budget] {"elapsedMs":1}
[http-timing] {"method":"GET","routeClass":"recording-status","status":200,"headerElapsedMs":1,"bodyElapsedMs":0,"totalElapsedMs":1,"bytes":1198,"phase":"complete","outcome":"ok"}
[pass] LP26-O05 independent initial channels
[request-budget] {"elapsedMs":1}
[http-timing] {"method":"POST","routeClass":"source","status":201,"headerElapsedMs":87,"bodyElapsedMs":0,"totalElapsedMs":87,"bytes":437,"phase":"complete","outcome":"ok"}
[request-budget] {"elapsedMs":1}
[http-timing] {"method":"POST","routeClass":"source","status":201,"headerElapsedMs":12,"bodyElapsedMs":0,"totalElapsedMs":12,"bytes":437,"phase":"complete","outcome":"ok"}
[root-storage] {"reason":"sample","final":false,"elapsedMs":3601,"journalMutationTypes":{"segment_finalized":0,"event_link_created":0,"observation_put":0,"observation_v2_put":0,"deletion_requested":0,"deletion_completed":0,"corruption_detected":0,"recording_order_reserved":2,"segment_v2_finalized":0,"segment_v2_bound_finalized":0,"consumer_reference_put":0,"derived_reference_accepted":0,"referenced_observation_put":0,"derived_job_intent":0,"derived_job_files":0,"derived_job_ready":0,"derived_job_committed":0,"derived_job_complete":0,"derived_job_failed":0,"segment_v2_state":0,"segment_v2_deleted":0},"journalMutationTypesCoverage":"drained-prefix-only; unread-or-partial-tail-excluded","totalBytes":140917126,"capBytes":469762048,"capExceeded":false,"entries":314,"categories":{"input":{"bytes":124668810,"files":2},"media":{"bytes":0,"files":0},"mediaPartial":{"bytes":6751166,"files":2},"journal":{"bytes":922,"files":1},"checkpoint":{"bytes":0,"files":0},"sqlite":{"bytes":4096,"files":1},"wal":{"bytes":350232,"files":1},"sqliteAux":{"bytes":32768,"files":1},"tmp":{"bytes":0,"files":0},"log":{"bytes":1049,"files":1},"state":{"bytes":4655,"files":2},"events":{"bytes":0,"files":0},"cache":{"bytes":3146149,"files":280},"tools":{"bytes":5956888,"files":2},"recordingsOther":{"bytes":391,"files":4},"other":{"bytes":0,"files":0}},"ownership":{"productRecording":{"bytes":7139575,"files":10},"fixtureInput":{"bytes":124668810,"files":2},"observerTools":{"bytes":5956888,"files":2},"cache":{"bytes":3146149,"files":280},"temporary":{"bytes":0,"files":0},"runtimeSupport":{"bytes":5704,"files":3},"other":{"bytes":0,"files":0}},"sqlitePages":{"status":"observed","mainBytes":4096,"walBytes":350232,"pageSize":4096,"pageCount":38,"freePageCount":0,"livePageCount":38,"liveBytes":155648,"freeBytes":0},"measurement":"logical-file-bytes-nonatomic","rawPathsPublished":false}
[current-observation] {"pid":61765,"startIdentity":"macos:1790157694:749801","sampledAt":1790157696709,"phaseAt":3430.954625,"rssBytes":91308032,"threadCount":28,"fdCount":31,"mutationCount":2,"typeCounts":{"segment_finalized":0,"event_link_created":0,"observation_put":0,"observation_v2_put":0,"deletion_requested":0,"deletion_completed":0,"corruption_detected":0,"recording_order_reserved":2,"segment_v2_finalized":0,"segment_v2_bound_finalized":0,"consumer_reference_put":0,"derived_reference_accepted":0,"referenced_observation_put":0,"derived_job_intent":0,"derived_job_files":0,"derived_job_ready":0,"derived_job_committed":0,"derived_job_complete":0,"derived_job_failed":0,"segment_v2_state":0,"segment_v2_deleted":0},"identityBytes":346,"combinedLogicalIds":4,"combinedLogicalBytes":346,"rotations":0,"partialBytes":0,"progress":{"elapsedMs":54.9197079999999,"channels":{"9101":{"finalized":0,"deleted":0,"lastAt":3376.034917,"order":"0","store":null,"knownMappings":0,"unknownMappings":0},"9201":{"finalized":0,"deleted":0,"lastAt":3376.034917,"order":"0","store":null,"knownMappings":0,"unknownMappings":0}},"records":0,"logicalBytes":0},"resourceTrendPass":false}
[sample-timing] {"sampleIndex":1,"metricsMs":54.71404200000006,"drainMs":186.97191699999985,"storageMs":4.891165999999885,"totalMs":246.6611670000002}
[request-budget] {"elapsedMs":1}
[http-timing] {"method":"GET","routeClass":"recording-status","status":200,"headerElapsedMs":1,"bodyElapsedMs":0,"totalElapsedMs":1,"bytes":1598,"phase":"complete","outcome":"ok"}
[pass] LP26-O05 active 9101
[pass] LP26-O05 active 9201
[root-storage] {"reason":"sample","final":false,"elapsedMs":8518,"journalMutationTypes":{"segment_finalized":0,"event_link_created":0,"observation_put":0,"observation_v2_put":0,"deletion_requested":0,"deletion_completed":0,"corruption_detected":0,"recording_order_reserved":4,"segment_v2_finalized":0,"segment_v2_bound_finalized":2,"consumer_reference_put":0,"derived_reference_accepted":0,"referenced_observation_put":0,"derived_job_intent":0,"derived_job_files":0,"derived_job_ready":0,"derived_job_committed":0,"derived_job_complete":0,"derived_job_failed":0,"segment_v2_state":0,"segment_v2_deleted":0},"journalMutationTypesCoverage":"drained-prefix-only; unread-or-partial-tail-excluded","totalBytes":259075769,"capBytes":469762048,"capExceeded":false,"entries":318,"categories":{"input":{"bytes":124668810,"files":2},"media":{"bytes":62334382,"files":2},"mediaPartial":{"bytes":62336174,"files":2},"journal":{"bytes":57651,"files":1},"checkpoint":{"bytes":0,"files":0},"sqlite":{"bytes":4096,"files":1},"wal":{"bytes":477952,"files":1},"sqliteAux":{"bytes":32768,"files":1},"tmp":{"bytes":0,"files":0},"log":{"bytes":1049,"files":1},"state":{"bytes":4655,"files":2},"events":{"bytes":0,"files":0},"cache":{"bytes":3146149,"files":280},"tools":{"bytes":5956888,"files":2},"recordingsOther":{"bytes":55195,"files":6},"other":{"bytes":0,"files":0}},"ownership":{"productRecording":{"bytes":125298218,"files":14},"fixtureInput":{"bytes":124668810,"files":2},"observerTools":{"bytes":5956888,"files":2},"cache":{"bytes":3146149,"files":280},"temporary":{"bytes":0,"files":0},"runtimeSupport":{"bytes":5704,"files":3},"other":{"bytes":0,"files":0}},"sqlitePages":{"status":"observed","mainBytes":4096,"walBytes":477952,"pageSize":4096,"pageCount":51,"freePageCount":0,"livePageCount":51,"liveBytes":208896,"freeBytes":0},"measurement":"logical-file-bytes-nonatomic","rawPathsPublished":false}
[current-observation] {"pid":61765,"startIdentity":"macos:1790157694:749801","sampledAt":1790157701713,"phaseAt":8433.962792,"rssBytes":215728128,"threadCount":28,"fdCount":25,"mutationCount":6,"typeCounts":{"segment_finalized":0,"event_link_created":0,"observation_put":0,"observation_v2_put":0,"deletion_requested":0,"deletion_completed":0,"corruption_detected":0,"recording_order_reserved":4,"segment_v2_finalized":0,"segment_v2_bound_finalized":2,"consumer_reference_put":0,"derived_reference_accepted":0,"referenced_observation_put":0,"derived_job_intent":0,"derived_job_files":0,"derived_job_ready":0,"derived_job_committed":0,"derived_job_complete":0,"derived_job_failed":0,"segment_v2_state":0,"segment_v2_deleted":0},"identityBytes":1008,"combinedLogicalIds":14,"combinedLogicalBytes":2194,"rotations":0,"partialBytes":0,"progress":{"elapsedMs":5057.927875,"channels":{"9101":{"finalized":1,"deleted":0,"lastAt":8433.962792,"order":"1","store":"769d1e244e60fabadc32d32d877e30d2a2e7405bd64981d054eee0cd4b94ae55","knownMappings":1,"unknownMappings":36},"9201":{"finalized":1,"deleted":0,"lastAt":8433.962792,"order":"2","store":"769d1e244e60fabadc32d32d877e30d2a2e7405bd64981d054eee0cd4b94ae55","knownMappings":0,"unknownMappings":46}},"records":2,"logicalBytes":1186},"resourceTrendPass":false}
[sample-timing] {"sampleIndex":2,"metricsMs":2.0598750000008295,"drainMs":100.71100000000115,"storageMs":4.614292000000205,"totalMs":107.43087500000001}
[request-budget] {"elapsedMs":1}
[http-timing] {"method":"GET","routeClass":"recording-status","status":200,"headerElapsedMs":1,"bodyElapsedMs":0,"totalElapsedMs":1,"bytes":1612,"phase":"complete","outcome":"ok"}
[pass] LP26-O05 active 9101
[pass] LP26-O05 active 9201
[pass] LP26-O03 deleted media absent
[pass] LP26-O03 deleted media absent
[pass] LP26-O03 deleted media absent
[pass] LP26-O03 deleted media absent
[root-storage] {"reason":"sample","final":false,"elapsedMs":13555,"journalMutationTypes":{"segment_finalized":0,"event_link_created":0,"observation_put":0,"observation_v2_put":0,"deletion_requested":0,"deletion_completed":0,"corruption_detected":0,"recording_order_reserved":10,"segment_v2_finalized":0,"segment_v2_bound_finalized":8,"consumer_reference_put":0,"derived_reference_accepted":0,"referenced_observation_put":0,"derived_job_intent":0,"derived_job_files":0,"derived_job_ready":0,"derived_job_committed":0,"derived_job_complete":0,"derived_job_failed":0,"segment_v2_state":4,"segment_v2_deleted":4},"journalMutationTypesCoverage":"drained-prefix-only; unread-or-partial-tail-excluded","totalBytes":322248678,"capBytes":469762048,"capExceeded":false,"entries":318,"categories":{"input":{"bytes":124668810,"files":2},"media":{"bytes":124670556,"files":4},"mediaPartial":{"bytes":62334382,"files":2},"journal":{"bytes":279422,"files":1},"checkpoint":{"bytes":0,"files":0},"sqlite":{"bytes":4096,"files":1},"wal":{"bytes":1149512,"files":1},"sqliteAux":{"bytes":32768,"files":1},"tmp":{"bytes":0,"files":0},"log":{"bytes":1049,"files":1},"state":{"bytes":4655,"files":2},"events":{"bytes":0,"files":0},"cache":{"bytes":3146149,"files":280},"tools":{"bytes":5956888,"files":2},"recordingsOther":{"bytes":391,"files":4},"other":{"bytes":0,"files":0}},"ownership":{"productRecording":{"bytes":188471127,"files":14},"fixtureInput":{"bytes":124668810,"files":2},"observerTools":{"bytes":5956888,"files":2},"cache":{"bytes":3146149,"files":280},"temporary":{"bytes":0,"files":0},"runtimeSupport":{"bytes":5704,"files":3},"other":{"bytes":0,"files":0}},"sqlitePages":{"status":"observed","mainBytes":4096,"walBytes":1149512,"pageSize":4096,"pageCount":80,"freePageCount":13,"livePageCount":67,"liveBytes":274432,"freeBytes":53248},"measurement":"logical-file-bytes-nonatomic","rawPathsPublished":false}
[current-observation] {"pid":61765,"startIdentity":"macos:1790157694:749801","sampledAt":1790157706716,"phaseAt":13437.218375,"rssBytes":217153536,"threadCount":26,"fdCount":23,"mutationCount":26,"typeCounts":{"segment_finalized":0,"event_link_created":0,"observation_put":0,"observation_v2_put":0,"deletion_requested":0,"deletion_completed":0,"corruption_detected":0,"recording_order_reserved":10,"segment_v2_finalized":0,"segment_v2_bound_finalized":8,"consumer_reference_put":0,"derived_reference_accepted":0,"referenced_observation_put":0,"derived_job_intent":0,"derived_job_files":0,"derived_job_ready":0,"derived_job_committed":0,"derived_job_complete":0,"derived_job_failed":0,"segment_v2_state":4,"segment_v2_deleted":4},"identityBytes":4193,"combinedLogicalIds":60,"combinedLogicalBytes":8973,"rotations":0,"partialBytes":0,"progress":{"elapsedMs":10061.183458,"channels":{"9101":{"finalized":4,"deleted":2,"lastAt":13437.218375,"order":"7","store":"769d1e244e60fabadc32d32d877e30d2a2e7405bd64981d054eee0cd4b94ae55","knownMappings":4,"unknownMappings":158},"9201":{"finalized":4,"deleted":2,"lastAt":13437.218375,"order":"8","store":"769d1e244e60fabadc32d32d877e30d2a2e7405bd64981d054eee0cd4b94ae55","knownMappings":3,"unknownMappings":168}},"records":8,"logicalBytes":4780},"resourceTrendPass":false}
[sample-timing] {"sampleIndex":3,"metricsMs":1.8202500000006694,"drainMs":133.51745800000026,"storageMs":5.489999999999782,"totalMs":140.8903330000012}
[request-budget] {"elapsedMs":1}
[http-timing] {"method":"GET","routeClass":"recording-status","status":200,"headerElapsedMs":1,"bodyElapsedMs":0,"totalElapsedMs":1,"bytes":1612,"phase":"complete","outcome":"ok"}
[pass] LP26-O05 active 9101
[pass] LP26-O05 active 9201
[pass] LP26-O03 deleted media absent
[pass] LP26-O03 deleted media absent
[pass] LP26-O03 deleted media absent
[pass] LP26-O03 deleted media absent
[root-storage] {"reason":"sample","final":false,"elapsedMs":18547,"journalMutationTypes":{"segment_finalized":0,"event_link_created":0,"observation_put":0,"observation_v2_put":0,"deletion_requested":0,"deletion_completed":0,"corruption_detected":0,"recording_order_reserved":14,"segment_v2_finalized":0,"segment_v2_bound_finalized":12,"consumer_reference_put":0,"derived_reference_accepted":0,"referenced_observation_put":0,"derived_job_intent":0,"derived_job_files":0,"derived_job_ready":0,"derived_job_committed":0,"derived_job_complete":0,"derived_job_failed":0,"segment_v2_state":8,"segment_v2_deleted":8},"journalMutationTypesCoverage":"drained-prefix-only; unread-or-partial-tail-excluded","totalBytes":322964230,"capBytes":469762048,"capExceeded":false,"entries":320,"categories":{"input":{"bytes":124668810,"files":2},"media":{"bytes":124670556,"files":4},"mediaPartial":{"bytes":62334382,"files":2},"journal":{"bytes":420698,"files":1},"checkpoint":{"bytes":0,"files":0},"sqlite":{"bytes":4096,"files":1},"wal":{"bytes":1672752,"files":1},"sqliteAux":{"bytes":32768,"files":1},"tmp":{"bytes":0,"files":0},"log":{"bytes":1049,"files":1},"state":{"bytes":4655,"files":2},"events":{"bytes":0,"files":0},"cache":{"bytes":3146149,"files":280},"tools":{"bytes":5956888,"files":2},"recordingsOther":{"bytes":51427,"files":6},"other":{"bytes":0,"files":0}},"ownership":{"productRecording":{"bytes":189186679,"files":16},"fixtureInput":{"bytes":124668810,"files":2},"observerTools":{"bytes":5956888,"files":2},"cache":{"bytes":3146149,"files":280},"temporary":{"bytes":0,"files":0},"runtimeSupport":{"bytes":5704,"files":3},"other":{"bytes":0,"files":0}},"sqlitePages":{"status":"observed","mainBytes":4096,"walBytes":1672752,"pageSize":4096,"pageCount":80,"freePageCount":19,"livePageCount":61,"liveBytes":249856,"freeBytes":77824},"measurement":"logical-file-bytes-nonatomic","rawPathsPublished":false}
[current-observation] {"pid":61765,"startIdentity":"macos:1790157694:749801","sampledAt":1790157711720,"phaseAt":18441.229417,"rssBytes":217825280,"threadCount":26,"fdCount":25,"mutationCount":42,"typeCounts":{"segment_finalized":0,"event_link_created":0,"observation_put":0,"observation_v2_put":0,"deletion_requested":0,"deletion_completed":0,"corruption_detected":0,"recording_order_reserved":14,"segment_v2_finalized":0,"segment_v2_bound_finalized":12,"consumer_reference_put":0,"derived_reference_accepted":0,"referenced_observation_put":0,"derived_job_intent":0,"derived_job_files":0,"derived_job_ready":0,"derived_job_committed":0,"derived_job_complete":0,"derived_job_failed":0,"segment_v2_state":8,"segment_v2_deleted":8},"identityBytes":6721,"combinedLogicalIds":96,"combinedLogicalBytes":13894,"rotations":0,"partialBytes":0,"progress":{"elapsedMs":15065.194499999998,"channels":{"9101":{"finalized":6,"deleted":4,"lastAt":18441.229417,"order":"11","store":"769d1e244e60fabadc32d32d877e30d2a2e7405bd64981d054eee0cd4b94ae55","knownMappings":6,"unknownMappings":200},"9201":{"finalized":6,"deleted":4,"lastAt":18441.229417,"order":"12","store":"769d1e244e60fabadc32d32d877e30d2a2e7405bd64981d054eee0cd4b94ae55","knownMappings":4,"unknownMappings":194}},"records":12,"logicalBytes":7173},"resourceTrendPass":false}
[sample-timing] {"sampleIndex":4,"metricsMs":1.989291999998386,"drainMs":121.14487500000178,"storageMs":5.566374999998516,"totalMs":128.75020799999766}
[request-budget] {"elapsedMs":1}
[http-timing] {"method":"GET","routeClass":"recording-status","status":200,"headerElapsedMs":1,"bodyElapsedMs":0,"totalElapsedMs":1,"bytes":1612,"phase":"complete","outcome":"ok"}
[pass] LP26-O05 active 9101
[pass] LP26-O05 active 9201
[pass] LP26-O03 deleted media absent
[pass] LP26-O03 deleted media absent
[pass] LP26-O03 deleted media absent
[pass] LP26-O03 deleted media absent
[pass] LP26-O03 deleted media absent
[pass] LP26-O03 deleted media absent
[root-storage] {"reason":"sample","final":false,"elapsedMs":23560,"journalMutationTypes":{"segment_finalized":0,"event_link_created":0,"observation_put":0,"observation_v2_put":0,"deletion_requested":0,"deletion_completed":0,"corruption_detected":0,"recording_order_reserved":20,"segment_v2_finalized":0,"segment_v2_bound_finalized":18,"consumer_reference_put":0,"derived_reference_accepted":0,"referenced_observation_put":0,"derived_job_intent":0,"derived_job_files":0,"derived_job_ready":0,"derived_job_committed":0,"derived_job_complete":0,"derived_job_failed":0,"segment_v2_state":14,"segment_v2_deleted":14},"journalMutationTypesCoverage":"drained-prefix-only; unread-or-partial-tail-excluded","totalBytes":323937297,"capBytes":469762048,"capExceeded":false,"entries":318,"categories":{"input":{"bytes":124668810,"files":2},"media":{"bytes":124670556,"files":4},"mediaPartial":{"bytes":62336174,"files":2},"journal":{"bytes":627249,"files":1},"checkpoint":{"bytes":0,"files":0},"sqlite":{"bytes":4096,"files":1},"wal":{"bytes":2488512,"files":1},"sqliteAux":{"bytes":32768,"files":1},"tmp":{"bytes":0,"files":0},"log":{"bytes":1049,"files":1},"state":{"bytes":4655,"files":2},"events":{"bytes":0,"files":0},"cache":{"bytes":3146149,"files":280},"tools":{"bytes":5956888,"files":2},"recordingsOther":{"bytes":391,"files":4},"other":{"bytes":0,"files":0}},"ownership":{"productRecording":{"bytes":190159746,"files":14},"fixtureInput":{"bytes":124668810,"files":2},"observerTools":{"bytes":5956888,"files":2},"cache":{"bytes":3146149,"files":280},"temporary":{"bytes":0,"files":0},"runtimeSupport":{"bytes":5704,"files":3},"other":{"bytes":0,"files":0}},"sqlitePages":{"status":"observed","mainBytes":4096,"walBytes":2488512,"pageSize":4096,"pageCount":80,"freePageCount":10,"livePageCount":70,"liveBytes":286720,"freeBytes":40960},"measurement":"logical-file-bytes-nonatomic","rawPathsPublished":false}
[current-observation] {"pid":61765,"startIdentity":"macos:1790157694:749801","sampledAt":1790157716724,"phaseAt":23445.365292,"rssBytes":218202112,"threadCount":26,"fdCount":23,"mutationCount":66,"typeCounts":{"segment_finalized":0,"event_link_created":0,"observation_put":0,"observation_v2_put":0,"deletion_requested":0,"deletion_completed":0,"corruption_detected":0,"recording_order_reserved":20,"segment_v2_finalized":0,"segment_v2_bound_finalized":18,"consumer_reference_put":0,"derived_reference_accepted":0,"referenced_observation_put":0,"derived_job_intent":0,"derived_job_files":0,"derived_job_ready":0,"derived_job_committed":0,"derived_job_complete":0,"derived_job_failed":0,"segment_v2_state":14,"segment_v2_deleted":14},"identityBytes":10513,"combinedLogicalIds":150,"combinedLogicalBytes":21268,"rotations":0,"partialBytes":0,"progress":{"elapsedMs":20069.330374999998,"channels":{"9101":{"finalized":9,"deleted":7,"lastAt":23445.365292,"order":"17","store":"769d1e244e60fabadc32d32d877e30d2a2e7405bd64981d054eee0cd4b94ae55","knownMappings":8,"unknownMappings":280},"9201":{"finalized":9,"deleted":7,"lastAt":23445.365292,"order":"18","store":"769d1e244e60fabadc32d32d877e30d2a2e7405bd64981d054eee0cd4b94ae55","knownMappings":7,"unknownMappings":318}},"records":18,"logicalBytes":10755},"resourceTrendPass":false}
[sample-timing] {"sampleIndex":5,"metricsMs":1.8343749999985448,"drainMs":130.52016699999876,"storageMs":5.853500000001077,"totalMs":138.25916700000016}
[request-budget] {"elapsedMs":2}
[http-timing] {"method":"GET","routeClass":"recording-status","status":200,"headerElapsedMs":1,"bodyElapsedMs":0,"totalElapsedMs":1,"bytes":1612,"phase":"complete","outcome":"ok"}
[pass] LP26-O05 active 9101
[pass] LP26-O05 active 9201
[pass] LP26-O03 deleted media absent
[pass] LP26-O03 deleted media absent
[pass] LP26-O03 deleted media absent
[pass] LP26-O03 deleted media absent
[root-storage] {"reason":"sample","final":false,"elapsedMs":28564,"journalMutationTypes":{"segment_finalized":0,"event_link_created":0,"observation_put":0,"observation_v2_put":0,"deletion_requested":0,"deletion_completed":0,"corruption_detected":0,"recording_order_reserved":24,"segment_v2_finalized":0,"segment_v2_bound_finalized":22,"consumer_reference_put":0,"derived_reference_accepted":0,"referenced_observation_put":0,"derived_job_intent":0,"derived_job_files":0,"derived_job_ready":0,"derived_job_committed":0,"derived_job_complete":0,"derived_job_failed":0,"segment_v2_state":18,"segment_v2_deleted":18},"journalMutationTypesCoverage":"drained-prefix-only; unread-or-partial-tail-excluded","totalBytes":324693136,"capBytes":469762048,"capExceeded":false,"entries":320,"categories":{"input":{"bytes":124668810,"files":2},"media":{"bytes":124670556,"files":4},"mediaPartial":{"bytes":62336174,"files":2},"journal":{"bytes":790801,"files":1},"checkpoint":{"bytes":0,"files":0},"sqlite":{"bytes":4096,"files":1},"wal":{"bytes":3024112,"files":1},"sqliteAux":{"bytes":32768,"files":1},"tmp":{"bytes":0,"files":0},"log":{"bytes":1049,"files":1},"state":{"bytes":4655,"files":2},"events":{"bytes":0,"files":0},"cache":{"bytes":3146149,"files":280},"tools":{"bytes":5956888,"files":2},"recordingsOther":{"bytes":57078,"files":6},"other":{"bytes":0,"files":0}},"ownership":{"productRecording":{"bytes":190915585,"files":16},"fixtureInput":{"bytes":124668810,"files":2},"observerTools":{"bytes":5956888,"files":2},"cache":{"bytes":3146149,"files":280},"temporary":{"bytes":0,"files":0},"runtimeSupport":{"bytes":5704,"files":3},"other":{"bytes":0,"files":0}},"sqlitePages":{"status":"observed","mainBytes":4096,"walBytes":3024112,"pageSize":4096,"pageCount":87,"freePageCount":15,"livePageCount":72,"liveBytes":294912,"freeBytes":61440},"measurement":"logical-file-bytes-nonatomic","rawPathsPublished":false}
[current-observation] {"pid":61765,"startIdentity":"macos:1790157694:749801","sampledAt":1790157721727,"phaseAt":28448.494667,"rssBytes":222330880,"threadCount":26,"fdCount":25,"mutationCount":82,"typeCounts":{"segment_finalized":0,"event_link_created":0,"observation_put":0,"observation_v2_put":0,"deletion_requested":0,"deletion_completed":0,"corruption_detected":0,"recording_order_reserved":24,"segment_v2_finalized":0,"segment_v2_bound_finalized":22,"consumer_reference_put":0,"derived_reference_accepted":0,"referenced_observation_put":0,"derived_job_intent":0,"derived_job_files":0,"derived_job_ready":0,"derived_job_committed":0,"derived_job_complete":0,"derived_job_failed":0,"segment_v2_state":18,"segment_v2_deleted":18},"identityBytes":13041,"combinedLogicalIds":186,"combinedLogicalBytes":26190,"rotations":0,"partialBytes":0,"progress":{"elapsedMs":25072.459749999998,"channels":{"9101":{"finalized":11,"deleted":9,"lastAt":28448.494667,"order":"21","store":"769d1e244e60fabadc32d32d877e30d2a2e7405bd64981d054eee0cd4b94ae55","knownMappings":8,"unknownMappings":372},"9201":{"finalized":11,"deleted":9,"lastAt":28448.494667,"order":"22","store":"769d1e244e60fabadc32d32d877e30d2a2e7405bd64981d054eee0cd4b94ae55","knownMappings":7,"unknownMappings":408}},"records":22,"logicalBytes":13149},"resourceTrendPass":false}
[sample-timing] {"sampleIndex":6,"metricsMs":2.342499999998836,"drainMs":131.93191699999807,"storageMs":5.40545800000109,"totalMs":139.72912500000166}
[request-budget] {"elapsedMs":1}
[http-timing] {"method":"GET","routeClass":"recording-status","status":200,"headerElapsedMs":1,"bodyElapsedMs":0,"totalElapsedMs":1,"bytes":1612,"phase":"complete","outcome":"ok"}
[pass] LP26-O05 active 9101
[pass] LP26-O05 active 9201
[pass] LP26-O03 deleted media absent
[pass] LP26-O03 deleted media absent
[pass] LP26-O03 deleted media absent
[pass] LP26-O03 deleted media absent
[pass] LP26-O03 deleted media absent
[pass] LP26-O03 deleted media absent
[root-storage] {"reason":"sample","final":false,"elapsedMs":33510,"journalMutationTypes":{"segment_finalized":0,"event_link_created":0,"observation_put":0,"observation_v2_put":0,"deletion_requested":0,"deletion_completed":0,"corruption_detected":0,"recording_order_reserved":30,"segment_v2_finalized":0,"segment_v2_bound_finalized":28,"consumer_reference_put":0,"derived_reference_accepted":0,"referenced_observation_put":0,"derived_job_intent":0,"derived_job_files":0,"derived_job_ready":0,"derived_job_committed":0,"derived_job_complete":0,"derived_job_failed":0,"segment_v2_state":24,"segment_v2_deleted":24},"journalMutationTypesCoverage":"drained-prefix-only; unread-or-partial-tail-excluded","totalBytes":325691508,"capBytes":469762048,"capExceeded":false,"entries":318,"categories":{"input":{"bytes":124668810,"files":2},"media":{"bytes":124670556,"files":4},"mediaPartial":{"bytes":62334382,"files":2},"journal":{"bytes":1048372,"files":1},"checkpoint":{"bytes":0,"files":0},"sqlite":{"bytes":4096,"files":1},"wal":{"bytes":3823392,"files":1},"sqliteAux":{"bytes":32768,"files":1},"tmp":{"bytes":0,"files":0},"log":{"bytes":1049,"files":1},"state":{"bytes":4655,"files":2},"events":{"bytes":0,"files":0},"cache":{"bytes":3146149,"files":280},"tools":{"bytes":5956888,"files":2},"recordingsOther":{"bytes":391,"files":4},"other":{"bytes":0,"files":0}},"ownership":{"productRecording":{"bytes":191913957,"files":14},"fixtureInput":{"bytes":124668810,"files":2},"observerTools":{"bytes":5956888,"files":2},"cache":{"bytes":3146149,"files":280},"temporary":{"bytes":0,"files":0},"runtimeSupport":{"bytes":5704,"files":3},"other":{"bytes":0,"files":0}},"sqlitePages":{"status":"observed","mainBytes":4096,"walBytes":3823392,"pageSize":4096,"pageCount":87,"freePageCount":15,"livePageCount":72,"liveBytes":294912,"freeBytes":61440},"measurement":"logical-file-bytes-nonatomic","rawPathsPublished":false}
[current-observation] {"pid":61765,"startIdentity":"macos:1790157694:749801","sampledAt":1790157726658,"phaseAt":33379.381375,"rssBytes":222724096,"threadCount":26,"fdCount":31,"mutationCount":106,"typeCounts":{"segment_finalized":0,"event_link_created":0,"observation_put":0,"observation_v2_put":0,"deletion_requested":0,"deletion_completed":0,"corruption_detected":0,"recording_order_reserved":30,"segment_v2_finalized":0,"segment_v2_bound_finalized":28,"consumer_reference_put":0,"derived_reference_accepted":0,"referenced_observation_put":0,"derived_job_intent":0,"derived_job_files":0,"derived_job_ready":0,"derived_job_committed":0,"derived_job_complete":0,"derived_job_failed":0,"segment_v2_state":24,"segment_v2_deleted":24},"identityBytes":16833,"combinedLogicalIds":240,"combinedLogicalBytes":33582,"rotations":0,"partialBytes":0,"progress":{"elapsedMs":30003.346457999996,"channels":{"9101":{"finalized":14,"deleted":12,"lastAt":33379.381375,"order":"27","store":"769d1e244e60fabadc32d32d877e30d2a2e7405bd64981d054eee0cd4b94ae55","knownMappings":11,"unknownMappings":510},"9201":{"finalized":14,"deleted":12,"lastAt":33379.381375,"order":"28","store":"769d1e244e60fabadc32d32d877e30d2a2e7405bd64981d054eee0cd4b94ae55","knownMappings":8,"unknownMappings":530}},"records":28,"logicalBytes":16749},"resourceTrendPass":false}
[sample-timing] {"sampleIndex":7,"metricsMs":1.8114580000037677,"drainMs":146.74087499999587,"storageMs":5.00383399999555,"totalMs":153.59779100000014}
[pass] LP26-O04 sample coverage
[pass] LP26-O05 both channels retained and progressed
[request-budget] {"elapsedMs":1}
[http-timing] {"method":"GET","routeClass":"source","status":200,"headerElapsedMs":1,"bodyElapsedMs":0,"totalElapsedMs":1,"bytes":3375,"phase":"complete","outcome":"ok"}
[request-budget] {"elapsedMs":1}
[http-timing] {"method":"PUT","routeClass":"source-item","status":200,"headerElapsedMs":1562,"bodyElapsedMs":0,"totalElapsedMs":1562,"bytes":438,"phase":"complete","outcome":"ok"}
[pass] LP26-O05 setting 9101 false
[request-budget] {"elapsedMs":1}
[http-timing] {"method":"PUT","routeClass":"source-item","status":200,"headerElapsedMs":252,"bodyElapsedMs":0,"totalElapsedMs":252,"bytes":438,"phase":"complete","outcome":"ok"}
[pass] LP26-O05 setting 9201 false
[process-cleanup] {"schema":"recording-process-cleanup-v1","attemptCount":1,"pid":61765,"exitCode":0,"signalCode":null,"exitedObserved":true,"stopCode":"complete","forcedTermination":"not-used","normalExitPass":true,"normalShutdownPass":true,"archiveSafe":true,"ports":[{"kind":"http","port":62927,"status":"pass","code":"closed","closed":true},{"kind":"rtsp","port":62928,"status":"pass","code":"closed","closed":true}]}
[pass] LP26-O03 deleted media absent
[pass] LP26-O03 deleted media absent
[pass] LP26-O02 closed journal no partial tail
[pass] LP26-O05 stopped copy native catalog recovery
[pass] LP26-O05 native surviving and deleted states
[pass] LP26-O05 original journal bytes unchanged
[copy-cleanup] {"root":"/private/var/folders/k0/qhmr6zdx11q0_41wfx4dsd200000gn/T/media-server-current-observer-copy-LxV2UY","bytes":130769290,"copied":true,"absent":true,"reason":null}
[pass] LP26-O05 recovery copy cleanup
[request-budget] {"elapsedMs":1}
[http-timing] {"method":"GET","routeClass":"health","status":null,"headerElapsedMs":null,"bodyElapsedMs":null,"totalElapsedMs":0,"bytes":0,"phase":"header","outcome":"error"}
[request-budget] {"elapsedMs":1}
[http-timing] {"method":"GET","routeClass":"health","status":null,"headerElapsedMs":null,"bodyElapsedMs":null,"totalElapsedMs":0,"bytes":0,"phase":"header","outcome":"error"}
[request-budget] {"elapsedMs":1}
[http-timing] {"method":"GET","routeClass":"health","status":null,"headerElapsedMs":null,"bodyElapsedMs":null,"totalElapsedMs":1,"bytes":0,"phase":"header","outcome":"error"}
[request-budget] {"elapsedMs":1}
[http-timing] {"method":"GET","routeClass":"health","status":null,"headerElapsedMs":null,"bodyElapsedMs":null,"totalElapsedMs":0,"bytes":0,"phase":"header","outcome":"error"}
[request-budget] {"elapsedMs":1}
[http-timing] {"method":"GET","routeClass":"health","status":null,"headerElapsedMs":null,"bodyElapsedMs":null,"totalElapsedMs":0,"bytes":0,"phase":"header","outcome":"error"}
[request-budget] {"elapsedMs":1}
[http-timing] {"method":"GET","routeClass":"health","status":null,"headerElapsedMs":null,"bodyElapsedMs":null,"totalElapsedMs":0,"bytes":0,"phase":"header","outcome":"error"}
[request-budget] {"elapsedMs":1}
[http-timing] {"method":"GET","routeClass":"health","status":null,"headerElapsedMs":null,"bodyElapsedMs":null,"totalElapsedMs":0,"bytes":0,"phase":"header","outcome":"error"}
[request-budget] {"elapsedMs":1}
[http-timing] {"method":"GET","routeClass":"health","status":null,"headerElapsedMs":null,"bodyElapsedMs":null,"totalElapsedMs":0,"bytes":0,"phase":"header","outcome":"error"}
[request-budget] {"elapsedMs":1}
[http-timing] {"method":"GET","routeClass":"health","status":null,"headerElapsedMs":null,"bodyElapsedMs":null,"totalElapsedMs":1,"bytes":0,"phase":"header","outcome":"error"}
[request-budget] {"elapsedMs":1}
[http-timing] {"method":"GET","routeClass":"health","status":200,"headerElapsedMs":1,"bodyElapsedMs":0,"totalElapsedMs":1,"bytes":15,"phase":"complete","outcome":"ok"}
[request-budget] {"elapsedMs":1}
[http-timing] {"method":"GET","routeClass":"ice","status":200,"headerElapsedMs":1,"bodyElapsedMs":0,"totalElapsedMs":1,"bytes":222,"phase":"complete","outcome":"ok"}
[pass] LP26-O05 isolated server healthy
[request-budget] {"elapsedMs":1}
[http-timing] {"method":"GET","routeClass":"recording-status","status":200,"headerElapsedMs":1,"bodyElapsedMs":0,"totalElapsedMs":1,"bytes":1616,"phase":"complete","outcome":"ok"}
[status-usage] {"channelId":"9101","aliveBytes":"62855707","historicalBytes":"468034566","deleted":13,"apiContinuousBytes":62855707,"apiEventBytes":0,"physicalFilesChecked":true}
[pass] LP26-O11 independent status usage 9101
[status-usage] {"channelId":"9201","aliveBytes":"67010843","historicalBytes":"472189702","deleted":13,"apiContinuousBytes":67010843,"apiEventBytes":0,"physicalFilesChecked":true}
[pass] LP26-O11 independent status usage 9201
[channel-observation] {"expectedIds":["1","2","3","4","5","9101","9201"],"channels":[{"id":"1","enabled":false,"active":false},{"id":"2","enabled":false,"active":false},{"id":"3","enabled":false,"active":false},{"id":"4","enabled":false,"active":false},{"id":"5","enabled":false,"active":false},{"id":"9101","enabled":false,"active":false},{"id":"9201","enabled":false,"active":false}]}
[pass] LP26-O05 disabled restart
[process-cleanup] {"schema":"recording-process-cleanup-v1","attemptCount":1,"pid":61900,"exitCode":0,"signalCode":null,"exitedObserved":true,"stopCode":"complete","forcedTermination":"not-used","normalExitPass":true,"normalShutdownPass":true,"archiveSafe":true,"ports":[{"kind":"http","port":62971,"status":"pass","code":"closed","closed":true},{"kind":"rtsp","port":62972,"status":"pass","code":"closed","closed":true}]}
[pass] LP26-O05 stopped copy native catalog recovery
[pass] LP26-O05 native surviving and deleted states
[pass] LP26-O05 original journal bytes unchanged
[copy-cleanup] {"root":"/private/var/folders/k0/qhmr6zdx11q0_41wfx4dsd200000gn/T/media-server-current-observer-copy-8SlLkW","bytes":130769290,"copied":true,"absent":true,"reason":null}
[pass] LP26-O05 recovery copy cleanup
[pass] LP26-O05 restart exact catalog media state
[request-budget] {"elapsedMs":1}
[http-timing] {"method":"GET","routeClass":"health","status":null,"headerElapsedMs":null,"bodyElapsedMs":null,"totalElapsedMs":0,"bytes":0,"phase":"header","outcome":"error"}
[request-budget] {"elapsedMs":1}
[http-timing] {"method":"GET","routeClass":"health","status":null,"headerElapsedMs":null,"bodyElapsedMs":null,"totalElapsedMs":1,"bytes":0,"phase":"header","outcome":"error"}
[request-budget] {"elapsedMs":1}
[http-timing] {"method":"GET","routeClass":"health","status":null,"headerElapsedMs":null,"bodyElapsedMs":null,"totalElapsedMs":0,"bytes":0,"phase":"header","outcome":"error"}
[request-budget] {"elapsedMs":1}
[http-timing] {"method":"GET","routeClass":"health","status":null,"headerElapsedMs":null,"bodyElapsedMs":null,"totalElapsedMs":1,"bytes":0,"phase":"header","outcome":"error"}
[request-budget] {"elapsedMs":1}
[http-timing] {"method":"GET","routeClass":"health","status":null,"headerElapsedMs":null,"bodyElapsedMs":null,"totalElapsedMs":0,"bytes":0,"phase":"header","outcome":"error"}
[request-budget] {"elapsedMs":1}
[http-timing] {"method":"GET","routeClass":"health","status":null,"headerElapsedMs":null,"bodyElapsedMs":null,"totalElapsedMs":1,"bytes":0,"phase":"header","outcome":"error"}
[request-budget] {"elapsedMs":1}
[http-timing] {"method":"GET","routeClass":"health","status":null,"headerElapsedMs":null,"bodyElapsedMs":null,"totalElapsedMs":0,"bytes":0,"phase":"header","outcome":"error"}
[request-budget] {"elapsedMs":1}
[http-timing] {"method":"GET","routeClass":"health","status":null,"headerElapsedMs":null,"bodyElapsedMs":null,"totalElapsedMs":0,"bytes":0,"phase":"header","outcome":"error"}
[request-budget] {"elapsedMs":1}
[http-timing] {"method":"GET","routeClass":"health","status":null,"headerElapsedMs":null,"bodyElapsedMs":null,"totalElapsedMs":0,"bytes":0,"phase":"header","outcome":"error"}
[request-budget] {"elapsedMs":1}
[http-timing] {"method":"GET","routeClass":"health","status":200,"headerElapsedMs":1,"bodyElapsedMs":0,"totalElapsedMs":1,"bytes":15,"phase":"complete","outcome":"ok"}
[request-budget] {"elapsedMs":1}
[http-timing] {"method":"GET","routeClass":"ice","status":200,"headerElapsedMs":1,"bodyElapsedMs":0,"totalElapsedMs":1,"bytes":222,"phase":"complete","outcome":"ok"}
[pass] LP26-O05 isolated server healthy
[request-budget] {"elapsedMs":1}
[http-timing] {"method":"GET","routeClass":"source","status":200,"headerElapsedMs":0,"bodyElapsedMs":0,"totalElapsedMs":1,"bytes":3377,"phase":"complete","outcome":"ok"}
[request-budget] {"elapsedMs":1}
[http-timing] {"method":"PUT","routeClass":"source-item","status":200,"headerElapsedMs":78,"bodyElapsedMs":0,"totalElapsedMs":78,"bytes":437,"phase":"complete","outcome":"ok"}
[pass] LP26-O05 setting 9101 true
[request-budget] {"elapsedMs":1}
[http-timing] {"method":"PUT","routeClass":"source-item","status":200,"headerElapsedMs":10,"bodyElapsedMs":0,"totalElapsedMs":10,"bytes":437,"phase":"complete","outcome":"ok"}
[pass] LP26-O05 setting 9201 true
[pass] LP26-O03 deleted media absent
[pass] LP26-O03 deleted media absent
[pass] LP26-O05 reenabled recording after restart
[process-cleanup] {"schema":"recording-process-cleanup-v1","attemptCount":1,"pid":61946,"exitCode":0,"signalCode":null,"exitedObserved":true,"stopCode":"complete","forcedTermination":"not-used","normalExitPass":true,"normalShutdownPass":true,"archiveSafe":true,"ports":[{"kind":"http","port":62987,"status":"pass","code":"closed","closed":true},{"kind":"rtsp","port":62988,"status":"pass","code":"closed","closed":true}]}
[pass] LP26-O03 deleted media absent
[pass] LP26-O02 final restart closed journal no partial tail
[pass] LP26-O05 stopped copy native catalog recovery
[pass] LP26-O05 native surviving and deleted states
[pass] LP26-O05 original journal bytes unchanged
[copy-cleanup] {"root":"/private/var/folders/k0/qhmr6zdx11q0_41wfx4dsd200000gn/T/media-server-current-observer-copy-lkG0h9","bytes":157425079,"copied":true,"absent":true,"reason":null}
[pass] LP26-O05 recovery copy cleanup
[root-storage] {"reason":"final","final":true,"elapsedMs":47027,"journalMutationTypes":{"segment_finalized":0,"event_link_created":0,"observation_put":0,"observation_v2_put":0,"deletion_requested":0,"deletion_completed":0,"corruption_detected":0,"recording_order_reserved":37,"segment_v2_finalized":0,"segment_v2_bound_finalized":37,"consumer_reference_put":0,"derived_reference_accepted":0,"referenced_observation_put":0,"derived_job_intent":0,"derived_job_files":0,"derived_job_ready":0,"derived_job_committed":0,"derived_job_complete":0,"derived_job_failed":0,"segment_v2_state":29,"segment_v2_deleted":29},"journalMutationTypesCoverage":"drained-prefix-only; unread-or-partial-tail-excluded","totalBytes":291199559,"capBytes":469762048,"capExceeded":false,"entries":320,"categories":{"input":{"bytes":124668810,"files":2},"media":{"bytes":156358511,"files":8},"mediaPartial":{"bytes":0,"files":0},"journal":{"bytes":665015,"files":1},"checkpoint":{"bytes":0,"files":0},"sqlite":{"bytes":360448,"files":1},"wal":{"bytes":0,"files":1},"sqliteAux":{"bytes":32768,"files":1},"tmp":{"bytes":0,"files":0},"log":{"bytes":6170,"files":3},"state":{"bytes":4655,"files":2},"events":{"bytes":0,"files":0},"cache":{"bytes":3146149,"files":280},"tools":{"bytes":5956888,"files":2},"recordingsOther":{"bytes":145,"files":2},"other":{"bytes":0,"files":0}},"ownership":{"productRecording":{"bytes":157416887,"files":14},"fixtureInput":{"bytes":124668810,"files":2},"observerTools":{"bytes":5956888,"files":2},"cache":{"bytes":3146149,"files":280},"temporary":{"bytes":0,"files":0},"runtimeSupport":{"bytes":10825,"files":5},"other":{"bytes":0,"files":0}},"sqlitePages":{"status":"observed","mainBytes":360448,"walBytes":0,"pageSize":4096,"pageCount":88,"freePageCount":4,"livePageCount":84,"liveBytes":344064,"freeBytes":16384},"measurement":"logical-file-bytes-nonatomic","rawPathsPublished":false}
[server-diagnostic] {"pid":61765,"bytes":2936,"capturedBytes":2936,"sha256":"c442dc84190c6062d6ba89acb31ced5855ba7dfc6cc433e0e0468eca760ba186","overflow":false,"categories":[{"code":"file evidence unavailable","count":0},{"code":"storageBlocked","count":0},{"code":"shutdown","count":0},{"code":"ERROR","count":0},{"code":"WARNING","count":0}],"rawBodyPublished":false,"privateCaptureRemovedWithRoot":true}
[server-slow-diagnostic] {"status":"captured","seen":9,"retained":9,"thresholdNs":10000000,"rows":[{"k":0,"o":1,"s":1,"l":1510,"m":1,"t":4,"r":0,"b":10505490959,"a":10505491084,"e":10515857625,"n":1,"w":125,"h":10366541,"x":125,"y":10366541},{"k":0,"o":1,"s":1,"l":1510,"m":1,"t":4,"r":0,"b":28547899334,"a":28547899542,"e":28557931625,"n":1,"w":208,"h":10032083,"x":208,"y":10032083},{"k":0,"o":1,"s":1,"l":1510,"m":1,"t":4,"r":0,"b":30552840000,"a":30552840250,"e":30563577542,"n":1,"w":250,"h":10737292,"x":250,"y":10737292},{"k":1,"o":6,"s":1,"l":743,"m":1,"t":4,"r":0,"b":32558236834,"a":32558236834,"e":32633739000,"n":1,"w":0,"h":75502166,"x":0,"y":75502166},{"k":1,"o":6,"s":1,"l":749,"m":1,"t":4,"r":0,"b":32641595834,"a":32641595834,"e":32778602959,"n":1,"w":0,"h":137007125,"x":0,"y":137007125},{"k":1,"o":6,"s":1,"l":725,"m":1,"t":4,"r":0,"b":32558186167,"a":32558186167,"e":32796273375,"n":1,"w":0,"h":238087208,"x":0,"y":238087208},{"k":1,"o":7,"s":1,"l":1319,"m":1,"t":4,"r":0,"b":32550548750,"a":32550548750,"e":32796419584,"n":1,"w":0,"h":245870834,"x":0,"y":245870834},{"k":0,"o":1,"s":1,"l":1510,"m":1,"t":4,"r":0,"b":32549319792,"a":32549320042,"e":32796420459,"n":1,"w":250,"h":247100417,"x":250,"y":247100417},{"k":0,"o":1,"s":1,"l":1510,"m":1,"t":5,"r":0,"b":32582116709,"a":32796428375,"e":32804855750,"n":1,"w":214311666,"h":8427375,"x":214311666,"y":8427375}],"completedSpansOnly":true,"rawBodyPublished":false}
[server-diagnostic] {"pid":61900,"bytes":1617,"capturedBytes":1617,"sha256":"45d412daec9637ef34f90161b9dc8116651b2ee0bb74065df2b8d34605cf5a04","overflow":false,"categories":[{"code":"file evidence unavailable","count":0},{"code":"storageBlocked","count":0},{"code":"shutdown","count":0},{"code":"ERROR","count":0},{"code":"WARNING","count":0}],"rawBodyPublished":false,"privateCaptureRemovedWithRoot":true}
[server-slow-diagnostic] {"status":"captured","seen":1,"retained":1,"thresholdNs":10000000,"rows":[{"k":0,"o":1,"s":1,"l":309,"m":1,"t":1,"r":0,"b":0,"a":2334,"e":272775875,"n":1,"w":2334,"h":272773541,"x":2334,"y":272773541}],"completedSpansOnly":true,"rawBodyPublished":false}
[server-diagnostic] {"pid":61946,"bytes":1617,"capturedBytes":1617,"sha256":"1867644301d64deac00eb80eac6a37332b2f95c2a894a82107d660956ac87db3","overflow":false,"categories":[{"code":"file evidence unavailable","count":0},{"code":"storageBlocked","count":0},{"code":"shutdown","count":0},{"code":"ERROR","count":0},{"code":"WARNING","count":0}],"rawBodyPublished":false,"privateCaptureRemovedWithRoot":true}
[server-slow-diagnostic] {"status":"captured","seen":1,"retained":1,"thresholdNs":10000000,"rows":[{"k":0,"o":1,"s":1,"l":309,"m":1,"t":1,"r":0,"b":0,"a":1958,"e":272274750,"n":1,"w":1958,"h":272272792,"x":1958,"y":272272792}],"completedSpansOnly":true,"rawBodyPublished":false}
{"mode":"current-app-observe-short","passed":73,"failed":0,"elapsedMs":47028,"verifiedDurationMs":30155.139375000002,"longrunObservationCompleted":false,"shortPreparationPass":true,"resourceTrendPass":false,"reviewRequired":true,"uiFulltestPass":false,"phase":{"elapsedMs":30155.139375000002,"channels":{"9101":{"finalized":14,"deleted":12,"lastAt":33379.381375,"order":"27","store":"769d1e244e60fabadc32d32d877e30d2a2e7405bd64981d054eee0cd4b94ae55","knownMappings":11,"unknownMappings":510},"9201":{"finalized":14,"deleted":12,"lastAt":33379.381375,"order":"28","store":"769d1e244e60fabadc32d32d877e30d2a2e7405bd64981d054eee0cd4b94ae55","knownMappings":8,"unknownMappings":530}},"records":28,"logicalBytes":16749},"resources":{"status":"observed","resourceTrendPass":false,"reviewRequired":true,"sampleCount":7,"groups":[{"pid":61765,"startIdentity":"macos:1790157694:749801","sampleCount":7,"first":{"phaseAt":3430.954625,"sampledAt":1790157696709,"rssBytes":91308032,"threadCount":28,"fdCount":31,"mutationCount":2},"last":{"phaseAt":33379.381375,"sampledAt":1790157726658,"rssBytes":222724096,"threadCount":26,"fdCount":31,"mutationCount":106},"max":{"rssBytes":222724096,"threadCount":28,"fdCount":31},"delta":{"rssBytes":131416064,"threadCount":-2,"fdCount":0,"mutationCount":104},"elapsedMs":29948.42675,"maxGapMs":5004.135875,"warmupMs":300000,"postWarmup":{"status":"insufficient","sampleCount":0,"delta":null,"elapsedMs":null,"rssMiBPerMinute":null}}]},"processCount":3,"processesClosed":true,"udpClosed":true,"tokenStart":null,"tokenEnd":null,"tokenConsumed":null,"tokenSource":"전용 집계 없음"}
[cleanup] {"root":"/private/var/folders/k0/qhmr6zdx11q0_41wfx4dsd200000gn/T/media-server-current-observer-7X3Rr3","bytes":291199559,"absent":true}
