[pass] LP26-O05 fixed current executable
[fixture-generation] {"status":0,"signal":null,"errorCode":null,"elapsedMs":1338,"timeoutMs":30000,"stdoutBytes":0,"stderrBytes":0,"outputBytes":62334405,"categories":{"missingElement":false,"negotiation":false,"pluginScanner":false,"permission":false,"resource":false},"rawBodyPublished":false}
[pass] LP26-O05 original bounded retention fixture
[pass] LP26-O05 distinct canonical sources
[request-budget] {"elapsedMs":1}
[http-timing] {"method":"GET","routeClass":"health","status":null,"headerElapsedMs":null,"bodyElapsedMs":null,"totalElapsedMs":3,"bytes":0,"phase":"header","outcome":"error"}
[request-budget] {"elapsedMs":1}
[http-timing] {"method":"GET","routeClass":"health","status":null,"headerElapsedMs":null,"bodyElapsedMs":null,"totalElapsedMs":1,"bytes":0,"phase":"header","outcome":"error"}
[request-budget] {"elapsedMs":1}
[http-timing] {"method":"GET","routeClass":"health","status":null,"headerElapsedMs":null,"bodyElapsedMs":null,"totalElapsedMs":1,"bytes":0,"phase":"header","outcome":"error"}
[request-budget] {"elapsedMs":1}
[http-timing] {"method":"GET","routeClass":"health","status":null,"headerElapsedMs":null,"bodyElapsedMs":null,"totalElapsedMs":1,"bytes":0,"phase":"header","outcome":"error"}
[request-budget] {"elapsedMs":1}
[http-timing] {"method":"GET","routeClass":"health","status":null,"headerElapsedMs":null,"bodyElapsedMs":null,"totalElapsedMs":1,"bytes":0,"phase":"header","outcome":"error"}
[request-budget] {"elapsedMs":1}
[http-timing] {"method":"GET","routeClass":"health","status":null,"headerElapsedMs":null,"bodyElapsedMs":null,"totalElapsedMs":1,"bytes":0,"phase":"header","outcome":"error"}
[request-budget] {"elapsedMs":1}
[http-timing] {"method":"GET","routeClass":"health","status":null,"headerElapsedMs":null,"bodyElapsedMs":null,"totalElapsedMs":1,"bytes":0,"phase":"header","outcome":"error"}
[request-budget] {"elapsedMs":1}
[http-timing] {"method":"GET","routeClass":"health","status":null,"headerElapsedMs":null,"bodyElapsedMs":null,"totalElapsedMs":0,"bytes":0,"phase":"header","outcome":"error"}
[request-budget] {"elapsedMs":1}
[http-timing] {"method":"GET","routeClass":"health","status":null,"headerElapsedMs":null,"bodyElapsedMs":null,"totalElapsedMs":1,"bytes":0,"phase":"header","outcome":"error"}
[request-budget] {"elapsedMs":1}
[http-timing] {"method":"GET","routeClass":"health","status":null,"headerElapsedMs":null,"bodyElapsedMs":null,"totalElapsedMs":1,"bytes":0,"phase":"header","outcome":"error"}
[request-budget] {"elapsedMs":1}
[http-timing] {"method":"GET","routeClass":"health","status":null,"headerElapsedMs":null,"bodyElapsedMs":null,"totalElapsedMs":1,"bytes":0,"phase":"header","outcome":"error"}
[request-budget] {"elapsedMs":1}
[http-timing] {"method":"GET","routeClass":"health","status":null,"headerElapsedMs":null,"bodyElapsedMs":null,"totalElapsedMs":0,"bytes":0,"phase":"header","outcome":"error"}
[request-budget] {"elapsedMs":1}
[http-timing] {"method":"GET","routeClass":"health","status":200,"headerElapsedMs":4,"bodyElapsedMs":1,"totalElapsedMs":6,"bytes":15,"phase":"complete","outcome":"ok"}
[request-budget] {"elapsedMs":1}
[http-timing] {"method":"GET","routeClass":"ice","status":200,"headerElapsedMs":1,"bodyElapsedMs":0,"totalElapsedMs":1,"bytes":222,"phase":"complete","outcome":"ok"}
[pass] LP26-O05 isolated server healthy
[request-budget] {"elapsedMs":1}
[http-timing] {"method":"GET","routeClass":"recording-status","status":200,"headerElapsedMs":1,"bodyElapsedMs":0,"totalElapsedMs":1,"bytes":1198,"phase":"complete","outcome":"ok"}
[pass] LP26-O05 independent initial channels
[request-budget] {"elapsedMs":1}
[http-timing] {"method":"POST","routeClass":"source","status":201,"headerElapsedMs":84,"bodyElapsedMs":0,"totalElapsedMs":84,"bytes":437,"phase":"complete","outcome":"ok"}
[request-budget] {"elapsedMs":1}
[http-timing] {"method":"POST","routeClass":"source","status":201,"headerElapsedMs":11,"bodyElapsedMs":0,"totalElapsedMs":11,"bytes":437,"phase":"complete","outcome":"ok"}
[root-storage] {"reason":"sample","final":false,"elapsedMs":3441,"journalMutationTypes":{"segment_finalized":0,"event_link_created":0,"observation_put":0,"observation_v2_put":0,"deletion_requested":0,"deletion_completed":0,"corruption_detected":0,"recording_order_reserved":2,"segment_v2_finalized":0,"segment_v2_bound_finalized":0,"consumer_reference_put":0,"derived_reference_accepted":0,"referenced_observation_put":0,"derived_job_intent":0,"derived_job_files":0,"derived_job_ready":0,"derived_job_committed":0,"derived_job_complete":0,"derived_job_failed":0,"segment_v2_state":0,"segment_v2_deleted":0},"journalMutationTypesCoverage":"drained-prefix-only; unread-or-partial-tail-excluded","totalBytes":153902978,"capBytes":469762048,"capExceeded":false,"entries":314,"categories":{"input":{"bytes":124668810,"files":2},"media":{"bytes":0,"files":0},"mediaPartial":{"bytes":19737018,"files":2},"journal":{"bytes":922,"files":1},"checkpoint":{"bytes":0,"files":0},"sqlite":{"bytes":4096,"files":1},"wal":{"bytes":350232,"files":1},"sqliteAux":{"bytes":32768,"files":1},"tmp":{"bytes":0,"files":0},"log":{"bytes":1049,"files":1},"state":{"bytes":4655,"files":2},"events":{"bytes":0,"files":0},"cache":{"bytes":3146149,"files":280},"tools":{"bytes":5956888,"files":2},"recordingsOther":{"bytes":391,"files":4},"other":{"bytes":0,"files":0}},"ownership":{"productRecording":{"bytes":20125427,"files":10},"fixtureInput":{"bytes":124668810,"files":2},"observerTools":{"bytes":5956888,"files":2},"cache":{"bytes":3146149,"files":280},"temporary":{"bytes":0,"files":0},"runtimeSupport":{"bytes":5704,"files":3},"other":{"bytes":0,"files":0}},"sqlitePages":{"status":"observed","mainBytes":4096,"walBytes":350232,"pageSize":4096,"pageCount":38,"freePageCount":0,"livePageCount":38,"liveBytes":155648,"freeBytes":0},"measurement":"logical-file-bytes-nonatomic","rawPathsPublished":false}
[current-observation] {"pid":61389,"startIdentity":"macos:1790157612:951118","sampledAt":1790157614624,"phaseAt":3098.520625,"rssBytes":92356608,"threadCount":29,"fdCount":31,"mutationCount":2,"typeCounts":{"segment_finalized":0,"event_link_created":0,"observation_put":0,"observation_v2_put":0,"deletion_requested":0,"deletion_completed":0,"corruption_detected":0,"recording_order_reserved":2,"segment_v2_finalized":0,"segment_v2_bound_finalized":0,"consumer_reference_put":0,"derived_reference_accepted":0,"referenced_observation_put":0,"derived_job_intent":0,"derived_job_files":0,"derived_job_ready":0,"derived_job_committed":0,"derived_job_complete":0,"derived_job_failed":0,"segment_v2_state":0,"segment_v2_deleted":0},"identityBytes":346,"combinedLogicalIds":4,"combinedLogicalBytes":346,"rotations":0,"partialBytes":0,"progress":{"elapsedMs":307.5033330000001,"channels":{"9101":{"finalized":0,"deleted":0,"lastAt":2791.017292,"order":"0","store":null,"knownMappings":0,"unknownMappings":0},"9201":{"finalized":0,"deleted":0,"lastAt":2791.017292,"order":"0","store":null,"knownMappings":0,"unknownMappings":0}},"records":0,"logicalBytes":0},"resourceTrendPass":false}
[sample-timing] {"sampleIndex":1,"metricsMs":307.2900420000001,"drainMs":358.2752919999998,"storageMs":5.125542000000223,"totalMs":670.7740840000001}
[request-budget] {"elapsedMs":1}
[http-timing] {"method":"GET","routeClass":"recording-status","status":200,"headerElapsedMs":1,"bodyElapsedMs":0,"totalElapsedMs":1,"bytes":1598,"phase":"complete","outcome":"ok"}
[pass] LP26-O05 active 9101
[pass] LP26-O05 active 9201
[root-storage] {"reason":"sample","final":false,"elapsedMs":8188,"journalMutationTypes":{"segment_finalized":0,"event_link_created":0,"observation_put":0,"observation_v2_put":0,"deletion_requested":0,"deletion_completed":0,"corruption_detected":0,"recording_order_reserved":4,"segment_v2_finalized":0,"segment_v2_bound_finalized":2,"consumer_reference_put":0,"derived_reference_accepted":0,"referenced_observation_put":0,"derived_job_intent":0,"derived_job_files":0,"derived_job_ready":0,"derived_job_committed":0,"derived_job_complete":0,"derived_job_failed":0,"segment_v2_state":0,"segment_v2_deleted":0},"journalMutationTypesCoverage":"drained-prefix-only; unread-or-partial-tail-excluded","totalBytes":263892280,"capBytes":469762048,"capExceeded":false,"entries":318,"categories":{"input":{"bytes":124668810,"files":2},"media":{"bytes":124670556,"files":4},"mediaPartial":{"bytes":4674303,"files":2},"journal":{"bytes":114583,"files":1},"checkpoint":{"bytes":0,"files":0},"sqlite":{"bytes":4096,"files":1},"wal":{"bytes":618032,"files":1},"sqliteAux":{"bytes":32768,"files":1},"tmp":{"bytes":0,"files":0},"log":{"bytes":1049,"files":1},"state":{"bytes":4655,"files":2},"events":{"bytes":0,"files":0},"cache":{"bytes":3146149,"files":280},"tools":{"bytes":5956888,"files":2},"recordingsOther":{"bytes":391,"files":4},"other":{"bytes":0,"files":0}},"ownership":{"productRecording":{"bytes":130114729,"files":14},"fixtureInput":{"bytes":124668810,"files":2},"observerTools":{"bytes":5956888,"files":2},"cache":{"bytes":3146149,"files":280},"temporary":{"bytes":0,"files":0},"runtimeSupport":{"bytes":5704,"files":3},"other":{"bytes":0,"files":0}},"sqlitePages":{"status":"observed","mainBytes":4096,"walBytes":618032,"pageSize":4096,"pageCount":67,"freePageCount":0,"livePageCount":67,"liveBytes":274432,"freeBytes":0},"measurement":"logical-file-bytes-nonatomic","rawPathsPublished":false}
[current-observation] {"pid":61389,"startIdentity":"macos:1790157612:951118","sampledAt":1790157619627,"phaseAt":8101.441042,"rssBytes":211992576,"threadCount":25,"fdCount":29,"mutationCount":6,"typeCounts":{"segment_finalized":0,"event_link_created":0,"observation_put":0,"observation_v2_put":0,"deletion_requested":0,"deletion_completed":0,"corruption_detected":0,"recording_order_reserved":4,"segment_v2_finalized":0,"segment_v2_bound_finalized":2,"consumer_reference_put":0,"derived_reference_accepted":0,"referenced_observation_put":0,"derived_job_intent":0,"derived_job_files":0,"derived_job_ready":0,"derived_job_committed":0,"derived_job_complete":0,"derived_job_failed":0,"segment_v2_state":0,"segment_v2_deleted":0},"identityBytes":1008,"combinedLogicalIds":14,"combinedLogicalBytes":2194,"rotations":0,"partialBytes":0,"progress":{"elapsedMs":5310.42375,"channels":{"9101":{"finalized":1,"deleted":0,"lastAt":8101.441042,"order":"1","store":"0a74edf895a4aa24a6b60848db7ea1f753d01584706818f6a22f10e98773c103","knownMappings":0,"unknownMappings":42},"9201":{"finalized":1,"deleted":0,"lastAt":8101.441042,"order":"2","store":"0a74edf895a4aa24a6b60848db7ea1f753d01584706818f6a22f10e98773c103","knownMappings":0,"unknownMappings":46}},"records":2,"logicalBytes":1186},"resourceTrendPass":false}
[sample-timing] {"sampleIndex":2,"metricsMs":1.8682920000001104,"drainMs":102.63925000000017,"storageMs":5.188167000000249,"totalMs":109.74470900000051}
[request-budget] {"elapsedMs":1}
[http-timing] {"method":"GET","routeClass":"recording-status","status":200,"headerElapsedMs":1,"bodyElapsedMs":0,"totalElapsedMs":1,"bytes":1598,"phase":"complete","outcome":"ok"}
[pass] LP26-O05 active 9101
[pass] LP26-O05 active 9201
[pass] LP26-O03 deleted media absent
[pass] LP26-O03 deleted media absent
[pass] LP26-O03 deleted media absent
[pass] LP26-O03 deleted media absent
[root-storage] {"reason":"sample","final":false,"elapsedMs":13219,"journalMutationTypes":{"segment_finalized":0,"event_link_created":0,"observation_put":0,"observation_v2_put":0,"deletion_requested":0,"deletion_completed":0,"corruption_detected":0,"recording_order_reserved":10,"segment_v2_finalized":0,"segment_v2_bound_finalized":8,"consumer_reference_put":0,"derived_reference_accepted":0,"referenced_observation_put":0,"derived_job_intent":0,"derived_job_files":0,"derived_job_ready":0,"derived_job_committed":0,"derived_job_complete":0,"derived_job_failed":0,"segment_v2_state":4,"segment_v2_deleted":4},"journalMutationTypesCoverage":"drained-prefix-only; unread-or-partial-tail-excluded","totalBytes":322224366,"capBytes":469762048,"capExceeded":false,"entries":318,"categories":{"input":{"bytes":124668810,"files":2},"media":{"bytes":124670556,"files":4},"mediaPartial":{"bytes":62334382,"files":2},"journal":{"bytes":267470,"files":1},"checkpoint":{"bytes":0,"files":0},"sqlite":{"bytes":4096,"files":1},"wal":{"bytes":1137152,"files":1},"sqliteAux":{"bytes":32768,"files":1},"tmp":{"bytes":0,"files":0},"log":{"bytes":1049,"files":1},"state":{"bytes":4655,"files":2},"events":{"bytes":0,"files":0},"cache":{"bytes":3146149,"files":280},"tools":{"bytes":5956888,"files":2},"recordingsOther":{"bytes":391,"files":4},"other":{"bytes":0,"files":0}},"ownership":{"productRecording":{"bytes":188446815,"files":14},"fixtureInput":{"bytes":124668810,"files":2},"observerTools":{"bytes":5956888,"files":2},"cache":{"bytes":3146149,"files":280},"temporary":{"bytes":0,"files":0},"runtimeSupport":{"bytes":5704,"files":3},"other":{"bytes":0,"files":0}},"sqlitePages":{"status":"observed","mainBytes":4096,"walBytes":1137152,"pageSize":4096,"pageCount":73,"freePageCount":9,"livePageCount":64,"liveBytes":262144,"freeBytes":36864},"measurement":"logical-file-bytes-nonatomic","rawPathsPublished":false}
[current-observation] {"pid":61389,"startIdentity":"macos:1790157612:951118","sampledAt":1790157624631,"phaseAt":13104.6505,"rssBytes":217939968,"threadCount":26,"fdCount":21,"mutationCount":26,"typeCounts":{"segment_finalized":0,"event_link_created":0,"observation_put":0,"observation_v2_put":0,"deletion_requested":0,"deletion_completed":0,"corruption_detected":0,"recording_order_reserved":10,"segment_v2_finalized":0,"segment_v2_bound_finalized":8,"consumer_reference_put":0,"derived_reference_accepted":0,"referenced_observation_put":0,"derived_job_intent":0,"derived_job_files":0,"derived_job_ready":0,"derived_job_committed":0,"derived_job_complete":0,"derived_job_failed":0,"segment_v2_state":4,"segment_v2_deleted":4},"identityBytes":4193,"combinedLogicalIds":60,"combinedLogicalBytes":8972,"rotations":0,"partialBytes":0,"progress":{"elapsedMs":10313.633208,"channels":{"9101":{"finalized":4,"deleted":2,"lastAt":13104.6505,"order":"7","store":"0a74edf895a4aa24a6b60848db7ea1f753d01584706818f6a22f10e98773c103","knownMappings":2,"unknownMappings":100},"9201":{"finalized":4,"deleted":2,"lastAt":13104.6505,"order":"8","store":"0a74edf895a4aa24a6b60848db7ea1f753d01584706818f6a22f10e98773c103","knownMappings":2,"unknownMappings":182}},"records":8,"logicalBytes":4779},"resourceTrendPass":false}
[sample-timing] {"sampleIndex":3,"metricsMs":1.8988749999989523,"drainMs":129.5074999999997,"storageMs":6.10308299999997,"totalMs":137.57395799999904}
[request-budget] {"elapsedMs":2}
[http-timing] {"method":"GET","routeClass":"recording-status","status":200,"headerElapsedMs":1,"bodyElapsedMs":0,"totalElapsedMs":1,"bytes":1598,"phase":"complete","outcome":"ok"}
[pass] LP26-O05 active 9101
[pass] LP26-O05 active 9201
[pass] LP26-O03 deleted media absent
[pass] LP26-O03 deleted media absent
[pass] LP26-O03 deleted media absent
[pass] LP26-O03 deleted media absent
[root-storage] {"reason":"sample","final":false,"elapsedMs":18214,"journalMutationTypes":{"segment_finalized":0,"event_link_created":0,"observation_put":0,"observation_v2_put":0,"deletion_requested":0,"deletion_completed":0,"corruption_detected":0,"recording_order_reserved":14,"segment_v2_finalized":0,"segment_v2_bound_finalized":12,"consumer_reference_put":0,"derived_reference_accepted":0,"referenced_observation_put":0,"derived_job_intent":0,"derived_job_files":0,"derived_job_ready":0,"derived_job_committed":0,"derived_job_complete":0,"derived_job_failed":0,"segment_v2_state":8,"segment_v2_deleted":8},"journalMutationTypesCoverage":"drained-prefix-only; unread-or-partial-tail-excluded","totalBytes":265035632,"capBytes":469762048,"capExceeded":false,"entries":318,"categories":{"input":{"bytes":124668810,"files":2},"media":{"bytes":124670556,"files":4},"mediaPartial":{"bytes":4154474,"files":2},"journal":{"bytes":471724,"files":1},"checkpoint":{"bytes":0,"files":0},"sqlite":{"bytes":4096,"files":1},"wal":{"bytes":1924072,"files":1},"sqliteAux":{"bytes":32768,"files":1},"tmp":{"bytes":0,"files":0},"log":{"bytes":1049,"files":1},"state":{"bytes":4655,"files":2},"events":{"bytes":0,"files":0},"cache":{"bytes":3146149,"files":280},"tools":{"bytes":5956888,"files":2},"recordingsOther":{"bytes":391,"files":4},"other":{"bytes":0,"files":0}},"ownership":{"productRecording":{"bytes":131258081,"files":14},"fixtureInput":{"bytes":124668810,"files":2},"observerTools":{"bytes":5956888,"files":2},"cache":{"bytes":3146149,"files":280},"temporary":{"bytes":0,"files":0},"runtimeSupport":{"bytes":5704,"files":3},"other":{"bytes":0,"files":0}},"sqlitePages":{"status":"observed","mainBytes":4096,"walBytes":1924072,"pageSize":4096,"pageCount":77,"freePageCount":14,"livePageCount":63,"liveBytes":258048,"freeBytes":57344},"measurement":"logical-file-bytes-nonatomic","rawPathsPublished":false}
[current-observation] {"pid":61389,"startIdentity":"macos:1790157612:951118","sampledAt":1790157629634,"phaseAt":18107.994667,"rssBytes":218251264,"threadCount":25,"fdCount":29,"mutationCount":42,"typeCounts":{"segment_finalized":0,"event_link_created":0,"observation_put":0,"observation_v2_put":0,"deletion_requested":0,"deletion_completed":0,"corruption_detected":0,"recording_order_reserved":14,"segment_v2_finalized":0,"segment_v2_bound_finalized":12,"consumer_reference_put":0,"derived_reference_accepted":0,"referenced_observation_put":0,"derived_job_intent":0,"derived_job_files":0,"derived_job_ready":0,"derived_job_committed":0,"derived_job_complete":0,"derived_job_failed":0,"segment_v2_state":8,"segment_v2_deleted":8},"identityBytes":6721,"combinedLogicalIds":96,"combinedLogicalBytes":13893,"rotations":0,"partialBytes":0,"progress":{"elapsedMs":15316.977374999999,"channels":{"9101":{"finalized":6,"deleted":4,"lastAt":18107.994667,"order":"11","store":"0a74edf895a4aa24a6b60848db7ea1f753d01584706818f6a22f10e98773c103","knownMappings":4,"unknownMappings":138},"9201":{"finalized":6,"deleted":4,"lastAt":18107.994667,"order":"12","store":"0a74edf895a4aa24a6b60848db7ea1f753d01584706818f6a22f10e98773c103","knownMappings":2,"unknownMappings":258}},"records":12,"logicalBytes":7172},"resourceTrendPass":false}
[sample-timing] {"sampleIndex":4,"metricsMs":1.859042000000045,"drainMs":121.21566600000006,"storageMs":5.615124999996624,"totalMs":128.74541699999827}
[request-budget] {"elapsedMs":2}
[http-timing] {"method":"GET","routeClass":"recording-status","status":200,"headerElapsedMs":1,"bodyElapsedMs":0,"totalElapsedMs":1,"bytes":1598,"phase":"complete","outcome":"ok"}
[pass] LP26-O05 active 9101
[pass] LP26-O05 active 9201
[pass] LP26-O03 deleted media absent
[pass] LP26-O03 deleted media absent
[pass] LP26-O03 deleted media absent
[pass] LP26-O03 deleted media absent
[pass] LP26-O03 deleted media absent
[pass] LP26-O03 deleted media absent
[root-storage] {"reason":"sample","final":false,"elapsedMs":23225,"journalMutationTypes":{"segment_finalized":0,"event_link_created":0,"observation_put":0,"observation_v2_put":0,"deletion_requested":0,"deletion_completed":0,"corruption_detected":0,"recording_order_reserved":20,"segment_v2_finalized":0,"segment_v2_bound_finalized":18,"consumer_reference_put":0,"derived_reference_accepted":0,"referenced_observation_put":0,"derived_job_intent":0,"derived_job_files":0,"derived_job_ready":0,"derived_job_committed":0,"derived_job_complete":0,"derived_job_failed":0,"segment_v2_state":14,"segment_v2_deleted":14},"journalMutationTypesCoverage":"drained-prefix-only; unread-or-partial-tail-excluded","totalBytes":323896641,"capBytes":469762048,"capExceeded":false,"entries":318,"categories":{"input":{"bytes":124668810,"files":2},"media":{"bytes":124670556,"files":4},"mediaPartial":{"bytes":62336174,"files":2},"journal":{"bytes":607193,"files":1},"checkpoint":{"bytes":0,"files":0},"sqlite":{"bytes":4096,"files":1},"wal":{"bytes":2467912,"files":1},"sqliteAux":{"bytes":32768,"files":1},"tmp":{"bytes":0,"files":0},"log":{"bytes":1049,"files":1},"state":{"bytes":4655,"files":2},"events":{"bytes":0,"files":0},"cache":{"bytes":3146149,"files":280},"tools":{"bytes":5956888,"files":2},"recordingsOther":{"bytes":391,"files":4},"other":{"bytes":0,"files":0}},"ownership":{"productRecording":{"bytes":190119090,"files":14},"fixtureInput":{"bytes":124668810,"files":2},"observerTools":{"bytes":5956888,"files":2},"cache":{"bytes":3146149,"files":280},"temporary":{"bytes":0,"files":0},"runtimeSupport":{"bytes":5704,"files":3},"other":{"bytes":0,"files":0}},"sqlitePages":{"status":"observed","mainBytes":4096,"walBytes":2467912,"pageSize":4096,"pageCount":77,"freePageCount":8,"livePageCount":69,"liveBytes":282624,"freeBytes":32768},"measurement":"logical-file-bytes-nonatomic","rawPathsPublished":false}
[current-observation] {"pid":61389,"startIdentity":"macos:1790157612:951118","sampledAt":1790157634638,"phaseAt":23112.0225,"rssBytes":218644480,"threadCount":25,"fdCount":21,"mutationCount":66,"typeCounts":{"segment_finalized":0,"event_link_created":0,"observation_put":0,"observation_v2_put":0,"deletion_requested":0,"deletion_completed":0,"corruption_detected":0,"recording_order_reserved":20,"segment_v2_finalized":0,"segment_v2_bound_finalized":18,"consumer_reference_put":0,"derived_reference_accepted":0,"referenced_observation_put":0,"derived_job_intent":0,"derived_job_files":0,"derived_job_ready":0,"derived_job_committed":0,"derived_job_complete":0,"derived_job_failed":0,"segment_v2_state":14,"segment_v2_deleted":14},"identityBytes":10513,"combinedLogicalIds":150,"combinedLogicalBytes":21267,"rotations":0,"partialBytes":0,"progress":{"elapsedMs":20321.005208,"channels":{"9101":{"finalized":9,"deleted":7,"lastAt":23112.0225,"order":"17","store":"0a74edf895a4aa24a6b60848db7ea1f753d01584706818f6a22f10e98773c103","knownMappings":6,"unknownMappings":210},"9201":{"finalized":9,"deleted":7,"lastAt":23112.0225,"order":"18","store":"0a74edf895a4aa24a6b60848db7ea1f753d01584706818f6a22f10e98773c103","knownMappings":5,"unknownMappings":346}},"records":18,"logicalBytes":10754},"resourceTrendPass":false}
[sample-timing] {"sampleIndex":5,"metricsMs":1.9843330000003334,"drainMs":128.43308400000024,"storageMs":5.452332999997452,"totalMs":135.92420800000036}
[request-budget] {"elapsedMs":1}
[http-timing] {"method":"GET","routeClass":"recording-status","status":200,"headerElapsedMs":1,"bodyElapsedMs":0,"totalElapsedMs":1,"bytes":1598,"phase":"complete","outcome":"ok"}
[pass] LP26-O05 active 9101
[pass] LP26-O05 active 9201
[pass] LP26-O03 deleted media absent
[pass] LP26-O03 deleted media absent
[pass] LP26-O03 deleted media absent
[pass] LP26-O03 deleted media absent
[root-storage] {"reason":"sample","final":false,"elapsedMs":28222,"journalMutationTypes":{"segment_finalized":0,"event_link_created":0,"observation_put":0,"observation_v2_put":0,"deletion_requested":0,"deletion_completed":0,"corruption_detected":0,"recording_order_reserved":24,"segment_v2_finalized":0,"segment_v2_bound_finalized":22,"consumer_reference_put":0,"derived_reference_accepted":0,"referenced_observation_put":0,"derived_job_intent":0,"derived_job_files":0,"derived_job_ready":0,"derived_job_committed":0,"derived_job_complete":0,"derived_job_failed":0,"segment_v2_state":18,"segment_v2_deleted":18},"journalMutationTypesCoverage":"drained-prefix-only; unread-or-partial-tail-excluded","totalBytes":265207506,"capBytes":469762048,"capExceeded":false,"entries":318,"categories":{"input":{"bytes":124668810,"files":2},"media":{"bytes":124670556,"files":4},"mediaPartial":{"bytes":2598303,"files":2},"journal":{"bytes":848409,"files":1},"checkpoint":{"bytes":0,"files":0},"sqlite":{"bytes":4096,"files":1},"wal":{"bytes":3275432,"files":1},"sqliteAux":{"bytes":32768,"files":1},"tmp":{"bytes":0,"files":0},"log":{"bytes":1049,"files":1},"state":{"bytes":4655,"files":2},"events":{"bytes":0,"files":0},"cache":{"bytes":3146149,"files":280},"tools":{"bytes":5956888,"files":2},"recordingsOther":{"bytes":391,"files":4},"other":{"bytes":0,"files":0}},"ownership":{"productRecording":{"bytes":131429955,"files":14},"fixtureInput":{"bytes":124668810,"files":2},"observerTools":{"bytes":5956888,"files":2},"cache":{"bytes":3146149,"files":280},"temporary":{"bytes":0,"files":0},"runtimeSupport":{"bytes":5704,"files":3},"other":{"bytes":0,"files":0}},"sqlitePages":{"status":"observed","mainBytes":4096,"walBytes":3275432,"pageSize":4096,"pageCount":86,"freePageCount":16,"livePageCount":70,"liveBytes":286720,"freeBytes":65536},"measurement":"logical-file-bytes-nonatomic","rawPathsPublished":false}
[current-observation] {"pid":61389,"startIdentity":"macos:1790157612:951118","sampledAt":1790157639641,"phaseAt":28115.0345,"rssBytes":219086848,"threadCount":25,"fdCount":29,"mutationCount":82,"typeCounts":{"segment_finalized":0,"event_link_created":0,"observation_put":0,"observation_v2_put":0,"deletion_requested":0,"deletion_completed":0,"corruption_detected":0,"recording_order_reserved":24,"segment_v2_finalized":0,"segment_v2_bound_finalized":22,"consumer_reference_put":0,"derived_reference_accepted":0,"referenced_observation_put":0,"derived_job_intent":0,"derived_job_files":0,"derived_job_ready":0,"derived_job_committed":0,"derived_job_complete":0,"derived_job_failed":0,"segment_v2_state":18,"segment_v2_deleted":18},"identityBytes":13041,"combinedLogicalIds":186,"combinedLogicalBytes":26189,"rotations":0,"partialBytes":0,"progress":{"elapsedMs":25324.017208,"channels":{"9101":{"finalized":11,"deleted":9,"lastAt":28115.0345,"order":"22","store":"0a74edf895a4aa24a6b60848db7ea1f753d01584706818f6a22f10e98773c103","knownMappings":6,"unknownMappings":292},"9201":{"finalized":11,"deleted":9,"lastAt":28115.0345,"order":"21","store":"0a74edf895a4aa24a6b60848db7ea1f753d01584706818f6a22f10e98773c103","knownMappings":7,"unknownMappings":434}},"records":22,"logicalBytes":13148},"resourceTrendPass":false}
[sample-timing] {"sampleIndex":6,"metricsMs":1.7373750000006112,"drainMs":122.99308400000155,"storageMs":4.9039579999989655,"totalMs":129.68270800000028}
[request-budget] {"elapsedMs":2}
[http-timing] {"method":"GET","routeClass":"recording-status","status":200,"headerElapsedMs":1,"bodyElapsedMs":0,"totalElapsedMs":1,"bytes":1598,"phase":"complete","outcome":"ok"}
[pass] LP26-O05 active 9101
[pass] LP26-O05 active 9201
[pass] LP26-O03 deleted media absent
[pass] LP26-O03 deleted media absent
[pass] LP26-O03 deleted media absent
[pass] LP26-O03 deleted media absent
[pass] LP26-O03 deleted media absent
[pass] LP26-O03 deleted media absent
[root-storage] {"reason":"sample","final":false,"elapsedMs":32922,"journalMutationTypes":{"segment_finalized":0,"event_link_created":0,"observation_put":0,"observation_v2_put":0,"deletion_requested":0,"deletion_completed":0,"corruption_detected":0,"recording_order_reserved":30,"segment_v2_finalized":0,"segment_v2_bound_finalized":28,"consumer_reference_put":0,"derived_reference_accepted":0,"referenced_observation_put":0,"derived_job_intent":0,"derived_job_files":0,"derived_job_ready":0,"derived_job_committed":0,"derived_job_complete":0,"derived_job_failed":0,"segment_v2_state":24,"segment_v2_deleted":24},"journalMutationTypesCoverage":"drained-prefix-only; unread-or-partial-tail-excluded","totalBytes":325657857,"capBytes":469762048,"capExceeded":false,"entries":318,"categories":{"input":{"bytes":124668810,"files":2},"media":{"bytes":124670556,"files":4},"mediaPartial":{"bytes":62334382,"files":2},"journal":{"bytes":1018841,"files":1},"checkpoint":{"bytes":0,"files":0},"sqlite":{"bytes":4096,"files":1},"wal":{"bytes":3819272,"files":1},"sqliteAux":{"bytes":32768,"files":1},"tmp":{"bytes":0,"files":0},"log":{"bytes":1049,"files":1},"state":{"bytes":4655,"files":2},"events":{"bytes":0,"files":0},"cache":{"bytes":3146149,"files":280},"tools":{"bytes":5956888,"files":2},"recordingsOther":{"bytes":391,"files":4},"other":{"bytes":0,"files":0}},"ownership":{"productRecording":{"bytes":191880306,"files":14},"fixtureInput":{"bytes":124668810,"files":2},"observerTools":{"bytes":5956888,"files":2},"cache":{"bytes":3146149,"files":280},"temporary":{"bytes":0,"files":0},"runtimeSupport":{"bytes":5704,"files":3},"other":{"bytes":0,"files":0}},"sqlitePages":{"status":"observed","mainBytes":4096,"walBytes":3819272,"pageSize":4096,"pageCount":87,"freePageCount":15,"livePageCount":72,"liveBytes":294912,"freeBytes":61440},"measurement":"logical-file-bytes-nonatomic","rawPathsPublished":false}
[current-observation] {"pid":61389,"startIdentity":"macos:1790157612:951118","sampledAt":1790157644320,"phaseAt":32794.461167,"rssBytes":222543872,"threadCount":25,"fdCount":31,"mutationCount":106,"typeCounts":{"segment_finalized":0,"event_link_created":0,"observation_put":0,"observation_v2_put":0,"deletion_requested":0,"deletion_completed":0,"corruption_detected":0,"recording_order_reserved":30,"segment_v2_finalized":0,"segment_v2_bound_finalized":28,"consumer_reference_put":0,"derived_reference_accepted":0,"referenced_observation_put":0,"derived_job_intent":0,"derived_job_files":0,"derived_job_ready":0,"derived_job_committed":0,"derived_job_complete":0,"derived_job_failed":0,"segment_v2_state":24,"segment_v2_deleted":24},"identityBytes":16833,"combinedLogicalIds":240,"combinedLogicalBytes":33581,"rotations":0,"partialBytes":0,"progress":{"elapsedMs":30003.443875,"channels":{"9101":{"finalized":14,"deleted":12,"lastAt":32794.461167,"order":"27","store":"0a74edf895a4aa24a6b60848db7ea1f753d01584706818f6a22f10e98773c103","knownMappings":8,"unknownMappings":424},"9201":{"finalized":14,"deleted":12,"lastAt":32794.461167,"order":"28","store":"0a74edf895a4aa24a6b60848db7ea1f753d01584706818f6a22f10e98773c103","knownMappings":8,"unknownMappings":562}},"records":28,"logicalBytes":16748},"resourceTrendPass":false}
[sample-timing] {"sampleIndex":7,"metricsMs":1.8807080000042333,"drainMs":143.46229199999652,"storageMs":4.872167000001355,"totalMs":150.26179100000445}
[pass] LP26-O04 sample coverage
[pass] LP26-O05 both channels retained and progressed
[request-budget] {"elapsedMs":1}
[http-timing] {"method":"GET","routeClass":"source","status":200,"headerElapsedMs":1,"bodyElapsedMs":0,"totalElapsedMs":1,"bytes":3375,"phase":"complete","outcome":"ok"}
[request-budget] {"elapsedMs":1}
[http-timing] {"method":"PUT","routeClass":"source-item","status":200,"headerElapsedMs":1583,"bodyElapsedMs":0,"totalElapsedMs":1583,"bytes":438,"phase":"complete","outcome":"ok"}
[pass] LP26-O05 setting 9101 false
[request-budget] {"elapsedMs":1}
[http-timing] {"method":"PUT","routeClass":"source-item","status":200,"headerElapsedMs":271,"bodyElapsedMs":0,"totalElapsedMs":271,"bytes":438,"phase":"complete","outcome":"ok"}
[pass] LP26-O05 setting 9201 false
[process-cleanup] {"schema":"recording-process-cleanup-v1","attemptCount":1,"pid":61389,"exitCode":0,"signalCode":null,"exitedObserved":true,"stopCode":"complete","forcedTermination":"not-used","normalExitPass":true,"normalShutdownPass":true,"archiveSafe":true,"ports":[{"kind":"http","port":62859,"status":"pass","code":"closed","closed":true},{"kind":"rtsp","port":62860,"status":"pass","code":"closed","closed":true}]}
[pass] LP26-O03 deleted media absent
[pass] LP26-O03 deleted media absent
[pass] LP26-O02 closed journal no partial tail
[pass] LP26-O05 stopped copy native catalog recovery
[pass] LP26-O05 native surviving and deleted states
[pass] LP26-O05 original journal bytes unchanged
[copy-cleanup] {"root":"/private/var/folders/k0/qhmr6zdx11q0_41wfx4dsd200000gn/T/media-server-current-observer-copy-zd4ZEM","bytes":131293203,"copied":true,"absent":true,"reason":null}
[pass] LP26-O05 recovery copy cleanup
[request-budget] {"elapsedMs":1}
[http-timing] {"method":"GET","routeClass":"health","status":null,"headerElapsedMs":null,"bodyElapsedMs":null,"totalElapsedMs":0,"bytes":0,"phase":"header","outcome":"error"}
[request-budget] {"elapsedMs":1}
[http-timing] {"method":"GET","routeClass":"health","status":null,"headerElapsedMs":null,"bodyElapsedMs":null,"totalElapsedMs":0,"bytes":0,"phase":"header","outcome":"error"}
[request-budget] {"elapsedMs":1}
[http-timing] {"method":"GET","routeClass":"health","status":null,"headerElapsedMs":null,"bodyElapsedMs":null,"totalElapsedMs":0,"bytes":0,"phase":"header","outcome":"error"}
[request-budget] {"elapsedMs":1}
[http-timing] {"method":"GET","routeClass":"health","status":null,"headerElapsedMs":null,"bodyElapsedMs":null,"totalElapsedMs":1,"bytes":0,"phase":"header","outcome":"error"}
[request-budget] {"elapsedMs":1}
[http-timing] {"method":"GET","routeClass":"health","status":null,"headerElapsedMs":null,"bodyElapsedMs":null,"totalElapsedMs":0,"bytes":0,"phase":"header","outcome":"error"}
[request-budget] {"elapsedMs":1}
[http-timing] {"method":"GET","routeClass":"health","status":null,"headerElapsedMs":null,"bodyElapsedMs":null,"totalElapsedMs":0,"bytes":0,"phase":"header","outcome":"error"}
[request-budget] {"elapsedMs":1}
[http-timing] {"method":"GET","routeClass":"health","status":null,"headerElapsedMs":null,"bodyElapsedMs":null,"totalElapsedMs":0,"bytes":0,"phase":"header","outcome":"error"}
[request-budget] {"elapsedMs":1}
[http-timing] {"method":"GET","routeClass":"health","status":null,"headerElapsedMs":null,"bodyElapsedMs":null,"totalElapsedMs":0,"bytes":0,"phase":"header","outcome":"error"}
[request-budget] {"elapsedMs":1}
[http-timing] {"method":"GET","routeClass":"health","status":null,"headerElapsedMs":null,"bodyElapsedMs":null,"totalElapsedMs":1,"bytes":0,"phase":"header","outcome":"error"}
[request-budget] {"elapsedMs":1}
[http-timing] {"method":"GET","routeClass":"health","status":200,"headerElapsedMs":1,"bodyElapsedMs":0,"totalElapsedMs":1,"bytes":15,"phase":"complete","outcome":"ok"}
[request-budget] {"elapsedMs":1}
[http-timing] {"method":"GET","routeClass":"ice","status":200,"headerElapsedMs":1,"bodyElapsedMs":0,"totalElapsedMs":1,"bytes":222,"phase":"complete","outcome":"ok"}
[pass] LP26-O05 isolated server healthy
[request-budget] {"elapsedMs":3}
[http-timing] {"method":"GET","routeClass":"recording-status","status":200,"headerElapsedMs":1,"bodyElapsedMs":0,"totalElapsedMs":1,"bytes":1602,"phase":"complete","outcome":"ok"}
[root-storage] {"reason":"failure","final":true,"elapsedMs":37271,"journalMutationTypes":{"segment_finalized":0,"event_link_created":0,"observation_put":0,"observation_v2_put":0,"deletion_requested":0,"deletion_completed":0,"corruption_detected":0,"recording_order_reserved":32,"segment_v2_finalized":0,"segment_v2_bound_finalized":32,"consumer_reference_put":0,"derived_reference_accepted":0,"referenced_observation_put":0,"derived_job_intent":0,"derived_job_files":0,"derived_job_ready":0,"derived_job_committed":0,"derived_job_complete":0,"derived_job_failed":0,"segment_v2_state":26,"segment_v2_deleted":26},"journalMutationTypesCoverage":"drained-prefix-only; unread-or-partial-tail-excluded","totalBytes":265370235,"capBytes":469762048,"capExceeded":false,"entries":317,"categories":{"input":{"bytes":124668810,"files":2},"media":{"bytes":130386289,"files":6},"mediaPartial":{"bytes":0,"files":0},"journal":{"bytes":513553,"files":1},"checkpoint":{"bytes":0,"files":0},"sqlite":{"bytes":356352,"files":1},"wal":{"bytes":300792,"files":1},"sqliteAux":{"bytes":32768,"files":1},"tmp":{"bytes":0,"files":0},"log":{"bytes":3832,"files":2},"state":{"bytes":4657,"files":2},"events":{"bytes":0,"files":0},"cache":{"bytes":3146149,"files":280},"tools":{"bytes":5956888,"files":2},"recordingsOther":{"bytes":145,"files":2},"other":{"bytes":0,"files":0}},"ownership":{"productRecording":{"bytes":131589899,"files":12},"fixtureInput":{"bytes":124668810,"files":2},"observerTools":{"bytes":5956888,"files":2},"cache":{"bytes":3146149,"files":280},"temporary":{"bytes":0,"files":0},"runtimeSupport":{"bytes":8489,"files":4},"other":{"bytes":0,"files":0}},"sqlitePages":{"status":"observed","mainBytes":356352,"walBytes":300792,"pageSize":4096,"pageCount":88,"freePageCount":13,"livePageCount":75,"liveBytes":307200,"freeBytes":53248},"measurement":"logical-file-bytes-nonatomic","rawPathsPublished":false}
[fail] current observation: LP26-O11 independent status usage 9101
[root-storage] {"reason":"final","final":true,"elapsedMs":37279,"journalMutationTypes":{"segment_finalized":0,"event_link_created":0,"observation_put":0,"observation_v2_put":0,"deletion_requested":0,"deletion_completed":0,"corruption_detected":0,"recording_order_reserved":32,"segment_v2_finalized":0,"segment_v2_bound_finalized":32,"consumer_reference_put":0,"derived_reference_accepted":0,"referenced_observation_put":0,"derived_job_intent":0,"derived_job_files":0,"derived_job_ready":0,"derived_job_committed":0,"derived_job_complete":0,"derived_job_failed":0,"segment_v2_state":26,"segment_v2_deleted":26},"journalMutationTypesCoverage":"drained-prefix-only; unread-or-partial-tail-excluded","totalBytes":265370235,"capBytes":469762048,"capExceeded":false,"entries":317,"categories":{"input":{"bytes":124668810,"files":2},"media":{"bytes":130386289,"files":6},"mediaPartial":{"bytes":0,"files":0},"journal":{"bytes":513553,"files":1},"checkpoint":{"bytes":0,"files":0},"sqlite":{"bytes":356352,"files":1},"wal":{"bytes":300792,"files":1},"sqliteAux":{"bytes":32768,"files":1},"tmp":{"bytes":0,"files":0},"log":{"bytes":3832,"files":2},"state":{"bytes":4657,"files":2},"events":{"bytes":0,"files":0},"cache":{"bytes":3146149,"files":280},"tools":{"bytes":5956888,"files":2},"recordingsOther":{"bytes":145,"files":2},"other":{"bytes":0,"files":0}},"ownership":{"productRecording":{"bytes":131589899,"files":12},"fixtureInput":{"bytes":124668810,"files":2},"observerTools":{"bytes":5956888,"files":2},"cache":{"bytes":3146149,"files":280},"temporary":{"bytes":0,"files":0},"runtimeSupport":{"bytes":8489,"files":4},"other":{"bytes":0,"files":0}},"sqlitePages":{"status":"observed","mainBytes":356352,"walBytes":300792,"pageSize":4096,"pageCount":88,"freePageCount":13,"livePageCount":75,"liveBytes":307200,"freeBytes":53248},"measurement":"logical-file-bytes-nonatomic","rawPathsPublished":false}
[process-cleanup] {"schema":"recording-process-cleanup-v1","attemptCount":1,"pid":61520,"exitCode":0,"signalCode":null,"exitedObserved":true,"stopCode":"complete","forcedTermination":"not-used","normalExitPass":true,"normalShutdownPass":true,"archiveSafe":true,"ports":[{"kind":"http","port":62891,"status":"pass","code":"closed","closed":true},{"kind":"rtsp","port":62892,"status":"pass","code":"closed","closed":true}]}
[server-diagnostic] {"pid":61389,"bytes":2783,"capturedBytes":2783,"sha256":"7e8963ed3fce6168bb571d407257af72f883152a105fe832168299703a4b6404","overflow":false,"categories":[{"code":"file evidence unavailable","count":0},{"code":"storageBlocked","count":0},{"code":"shutdown","count":0},{"code":"ERROR","count":0},{"code":"WARNING","count":0}],"rawBodyPublished":false,"privateCaptureRemovedWithRoot":true}
[server-slow-diagnostic] {"status":"captured","seen":8,"retained":8,"thresholdNs":10000000,"rows":[{"k":0,"o":1,"s":1,"l":1510,"m":1,"t":5,"r":0,"b":8483854708,"a":8489674417,"e":8499767000,"n":1,"w":5819709,"h":10092583,"x":5819709,"y":10092583},{"k":0,"o":1,"s":1,"l":1510,"m":1,"t":5,"r":0,"b":26506332458,"a":26506332750,"e":26516459667,"n":1,"w":292,"h":10126917,"x":292,"y":10126917},{"k":1,"o":6,"s":1,"l":743,"m":1,"t":4,"r":0,"b":32535004042,"a":32535004042,"e":32607650292,"n":1,"w":0,"h":72646250,"x":0,"y":72646250},{"k":1,"o":6,"s":1,"l":749,"m":1,"t":4,"r":0,"b":32615522500,"a":32615522500,"e":32752445083,"n":1,"w":0,"h":136922583,"x":0,"y":136922583},{"k":1,"o":6,"s":1,"l":725,"m":1,"t":4,"r":0,"b":32534950083,"a":32534950083,"e":32770164333,"n":1,"w":0,"h":235214250,"x":0,"y":235214250},{"k":1,"o":7,"s":1,"l":1319,"m":1,"t":4,"r":0,"b":32527614167,"a":32527614167,"e":32770307583,"n":1,"w":0,"h":242693416,"x":0,"y":242693416},{"k":0,"o":1,"s":1,"l":1510,"m":1,"t":4,"r":0,"b":32523792667,"a":32526327750,"e":32770308500,"n":1,"w":2535083,"h":243980750,"x":2535083,"y":243980750},{"k":0,"o":1,"s":1,"l":321,"m":1,"t":5,"r":0,"b":32531181958,"a":32770318208,"e":32770525125,"n":1,"w":239136250,"h":206917,"x":239136250,"y":206917}],"completedSpansOnly":true,"rawBodyPublished":false}
[server-diagnostic] {"pid":61520,"bytes":1618,"capturedBytes":1618,"sha256":"245f52177cb3987af59dcb4cafe632d526f2dff1a1bf1d11bfa143b46f68dcfa","overflow":false,"categories":[{"code":"file evidence unavailable","count":0},{"code":"storageBlocked","count":0},{"code":"shutdown","count":0},{"code":"ERROR","count":0},{"code":"WARNING","count":0}],"rawBodyPublished":false,"privateCaptureRemovedWithRoot":true}
[server-slow-diagnostic] {"status":"captured","seen":1,"retained":1,"thresholdNs":10000000,"rows":[{"k":0,"o":1,"s":1,"l":309,"m":1,"t":1,"r":0,"b":42,"a":2333,"e":266884000,"n":1,"w":2291,"h":266881667,"x":2291,"y":266881667}],"completedSpansOnly":true,"rawBodyPublished":false}
{"mode":"current-app-observe-short","passed":53,"failed":1,"elapsedMs":38193,"verifiedDurationMs":30151.831374999998,"longrunObservationCompleted":false,"shortPreparationPass":false,"resourceTrendPass":false,"reviewRequired":true,"uiFulltestPass":false,"phase":{"elapsedMs":30151.831374999998,"channels":{"9101":{"finalized":14,"deleted":12,"lastAt":32794.461167,"order":"27","store":"0a74edf895a4aa24a6b60848db7ea1f753d01584706818f6a22f10e98773c103","knownMappings":8,"unknownMappings":424},"9201":{"finalized":14,"deleted":12,"lastAt":32794.461167,"order":"28","store":"0a74edf895a4aa24a6b60848db7ea1f753d01584706818f6a22f10e98773c103","knownMappings":8,"unknownMappings":562}},"records":28,"logicalBytes":16748},"resources":{"status":"observed","resourceTrendPass":false,"reviewRequired":true,"sampleCount":7,"groups":[{"pid":61389,"startIdentity":"macos:1790157612:951118","sampleCount":7,"first":{"phaseAt":3098.520625,"sampledAt":1790157614624,"rssBytes":92356608,"threadCount":29,"fdCount":31,"mutationCount":2},"last":{"phaseAt":32794.461167,"sampledAt":1790157644320,"rssBytes":222543872,"threadCount":25,"fdCount":31,"mutationCount":106},"max":{"rssBytes":222543872,"threadCount":29,"fdCount":31},"delta":{"rssBytes":130187264,"threadCount":-4,"fdCount":0,"mutationCount":104},"elapsedMs":29695.940542,"maxGapMs":5004.027833,"warmupMs":300000,"postWarmup":{"status":"insufficient","sampleCount":0,"delta":null,"elapsedMs":null,"rssMiBPerMinute":null}}]},"processCount":2,"processesClosed":true,"udpClosed":true,"tokenStart":null,"tokenEnd":null,"tokenConsumed":null,"tokenSource":"전용 집계 없음"}
[cleanup] {"root":"/private/var/folders/k0/qhmr6zdx11q0_41wfx4dsd200000gn/T/media-server-current-observer-Bi5Eb4","bytes":265074108,"absent":true}
