[fixture] /private/var/folders/k0/qhmr6zdx11q0_41wfx4dsd200000gn/T/media-server-va-review-6422ofrc
[source] include/recording/va_review_input.h 543fcaf1fd950927455e402b45f3747cdb95c81b8521daa4eb22ce4b87c1cc00
[source] scripts/internal/va_review_smoke.cpp 910d0a7f89736707b547ba5cda9f890222885c1ae39999174bbd06deca07b87c
[source] src/recording/va_review_input.cpp 060d7f8023294abbfd2ebaff689e2a98768f65413efb836be3cb15a9568c8101
[pass] V450-I01 isolated store recovery
[pass] V450-I01 publish 1 frames: 
[pass] V450-I01 load 1 frames: 
[pass] V450-I01 exact frame count
[pass] V450-I01 independent sequence bytes/PTS/unknown UTC 0
[pass] V450-I01 publish 8 frames: 
[pass] V450-I01 load 8 frames: 
[pass] V450-I01 exact frame count
[pass] V450-I01 independent sequence bytes/PTS/unknown UTC 0
[pass] V450-I01 independent sequence bytes/PTS/unknown UTC 1
[pass] V450-I01 independent sequence bytes/PTS/unknown UTC 2
[pass] V450-I01 independent sequence bytes/PTS/unknown UTC 3
[pass] V450-I01 independent sequence bytes/PTS/unknown UTC 4
[pass] V450-I01 independent sequence bytes/PTS/unknown UTC 5
[pass] V450-I01 independent sequence bytes/PTS/unknown UTC 6
[pass] V450-I01 independent sequence bytes/PTS/unknown UTC 7
[pass] V450-I01 metadata replay excludes raw pixels
[pass] V450-I01 extra field output unchanged
[pass] V450-I01 duplicate field output unchanged
[pass] V450-I01 manifest hash output unchanged
[pass] V450-I01 frame order output unchanged
[pass] V450-I01 source locator output unchanged
[pass] V450-I01 mixed source generations output unchanged
[pass] V450-I01 input byte cap output unchanged
[pass] V450-I01 unauthorized no publish
[pass] V450-I01 cancelled before I/O
[pass] V450-I01 path ID rejected
[pass] V450-I01 valid empty partial fixture
[pass] V450-I01 empty partial distinguished
[pass] V450-I01 reopen independent of original media
[pass] V450-I01 own corruption fixture opened
[pass] V450-I01 corrupted package rejected
[summary] pass=32 fail=0
[cleanup] removed=true
