[fixture] /private/var/folders/k0/qhmr6zdx11q0_41wfx4dsd200000gn/T/media-server-va-review-jtiut2ix
[source] include/recording/va_review_input.h 543fcaf1fd950927455e402b45f3747cdb95c81b8521daa4eb22ce4b87c1cc00
[source] include/recording/va_review_record.h 96f5ac21c232d0b7efcadc94d8472ea980e1c8828577753c77f892210059c27d
[source] include/recording/va_review_store.h fcfad2a1c692321f5331b014357686abf871ab1b727ebc8093b5d339efc8c80a
[source] scripts/internal/va_review_smoke.cpp ef16a4254b6cdc3e4329ed3f70e0410f929d7b602ef443b51ae5dcb4c717059f
[source] src/recording/va_review_input.cpp 840df39c6fc11ca99748f55dd1c55d598e060467354dd8fd0a48b1b197cd58f1
[source] src/recording/va_review_record.cpp 3aa2e72da1f3e72b37557ed359b733639a2e1a9c3d9bbd4eb60de69ead89efba
[source] src/recording/va_review_store.cpp 27cb631652d84eb98776cf0493959205fdb4888517cb70b6cc8e1d5a4108a0a4
[pass] V450-I01 isolated store recovery
[pass] V450-I01 publish 1 frames: 
[pass] V450-I01 load 1 frames: 
[pass] V450-I01 exact frame count
[pass] V450-I01 independent sequence bytes/PTS/unknown UTC 0
[pass] V450-I01 publish 8 frames: 
[pass] V450-I01 load 8 frames: 
[pass] V450-I01 exact frame count
[pass] V450-I01 independent sequence bytes/PTS/unknown UTC 0
[pass] V450-I01 independent sequence bytes/PTS/unknown UTC 1
[pass] V450-I01 independent sequence bytes/PTS/unknown UTC 2
[pass] V450-I01 independent sequence bytes/PTS/unknown UTC 3
[pass] V450-I01 independent sequence bytes/PTS/unknown UTC 4
[pass] V450-I01 independent sequence bytes/PTS/unknown UTC 5
[pass] V450-I01 independent sequence bytes/PTS/unknown UTC 6
[pass] V450-I01 independent sequence bytes/PTS/unknown UTC 7
[pass] V450-I01 metadata replay excludes raw pixels
[pass] V450-I01 extra field output unchanged
[pass] V450-I01 duplicate field output unchanged
[pass] V450-I01 manifest hash output unchanged
[pass] V450-I01 frame order output unchanged
[pass] V450-I01 source locator output unchanged
[pass] V450-I01 mixed source generations output unchanged
[pass] V450-I01 input byte cap output unchanged
[pass] V450-I01 unauthorized no publish
[pass] V450-I01 cancelled before I/O
[pass] V450-I01 path ID rejected
[pass] V450-I01 valid empty partial fixture
[pass] V450-I01 empty partial distinguished
[pass] V450-I01 reopen independent of original media
[pass] V450-I01 own corruption fixture opened
[pass] V450-I01 corrupted package rejected
[pass] V450-C01 evidence setup
[pass] V450-C01 input setup
[pass] V450-C01 grounded claims/uncertainty roundtrip
[pass] V450-C01 rejected extra key unchanged
[pass] V450-C01 rejected duplicate key unchanged
[pass] V450-C01 rejected unknown frame unchanged
[pass] V450-C01 rejected duplicate frame unchanged
[pass] V450-C01 rejected ungrounded support unchanged
[pass] V450-C01 rejected overlong text unchanged
[pass] V450-C01 rejected confidence above one unchanged
[pass] V450-C01 rejected negative confidence unchanged
[pass] V450-C01 rejected infinity unchanged
[pass] V450-C01 rejected confidence without evidence unchanged
[pass] V450-C01 unknown confidence and ungrounded uncertainty accepted
[pass] V450-C01 rejected claim count unchanged
[pass] V450-C01 record provenance replay
[pass] V450-C01 local model digest required
[pass] V450-C01 provider provenance mismatch
[pass] V450-S01 store startup
[pass] V450-S01 durable readback
[pass] V450-S01 same record idempotent publication
[pass] V450-S01 new revision never overwrites
[pass] V450-S01 configured count boundary fails closed
[pass] V450-S01 restart original revision preserved
[pass] V450-S01 record byte cap
[pass] V450-S01 store byte cap includes header
[pass] V450-S01 disk reserve
[pass] V450-S01 cancellation after write cleans pending/no publication
[pass] V450-S01 interrupted partial header recovered
[pass] V450-S01 published pending fixture
[pass] V450-S01 crash after atomic link keeps result
[pass] V450-S01 unexpected hardlink rejected
[pass] V450-S01 own hardlink removed
[pass] V450-S01 symlink directory rejected
[pass] V450-S01 path ID rejected
[pass] V450-S01 write-failure setup
[pass] V450-S01 failed write not published
[pass] V450-S01 own permissions restored
[pass] V450-S01 corruption fixture opened
[pass] V450-S01 corrupt read/startup rejected
[summary] pass=72 fail=0
[cleanup] removed=true
