[fixture] /private/var/folders/k0/qhmr6zdx11q0_41wfx4dsd200000gn/T/media-server-va-review-g_uq_c7p
[source] include/recording/va_review_input.h 543fcaf1fd950927455e402b45f3747cdb95c81b8521daa4eb22ce4b87c1cc00
[source] include/recording/va_review_provider.h c31798b1e6c70babc4de01b9ced85eaeb3d0cc01cb0477aeb92b7d9d325d1659
[source] include/recording/va_review_record.h 96f5ac21c232d0b7efcadc94d8472ea980e1c8828577753c77f892210059c27d
[source] include/recording/va_review_service.h 1c138ecdc7227f236a06109ebf7ecec0508800463a579f70c4e85f6212820861
[source] include/recording/va_review_store.h fcfad2a1c692321f5331b014357686abf871ab1b727ebc8093b5d339efc8c80a
[source] scripts/internal/va_review_quality_fixture.h 9b2e166928f0d1043363ab1fe93e2c3ea90f19cad0c32053b9c483da22ed9f19
[source] scripts/internal/va_review_smoke.cpp f26685100b2d50adfaeff73965f52dd31b7c40df68ba41f0c49c2cadd7432d9c
[source] scripts/internal/verify_va_review.sh 3f909b361d26660bd1769d88f89ecea17d897fa6f9c1cd4a39d4181e63c3019d
[source] src/recording/va_review_input.cpp 840df39c6fc11ca99748f55dd1c55d598e060467354dd8fd0a48b1b197cd58f1
[source] src/recording/va_review_json.h 835cf40e95a3be8297ccf6edde1fbcf7c8aa5ffda3169f368195bc5667d065f3
[source] src/recording/va_review_provider.cpp eb820da335cd540d3f6ee4a4c1b00cc8dc873abcc1c12c7c717e3c7af5f3b83e
[source] src/recording/va_review_record.cpp 3aa2e72da1f3e72b37557ed359b733639a2e1a9c3d9bbd4eb60de69ead89efba
[source] src/recording/va_review_service.cpp 97d2f74b18f68c253ce6f50df5b33495afe7529c5abf1d1c985ebffb220d175b
[source] src/recording/va_review_store.cpp 27cb631652d84eb98776cf0493959205fdb4888517cb70b6cc8e1d5a4108a0a4
[source] src/recording/va_review_transport.cpp bcb05b8bf5518a586b30bf2f315b36ada7ac7ca1e207015a1770ed301cac8b33
[loopback] http://127.0.0.1:50687
[pass] V450-I01 isolated store recovery
[pass] V450-I01 publish 1 frames: 
[pass] V450-I01 load 1 frames: 
[pass] V450-I01 exact frame count
[pass] V450-I01 independent sequence bytes/PTS/unknown UTC 0
[pass] V450-I01 publish 8 frames: 
[pass] V450-I01 load 8 frames: 
[pass] V450-I01 exact frame count
[pass] V450-I01 independent sequence bytes/PTS/unknown UTC 0
[pass] V450-I01 independent sequence bytes/PTS/unknown UTC 1
[pass] V450-I01 independent sequence bytes/PTS/unknown UTC 2
[pass] V450-I01 independent sequence bytes/PTS/unknown UTC 3
[pass] V450-I01 independent sequence bytes/PTS/unknown UTC 4
[pass] V450-I01 independent sequence bytes/PTS/unknown UTC 5
[pass] V450-I01 independent sequence bytes/PTS/unknown UTC 6
[pass] V450-I01 independent sequence bytes/PTS/unknown UTC 7
[pass] V450-I01 metadata replay excludes raw pixels
[pass] V450-I01 extra field output unchanged
[pass] V450-I01 duplicate field output unchanged
[pass] V450-I01 manifest hash output unchanged
[pass] V450-I01 frame order output unchanged
[pass] V450-I01 source locator output unchanged
[pass] V450-I01 mixed source generations output unchanged
[pass] V450-I01 input byte cap output unchanged
[pass] V450-I01 unauthorized no publish
[pass] V450-I01 cancelled before I/O
[pass] V450-I01 path ID rejected
[pass] V450-I01 valid empty partial fixture
[pass] V450-I01 empty partial distinguished
[pass] V450-I01 reopen independent of original media
[pass] V450-I01 own corruption fixture opened
[pass] V450-I01 corrupted package rejected
[pass] V450-C01 evidence setup
[pass] V450-C01 input setup
[pass] V450-C01 grounded claims/uncertainty roundtrip
[pass] V450-C01 rejected extra key unchanged
[pass] V450-C01 rejected duplicate key unchanged
[pass] V450-C01 rejected unknown frame unchanged
[pass] V450-C01 rejected duplicate frame unchanged
[pass] V450-C01 rejected ungrounded support unchanged
[pass] V450-C01 rejected overlong text unchanged
[pass] V450-C01 rejected confidence above one unchanged
[pass] V450-C01 rejected negative confidence unchanged
[pass] V450-C01 rejected infinity unchanged
[pass] V450-C01 rejected confidence without evidence unchanged
[pass] V450-C01 unknown confidence and ungrounded uncertainty accepted
[pass] V450-C01 rejected claim count unchanged
[pass] V450-C01 record provenance replay
[pass] V450-C01 local model digest required
[pass] V450-C01 provider provenance mismatch
[pass] V450-S01 store startup
[pass] V450-S01 durable readback
[pass] V450-S01 same record idempotent publication
[pass] V450-S01 new revision never overwrites
[pass] V450-S01 configured count boundary fails closed
[pass] V450-S01 restart original revision preserved
[pass] V450-S01 record byte cap
[pass] V450-S01 store byte cap includes header
[pass] V450-S01 disk reserve
[pass] V450-S01 cancellation after write cleans pending/no publication
[pass] V450-S01 interrupted partial header recovered
[pass] V450-S01 published pending fixture
[pass] V450-S01 crash after atomic link keeps result
[pass] V450-S01 unexpected hardlink rejected
[pass] V450-S01 own hardlink removed
[pass] V450-S01 symlink directory rejected
[pass] V450-S01 path ID rejected
[pass] V450-S01 write-failure setup
[pass] V450-S01 failed write not published
[pass] V450-S01 own permissions restored
[pass] V450-S01 corruption fixture opened
[pass] V450-S01 corrupt read/startup rejected
[pass] V450-C01 evidence setup
[pass] V450-C01 input setup
[pass] V450-Q01 worker ready
[pass] V450-Q01 exactly one worker thread
[pass] V450-Q01 accepted asynchronously
[pass] V450-Q01 active duplicate shares job
[pass] V450-Q01 queue slot 0
[pass] V450-Q01 queue slot 1
[pass] V450-Q01 queue slot 2
[pass] V450-Q01 queue slot 3
[pass] V450-Q01 queue four boundary
[pass] V450-Q01 other owner cannot cancel
[pass] V450-Q01 admin queued cancellation
[pass] V450-Q01 active cancellation
[pass] V450-Q01 queue continues after cancellation
[pass] V450-Q01 queue continues after cancellation
[pass] V450-Q01 queue continues after cancellation
[pass] V450-Q01 cancelled jobs never persist
[pass] V450-Q01 failure task admitted
[pass] V450-Q01 isolated failure 2
[pass] V450-Q01 failure task admitted
[pass] V450-Q01 isolated failure 3
[pass] V450-Q01 failure task admitted
[pass] V450-Q01 isolated failure 4
[pass] V450-Q01 invalid/missing/exception no result writes
[pass] V450-Q01 revocation task admitted
[pass] V450-Q01 current permission revocation aborts/no write
[pass] V450-Q01 status rechecks current channel scope
[pass] V450-Q01 worker usable after failures
[pass] V450-Q01 FD/thread counts return after failure workload and join
[pass] V450-Q01 shutdown stops admission
[pass] V450-Q01 restart expires process jobs without replay
[pass] V450-Q01 actual deadline task
[pass] V450-Q01 queue deadline task
[pass] V450-Q01 execution and waiting deadlines differ; expired queue not called
[pass] V450-Q01 finite terminal history 0
[pass] V450-Q01 finite terminal history 1
[pass] V450-Q01 finite terminal history 2
[pass] V450-Q01 finite terminal history 3
[pass] V450-Q01 finite terminal history 4
[pass] V450-Q01 finite terminal history 5
[pass] V450-Q01 finite terminal history 6
[pass] V450-Q01 finite terminal history 7
[pass] V450-Q01 old terminal metadata evicted
[pass] V450-Q01 blocking provider admitted
[pass] V450-Q01 media storage opens during provider wait
[pass] V450-Q01 actual writer starts
[pass] V450-Q01 actual recording finalized while provider waits
[pass] V450-Q01 actual search refresh proceeds
[pass] V450-Q01 independent time query returns recorded segment
[pass] V450-Q01 actual event append proceeds
[pass] V450-Q01 provider still pending during media/event/search progress
[pass] V450-Q01 cooperative cancellation joins worker within 500ms
[pass] V450-Q01 disabled never invokes provider
[pass] V450-L01 owned protocol fixture parent
[pass] V450-C01 evidence setup
[pass] V450-C01 input setup
[pass] V450-L01 exact local chat path
[pass] V450-L01 ordered two-image protocol envelope
[pass] V450-L01 nonstream schema and model unload
[pass] V450-L01 exact frame timing and minimal metadata
[pass] V450-L01 checked model digest before and after inference
[pass] V450-L01 rejects provider fault 1
[pass] V450-L01 exact local chat path
[pass] V450-L01 ordered two-image protocol envelope
[pass] V450-L01 nonstream schema and model unload
[pass] V450-L01 exact frame timing and minimal metadata
[pass] V450-L01 rejects provider fault 2
[pass] V450-L01 exact local chat path
[pass] V450-L01 ordered two-image protocol envelope
[pass] V450-L01 nonstream schema and model unload
[pass] V450-L01 exact frame timing and minimal metadata
[pass] V450-L01 rejects provider fault 3
[pass] V450-L01 exact local chat path
[pass] V450-L01 ordered two-image protocol envelope
[pass] V450-L01 nonstream schema and model unload
[pass] V450-L01 exact frame timing and minimal metadata
[pass] V450-L01 rejects provider fault 4
[pass] V450-L01 exact local chat path
[pass] V450-L01 ordered two-image protocol envelope
[pass] V450-L01 nonstream schema and model unload
[pass] V450-L01 exact frame timing and minimal metadata
[pass] V450-L01 rejects provider fault 5
[pass] V450-L01 exact local chat path
[pass] V450-L01 ordered two-image protocol envelope
[pass] V450-L01 nonstream schema and model unload
[pass] V450-L01 exact frame timing and minimal metadata
[pass] V450-L01 rejects provider fault 6
[pass] V450-L01 exact local chat path
[pass] V450-L01 ordered two-image protocol envelope
[pass] V450-L01 nonstream schema and model unload
[pass] V450-L01 exact frame timing and minimal metadata
[pass] V450-L01 rejects provider fault 7
[pass] V450-L01 exact local chat path
[pass] V450-L01 ordered two-image protocol envelope
[pass] V450-L01 nonstream schema and model unload
[pass] V450-L01 exact frame timing and minimal metadata
[pass] V450-L01 rejects provider fault 8
[pass] V450-L01 exact local chat path
[pass] V450-L01 ordered two-image protocol envelope
[pass] V450-L01 nonstream schema and model unload
[pass] V450-L01 exact frame timing and minimal metadata
[pass] V450-L01 rejects provider fault 9
[pass] V450-L01 exact local chat path
[pass] V450-L01 ordered two-image protocol envelope
[pass] V450-L01 nonstream schema and model unload
[pass] V450-L01 exact frame timing and minimal metadata
[pass] V450-L01 rejects provider fault 10
[pass] V450-L01 exact local chat path
[pass] V450-L01 ordered two-image protocol envelope
[pass] V450-L01 nonstream schema and model unload
[pass] V450-L01 exact frame timing and minimal metadata
[pass] V450-L01 rejects provider fault 11
[pass] V450-L01 exact local chat path
[pass] V450-L01 ordered two-image protocol envelope
[pass] V450-L01 nonstream schema and model unload
[pass] V450-L01 exact frame timing and minimal metadata
[pass] V450-L01 rejects provider fault 13
[pass] V450-L01 exact local chat path
[pass] V450-L01 ordered two-image protocol envelope
[pass] V450-L01 nonstream schema and model unload
[pass] V450-L01 exact frame timing and minimal metadata
[pass] V450-L01 insufficient assessment maps to uncertainty without inventing confidence
[pass] V450-L01 off never sends
[pass] V450-L01 forbidden endpoint rejected before transport
[pass] V450-L01 forbidden endpoint rejected before transport
[pass] V450-L01 forbidden endpoint rejected before transport
[pass] V450-L01 forbidden endpoint rejected before transport
[pass] V450-L01 forbidden endpoint rejected before transport
[pass] V450-L01 cancelled before first transmission
[pass] V450-L01 mutated image rejected before transmission
[pass] V450-L01 actual curl stdin/stdout HTTP transport
[pass] V450-L01 actual HTTP 401 stable failure
[pass] V450-L01 actual HTTP 429 stable failure
[pass] V450-L01 actual HTTP 404 stable failure
[pass] V450-L01 actual HTTP 500 stable failure
[pass] V450-L01 actual HTTP redirect stable failure
[pass] V450-L01 actual HTTP large stable failure
[pass] V450-L01 actual transport deadline
[pass] V450-L01 actual transport cancellation
[pass] V450-L01 transport FD recovery after failures
[pass] V450-L01 no unreaped curl child
[summary] pass=214 fail=0
[cleanup] removed=true
