✔ V440-U01 explicit POST preserves selected parameters and admits one creation (10.767041ms)
✔ V440-U01 channel change suppresses late detail and old media errors (0.878333ms)
✔ V440-U01 forbidden and disabled are explicit without success state (1.640041ms)
✔ V440-U01 invalid artifact ID never becomes a fetch URL (1.1495ms)
✔ V440-U01 obsolete list does not repopulate changed channel (0.8185ms)
✔ V440-U01 media loads sequentially within server admission; stale queue stops (0.639917ms)
✔ V450-U01 explicit review completes and frame indices resolve through references, not asset position (1.412416ms)
✔ V450-U01 disabled, read-only, missing frames, byte boundaries cannot submit (2.029583ms)
✔ V450-U01 API errors use safe messages; disabled/forbidden block execution and transient failures allow retry (1.982084ms)
✔ V450-U01 cancel aborts pending poll, admits one DELETE and suppresses its late running response (0.809875ms)
✔ V450-U01 channel/page exit aborts local requests without cancelling the server job (1.202041ms)
✔ V450-U01 existing read-only results render safely and late result/list responses stay detached (0.530375ms)
✔ V450-U01 failed jobs stop polling; unknown progress stays locked until an explicit recheck (1.529083ms)
✔ V450-U01 active timer is cleared on page exit and malformed IDs cannot become job URLs (1.218375ms)
ℹ tests 14
ℹ suites 0
ℹ pass 14
ℹ fail 0
ℹ cancelled 0
ℹ skipped 0
ℹ todo 0
ℹ duration_ms 62.015292
