✔ V440-U01 explicit POST preserves selected parameters and admits one creation (9.739625ms)
✔ V440-U01 channel change suppresses late detail and old media errors (0.681334ms)
✔ V440-U01 forbidden and disabled are explicit without success state (1.338125ms)
✔ V440-U01 invalid artifact ID never becomes a fetch URL (0.798875ms)
✔ V440-U01 obsolete list does not repopulate changed channel (0.474875ms)
✔ V440-U01 media loads sequentially within server admission; stale queue stops (0.543458ms)
✔ V450-U01 explicit review completes and frame indices resolve through references, not asset position (1.527041ms)
✔ V450-U01 disabled, read-only, missing frames, byte boundaries cannot submit (1.544541ms)
✔ V450-U01 API errors use safe messages; disabled/forbidden block execution and transient failures allow retry (3.369209ms)
✔ V450-U01 cancel aborts pending poll, admits one DELETE and suppresses its late running response (1.044875ms)
✔ V450-U01 channel/page exit aborts local requests without cancelling the server job (1.031625ms)
✔ V450-U01 existing read-only results render safely and late result/list responses stay detached (0.54975ms)
✔ V450-U01 failed jobs stop polling; unknown progress stays locked until an explicit recheck (1.577291ms)
✔ V450-U01 active timer is cleared on page exit and malformed IDs cannot become job URLs (0.708833ms)
ℹ tests 14
ℹ suites 0
ℹ pass 14
ℹ fail 0
ℹ cancelled 0
ℹ skipped 0
ℹ todo 0
ℹ duration_ms 55.46875
