[fixture] /private/var/folders/k0/qhmr6zdx11q0_41wfx4dsd200000gn/T/media-server-va-review-4m26ar3e
[source] include/recording/va_review_input.h 543fcaf1fd950927455e402b45f3747cdb95c81b8521daa4eb22ce4b87c1cc00
[source] include/recording/va_review_provider.h f69c63c8b209dfa2d1daa01868f4c72de0494ee3785b3b0edba850daf4198076
[source] include/recording/va_review_record.h 96f5ac21c232d0b7efcadc94d8472ea980e1c8828577753c77f892210059c27d
[source] include/recording/va_review_service.h c3c6f9c4a7ebab259af79b2ff16bf1f1e94a0c776d6f612e88cdcb27e9be0baa
[source] include/recording/va_review_store.h fcfad2a1c692321f5331b014357686abf871ab1b727ebc8093b5d339efc8c80a
[source] scripts/internal/va_review_quality_fixture.h 4a46b462b22cf71e092319f885724c67f7506a5a491068577ecd0d632dbe6d64
[source] scripts/internal/va_review_smoke.cpp 5eb95b1974b51f8afa354681b5b7b33a46ae250bbda9392a157ea3f16b5f4eb2
[source] scripts/internal/verify_va_review.sh bab5a657552b871b7f8f10d6f4ba3a4d1d8f425dff56274c0eb760834d1ce452
[source] src/recording/va_review_input.cpp 840df39c6fc11ca99748f55dd1c55d598e060467354dd8fd0a48b1b197cd58f1
[source] src/recording/va_review_json.h 835cf40e95a3be8297ccf6edde1fbcf7c8aa5ffda3169f368195bc5667d065f3
[source] src/recording/va_review_provider.cpp 9cb30f9bfa08a9df30bb825d2eb2aa38258369027469741daf9ed82d84e9d0eb
[source] src/recording/va_review_record.cpp 1be2584c000e2f6974825b036afa6a8b89531108eb703d5ea7f3b6c64a0b256e
[source] src/recording/va_review_service.cpp 22777f26753c6ea64f65daaa603633a02bc0fd98036ce02460b84887a4edef0d
[source] src/recording/va_review_store.cpp 27cb631652d84eb98776cf0493959205fdb4888517cb70b6cc8e1d5a4108a0a4
[source] src/recording/va_review_transport.cpp c38058cffb6cca2b291d6de52bdbdd0c7298b308699c8291f6c242884090a422
[cleanup] removed=true
Traceback (most recent call last):
  File "<stdin>", line 127, in <module>
  File "/opt/homebrew/Cellar/python@3.14/3.14.4/Frameworks/Python.framework/Versions/3.14/lib/python3.14/socketserver.py", line 457, in __init__
    self.server_bind()
    ~~~~~~~~~~~~~~~~^^
  File "/opt/homebrew/Cellar/python@3.14/3.14.4/Frameworks/Python.framework/Versions/3.14/lib/python3.14/http/server.py", line 148, in server_bind
    socketserver.TCPServer.server_bind(self)
    ~~~~~~~~~~~~~~~~~~~~~~~~~~~~~~~~~~^^^^^^
  File "/opt/homebrew/Cellar/python@3.14/3.14.4/Frameworks/Python.framework/Versions/3.14/lib/python3.14/socketserver.py", line 478, in server_bind
    self.socket.bind(self.server_address)
    ~~~~~~~~~~~~~~~~^^^^^^^^^^^^^^^^^^^^^
PermissionError: [Errno 1] Operation not permitted
