[fixture] /private/var/folders/k0/qhmr6zdx11q0_41wfx4dsd200000gn/T/media-server-va-review-i9vj8fra
[source] include/recording/va_review_input.h 543fcaf1fd950927455e402b45f3747cdb95c81b8521daa4eb22ce4b87c1cc00
[source] include/recording/va_review_provider.h 6fbf72805fdfa7286946a7114adaba247ac042a653988b4259c5ef13cdfbe486
[source] include/recording/va_review_record.h 96f5ac21c232d0b7efcadc94d8472ea980e1c8828577753c77f892210059c27d
[source] include/recording/va_review_service.h c3c6f9c4a7ebab259af79b2ff16bf1f1e94a0c776d6f612e88cdcb27e9be0baa
[source] include/recording/va_review_store.h fcfad2a1c692321f5331b014357686abf871ab1b727ebc8093b5d339efc8c80a
[source] scripts/internal/va_review_quality_fixture.h 4a46b462b22cf71e092319f885724c67f7506a5a491068577ecd0d632dbe6d64
[source] scripts/internal/va_review_smoke.cpp 8d21648ac967b9dfbcf6327809c44f6876cd04874c156cea374117b548ab28b5
[source] scripts/internal/verify_va_review.sh cc718b514f21df8d040e0cd39a936a72dfcfac172584e5a99785c8b19ce8d5dc
[source] src/recording/va_review_input.cpp 840df39c6fc11ca99748f55dd1c55d598e060467354dd8fd0a48b1b197cd58f1
[source] src/recording/va_review_json.h 835cf40e95a3be8297ccf6edde1fbcf7c8aa5ffda3169f368195bc5667d065f3
[source] src/recording/va_review_provider.cpp 8ec460681169bc3ac01edfe36f79605c38201834229c5f54c112d951c3d56aa0
[source] src/recording/va_review_record.cpp 368f9adeeb606e6bae4a0faca9001fcaeadebfbe12f29a206f73dbeedbae7ee1
[source] src/recording/va_review_service.cpp 22777f26753c6ea64f65daaa603633a02bc0fd98036ce02460b84887a4edef0d
[source] src/recording/va_review_store.cpp 27cb631652d84eb98776cf0493959205fdb4888517cb70b6cc8e1d5a4108a0a4
[source] src/recording/va_review_transport.cpp c38058cffb6cca2b291d6de52bdbdd0c7298b308699c8291f6c242884090a422
[loopback] http://127.0.0.1:52078
[tls-fixture] loopback only; temporary CA; no system trust changes
[pass] V450-I01 isolated store recovery
[pass] V450-I01 publish 1 frames: 
[pass] V450-I01 load 1 frames: 
[pass] V450-I01 exact frame count
[pass] V450-I01 independent sequence bytes/PTS/unknown UTC 0
[pass] V450-I01 publish 8 frames: 
[pass] V450-I01 load 8 frames: 
[pass] V450-I01 exact frame count
[pass] V450-I01 independent sequence bytes/PTS/unknown UTC 0
[pass] V450-I01 independent sequence bytes/PTS/unknown UTC 1
[pass] V450-I01 independent sequence bytes/PTS/unknown UTC 2
[pass] V450-I01 independent sequence bytes/PTS/unknown UTC 3
[pass] V450-I01 independent sequence bytes/PTS/unknown UTC 4
[pass] V450-I01 independent sequence bytes/PTS/unknown UTC 5
[pass] V450-I01 independent sequence bytes/PTS/unknown UTC 6
[pass] V450-I01 independent sequence bytes/PTS/unknown UTC 7
[pass] V450-I01 metadata replay excludes raw pixels
[pass] V450-I01 extra field output unchanged
[pass] V450-I01 duplicate field output unchanged
[pass] V450-I01 manifest hash output unchanged
[pass] V450-I01 frame order output unchanged
[pass] V450-I01 source locator output unchanged
[pass] V450-I01 mixed source generations output unchanged
[pass] V450-I01 input byte cap output unchanged
[pass] V450-I01 unauthorized no publish
[pass] V450-I01 cancelled before I/O
[pass] V450-I01 path ID rejected
[pass] V450-I01 valid empty partial fixture
[pass] V450-I01 empty partial distinguished
[pass] V450-I01 reopen independent of original media
[pass] V450-I01 own corruption fixture opened
[pass] V450-I01 corrupted package rejected
[pass] V450-C01 evidence setup
[pass] V450-C01 input setup
[pass] V450-C01 adapter provenance preserved without historical rewriting 1
[pass] V450-C01 adapter provenance preserved without historical rewriting 2
[pass] V450-C01 adapter provenance preserved without historical rewriting 3
[pass] V450-C01 adapter provenance preserved without historical rewriting 4
[pass] V450-C01 adapter provenance preserved without historical rewriting 5
[pass] V450-C01 adapter provenance preserved without historical rewriting 6
[pass] V450-C01 adapter provenance preserved without historical rewriting 7
[pass] V450-C01 adapter provenance preserved without historical rewriting 8
[pass] V450-C01 adapter provenance preserved without historical rewriting 9
[pass] V450-C01 adapter provenance preserved without historical rewriting 10
[pass] V450-C01 grounded claims/uncertainty roundtrip
[pass] V450-C01 rejected extra key unchanged
[pass] V450-C01 rejected duplicate key unchanged
[pass] V450-C01 rejected unknown frame unchanged
[pass] V450-C01 rejected duplicate frame unchanged
[pass] V450-C01 rejected ungrounded support unchanged
[pass] V450-C01 rejected overlong text unchanged
[pass] V450-C01 rejected confidence above one unchanged
[pass] V450-C01 rejected negative confidence unchanged
[pass] V450-C01 rejected infinity unchanged
[pass] V450-C01 rejected confidence without evidence unchanged
[pass] V450-C01 unknown confidence and ungrounded uncertainty accepted
[pass] V450-C01 rejected claim count unchanged
[pass] V450-C01 record provenance replay
[pass] V450-C01 local model digest required
[pass] V450-C01 provider provenance mismatch
[pass] V450-G01 removed provider record rejected
[pass] V450-S01 store startup
[pass] V450-S01 durable readback
[pass] V450-S01 same record idempotent publication
[pass] V450-S01 new revision never overwrites
[pass] V450-S01 configured count boundary fails closed
[pass] V450-S01 restart original revision preserved
[pass] V450-S01 record byte cap
[pass] V450-S01 store byte cap includes header
[pass] V450-S01 disk reserve
[pass] V450-S01 cancellation after write cleans pending/no publication
[pass] V450-S01 interrupted partial header recovered
[pass] V450-S01 published pending fixture
[pass] V450-S01 crash after atomic link keeps result
[pass] V450-S01 unexpected hardlink rejected
[pass] V450-S01 own hardlink removed
[pass] V450-S01 symlink directory rejected
[pass] V450-S01 path ID rejected
[pass] V450-S01 write-failure setup
[pass] V450-S01 failed write not published
[pass] V450-S01 own permissions restored
[pass] V450-S01 corruption fixture opened
[pass] V450-S01 corrupt read/startup rejected
[pass] V450-C01 evidence setup
[pass] V450-C01 input setup
[pass] V450-Q01 worker ready
[pass] V450-Q01 exactly one worker thread
[pass] V450-Q01 accepted asynchronously
[pass] V450-Q01 active duplicate shares job
[pass] V450-Q01 queue slot 0
[pass] V450-Q01 queue slot 1
[pass] V450-Q01 queue slot 2
[pass] V450-Q01 queue slot 3
[pass] V450-Q01 queue four boundary
[pass] V450-Q01 other owner cannot cancel
[pass] V450-Q01 admin queued cancellation
[pass] V450-Q01 active cancellation
[pass] V450-Q01 queue continues after cancellation
[pass] V450-Q01 queue continues after cancellation
[pass] V450-Q01 queue continues after cancellation
[pass] V450-Q01 cancelled jobs never persist
[pass] V450-Q01 failure task admitted
[pass] V450-Q01 isolated failure 2
[pass] V450-Q01 failure task admitted
[pass] V450-Q01 isolated failure 3
[pass] V450-Q01 failure task admitted
[pass] V450-Q01 isolated failure 4
[pass] V450-Q01 invalid/missing/exception no result writes
[pass] V450-Q01 revocation task admitted
[pass] V450-Q01 current permission revocation aborts/no write
[pass] V450-Q01 status rechecks current channel scope
[pass] V450-Q01 worker usable after failures
[pass] V450-Q01 FD/thread counts return after failure workload and join
[pass] V450-Q01 shutdown stops admission
[pass] V450-Q01 restart expires process jobs without replay
[pass] V450-Q01 actual deadline task
[pass] V450-Q01 queue deadline task
[pass] V450-Q01 execution and waiting deadlines differ; expired queue not called
[pass] V450-Q01 finite terminal history 0
[pass] V450-Q01 finite terminal history 1
[pass] V450-Q01 finite terminal history 2
[pass] V450-Q01 finite terminal history 3
[pass] V450-Q01 finite terminal history 4
[pass] V450-Q01 finite terminal history 5
[pass] V450-Q01 finite terminal history 6
[pass] V450-Q01 finite terminal history 7
[pass] V450-Q01 old terminal metadata evicted
[pass] V450-Q01 blocking provider admitted
[pass] V450-Q01 media storage opens during provider wait
[pass] V450-Q01 actual writer starts
[pass] V450-Q01 actual recording finalized while provider waits
[pass] V450-Q01 actual search refresh proceeds
[pass] V450-Q01 independent time query returns recorded segment
[pass] V450-Q01 actual event append proceeds
[pass] V450-Q01 provider still pending during media/event/search progress
[pass] V450-Q01 cooperative cancellation joins worker within 500ms
[pass] V450-Q01 disabled never invokes provider
[pass] V450-L01 owned protocol fixture parent
[pass] V450-C01 evidence setup
[pass] V450-C01 input setup
[pass] V450-K03 same-target ordered endpoint observations reason=
[pass] V450-K03 partial observation plus insufficient and actual question reason=
[pass] V450-K03 normal empty groups and null confidence preserved
[pass] V450-K03 A duplicate claim coverage reason=claim-coverage
[pass] V450-K03 A duplicate claim ID reason=wire-shape
[pass] V450-K03 A paraphrased duplicate reason=claim-coverage
[pass] V450-K03 missing first claim ID reason=claim-id
[pass] V450-K03 unknown claim ID reason=claim-id
[pass] V450-K03 empty claim set reason=wire-shape
[pass] V450-K03 omitted original claim reason=claim-coverage
[pass] V450-K03 distinct claims with same verdict reason=
[pass] V450-K03 compound supported and insufficient reason=
[pass] V450-K03 compound contradicted and insufficient reason=
[pass] V450-K03 identical text at two distinct original spans is not global deduplication reason=
[pass] V450-K03 sixteen distinct original occurrences fit bounded slots and public group reason=
[pass] V450-K03 seventeenth claim slot rejected reason=wire-shape
[pass] V450-K03 allowed surrounding spaces reason=
[pass] V450-K03 B invisible endpoint cannot support movement reason=insufficient-observations
[pass] V450-K03 B hidden frame with position value reason=unobservable-property
[pass] V450-K03 single-frame movement reason=insufficient-observations
[pass] V450-K03 same timestamp is not temporal evidence reason=insufficient-observations
[pass] V450-K03 different target observations cannot combine reason=insufficient-observations
[pass] V450-K03 uncertain target match cannot combine reason=insufficient-observations
[pass] V450-K03 visible endpoints do not establish hidden interval reason=
[pass] V450-K03 visible absence can contradict a visibility claim reason=
[pass] V450-K03 single-frame color does not need two frames reason=
[pass] V450-K03 C question gap uses another target reason=gap-link
[pass] V450-K03 C question gap uses another property reason=gap-link
[pass] V450-K03 duplicate gap ID reason=wire-shape
[pass] V450-K03 duplicate question across gap kinds reason=duplicate-question
[pass] V450-K03 unneeded question on decisive claim reason=unexpected-gap
[pass] V450-K03 insufficient without actual gap reason=missing-gap
[pass] V450-K03 confidence without decisive evidence reason=uncertain-confidence
[pass] V450-K03 gap contradicts two usable endpoint observations reason=gap-requirement
[pass] V450-K03 strict fields/types/index/language counterexample reason=wire-shape
[pass] V450-K03 strict fields/types/index/language counterexample reason=claim-shape
[pass] V450-K03 strict fields/types/index/language counterexample reason=claim-shape
[pass] V450-K03 strict fields/types/index/language counterexample reason=observation-frame
[pass] V450-K03 strict fields/types/index/language counterexample reason=claim-shape
[pass] V450-K03 strict fields/types/index/language counterexample reason=claim-shape
[pass] V450-K03 strict fields/types/index/language counterexample reason=public-output
[pass] V450-K03 strict fields/types/index/language counterexample reason=observation-shape
[pass] V450-K03 strict fields/types/index/language counterexample reason=observation-value
[pass] V450-K03 strict gap/question counterexample reason=gap-frame
[pass] V450-K03 strict gap/question counterexample reason=gap-frame
[pass] V450-K03 strict gap/question counterexample reason=gap-link
[pass] V450-K03 strict gap/question counterexample reason=gap-link
[pass] V450-K03 strict gap/question counterexample reason=gap-link
[pass] V450-K03 strict gap/question counterexample reason=gap-link
[pass] V450-K03 strict gap/question counterexample reason=gap-kind
[pass] V450-K03 partial JSON is not recovered reason=wire-shape
[pass] V450-K03 multiple JSON roots are not truncated reason=wire-shape
[pass] V450-K03 duplicate root key reason=wire-shape
[pass] V450-K03 extra root key reason=wire-shape
[pass] V450-K03 wire byte ceiling reason=wire-shape
[pass] V450-K03 C legacy wrong-purpose text is structurally admissible and remains a semantic FAIL oracle reason=
[pass] V450-L01 exact local chat path
[pass] V450-L01 labeled image protocol
[pass] V450-L01 frame index bound to one original image
[pass] V450-L01 frame index bound to one original image
[pass] V450-K03 identical bounded schema in format and system prompt; not decoder enforcement evidence
[pass] V450-K03 generation schema contains only c0..c15 object keys
[pass] V450-K03 frame keys bounded to actual input
[pass] V450-L01 exact timing/order without source metadata
[pass] V450-L01 model digest before/after and actual adapter/prompt provenance
[pass] V450-L01 invalid envelope/wire/length/digest does not mutate output 1
[pass] V450-L01 exact local chat path
[pass] V450-L01 labeled image protocol
[pass] V450-L01 frame index bound to one original image
[pass] V450-L01 frame index bound to one original image
[pass] V450-K03 identical bounded schema in format and system prompt; not decoder enforcement evidence
[pass] V450-K03 generation schema contains only c0..c15 object keys
[pass] V450-K03 frame keys bounded to actual input
[pass] V450-L01 exact timing/order without source metadata
[pass] V450-L01 invalid envelope/wire/length/digest does not mutate output 2
[pass] V450-L01 exact local chat path
[pass] V450-L01 labeled image protocol
[pass] V450-L01 frame index bound to one original image
[pass] V450-L01 frame index bound to one original image
[pass] V450-K03 identical bounded schema in format and system prompt; not decoder enforcement evidence
[pass] V450-K03 generation schema contains only c0..c15 object keys
[pass] V450-K03 frame keys bounded to actual input
[pass] V450-L01 exact timing/order without source metadata
[pass] V450-L01 invalid envelope/wire/length/digest does not mutate output 3
[pass] V450-L01 exact local chat path
[pass] V450-L01 labeled image protocol
[pass] V450-L01 frame index bound to one original image
[pass] V450-L01 frame index bound to one original image
[pass] V450-K03 identical bounded schema in format and system prompt; not decoder enforcement evidence
[pass] V450-K03 generation schema contains only c0..c15 object keys
[pass] V450-K03 frame keys bounded to actual input
[pass] V450-L01 exact timing/order without source metadata
[pass] V450-L01 invalid envelope/wire/length/digest does not mutate output 4
[pass] V450-L01 exact local chat path
[pass] V450-L01 labeled image protocol
[pass] V450-L01 frame index bound to one original image
[pass] V450-L01 frame index bound to one original image
[pass] V450-K03 identical bounded schema in format and system prompt; not decoder enforcement evidence
[pass] V450-K03 generation schema contains only c0..c15 object keys
[pass] V450-K03 frame keys bounded to actual input
[pass] V450-L01 exact timing/order without source metadata
[pass] V450-L01 invalid envelope/wire/length/digest does not mutate output 5
[pass] V450-L01 exact local chat path
[pass] V450-L01 labeled image protocol
[pass] V450-L01 frame index bound to one original image
[pass] V450-L01 frame index bound to one original image
[pass] V450-K03 identical bounded schema in format and system prompt; not decoder enforcement evidence
[pass] V450-K03 generation schema contains only c0..c15 object keys
[pass] V450-K03 frame keys bounded to actual input
[pass] V450-L01 exact timing/order without source metadata
[pass] V450-L01 invalid envelope/wire/length/digest does not mutate output 6
[pass] V450-L01 exact local chat path
[pass] V450-L01 labeled image protocol
[pass] V450-L01 frame index bound to one original image
[pass] V450-L01 frame index bound to one original image
[pass] V450-K03 identical bounded schema in format and system prompt; not decoder enforcement evidence
[pass] V450-K03 generation schema contains only c0..c15 object keys
[pass] V450-K03 frame keys bounded to actual input
[pass] V450-L01 exact timing/order without source metadata
[pass] V450-L01 invalid envelope/wire/length/digest does not mutate output 7
[pass] V450-L01 exact local chat path
[pass] V450-L01 labeled image protocol
[pass] V450-L01 frame index bound to one original image
[pass] V450-L01 frame index bound to one original image
[pass] V450-K03 identical bounded schema in format and system prompt; not decoder enforcement evidence
[pass] V450-K03 generation schema contains only c0..c15 object keys
[pass] V450-K03 frame keys bounded to actual input
[pass] V450-L01 exact timing/order without source metadata
[pass] V450-L01 invalid envelope/wire/length/digest does not mutate output 8
[pass] V450-L01 off never sends
[pass] V450-L01 malformed endpoint before transport
[pass] V450-L01 malformed endpoint before transport
[pass] V450-L01 malformed endpoint before transport
[pass] V450-L01 malformed endpoint before transport
[pass] V450-L01 malformed endpoint before transport
[pass] V450-G01 unsupported provider never transmits
[pass] V450-G01 unsupported provider never transmits
[pass] V450-L01 cancelled before first transmission
[pass] V450-L01 expired deadline before first transmission
[pass] V450-L01 mutated PNG rejected before transmission
[pass] V450-K03 invalid wire job accepted for processing
[pass] V450-L01 exact local chat path
[pass] V450-L01 labeled image protocol
[pass] V450-L01 frame index bound to one original image
[pass] V450-L01 frame index bound to one original image
[pass] V450-K03 identical bounded schema in format and system prompt; not decoder enforcement evidence
[pass] V450-K03 generation schema contains only c0..c15 object keys
[pass] V450-K03 frame keys bounded to actual input
[pass] V450-L01 exact timing/order without source metadata
[pass] V450-K03 invalid duplicate model response never stored
[pass] V450-L01 actual curl stdin/stdout HTTP transport
[pass] V450-L01 actual HTTP 401 stable failure
[pass] V450-L01 actual HTTP 429 stable failure
[pass] V450-L01 actual HTTP 404 stable failure
[pass] V450-L01 actual HTTP 500 stable failure
[pass] V450-L01 actual HTTP redirect stable failure
[pass] V450-L01 actual HTTP large stable failure
[pass] V450-L01 actual transport deadline
[pass] V450-L01 actual transport cancellation
[pass] V450-L01 transport FD recovery after failures
[pass] V450-L01 no unreaped curl child
[pass] V450-N01 supported configured authority
[pass] V450-N01 supported configured authority
[pass] V450-N01 supported configured authority
[pass] V450-N01 supported configured authority
[pass] V450-N01 supported configured authority
[pass] V450-N01 supported configured authority
[pass] V450-N01 supported configured authority
[pass] V450-N01 malformed authority rejected
[pass] V450-N01 malformed authority rejected
[pass] V450-N01 malformed authority rejected
[pass] V450-N01 malformed authority rejected
[pass] V450-N01 malformed authority rejected
[pass] V450-N01 malformed authority rejected
[pass] V450-N01 malformed authority rejected
[pass] V450-N01 malformed authority rejected
[pass] V450-N01 malformed authority rejected
[pass] V450-N01 malformed authority rejected
[pass] V450-N01 malformed authority rejected
[pass] V450-N01 malformed authority rejected
[pass] V450-N01 malformed authority rejected
[pass] V450-N01 malformed authority rejected
[pass] V450-N01 malformed authority rejected
[pass] V450-N01 malformed authority rejected
[pass] V450-N01 malformed authority rejected
[pass] V450-N01 malformed authority rejected
[pass] V450-N01 malformed authority rejected
[pass] V450-N01 malformed authority rejected
[pass] V450-N01 malformed authority rejected
[pass] V450-N02 plaintext token rejected
[pass] V450-N02 CA on plaintext rejected
[pass] V450-N02 missing CA rejected
[pass] V450-N02 CA directory rejected
[pass] V450-N02 invalid credential rejected
[pass] V450-N02 invalid credential rejected
[pass] V450-N02 invalid credential rejected
[pass] V450-N02 invalid credential rejected
[pass] V450-N02 invalid credential rejected
[pass] V450-N02 bearer alphabet and padding accepted
[pass] V450-N01 isolated provider fixture
[pass] V450-C01 evidence setup
[pass] V450-C01 input setup
[pass] V450-N02 model discovery and chat receive same credentials and CA
[pass] V450-N02 model discovery and chat receive same credentials and CA
[pass] V450-N01 canonical chat path without credential in body
[pass] V450-N02 model discovery and chat receive same credentials and CA
[pass] V450-N01 remote configuration routes through synthetic transport only
[pass] V450-N02 HTTP bearer rejected before first provider call
[pass] V450-N01 malformed endpoint not repaired into accepted URL
[pass] V450-N02 local TLS fixture ports
[pass] V450-N02 actual trusted TLS and bearer
[pass] V450-N02 actual TLS without auth
[pass] V450-N02 wrong bearer has no retry
[pass] V450-N02 missing bearer rejected by gateway
[pass] V450-N02 TLS gateway error without output mutation
[pass] V450-N02 TLS gateway error without output mutation
[pass] V450-N02 malformed CA fails closed
[pass] V450-N02 untrusted certificate fails
[pass] V450-N02 certificate hostname mismatch fails
[pass] V450-N02 expired certificate fails
[pass] V450-N01 TLS redirect not followed
[pass] V450-N03 TLS deadline aborts
[pass] V450-N03 actual TLS cancellation
[pass] V450-N02 header injection refused
[pass] V450-N02 header injection refused
[pass] V450-N02 header injection refused
[pass] V450-N03 TLS FD baseline restored
[pass] V450-N03 TLS children reaped
[summary] pass=368 fail=0
[cleanup] removed=true
