[fixture] /private/var/folders/k0/qhmr6zdx11q0_41wfx4dsd200000gn/T/media-server-va-review-g_ul53hp
[source] include/recording/va_review_input.h 543fcaf1fd950927455e402b45f3747cdb95c81b8521daa4eb22ce4b87c1cc00
[source] include/recording/va_review_provider.h 6fbf72805fdfa7286946a7114adaba247ac042a653988b4259c5ef13cdfbe486
[source] include/recording/va_review_record.h 96f5ac21c232d0b7efcadc94d8472ea980e1c8828577753c77f892210059c27d
[source] include/recording/va_review_service.h c3c6f9c4a7ebab259af79b2ff16bf1f1e94a0c776d6f612e88cdcb27e9be0baa
[source] include/recording/va_review_store.h fcfad2a1c692321f5331b014357686abf871ab1b727ebc8093b5d339efc8c80a
[source] scripts/internal/va_review_quality_fixture.h 4a46b462b22cf71e092319f885724c67f7506a5a491068577ecd0d632dbe6d64
[source] scripts/internal/va_review_smoke.cpp c3256e4fd3e68e08d246df0bbd3896df15493de96630dbd41c03c159c65ef6cf
[source] scripts/internal/verify_va_review.sh cc718b514f21df8d040e0cd39a936a72dfcfac172584e5a99785c8b19ce8d5dc
[source] src/recording/va_review_input.cpp 840df39c6fc11ca99748f55dd1c55d598e060467354dd8fd0a48b1b197cd58f1
[source] src/recording/va_review_json.h 835cf40e95a3be8297ccf6edde1fbcf7c8aa5ffda3169f368195bc5667d065f3
[source] src/recording/va_review_provider.cpp 8ec460681169bc3ac01edfe36f79605c38201834229c5f54c112d951c3d56aa0
[source] src/recording/va_review_record.cpp 368f9adeeb606e6bae4a0faca9001fcaeadebfbe12f29a206f73dbeedbae7ee1
[source] src/recording/va_review_service.cpp 22777f26753c6ea64f65daaa603633a02bc0fd98036ce02460b84887a4edef0d
[source] src/recording/va_review_store.cpp 27cb631652d84eb98776cf0493959205fdb4888517cb70b6cc8e1d5a4108a0a4
[source] src/recording/va_review_transport.cpp c38058cffb6cca2b291d6de52bdbdd0c7298b308699c8291f6c242884090a422
[loopback] http://127.0.0.1:52037
[tls-fixture] loopback only; temporary CA; no system trust changes
[pass] V450-L01 owned protocol fixture parent
[pass] V450-C01 evidence setup
[pass] V450-C01 input setup
[pass] V450-K03 same-target ordered endpoint observations reason=
[pass] V450-K03 partial observation plus insufficient and actual question reason=
[pass] V450-K03 normal empty groups and null confidence preserved
[pass] V450-K03 A duplicate claim coverage reason=claim-coverage
[pass] V450-K03 A duplicate claim ID reason=wire-shape
[pass] V450-K03 A paraphrased duplicate reason=claim-coverage
[pass] V450-K03 missing first claim ID reason=claim-id
[pass] V450-K03 unknown claim ID reason=claim-id
[pass] V450-K03 empty claim set reason=wire-shape
[pass] V450-K03 omitted original claim reason=claim-coverage
[pass] V450-K03 distinct claims with same verdict reason=
[pass] V450-K03 compound supported and insufficient reason=
[pass] V450-K03 compound contradicted and insufficient reason=
[pass] V450-K03 identical text at two distinct original spans is not global deduplication reason=
[pass] V450-K03 allowed surrounding spaces reason=
[pass] V450-K03 B invisible endpoint cannot support movement reason=insufficient-observations
[pass] V450-K03 B hidden frame with position value reason=unobservable-property
[pass] V450-K03 single-frame movement reason=insufficient-observations
[pass] V450-K03 same timestamp is not temporal evidence reason=insufficient-observations
[pass] V450-K03 different target observations cannot combine reason=insufficient-observations
[pass] V450-K03 uncertain target match cannot combine reason=insufficient-observations
[pass] V450-K03 visible endpoints do not establish hidden interval reason=
[pass] V450-K03 visible absence can contradict a visibility claim reason=
[pass] V450-K03 single-frame color does not need two frames reason=
[pass] V450-K03 C question gap uses another target reason=gap-link
[pass] V450-K03 C question gap uses another property reason=gap-link
[pass] V450-K03 duplicate gap ID reason=wire-shape
[pass] V450-K03 duplicate question across gap kinds reason=duplicate-question
[pass] V450-K03 unneeded question on decisive claim reason=unexpected-gap
[pass] V450-K03 insufficient without actual gap reason=missing-gap
[pass] V450-K03 confidence without decisive evidence reason=uncertain-confidence
[pass] V450-K03 gap contradicts two usable endpoint observations reason=gap-requirement
[pass] V450-K03 strict fields/types/index/language counterexample reason=wire-shape
[pass] V450-K03 strict fields/types/index/language counterexample reason=claim-shape
[pass] V450-K03 strict fields/types/index/language counterexample reason=claim-shape
[pass] V450-K03 strict fields/types/index/language counterexample reason=observation-frame
[pass] V450-K03 strict fields/types/index/language counterexample reason=claim-shape
[pass] V450-K03 strict fields/types/index/language counterexample reason=claim-shape
[pass] V450-K03 strict fields/types/index/language counterexample reason=public-output
[pass] V450-K03 strict fields/types/index/language counterexample reason=observation-shape
[pass] V450-K03 strict fields/types/index/language counterexample reason=observation-value
[pass] V450-K03 strict gap/question counterexample reason=gap-frame
[pass] V450-K03 strict gap/question counterexample reason=gap-frame
[pass] V450-K03 strict gap/question counterexample reason=gap-link
[pass] V450-K03 strict gap/question counterexample reason=gap-link
[pass] V450-K03 strict gap/question counterexample reason=gap-link
[pass] V450-K03 strict gap/question counterexample reason=gap-link
[pass] V450-K03 strict gap/question counterexample reason=gap-kind
[pass] V450-K03 partial JSON is not recovered reason=wire-shape
[pass] V450-K03 multiple JSON roots are not truncated reason=wire-shape
[pass] V450-K03 duplicate root key reason=wire-shape
[pass] V450-K03 extra root key reason=wire-shape
[pass] V450-K03 wire byte ceiling reason=wire-shape
[pass] V450-K03 C legacy wrong-purpose text is structurally admissible and remains a semantic FAIL oracle reason=
[pass] V450-L01 exact local chat path
[pass] V450-L01 labeled image protocol
[pass] V450-L01 frame index bound to one original image
[pass] V450-L01 frame index bound to one original image
[pass] V450-K03 identical bounded schema in format and system prompt; not decoder enforcement evidence
[pass] V450-K03 generation schema contains only c0..c15 object keys
[pass] V450-K03 frame keys bounded to actual input
[pass] V450-L01 exact timing/order without source metadata
[pass] V450-L01 model digest before/after and actual adapter/prompt provenance
[pass] V450-L01 invalid envelope/wire/length/digest does not mutate output 1
[pass] V450-L01 exact local chat path
[pass] V450-L01 labeled image protocol
[pass] V450-L01 frame index bound to one original image
[pass] V450-L01 frame index bound to one original image
[pass] V450-K03 identical bounded schema in format and system prompt; not decoder enforcement evidence
[pass] V450-K03 generation schema contains only c0..c15 object keys
[pass] V450-K03 frame keys bounded to actual input
[pass] V450-L01 exact timing/order without source metadata
[pass] V450-L01 invalid envelope/wire/length/digest does not mutate output 2
[pass] V450-L01 exact local chat path
[pass] V450-L01 labeled image protocol
[pass] V450-L01 frame index bound to one original image
[pass] V450-L01 frame index bound to one original image
[pass] V450-K03 identical bounded schema in format and system prompt; not decoder enforcement evidence
[pass] V450-K03 generation schema contains only c0..c15 object keys
[pass] V450-K03 frame keys bounded to actual input
[pass] V450-L01 exact timing/order without source metadata
[pass] V450-L01 invalid envelope/wire/length/digest does not mutate output 3
[pass] V450-L01 exact local chat path
[pass] V450-L01 labeled image protocol
[pass] V450-L01 frame index bound to one original image
[pass] V450-L01 frame index bound to one original image
[pass] V450-K03 identical bounded schema in format and system prompt; not decoder enforcement evidence
[pass] V450-K03 generation schema contains only c0..c15 object keys
[pass] V450-K03 frame keys bounded to actual input
[pass] V450-L01 exact timing/order without source metadata
[pass] V450-L01 invalid envelope/wire/length/digest does not mutate output 4
[pass] V450-L01 exact local chat path
[pass] V450-L01 labeled image protocol
[pass] V450-L01 frame index bound to one original image
[pass] V450-L01 frame index bound to one original image
[pass] V450-K03 identical bounded schema in format and system prompt; not decoder enforcement evidence
[pass] V450-K03 generation schema contains only c0..c15 object keys
[pass] V450-K03 frame keys bounded to actual input
[pass] V450-L01 exact timing/order without source metadata
[pass] V450-L01 invalid envelope/wire/length/digest does not mutate output 5
[pass] V450-L01 exact local chat path
[pass] V450-L01 labeled image protocol
[pass] V450-L01 frame index bound to one original image
[pass] V450-L01 frame index bound to one original image
[pass] V450-K03 identical bounded schema in format and system prompt; not decoder enforcement evidence
[pass] V450-K03 generation schema contains only c0..c15 object keys
[pass] V450-K03 frame keys bounded to actual input
[pass] V450-L01 exact timing/order without source metadata
[pass] V450-L01 invalid envelope/wire/length/digest does not mutate output 6
[pass] V450-L01 exact local chat path
[pass] V450-L01 labeled image protocol
[pass] V450-L01 frame index bound to one original image
[pass] V450-L01 frame index bound to one original image
[pass] V450-K03 identical bounded schema in format and system prompt; not decoder enforcement evidence
[pass] V450-K03 generation schema contains only c0..c15 object keys
[pass] V450-K03 frame keys bounded to actual input
[pass] V450-L01 exact timing/order without source metadata
[pass] V450-L01 invalid envelope/wire/length/digest does not mutate output 7
[pass] V450-L01 exact local chat path
[pass] V450-L01 labeled image protocol
[pass] V450-L01 frame index bound to one original image
[pass] V450-L01 frame index bound to one original image
[pass] V450-K03 identical bounded schema in format and system prompt; not decoder enforcement evidence
[pass] V450-K03 generation schema contains only c0..c15 object keys
[pass] V450-K03 frame keys bounded to actual input
[pass] V450-L01 exact timing/order without source metadata
[pass] V450-L01 invalid envelope/wire/length/digest does not mutate output 8
[pass] V450-L01 off never sends
[pass] V450-L01 malformed endpoint before transport
[pass] V450-L01 malformed endpoint before transport
[pass] V450-L01 malformed endpoint before transport
[pass] V450-L01 malformed endpoint before transport
[pass] V450-L01 malformed endpoint before transport
[pass] V450-G01 unsupported provider never transmits
[pass] V450-G01 unsupported provider never transmits
[pass] V450-L01 cancelled before first transmission
[pass] V450-L01 expired deadline before first transmission
[pass] V450-L01 mutated PNG rejected before transmission
[pass] V450-K03 invalid wire job accepted for processing
[pass] V450-L01 exact local chat path
[pass] V450-L01 labeled image protocol
[pass] V450-L01 frame index bound to one original image
[pass] V450-L01 frame index bound to one original image
[pass] V450-K03 identical bounded schema in format and system prompt; not decoder enforcement evidence
[pass] V450-K03 generation schema contains only c0..c15 object keys
[pass] V450-K03 frame keys bounded to actual input
[pass] V450-L01 exact timing/order without source metadata
[pass] V450-K03 invalid duplicate model response never stored
[pass] V450-L01 actual curl stdin/stdout HTTP transport
[pass] V450-L01 actual HTTP 401 stable failure
[pass] V450-L01 actual HTTP 429 stable failure
[pass] V450-L01 actual HTTP 404 stable failure
[pass] V450-L01 actual HTTP 500 stable failure
[pass] V450-L01 actual HTTP redirect stable failure
[pass] V450-L01 actual HTTP large stable failure
[pass] V450-L01 actual transport deadline
[pass] V450-L01 actual transport cancellation
[pass] V450-L01 transport FD recovery after failures
[pass] V450-L01 no unreaped curl child
[summary] pass=162 fail=0
[cleanup] removed=true
