[fixture] /private/var/folders/k0/qhmr6zdx11q0_41wfx4dsd200000gn/T/media-server-va-review-rzzzo9z7
[source] include/recording/va_review_input.h 543fcaf1fd950927455e402b45f3747cdb95c81b8521daa4eb22ce4b87c1cc00
[source] include/recording/va_review_provider.h 6fbf72805fdfa7286946a7114adaba247ac042a653988b4259c5ef13cdfbe486
[source] include/recording/va_review_record.h 96f5ac21c232d0b7efcadc94d8472ea980e1c8828577753c77f892210059c27d
[source] include/recording/va_review_service.h c3c6f9c4a7ebab259af79b2ff16bf1f1e94a0c776d6f612e88cdcb27e9be0baa
[source] include/recording/va_review_store.h fcfad2a1c692321f5331b014357686abf871ab1b727ebc8093b5d339efc8c80a
[source] scripts/internal/va_review_contract_replay.json 1aab5af5f30f3c45924a59845af542458058dc242da84c0e1dea5c9084f908b8
[source] scripts/internal/va_review_quality_fixture.h 4a46b462b22cf71e092319f885724c67f7506a5a491068577ecd0d632dbe6d64
[source] scripts/internal/va_review_smoke.cpp 41a628be95b772448071940f672bf82b3ff4fbabf6bfda01092044bad7a9a3f3
[source] scripts/internal/verify_va_review.sh 99c5d0a5c6a4f8204db2cba95ecf7182eea2ed26f79975883ab3a1985ce2992e
[source] src/recording/va_review_input.cpp 840df39c6fc11ca99748f55dd1c55d598e060467354dd8fd0a48b1b197cd58f1
[source] src/recording/va_review_json.h 835cf40e95a3be8297ccf6edde1fbcf7c8aa5ffda3169f368195bc5667d065f3
[source] src/recording/va_review_provider.cpp b858b651cabe6e8c7c2264c89ed1c3715af30fda5c86332cea2ad2220d3ce5c3
[source] src/recording/va_review_record.cpp 01e3a5a833b5d9201f6ec9aa1273e0fae1d58bb88d62c94fa684f5ac3bcb457f
[source] src/recording/va_review_service.cpp 22777f26753c6ea64f65daaa603633a02bc0fd98036ce02460b84887a4edef0d
[source] src/recording/va_review_store.cpp 27cb631652d84eb98776cf0493959205fdb4888517cb70b6cc8e1d5a4108a0a4
[source] src/recording/va_review_transport.cpp c38058cffb6cca2b291d6de52bdbdd0c7298b308699c8291f6c242884090a422
/Users/dhseo/Workspace/mediaServer/scripts/internal/va_review_smoke.cpp:517:19: error: variable 'frames' is used uninitialized whenever '&&' condition is false [-Werror,-Wsometimes-uninitialized]
  517 |             Check(Parse(raw,&item)&&Text(item,"id",&id)&&Text(item,"claim",&claim)&&Number(item,"frames",&frames)&&frames>=1&&frames<=8&&
      |                   ^~~~~~~~~~~~~~~~~~~~~~~~~~~~~~~~~~~~~~~~~~~~~~~~~~~~~~~~~~~~~~~~
/Users/dhseo/Workspace/mediaServer/scripts/internal/va_review_smoke.cpp:519:63: note: uninitialized use occurs here
  519 |             input.question=claim;input.manifest.frames.resize(frames);
      |                                                               ^~~~~~
/Users/dhseo/Workspace/mediaServer/scripts/internal/va_review_smoke.cpp:517:19: note: remove the '&&' if its condition is always true
  517 |             Check(Parse(raw,&item)&&Text(item,"id",&id)&&Text(item,"claim",&claim)&&Number(item,"frames",&frames)&&frames>=1&&frames<=8&&
      |                   ^~~~~~~~~~~~~~~~~~~~~~~~~~~~~~~~~~~~~~~~~~~~~~~~~~~~~~~~~~~~~~~~~~
/Users/dhseo/Workspace/mediaServer/scripts/internal/va_review_smoke.cpp:517:19: error: variable 'frames' is used uninitialized whenever '&&' condition is false [-Werror,-Wsometimes-uninitialized]
  517 |             Check(Parse(raw,&item)&&Text(item,"id",&id)&&Text(item,"claim",&claim)&&Number(item,"frames",&frames)&&frames>=1&&frames<=8&&
      |                   ^~~~~~~~~~~~~~~~~~~~~~~~~~~~~~~~~~~~~
/Users/dhseo/Workspace/mediaServer/scripts/internal/va_review_smoke.cpp:519:63: note: uninitialized use occurs here
  519 |             input.question=claim;input.manifest.frames.resize(frames);
      |                                                               ^~~~~~
/Users/dhseo/Workspace/mediaServer/scripts/internal/va_review_smoke.cpp:517:19: note: remove the '&&' if its condition is always true
  517 |             Check(Parse(raw,&item)&&Text(item,"id",&id)&&Text(item,"claim",&claim)&&Number(item,"frames",&frames)&&frames>=1&&frames<=8&&
      |                   ^~~~~~~~~~~~~~~~~~~~~~~~~~~~~~~~~~~~~~~
/Users/dhseo/Workspace/mediaServer/scripts/internal/va_review_smoke.cpp:517:19: error: variable 'frames' is used uninitialized whenever '&&' condition is false [-Werror,-Wsometimes-uninitialized]
  517 |             Check(Parse(raw,&item)&&Text(item,"id",&id)&&Text(item,"claim",&claim)&&Number(item,"frames",&frames)&&frames>=1&&frames<=8&&
      |                   ^~~~~~~~~~~~~~~~
/Users/dhseo/Workspace/mediaServer/scripts/internal/va_review_smoke.cpp:519:63: note: uninitialized use occurs here
  519 |             input.question=claim;input.manifest.frames.resize(frames);
      |                                                               ^~~~~~
/Users/dhseo/Workspace/mediaServer/scripts/internal/va_review_smoke.cpp:517:19: note: remove the '&&' if its condition is always true
  517 |             Check(Parse(raw,&item)&&Text(item,"id",&id)&&Text(item,"claim",&claim)&&Number(item,"frames",&frames)&&frames>=1&&frames<=8&&
      |                   ^~~~~~~~~~~~~~~~~~
/Users/dhseo/Workspace/mediaServer/scripts/internal/va_review_smoke.cpp:516:73: note: initialize the variable 'frames' to silence this warning
  516 |             Doc item;std::string id,claim,source_hash;std::size_t frames;
      |                                                                         ^
      |                                                                          = 0
3 errors generated.
[cleanup] removed=true
Traceback (most recent call last):
  File "<stdin>", line 37, in <module>
  File "/opt/homebrew/Cellar/python@3.14/3.14.4/Frameworks/Python.framework/Versions/3.14/lib/python3.14/subprocess.py", line 578, in run
    raise CalledProcessError(retcode, process.args,
                             output=stdout, stderr=stderr)
subprocess.CalledProcessError: Command '['c++', '-std=c++17', '-Wall', '-Wextra', '-Werror', '-pthread', '-I/Users/dhseo/Workspace/mediaServer/include', '-DMEDIA_SERVER_USE_OPENSSL=1', '-DMEDIA_SERVER_USE_SQLITE3=1', '-DMEDIA_SERVER_USE_GSTREAMER=1', '-DMEDIA_SERVER_ENABLE_RECORDING_GENERATION_BACKEND=1', '-I/opt/homebrew/Cellar/openssl@3/3.6.2/include', '-I/opt/homebrew/Cellar/gstreamer/1.28.1/include/gstreamer-1.0', '-I/opt/homebrew/Cellar/glib/2.86.4/include', '-I/Library/Developer/CommandLineTools/SDKs/MacOSX26.sdk/usr/include/ffi', '-I/opt/homebrew/Cellar/glib/2.86.4/include/glib-2.0', '-I/opt/homebrew/Cellar/glib/2.86.4/lib/glib-2.0/include', '-I/opt/homebrew/opt/gettext/include', '-I/opt/homebrew/Cellar/pcre2/10.47_1/include', '/Users/dhseo/Workspace/mediaServer/scripts/internal/va_review_smoke.cpp', '/Users/dhseo/Workspace/mediaServer/build-gst-onnx/libmedia_server_runtime.a', '/Library/Developer/CommandLineTools/SDKs/MacOSX.sdk/usr/lib/libz.tbd', '/opt/homebrew/Cellar/gstreamer/1.28.1/lib/libgstrtspserver-1.0.dylib', '/opt/homebrew/Cellar/gstreamer/1.28.1/lib/libgstapp-1.0.dylib', '/opt/homebrew/Cellar/gstreamer/1.28.1/lib/libgstwebrtc-1.0.dylib', '/opt/homebrew/Cellar/gstreamer/1.28.1/lib/libgstsdp-1.0.dylib', '/opt/homebrew/Cellar/gstreamer/1.28.1/lib/libgstpbutils-1.0.dylib', '/opt/homebrew/Cellar/gstreamer/1.28.1/lib/libgstaudio-1.0.dylib', '/opt/homebrew/Cellar/gstreamer/1.28.1/lib/libgstvideo-1.0.dylib', '/opt/homebrew/Cellar/gstreamer/1.28.1/lib/libgstbase-1.0.dylib', '/opt/homebrew/Cellar/gstreamer/1.28.1/lib/libgstreamer-1.0.dylib', '/opt/homebrew/Cellar/pango/1.57.0_2/lib/libpangocairo-1.0.dylib', '/opt/homebrew/Cellar/pango/1.57.0_2/lib/libpango-1.0.dylib', '/opt/homebrew/Cellar/cairo/1.18.4/lib/libcairo.dylib', '/opt/homebrew/Cellar/harfbuzz/13.1.1/lib/libharfbuzz.dylib', '/opt/homebrew/Cellar/glib/2.86.4/lib/libgobject-2.0.dylib', '/Library/Developer/CommandLineTools/SDKs/MacOSX.sdk/usr/lib/libsqlite3.tbd', '/opt/homebrew/Cellar/libsodium/1.0.21/lib/libsodium.dylib', '/opt/homebrew/Cellar/openssl@3/3.6.2/lib/libssl.dylib', '/opt/homebrew/Cellar/openssl@3/3.6.2/lib/libcrypto.dylib', '/opt/homebrew/lib/libonnxruntime.dylib', '/Users/dhseo/Workspace/mediaServer/third_party/v430-embedding/sentencepiece/lib/libsentencepiece.a', '/opt/homebrew/Cellar/glib/2.86.4/lib/libglib-2.0.dylib', '/opt/homebrew/opt/gettext/lib/libintl.dylib', '-o', '/private/var/folders/k0/qhmr6zdx11q0_41wfx4dsd200000gn/T/media-server-va-review-rzzzo9z7/smoke']' returned non-zero exit status 1.
