[fixture] /private/var/folders/k0/qhmr6zdx11q0_41wfx4dsd200000gn/T/media-server-va-review-g6y2uxn6
[source] include/recording/va_review_input.h 543fcaf1fd950927455e402b45f3747cdb95c81b8521daa4eb22ce4b87c1cc00
[source] include/recording/va_review_provider.h 6fbf72805fdfa7286946a7114adaba247ac042a653988b4259c5ef13cdfbe486
[source] include/recording/va_review_record.h 96f5ac21c232d0b7efcadc94d8472ea980e1c8828577753c77f892210059c27d
[source] include/recording/va_review_service.h c3c6f9c4a7ebab259af79b2ff16bf1f1e94a0c776d6f612e88cdcb27e9be0baa
[source] include/recording/va_review_store.h fcfad2a1c692321f5331b014357686abf871ab1b727ebc8093b5d339efc8c80a
[source] scripts/internal/va_review_cause_diagnostic.h c0e1e0f727bbaa66e5aac17ac38f4392cdfa53d0a693626df96b99e49920250a
[source] scripts/internal/va_review_contract_replay.json 1aab5af5f30f3c45924a59845af542458058dc242da84c0e1dea5c9084f908b8
[source] scripts/internal/va_review_quality_fixture.h 4a46b462b22cf71e092319f885724c67f7506a5a491068577ecd0d632dbe6d64
[source] scripts/internal/va_review_smoke.cpp 4399f4b2847b01543a8f4aa4b610d12e542879c444a3688d7946daaad84c5292
[source] scripts/internal/verify_va_review.sh 94b8236fc7ccd820ef730d1a7d42a7d341546239a3605dfd43a4704f0080d947
[source] src/recording/va_review_input.cpp 840df39c6fc11ca99748f55dd1c55d598e060467354dd8fd0a48b1b197cd58f1
[source] src/recording/va_review_json.h 835cf40e95a3be8297ccf6edde1fbcf7c8aa5ffda3169f368195bc5667d065f3
[source] src/recording/va_review_provider.cpp b858b651cabe6e8c7c2264c89ed1c3715af30fda5c86332cea2ad2220d3ce5c3
[source] src/recording/va_review_record.cpp 01e3a5a833b5d9201f6ec9aa1273e0fae1d58bb88d62c94fa684f5ac3bcb457f
[source] src/recording/va_review_service.cpp 22777f26753c6ea64f65daaa603633a02bc0fd98036ce02460b84887a4edef0d
[source] src/recording/va_review_store.cpp 27cb631652d84eb98776cf0493959205fdb4888517cb70b6cc8e1d5a4108a0a4
[source] src/recording/va_review_transport.cpp c38058cffb6cca2b291d6de52bdbdd0c7298b308699c8291f6c242884090a422
[pass] V450-K04 model digest source
[pass] V450-K04 owned evidence store
[pass] V450-K04 isolated original input
[pass] V450-K04 product request captured with zero network calls
[pass] V450-K04 captured messages
[pass] V450-K04 original user content
[pass] V450-K04 frame label
[pass] V450-K04 planned messages
[pass] V450-K04 planned prompt
[pass] V450-K04 product request captured with zero network calls
[pass] V450-K04 captured messages
[pass] V450-K04 original user content
[pass] V450-K04 frame label
[pass] V450-K04 planned messages
[pass] V450-K04 planned prompt
[pass] V450-K04 isolated original input
[pass] V450-K04 product request captured with zero network calls
[pass] V450-K04 captured messages
[pass] V450-K04 original user content
[pass] V450-K04 frame label
[pass] V450-K04 planned messages
[pass] V450-K04 planned prompt
[pass] V450-K04 product request captured with zero network calls
[pass] V450-K04 captured messages
[pass] V450-K04 original user content
[pass] V450-K04 frame label
[pass] V450-K04 planned messages
[pass] V450-K04 planned prompt
[pass] V450-K04 isolated original input
[pass] V450-K04 product request captured with zero network calls
[pass] V450-K04 captured messages
[pass] V450-K04 original user content
[pass] V450-K04 frame label
[pass] V450-K04 frame label
[pass] V450-K04 planned messages
[pass] V450-K04 planned prompt
[pass] V450-K04 product request captured with zero network calls
[pass] V450-K04 captured messages
[pass] V450-K04 original user content
[pass] V450-K04 frame label
[pass] V450-K04 frame label
[pass] V450-K04 planned messages
[pass] V450-K04 planned prompt
[pass] V450-K04 isolated original input
[pass] V450-K04 product request captured with zero network calls
[pass] V450-K04 captured messages
[pass] V450-K04 original user content
[pass] V450-K04 frame label
[pass] V450-K04 frame label
[pass] V450-K04 planned messages
[pass] V450-K04 planned prompt
[pass] V450-K04 product request captured with zero network calls
[pass] V450-K04 captured messages
[pass] V450-K04 original user content
[pass] V450-K04 frame label
[pass] V450-K04 frame label
[pass] V450-K04 planned messages
[pass] V450-K04 planned prompt
[pass] V450-K04 isolated original input
[pass] V450-K04 product request captured with zero network calls
[pass] V450-K04 captured messages
[pass] V450-K04 original user content
[pass] V450-K04 frame label
[pass] V450-K04 frame label
[pass] V450-K04 planned messages
[pass] V450-K04 planned prompt
[pass] V450-K04 product request captured with zero network calls
[pass] V450-K04 captured messages
[pass] V450-K04 original user content
[pass] V450-K04 frame label
[pass] V450-K04 frame label
[pass] V450-K04 planned messages
[pass] V450-K04 planned prompt
[pass] V450-K04 isolated original input
[pass] V450-K04 product request captured with zero network calls
[pass] V450-K04 captured messages
[pass] V450-K04 original user content
[pass] V450-K04 frame label
[pass] V450-K04 frame label
[pass] V450-K04 planned messages
[pass] V450-K04 planned prompt
[pass] V450-K04 product request captured with zero network calls
[pass] V450-K04 captured messages
[pass] V450-K04 original user content
[pass] V450-K04 frame label
[pass] V450-K04 frame label
[pass] V450-K04 planned messages
[pass] V450-K04 planned prompt
[pass] V450-K04 four originals and twelve planned calls
[pass] V450-K04 original response provenance
[pass] V450-K04 reconstructed A request byte hash equals run35
[cause-receiver] {"id":"one-motion","kind":"unmodified-run35-content","wireSha256":"a4449aee87b96602f6ad40ab975ab3663d049143031410a5152eff442848dc18","accepted":true,"reason":"","qualityPass":false}
[pass] V450-K04 receiver behavior reproduced; not quality PASS
[cause-receiver] {"id":"one-motion-position-ordered-endpoints","kind":"synthetic-property-basis-only","wireSha256":"615c56d6ca0c2aa55c6a8fe765048832ed4479d15764e321f06a5495e6b876b9","accepted":false,"reason":"insufficient-observations","qualityPass":false}
[pass] V450-K04 receiver behavior reproduced; not quality PASS
[pass] V450-K04 original response provenance
[pass] V450-K04 reconstructed A request byte hash equals run35
[cause-receiver] {"id":"one-direction","kind":"unmodified-run35-content","wireSha256":"801357328cc52d0ee3175104ee55ff5700c4c6fde8180d9cd1ccdcc10d3ee2c7","accepted":true,"reason":"","qualityPass":false}
[pass] V450-K04 receiver behavior reproduced; not quality PASS
[pass] V450-K04 original response provenance
[pass] V450-K04 reconstructed A request byte hash equals run35
[cause-receiver] {"id":"blank-hidden","kind":"unmodified-run35-content","wireSha256":"24818d808810b9e4086dba37ec1345598976a96fa77afc35fadd045b1fdd14c9","accepted":false,"reason":"insufficient-observations","qualityPass":false}
[pass] V450-K04 receiver behavior reproduced; not quality PASS
[pass] V450-K04 original response provenance
[pass] V450-K04 reconstructed A request byte hash equals run35
[cause-receiver] {"id":"occluded-final","kind":"unmodified-run35-content","wireSha256":"17aac6c90a4d25cb5df378acf061676ad044f4e3f5729daac893ce016c2630b0","accepted":true,"reason":"","qualityPass":false}
[pass] V450-K04 receiver behavior reproduced; not quality PASS
[pass] V450-K04 hidden original
[pass] V450-K04 original property literal
[cause-receiver] {"id":"hidden-movement-position","kind":"synthetic-property-only","wireSha256":"f3682be9aa1de12ea40b95d5c38aa02cfc8ce81c393586b19572b231efd214fe","accepted":false,"reason":"unobservable-property","qualityPass":false}
[pass] V450-K04 receiver behavior reproduced; not quality PASS
[cause-receiver] {"id":"static-color","kind":"synthetic-control","wireSha256":"d4381fb3e9e0604c53fe549068653fbc31f0eb6af2d5ab511336401a22440549","accepted":true,"reason":"","qualityPass":false}
[pass] V450-K04 receiver behavior reproduced; not quality PASS
[cause-receiver] {"id":"visibility-absence","kind":"synthetic-control","wireSha256":"3717457f0df695ea9aa1d872c6682bc153df379d180a6b874997dbdd07df7d74","accepted":true,"reason":"","qualityPass":false}
[pass] V450-K04 receiver behavior reproduced; not quality PASS
[pass] V450-K04 budget counterexample within input/wire bytes
[cause-receiver] {"id":"budget-16-0-0","kind":"synthetic-budget","wireSha256":"3cb1845fc9e45cbee83d69df2e32123ef347510e35d4eabea22012b24ebdcb49","accepted":true,"reason":"","qualityPass":false}
[pass] V450-K04 receiver behavior reproduced; not quality PASS
[cause-budget] {"claims":16,"supports":16,"unclear":0,"questions":0,"accepted":true}
[pass] V450-K04 budget counterexample within input/wire bytes
[cause-receiver] {"id":"budget-0-8-1","kind":"synthetic-budget","wireSha256":"5c0891ee066ef1f0202a2cab3a4030f3fe43adcc55d318e46fe9531c48d0853c","accepted":true,"reason":"","qualityPass":false}
[pass] V450-K04 receiver behavior reproduced; not quality PASS
[cause-budget] {"claims":8,"supports":0,"unclear":16,"questions":8,"accepted":true}
[pass] V450-K04 budget counterexample within input/wire bytes
[cause-receiver] {"id":"budget-0-9-1","kind":"synthetic-budget","wireSha256":"38251dc8d775dd95307e7b661f947634a278c4847eb1a9148425c4a6e6f37d0b","accepted":false,"reason":"public-output","qualityPass":false}
[pass] V450-K04 receiver behavior reproduced; not quality PASS
[pass] V450-K04 earlier claim checks pass; public output rejects
[cause-budget] {"claims":9,"supports":0,"unclear":18,"questions":9,"accepted":false}
[pass] V450-K04 budget counterexample within input/wire bytes
[cause-receiver] {"id":"budget-7-5-2","kind":"synthetic-budget","wireSha256":"3829401db4cab30325ecc452be402069486f2a92af09ae1fa4f0916c6bd6e802","accepted":true,"reason":"","qualityPass":false}
[pass] V450-K04 receiver behavior reproduced; not quality PASS
[cause-budget] {"claims":12,"supports":7,"unclear":15,"questions":10,"accepted":true}
[pass] V450-K04 budget counterexample within input/wire bytes
[cause-receiver] {"id":"budget-7-6-2","kind":"synthetic-budget","wireSha256":"5925ed67c7f787e83606e95668a745ea592e0d5813f7dc08c4d27b77e5399be4","accepted":false,"reason":"public-output","qualityPass":false}
[pass] V450-K04 receiver behavior reproduced; not quality PASS
[pass] V450-K04 earlier claim checks pass; public output rejects
[cause-budget] {"claims":13,"supports":7,"unclear":18,"questions":12,"accepted":false}
[cause-offline] actualModelCalls=0 productQualityPass=false planSha256=76d335fcab4209ab434d621afaf56c96bc8777390435f51e8e121a4c4464df97
[summary] pass=119 fail=0
[cause-plan-preserved] 76d335fcab4209ab434d621afaf56c96bc8777390435f51e8e121a4c4464df97
[cleanup] removed=true
