-- Configuring done (0.1s)
-- Generating done (0.0s)
-- Build files have been written to: /Users/dhseo/Workspace/mediaServer/build-gst-onnx
[  0%] Building CXX object CMakeFiles/media_server_runtime.dir/src/recording/va_review_core.cpp.o
[  1%] Building CXX object CMakeFiles/media_server_runtime.dir/src/recording/va_review_observer.cpp.o
/Users/dhseo/Workspace/mediaServer/src/recording/va_review_observer.cpp:30:72: error: non-constant-expression cannot be narrowed from type 'int' to 'unsigned int' in initializer list [-Wc++11-narrowing]
   30 |     for(const auto& f:input.manifest.frames)frames.push_back({f.pts_ns,f.width,f.height,f.png_sha256});return frames;}
      |                                                                        ^~~~~~~
/Users/dhseo/Workspace/mediaServer/src/recording/va_review_observer.cpp:30:72: note: insert an explicit cast to silence this issue
   30 |     for(const auto& f:input.manifest.frames)frames.push_back({f.pts_ns,f.width,f.height,f.png_sha256});return frames;}
      |                                                                        ^~~~~~~
      |                                                                        static_cast<unsigned int>( )
/Users/dhseo/Workspace/mediaServer/src/recording/va_review_observer.cpp:30:80: error: non-constant-expression cannot be narrowed from type 'int' to 'unsigned int' in initializer list [-Wc++11-narrowing]
   30 |     for(const auto& f:input.manifest.frames)frames.push_back({f.pts_ns,f.width,f.height,f.png_sha256});return frames;}
      |                                                                                ^~~~~~~~
/Users/dhseo/Workspace/mediaServer/src/recording/va_review_observer.cpp:30:80: note: insert an explicit cast to silence this issue
   30 |     for(const auto& f:input.manifest.frames)frames.push_back({f.pts_ns,f.width,f.height,f.png_sha256});return frames;}
      |                                                                                ^~~~~~~~
      |                                                                                static_cast<unsigned int>( )
2 errors generated.
make[3]: *** [CMakeFiles/media_server_runtime.dir/src/recording/va_review_observer.cpp.o] Error 1
make[3]: *** Waiting for unfinished jobs....
make[2]: *** [CMakeFiles/media_server_runtime.dir/all] Error 2
make[1]: *** [CMakeFiles/media_server_runtime.dir/rule] Error 2
make: *** [media_server_runtime] Error 2
