[fixture] /private/var/folders/k0/qhmr6zdx11q0_41wfx4dsd200000gn/T/media-server-va-review-9xo79abx
[source] include/recording/va_review_core.h 50c724572c96fc78b8013157cb91005b592282ac7f91c2be925c1a9b81d72498
[source] include/recording/va_review_input.h 543fcaf1fd950927455e402b45f3747cdb95c81b8521daa4eb22ce4b87c1cc00
[source] include/recording/va_review_observer.h 3aba40c8dcce3b79ee771cae2dfa0527a5435e99aff516d1bbccbb01dd9968ce
[source] include/recording/va_review_provider.h 6fbf72805fdfa7286946a7114adaba247ac042a653988b4259c5ef13cdfbe486
[source] include/recording/va_review_record.h 96f5ac21c232d0b7efcadc94d8472ea980e1c8828577753c77f892210059c27d
[source] include/recording/va_review_service.h c3c6f9c4a7ebab259af79b2ff16bf1f1e94a0c776d6f612e88cdcb27e9be0baa
[source] include/recording/va_review_store.h fcfad2a1c692321f5331b014357686abf871ab1b727ebc8093b5d339efc8c80a
[source] scripts/internal/va_review_cause_diagnostic.h c0e1e0f727bbaa66e5aac17ac38f4392cdfa53d0a693626df96b99e49920250a
[source] scripts/internal/va_review_contract_replay.json 1aab5af5f30f3c45924a59845af542458058dc242da84c0e1dea5c9084f908b8
[source] scripts/internal/va_review_core_checks.h dcf2ceba66aa03b8af3503159fde014b8c752443b3da8e43743860d5a2110a34
[source] scripts/internal/va_review_quality_fixture.h 4a46b462b22cf71e092319f885724c67f7506a5a491068577ecd0d632dbe6d64
[source] scripts/internal/va_review_smoke.cpp d33387f963563eecabbb109e0473f7bf4e6cb28028291719112786fe89f21d49
[source] scripts/internal/verify_va_review.sh ecf8fae388bac4939e8b2c7e4d41354077b9f0477879d085a76f3cff32408175
[source] src/recording/va_review_core.cpp 8eb3d9fcb91187c0f1817a81e7baeca3c225b04d67511d0976a2df693b2a2ce1
[source] src/recording/va_review_input.cpp 840df39c6fc11ca99748f55dd1c55d598e060467354dd8fd0a48b1b197cd58f1
[source] src/recording/va_review_json.h 835cf40e95a3be8297ccf6edde1fbcf7c8aa5ffda3169f368195bc5667d065f3
[source] src/recording/va_review_observer.cpp 84bc90844171d15ecd90cf3c9721021f48fffd59c54563daadbd6eaf7d9fef1a
[source] src/recording/va_review_provider.cpp b858b651cabe6e8c7c2264c89ed1c3715af30fda5c86332cea2ad2220d3ce5c3
[source] src/recording/va_review_record.cpp 01e3a5a833b5d9201f6ec9aa1273e0fae1d58bb88d62c94fa684f5ac3bcb457f
[source] src/recording/va_review_service.cpp 22777f26753c6ea64f65daaa603633a02bc0fd98036ce02460b84887a4edef0d
[source] src/recording/va_review_store.cpp 27cb631652d84eb98776cf0493959205fdb4888517cb70b6cc8e1d5a4108a0a4
[source] src/recording/va_review_transport.cpp c38058cffb6cca2b291d6de52bdbdd0c7298b308699c8291f6c242884090a422
[source] test/fixtures/v450_review_core.json 773bbae3ee0279291cbb219b7e539df0c83cbe2afd6d0093c9da449d6dc581f5
[pass] V450-K05 independent fixture loaded
[pass] V450-K05 numeric fixture coordinate
[pass] V450-K05 numeric fixture coordinate
[pass] V450-K05 numeric fixture coordinate
[pass] V450-K05 numeric fixture coordinate
[pass] V450-K05 numeric fixture coordinate
[core-case] {"id":"one-motion","accepted":true,"error":"","decisions":[{"claim":"c0","verdict":"insufficient","gaps":[{"kind":"ordered-time","target":"target0","beginPtsNs":0,"endPtsNs":0,"frames":[0]}]}]}
[pass] V450-K05 independent expected decision
[pass] V450-K05 structured gap target and time reference
[pass] V450-K05 all independent gap expectations
[pass] V450-K05 numeric fixture coordinate
[pass] V450-K05 numeric fixture coordinate
[pass] V450-K05 numeric fixture coordinate
[pass] V450-K05 numeric fixture coordinate
[pass] V450-K05 numeric fixture coordinate
[core-case] {"id":"one-direction","accepted":true,"error":"","decisions":[{"claim":"c0","verdict":"insufficient","gaps":[{"kind":"ordered-time","target":"target0","beginPtsNs":0,"endPtsNs":0,"frames":[0]}]}]}
[pass] V450-K05 independent expected decision
[pass] V450-K05 structured gap target and time reference
[pass] V450-K05 all independent gap expectations
[pass] V450-K05 numeric fixture coordinate
[pass] V450-K05 numeric fixture coordinate
[pass] V450-K05 numeric fixture coordinate
[pass] V450-K05 numeric fixture coordinate
[pass] V450-K05 numeric fixture coordinate
[pass] V450-K05 numeric fixture coordinate
[pass] V450-K05 numeric fixture coordinate
[pass] V450-K05 numeric fixture coordinate
[pass] V450-K05 numeric fixture coordinate
[pass] V450-K05 numeric fixture coordinate
[pass] V450-K05 numeric fixture coordinate
[pass] V450-K05 numeric fixture coordinate
[pass] V450-K05 numeric fixture coordinate
[pass] V450-K05 numeric fixture coordinate
[core-case] {"id":"blank-hidden","accepted":true,"error":"","decisions":[{"claim":"c0","verdict":"insufficient","gaps":[{"kind":"identity","target":"target0","beginPtsNs":0,"endPtsNs":1000000000,"frames":[0,1]},{"kind":"position","target":"target0","beginPtsNs":0,"endPtsNs":1000000000,"frames":[0,1]}]}]}
[pass] V450-K05 independent expected decision
[pass] V450-K05 structured gap target and time reference
[pass] V450-K05 structured gap target and time reference
[pass] V450-K05 all independent gap expectations
[pass] V450-K05 numeric fixture coordinate
[pass] V450-K05 numeric fixture coordinate
[pass] V450-K05 numeric fixture coordinate
[pass] V450-K05 numeric fixture coordinate
[pass] V450-K05 numeric fixture coordinate
[pass] V450-K05 numeric fixture coordinate
[pass] V450-K05 numeric fixture coordinate
[pass] V450-K05 numeric fixture coordinate
[pass] V450-K05 numeric fixture coordinate
[pass] V450-K05 numeric fixture coordinate
[pass] V450-K05 numeric fixture coordinate
[pass] V450-K05 numeric fixture coordinate
[pass] V450-K05 numeric fixture coordinate
[pass] V450-K05 numeric fixture coordinate
[core-case] {"id":"occluded-final","accepted":true,"error":"","decisions":[{"claim":"c0","verdict":"insufficient","gaps":[{"kind":"identity","target":"target0","beginPtsNs":0,"endPtsNs":1000000000,"frames":[1]},{"kind":"position","target":"target0","beginPtsNs":0,"endPtsNs":1000000000,"frames":[1]}]}]}
[pass] V450-K05 independent expected decision
[pass] V450-K05 structured gap target and time reference
[pass] V450-K05 structured gap target and time reference
[pass] V450-K05 all independent gap expectations
[pass] V450-K05 numeric fixture coordinate
[pass] V450-K05 numeric fixture coordinate
[pass] V450-K05 numeric fixture coordinate
[pass] V450-K05 numeric fixture coordinate
[pass] V450-K05 numeric fixture coordinate
[pass] V450-K05 numeric fixture coordinate
[pass] V450-K05 numeric fixture coordinate
[pass] V450-K05 numeric fixture coordinate
[pass] V450-K05 numeric fixture coordinate
[pass] V450-K05 numeric fixture coordinate
[pass] V450-K05 numeric fixture coordinate
[pass] V450-K05 numeric fixture coordinate
[pass] V450-K05 numeric fixture coordinate
[pass] V450-K05 numeric fixture coordinate
[core-case] {"id":"two-right","accepted":true,"error":"","decisions":[{"claim":"c0","verdict":"supported","gaps":[]}]}
[pass] V450-K05 independent expected decision
[pass] V450-K05 all independent gap expectations
[pass] V450-K05 numeric fixture coordinate
[pass] V450-K05 numeric fixture coordinate
[pass] V450-K05 numeric fixture coordinate
[pass] V450-K05 numeric fixture coordinate
[pass] V450-K05 numeric fixture coordinate
[pass] V450-K05 numeric fixture coordinate
[pass] V450-K05 numeric fixture coordinate
[pass] V450-K05 numeric fixture coordinate
[pass] V450-K05 numeric fixture coordinate
[pass] V450-K05 numeric fixture coordinate
[pass] V450-K05 numeric fixture coordinate
[pass] V450-K05 numeric fixture coordinate
[pass] V450-K05 numeric fixture coordinate
[pass] V450-K05 numeric fixture coordinate
[core-case] {"id":"two-left","accepted":true,"error":"","decisions":[{"claim":"c0","verdict":"contradicted","gaps":[]}]}
[pass] V450-K05 independent expected decision
[pass] V450-K05 all independent gap expectations
[pass] V450-K05 numeric fixture coordinate
[pass] V450-K05 numeric fixture coordinate
[pass] V450-K05 numeric fixture coordinate
[pass] V450-K05 numeric fixture coordinate
[pass] V450-K05 numeric fixture coordinate
[core-case] {"id":"static-red","accepted":true,"error":"","decisions":[{"claim":"c0","verdict":"supported","gaps":[]}]}
[pass] V450-K05 independent expected decision
[pass] V450-K05 all independent gap expectations
[pass] V450-K05 numeric fixture coordinate
[pass] V450-K05 numeric fixture coordinate
[pass] V450-K05 numeric fixture coordinate
[pass] V450-K05 numeric fixture coordinate
[pass] V450-K05 numeric fixture coordinate
[core-case] {"id":"static-blue","accepted":true,"error":"","decisions":[{"claim":"c0","verdict":"contradicted","gaps":[]}]}
[pass] V450-K05 independent expected decision
[pass] V450-K05 all independent gap expectations
[pass] V450-K05 numeric fixture coordinate
[pass] V450-K05 numeric fixture coordinate
[pass] V450-K05 numeric fixture coordinate
[pass] V450-K05 numeric fixture coordinate
[pass] V450-K05 numeric fixture coordinate
[core-case] {"id":"single-visible","accepted":true,"error":"","decisions":[{"claim":"c0","verdict":"supported","gaps":[]}]}
[pass] V450-K05 independent expected decision
[pass] V450-K05 all independent gap expectations
[pass] V450-K05 numeric fixture coordinate
[pass] V450-K05 numeric fixture coordinate
[pass] V450-K05 numeric fixture coordinate
[pass] V450-K05 numeric fixture coordinate
[pass] V450-K05 numeric fixture coordinate
[core-case] {"id":"single-not-visible","accepted":true,"error":"","decisions":[{"claim":"c0","verdict":"contradicted","gaps":[]}]}
[pass] V450-K05 independent expected decision
[pass] V450-K05 all independent gap expectations
[pass] V450-K05 numeric fixture coordinate
[pass] V450-K05 numeric fixture coordinate
[pass] V450-K05 numeric fixture coordinate
[pass] V450-K05 numeric fixture coordinate
[pass] V450-K05 numeric fixture coordinate
[core-case] {"id":"single-absent","accepted":true,"error":"","decisions":[{"claim":"c0","verdict":"supported","gaps":[]}]}
[pass] V450-K05 independent expected decision
[pass] V450-K05 all independent gap expectations
[pass] V450-K05 numeric fixture coordinate
[pass] V450-K05 numeric fixture coordinate
[pass] V450-K05 numeric fixture coordinate
[pass] V450-K05 numeric fixture coordinate
[pass] V450-K05 numeric fixture coordinate
[core-case] {"id":"single-stationary","accepted":true,"error":"","decisions":[{"claim":"c0","verdict":"insufficient","gaps":[{"kind":"ordered-time","target":"target0","beginPtsNs":0,"endPtsNs":0,"frames":[0]}]}]}
[pass] V450-K05 independent expected decision
[pass] V450-K05 structured gap target and time reference
[pass] V450-K05 all independent gap expectations
[pass] V450-K05 numeric fixture coordinate
[pass] V450-K05 numeric fixture coordinate
[pass] V450-K05 numeric fixture coordinate
[pass] V450-K05 numeric fixture coordinate
[pass] V450-K05 numeric fixture coordinate
[pass] V450-K05 numeric fixture coordinate
[pass] V450-K05 numeric fixture coordinate
[pass] V450-K05 numeric fixture coordinate
[pass] V450-K05 numeric fixture coordinate
[pass] V450-K05 numeric fixture coordinate
[pass] V450-K05 numeric fixture coordinate
[pass] V450-K05 numeric fixture coordinate
[pass] V450-K05 numeric fixture coordinate
[pass] V450-K05 numeric fixture coordinate
[core-case] {"id":"same-endpoints","accepted":true,"error":"","decisions":[{"claim":"c0","verdict":"supported","gaps":[]}]}
[pass] V450-K05 independent expected decision
[pass] V450-K05 all independent gap expectations
[pass] V450-K05 numeric fixture coordinate
[pass] V450-K05 numeric fixture coordinate
[pass] V450-K05 numeric fixture coordinate
[pass] V450-K05 numeric fixture coordinate
[pass] V450-K05 numeric fixture coordinate
[pass] V450-K05 numeric fixture coordinate
[pass] V450-K05 numeric fixture coordinate
[pass] V450-K05 numeric fixture coordinate
[pass] V450-K05 numeric fixture coordinate
[pass] V450-K05 numeric fixture coordinate
[pass] V450-K05 numeric fixture coordinate
[pass] V450-K05 numeric fixture coordinate
[pass] V450-K05 numeric fixture coordinate
[pass] V450-K05 numeric fixture coordinate
[core-case] {"id":"different-endpoints","accepted":true,"error":"","decisions":[{"claim":"c0","verdict":"contradicted","gaps":[]}]}
[pass] V450-K05 independent expected decision
[pass] V450-K05 all independent gap expectations
[pass] V450-K05 numeric fixture coordinate
[pass] V450-K05 numeric fixture coordinate
[pass] V450-K05 numeric fixture coordinate
[pass] V450-K05 numeric fixture coordinate
[pass] V450-K05 numeric fixture coordinate
[pass] V450-K05 numeric fixture coordinate
[pass] V450-K05 numeric fixture coordinate
[pass] V450-K05 numeric fixture coordinate
[pass] V450-K05 numeric fixture coordinate
[pass] V450-K05 numeric fixture coordinate
[pass] V450-K05 numeric fixture coordinate
[pass] V450-K05 numeric fixture coordinate
[pass] V450-K05 numeric fixture coordinate
[pass] V450-K05 numeric fixture coordinate
[core-case] {"id":"left-endpoints","accepted":true,"error":"","decisions":[{"claim":"c0","verdict":"supported","gaps":[]}]}
[pass] V450-K05 independent expected decision
[pass] V450-K05 all independent gap expectations
[pass] V450-K05 numeric fixture coordinate
[pass] V450-K05 numeric fixture coordinate
[pass] V450-K05 numeric fixture coordinate
[pass] V450-K05 numeric fixture coordinate
[pass] V450-K05 numeric fixture coordinate
[pass] V450-K05 numeric fixture coordinate
[pass] V450-K05 numeric fixture coordinate
[pass] V450-K05 numeric fixture coordinate
[pass] V450-K05 numeric fixture coordinate
[pass] V450-K05 numeric fixture coordinate
[pass] V450-K05 numeric fixture coordinate
[pass] V450-K05 numeric fixture coordinate
[pass] V450-K05 numeric fixture coordinate
[pass] V450-K05 numeric fixture coordinate
[core-case] {"id":"within-pixel-tolerance","accepted":true,"error":"","decisions":[{"claim":"c0","verdict":"supported","gaps":[]}]}
[pass] V450-K05 independent expected decision
[pass] V450-K05 all independent gap expectations
[pass] V450-K05 numeric fixture coordinate
[pass] V450-K05 numeric fixture coordinate
[pass] V450-K05 numeric fixture coordinate
[pass] V450-K05 numeric fixture coordinate
[pass] V450-K05 numeric fixture coordinate
[pass] V450-K05 numeric fixture coordinate
[pass] V450-K05 numeric fixture coordinate
[pass] V450-K05 numeric fixture coordinate
[pass] V450-K05 numeric fixture coordinate
[pass] V450-K05 numeric fixture coordinate
[pass] V450-K05 numeric fixture coordinate
[pass] V450-K05 numeric fixture coordinate
[pass] V450-K05 numeric fixture coordinate
[pass] V450-K05 numeric fixture coordinate
[core-case] {"id":"outside-pixel-tolerance","accepted":true,"error":"","decisions":[{"claim":"c0","verdict":"contradicted","gaps":[]}]}
[pass] V450-K05 independent expected decision
[pass] V450-K05 all independent gap expectations
[pass] V450-K05 numeric fixture coordinate
[pass] V450-K05 numeric fixture coordinate
[pass] V450-K05 numeric fixture coordinate
[pass] V450-K05 numeric fixture coordinate
[pass] V450-K05 numeric fixture coordinate
[pass] V450-K05 numeric fixture coordinate
[pass] V450-K05 numeric fixture coordinate
[pass] V450-K05 numeric fixture coordinate
[pass] V450-K05 numeric fixture coordinate
[pass] V450-K05 numeric fixture coordinate
[pass] V450-K05 numeric fixture coordinate
[pass] V450-K05 numeric fixture coordinate
[pass] V450-K05 numeric fixture coordinate
[pass] V450-K05 numeric fixture coordinate
[core-case] {"id":"continuous-hidden","accepted":true,"error":"","decisions":[{"claim":"c0","verdict":"unsupported","gaps":[]}]}
[pass] V450-K05 independent expected decision
[pass] V450-K05 all independent gap expectations
[pass] V450-K05 numeric fixture coordinate
[pass] V450-K05 numeric fixture coordinate
[pass] V450-K05 numeric fixture coordinate
[pass] V450-K05 numeric fixture coordinate
[pass] V450-K05 numeric fixture coordinate
[pass] V450-K05 numeric fixture coordinate
[pass] V450-K05 numeric fixture coordinate
[pass] V450-K05 numeric fixture coordinate
[pass] V450-K05 numeric fixture coordinate
[pass] V450-K05 numeric fixture coordinate
[pass] V450-K05 numeric fixture coordinate
[pass] V450-K05 numeric fixture coordinate
[pass] V450-K05 numeric fixture coordinate
[pass] V450-K05 numeric fixture coordinate
[core-case] {"id":"same-time","accepted":true,"error":"","decisions":[{"claim":"c0","verdict":"insufficient","gaps":[{"kind":"ordered-time","target":"target0","beginPtsNs":0,"endPtsNs":0,"frames":[0,1]}]}]}
[pass] V450-K05 independent expected decision
[pass] V450-K05 structured gap target and time reference
[pass] V450-K05 all independent gap expectations
[pass] V450-K05 numeric fixture coordinate
[pass] V450-K05 numeric fixture coordinate
[pass] V450-K05 numeric fixture coordinate
[pass] V450-K05 numeric fixture coordinate
[pass] V450-K05 numeric fixture coordinate
[pass] V450-K05 numeric fixture coordinate
[pass] V450-K05 numeric fixture coordinate
[pass] V450-K05 numeric fixture coordinate
[pass] V450-K05 numeric fixture coordinate
[pass] V450-K05 numeric fixture coordinate
[pass] V450-K05 numeric fixture coordinate
[pass] V450-K05 numeric fixture coordinate
[pass] V450-K05 numeric fixture coordinate
[pass] V450-K05 numeric fixture coordinate
[core-case] {"id":"different-target","accepted":true,"error":"","decisions":[{"claim":"c0","verdict":"insufficient","gaps":[{"kind":"identity","target":"target0","beginPtsNs":0,"endPtsNs":1000000000,"frames":[1]}]}]}
[pass] V450-K05 independent expected decision
[pass] V450-K05 structured gap target and time reference
[pass] V450-K05 all independent gap expectations
[pass] V450-K05 numeric fixture coordinate
[pass] V450-K05 numeric fixture coordinate
[pass] V450-K05 numeric fixture coordinate
[pass] V450-K05 numeric fixture coordinate
[pass] V450-K05 numeric fixture coordinate
[pass] V450-K05 numeric fixture coordinate
[pass] V450-K05 numeric fixture coordinate
[core-case] {"id":"unknown-observation","accepted":true,"error":"","decisions":[{"claim":"c0","verdict":"insufficient","gaps":[{"kind":"identity","target":"target0","beginPtsNs":0,"endPtsNs":1000000000,"frames":[1]},{"kind":"position","target":"target0","beginPtsNs":0,"endPtsNs":1000000000,"frames":[1]}]}]}
[pass] V450-K05 independent expected decision
[pass] V450-K05 structured gap target and time reference
[pass] V450-K05 structured gap target and time reference
[pass] V450-K05 all independent gap expectations
[core-case] {"id":"combined-deficits","accepted":true,"error":"","decisions":[{"claim":"c0","verdict":"insufficient","gaps":[{"kind":"ordered-time","target":"target0","beginPtsNs":0,"endPtsNs":0,"frames":[0,1]},{"kind":"identity","target":"target0","beginPtsNs":0,"endPtsNs":0,"frames":[0,1]},{"kind":"position","target":"target0","beginPtsNs":0,"endPtsNs":0,"frames":[0,1]}]}]}
[pass] V450-K05 independent expected decision
[pass] V450-K05 structured gap target and time reference
[pass] V450-K05 structured gap target and time reference
[pass] V450-K05 structured gap target and time reference
[pass] V450-K05 all independent gap expectations
[pass] V450-K05 numeric fixture coordinate
[pass] V450-K05 numeric fixture coordinate
[pass] V450-K05 numeric fixture coordinate
[pass] V450-K05 numeric fixture coordinate
[pass] V450-K05 numeric fixture coordinate
[pass] V450-K05 numeric fixture coordinate
[pass] V450-K05 numeric fixture coordinate
[pass] V450-K05 numeric fixture coordinate
[pass] V450-K05 numeric fixture coordinate
[pass] V450-K05 numeric fixture coordinate
[pass] V450-K05 numeric fixture coordinate
[pass] V450-K05 numeric fixture coordinate
[pass] V450-K05 numeric fixture coordinate
[pass] V450-K05 numeric fixture coordinate
[pass] V450-K05 numeric fixture coordinate
[pass] V450-K05 numeric fixture coordinate
[pass] V450-K05 numeric fixture coordinate
[pass] V450-K05 numeric fixture coordinate
[pass] V450-K05 numeric fixture coordinate
[pass] V450-K05 numeric fixture coordinate
[pass] V450-K05 numeric fixture coordinate
[pass] V450-K05 numeric fixture coordinate
[pass] V450-K05 numeric fixture coordinate
[pass] V450-K05 numeric fixture coordinate
[pass] V450-K05 numeric fixture coordinate
[pass] V450-K05 numeric fixture coordinate
[pass] V450-K05 numeric fixture coordinate
[core-case] {"id":"all-red","accepted":true,"error":"","decisions":[{"claim":"c0","verdict":"supported","gaps":[]}]}
[pass] V450-K05 independent expected decision
[pass] V450-K05 all independent gap expectations
[pass] V450-K05 numeric fixture coordinate
[pass] V450-K05 numeric fixture coordinate
[pass] V450-K05 numeric fixture coordinate
[pass] V450-K05 numeric fixture coordinate
[pass] V450-K05 numeric fixture coordinate
[pass] V450-K05 numeric fixture coordinate
[pass] V450-K05 numeric fixture coordinate
[pass] V450-K05 numeric fixture coordinate
[pass] V450-K05 numeric fixture coordinate
[pass] V450-K05 numeric fixture coordinate
[pass] V450-K05 numeric fixture coordinate
[pass] V450-K05 numeric fixture coordinate
[pass] V450-K05 numeric fixture coordinate
[pass] V450-K05 numeric fixture coordinate
[pass] V450-K05 numeric fixture coordinate
[pass] V450-K05 numeric fixture coordinate
[pass] V450-K05 numeric fixture coordinate
[pass] V450-K05 numeric fixture coordinate
[core-case] {"id":"all-color-counterexample","accepted":true,"error":"","decisions":[{"claim":"c0","verdict":"contradicted","gaps":[]}]}
[pass] V450-K05 independent expected decision
[pass] V450-K05 all independent gap expectations
[pass] V450-K05 numeric fixture coordinate
[pass] V450-K05 numeric fixture coordinate
[pass] V450-K05 numeric fixture coordinate
[pass] V450-K05 numeric fixture coordinate
[pass] V450-K05 numeric fixture coordinate
[pass] V450-K05 numeric fixture coordinate
[pass] V450-K05 numeric fixture coordinate
[pass] V450-K05 numeric fixture coordinate
[pass] V450-K05 numeric fixture coordinate
[pass] V450-K05 numeric fixture coordinate
[pass] V450-K05 numeric fixture coordinate
[pass] V450-K05 numeric fixture coordinate
[pass] V450-K05 numeric fixture coordinate
[pass] V450-K05 numeric fixture coordinate
[pass] V450-K05 numeric fixture coordinate
[pass] V450-K05 numeric fixture coordinate
[pass] V450-K05 numeric fixture coordinate
[pass] V450-K05 numeric fixture coordinate
[core-case] {"id":"all-color-missing","accepted":true,"error":"","decisions":[{"claim":"c0","verdict":"insufficient","gaps":[{"kind":"identity","target":"target0","beginPtsNs":0,"endPtsNs":2000000000,"frames":[1]},{"kind":"color","target":"target0","beginPtsNs":0,"endPtsNs":2000000000,"frames":[1]}]}]}
[pass] V450-K05 independent expected decision
[pass] V450-K05 structured gap target and time reference
[pass] V450-K05 structured gap target and time reference
[pass] V450-K05 all independent gap expectations
[pass] V450-K05 numeric fixture coordinate
[pass] V450-K05 numeric fixture coordinate
[pass] V450-K05 numeric fixture coordinate
[pass] V450-K05 numeric fixture coordinate
[pass] V450-K05 numeric fixture coordinate
[pass] V450-K05 numeric fixture coordinate
[pass] V450-K05 numeric fixture coordinate
[pass] V450-K05 numeric fixture coordinate
[pass] V450-K05 numeric fixture coordinate
[pass] V450-K05 numeric fixture coordinate
[pass] V450-K05 numeric fixture coordinate
[pass] V450-K05 numeric fixture coordinate
[pass] V450-K05 numeric fixture coordinate
[pass] V450-K05 numeric fixture coordinate
[pass] V450-K05 numeric fixture coordinate
[pass] V450-K05 numeric fixture coordinate
[pass] V450-K05 numeric fixture coordinate
[pass] V450-K05 numeric fixture coordinate
[core-case] {"id":"all-visible-counterexample","accepted":true,"error":"","decisions":[{"claim":"c0","verdict":"contradicted","gaps":[]}]}
[pass] V450-K05 independent expected decision
[pass] V450-K05 all independent gap expectations
[pass] V450-K05 numeric fixture coordinate
[pass] V450-K05 numeric fixture coordinate
[pass] V450-K05 numeric fixture coordinate
[pass] V450-K05 numeric fixture coordinate
[pass] V450-K05 numeric fixture coordinate
[pass] V450-K05 numeric fixture coordinate
[pass] V450-K05 numeric fixture coordinate
[pass] V450-K05 numeric fixture coordinate
[pass] V450-K05 numeric fixture coordinate
[pass] V450-K05 numeric fixture coordinate
[pass] V450-K05 numeric fixture coordinate
[pass] V450-K05 numeric fixture coordinate
[pass] V450-K05 numeric fixture coordinate
[pass] V450-K05 numeric fixture coordinate
[pass] V450-K05 numeric fixture coordinate
[pass] V450-K05 numeric fixture coordinate
[pass] V450-K05 numeric fixture coordinate
[pass] V450-K05 numeric fixture coordinate
[core-case] {"id":"all-position-counterexample","accepted":true,"error":"","decisions":[{"claim":"c0","verdict":"contradicted","gaps":[]}]}
[pass] V450-K05 independent expected decision
[pass] V450-K05 all independent gap expectations
[pass] V450-K05 numeric fixture coordinate
[pass] V450-K05 numeric fixture coordinate
[pass] V450-K05 numeric fixture coordinate
[pass] V450-K05 numeric fixture coordinate
[pass] V450-K05 numeric fixture coordinate
[pass] V450-K05 numeric fixture coordinate
[pass] V450-K05 numeric fixture coordinate
[pass] V450-K05 numeric fixture coordinate
[pass] V450-K05 numeric fixture coordinate
[pass] V450-K05 numeric fixture coordinate
[pass] V450-K05 numeric fixture coordinate
[pass] V450-K05 numeric fixture coordinate
[pass] V450-K05 numeric fixture coordinate
[pass] V450-K05 numeric fixture coordinate
[pass] V450-K05 numeric fixture coordinate
[pass] V450-K05 numeric fixture coordinate
[pass] V450-K05 numeric fixture coordinate
[pass] V450-K05 numeric fixture coordinate
[core-case] {"id":"all-position-missing","accepted":true,"error":"","decisions":[{"claim":"c0","verdict":"insufficient","gaps":[{"kind":"identity","target":"target0","beginPtsNs":0,"endPtsNs":2000000000,"frames":[1]},{"kind":"position","target":"target0","beginPtsNs":0,"endPtsNs":2000000000,"frames":[1]}]}]}
[pass] V450-K05 independent expected decision
[pass] V450-K05 structured gap target and time reference
[pass] V450-K05 structured gap target and time reference
[pass] V450-K05 all independent gap expectations
[pass] V450-K05 numeric fixture coordinate
[pass] V450-K05 numeric fixture coordinate
[pass] V450-K05 numeric fixture coordinate
[pass] V450-K05 numeric fixture coordinate
[pass] V450-K05 numeric fixture coordinate
[pass] V450-K05 numeric fixture coordinate
[pass] V450-K05 numeric fixture coordinate
[pass] V450-K05 numeric fixture coordinate
[pass] V450-K05 numeric fixture coordinate
[pass] V450-K05 numeric fixture coordinate
[pass] V450-K05 numeric fixture coordinate
[pass] V450-K05 numeric fixture coordinate
[pass] V450-K05 numeric fixture coordinate
[pass] V450-K05 numeric fixture coordinate
[pass] V450-K05 numeric fixture coordinate
[pass] V450-K05 numeric fixture coordinate
[pass] V450-K05 numeric fixture coordinate
[pass] V450-K05 numeric fixture coordinate
[pass] V450-K05 numeric fixture coordinate
[pass] V450-K05 numeric fixture coordinate
[pass] V450-K05 numeric fixture coordinate
[pass] V450-K05 numeric fixture coordinate
[pass] V450-K05 numeric fixture coordinate
[pass] V450-K05 numeric fixture coordinate
[pass] V450-K05 numeric fixture coordinate
[pass] V450-K05 numeric fixture coordinate
[pass] V450-K05 numeric fixture coordinate
[core-case] {"id":"all-position-same","accepted":true,"error":"","decisions":[{"claim":"c0","verdict":"supported","gaps":[]}]}
[pass] V450-K05 independent expected decision
[pass] V450-K05 all independent gap expectations
[pass] V450-K05 numeric fixture coordinate
[pass] V450-K05 numeric fixture coordinate
[pass] V450-K05 numeric fixture coordinate
[pass] V450-K05 numeric fixture coordinate
[pass] V450-K05 numeric fixture coordinate
[pass] V450-K05 numeric fixture coordinate
[pass] V450-K05 numeric fixture coordinate
[pass] V450-K05 numeric fixture coordinate
[pass] V450-K05 numeric fixture coordinate
[pass] V450-K05 numeric fixture coordinate
[pass] V450-K05 numeric fixture coordinate
[pass] V450-K05 numeric fixture coordinate
[pass] V450-K05 numeric fixture coordinate
[pass] V450-K05 numeric fixture coordinate
[core-case] {"id":"omitted-observation","accepted":true,"error":"","decisions":[{"claim":"c0","verdict":"insufficient","gaps":[{"kind":"identity","target":"target0","beginPtsNs":0,"endPtsNs":1000000000,"frames":[1]},{"kind":"position","target":"target0","beginPtsNs":0,"endPtsNs":1000000000,"frames":[1]}]}]}
[pass] V450-K05 independent expected decision
[pass] V450-K05 structured gap target and time reference
[pass] V450-K05 structured gap target and time reference
[pass] V450-K05 all independent gap expectations
[pass] V450-K05 numeric fixture coordinate
[pass] V450-K05 numeric fixture coordinate
[pass] V450-K05 numeric fixture coordinate
[pass] V450-K05 numeric fixture coordinate
[pass] V450-K05 numeric fixture coordinate
[pass] V450-K05 numeric fixture coordinate
[pass] V450-K05 numeric fixture coordinate
[pass] V450-K05 numeric fixture coordinate
[pass] V450-K05 numeric fixture coordinate
[pass] V450-K05 numeric fixture coordinate
[pass] V450-K05 numeric fixture coordinate
[pass] V450-K05 numeric fixture coordinate
[pass] V450-K05 numeric fixture coordinate
[pass] V450-K05 numeric fixture coordinate
[core-case] {"id":"bad-reference","accepted":false,"error":"core-invalid-reference","decisions":[{"claim":"unchanged","verdict":"insufficient","gaps":[]}]}
[pass] V450-K05 invalid input is error; output unchanged
[pass] V450-K05 numeric fixture coordinate
[pass] V450-K05 numeric fixture coordinate
[pass] V450-K05 numeric fixture coordinate
[pass] V450-K05 numeric fixture coordinate
[pass] V450-K05 numeric fixture coordinate
[pass] V450-K05 numeric fixture coordinate
[pass] V450-K05 numeric fixture coordinate
[pass] V450-K05 numeric fixture coordinate
[pass] V450-K05 numeric fixture coordinate
[pass] V450-K05 numeric fixture coordinate
[pass] V450-K05 numeric fixture coordinate
[pass] V450-K05 numeric fixture coordinate
[pass] V450-K05 numeric fixture coordinate
[pass] V450-K05 numeric fixture coordinate
[core-case] {"id":"bad-time-reference","accepted":false,"error":"core-invalid-reference","decisions":[{"claim":"unchanged","verdict":"insufficient","gaps":[]}]}
[pass] V450-K05 invalid input is error; output unchanged
[pass] V450-K05 numeric fixture coordinate
[pass] V450-K05 numeric fixture coordinate
[pass] V450-K05 numeric fixture coordinate
[pass] V450-K05 numeric fixture coordinate
[pass] V450-K05 numeric fixture coordinate
[pass] V450-K05 numeric fixture coordinate
[pass] V450-K05 numeric fixture coordinate
[pass] V450-K05 numeric fixture coordinate
[pass] V450-K05 numeric fixture coordinate
[pass] V450-K05 numeric fixture coordinate
[pass] V450-K05 numeric fixture coordinate
[pass] V450-K05 numeric fixture coordinate
[pass] V450-K05 numeric fixture coordinate
[pass] V450-K05 numeric fixture coordinate
[core-case] {"id":"bad-sha-reference","accepted":false,"error":"core-invalid-reference","decisions":[{"claim":"unchanged","verdict":"insufficient","gaps":[]}]}
[pass] V450-K05 invalid input is error; output unchanged
[pass] V450-K05 numeric fixture coordinate
[pass] V450-K05 numeric fixture coordinate
[pass] V450-K05 numeric fixture coordinate
[pass] V450-K05 numeric fixture coordinate
[pass] V450-K05 numeric fixture coordinate
[pass] V450-K05 numeric fixture coordinate
[pass] V450-K05 numeric fixture coordinate
[pass] V450-K05 numeric fixture coordinate
[pass] V450-K05 numeric fixture coordinate
[pass] V450-K05 numeric fixture coordinate
[pass] V450-K05 numeric fixture coordinate
[pass] V450-K05 numeric fixture coordinate
[pass] V450-K05 numeric fixture coordinate
[pass] V450-K05 numeric fixture coordinate
[core-case] {"id":"bad-infinite-position","accepted":false,"error":"core-invalid-coordinate","decisions":[{"claim":"unchanged","verdict":"insufficient","gaps":[]}]}
[pass] V450-K05 invalid input is error; output unchanged
[pass] V450-K05 numeric fixture coordinate
[pass] V450-K05 numeric fixture coordinate
[pass] V450-K05 numeric fixture coordinate
[pass] V450-K05 numeric fixture coordinate
[pass] V450-K05 numeric fixture coordinate
[pass] V450-K05 numeric fixture coordinate
[pass] V450-K05 numeric fixture coordinate
[pass] V450-K05 numeric fixture coordinate
[pass] V450-K05 numeric fixture coordinate
[pass] V450-K05 numeric fixture coordinate
[pass] V450-K05 numeric fixture coordinate
[pass] V450-K05 numeric fixture coordinate
[pass] V450-K05 numeric fixture coordinate
[pass] V450-K05 numeric fixture coordinate
[core-case] {"id":"bad-position-range","accepted":false,"error":"core-invalid-coordinate","decisions":[{"claim":"unchanged","verdict":"insufficient","gaps":[]}]}
[pass] V450-K05 invalid input is error; output unchanged
[pass] V450-K05 numeric fixture coordinate
[pass] V450-K05 numeric fixture coordinate
[pass] V450-K05 numeric fixture coordinate
[pass] V450-K05 numeric fixture coordinate
[pass] V450-K05 numeric fixture coordinate
[pass] V450-K05 numeric fixture coordinate
[pass] V450-K05 numeric fixture coordinate
[pass] V450-K05 numeric fixture coordinate
[pass] V450-K05 numeric fixture coordinate
[pass] V450-K05 numeric fixture coordinate
[pass] V450-K05 numeric fixture coordinate
[pass] V450-K05 numeric fixture coordinate
[pass] V450-K05 numeric fixture coordinate
[pass] V450-K05 numeric fixture coordinate
[core-case] {"id":"bad-coordinate-system","accepted":false,"error":"core-invalid-spec","decisions":[{"claim":"unchanged","verdict":"insufficient","gaps":[]}]}
[pass] V450-K05 invalid input is error; output unchanged
[pass] V450-K05 numeric fixture coordinate
[pass] V450-K05 numeric fixture coordinate
[pass] V450-K05 numeric fixture coordinate
[pass] V450-K05 numeric fixture coordinate
[pass] V450-K05 numeric fixture coordinate
[pass] V450-K05 numeric fixture coordinate
[pass] V450-K05 numeric fixture coordinate
[pass] V450-K05 numeric fixture coordinate
[pass] V450-K05 numeric fixture coordinate
[pass] V450-K05 numeric fixture coordinate
[pass] V450-K05 numeric fixture coordinate
[pass] V450-K05 numeric fixture coordinate
[pass] V450-K05 numeric fixture coordinate
[pass] V450-K05 numeric fixture coordinate
[core-case] {"id":"bad-duplicate-reference","accepted":false,"error":"core-invalid-reference","decisions":[{"claim":"unchanged","verdict":"insufficient","gaps":[]}]}
[pass] V450-K05 invalid input is error; output unchanged
[pass] V450-K05 numeric fixture coordinate
[pass] V450-K05 numeric fixture coordinate
[pass] V450-K05 numeric fixture coordinate
[pass] V450-K05 numeric fixture coordinate
[pass] V450-K05 numeric fixture coordinate
[pass] V450-K05 numeric fixture coordinate
[pass] V450-K05 numeric fixture coordinate
[pass] V450-K05 numeric fixture coordinate
[pass] V450-K05 numeric fixture coordinate
[pass] V450-K05 numeric fixture coordinate
[pass] V450-K05 numeric fixture coordinate
[pass] V450-K05 numeric fixture coordinate
[pass] V450-K05 numeric fixture coordinate
[pass] V450-K05 numeric fixture coordinate
[core-case] {"id":"bad-anchor","accepted":true,"error":"","decisions":[{"claim":"c0","verdict":"insufficient","gaps":[{"kind":"identity","target":"target0","beginPtsNs":0,"endPtsNs":1000000000,"frames":[0,1]}]}]}
[fail] V450-K05 invalid input is error; output unchanged
[cleanup] removed=true
Traceback (most recent call last):
  File "<stdin>", line 185, in <module>
  File "/opt/homebrew/Cellar/python@3.14/3.14.4/Frameworks/Python.framework/Versions/3.14/lib/python3.14/subprocess.py", line 578, in run
    raise CalledProcessError(retcode, process.args,
                             output=stdout, stderr=stderr)
subprocess.CalledProcessError: Command '['bash', '-c', 'source "$2/scripts/internal/env_common.sh"; export MEDIA_SERVER_GST_CACHE_DIR="$1/gst-cache"; media_server_apply_homebrew_gst_env || exit; exec "$1/smoke" "$1" "$3" "$4"', 'va-review', '/private/var/folders/k0/qhmr6zdx11q0_41wfx4dsd200000gn/T/media-server-va-review-9xo79abx', '/Users/dhseo/Workspace/mediaServer', '--core-only', 'unused']' returned non-zero exit status 1.
