[fixture] /private/var/folders/k0/qhmr6zdx11q0_41wfx4dsd200000gn/T/media-server-va-review-gt1re76x
[source] include/recording/va_review_core.h 50c724572c96fc78b8013157cb91005b592282ac7f91c2be925c1a9b81d72498
[source] include/recording/va_review_input.h 543fcaf1fd950927455e402b45f3747cdb95c81b8521daa4eb22ce4b87c1cc00
[source] include/recording/va_review_observer.h 3aba40c8dcce3b79ee771cae2dfa0527a5435e99aff516d1bbccbb01dd9968ce
[source] include/recording/va_review_provider.h 6fbf72805fdfa7286946a7114adaba247ac042a653988b4259c5ef13cdfbe486
[source] include/recording/va_review_record.h 96f5ac21c232d0b7efcadc94d8472ea980e1c8828577753c77f892210059c27d
[source] include/recording/va_review_service.h c3c6f9c4a7ebab259af79b2ff16bf1f1e94a0c776d6f612e88cdcb27e9be0baa
[source] include/recording/va_review_store.h fcfad2a1c692321f5331b014357686abf871ab1b727ebc8093b5d339efc8c80a
[source] scripts/internal/va_review_cause_diagnostic.h c0e1e0f727bbaa66e5aac17ac38f4392cdfa53d0a693626df96b99e49920250a
[source] scripts/internal/va_review_contract_replay.json 1aab5af5f30f3c45924a59845af542458058dc242da84c0e1dea5c9084f908b8
[source] scripts/internal/va_review_core_checks.h 5f4ed4df79bf4b494b2cfaa2d9811e03b71d93ec8a67f8d3aa89e6cb6a6691ae
[source] scripts/internal/va_review_quality_fixture.h 4a46b462b22cf71e092319f885724c67f7506a5a491068577ecd0d632dbe6d64
[source] scripts/internal/va_review_smoke.cpp d33387f963563eecabbb109e0473f7bf4e6cb28028291719112786fe89f21d49
[source] scripts/internal/verify_va_review.sh ecf8fae388bac4939e8b2c7e4d41354077b9f0477879d085a76f3cff32408175
[source] src/recording/va_review_core.cpp 8eb3d9fcb91187c0f1817a81e7baeca3c225b04d67511d0976a2df693b2a2ce1
[source] src/recording/va_review_input.cpp 840df39c6fc11ca99748f55dd1c55d598e060467354dd8fd0a48b1b197cd58f1
[source] src/recording/va_review_json.h 835cf40e95a3be8297ccf6edde1fbcf7c8aa5ffda3169f368195bc5667d065f3
[source] src/recording/va_review_observer.cpp 84bc90844171d15ecd90cf3c9721021f48fffd59c54563daadbd6eaf7d9fef1a
[source] src/recording/va_review_provider.cpp b858b651cabe6e8c7c2264c89ed1c3715af30fda5c86332cea2ad2220d3ce5c3
[source] src/recording/va_review_record.cpp 01e3a5a833b5d9201f6ec9aa1273e0fae1d58bb88d62c94fa684f5ac3bcb457f
[source] src/recording/va_review_service.cpp 22777f26753c6ea64f65daaa603633a02bc0fd98036ce02460b84887a4edef0d
[source] src/recording/va_review_store.cpp 27cb631652d84eb98776cf0493959205fdb4888517cb70b6cc8e1d5a4108a0a4
[source] src/recording/va_review_transport.cpp c38058cffb6cca2b291d6de52bdbdd0c7298b308699c8291f6c242884090a422
[source] test/fixtures/v450_review_core.json 773bbae3ee0279291cbb219b7e539df0c83cbe2afd6d0093c9da449d6dc581f5
In file included from /Users/dhseo/Workspace/mediaServer/scripts/internal/va_review_smoke.cpp:708:
/Users/dhseo/Workspace/mediaServer/scripts/internal/va_review_core_checks.h:71:83: error: variable 'u' is used uninitialized whenever '&&' condition is false [-Werror,-Wsometimes-uninitialized]
   71 |     for(const auto& raw:rows){auto row=CauseDoc(raw);unsigned s,u,g,bytes=0;Check(Number(row,"s",&s)&&Number(row,"u",&u)&&Number(row,"gaps",&g),"V450-K05 budget fixture");Number(row,"textBytes",&bytes);
      |                                                                                   ^~~~~~~~~~~~~~~~~~
/Users/dhseo/Workspace/mediaServer/scripts/internal/va_review_core_checks.h:73:30: note: uninitialized use occurs here
   73 |         for(unsigned i=0;i<s+u;++i){ReviewDecision d;d.claim_id="c"+std::to_string(i);d.verdict=i<s?ReviewVerdict::Supported:ReviewVerdict::Insufficient;d.evidence_frames={0};ReviewExpression e;e.summary=text;
      |                              ^
/Users/dhseo/Workspace/mediaServer/scripts/internal/va_review_core_checks.h:71:83: note: remove the '&&' if its condition is always true
   71 |     for(const auto& raw:rows){auto row=CauseDoc(raw);unsigned s,u,g,bytes=0;Check(Number(row,"s",&s)&&Number(row,"u",&u)&&Number(row,"gaps",&g),"V450-K05 budget fixture");Number(row,"textBytes",&bytes);
      |                                                                                   ^~~~~~~~~~~~~~~~~~~~
/Users/dhseo/Workspace/mediaServer/scripts/internal/va_review_core_checks.h:71:66: note: initialize the variable 'u' to silence this warning
   71 |     for(const auto& raw:rows){auto row=CauseDoc(raw);unsigned s,u,g,bytes=0;Check(Number(row,"s",&s)&&Number(row,"u",&u)&&Number(row,"gaps",&g),"V450-K05 budget fixture");Number(row,"textBytes",&bytes);
      |                                                                  ^
      |                                                                   = 0
1 error generated.
[cleanup] removed=true
Traceback (most recent call last):
  File "<stdin>", line 58, in <module>
  File "/opt/homebrew/Cellar/python@3.14/3.14.4/Frameworks/Python.framework/Versions/3.14/lib/python3.14/subprocess.py", line 578, in run
    raise CalledProcessError(retcode, process.args,
                             output=stdout, stderr=stderr)
subprocess.CalledProcessError: Command '['c++', '-std=c++17', '-Wall', '-Wextra', '-Werror', '-pthread', '-I/Users/dhseo/Workspace/mediaServer/include', '-DMEDIA_SERVER_USE_OPENSSL=1', '-DMEDIA_SERVER_USE_SQLITE3=1', '-DMEDIA_SERVER_USE_GSTREAMER=1', '-DMEDIA_SERVER_ENABLE_RECORDING_GENERATION_BACKEND=1', '-I/opt/homebrew/Cellar/openssl@3/3.6.2/include', '-I/opt/homebrew/Cellar/gstreamer/1.28.1/include/gstreamer-1.0', '-I/opt/homebrew/Cellar/glib/2.86.4/include', '-I/Library/Developer/CommandLineTools/SDKs/MacOSX26.sdk/usr/include/ffi', '-I/opt/homebrew/Cellar/glib/2.86.4/include/glib-2.0', '-I/opt/homebrew/Cellar/glib/2.86.4/lib/glib-2.0/include', '-I/opt/homebrew/opt/gettext/include', '-I/opt/homebrew/Cellar/pcre2/10.47_1/include', '/Users/dhseo/Workspace/mediaServer/scripts/internal/va_review_smoke.cpp', '/Users/dhseo/Workspace/mediaServer/build-gst-onnx/libmedia_server_runtime.a', '/Library/Developer/CommandLineTools/SDKs/MacOSX.sdk/usr/lib/libz.tbd', '/opt/homebrew/Cellar/gstreamer/1.28.1/lib/libgstrtspserver-1.0.dylib', '/opt/homebrew/Cellar/gstreamer/1.28.1/lib/libgstapp-1.0.dylib', '/opt/homebrew/Cellar/gstreamer/1.28.1/lib/libgstwebrtc-1.0.dylib', '/opt/homebrew/Cellar/gstreamer/1.28.1/lib/libgstsdp-1.0.dylib', '/opt/homebrew/Cellar/gstreamer/1.28.1/lib/libgstpbutils-1.0.dylib', '/opt/homebrew/Cellar/gstreamer/1.28.1/lib/libgstaudio-1.0.dylib', '/opt/homebrew/Cellar/gstreamer/1.28.1/lib/libgstvideo-1.0.dylib', '/opt/homebrew/Cellar/gstreamer/1.28.1/lib/libgstbase-1.0.dylib', '/opt/homebrew/Cellar/gstreamer/1.28.1/lib/libgstreamer-1.0.dylib', '/opt/homebrew/Cellar/pango/1.57.0_2/lib/libpangocairo-1.0.dylib', '/opt/homebrew/Cellar/pango/1.57.0_2/lib/libpango-1.0.dylib', '/opt/homebrew/Cellar/cairo/1.18.4/lib/libcairo.dylib', '/opt/homebrew/Cellar/harfbuzz/13.1.1/lib/libharfbuzz.dylib', '/opt/homebrew/Cellar/glib/2.86.4/lib/libgobject-2.0.dylib', '/Library/Developer/CommandLineTools/SDKs/MacOSX.sdk/usr/lib/libsqlite3.tbd', '/opt/homebrew/Cellar/libsodium/1.0.21/lib/libsodium.dylib', '/opt/homebrew/Cellar/openssl@3/3.6.2/lib/libssl.dylib', '/opt/homebrew/Cellar/openssl@3/3.6.2/lib/libcrypto.dylib', '/opt/homebrew/lib/libonnxruntime.dylib', '/Users/dhseo/Workspace/mediaServer/third_party/v430-embedding/sentencepiece/lib/libsentencepiece.a', '/opt/homebrew/Cellar/glib/2.86.4/lib/libglib-2.0.dylib', '/opt/homebrew/opt/gettext/lib/libintl.dylib', '-o', '/private/var/folders/k0/qhmr6zdx11q0_41wfx4dsd200000gn/T/media-server-va-review-gt1re76x/smoke']' returned non-zero exit status 1.
