[fixture] /private/var/folders/k0/qhmr6zdx11q0_41wfx4dsd200000gn/T/media-server-va-review-9p6uagzb
[source] include/recording/va_review_core.h 50c724572c96fc78b8013157cb91005b592282ac7f91c2be925c1a9b81d72498
[source] include/recording/va_review_input.h 543fcaf1fd950927455e402b45f3747cdb95c81b8521daa4eb22ce4b87c1cc00
[source] include/recording/va_review_observer.h ed4a10beeca2652de3d746c89d930f85a5e09a2c4a46b9810e1766465790b039
[source] include/recording/va_review_provider.h 6fbf72805fdfa7286946a7114adaba247ac042a653988b4259c5ef13cdfbe486
[source] include/recording/va_review_record.h 96f5ac21c232d0b7efcadc94d8472ea980e1c8828577753c77f892210059c27d
[source] include/recording/va_review_service.h c3c6f9c4a7ebab259af79b2ff16bf1f1e94a0c776d6f612e88cdcb27e9be0baa
[source] include/recording/va_review_store.h fcfad2a1c692321f5331b014357686abf871ab1b727ebc8093b5d339efc8c80a
[source] scripts/internal/va_review_cause_diagnostic.h c0e1e0f727bbaa66e5aac17ac38f4392cdfa53d0a693626df96b99e49920250a
[source] scripts/internal/va_review_contract_replay.json 1aab5af5f30f3c45924a59845af542458058dc242da84c0e1dea5c9084f908b8
[source] scripts/internal/va_review_core_checks.h f130fea473cfdf721a623c4c3ce69d953e690394517f778cc141eb781b51d2f2
[source] scripts/internal/va_review_quality_fixture.h 4a46b462b22cf71e092319f885724c67f7506a5a491068577ecd0d632dbe6d64
[source] scripts/internal/va_review_smoke.cpp d0def466272a1995e87852259cf41ef4f78d1587c7403530b721e846f50d9691
[source] scripts/internal/verify_va_review.sh df6e1680701e70cc578e1d65b4a82702d3b140ddb5b5b2534feec3de905b077a
[source] src/recording/va_review_core.cpp 59301ca3a819b11d50fee50b818eb45b1aa737ab6e8e27ee962752988bed8efa
[source] src/recording/va_review_input.cpp fa1efcebb1537eb1b55ab2337ca97b176cf35d503a5aa01cbd1c25958c4403f8
[source] src/recording/va_review_json.h 835cf40e95a3be8297ccf6edde1fbcf7c8aa5ffda3169f368195bc5667d065f3
[source] src/recording/va_review_observer.cpp 1d517b3ddc48749eb149a784f80d5c275fb51887091ad336ed3539d21e4ea0e7
[source] src/recording/va_review_provider.cpp b858b651cabe6e8c7c2264c89ed1c3715af30fda5c86332cea2ad2220d3ce5c3
[source] src/recording/va_review_record.cpp 01e3a5a833b5d9201f6ec9aa1273e0fae1d58bb88d62c94fa684f5ac3bcb457f
[source] src/recording/va_review_service.cpp 22777f26753c6ea64f65daaa603633a02bc0fd98036ce02460b84887a4edef0d
[source] src/recording/va_review_store.cpp 27cb631652d84eb98776cf0493959205fdb4888517cb70b6cc8e1d5a4108a0a4
[source] src/recording/va_review_transport.cpp c38058cffb6cca2b291d6de52bdbdd0c7298b308699c8291f6c242884090a422
[source] test/fixtures/v450_review_core.json 558d92c7aca53db2a7c213a0949d927703ff955836322ecc19d4358d801d5927
[source] test/fixtures/v450_review_observer.json ad7f6ebce2170a85b693ef240b11d6063f83bf870dac2b690a722acd026edcb3
[pass] V450-K05 independent fixture loaded
[core-case] {"id":"one-motion","accepted":true,"error":"","decisions":[{"claim":"c0","verdict":"insufficient","gaps":[{"kind":"ordered-time","target":"target0","beginPtsNs":0,"endPtsNs":0,"frames":[0]}]}]}
[pass] V450-K05 independent expected decision
[pass] V450-K05 structured gap target and time reference
[pass] V450-K05 all independent gap expectations
[core-case] {"id":"one-direction","accepted":true,"error":"","decisions":[{"claim":"c0","verdict":"insufficient","gaps":[{"kind":"ordered-time","target":"target0","beginPtsNs":0,"endPtsNs":0,"frames":[0]}]}]}
[pass] V450-K05 independent expected decision
[pass] V450-K05 structured gap target and time reference
[pass] V450-K05 all independent gap expectations
[core-case] {"id":"blank-hidden","accepted":true,"error":"","decisions":[{"claim":"c0","verdict":"insufficient","gaps":[{"kind":"identity","target":"target0","beginPtsNs":0,"endPtsNs":1000000000,"frames":[0,1]},{"kind":"position","target":"target0","beginPtsNs":0,"endPtsNs":1000000000,"frames":[0,1]}]}]}
[pass] V450-K05 independent expected decision
[pass] V450-K05 structured gap target and time reference
[pass] V450-K05 structured gap target and time reference
[pass] V450-K05 all independent gap expectations
[core-case] {"id":"occluded-final","accepted":true,"error":"","decisions":[{"claim":"c0","verdict":"insufficient","gaps":[{"kind":"identity","target":"target0","beginPtsNs":0,"endPtsNs":1000000000,"frames":[1]},{"kind":"position","target":"target0","beginPtsNs":0,"endPtsNs":1000000000,"frames":[1]}]}]}
[pass] V450-K05 independent expected decision
[pass] V450-K05 structured gap target and time reference
[pass] V450-K05 structured gap target and time reference
[pass] V450-K05 all independent gap expectations
[core-case] {"id":"two-right","accepted":true,"error":"","decisions":[{"claim":"c0","verdict":"supported","gaps":[]}]}
[pass] V450-K05 independent expected decision
[pass] V450-K05 all independent gap expectations
[core-case] {"id":"two-left","accepted":true,"error":"","decisions":[{"claim":"c0","verdict":"contradicted","gaps":[]}]}
[pass] V450-K05 independent expected decision
[pass] V450-K05 all independent gap expectations
[core-case] {"id":"static-red","accepted":true,"error":"","decisions":[{"claim":"c0","verdict":"supported","gaps":[]}]}
[pass] V450-K05 independent expected decision
[pass] V450-K05 all independent gap expectations
[core-case] {"id":"static-blue","accepted":true,"error":"","decisions":[{"claim":"c0","verdict":"contradicted","gaps":[]}]}
[pass] V450-K05 independent expected decision
[pass] V450-K05 all independent gap expectations
[core-case] {"id":"single-visible","accepted":true,"error":"","decisions":[{"claim":"c0","verdict":"supported","gaps":[]}]}
[pass] V450-K05 independent expected decision
[pass] V450-K05 all independent gap expectations
[core-case] {"id":"single-not-visible","accepted":true,"error":"","decisions":[{"claim":"c0","verdict":"contradicted","gaps":[]}]}
[pass] V450-K05 independent expected decision
[pass] V450-K05 all independent gap expectations
[core-case] {"id":"single-absent","accepted":true,"error":"","decisions":[{"claim":"c0","verdict":"supported","gaps":[]}]}
[pass] V450-K05 independent expected decision
[pass] V450-K05 all independent gap expectations
[core-case] {"id":"single-stationary","accepted":true,"error":"","decisions":[{"claim":"c0","verdict":"insufficient","gaps":[{"kind":"ordered-time","target":"target0","beginPtsNs":0,"endPtsNs":0,"frames":[0]}]}]}
[pass] V450-K05 independent expected decision
[pass] V450-K05 structured gap target and time reference
[pass] V450-K05 all independent gap expectations
[core-case] {"id":"same-endpoints","accepted":true,"error":"","decisions":[{"claim":"c0","verdict":"supported","gaps":[]}]}
[pass] V450-K05 independent expected decision
[pass] V450-K05 all independent gap expectations
[core-case] {"id":"different-endpoints","accepted":true,"error":"","decisions":[{"claim":"c0","verdict":"contradicted","gaps":[]}]}
[pass] V450-K05 independent expected decision
[pass] V450-K05 all independent gap expectations
[core-case] {"id":"left-endpoints","accepted":true,"error":"","decisions":[{"claim":"c0","verdict":"supported","gaps":[]}]}
[pass] V450-K05 independent expected decision
[pass] V450-K05 all independent gap expectations
[core-case] {"id":"within-pixel-tolerance","accepted":true,"error":"","decisions":[{"claim":"c0","verdict":"supported","gaps":[]}]}
[pass] V450-K05 independent expected decision
[pass] V450-K05 all independent gap expectations
[core-case] {"id":"outside-pixel-tolerance","accepted":true,"error":"","decisions":[{"claim":"c0","verdict":"contradicted","gaps":[]}]}
[pass] V450-K05 independent expected decision
[pass] V450-K05 all independent gap expectations
[core-case] {"id":"continuous-hidden","accepted":true,"error":"","decisions":[{"claim":"c0","verdict":"unsupported","gaps":[]}]}
[pass] V450-K05 independent expected decision
[pass] V450-K05 all independent gap expectations
[core-case] {"id":"same-time","accepted":true,"error":"","decisions":[{"claim":"c0","verdict":"insufficient","gaps":[{"kind":"ordered-time","target":"target0","beginPtsNs":0,"endPtsNs":0,"frames":[0,1]}]}]}
[pass] V450-K05 independent expected decision
[pass] V450-K05 structured gap target and time reference
[pass] V450-K05 all independent gap expectations
[core-case] {"id":"different-target","accepted":true,"error":"","decisions":[{"claim":"c0","verdict":"insufficient","gaps":[{"kind":"identity","target":"target0","beginPtsNs":0,"endPtsNs":1000000000,"frames":[1]}]}]}
[pass] V450-K05 independent expected decision
[pass] V450-K05 structured gap target and time reference
[pass] V450-K05 all independent gap expectations
[core-case] {"id":"unknown-observation","accepted":true,"error":"","decisions":[{"claim":"c0","verdict":"insufficient","gaps":[{"kind":"identity","target":"target0","beginPtsNs":0,"endPtsNs":1000000000,"frames":[1]},{"kind":"position","target":"target0","beginPtsNs":0,"endPtsNs":1000000000,"frames":[1]}]}]}
[pass] V450-K05 independent expected decision
[pass] V450-K05 structured gap target and time reference
[pass] V450-K05 structured gap target and time reference
[pass] V450-K05 all independent gap expectations
[core-case] {"id":"combined-deficits","accepted":true,"error":"","decisions":[{"claim":"c0","verdict":"insufficient","gaps":[{"kind":"ordered-time","target":"target0","beginPtsNs":0,"endPtsNs":0,"frames":[0,1]},{"kind":"identity","target":"target0","beginPtsNs":0,"endPtsNs":0,"frames":[0,1]},{"kind":"position","target":"target0","beginPtsNs":0,"endPtsNs":0,"frames":[0,1]}]}]}
[pass] V450-K05 independent expected decision
[pass] V450-K05 structured gap target and time reference
[pass] V450-K05 structured gap target and time reference
[pass] V450-K05 structured gap target and time reference
[pass] V450-K05 all independent gap expectations
[core-case] {"id":"all-red","accepted":true,"error":"","decisions":[{"claim":"c0","verdict":"supported","gaps":[]}]}
[pass] V450-K05 independent expected decision
[pass] V450-K05 all independent gap expectations
[core-case] {"id":"all-color-counterexample","accepted":true,"error":"","decisions":[{"claim":"c0","verdict":"contradicted","gaps":[]}]}
[pass] V450-K05 independent expected decision
[pass] V450-K05 all independent gap expectations
[core-case] {"id":"all-color-missing","accepted":true,"error":"","decisions":[{"claim":"c0","verdict":"insufficient","gaps":[{"kind":"identity","target":"target0","beginPtsNs":0,"endPtsNs":2000000000,"frames":[1]},{"kind":"color","target":"target0","beginPtsNs":0,"endPtsNs":2000000000,"frames":[1]}]}]}
[pass] V450-K05 independent expected decision
[pass] V450-K05 structured gap target and time reference
[pass] V450-K05 structured gap target and time reference
[pass] V450-K05 all independent gap expectations
[core-case] {"id":"all-visible-counterexample","accepted":true,"error":"","decisions":[{"claim":"c0","verdict":"contradicted","gaps":[]}]}
[pass] V450-K05 independent expected decision
[pass] V450-K05 all independent gap expectations
[core-case] {"id":"all-position-counterexample","accepted":true,"error":"","decisions":[{"claim":"c0","verdict":"contradicted","gaps":[]}]}
[pass] V450-K05 independent expected decision
[pass] V450-K05 all independent gap expectations
[core-case] {"id":"all-position-missing","accepted":true,"error":"","decisions":[{"claim":"c0","verdict":"insufficient","gaps":[{"kind":"identity","target":"target0","beginPtsNs":0,"endPtsNs":2000000000,"frames":[1]},{"kind":"position","target":"target0","beginPtsNs":0,"endPtsNs":2000000000,"frames":[1]}]}]}
[pass] V450-K05 independent expected decision
[pass] V450-K05 structured gap target and time reference
[pass] V450-K05 structured gap target and time reference
[pass] V450-K05 all independent gap expectations
[core-case] {"id":"all-position-same","accepted":true,"error":"","decisions":[{"claim":"c0","verdict":"supported","gaps":[]}]}
[pass] V450-K05 independent expected decision
[pass] V450-K05 all independent gap expectations
[core-case] {"id":"omitted-observation","accepted":true,"error":"","decisions":[{"claim":"c0","verdict":"insufficient","gaps":[{"kind":"identity","target":"target0","beginPtsNs":0,"endPtsNs":1000000000,"frames":[1]},{"kind":"position","target":"target0","beginPtsNs":0,"endPtsNs":1000000000,"frames":[1]}]}]}
[pass] V450-K05 independent expected decision
[pass] V450-K05 structured gap target and time reference
[pass] V450-K05 structured gap target and time reference
[pass] V450-K05 all independent gap expectations
[core-case] {"id":"bad-reference","accepted":false,"error":"core-invalid-reference","decisions":[{"claim":"unchanged","verdict":"insufficient","gaps":[]}]}
[pass] V450-K05 invalid input is error; output unchanged
[core-case] {"id":"bad-time-reference","accepted":false,"error":"core-invalid-reference","decisions":[{"claim":"unchanged","verdict":"insufficient","gaps":[]}]}
[pass] V450-K05 invalid input is error; output unchanged
[core-case] {"id":"bad-sha-reference","accepted":false,"error":"core-invalid-reference","decisions":[{"claim":"unchanged","verdict":"insufficient","gaps":[]}]}
[pass] V450-K05 invalid input is error; output unchanged
[core-case] {"id":"bad-infinite-position","accepted":false,"error":"core-invalid-coordinate","decisions":[{"claim":"unchanged","verdict":"insufficient","gaps":[]}]}
[pass] V450-K05 invalid input is error; output unchanged
[core-case] {"id":"bad-position-range","accepted":false,"error":"core-invalid-coordinate","decisions":[{"claim":"unchanged","verdict":"insufficient","gaps":[]}]}
[pass] V450-K05 invalid input is error; output unchanged
[core-case] {"id":"bad-coordinate-system","accepted":false,"error":"core-invalid-spec","decisions":[{"claim":"unchanged","verdict":"insufficient","gaps":[]}]}
[pass] V450-K05 invalid input is error; output unchanged
[core-case] {"id":"bad-duplicate-reference","accepted":false,"error":"core-invalid-reference","decisions":[{"claim":"unchanged","verdict":"insufficient","gaps":[]}]}
[pass] V450-K05 invalid input is error; output unchanged
[core-case] {"id":"bad-anchor","accepted":false,"error":"core-invalid-identity-anchor","decisions":[{"claim":"unchanged","verdict":"insufficient","gaps":[]}]}
[pass] V450-K05 invalid input is error; output unchanged
[core-case] {"id":"bad-version","accepted":false,"error":"core-invalid-spec","decisions":[{"claim":"unchanged","verdict":"insufficient","gaps":[]}]}
[pass] V450-K05 invalid input is error; output unchanged
[core-case] {"id":"bad-hidden-value","accepted":false,"error":"core-unobservable-value","decisions":[{"claim":"unchanged","verdict":"insufficient","gaps":[]}]}
[pass] V450-K05 invalid input is error; output unchanged
[core-case] {"id":"separate-identity-anchors","accepted":true,"error":"","decisions":[{"claim":"c0","verdict":"insufficient","gaps":[{"kind":"identity","target":"target0","beginPtsNs":0,"endPtsNs":1000000000,"frames":[0,1]}]}]}
[pass] V450-K05 independent expected decision
[pass] V450-K05 structured gap target and time reference
[pass] V450-K05 all independent gap expectations
[pass] V450-K05 budget fixture
[core-budget] {"claims":16,"unclear":0,"questions":0,"bytes":940,"accepted":true,"error":""}
[pass] V450-K05 full projection budget; no truncation
[pass] V450-K05 budget rejection preserves all claims
[pass] V450-K05 budget fixture
[core-budget] {"claims":8,"unclear":16,"questions":8,"bytes":1347,"accepted":true,"error":""}
[pass] V450-K05 full projection budget; no truncation
[pass] V450-K05 budget rejection preserves all claims
[pass] V450-K05 budget fixture
[core-budget] {"claims":9,"unclear":18,"questions":9,"bytes":1500,"accepted":false,"error":"projection-limit"}
[pass] V450-K05 full projection budget; no truncation
[pass] V450-K05 budget rejection preserves all claims
[pass] V450-K05 budget fixture
[core-budget] {"claims":12,"unclear":15,"questions":10,"bytes":1754,"accepted":true,"error":""}
[pass] V450-K05 full projection budget; no truncation
[pass] V450-K05 budget rejection preserves all claims
[pass] V450-K05 budget fixture
[core-budget] {"claims":13,"unclear":18,"questions":12,"bytes":2009,"accepted":false,"error":"projection-limit"}
[pass] V450-K05 full projection budget; no truncation
[pass] V450-K05 budget rejection preserves all claims
[pass] V450-K05 budget fixture
[core-budget] {"claims":4,"unclear":20,"questions":16,"bytes":1959,"accepted":false,"error":"projection-limit"}
[pass] V450-K05 full projection budget; no truncation
[pass] V450-K05 budget rejection preserves all claims
[pass] V450-K05 budget fixture
[core-budget] {"claims":17,"unclear":0,"questions":0,"bytes":991,"accepted":false,"error":"projection-limit"}
[pass] V450-K05 full projection budget; no truncation
[pass] V450-K05 budget rejection preserves all claims
[pass] V450-K05 budget fixture
[core-budget] {"claims":16,"unclear":15,"questions":12,"bytes":21842,"accepted":true,"error":""}
[pass] V450-K05 full projection budget; no truncation
[pass] V450-K05 budget rejection preserves all claims
[pass] V450-K05 budget fixture
[core-budget] {"claims":16,"unclear":15,"questions":12,"bytes":42322,"accepted":false,"error":"projection-limit"}
[pass] V450-K05 full projection budget; no truncation
[pass] V450-K05 budget rejection preserves all claims
[pass] V450-K05 budget fixture
[core-budget] {"claims":1,"unclear":7,"questions":6,"bytes":786,"accepted":false,"error":"projection-limit"}
[pass] V450-K05 full projection budget; no truncation
[pass] V450-K05 budget rejection preserves all claims
[pass] V450-K05 independent fixture loaded
[pass] V450-K05 typed observation codec
[pass] V450-K05 model decision/basis cannot select server policy
[pass] V450-K05 model decision/basis cannot select server policy
[pass] V450-K05 coordinate string rejected
[pass] V450-K05 all sixteen claims retained
[pass] V450-K05 per-claim identity preserved
[pass] V450-K05 per-claim identity preserved
[pass] V450-K05 per-claim identity preserved
[pass] V450-K05 per-claim identity preserved
[pass] V450-K05 per-claim identity preserved
[pass] V450-K05 per-claim identity preserved
[pass] V450-K05 per-claim identity preserved
[pass] V450-K05 per-claim identity preserved
[pass] V450-K05 per-claim identity preserved
[pass] V450-K05 per-claim identity preserved
[pass] V450-K05 per-claim identity preserved
[pass] V450-K05 per-claim identity preserved
[pass] V450-K05 per-claim identity preserved
[pass] V450-K05 per-claim identity preserved
[pass] V450-K05 per-claim identity preserved
[pass] V450-K05 per-claim identity preserved
[pass] V450-K05 owned image store
[pass] V450-K05 independent fixture loaded
[pass] V450-K05 isolated image input
[pass] V450-K05 frozen image request
[pass] V450-K05 isolated image input
[pass] V450-K05 frozen image request
[pass] V450-K05 isolated image input
[pass] V450-K05 frozen image request
[pass] V450-K05 isolated image input
[pass] V450-K05 frozen image request
[pass] V450-K05 isolated image input
[pass] V450-K05 frozen image request
[pass] V450-K05 isolated image input
[pass] V450-K05 frozen image request
[pass] V450-K05 isolated image input
[pass] V450-K05 frozen image request
[pass] V450-K05 isolated image input
[pass] V450-K05 frozen image request
[pass] V450-K05 adapter fixture store
[pass] V450-K05 isolated image input
[pass] V450-K05 pre-cancel prevents transport
[pass] V450-K05 HTTP bearer rejected before transport
[core-summary] actualModelCalls=0 publicPathConnected=false
[summary] pass=168 fail=0
[observation-plan-preserved] 5c932342d11fddd7f73e5245d0cddcc9b02ebbe46daf3fc9f47514de88a0920b
[cleanup] removed=true
