[start] 2026-10-05T22:40:40Z
c2853b4025b2db0df52461663ec312cdb27a83ce
Darwin arm64
[source] include/recording/evidence_frame_extractor.h c9251076c8b0de4250151977ba7fa29bdb5414dd2efad88a2a323b7301f5d62d
[source] include/recording/evidence_observation.h 9c14078c82ccbb0c87235d6814d5d074681a41ddc7aca81e6e63f8ed3e553eb7
[source] include/recording/evidence_package.h aab68e7c9ab6ca9c157ef5f9f450d094287fbe3e24050f4efecd3b2002f290f8
[source] include/recording/evidence_package_builder.h 15edcf153d024687b70776fe15508e1dd82dd4a1679c3a734563e36f6a00d78f
[source] include/recording/evidence_package_store.h 620fed23a1260646424f97c79fe2221ee5deba6ccd02ff849ce003d034bf7328
[source] scripts/internal/evidence_observation_smoke.cpp 6cd402d053dec32abbe8c4dfea8705560b219ade521311cdc74829eb405663f3
[source] src/recording/evidence_frame_extractor.cpp 867db47861bc15a242d12512b501c5d3cd90460eb85304d4d5fa337f1d0e69b8
[source] src/recording/evidence_observation.cpp 70e2458fc20d4b6a6f387795e770f6ab3fe9f6467678d1158ea13e3da20ece1b
[source] src/recording/evidence_package.cpp 0c28e3accd312f95301ebbdf201a8e0e9e94100fac44b1635fd63ea7e5f28f85
[source] src/recording/evidence_package_builder.cpp 3aeebd937ff7ffd4e3e3b1d50dd7e29173c21df90a8412bcd77d052cd3ab4f6d
[source] src/recording/evidence_package_store.cpp f26f1c81b1ea6984e5dac8bfb1dd8e6f206600f0d9e41a5737d1c4c5883123af
[pass] coordinate strict canonical roundtrip
[pass] letterbox real scale/padding accepted without applying inverse twice
[pass] invalid coordinate provenance rejected 0
[pass] invalid coordinate provenance rejected 1
[pass] invalid coordinate provenance rejected 2
[pass] invalid coordinate provenance rejected 3
[pass] invalid coordinate provenance rejected 4
[pass] unknown/duplicate/invalid fields rejected, output unchanged
[pass] unknown/duplicate/invalid fields rejected, output unchanged
[pass] unknown/duplicate/invalid fields rejected, output unchanged
[pass] real runtime storage: 
[pass] actual full-frame decoder start
[pass] decoder input packet
[pass] decoder input packet
[pass] actual decoder geometry: got=1 full=1; detector inference not run
[pass] writer start
[pass] one isolated source segment
[pass] search existing sample selection
[pass] source search hit
[pass] unchanged uniform 8 samples
[pass] mock VA -> actual projector -> catalog, 14 stored rows: 
[pass] stored rows available
[pass] separate package store ready
[pass] real v2 builder: 
[pass] v2 selected sample snapshots
[pass] analysis target != media track
[pass] exact endpoints and optional absence
[pass] immutable coordinate source cannot be overwritten by same observation ID
[pass] v2 strict snapshot read
[pass] package-only reader/core: 
[pass] A provenance remains in returned decisions envelope
[pass] original transform recovered
[pass] independent centers (40,45)/(120,45), no inverse-derived oracle
[pass] engine track: right supported / left contradicted
[pass] no hidden motion or unobserved color invented
[pass] absent observation remains unknown, not invisible
[pass] verified package file
[pass] test-owned preserved PNG read
[pass] test-owned preserved PNG read
[pass] test-owned preserved PNG read
[pass] test-owned preserved PNG read
[pass] test-owned preserved PNG read
[pass] test-owned preserved PNG read
[pass] test-owned preserved PNG read
[pass] test-owned preserved PNG read
[pass] actual path non-exact/provenance case 1: 
[pass] no nearest/ordinal/legacy/reuse/namespace/PTS promotion 1
[pass] unverified remains insufficient 1
[pass] sample choice and PNG invariant
[pass] sample choice and PNG invariant
[pass] sample choice and PNG invariant
[pass] sample choice and PNG invariant
[pass] sample choice and PNG invariant
[pass] sample choice and PNG invariant
[pass] sample choice and PNG invariant
[pass] sample choice and PNG invariant
[pass] actual path non-exact/provenance case 2: 
[pass] no nearest/ordinal/legacy/reuse/namespace/PTS promotion 2
[pass] unverified remains insufficient 2
[pass] sample choice and PNG invariant
[pass] sample choice and PNG invariant
[pass] sample choice and PNG invariant
[pass] sample choice and PNG invariant
[pass] sample choice and PNG invariant
[pass] sample choice and PNG invariant
[pass] sample choice and PNG invariant
[pass] sample choice and PNG invariant
[pass] actual path non-exact/provenance case 3: 
[pass] no nearest/ordinal/legacy/reuse/namespace/PTS promotion 3
[pass] unverified remains insufficient 3
[pass] sample choice and PNG invariant
[pass] sample choice and PNG invariant
[pass] sample choice and PNG invariant
[pass] sample choice and PNG invariant
[pass] sample choice and PNG invariant
[pass] sample choice and PNG invariant
[pass] sample choice and PNG invariant
[pass] sample choice and PNG invariant
[pass] actual path non-exact/provenance case 4: 
[pass] no nearest/ordinal/legacy/reuse/namespace/PTS promotion 4
[pass] unverified remains insufficient 4
[pass] sample choice and PNG invariant
[pass] sample choice and PNG invariant
[pass] sample choice and PNG invariant
[pass] sample choice and PNG invariant
[pass] sample choice and PNG invariant
[pass] sample choice and PNG invariant
[pass] sample choice and PNG invariant
[pass] sample choice and PNG invariant
[pass] actual path non-exact/provenance case 5: 
[pass] no nearest/ordinal/legacy/reuse/namespace/PTS promotion 5
[pass] unverified remains insufficient 5
[pass] sample choice and PNG invariant
[pass] sample choice and PNG invariant
[pass] sample choice and PNG invariant
[pass] sample choice and PNG invariant
[pass] sample choice and PNG invariant
[pass] sample choice and PNG invariant
[pass] sample choice and PNG invariant
[pass] sample choice and PNG invariant
[pass] actual path non-exact/provenance case 6: 
[pass] no nearest/ordinal/legacy/reuse/namespace/PTS promotion 6
[pass] unverified remains insufficient 6
[pass] sample choice and PNG invariant
[pass] sample choice and PNG invariant
[pass] sample choice and PNG invariant
[pass] sample choice and PNG invariant
[pass] sample choice and PNG invariant
[pass] sample choice and PNG invariant
[pass] sample choice and PNG invariant
[pass] sample choice and PNG invariant
[pass] store duplicate exact association as distinct observation
[pass] multiple exact observations remain ambiguous
[pass] tampered frame/ref/version/transform/state rejected 0
[pass] tampered frame/ref/version/transform/state rejected 1
[pass] tampered frame/ref/version/transform/state rejected 2
[pass] tampered frame/ref/version/transform/state rejected 3
[pass] tampered frame/ref/version/transform/state rejected 4
[pass] tampered frame/ref/version/transform/state rejected 5
[pass] tampered frame/ref/version/transform/state rejected 6
[pass] per-frame candidate bound rejects overrun
[pass] bounded metadata test has valid row
[pass] bounded metadata test has valid row
[pass] bounded metadata test has valid row
[pass] bounded metadata test has valid row
[pass] bounded metadata test has valid row
[pass] bounded metadata test has valid row
[pass] bounded metadata test has valid row
[pass] bounded metadata test has valid row
[pass] bounded metadata test has valid row
[pass] bounded metadata test has valid row
[pass] bounded metadata test has valid row
[pass] bounded metadata test has valid row
[pass] bounded metadata test has valid row
[pass] bounded metadata test has valid row
[pass] bounded metadata test has valid row
[pass] bounded metadata test has valid row
[pass] bounded metadata test has valid row
[pass] bounded metadata test has valid row
[pass] bounded metadata test has valid row
[pass] bounded metadata test has valid row
[pass] bounded metadata test has valid row
[pass] bounded metadata test has valid row
[pass] bounded metadata test has valid row
[pass] bounded metadata test has valid row
[pass] bounded metadata test has valid row
[pass] bounded metadata test has valid row
[pass] bounded metadata test has valid row
[pass] bounded metadata test has valid row
[pass] bounded metadata test has valid row
[pass] bounded metadata test has valid row
[pass] bounded metadata test has valid row
[pass] bounded metadata test has valid row
[pass] aggregate snapshot bytes capped, no silent truncation
[pass] coordinate field exists
[pass] model verdict/basis cannot enter record coordinate codec
[pass] existing builder still v1
[pass] v1/v2 PNG bytes unchanged
[pass] v1/v2 PNG bytes unchanged
[pass] v1/v2 PNG bytes unchanged
[pass] v1/v2 PNG bytes unchanged
[pass] v1/v2 PNG bytes unchanged
[pass] v1/v2 PNG bytes unchanged
[pass] v1/v2 PNG bytes unchanged
[pass] v1/v2 PNG bytes unchanged
[pass] v1 roundtrip/hash input unchanged
[pass] public VA input remains v1 only
[pass] public package route remains v1 only
[pass] public list excludes internal v2
[pass] public asset route does not expose internal v2
[pass] list before failure injection
[pass] cancelled publication leaves output unchanged
[pass] cancel after pending-file creation aborts atomic publication
[pass] mid-publication catalog mutation rejected
[pass] failed publish leaves no new ID or pending file
[pass] actual package byte tamper is error, not missing observation
[pass] checkpoint versioned observations
[result] phase=seed checks=177 model_calls=0 detector_inferences=0
[pass] new process catalog recovery
[pass] journal/checkpoint recovery preserves original v1/v2 rows and exact provenance bytes
[result] phase=recover checks=2 model_calls=0 detector_inferences=0
[pass] original media and catalog actually absent before new reader
[pass] independent package-only exact metadata bytes
[pass] package-only reader/core: 
[pass] A provenance remains in returned decisions envelope
[pass] original transform recovered
[pass] independent centers (40,45)/(120,45), no inverse-derived oracle
[pass] engine track: right supported / left contradicted
[pass] no hidden motion or unobserved color invented
[pass] absent observation remains unknown, not invisible
[result] phase=readback checks=9 model_calls=0 detector_inferences=0
[end] 2026-10-05T22:40:44Z
[cleanup] removed=true
