[pass] B08-I02 SQLite 임시 journal의 목록화 뒤 ENOENT만 구분
[pass] B11-O04 live 파일 소멸은 전체 측정 재시작 후 정확히 포함
[pass] B11-O04 세대 transaction의 일시적 두 링크는 전체 측정만 재시작
[pass] B11-O04 세그먼트 partial 무교체 게시의 두 링크는 전체 측정만 재시작
[pass] LP26-O06-A disjoint categories preserve exact aggregate and redact names
[pass] LP26-O06-A partial media and cleanup markers remain disjoint in aggregate
[pass] LP26-O06-B exact 448 MiB logical cap remains inclusive
[pass] LP26-O06-C cache symlink counts link only and unsafe links fail closed
[pass] LP26-O06-D SQLite page observation uses bounded read-only numeric PRAGMA and fails closed
[pass] B06-V04 B components disjoint and current SQLite preferred over retained legacy cache
[pass] LP26-O06-C runner retains timeout and emits periodic and failure measurements
[pass] B11-O05 live SQLite PRAGMA를 금지하고 종료 뒤에만 page 통계를 측정
[pass] B06-V04 staged components count as transaction, not committed generation
[pass] W01 fixed/variable total and unknown files
[pass] W02 boundary equality and overage fail closed
[pass] W03 changed, replaced, missing fixed files are never rebased
[pass] W04 copy ownership symlink and entry limits
[pass] W05 async native success monitored and group closed
[pass] W06 actual native temporary growth detected during execution
[pass] W07 child failure remains failure
[pass] W08 observation failure stops child and cannot pass
[cleanup] {"root":"/private/var/folders/k0/qhmr6zdx11q0_41wfx4dsd200000gn/T/media-server-root-storage-test-2WaOf4","bytes":34243,"absent":true}
{"scope":"root-storage-short-self-test","passed":21,"failed":0,"elapsedMs":457,"longrunPass":false,"tokenStart":null,"tokenEnd":null,"tokenConsumed":null,"tokenSource":"전용 집계 없음"}
