✔ late search response cannot replace newer query or revive invalidated results (23.61425ms)
✔ late seek and metadata cannot move a newer selected file (0.818292ms)
✔ expired snapshot asks for new search and never loads a file (0.538334ms)
✔ setting currentTime is seeking, only current media completion succeeds (0.506ms)
✔ same URL new selection rejects old metadata seeked and error events (0.647209ms)
✔ completion requires data, no pending seek, no media error, and target within frame tolerance (0.49375ms)
✔ same current position waits for current data without needing seeked (0.83025ms)
✔ bounds invalid response unsupported position and media failure remain distinct (0.421375ms)
✔ incomplete evidence is not empty success (0.376417ms)
✔ seeked before current data stays pending until loadeddata (0.558083ms)
✖ restart MAC error400 and same-pool expiry410 clear results with distinct guidance (2.174416ms)
ℹ tests 11
ℹ suites 0
ℹ pass 10
ℹ fail 1
ℹ cancelled 0
ℹ skipped 0
ℹ todo 0
ℹ duration_ms 62.860667

✖ failing tests:

test at scripts/internal/recording_search_ui_state.test.mjs:116:1
✖ restart MAC error400 and same-pool expiry410 clear results with distinct guidance (2.174416ms)
  AssertionError [ERR_ASSERTION]: The expression evaluated to a falsy value:
  
    assert(el('opsSearchPlayer').paused)
  
      at TestContext.<anonymous> (file:///Users/dhseo/Workspace/mediaServer/scripts/internal/recording_search_ui_state.test.mjs:121:156)
      at async Test.run (node:internal/test_runner/test:1113:7)
      at async Test.processPendingSubtests (node:internal/test_runner/test:788:7) {
    generatedMessage: true,
    code: 'ERR_ASSERTION',
    actual: undefined,
    expected: true,
    operator: '==',
    diff: 'simple'
  }
