✔ late search response cannot replace newer query or revive invalidated results (9.54925ms)
✔ late seek and metadata cannot move a newer selected file (0.722ms)
✔ expired snapshot asks for new search and never loads a file (0.540958ms)
✔ setting currentTime is seeking, only current media completion succeeds (0.574584ms)
✔ same URL new selection rejects old metadata seeked and error events (0.625625ms)
✔ completion requires data, no pending seek, no media error, and target within frame tolerance (0.523125ms)
✔ same current position waits for current data without needing seeked (0.867667ms)
✔ bounds invalid response unsupported position and media failure remain distinct (0.491083ms)
✔ incomplete evidence is not empty success (0.437083ms)
✔ seeked before current data stays pending until loadeddata (0.537083ms)
✖ restart MAC error400 and same-pool expiry410 clear results with distinct guidance (2.6515ms)
ℹ tests 11
ℹ suites 0
ℹ pass 10
ℹ fail 1
ℹ cancelled 0
ℹ skipped 0
ℹ todo 0
ℹ duration_ms 48.96175

✖ failing tests:

test at scripts/internal/recording_search_ui_state.test.mjs:116:1
✖ restart MAC error400 and same-pool expiry410 clear results with distinct guidance (2.6515ms)
  TypeError: Cannot read properties of undefined (reading 'dataset')
      at TestContext.<anonymous> (file:///Users/dhseo/Workspace/mediaServer/scripts/internal/recording_search_ui_state.test.mjs:123:266)
      at async Test.run (node:internal/test_runner/test:1113:7)
      at async Test.processPendingSubtests (node:internal/test_runner/test:788:7)
