[profile-selftest-cleanup] {"bytes":433,"removed":true}
[profile-selftest-cleanup] {"bytes":4206,"removed":true}
[profile-selftest-cleanup] {"bytes":1954,"removed":true}
[profile-selftest-cleanup] {"bytes":1967,"removed":true}
[profile-selftest-cleanup] {"bytes":110,"removed":true}
[profile-selftest-cleanup] {"bytes":4197,"removed":true}
[profile-selftest-cleanup] {"bytes":1338,"removed":true}
[profile-selftest-cleanup] {"bytes":1332,"removed":true}
✔ LP23-DH01 phase nesting and completed diagnostic remain distinct from app PASS (0.710833ms)
✔ LP23-DH02 timeout preserves last open phase without synthetic completion (0.134209ms)
✔ LP23-DH03 partial malformed unknown and secret-bearing trace rows reject (9.67025ms)
✔ O28-D01 child termination classes and bounded metadata remain distinct (0.248708ms)
✔ O28-D02 missing partial malformed loss and incomplete traces never synthesize completion (0.152667ms)
✔ O28-R01 known failure와 timeout receipt를 원문 없이 immutable 선보존 (25.319375ms)
✔ O28-R02 partial trace는 검증된 prefix/open phase만 receipt에 보존 (8.934667ms)
✔ O28-R02 loss row는 고정형만 receipt에 보존 (8.936292ms)
✔ O28-R03 source manifest symlink와 receipt schema 변조를 fail closed (1.209042ms)
✔ O28-R04 동일 입력 receipt 재실행 동등성과 cleanup proof 네 조건 (17.477709ms)
✔ O28-R04 accumulation receipt는 최초 실패·미종료 group·고정 진단을 결속 (8.413ms)
✔ O28-R04 parent drain 실패는 성공 child와 별도로 receipt에 보존 (8.892875ms)
[profile-selftest-cleanup] {"bytes":6,"removed":true}
[profile-selftest-cleanup] {"bytes":4204,"removed":true}
[profile-selftest-cleanup] {"bytes":142,"removed":true}
[profile-selftest-cleanup] {"bytes":1,"removed":true}
[profile-selftest-cleanup] {"bytes":2225,"removed":true}
[profile-native] {"compileExit":0,"runExit":0,"sourceSha256":"ba5448b720bb359358ab71258daaeec685769e654260b4a1131cd357d460a078","binarySha256":"b4771dcf6756427cd4b7ceb6d31812f009ac3100c4788e2e6cac0c6877b625f3"}
[profile-selftest-cleanup] {"bytes":56503,"removed":true}
[profile-selftest-cleanup] {"bytes":8,"removed":true}
✔ O28-R04 실제 synthetic child group의 열린 상태와 종료를 구분 (3.148041ms)
✔ O28-R04 source manifest는 실행 전 snapshot과 동일 길이 사후 변조를 구분 (0.646792ms)
✔ O28-M01 ownership receipt는 성공 전체·generate 실패 prefix·default null command를 구분 (26.096209ms)
✔ O28-C04 accumulation store receipt는 case 저장소만 결속하고 root 도구 symlink는 제외 (3.44025ms)
✔ LP23-DH04 owned nofollow copy preserves every byte and rejects foreign scope (6.514708ms)
✔ LP23-DH05 changed original or unconfirmed child blocks cleanup (1.427875ms)
✔ B06-V04 generation observation 실제 header fingerprint를 receipt에 보존 (9.732875ms)
✔ LP23-DH06 exact instrumentation drift and trace bounds fail closed (345.645125ms)
✔ workspace copy callback refuses equality before writing and preserves source hash (2.039084ms)
ℹ tests 21
ℹ suites 0
ℹ pass 21
ℹ fail 0
ℹ cancelled 0
ℹ skipped 0
ℹ todo 0
ℹ duration_ms 525.357
