[owned-root] {"root":"/private/var/folders/k0/qhmr6zdx11q0_41wfx4dsd200000gn/T/media-server-current-observer-R9Tltt","dev":16777232,"ino":166277498,"uid":501}
[pass] LP26-O05 fixed current executable
[fixture-generation] {"status":0,"signal":null,"errorCode":null,"elapsedMs":1405,"timeoutMs":30000,"stdoutBytes":0,"stderrBytes":0,"outputBytes":62334405,"categories":{"missingElement":false,"negotiation":false,"pluginScanner":false,"permission":false,"resource":false,"macosService":false},"rawBodyPublished":false}
[pass] LP26-O05 original bounded retention fixture
[workspace-fixed] {"root":"/private/var/folders/k0/qhmr6zdx11q0_41wfx4dsd200000gn/T/media-server-current-observer-R9Tltt","dev":16777232,"ino":166277498,"uid":501,"capBytes":469762048,"fixedBytes":135130173,"files":[{"name":"input/retention-9101.mp4","dev":16777232,"ino":166277818,"uid":501,"mode":33188,"size":62334405,"mtimeMs":1791030399778.192,"ctimeMs":1791030399778.192,"sha256":"7ffc28d56037f79942159dc580887f5fe04ac06d9bcb96b5368a2c73690d4d53"},{"name":"input/retention-9201.mp4","dev":16777232,"ino":166277819,"uid":501,"mode":33188,"size":62334405,"mtimeMs":1791030399809.8442,"ctimeMs":1791030399809.8442,"sha256":"7ffc28d56037f79942159dc580887f5fe04ac06d9bcb96b5368a2c73690d4d53"},{"name":"normalize","dev":16777232,"ino":166277802,"uid":501,"mode":33261,"size":10092072,"mtimeMs":1791030398022.9294,"ctimeMs":1791030398022.9294,"sha256":"fb69bb3a7e59352b946727723120371deef2aef069b35873aaeae538f145f8c8"},{"name":"process-metrics","dev":16777232,"ino":166277805,"uid":501,"mode":33261,"size":82880,"mtimeMs":1791030398290.2715,"ctimeMs":1791030398290.2715,"sha256":"e35370a1e56df52b556e7aa493789039cabf9011192ed0591bcef58c6b382e19"},{"name":"catalog-instrumented.cpp","dev":16777232,"ino":166277787,"uid":501,"mode":33152,"size":286411,"mtimeMs":1791030395730.64,"ctimeMs":1791030395730.64,"sha256":"3e22fc779594229e7e889460cbb3156b650214027c15249d215d29715d1b36fc"}]}
[pass] LP26-O05 distinct canonical sources
[request-budget] {"elapsedMs":1}
[http-timing] {"method":"GET","routeClass":"health","status":null,"headerElapsedMs":null,"bodyElapsedMs":null,"totalElapsedMs":3,"bytes":0,"phase":"header","outcome":"error"}
[request-budget] {"elapsedMs":1}
[http-timing] {"method":"GET","routeClass":"health","status":null,"headerElapsedMs":null,"bodyElapsedMs":null,"totalElapsedMs":0,"bytes":0,"phase":"header","outcome":"error"}
[request-budget] {"elapsedMs":1}
[http-timing] {"method":"GET","routeClass":"health","status":null,"headerElapsedMs":null,"bodyElapsedMs":null,"totalElapsedMs":0,"bytes":0,"phase":"header","outcome":"error"}
[request-budget] {"elapsedMs":1}
[http-timing] {"method":"GET","routeClass":"health","status":null,"headerElapsedMs":null,"bodyElapsedMs":null,"totalElapsedMs":1,"bytes":0,"phase":"header","outcome":"error"}
[request-budget] {"elapsedMs":1}
[http-timing] {"method":"GET","routeClass":"health","status":null,"headerElapsedMs":null,"bodyElapsedMs":null,"totalElapsedMs":1,"bytes":0,"phase":"header","outcome":"error"}
[request-budget] {"elapsedMs":1}
[http-timing] {"method":"GET","routeClass":"health","status":null,"headerElapsedMs":null,"bodyElapsedMs":null,"totalElapsedMs":0,"bytes":0,"phase":"header","outcome":"error"}
[request-budget] {"elapsedMs":1}
[http-timing] {"method":"GET","routeClass":"health","status":null,"headerElapsedMs":null,"bodyElapsedMs":null,"totalElapsedMs":0,"bytes":0,"phase":"header","outcome":"error"}
[request-budget] {"elapsedMs":1}
[http-timing] {"method":"GET","routeClass":"health","status":null,"headerElapsedMs":null,"bodyElapsedMs":null,"totalElapsedMs":0,"bytes":0,"phase":"header","outcome":"error"}
[request-budget] {"elapsedMs":1}
[http-timing] {"method":"GET","routeClass":"health","status":null,"headerElapsedMs":null,"bodyElapsedMs":null,"totalElapsedMs":1,"bytes":0,"phase":"header","outcome":"error"}
[request-budget] {"elapsedMs":1}
[http-timing] {"method":"GET","routeClass":"health","status":null,"headerElapsedMs":null,"bodyElapsedMs":null,"totalElapsedMs":1,"bytes":0,"phase":"header","outcome":"error"}
[request-budget] {"elapsedMs":1}
[http-timing] {"method":"GET","routeClass":"health","status":null,"headerElapsedMs":null,"bodyElapsedMs":null,"totalElapsedMs":0,"bytes":0,"phase":"header","outcome":"error"}
[request-budget] {"elapsedMs":1}
[http-timing] {"method":"GET","routeClass":"health","status":null,"headerElapsedMs":null,"bodyElapsedMs":null,"totalElapsedMs":0,"bytes":0,"phase":"header","outcome":"error"}
[request-budget] {"elapsedMs":1}
[http-timing] {"method":"GET","routeClass":"health","status":200,"headerElapsedMs":4,"bodyElapsedMs":1,"totalElapsedMs":5,"bytes":15,"phase":"complete","outcome":"ok"}
[request-budget] {"elapsedMs":1}
[http-timing] {"method":"GET","routeClass":"ice","status":200,"headerElapsedMs":1,"bodyElapsedMs":0,"totalElapsedMs":1,"bytes":222,"phase":"complete","outcome":"ok"}
[pass] LP26-O05 isolated server healthy
[request-budget] {"elapsedMs":1}
[http-timing] {"method":"GET","routeClass":"recording-status","status":200,"headerElapsedMs":1,"bodyElapsedMs":0,"totalElapsedMs":1,"bytes":1198,"phase":"complete","outcome":"ok"}
[pass] LP26-O05 independent initial channels
[request-budget] {"elapsedMs":1}
[http-timing] {"method":"POST","routeClass":"source","status":201,"headerElapsedMs":89,"bodyElapsedMs":0,"totalElapsedMs":89,"bytes":437,"phase":"complete","outcome":"ok"}
[request-budget] {"elapsedMs":1}
[http-timing] {"method":"POST","routeClass":"source","status":201,"headerElapsedMs":11,"bodyElapsedMs":0,"totalElapsedMs":11,"bytes":437,"phase":"complete","outcome":"ok"}
[root-storage] {"reason":"sample","final":false,"elapsedMs":3512,"journalMutationTypes":{"segment_finalized":0,"event_link_created":0,"observation_put":0,"observation_v2_put":0,"deletion_requested":0,"deletion_completed":0,"corruption_detected":0,"recording_order_reserved":2,"segment_v2_finalized":0,"segment_v2_bound_finalized":0,"consumer_reference_put":0,"derived_reference_accepted":0,"referenced_observation_put":0,"derived_job_intent":0,"derived_job_files":0,"derived_job_ready":0,"derived_job_committed":0,"derived_job_complete":0,"derived_job_failed":0,"segment_v2_state":0,"segment_v2_deleted":0},"journalMutationTypesCoverage":"drained-prefix-only; unread-or-partial-tail-excluded","totalBytes":156511929,"capBytes":604892221,"capExceeded":false,"entries":318,"categories":{"input":{"bytes":124668810,"files":2},"media":{"bytes":0,"files":0},"mediaPartial":{"bytes":18178622,"files":2},"journal":{"bytes":922,"files":2},"checkpoint":{"bytes":0,"files":0},"generationSnapshot":{"bytes":267,"files":1},"generationIdentity":{"bytes":160,"files":1},"generationEvidence":{"bytes":0,"files":0},"generationManifest":{"bytes":391,"files":1},"generationTransaction":{"bytes":0,"files":0},"sqlite":{"bytes":49152,"files":1},"wal":{"bytes":0,"files":0},"sqliteAux":{"bytes":0,"files":0},"tmp":{"bytes":0,"files":0},"log":{"bytes":1049,"files":1},"state":{"bytes":4655,"files":2},"events":{"bytes":0,"files":0},"cache":{"bytes":3146149,"files":280},"tools":{"bytes":10174952,"files":2},"recordingsOther":{"bytes":389,"files":5},"other":{"bytes":286411,"files":1}},"ownership":{"productRecording":{"bytes":18229903,"files":13},"fixtureInput":{"bytes":124668810,"files":2},"observerTools":{"bytes":10174952,"files":2},"cache":{"bytes":3146149,"files":280},"temporary":{"bytes":0,"files":0},"runtimeSupport":{"bytes":5704,"files":3},"other":{"bytes":286411,"files":1}},"transientJournalMisses":0,"measurement":"logical-file-bytes-nonatomic","rawPathsPublished":false,"transientTreeRetries":0,"fixedBytes":135130173,"variableBytes":21381756,"copyBytes":0,"combinedBytes":156511929,"rootCapBytes":604892221,"combinedCapBytes":1074654269,"copyEntries":0,"workspacePolicy":"fixed-plus-variable-v1"}
[current-observation] {"pid":81947,"startIdentity":"macos:1791030399:868939","sampledAt":1791030401463,"phaseAt":3147.681542,"rssBytes":90472448,"threadCount":29,"fdCount":29,"mutationCount":2,"typeCounts":{"segment_finalized":0,"event_link_created":0,"observation_put":0,"observation_v2_put":0,"deletion_requested":0,"deletion_completed":0,"corruption_detected":0,"recording_order_reserved":2,"segment_v2_finalized":0,"segment_v2_bound_finalized":0,"consumer_reference_put":0,"derived_reference_accepted":0,"referenced_observation_put":0,"derived_job_intent":0,"derived_job_files":0,"derived_job_ready":0,"derived_job_committed":0,"derived_job_complete":0,"derived_job_failed":0,"segment_v2_state":0,"segment_v2_deleted":0},"identityBytes":378,"combinedLogicalIds":4,"combinedLogicalBytes":378,"rotations":0,"partialBytes":0,"progress":{"elapsedMs":223.64779199999975,"channels":{"9101":{"finalized":0,"deleted":0,"lastAt":2924.03375,"order":"0","store":null,"knownMappings":0,"unknownMappings":0},"9201":{"finalized":0,"deleted":0,"lastAt":2924.03375,"order":"0","store":null,"knownMappings":0,"unknownMappings":0}},"records":0,"logicalBytes":0},"resourceTrendPass":false}
[sample-timing] {"sampleIndex":1,"metricsMs":223.31158400000004,"drainMs":385.08683299999984,"storageMs":1.3080829999998969,"totalMs":609.7869169999999}
[request-budget] {"elapsedMs":1}
[http-timing] {"method":"GET","routeClass":"recording-status","status":200,"headerElapsedMs":1,"bodyElapsedMs":0,"totalElapsedMs":1,"bytes":1598,"phase":"complete","outcome":"ok"}
[pass] LP26-O05 active 9101
[pass] LP26-O05 active 9201
[root-storage] {"reason":"sample","final":false,"elapsedMs":8145,"journalMutationTypes":{"segment_finalized":0,"event_link_created":0,"observation_put":0,"observation_v2_put":0,"deletion_requested":0,"deletion_completed":0,"corruption_detected":0,"recording_order_reserved":4,"segment_v2_finalized":0,"segment_v2_bound_finalized":2,"consumer_reference_put":0,"derived_reference_accepted":0,"referenced_observation_put":0,"derived_job_intent":0,"derived_job_files":0,"derived_job_ready":0,"derived_job_committed":0,"derived_job_complete":0,"derived_job_failed":0,"segment_v2_state":0,"segment_v2_deleted":0},"journalMutationTypesCoverage":"drained-prefix-only; unread-or-partial-tail-excluded","totalBytes":263107135,"capBytes":604892221,"capExceeded":false,"entries":322,"categories":{"input":{"bytes":124668810,"files":2},"media":{"bytes":62334382,"files":2},"mediaPartial":{"bytes":62336174,"files":2},"journal":{"bytes":22622,"files":2},"checkpoint":{"bytes":0,"files":0},"generationSnapshot":{"bytes":267,"files":1},"generationIdentity":{"bytes":160,"files":1},"generationEvidence":{"bytes":0,"files":0},"generationManifest":{"bytes":391,"files":1},"generationTransaction":{"bytes":0,"files":0},"sqlite":{"bytes":73728,"files":1},"wal":{"bytes":0,"files":0},"sqliteAux":{"bytes":0,"files":0},"tmp":{"bytes":0,"files":0},"log":{"bytes":1049,"files":1},"state":{"bytes":4655,"files":2},"events":{"bytes":0,"files":0},"cache":{"bytes":3146149,"files":280},"tools":{"bytes":10174952,"files":2},"recordingsOther":{"bytes":57385,"files":7},"other":{"bytes":286411,"files":1}},"ownership":{"productRecording":{"bytes":124825109,"files":17},"fixtureInput":{"bytes":124668810,"files":2},"observerTools":{"bytes":10174952,"files":2},"cache":{"bytes":3146149,"files":280},"temporary":{"bytes":0,"files":0},"runtimeSupport":{"bytes":5704,"files":3},"other":{"bytes":286411,"files":1}},"transientJournalMisses":0,"measurement":"logical-file-bytes-nonatomic","rawPathsPublished":false,"transientTreeRetries":0,"fixedBytes":135130173,"variableBytes":127976962,"copyBytes":0,"combinedBytes":263107135,"rootCapBytes":604892221,"combinedCapBytes":1074654269,"copyEntries":0,"workspacePolicy":"fixed-plus-variable-v1"}
[current-observation] {"pid":81947,"startIdentity":"macos:1791030399:868939","sampledAt":1791030406467,"phaseAt":8150.982583,"rssBytes":217530368,"threadCount":26,"fdCount":23,"mutationCount":6,"typeCounts":{"segment_finalized":0,"event_link_created":0,"observation_put":0,"observation_v2_put":0,"deletion_requested":0,"deletion_completed":0,"corruption_detected":0,"recording_order_reserved":4,"segment_v2_finalized":0,"segment_v2_bound_finalized":2,"consumer_reference_put":0,"derived_reference_accepted":0,"referenced_observation_put":0,"derived_job_intent":0,"derived_job_files":0,"derived_job_ready":0,"derived_job_committed":0,"derived_job_complete":0,"derived_job_failed":0,"segment_v2_state":0,"segment_v2_deleted":0},"identityBytes":1104,"combinedLogicalIds":14,"combinedLogicalBytes":2290,"rotations":0,"partialBytes":0,"progress":{"elapsedMs":5226.948833,"channels":{"9101":{"finalized":1,"deleted":0,"lastAt":8150.982583,"order":"1","store":"9b81e5120fea096b602938c9f068ca413f8352254b2d9559e7dd932d705dd1b3","knownMappings":0,"unknownMappings":44},"9201":{"finalized":1,"deleted":0,"lastAt":8150.982583,"order":"2","store":"9b81e5120fea096b602938c9f068ca413f8352254b2d9559e7dd932d705dd1b3","knownMappings":1,"unknownMappings":44}},"records":2,"logicalBytes":1186},"resourceTrendPass":false}
[sample-timing] {"sampleIndex":2,"metricsMs":1.8309580000004644,"drainMs":15.176124999999956,"storageMs":1.2111669999994774,"totalMs":18.285915999999816}
[request-budget] {"elapsedMs":1}
[http-timing] {"method":"GET","routeClass":"recording-status","status":200,"headerElapsedMs":1,"bodyElapsedMs":0,"totalElapsedMs":1,"bytes":1612,"phase":"complete","outcome":"ok"}
[pass] LP26-O05 active 9101
[pass] LP26-O05 active 9201
[pass] LP26-O03 deleted media absent
[pass] LP26-O03 deleted media absent
[pass] LP26-O03 deleted media absent
[pass] LP26-O03 deleted media absent
[root-storage] {"reason":"sample","final":false,"elapsedMs":13208,"journalMutationTypes":{"segment_finalized":0,"event_link_created":0,"observation_put":0,"observation_v2_put":0,"deletion_requested":0,"deletion_completed":0,"corruption_detected":0,"recording_order_reserved":10,"segment_v2_finalized":0,"segment_v2_bound_finalized":8,"consumer_reference_put":0,"derived_reference_accepted":0,"referenced_observation_put":0,"derived_job_intent":0,"derived_job_files":0,"derived_job_ready":0,"derived_job_committed":0,"derived_job_complete":0,"derived_job_failed":0,"segment_v2_state":4,"segment_v2_deleted":4},"journalMutationTypesCoverage":"drained-prefix-only; unread-or-partial-tail-excluded","totalBytes":325510665,"capBytes":604892221,"capExceeded":false,"entries":322,"categories":{"input":{"bytes":124668810,"files":2},"media":{"bytes":124670556,"files":4},"mediaPartial":{"bytes":62334382,"files":2},"journal":{"bytes":95518,"files":2},"checkpoint":{"bytes":0,"files":0},"generationSnapshot":{"bytes":267,"files":1},"generationIdentity":{"bytes":160,"files":1},"generationEvidence":{"bytes":0,"files":0},"generationManifest":{"bytes":391,"files":1},"generationTransaction":{"bytes":0,"files":0},"sqlite":{"bytes":126976,"files":1},"wal":{"bytes":0,"files":0},"sqliteAux":{"bytes":0,"files":0},"tmp":{"bytes":0,"files":0},"log":{"bytes":1049,"files":1},"state":{"bytes":4655,"files":2},"events":{"bytes":0,"files":0},"cache":{"bytes":3146149,"files":280},"tools":{"bytes":10174952,"files":2},"recordingsOther":{"bytes":389,"files":5},"other":{"bytes":286411,"files":1}},"ownership":{"productRecording":{"bytes":187228639,"files":17},"fixtureInput":{"bytes":124668810,"files":2},"observerTools":{"bytes":10174952,"files":2},"cache":{"bytes":3146149,"files":280},"temporary":{"bytes":0,"files":0},"runtimeSupport":{"bytes":5704,"files":3},"other":{"bytes":286411,"files":1}},"transientJournalMisses":0,"measurement":"logical-file-bytes-nonatomic","rawPathsPublished":false,"transientTreeRetries":0,"fixedBytes":135130173,"variableBytes":190380492,"copyBytes":0,"combinedBytes":325510665,"rootCapBytes":604892221,"combinedCapBytes":1074654269,"copyEntries":0,"workspacePolicy":"fixed-plus-variable-v1"}
[current-observation] {"pid":81947,"startIdentity":"macos:1791030399:868939","sampledAt":1791030411468,"phaseAt":13152.570542,"rssBytes":221429760,"threadCount":26,"fdCount":20,"mutationCount":26,"typeCounts":{"segment_finalized":0,"event_link_created":0,"observation_put":0,"observation_v2_put":0,"deletion_requested":0,"deletion_completed":0,"corruption_detected":0,"recording_order_reserved":10,"segment_v2_finalized":0,"segment_v2_bound_finalized":8,"consumer_reference_put":0,"derived_reference_accepted":0,"referenced_observation_put":0,"derived_job_intent":0,"derived_job_files":0,"derived_job_ready":0,"derived_job_committed":0,"derived_job_complete":0,"derived_job_failed":0,"segment_v2_state":4,"segment_v2_deleted":4},"identityBytes":4609,"combinedLogicalIds":60,"combinedLogicalBytes":9388,"rotations":0,"partialBytes":0,"progress":{"elapsedMs":10228.536791999999,"channels":{"9101":{"finalized":4,"deleted":2,"lastAt":13152.570542,"order":"7","store":"9b81e5120fea096b602938c9f068ca413f8352254b2d9559e7dd932d705dd1b3","knownMappings":3,"unknownMappings":98},"9201":{"finalized":4,"deleted":2,"lastAt":13152.570542,"order":"8","store":"9b81e5120fea096b602938c9f068ca413f8352254b2d9559e7dd932d705dd1b3","knownMappings":3,"unknownMappings":162}},"records":8,"logicalBytes":4779},"resourceTrendPass":false}
[sample-timing] {"sampleIndex":3,"metricsMs":1.9479579999988346,"drainMs":76.11741699999948,"storageMs":1.4555829999990237,"totalMs":79.58608300000014}
[request-budget] {"elapsedMs":1}
[http-timing] {"method":"GET","routeClass":"recording-status","status":200,"headerElapsedMs":1,"bodyElapsedMs":0,"totalElapsedMs":1,"bytes":1612,"phase":"complete","outcome":"ok"}
[pass] LP26-O05 active 9101
[pass] LP26-O05 active 9201
[pass] LP26-O03 deleted media absent
[pass] LP26-O03 deleted media absent
[pass] LP26-O03 deleted media absent
[pass] LP26-O03 deleted media absent
[root-storage] {"reason":"sample","final":false,"elapsedMs":18203,"journalMutationTypes":{"segment_finalized":0,"event_link_created":0,"observation_put":0,"observation_v2_put":0,"deletion_requested":0,"deletion_completed":0,"corruption_detected":0,"recording_order_reserved":14,"segment_v2_finalized":0,"segment_v2_bound_finalized":12,"consumer_reference_put":0,"derived_reference_accepted":0,"referenced_observation_put":0,"derived_job_intent":0,"derived_job_files":0,"derived_job_ready":0,"derived_job_committed":0,"derived_job_complete":0,"derived_job_failed":0,"segment_v2_state":8,"segment_v2_deleted":8},"journalMutationTypesCoverage":"drained-prefix-only; unread-or-partial-tail-excluded","totalBytes":325639879,"capBytes":604892221,"capExceeded":false,"entries":324,"categories":{"input":{"bytes":124668810,"files":2},"media":{"bytes":124670556,"files":4},"mediaPartial":{"bytes":62334382,"files":2},"journal":{"bytes":146200,"files":2},"checkpoint":{"bytes":0,"files":0},"generationSnapshot":{"bytes":267,"files":1},"generationIdentity":{"bytes":160,"files":1},"generationEvidence":{"bytes":0,"files":0},"generationManifest":{"bytes":391,"files":1},"generationTransaction":{"bytes":0,"files":0},"sqlite":{"bytes":147456,"files":1},"wal":{"bytes":0,"files":0},"sqliteAux":{"bytes":0,"files":0},"tmp":{"bytes":0,"files":0},"log":{"bytes":1049,"files":1},"state":{"bytes":4655,"files":2},"events":{"bytes":0,"files":0},"cache":{"bytes":3146149,"files":280},"tools":{"bytes":10174952,"files":2},"recordingsOther":{"bytes":58441,"files":7},"other":{"bytes":286411,"files":1}},"ownership":{"productRecording":{"bytes":187357853,"files":19},"fixtureInput":{"bytes":124668810,"files":2},"observerTools":{"bytes":10174952,"files":2},"cache":{"bytes":3146149,"files":280},"temporary":{"bytes":0,"files":0},"runtimeSupport":{"bytes":5704,"files":3},"other":{"bytes":286411,"files":1}},"transientJournalMisses":0,"measurement":"logical-file-bytes-nonatomic","rawPathsPublished":false,"transientTreeRetries":0,"fixedBytes":135130173,"variableBytes":190509706,"copyBytes":0,"combinedBytes":325639879,"rootCapBytes":604892221,"combinedCapBytes":1074654269,"copyEntries":0,"workspacePolicy":"fixed-plus-variable-v1"}
[current-observation] {"pid":81947,"startIdentity":"macos:1791030399:868939","sampledAt":1791030416471,"phaseAt":18154.875042,"rssBytes":223084544,"threadCount":25,"fdCount":23,"mutationCount":42,"typeCounts":{"segment_finalized":0,"event_link_created":0,"observation_put":0,"observation_v2_put":0,"deletion_requested":0,"deletion_completed":0,"corruption_detected":0,"recording_order_reserved":14,"segment_v2_finalized":0,"segment_v2_bound_finalized":12,"consumer_reference_put":0,"derived_reference_accepted":0,"referenced_observation_put":0,"derived_job_intent":0,"derived_job_files":0,"derived_job_ready":0,"derived_job_committed":0,"derived_job_complete":0,"derived_job_failed":0,"segment_v2_state":8,"segment_v2_deleted":8},"identityBytes":7393,"combinedLogicalIds":96,"combinedLogicalBytes":14565,"rotations":0,"partialBytes":0,"progress":{"elapsedMs":15230.841292,"channels":{"9101":{"finalized":6,"deleted":4,"lastAt":18154.875042,"order":"11","store":"9b81e5120fea096b602938c9f068ca413f8352254b2d9559e7dd932d705dd1b3","knownMappings":4,"unknownMappings":180},"9201":{"finalized":6,"deleted":4,"lastAt":18154.875042,"order":"12","store":"9b81e5120fea096b602938c9f068ca413f8352254b2d9559e7dd932d705dd1b3","knownMappings":4,"unknownMappings":240}},"records":12,"logicalBytes":7172},"resourceTrendPass":false}
[sample-timing] {"sampleIndex":4,"metricsMs":1.9365409999991243,"drainMs":68.95149999999921,"storageMs":1.393499999998312,"totalMs":72.32333300000028}
[request-budget] {"elapsedMs":1}
[http-timing] {"method":"GET","routeClass":"recording-status","status":200,"headerElapsedMs":1,"bodyElapsedMs":0,"totalElapsedMs":1,"bytes":1612,"phase":"complete","outcome":"ok"}
[pass] LP26-O05 active 9101
[pass] LP26-O05 active 9201
[pass] LP26-O03 deleted media absent
[pass] LP26-O03 deleted media absent
[pass] LP26-O03 deleted media absent
[pass] LP26-O03 deleted media absent
[pass] LP26-O03 deleted media absent
[pass] LP26-O03 deleted media absent
[root-storage] {"reason":"sample","final":false,"elapsedMs":23264,"journalMutationTypes":{"segment_finalized":0,"event_link_created":0,"observation_put":0,"observation_v2_put":0,"deletion_requested":0,"deletion_completed":0,"corruption_detected":0,"recording_order_reserved":20,"segment_v2_finalized":0,"segment_v2_bound_finalized":18,"consumer_reference_put":0,"derived_reference_accepted":0,"referenced_observation_put":0,"derived_job_intent":0,"derived_job_files":0,"derived_job_ready":0,"derived_job_committed":0,"derived_job_complete":0,"derived_job_failed":0,"segment_v2_state":14,"segment_v2_deleted":14},"journalMutationTypesCoverage":"drained-prefix-only; unread-or-partial-tail-excluded","totalBytes":325706455,"capBytes":604892221,"capExceeded":false,"entries":322,"categories":{"input":{"bytes":124668810,"files":2},"media":{"bytes":124670556,"files":4},"mediaPartial":{"bytes":62336174,"files":2},"journal":{"bytes":223980,"files":2},"checkpoint":{"bytes":0,"files":0},"generationSnapshot":{"bytes":267,"files":1},"generationIdentity":{"bytes":160,"files":1},"generationEvidence":{"bytes":0,"files":0},"generationManifest":{"bytes":391,"files":1},"generationTransaction":{"bytes":0,"files":0},"sqlite":{"bytes":192512,"files":1},"wal":{"bytes":0,"files":0},"sqliteAux":{"bytes":0,"files":0},"tmp":{"bytes":0,"files":0},"log":{"bytes":1049,"files":1},"state":{"bytes":4655,"files":2},"events":{"bytes":0,"files":0},"cache":{"bytes":3146149,"files":280},"tools":{"bytes":10174952,"files":2},"recordingsOther":{"bytes":389,"files":5},"other":{"bytes":286411,"files":1}},"ownership":{"productRecording":{"bytes":187424429,"files":17},"fixtureInput":{"bytes":124668810,"files":2},"observerTools":{"bytes":10174952,"files":2},"cache":{"bytes":3146149,"files":280},"temporary":{"bytes":0,"files":0},"runtimeSupport":{"bytes":5704,"files":3},"other":{"bytes":286411,"files":1}},"transientJournalMisses":0,"measurement":"logical-file-bytes-nonatomic","rawPathsPublished":false,"transientTreeRetries":0,"fixedBytes":135130173,"variableBytes":190576282,"copyBytes":0,"combinedBytes":325706455,"rootCapBytes":604892221,"combinedCapBytes":1074654269,"copyEntries":0,"workspacePolicy":"fixed-plus-variable-v1"}
[current-observation] {"pid":81947,"startIdentity":"macos:1791030399:868939","sampledAt":1791030421473,"phaseAt":23158.030708,"rssBytes":226426880,"threadCount":25,"fdCount":20,"mutationCount":66,"typeCounts":{"segment_finalized":0,"event_link_created":0,"observation_put":0,"observation_v2_put":0,"deletion_requested":0,"deletion_completed":0,"corruption_detected":0,"recording_order_reserved":20,"segment_v2_finalized":0,"segment_v2_bound_finalized":18,"consumer_reference_put":0,"derived_reference_accepted":0,"referenced_observation_put":0,"derived_job_intent":0,"derived_job_files":0,"derived_job_ready":0,"derived_job_committed":0,"derived_job_complete":0,"derived_job_failed":0,"segment_v2_state":14,"segment_v2_deleted":14},"identityBytes":11569,"combinedLogicalIds":150,"combinedLogicalBytes":22323,"rotations":0,"partialBytes":0,"progress":{"elapsedMs":20233.996958,"channels":{"9101":{"finalized":9,"deleted":7,"lastAt":23158.030708,"order":"17","store":"9b81e5120fea096b602938c9f068ca413f8352254b2d9559e7dd932d705dd1b3","knownMappings":6,"unknownMappings":300},"9201":{"finalized":9,"deleted":7,"lastAt":23158.030708,"order":"18","store":"9b81e5120fea096b602938c9f068ca413f8352254b2d9559e7dd932d705dd1b3","knownMappings":6,"unknownMappings":374}},"records":18,"logicalBytes":10754},"resourceTrendPass":false}
[sample-timing] {"sampleIndex":5,"metricsMs":2.13550000000032,"drainMs":127.30362500000047,"storageMs":1.3681250000008731,"totalMs":130.8605000000025}
[request-budget] {"elapsedMs":1}
[http-timing] {"method":"GET","routeClass":"recording-status","status":200,"headerElapsedMs":1,"bodyElapsedMs":0,"totalElapsedMs":1,"bytes":1612,"phase":"complete","outcome":"ok"}
[pass] LP26-O05 active 9101
[pass] LP26-O05 active 9201
[pass] LP26-O03 deleted media absent
[pass] LP26-O03 deleted media absent
[pass] LP26-O03 deleted media absent
[pass] LP26-O03 deleted media absent
[root-storage] {"reason":"sample","final":false,"elapsedMs":28257,"journalMutationTypes":{"segment_finalized":0,"event_link_created":0,"observation_put":0,"observation_v2_put":0,"deletion_requested":0,"deletion_completed":0,"corruption_detected":0,"recording_order_reserved":24,"segment_v2_finalized":0,"segment_v2_bound_finalized":22,"consumer_reference_put":0,"derived_reference_accepted":0,"referenced_observation_put":0,"derived_job_intent":0,"derived_job_files":0,"derived_job_ready":0,"derived_job_committed":0,"derived_job_complete":0,"derived_job_failed":0,"segment_v2_state":18,"segment_v2_deleted":18},"journalMutationTypesCoverage":"drained-prefix-only; unread-or-partial-tail-excluded","totalBytes":325802507,"capBytes":604892221,"capExceeded":false,"entries":324,"categories":{"input":{"bytes":124668810,"files":2},"media":{"bytes":124670556,"files":4},"mediaPartial":{"bytes":62336174,"files":2},"journal":{"bytes":275375,"files":2},"checkpoint":{"bytes":0,"files":0},"generationSnapshot":{"bytes":267,"files":1},"generationIdentity":{"bytes":160,"files":1},"generationEvidence":{"bytes":0,"files":0},"generationManifest":{"bytes":391,"files":1},"generationTransaction":{"bytes":0,"files":0},"sqlite":{"bytes":196608,"files":1},"wal":{"bytes":0,"files":0},"sqliteAux":{"bytes":0,"files":0},"tmp":{"bytes":0,"files":0},"log":{"bytes":1049,"files":1},"state":{"bytes":4655,"files":2},"events":{"bytes":0,"files":0},"cache":{"bytes":3146149,"files":280},"tools":{"bytes":10174952,"files":2},"recordingsOther":{"bytes":40950,"files":7},"other":{"bytes":286411,"files":1}},"ownership":{"productRecording":{"bytes":187520481,"files":19},"fixtureInput":{"bytes":124668810,"files":2},"observerTools":{"bytes":10174952,"files":2},"cache":{"bytes":3146149,"files":280},"temporary":{"bytes":0,"files":0},"runtimeSupport":{"bytes":5704,"files":3},"other":{"bytes":286411,"files":1}},"transientJournalMisses":0,"measurement":"logical-file-bytes-nonatomic","rawPathsPublished":false,"transientTreeRetries":0,"fixedBytes":135130173,"variableBytes":190672334,"copyBytes":0,"combinedBytes":325802507,"rootCapBytes":604892221,"combinedCapBytes":1074654269,"copyEntries":0,"workspacePolicy":"fixed-plus-variable-v1"}
[current-observation] {"pid":81947,"startIdentity":"macos:1791030399:868939","sampledAt":1791030426478,"phaseAt":28162.160083,"rssBytes":229900288,"threadCount":25,"fdCount":23,"mutationCount":82,"typeCounts":{"segment_finalized":0,"event_link_created":0,"observation_put":0,"observation_v2_put":0,"deletion_requested":0,"deletion_completed":0,"corruption_detected":0,"recording_order_reserved":24,"segment_v2_finalized":0,"segment_v2_bound_finalized":22,"consumer_reference_put":0,"derived_reference_accepted":0,"referenced_observation_put":0,"derived_job_intent":0,"derived_job_files":0,"derived_job_ready":0,"derived_job_committed":0,"derived_job_complete":0,"derived_job_failed":0,"segment_v2_state":18,"segment_v2_deleted":18},"identityBytes":14353,"combinedLogicalIds":186,"combinedLogicalBytes":27501,"rotations":0,"partialBytes":0,"progress":{"elapsedMs":25238.126333,"channels":{"9101":{"finalized":11,"deleted":9,"lastAt":28162.160083,"order":"21","store":"9b81e5120fea096b602938c9f068ca413f8352254b2d9559e7dd932d705dd1b3","knownMappings":8,"unknownMappings":356},"9201":{"finalized":11,"deleted":9,"lastAt":28162.160083,"order":"22","store":"9b81e5120fea096b602938c9f068ca413f8352254b2d9559e7dd932d705dd1b3","knownMappings":8,"unknownMappings":432}},"records":22,"logicalBytes":13148},"resourceTrendPass":false}
[sample-timing] {"sampleIndex":6,"metricsMs":1.8636249999981374,"drainMs":116.18900000000212,"storageMs":1.3395000000018626,"totalMs":119.43249999999898}
[request-budget] {"elapsedMs":1}
[http-timing] {"method":"GET","routeClass":"recording-status","status":200,"headerElapsedMs":1,"bodyElapsedMs":0,"totalElapsedMs":1,"bytes":1612,"phase":"complete","outcome":"ok"}
[pass] LP26-O05 active 9101
[pass] LP26-O05 active 9201
[pass] LP26-O03 deleted media absent
[pass] LP26-O03 deleted media absent
[pass] LP26-O03 deleted media absent
[pass] LP26-O03 deleted media absent
[pass] LP26-O03 deleted media absent
[pass] LP26-O03 deleted media absent
[root-storage] {"reason":"sample","final":false,"elapsedMs":33043,"journalMutationTypes":{"segment_finalized":0,"event_link_created":0,"observation_put":0,"observation_v2_put":0,"deletion_requested":0,"deletion_completed":0,"corruption_detected":0,"recording_order_reserved":30,"segment_v2_finalized":0,"segment_v2_bound_finalized":28,"consumer_reference_put":0,"derived_reference_accepted":0,"referenced_observation_put":0,"derived_job_intent":0,"derived_job_files":0,"derived_job_ready":0,"derived_job_committed":0,"derived_job_complete":0,"derived_job_failed":0,"segment_v2_state":24,"segment_v2_deleted":24},"journalMutationTypesCoverage":"drained-prefix-only; unread-or-partial-tail-excluded","totalBytes":325843994,"capBytes":604892221,"capExceeded":false,"entries":322,"categories":{"input":{"bytes":124668810,"files":2},"media":{"bytes":124670556,"files":4},"mediaPartial":{"bytes":62334382,"files":2},"journal":{"bytes":351023,"files":2},"checkpoint":{"bytes":0,"files":0},"generationSnapshot":{"bytes":267,"files":1},"generationIdentity":{"bytes":160,"files":1},"generationEvidence":{"bytes":0,"files":0},"generationManifest":{"bytes":391,"files":1},"generationTransaction":{"bytes":0,"files":0},"sqlite":{"bytes":204800,"files":1},"wal":{"bytes":0,"files":0},"sqliteAux":{"bytes":0,"files":0},"tmp":{"bytes":0,"files":0},"log":{"bytes":1049,"files":1},"state":{"bytes":4655,"files":2},"events":{"bytes":0,"files":0},"cache":{"bytes":3146149,"files":280},"tools":{"bytes":10174952,"files":2},"recordingsOther":{"bytes":389,"files":5},"other":{"bytes":286411,"files":1}},"ownership":{"productRecording":{"bytes":187561968,"files":17},"fixtureInput":{"bytes":124668810,"files":2},"observerTools":{"bytes":10174952,"files":2},"cache":{"bytes":3146149,"files":280},"temporary":{"bytes":0,"files":0},"runtimeSupport":{"bytes":5704,"files":3},"other":{"bytes":286411,"files":1}},"transientJournalMisses":0,"measurement":"logical-file-bytes-nonatomic","rawPathsPublished":false,"transientTreeRetries":0,"fixedBytes":135130173,"variableBytes":190713821,"copyBytes":0,"combinedBytes":325843994,"rootCapBytes":604892221,"combinedCapBytes":1074654269,"copyEntries":0,"workspacePolicy":"fixed-plus-variable-v1"}
[current-observation] {"pid":81947,"startIdentity":"macos:1791030399:868939","sampledAt":1791030431243,"phaseAt":32927.180042,"rssBytes":230309888,"threadCount":25,"fdCount":29,"mutationCount":106,"typeCounts":{"segment_finalized":0,"event_link_created":0,"observation_put":0,"observation_v2_put":0,"deletion_requested":0,"deletion_completed":0,"corruption_detected":0,"recording_order_reserved":30,"segment_v2_finalized":0,"segment_v2_bound_finalized":28,"consumer_reference_put":0,"derived_reference_accepted":0,"referenced_observation_put":0,"derived_job_intent":0,"derived_job_files":0,"derived_job_ready":0,"derived_job_committed":0,"derived_job_complete":0,"derived_job_failed":0,"segment_v2_state":24,"segment_v2_deleted":24},"identityBytes":18529,"combinedLogicalIds":240,"combinedLogicalBytes":35276,"rotations":0,"partialBytes":0,"progress":{"elapsedMs":30003.146292,"channels":{"9101":{"finalized":14,"deleted":12,"lastAt":32927.180042,"order":"27","store":"9b81e5120fea096b602938c9f068ca413f8352254b2d9559e7dd932d705dd1b3","knownMappings":11,"unknownMappings":444},"9201":{"finalized":14,"deleted":12,"lastAt":32927.180042,"order":"28","store":"9b81e5120fea096b602938c9f068ca413f8352254b2d9559e7dd932d705dd1b3","knownMappings":10,"unknownMappings":514}},"records":28,"logicalBytes":16747},"resourceTrendPass":false}
[sample-timing] {"sampleIndex":7,"metricsMs":1.7957079999978305,"drainMs":137.45362500000192,"storageMs":1.3283750000045984,"totalMs":140.61833299999853}
[pass] LP26-O04 sample coverage
[pass] LP26-O05 both channels retained and progressed
[request-budget] {"elapsedMs":1}
[http-timing] {"method":"GET","routeClass":"source","status":200,"headerElapsedMs":1,"bodyElapsedMs":0,"totalElapsedMs":1,"bytes":3375,"phase":"complete","outcome":"ok"}
[request-budget] {"elapsedMs":1}
[http-timing] {"method":"PUT","routeClass":"source-item","status":200,"headerElapsedMs":1333,"bodyElapsedMs":0,"totalElapsedMs":1333,"bytes":438,"phase":"complete","outcome":"ok"}
[pass] LP26-O05 setting 9101 false
[request-budget] {"elapsedMs":1}
[http-timing] {"method":"PUT","routeClass":"source-item","status":200,"headerElapsedMs":155,"bodyElapsedMs":0,"totalElapsedMs":155,"bytes":438,"phase":"complete","outcome":"ok"}
[pass] LP26-O05 setting 9201 false
[process-cleanup] {"schema":"recording-process-cleanup-v1","attemptCount":1,"pid":81947,"exitCode":0,"signalCode":null,"exitedObserved":true,"stopCode":"complete","forcedTermination":"not-used","normalExitPass":true,"normalShutdownPass":true,"archiveSafe":true,"ports":[{"kind":"http","port":58633,"status":"pass","code":"closed","closed":true},{"kind":"rtsp","port":58634,"status":"pass","code":"closed","closed":true}]}
[pass] LP26-O03 deleted media absent
[pass] LP26-O03 deleted media absent
[pass] LP26-O02 closed journal no partial tail
[workspace-copy-monitor] {"failure":null,"samples":8,"intervalMs":100,"maxGapMs":102.4947500000053,"elapsedMs":715.7725830000054,"peak":{"totalBytes":266667064,"capBytes":604892221,"capExceeded":false,"entries":320,"categories":{"input":{"bytes":124668810,"files":2},"media":{"bytes":127788264,"files":6},"mediaPartial":{"bytes":0,"files":0},"journal":{"bytes":379838,"files":2},"checkpoint":{"bytes":0,"files":0},"generationSnapshot":{"bytes":267,"files":1},"generationIdentity":{"bytes":160,"files":1},"generationEvidence":{"bytes":0,"files":0},"generationManifest":{"bytes":391,"files":1},"generationTransaction":{"bytes":0,"files":0},"sqlite":{"bytes":204800,"files":1},"wal":{"bytes":0,"files":0},"sqliteAux":{"bytes":0,"files":0},"tmp":{"bytes":0,"files":0},"log":{"bytes":11975,"files":1},"state":{"bytes":4657,"files":2},"events":{"bytes":0,"files":0},"cache":{"bytes":3146396,"files":280},"tools":{"bytes":10174952,"files":2},"recordingsOther":{"bytes":143,"files":3},"other":{"bytes":286411,"files":1}},"ownership":{"productRecording":{"bytes":128373863,"files":15},"fixtureInput":{"bytes":124668810,"files":2},"observerTools":{"bytes":10174952,"files":2},"cache":{"bytes":3146396,"files":280},"temporary":{"bytes":0,"files":0},"runtimeSupport":{"bytes":16632,"files":3},"other":{"bytes":286411,"files":1}},"transientJournalMisses":0,"measurement":"logical-file-bytes-nonatomic","rawPathsPublished":false,"transientTreeRetries":0,"fixedBytes":135130173,"variableBytes":131536891,"copyBytes":128373863,"combinedBytes":395040927,"rootCapBytes":604892221,"combinedCapBytes":1074654269,"copyEntries":20,"workspacePolicy":"fixed-plus-variable-v1"},"continuousEnforcement":false}
[snapshot-process] {"status":0,"signal":null,"errorCode":null,"failureCode":null,"elapsedMs":718,"outputBytes":1735,"lastOpenedPhase":"catalog-destruct","lastCompletedPhase":"destruct","traceStatus":"complete","traceLoss":false,"rawOutputPublished":false}
[snapshot-receipt] {"preserved":true,"bytes":8253,"sha256":"7c3118e6d46aea713a3850a60c28f6675937b2cb64aa12a75e6a8fa9ca03d8bd","rawPathsPublished":false}
[pass] LP26-O05 stopped copy native catalog recovery
[pass] LP26-O05 native surviving and deleted states
[pass] LP26-O05 original journal bytes unchanged
[copy-cleanup] {"root":"/private/var/folders/k0/qhmr6zdx11q0_41wfx4dsd200000gn/T/media-server-current-observer-copy-ezWlDg","bytes":128373863,"copied":true,"absent":true,"reason":null,"receiptPreserved":true,"originalUnchanged":true,"manifestUnchanged":true,"groupClosed":true}
[pass] LP26-O05 recovery copy cleanup
[request-budget] {"elapsedMs":1}
[http-timing] {"method":"GET","routeClass":"health","status":null,"headerElapsedMs":null,"bodyElapsedMs":null,"totalElapsedMs":0,"bytes":0,"phase":"header","outcome":"error"}
[request-budget] {"elapsedMs":1}
[http-timing] {"method":"GET","routeClass":"health","status":null,"headerElapsedMs":null,"bodyElapsedMs":null,"totalElapsedMs":0,"bytes":0,"phase":"header","outcome":"error"}
[request-budget] {"elapsedMs":1}
[http-timing] {"method":"GET","routeClass":"health","status":null,"headerElapsedMs":null,"bodyElapsedMs":null,"totalElapsedMs":0,"bytes":0,"phase":"header","outcome":"error"}
[request-budget] {"elapsedMs":1}
[http-timing] {"method":"GET","routeClass":"health","status":null,"headerElapsedMs":null,"bodyElapsedMs":null,"totalElapsedMs":0,"bytes":0,"phase":"header","outcome":"error"}
[request-budget] {"elapsedMs":1}
[http-timing] {"method":"GET","routeClass":"health","status":null,"headerElapsedMs":null,"bodyElapsedMs":null,"totalElapsedMs":0,"bytes":0,"phase":"header","outcome":"error"}
[request-budget] {"elapsedMs":1}
[http-timing] {"method":"GET","routeClass":"health","status":null,"headerElapsedMs":null,"bodyElapsedMs":null,"totalElapsedMs":0,"bytes":0,"phase":"header","outcome":"error"}
[request-budget] {"elapsedMs":1}
[http-timing] {"method":"GET","routeClass":"health","status":null,"headerElapsedMs":null,"bodyElapsedMs":null,"totalElapsedMs":0,"bytes":0,"phase":"header","outcome":"error"}
[request-budget] {"elapsedMs":1}
[http-timing] {"method":"GET","routeClass":"health","status":null,"headerElapsedMs":null,"bodyElapsedMs":null,"totalElapsedMs":0,"bytes":0,"phase":"header","outcome":"error"}
[request-budget] {"elapsedMs":2}
[http-timing] {"method":"GET","routeClass":"health","status":200,"headerElapsedMs":1,"bodyElapsedMs":0,"totalElapsedMs":1,"bytes":15,"phase":"complete","outcome":"ok"}
[request-budget] {"elapsedMs":1}
[http-timing] {"method":"GET","routeClass":"ice","status":200,"headerElapsedMs":1,"bodyElapsedMs":0,"totalElapsedMs":1,"bytes":222,"phase":"complete","outcome":"ok"}
[pass] LP26-O05 isolated server healthy
[request-budget] {"elapsedMs":1}
[http-timing] {"method":"GET","routeClass":"recording-status","status":200,"headerElapsedMs":1,"bodyElapsedMs":0,"totalElapsedMs":1,"bytes":1616,"phase":"complete","outcome":"ok"}
[status-usage] {"channelId":"9101","aliveBytes":"62855707","historicalBytes":"468034566","deleted":13,"apiContinuousBytes":62855707,"apiEventBytes":0,"physicalFilesChecked":true}
[pass] LP26-O11 independent status usage 9101
[status-usage] {"channelId":"9201","aliveBytes":"64932557","historicalBytes":"470111416","deleted":13,"apiContinuousBytes":64932557,"apiEventBytes":0,"physicalFilesChecked":true}
[pass] LP26-O11 independent status usage 9201
[channel-observation] {"expectedIds":["1","2","3","4","5","9101","9201"],"channels":[{"id":"1","enabled":false,"active":false},{"id":"2","enabled":false,"active":false},{"id":"3","enabled":false,"active":false},{"id":"4","enabled":false,"active":false},{"id":"5","enabled":false,"active":false},{"id":"9101","enabled":false,"active":false},{"id":"9201","enabled":false,"active":false}]}
[pass] LP26-O05 disabled restart
[process-cleanup] {"schema":"recording-process-cleanup-v1","attemptCount":1,"pid":82019,"exitCode":0,"signalCode":null,"exitedObserved":true,"stopCode":"complete","forcedTermination":"not-used","normalExitPass":true,"normalShutdownPass":true,"archiveSafe":true,"ports":[{"kind":"http","port":58670,"status":"pass","code":"closed","closed":true},{"kind":"rtsp","port":58671,"status":"pass","code":"closed","closed":true}]}
[workspace-copy-monitor] {"failure":null,"samples":7,"intervalMs":100,"maxGapMs":102.47799999999552,"elapsedMs":709.8160000000062,"peak":{"totalBytes":266668825,"capBytes":604892221,"capExceeded":false,"entries":321,"categories":{"input":{"bytes":124668810,"files":2},"media":{"bytes":127788264,"files":6},"mediaPartial":{"bytes":0,"files":0},"journal":{"bytes":379838,"files":2},"checkpoint":{"bytes":0,"files":0},"generationSnapshot":{"bytes":267,"files":1},"generationIdentity":{"bytes":160,"files":1},"generationEvidence":{"bytes":0,"files":0},"generationManifest":{"bytes":391,"files":1},"generationTransaction":{"bytes":0,"files":0},"sqlite":{"bytes":204800,"files":1},"wal":{"bytes":0,"files":0},"sqliteAux":{"bytes":0,"files":0},"tmp":{"bytes":0,"files":0},"log":{"bytes":13736,"files":2},"state":{"bytes":4657,"files":2},"events":{"bytes":0,"files":0},"cache":{"bytes":3146396,"files":280},"tools":{"bytes":10174952,"files":2},"recordingsOther":{"bytes":143,"files":3},"other":{"bytes":286411,"files":1}},"ownership":{"productRecording":{"bytes":128373863,"files":15},"fixtureInput":{"bytes":124668810,"files":2},"observerTools":{"bytes":10174952,"files":2},"cache":{"bytes":3146396,"files":280},"temporary":{"bytes":0,"files":0},"runtimeSupport":{"bytes":18393,"files":4},"other":{"bytes":286411,"files":1}},"transientJournalMisses":0,"measurement":"logical-file-bytes-nonatomic","rawPathsPublished":false,"transientTreeRetries":0,"fixedBytes":135130173,"variableBytes":131538652,"copyBytes":128373863,"combinedBytes":395042688,"rootCapBytes":604892221,"combinedCapBytes":1074654269,"copyEntries":20,"workspacePolicy":"fixed-plus-variable-v1"},"continuousEnforcement":false}
[snapshot-process] {"status":0,"signal":null,"errorCode":null,"failureCode":null,"elapsedMs":711,"outputBytes":1735,"lastOpenedPhase":"catalog-destruct","lastCompletedPhase":"destruct","traceStatus":"complete","traceLoss":false,"rawOutputPublished":false}
[snapshot-receipt] {"preserved":true,"bytes":8253,"sha256":"714e324f4ed7e766be757378749db912413d3887ff419c66c055b328a23c7c68","rawPathsPublished":false}
[pass] LP26-O05 stopped copy native catalog recovery
[pass] LP26-O05 native surviving and deleted states
[pass] LP26-O05 original journal bytes unchanged
[copy-cleanup] {"root":"/private/var/folders/k0/qhmr6zdx11q0_41wfx4dsd200000gn/T/media-server-current-observer-copy-jYEOuh","bytes":128373863,"copied":true,"absent":true,"reason":null,"receiptPreserved":true,"originalUnchanged":true,"manifestUnchanged":true,"groupClosed":true}
[pass] LP26-O05 recovery copy cleanup
[pass] LP26-O05 restart exact catalog media state
[request-budget] {"elapsedMs":1}
[http-timing] {"method":"GET","routeClass":"health","status":null,"headerElapsedMs":null,"bodyElapsedMs":null,"totalElapsedMs":0,"bytes":0,"phase":"header","outcome":"error"}
[request-budget] {"elapsedMs":1}
[http-timing] {"method":"GET","routeClass":"health","status":null,"headerElapsedMs":null,"bodyElapsedMs":null,"totalElapsedMs":0,"bytes":0,"phase":"header","outcome":"error"}
[request-budget] {"elapsedMs":1}
[http-timing] {"method":"GET","routeClass":"health","status":null,"headerElapsedMs":null,"bodyElapsedMs":null,"totalElapsedMs":0,"bytes":0,"phase":"header","outcome":"error"}
[request-budget] {"elapsedMs":1}
[http-timing] {"method":"GET","routeClass":"health","status":null,"headerElapsedMs":null,"bodyElapsedMs":null,"totalElapsedMs":0,"bytes":0,"phase":"header","outcome":"error"}
[request-budget] {"elapsedMs":1}
[http-timing] {"method":"GET","routeClass":"health","status":null,"headerElapsedMs":null,"bodyElapsedMs":null,"totalElapsedMs":0,"bytes":0,"phase":"header","outcome":"error"}
[request-budget] {"elapsedMs":1}
[http-timing] {"method":"GET","routeClass":"health","status":null,"headerElapsedMs":null,"bodyElapsedMs":null,"totalElapsedMs":0,"bytes":0,"phase":"header","outcome":"error"}
[request-budget] {"elapsedMs":1}
[http-timing] {"method":"GET","routeClass":"health","status":null,"headerElapsedMs":null,"bodyElapsedMs":null,"totalElapsedMs":0,"bytes":0,"phase":"header","outcome":"error"}
[request-budget] {"elapsedMs":1}
[http-timing] {"method":"GET","routeClass":"health","status":null,"headerElapsedMs":null,"bodyElapsedMs":null,"totalElapsedMs":0,"bytes":0,"phase":"header","outcome":"error"}
[request-budget] {"elapsedMs":1}
[http-timing] {"method":"GET","routeClass":"health","status":200,"headerElapsedMs":1,"bodyElapsedMs":0,"totalElapsedMs":1,"bytes":15,"phase":"complete","outcome":"ok"}
[request-budget] {"elapsedMs":1}
[http-timing] {"method":"GET","routeClass":"ice","status":200,"headerElapsedMs":1,"bodyElapsedMs":0,"totalElapsedMs":1,"bytes":222,"phase":"complete","outcome":"ok"}
[pass] LP26-O05 isolated server healthy
[request-budget] {"elapsedMs":1}
[http-timing] {"method":"GET","routeClass":"source","status":200,"headerElapsedMs":1,"bodyElapsedMs":0,"totalElapsedMs":1,"bytes":3377,"phase":"complete","outcome":"ok"}
[request-budget] {"elapsedMs":1}
[http-timing] {"method":"PUT","routeClass":"source-item","status":200,"headerElapsedMs":77,"bodyElapsedMs":0,"totalElapsedMs":77,"bytes":437,"phase":"complete","outcome":"ok"}
[pass] LP26-O05 setting 9101 true
[request-budget] {"elapsedMs":1}
[http-timing] {"method":"PUT","routeClass":"source-item","status":200,"headerElapsedMs":11,"bodyElapsedMs":0,"totalElapsedMs":11,"bytes":437,"phase":"complete","outcome":"ok"}
[pass] LP26-O05 setting 9201 true
[pass] LP26-O03 deleted media absent
[pass] LP26-O05 reenabled recording after restart
[process-cleanup] {"schema":"recording-process-cleanup-v1","attemptCount":1,"pid":82077,"exitCode":0,"signalCode":null,"exitedObserved":true,"stopCode":"complete","forcedTermination":"not-used","normalExitPass":true,"normalShutdownPass":true,"archiveSafe":true,"ports":[{"kind":"http","port":58685,"status":"pass","code":"closed","closed":true},{"kind":"rtsp","port":58686,"status":"pass","code":"closed","closed":true}]}
[pass] LP26-O03 deleted media absent
[pass] LP26-O03 deleted media absent
[pass] LP26-O02 final restart closed journal no partial tail
[workspace-copy-monitor] {"failure":null,"samples":8,"intervalMs":100,"maxGapMs":102.50545899999997,"elapsedMs":787.7054169999974,"peak":{"totalBytes":290125533,"capBytes":604892221,"capExceeded":false,"entries":324,"categories":{"input":{"bytes":124668810,"files":2},"media":{"bytes":151164013,"files":8},"mediaPartial":{"bytes":0,"files":0},"journal":{"bytes":428613,"files":2},"checkpoint":{"bytes":0,"files":0},"generationSnapshot":{"bytes":267,"files":1},"generationIdentity":{"bytes":160,"files":1},"generationEvidence":{"bytes":0,"files":0},"generationManifest":{"bytes":391,"files":1},"generationTransaction":{"bytes":0,"files":0},"sqlite":{"bytes":233472,"files":1},"wal":{"bytes":0,"files":0},"sqliteAux":{"bytes":0,"files":0},"tmp":{"bytes":0,"files":0},"log":{"bytes":17250,"files":3},"state":{"bytes":4655,"files":2},"events":{"bytes":0,"files":0},"cache":{"bytes":3146396,"files":280},"tools":{"bytes":10174952,"files":2},"recordingsOther":{"bytes":143,"files":3},"other":{"bytes":286411,"files":1}},"ownership":{"productRecording":{"bytes":151827059,"files":17},"fixtureInput":{"bytes":124668810,"files":2},"observerTools":{"bytes":10174952,"files":2},"cache":{"bytes":3146396,"files":280},"temporary":{"bytes":0,"files":0},"runtimeSupport":{"bytes":21905,"files":5},"other":{"bytes":286411,"files":1}},"transientJournalMisses":0,"measurement":"logical-file-bytes-nonatomic","rawPathsPublished":false,"transientTreeRetries":0,"fixedBytes":135130173,"variableBytes":154995360,"copyBytes":151827059,"combinedBytes":441952592,"rootCapBytes":604892221,"combinedCapBytes":1074654269,"copyEntries":22,"workspacePolicy":"fixed-plus-variable-v1"},"continuousEnforcement":false}
[snapshot-process] {"status":0,"signal":null,"errorCode":null,"failureCode":null,"elapsedMs":789,"outputBytes":1738,"lastOpenedPhase":"catalog-destruct","lastCompletedPhase":"destruct","traceStatus":"complete","traceLoss":false,"rawOutputPublished":false}
[snapshot-receipt] {"preserved":true,"bytes":8952,"sha256":"b2903c4ebb1eebaefc7f8c5ee58842d0615948eea9d5d052d5ab5540fd11e68c","rawPathsPublished":false}
[pass] LP26-O05 stopped copy native catalog recovery
[pass] LP26-O05 native surviving and deleted states
[pass] LP26-O05 original journal bytes unchanged
[copy-cleanup] {"root":"/private/var/folders/k0/qhmr6zdx11q0_41wfx4dsd200000gn/T/media-server-current-observer-copy-8E4DXY","bytes":151827059,"copied":true,"absent":true,"reason":null,"receiptPreserved":true,"originalUnchanged":true,"manifestUnchanged":true,"groupClosed":true}
[pass] LP26-O05 recovery copy cleanup
[root-storage] {"reason":"final-live","final":true,"elapsedMs":47485,"journalMutationTypes":{"segment_finalized":0,"event_link_created":0,"observation_put":0,"observation_v2_put":0,"deletion_requested":0,"deletion_completed":0,"corruption_detected":0,"recording_order_reserved":37,"segment_v2_finalized":0,"segment_v2_bound_finalized":37,"consumer_reference_put":0,"derived_reference_accepted":0,"referenced_observation_put":0,"derived_job_intent":0,"derived_job_files":0,"derived_job_ready":0,"derived_job_committed":0,"derived_job_complete":0,"derived_job_failed":0,"segment_v2_state":29,"segment_v2_deleted":29},"journalMutationTypesCoverage":"drained-prefix-only; unread-or-partial-tail-excluded","totalBytes":290125533,"capBytes":604892221,"capExceeded":false,"entries":324,"categories":{"input":{"bytes":124668810,"files":2},"media":{"bytes":151164013,"files":8},"mediaPartial":{"bytes":0,"files":0},"journal":{"bytes":428613,"files":2},"checkpoint":{"bytes":0,"files":0},"generationSnapshot":{"bytes":267,"files":1},"generationIdentity":{"bytes":160,"files":1},"generationEvidence":{"bytes":0,"files":0},"generationManifest":{"bytes":391,"files":1},"generationTransaction":{"bytes":0,"files":0},"sqlite":{"bytes":233472,"files":1},"wal":{"bytes":0,"files":0},"sqliteAux":{"bytes":0,"files":0},"tmp":{"bytes":0,"files":0},"log":{"bytes":17250,"files":3},"state":{"bytes":4655,"files":2},"events":{"bytes":0,"files":0},"cache":{"bytes":3146396,"files":280},"tools":{"bytes":10174952,"files":2},"recordingsOther":{"bytes":143,"files":3},"other":{"bytes":286411,"files":1}},"ownership":{"productRecording":{"bytes":151827059,"files":17},"fixtureInput":{"bytes":124668810,"files":2},"observerTools":{"bytes":10174952,"files":2},"cache":{"bytes":3146396,"files":280},"temporary":{"bytes":0,"files":0},"runtimeSupport":{"bytes":21905,"files":5},"other":{"bytes":286411,"files":1}},"transientJournalMisses":0,"measurement":"logical-file-bytes-nonatomic","rawPathsPublished":false,"transientTreeRetries":0,"fixedBytes":135130173,"variableBytes":154995360,"copyBytes":0,"combinedBytes":290125533,"rootCapBytes":604892221,"combinedCapBytes":1074654269,"copyEntries":0,"workspacePolicy":"fixed-plus-variable-v1"}
[root-storage] {"reason":"post-stop","final":true,"elapsedMs":47491,"journalMutationTypes":{"segment_finalized":0,"event_link_created":0,"observation_put":0,"observation_v2_put":0,"deletion_requested":0,"deletion_completed":0,"corruption_detected":0,"recording_order_reserved":37,"segment_v2_finalized":0,"segment_v2_bound_finalized":37,"consumer_reference_put":0,"derived_reference_accepted":0,"referenced_observation_put":0,"derived_job_intent":0,"derived_job_files":0,"derived_job_ready":0,"derived_job_committed":0,"derived_job_complete":0,"derived_job_failed":0,"segment_v2_state":29,"segment_v2_deleted":29},"journalMutationTypesCoverage":"drained-prefix-only; unread-or-partial-tail-excluded","totalBytes":290125533,"capBytes":604892221,"capExceeded":false,"entries":324,"categories":{"input":{"bytes":124668810,"files":2},"media":{"bytes":151164013,"files":8},"mediaPartial":{"bytes":0,"files":0},"journal":{"bytes":428613,"files":2},"checkpoint":{"bytes":0,"files":0},"generationSnapshot":{"bytes":267,"files":1},"generationIdentity":{"bytes":160,"files":1},"generationEvidence":{"bytes":0,"files":0},"generationManifest":{"bytes":391,"files":1},"generationTransaction":{"bytes":0,"files":0},"sqlite":{"bytes":233472,"files":1},"wal":{"bytes":0,"files":0},"sqliteAux":{"bytes":0,"files":0},"tmp":{"bytes":0,"files":0},"log":{"bytes":17250,"files":3},"state":{"bytes":4655,"files":2},"events":{"bytes":0,"files":0},"cache":{"bytes":3146396,"files":280},"tools":{"bytes":10174952,"files":2},"recordingsOther":{"bytes":143,"files":3},"other":{"bytes":286411,"files":1}},"ownership":{"productRecording":{"bytes":151827059,"files":17},"fixtureInput":{"bytes":124668810,"files":2},"observerTools":{"bytes":10174952,"files":2},"cache":{"bytes":3146396,"files":280},"temporary":{"bytes":0,"files":0},"runtimeSupport":{"bytes":21905,"files":5},"other":{"bytes":286411,"files":1}},"transientJournalMisses":0,"sqlitePages":{"status":"observed","mainBytes":233472,"walBytes":0,"pageSize":4096,"pageCount":57,"freePageCount":0,"livePageCount":57,"liveBytes":233472,"freeBytes":0},"measurement":"logical-file-bytes-nonatomic","rawPathsPublished":false,"transientTreeRetries":0,"fixedBytes":135130173,"variableBytes":154995360,"copyBytes":0,"combinedBytes":290125533,"rootCapBytes":604892221,"combinedCapBytes":1074654269,"copyEntries":0,"workspacePolicy":"fixed-plus-variable-v1"}
[server-diagnostic] {"pid":81947,"bytes":11975,"capturedBytes":11975,"sha256":"285163d4edc144fe6cc26fcb82dac81e1f9efb44f35d6d714022825f6170edd3","overflow":false,"categories":[{"code":"file evidence unavailable","count":0},{"code":"storageBlocked","count":0},{"code":"shutdown","count":0},{"code":"ERROR","count":0},{"code":"WARNING","count":0}],"rawBodyPublished":false,"privateCaptureDisposition":"eligible-for-wrapper-cleanup"}
[server-slow-diagnostic] {"status":"captured","seen":93,"retained":64,"thresholdNs":10000000,"rows":[{"k":1,"o":7,"s":1,"l":1977,"m":4,"t":4,"r":0,"b":14475783000,"a":14475783000,"e":14490466125,"n":1,"w":0,"h":14683125,"x":0,"y":14683125},{"k":0,"o":1,"s":1,"l":2169,"m":4,"t":4,"r":0,"b":14474120458,"a":14474120625,"e":14490467500,"n":1,"w":167,"h":16346875,"x":167,"y":16346875},{"k":1,"o":7,"s":1,"l":1977,"m":4,"t":5,"r":0,"b":14498702458,"a":14498702458,"e":14509819791,"n":1,"w":0,"h":11117333,"x":0,"y":11117333},{"k":0,"o":1,"s":1,"l":2169,"m":4,"t":5,"r":0,"b":14497114541,"a":14497114791,"e":14509821208,"n":1,"w":250,"h":12706417,"x":250,"y":12706417},{"k":0,"o":1,"s":1,"l":601,"m":4,"t":4,"r":0,"b":14498519375,"a":14509828875,"e":14510088291,"n":1,"w":11309500,"h":259416,"x":11309500,"y":259416},{"k":1,"o":7,"s":1,"l":1977,"m":4,"t":5,"r":0,"b":14525783833,"a":14525783833,"e":14535986500,"n":1,"w":0,"h":10202667,"x":0,"y":10202667},{"k":0,"o":1,"s":1,"l":2524,"m":4,"t":5,"r":0,"b":14525220666,"a":14525220750,"e":14535987500,"n":1,"w":84,"h":10766750,"x":84,"y":10766750},{"k":1,"o":7,"s":1,"l":1977,"m":4,"t":4,"r":0,"b":16479478500,"a":16479478500,"e":16491465791,"n":1,"w":0,"h":11987291,"x":0,"y":11987291},{"k":0,"o":1,"s":1,"l":2169,"m":4,"t":4,"r":0,"b":16477841541,"a":16477841750,"e":16491466833,"n":1,"w":209,"h":13625083,"x":209,"y":13625083},{"k":1,"o":7,"s":1,"l":1977,"m":4,"t":5,"r":0,"b":16493230250,"a":16493230250,"e":16504769583,"n":1,"w":0,"h":11539333,"x":0,"y":11539333},{"k":0,"o":1,"s":1,"l":2169,"m":4,"t":5,"r":0,"b":16487543333,"a":16491473791,"e":16504770458,"n":1,"w":3930458,"h":13296667,"x":3930458,"y":13296667},{"k":0,"o":1,"s":1,"l":2524,"m":4,"t":4,"r":0,"b":16510851333,"a":16510851458,"e":16521412250,"n":1,"w":125,"h":10560792,"x":125,"y":10560792},{"k":1,"o":7,"s":1,"l":1977,"m":4,"t":5,"r":0,"b":16527965666,"a":16527965666,"e":16540094166,"n":1,"w":0,"h":12128500,"x":0,"y":12128500},{"k":0,"o":1,"s":1,"l":2524,"m":4,"t":5,"r":0,"b":16527290208,"a":16527290291,"e":16540094666,"n":1,"w":83,"h":12804375,"x":83,"y":12804375},{"k":1,"o":7,"s":1,"l":1977,"m":4,"t":4,"r":0,"b":18483296666,"a":18483296666,"e":18494713375,"n":1,"w":0,"h":11416709,"x":0,"y":11416709},{"k":0,"o":1,"s":1,"l":2169,"m":4,"t":4,"r":0,"b":18481666958,"a":18481667166,"e":18494714375,"n":1,"w":208,"h":13047209,"x":208,"y":13047209},{"k":1,"o":7,"s":1,"l":1977,"m":4,"t":5,"r":0,"b":18499440500,"a":18499440500,"e":18510841083,"n":1,"w":0,"h":11400583,"x":0,"y":11400583},{"k":0,"o":1,"s":1,"l":2169,"m":4,"t":5,"r":0,"b":18497839375,"a":18497839500,"e":18510841791,"n":1,"w":125,"h":13002291,"x":125,"y":13002291},{"k":0,"o":1,"s":1,"l":601,"m":4,"t":4,"r":0,"b":18499583916,"a":18510849083,"e":18511124750,"n":1,"w":11265167,"h":275667,"x":11265167,"y":275667},{"k":1,"o":7,"s":1,"l":1977,"m":4,"t":4,"r":0,"b":18517725416,"a":18517725416,"e":18530398458,"n":1,"w":0,"h":12673042,"x":0,"y":12673042},{"k":0,"o":1,"s":1,"l":2524,"m":4,"t":4,"r":0,"b":18517014583,"a":18517014625,"e":18530399041,"n":1,"w":42,"h":13384416,"x":42,"y":13384416},{"k":0,"o":1,"s":1,"l":2524,"m":4,"t":5,"r":0,"b":18536277000,"a":18536277041,"e":18546620291,"n":1,"w":41,"h":10343250,"x":41,"y":10343250},{"k":1,"o":7,"s":1,"l":1977,"m":4,"t":4,"r":0,"b":20485709500,"a":20485709500,"e":20496531083,"n":1,"w":0,"h":10821583,"x":0,"y":10821583},{"k":0,"o":1,"s":1,"l":2169,"m":4,"t":4,"r":0,"b":20484220041,"a":20484220208,"e":20496532125,"n":1,"w":167,"h":12311917,"x":167,"y":12311917},{"k":1,"o":7,"s":1,"l":1977,"m":4,"t":5,"r":0,"b":20504981458,"a":20504981458,"e":20516583208,"n":1,"w":0,"h":11601750,"x":0,"y":11601750},{"k":0,"o":1,"s":1,"l":2169,"m":4,"t":5,"r":0,"b":20501686875,"a":20503331416,"e":20516584041,"n":1,"w":1644541,"h":13252625,"x":1644541,"y":13252625},{"k":0,"o":1,"s":1,"l":642,"m":4,"t":4,"r":0,"b":20503346125,"a":20516591166,"e":20516591458,"n":1,"w":13245041,"h":292,"x":13245041,"y":292},{"k":1,"o":7,"s":1,"l":1977,"m":4,"t":4,"r":0,"b":20521036125,"a":20521036125,"e":20532953916,"n":1,"w":0,"h":11917791,"x":0,"y":11917791},{"k":0,"o":1,"s":1,"l":2524,"m":4,"t":4,"r":0,"b":20520369333,"a":20520369375,"e":20532954291,"n":1,"w":42,"h":12584916,"x":42,"y":12584916},{"k":1,"o":7,"s":1,"l":1977,"m":4,"t":5,"r":0,"b":20539418750,"a":20539418750,"e":20551317666,"n":1,"w":0,"h":11898916,"x":0,"y":11898916},{"k":0,"o":1,"s":1,"l":2524,"m":4,"t":5,"r":0,"b":20538763500,"a":20538763541,"e":20551318083,"n":1,"w":41,"h":12554542,"x":41,"y":12554542},{"k":1,"o":7,"s":1,"l":1977,"m":4,"t":4,"r":0,"b":22486341875,"a":22486341875,"e":22497956916,"n":1,"w":0,"h":11615041,"x":0,"y":11615041},{"k":0,"o":1,"s":1,"l":2169,"m":4,"t":4,"r":0,"b":22484770000,"a":22484770166,"e":22497958375,"n":1,"w":166,"h":13188209,"x":166,"y":13188209},{"k":1,"o":7,"s":1,"l":1977,"m":4,"t":5,"r":0,"b":22499647875,"a":22499647875,"e":22511008208,"n":1,"w":0,"h":11360333,"x":0,"y":11360333},{"k":0,"o":1,"s":1,"l":2169,"m":4,"t":5,"r":0,"b":22498014708,"a":22498014875,"e":22511009291,"n":1,"w":167,"h":12994416,"x":167,"y":12994416},{"k":1,"o":7,"s":1,"l":1977,"m":4,"t":4,"r":0,"b":22517976750,"a":22517976750,"e":22529243583,"n":1,"w":0,"h":11266833,"x":0,"y":11266833},{"k":0,"o":1,"s":1,"l":2524,"m":4,"t":4,"r":0,"b":22517350041,"a":22517350083,"e":22529244333,"n":1,"w":42,"h":11894250,"x":42,"y":11894250},{"k":1,"o":7,"s":1,"l":1977,"m":4,"t":5,"r":0,"b":22535795041,"a":22535795041,"e":22547508083,"n":1,"w":0,"h":11713042,"x":0,"y":11713042},{"k":0,"o":1,"s":1,"l":2524,"m":4,"t":5,"r":0,"b":22535163541,"a":22535163541,"e":22547508708,"n":1,"w":0,"h":12345167,"x":0,"y":12345167},{"k":0,"o":1,"s":1,"l":2169,"m":4,"t":4,"r":0,"b":24491361708,"a":24491361958,"e":24501608500,"n":1,"w":250,"h":10246542,"x":250,"y":10246542},{"k":1,"o":7,"s":1,"l":1977,"m":4,"t":4,"r":0,"b":24522010458,"a":24522010458,"e":24532116916,"n":1,"w":0,"h":10106458,"x":0,"y":10106458},{"k":0,"o":1,"s":1,"l":2524,"m":4,"t":4,"r":0,"b":24521425750,"a":24521425791,"e":24532117583,"n":1,"w":41,"h":10691792,"x":41,"y":10691792},{"k":1,"o":7,"s":1,"l":1977,"m":4,"t":5,"r":0,"b":24538614625,"a":24538614625,"e":24551073708,"n":1,"w":0,"h":12459083,"x":0,"y":12459083},{"k":0,"o":1,"s":1,"l":2524,"m":4,"t":5,"r":0,"b":24537945250,"a":24537945291,"e":24551074208,"n":1,"w":41,"h":13128917,"x":41,"y":13128917},{"k":0,"o":1,"s":1,"l":2169,"m":4,"t":4,"r":0,"b":26487455166,"a":26487455375,"e":26497718291,"n":1,"w":209,"h":10262916,"x":209,"y":10262916},{"k":1,"o":7,"s":1,"l":1977,"m":4,"t":4,"r":0,"b":26508263375,"a":26508263375,"e":26519629875,"n":1,"w":0,"h":11366500,"x":0,"y":11366500},{"k":0,"o":1,"s":1,"l":2524,"m":4,"t":4,"r":0,"b":26507531458,"a":26507531583,"e":26519630958,"n":1,"w":125,"h":12099375,"x":125,"y":12099375},{"k":0,"o":1,"s":1,"l":2169,"m":4,"t":5,"r":0,"b":26508057333,"a":26519638875,"e":26528613000,"n":1,"w":11581542,"h":8974125,"x":11581542,"y":8974125},{"k":1,"o":7,"s":1,"l":1977,"m":4,"t":5,"r":0,"b":26538056708,"a":26538056708,"e":26549834208,"n":1,"w":0,"h":11777500,"x":0,"y":11777500},{"k":0,"o":1,"s":1,"l":2524,"m":4,"t":5,"r":0,"b":26537415541,"a":26537415583,"e":26549835000,"n":1,"w":42,"h":12419417,"x":42,"y":12419417},{"k":1,"o":7,"s":1,"l":1977,"m":4,"t":4,"r":0,"b":28499494791,"a":28499494791,"e":28510447625,"n":1,"w":0,"h":10952834,"x":0,"y":10952834},{"k":0,"o":1,"s":1,"l":2169,"m":4,"t":4,"r":0,"b":28497938375,"a":28497938583,"e":28510448625,"n":1,"w":208,"h":12510042,"x":208,"y":12510042},{"k":1,"o":7,"s":1,"l":1977,"m":4,"t":5,"r":0,"b":28512051166,"a":28512051166,"e":28522503500,"n":1,"w":0,"h":10452334,"x":0,"y":10452334},{"k":0,"o":1,"s":1,"l":2169,"m":4,"t":5,"r":0,"b":28502928875,"a":28510456833,"e":28522504208,"n":1,"w":7527958,"h":12047375,"x":7527958,"y":12047375},{"k":1,"o":7,"s":1,"l":1977,"m":4,"t":4,"r":0,"b":30492507708,"a":30492507708,"e":30503687958,"n":1,"w":0,"h":11180250,"x":0,"y":11180250},{"k":0,"o":1,"s":1,"l":2169,"m":4,"t":4,"r":0,"b":30491000125,"a":30491000458,"e":30503688916,"n":1,"w":333,"h":12688458,"x":333,"y":12688458},{"k":1,"o":7,"s":1,"l":1977,"m":4,"t":5,"r":0,"b":30515840666,"a":30515840666,"e":30526973875,"n":1,"w":0,"h":11133209,"x":0,"y":11133209},{"k":0,"o":1,"s":1,"l":2169,"m":4,"t":5,"r":0,"b":30514253500,"a":30514253541,"e":30526974666,"n":1,"w":41,"h":12721125,"x":41,"y":12721125},{"k":0,"o":1,"s":1,"l":2524,"m":4,"t":4,"r":0,"b":30514427416,"a":30526981708,"e":30533824041,"n":1,"w":12554292,"h":6842333,"x":12554292,"y":6842333},{"k":1,"o":7,"s":1,"l":1977,"m":4,"t":4,"r":0,"b":32514841458,"a":32514841458,"e":32525348708,"n":1,"w":0,"h":10507250,"x":0,"y":10507250},{"k":0,"o":1,"s":1,"l":2524,"m":4,"t":4,"r":0,"b":32514223000,"a":32514223041,"e":32525349541,"n":1,"w":41,"h":11126500,"x":41,"y":11126500},{"k":1,"o":7,"s":1,"l":1977,"m":4,"t":5,"r":0,"b":32526941166,"a":32526941166,"e":32538094500,"n":1,"w":0,"h":11153334,"x":0,"y":11153334},{"k":0,"o":1,"s":1,"l":2169,"m":4,"t":5,"r":0,"b":32524040916,"a":32525356250,"e":32538095208,"n":1,"w":1315334,"h":12738958,"x":1315334,"y":12738958},{"k":0,"o":1,"s":1,"l":2524,"m":4,"t":5,"r":0,"b":32548464250,"a":32548464291,"e":32558935333,"n":1,"w":41,"h":10471042,"x":41,"y":10471042}],"completedSpansOnly":true,"rawBodyPublished":false}
[server-diagnostic] {"pid":82019,"bytes":1761,"capturedBytes":1761,"sha256":"02072a410ce9afb98d82cc3986d527c3aee3852918731b1d8857207b05f1b7cb","overflow":false,"categories":[{"code":"file evidence unavailable","count":0},{"code":"storageBlocked","count":0},{"code":"shutdown","count":0},{"code":"ERROR","count":0},{"code":"WARNING","count":0}],"rawBodyPublished":false,"privateCaptureDisposition":"eligible-for-wrapper-cleanup"}
[server-slow-diagnostic] {"status":"captured","seen":1,"retained":1,"thresholdNs":10000000,"rows":[{"k":0,"o":1,"s":1,"l":583,"m":2,"t":1,"r":0,"b":27083,"a":27125,"e":157412166,"n":1,"w":42,"h":157385041,"x":42,"y":157385041}],"completedSpansOnly":true,"rawBodyPublished":false}
[server-diagnostic] {"pid":82077,"bytes":3514,"capturedBytes":3514,"sha256":"7ddbf9d9d8a85b77ba1104410fa751f4c3af883595eb82cc703db9f5bc10f1c9","overflow":false,"categories":[{"code":"file evidence unavailable","count":0},{"code":"storageBlocked","count":0},{"code":"shutdown","count":0},{"code":"ERROR","count":0},{"code":"WARNING","count":0}],"rawBodyPublished":false,"privateCaptureDisposition":"eligible-for-wrapper-cleanup"}
[server-slow-diagnostic] {"status":"captured","seen":12,"retained":12,"thresholdNs":10000000,"rows":[{"k":0,"o":1,"s":1,"l":583,"m":2,"t":1,"r":0,"b":20791,"a":20833,"e":157286291,"n":1,"w":42,"h":157265458,"x":42,"y":157265458},{"k":1,"o":7,"s":1,"l":1977,"m":2,"t":2,"r":0,"b":3952408583,"a":3952408583,"e":3964544791,"n":1,"w":0,"h":12136208,"x":0,"y":12136208},{"k":0,"o":1,"s":1,"l":2169,"m":2,"t":2,"r":0,"b":3950645291,"a":3950645541,"e":3964546000,"n":1,"w":250,"h":13900459,"x":250,"y":13900459},{"k":1,"o":7,"s":1,"l":1977,"m":2,"t":3,"r":0,"b":3966182291,"a":3966182291,"e":3977027000,"n":1,"w":0,"h":10844709,"x":0,"y":10844709},{"k":0,"o":1,"s":1,"l":2169,"m":2,"t":3,"r":0,"b":3960200833,"a":3964553458,"e":3977027875,"n":1,"w":4352625,"h":12474417,"x":4352625,"y":12474417},{"k":1,"o":7,"s":1,"l":1977,"m":2,"t":2,"r":0,"b":3983825041,"a":3983825041,"e":3994041458,"n":1,"w":0,"h":10216417,"x":0,"y":10216417},{"k":0,"o":1,"s":1,"l":2524,"m":2,"t":2,"r":0,"b":3983248291,"a":3983248333,"e":3994042000,"n":1,"w":42,"h":10793667,"x":42,"y":10793667},{"k":1,"o":7,"s":1,"l":1977,"m":2,"t":3,"r":0,"b":4000453916,"a":4000453916,"e":4011639791,"n":1,"w":0,"h":11185875,"x":0,"y":11185875},{"k":0,"o":1,"s":1,"l":2524,"m":2,"t":3,"r":0,"b":3999841333,"a":3999841375,"e":4011640916,"n":1,"w":42,"h":11799541,"x":42,"y":11799541},{"k":0,"o":1,"s":1,"l":2169,"m":2,"t":1,"r":0,"b":5419467875,"a":5419468041,"e":5430064125,"n":1,"w":166,"h":10596084,"x":166,"y":10596084},{"k":1,"o":7,"s":1,"l":1977,"m":2,"t":2,"r":0,"b":5914424000,"a":5914424000,"e":5925545250,"n":1,"w":0,"h":11121250,"x":0,"y":11121250},{"k":0,"o":1,"s":1,"l":2169,"m":2,"t":2,"r":0,"b":5912912583,"a":5912912791,"e":5925546625,"n":1,"w":208,"h":12633834,"x":208,"y":12633834}],"completedSpansOnly":true,"rawBodyPublished":false}
{"mode":"current-app-observe-short","passed":73,"failed":0,"elapsedMs":47493,"verifiedDurationMs":30141.975083,"longrunObservationCompleted":false,"shortPreparationPass":true,"statusCumulativePass":false,"resourceTrendPass":false,"reviewRequired":true,"uiFulltestPass":false,"phase":{"elapsedMs":30141.975083,"channels":{"9101":{"finalized":14,"deleted":12,"lastAt":32927.180042,"order":"27","store":"9b81e5120fea096b602938c9f068ca413f8352254b2d9559e7dd932d705dd1b3","knownMappings":11,"unknownMappings":444},"9201":{"finalized":14,"deleted":12,"lastAt":32927.180042,"order":"28","store":"9b81e5120fea096b602938c9f068ca413f8352254b2d9559e7dd932d705dd1b3","knownMappings":10,"unknownMappings":514}},"records":28,"logicalBytes":16747},"resources":{"status":"observed","resourceTrendPass":false,"reviewRequired":true,"sampleCount":7,"groups":[{"pid":81947,"startIdentity":"macos:1791030399:868939","sampleCount":7,"first":{"phaseAt":3147.681542,"sampledAt":1791030401463,"rssBytes":90472448,"threadCount":29,"fdCount":29,"mutationCount":2},"last":{"phaseAt":32927.180042,"sampledAt":1791030431243,"rssBytes":230309888,"threadCount":25,"fdCount":29,"mutationCount":106},"max":{"rssBytes":230309888,"threadCount":29,"fdCount":29},"delta":{"rssBytes":139837440,"threadCount":-4,"fdCount":0,"mutationCount":104},"elapsedMs":29779.4985,"maxGapMs":5004.129375,"warmupMs":300000,"postWarmup":{"status":"insufficient","sampleCount":0,"delta":null,"elapsedMs":null,"rssMiBPerMinute":null}}]},"processCount":3,"processesClosed":true,"udpClosed":true,"tokenStart":null,"tokenEnd":null,"tokenConsumed":null,"tokenSource":"전용 집계 없음"}
[cleanup] {"root":"/private/var/folders/k0/qhmr6zdx11q0_41wfx4dsd200000gn/T/media-server-current-observer-R9Tltt","bytes":290125533,"absent":true}
