[absent] /private/var/folders/k0/qhmr6zdx11q0_41wfx4dsd200000gn/T/media-server-derived-remux.A2PqJL
[absent] /private/var/folders/k0/qhmr6zdx11q0_41wfx4dsd200000gn/T/media-server-derived-remux.Eul9cP
[absent] /private/var/folders/k0/qhmr6zdx11q0_41wfx4dsd200000gn/T/media-server-derived-remux.RYzFVH
[absent] /private/var/folders/k0/qhmr6zdx11q0_41wfx4dsd200000gn/T/media-server-derived-remux.e3tAd0
[absent] /private/var/folders/k0/qhmr6zdx11q0_41wfx4dsd200000gn/T/media-server-derived-remux.4Nl5RX
[absent] /private/var/folders/k0/qhmr6zdx11q0_41wfx4dsd200000gn/T/media-server-derived-remux.wZBPzd
[absent] /private/var/folders/k0/qhmr6zdx11q0_41wfx4dsd200000gn/T/media-server-derived-remux.ws01js
[absent] /private/var/folders/k0/qhmr6zdx11q0_41wfx4dsd200000gn/T/media-server-derived-remux.5GWZ1A
[absent] /private/var/folders/k0/qhmr6zdx11q0_41wfx4dsd200000gn/T/media-server-derived-remux.bCRL2z
[absent] /private/var/folders/k0/qhmr6zdx11q0_41wfx4dsd200000gn/T/media-server-derived-remux.Lw60Hz
[absent] /private/var/folders/k0/qhmr6zdx11q0_41wfx4dsd200000gn/T/media-server-derived-remux.HTYQEn
[absent] /private/var/folders/k0/qhmr6zdx11q0_41wfx4dsd200000gn/T/media-server-derived-remux.M9Uj0f
[absent] /private/var/folders/k0/qhmr6zdx11q0_41wfx4dsd200000gn/T/media-server-derived-remux.Ps1PtW
[absent] /private/var/folders/k0/qhmr6zdx11q0_41wfx4dsd200000gn/T/media-server-derived-time.NljU4O
[absent] /private/var/folders/k0/qhmr6zdx11q0_41wfx4dsd200000gn/T/media-server-derived-time.Z2lDzg
[absent] /private/var/folders/k0/qhmr6zdx11q0_41wfx4dsd200000gn/T/media-server-derived-selection.FePhuB
[absent] /private/var/folders/k0/qhmr6zdx11q0_41wfx4dsd200000gn/T/media-server-derived-remux.LZhTXB
[absent] /private/var/folders/k0/qhmr6zdx11q0_41wfx4dsd200000gn/T/media-server-derived-remux.5nGbIx
[absent] /private/var/folders/k0/qhmr6zdx11q0_41wfx4dsd200000gn/T/media-server-derived-remux.5xWz8x
[absent] /private/var/folders/k0/qhmr6zdx11q0_41wfx4dsd200000gn/T/media-server-derived-remux.RnEBsT
[summary] absent=20
