[pass] R14 단발 true→false 취소의 단조 고정
[summary] pass=1 fail=0
[detail] decoded=60 slices=30 ambiguous=0 complete=1
[pass] D22 실제 분수frame 요청 선택
[provenance] case=fractional verified=1 fully=0 unfulfilled=20
[output] segment=fbd62dc9-36a9-47cf-a4f0-9ef9fc7ae9de epoch=7d2a1605-b6e6-485a-a4fb-7b57f6b95ff7 size=38164 sha256=7ffce62838bb4bb9804d633581347166e7975b3894af8515062305bd3608b03d range=7000000000:8000999999 request=7000000000:8001000000 seek_stream_ns=0 origin_ns=7000000000 basis=file-duration-on-source-pts-axis
[au] ordinal=1 original=7000000000 file=0 file_duration=33366666 output=125000000 output_duration=33366666 recovered90k=11250 residual_numerator=0 source_vcl=a06f8acb8a438c49fca6adbdd2ce95e7d3a620f55453e7d1cc786ea3117c9ecc output_vcl=a06f8acb8a438c49fca6adbdd2ce95e7d3a620f55453e7d1cc786ea3117c9ecc
[au] ordinal=2 original=7033366666 file=33366666 file_duration=33366666 output=158355555 output_duration=33366666 recovered90k=14252 residual_numerator=50000 source_vcl=84a662f9ad5835946a92f0c714350dc16109b80165027def0abb146794cd5305 output_vcl=84a662f9ad5835946a92f0c714350dc16109b80165027def0abb146794cd5305
[au] ordinal=3 original=7066733333 file=66733333 file_duration=33366666 output=191722222 output_duration=33366666 recovered90k=17255 residual_numerator=20000 source_vcl=7ea75a5b2d17bcba69e3348047052db707423e438a2c473e8abb4c18300c4c5c output_vcl=7ea75a5b2d17bcba69e3348047052db707423e438a2c473e8abb4c18300c4c5c
[au] ordinal=4 original=7100100000 file=100100000 file_duration=33366666 output=225100000 output_duration=33366666 recovered90k=20259 residual_numerator=0 source_vcl=07a73646d5414f4af3a06fa4dc001c30eb3cf545ee2813977b099697ed02e376 output_vcl=07a73646d5414f4af3a06fa4dc001c30eb3cf545ee2813977b099697ed02e376
[au] ordinal=5 original=7133466666 file=133466666 file_duration=33366666 output=258455555 output_duration=33366666 recovered90k=23261 residual_numerator=50000 source_vcl=143cf42cd2c9f2676693d50f96b60f006f5f0df6f80dfe1c509ded568454ad22 output_vcl=143cf42cd2c9f2676693d50f96b60f006f5f0df6f80dfe1c509ded568454ad22
[au] ordinal=6 original=7166833333 file=166833333 file_duration=33366666 output=291822222 output_duration=33366666 recovered90k=26264 residual_numerator=20000 source_vcl=feda9268b0615686fc99e8554f6cc8d1255551012f44478259eba509b4ca664f output_vcl=feda9268b0615686fc99e8554f6cc8d1255551012f44478259eba509b4ca664f
[au] ordinal=7 original=7200200000 file=200200000 file_duration=33366666 output=325200000 output_duration=33366666 recovered90k=29268 residual_numerator=0 source_vcl=a3bf2ecd9df359b137ac8bce41a9a9022dc066599b1a71519dda12485fadab71 output_vcl=a3bf2ecd9df359b137ac8bce41a9a9022dc066599b1a71519dda12485fadab71
[au] ordinal=8 original=7233566666 file=233566666 file_duration=33366666 output=358555555 output_duration=33366666 recovered90k=32270 residual_numerator=50000 source_vcl=24cd009f2a3d28be5950c5151353b9d1f9398233081f6cccf3eaea5134e77db2 output_vcl=24cd009f2a3d28be5950c5151353b9d1f9398233081f6cccf3eaea5134e77db2
[au] ordinal=9 original=7266933333 file=266933333 file_duration=33366666 output=391922222 output_duration=33366666 recovered90k=35273 residual_numerator=20000 source_vcl=a9c1187d0c772b5e9979c21997aed967acdeae27b9c2f48d6b8374d5f9bc3abe output_vcl=a9c1187d0c772b5e9979c21997aed967acdeae27b9c2f48d6b8374d5f9bc3abe
[au] ordinal=10 original=7300300000 file=300300000 file_duration=33366666 output=425300000 output_duration=33366666 recovered90k=38277 residual_numerator=0 source_vcl=06a621e99b7bfd4a0d2fedbbfdf75879e7389253c9b90a7b30e4b3bc0e4b6512 output_vcl=06a621e99b7bfd4a0d2fedbbfdf75879e7389253c9b90a7b30e4b3bc0e4b6512
[au] ordinal=11 original=7333666666 file=333666666 file_duration=33366666 output=458655555 output_duration=33366666 recovered90k=41279 residual_numerator=50000 source_vcl=882f9408e1df359c76f9e409b287c016d03204c68220c590687ead5561f2223a output_vcl=882f9408e1df359c76f9e409b287c016d03204c68220c590687ead5561f2223a
[au] ordinal=12 original=7367033333 file=367033333 file_duration=33366666 output=492022222 output_duration=33366666 recovered90k=44282 residual_numerator=20000 source_vcl=fdb605ecbb947123ce08dd482cda2a698f63075f88264f1db2149bd0efa69b44 output_vcl=fdb605ecbb947123ce08dd482cda2a698f63075f88264f1db2149bd0efa69b44
[au] ordinal=13 original=7400400000 file=400400000 file_duration=33366666 output=525400000 output_duration=33366666 recovered90k=47286 residual_numerator=0 source_vcl=d8dff563296c03e43811241f9ea0cd852f5cab993c85eef4ea2dcb4bc4b3a86e output_vcl=d8dff563296c03e43811241f9ea0cd852f5cab993c85eef4ea2dcb4bc4b3a86e
[au] ordinal=14 original=7433766666 file=433766666 file_duration=33366666 output=558755555 output_duration=33366666 recovered90k=50288 residual_numerator=50000 source_vcl=3d773b7d0c39aed26797838a130c808ca0fc3f3892bb818c5ea0ca76430bf90e output_vcl=3d773b7d0c39aed26797838a130c808ca0fc3f3892bb818c5ea0ca76430bf90e
[au] ordinal=15 original=7467133333 file=467133333 file_duration=33366666 output=592122222 output_duration=33366666 recovered90k=53291 residual_numerator=20000 source_vcl=3d841b5564ab048f6c3de42e201938dbc2ff32840d950001d8f9e04510fd6c50 output_vcl=3d841b5564ab048f6c3de42e201938dbc2ff32840d950001d8f9e04510fd6c50
[au] ordinal=16 original=7500500000 file=500500000 file_duration=33366666 output=625500000 output_duration=33366666 recovered90k=56295 residual_numerator=0 source_vcl=938a9afd6a99cb013526e94bafe7552bee7006452f743e7a1a78eff6c81e4773 output_vcl=938a9afd6a99cb013526e94bafe7552bee7006452f743e7a1a78eff6c81e4773
[au] ordinal=17 original=7533866666 file=533866666 file_duration=33366666 output=658855555 output_duration=33366666 recovered90k=59297 residual_numerator=50000 source_vcl=48c6bc53bec63235927d73899c3d4cc1b124fd7c210d491e2ba1b844be817bfc output_vcl=48c6bc53bec63235927d73899c3d4cc1b124fd7c210d491e2ba1b844be817bfc
[au] ordinal=18 original=7567233333 file=567233333 file_duration=33366666 output=692222222 output_duration=33366666 recovered90k=62300 residual_numerator=20000 source_vcl=ad6259dc181e6d651a01f54f0edd8a8337258959a94197c98f01a0d1ed605026 output_vcl=ad6259dc181e6d651a01f54f0edd8a8337258959a94197c98f01a0d1ed605026
[au] ordinal=19 original=7600600000 file=600600000 file_duration=33366666 output=725600000 output_duration=33366666 recovered90k=65304 residual_numerator=0 source_vcl=64b6a4d89955a963d807a2faa179caaea50545331ddd8ea9564d7789a5b6db8c output_vcl=64b6a4d89955a963d807a2faa179caaea50545331ddd8ea9564d7789a5b6db8c
[au] ordinal=20 original=7633966666 file=633966666 file_duration=33366666 output=758955555 output_duration=33366666 recovered90k=68306 residual_numerator=50000 source_vcl=203ff7b0f47283463fd4c2fab15bc496ec140c3ae34f8857ac030376404870fc output_vcl=203ff7b0f47283463fd4c2fab15bc496ec140c3ae34f8857ac030376404870fc
[au] ordinal=21 original=7667333333 file=667333333 file_duration=33366666 output=792322222 output_duration=33366666 recovered90k=71309 residual_numerator=20000 source_vcl=75827e2bb5d4f5975f087ed1baa1253e39a98050bed64da619cbe1fdb304692a output_vcl=75827e2bb5d4f5975f087ed1baa1253e39a98050bed64da619cbe1fdb304692a
[au] ordinal=22 original=7700700000 file=700700000 file_duration=33366666 output=825700000 output_duration=33366666 recovered90k=74313 residual_numerator=0 source_vcl=0e37a96c00c3daed38aca1711e8865f7b91f2c1a151aee9ba78b6f00d88c53ad output_vcl=0e37a96c00c3daed38aca1711e8865f7b91f2c1a151aee9ba78b6f00d88c53ad
[au] ordinal=23 original=7734066666 file=734066666 file_duration=33366666 output=859055555 output_duration=33366666 recovered90k=77315 residual_numerator=50000 source_vcl=e512dc4c3ede2009a72b6da75697bc9fd946ebe7dda20508f98b89e4be097c4d output_vcl=e512dc4c3ede2009a72b6da75697bc9fd946ebe7dda20508f98b89e4be097c4d
[au] ordinal=24 original=7767433333 file=767433333 file_duration=33366666 output=892422222 output_duration=33366666 recovered90k=80318 residual_numerator=20000 source_vcl=8a7e1dd58e159a874fcbdb3c800ae537101d675e40769090fc43b956e21f1fcb output_vcl=8a7e1dd58e159a874fcbdb3c800ae537101d675e40769090fc43b956e21f1fcb
[au] ordinal=25 original=7800800000 file=800800000 file_duration=33366666 output=925800000 output_duration=33366666 recovered90k=83322 residual_numerator=0 source_vcl=94c459ccc22e679dc4e5823f6d3eebbf9c2890ccd224fcf2079f8ae95f6e430c output_vcl=94c459ccc22e679dc4e5823f6d3eebbf9c2890ccd224fcf2079f8ae95f6e430c
[au] ordinal=26 original=7834166666 file=834166666 file_duration=33366666 output=959155555 output_duration=33366666 recovered90k=86324 residual_numerator=50000 source_vcl=57caa1dcc81aa744288efa4f0cfaa92f32e97af040417b03c14016cecae6fa36 output_vcl=57caa1dcc81aa744288efa4f0cfaa92f32e97af040417b03c14016cecae6fa36
[au] ordinal=27 original=7867533333 file=867533333 file_duration=33366666 output=992522222 output_duration=33366666 recovered90k=89327 residual_numerator=20000 source_vcl=d2ebc47e2286a34ac874124cf0c7873b1e8e96165ab71c0d7fe56a559f525ed7 output_vcl=d2ebc47e2286a34ac874124cf0c7873b1e8e96165ab71c0d7fe56a559f525ed7
[au] ordinal=28 original=7900900000 file=900900000 file_duration=33366666 output=1025900000 output_duration=33366666 recovered90k=92331 residual_numerator=0 source_vcl=5eafd0ded5583c076eb92d954a812c13188141dd8b7b13cb881c96a56b4d0b1a output_vcl=5eafd0ded5583c076eb92d954a812c13188141dd8b7b13cb881c96a56b4d0b1a
[au] ordinal=29 original=7934266666 file=934266666 file_duration=33366666 output=1059255555 output_duration=33366666 recovered90k=95333 residual_numerator=50000 source_vcl=1b81336247c3726f425856e6fde6d00206ee19a516474d13de1c5b8b3ac4314b output_vcl=1b81336247c3726f425856e6fde6d00206ee19a516474d13de1c5b8b3ac4314b
[au] ordinal=30 original=7967633333 file=967633333 file_duration=33366666 output=1092622222 output_duration=33366666 recovered90k=98336 residual_numerator=20000 source_vcl=483d8321995d5de3db589117f8909e19603d90fd186d7ab63ba29177c5abff19 output_vcl=483d8321995d5de3db589117f8909e19603d90fd186d7ab63ba29177c5abff19
[unfulfilled] axis=original-pts-ns range=7066733332:7066733333 reason=file-duration-uncovered
[unfulfilled] axis=original-pts-ns range=7100099999:7100100000 reason=file-duration-uncovered
[unfulfilled] axis=original-pts-ns range=7166833332:7166833333 reason=file-duration-uncovered
[unfulfilled] axis=original-pts-ns range=7200199999:7200200000 reason=file-duration-uncovered
[unfulfilled] axis=original-pts-ns range=7266933332:7266933333 reason=file-duration-uncovered
[unfulfilled] axis=original-pts-ns range=7300299999:7300300000 reason=file-duration-uncovered
[unfulfilled] axis=original-pts-ns range=7367033332:7367033333 reason=file-duration-uncovered
[unfulfilled] axis=original-pts-ns range=7400399999:7400400000 reason=file-duration-uncovered
[unfulfilled] axis=original-pts-ns range=7467133332:7467133333 reason=file-duration-uncovered
[unfulfilled] axis=original-pts-ns range=7500499999:7500500000 reason=file-duration-uncovered
[unfulfilled] axis=original-pts-ns range=7567233332:7567233333 reason=file-duration-uncovered
[unfulfilled] axis=original-pts-ns range=7600599999:7600600000 reason=file-duration-uncovered
[unfulfilled] axis=original-pts-ns range=7667333332:7667333333 reason=file-duration-uncovered
[unfulfilled] axis=original-pts-ns range=7700699999:7700700000 reason=file-duration-uncovered
[unfulfilled] axis=original-pts-ns range=7767433332:7767433333 reason=file-duration-uncovered
[unfulfilled] axis=original-pts-ns range=7800799999:7800800000 reason=file-duration-uncovered
[unfulfilled] axis=original-pts-ns range=7867533332:7867533333 reason=file-duration-uncovered
[unfulfilled] axis=original-pts-ns range=7900899999:7900900000 reason=file-duration-uncovered
[unfulfilled] axis=original-pts-ns range=7967633332:7967633333 reason=file-duration-uncovered
[unfulfilled] axis=original-pts-ns range=8000999999:8001000000 reason=file-duration-uncovered
[detail] remux_error= outputs=1
[pass] R01 실제 source-AU→TS-AU payload·decode 일치
[pass] R11 confirmed source 누락은 생성전 거부
[pass] R03 분수 duration 미충족과 검증성공 분리
[pass] R08 양수 byte 상한 필수
[pass] R08 byte 상한 초과 전 중단·partial cleanup
[pass] R09 미지원 codec 명시 거부
[pass] R09 ambiguous 자동 선택 금지
[pass] R11 중복 segment 입력 거부
[pass] R11 reference source 결박 불일치 거부
[pass] R11 reference channel 결박 불일치 거부
[pass] R06 원본·출력 별칭 거부
[pass] R06 O_APPEND 출력 거부
[pass] R07 원본 hash 불일치 거부
[pass] R13 시작 전 취소·쓰기 없음
[pass] R13 유효 전체시간 상한 필수
[pass] R10 unknown 요청 보존·partial 출력
[pass] R06 borrowed FD offset 보존
[pass] R13 출력 후 취소·partial 소유권 보존
[pass] R13 1ms 전체 deadline 초과는 검증성공 아님
[pass] R07 출력 중 원본 변경 재확인 거부
[provenance] case=bframe verified=1 fully=1 unfulfilled=0
[output] segment=97e3a4be-d1ea-43f0-9397-91dd88683af1 epoch=11db6130-b469-4960-b67b-9092cd91c441 size=9212 sha256=a3b31afc12d56e8c129556f2d0da602d29ed56f6a5552b0ff7e4b3eae5072acd range=10200000000:11200000000 request=10400000000:11200000000 seek_stream_ns=1000000000 origin_ns=9000000000 basis=file-duration-on-source-pts-axis
[au] ordinal=11 original=10200000000 file=1200000000 file_duration=100000000 output=325000000 output_duration=100000000 recovered90k=29250 residual_numerator=0 source_vcl=4a8ac4f7f6eccb15b662f0a4b9af65a1fb9126b97c54ffed9cef3acc928517d7 output_vcl=4a8ac4f7f6eccb15b662f0a4b9af65a1fb9126b97c54ffed9cef3acc928517d7
[au] ordinal=12 original=10300000000 file=1300000000 file_duration=100000000 output=425000000 output_duration=100000000 recovered90k=38250 residual_numerator=0 source_vcl=fe1e5c456edc8e947f1baa6c44a2cb52d7f4a84350d6c8e1954a75ca83695d54 output_vcl=fe1e5c456edc8e947f1baa6c44a2cb52d7f4a84350d6c8e1954a75ca83695d54
[au] ordinal=13 original=10400000000 file=1400000000 file_duration=100000000 output=525000000 output_duration=100000000 recovered90k=47250 residual_numerator=0 source_vcl=ef762645a9c718247b04e1d1d306d89c7aca91ffda9fc1af1f9bd52613b676ed output_vcl=ef762645a9c718247b04e1d1d306d89c7aca91ffda9fc1af1f9bd52613b676ed
[au] ordinal=14 original=10500000000 file=1500000000 file_duration=100000000 output=625000000 output_duration=100000000 recovered90k=56250 residual_numerator=0 source_vcl=6a905dc899420ea0131a3540ec7749da8ccc2aa10f1e2803fef514405efccf31 output_vcl=6a905dc899420ea0131a3540ec7749da8ccc2aa10f1e2803fef514405efccf31
[au] ordinal=15 original=10600000000 file=1600000000 file_duration=100000000 output=725000000 output_duration=100000000 recovered90k=65250 residual_numerator=0 source_vcl=b65f28ea744e556f8d9aa1c4dcb21a0d45db7ca5268ef9bee0f07c6d1965ff7a output_vcl=b65f28ea744e556f8d9aa1c4dcb21a0d45db7ca5268ef9bee0f07c6d1965ff7a
[au] ordinal=16 original=10800000000 file=1800000000 file_duration=100000000 output=925000000 output_duration=100000000 recovered90k=83250 residual_numerator=0 source_vcl=5ba7e68946805b54676815e021c16723cf5c0e7e182c9372861ed4d5ce5c3c25 output_vcl=5ba7e68946805b54676815e021c16723cf5c0e7e182c9372861ed4d5ce5c3c25
[au] ordinal=17 original=10700000000 file=1700000000 file_duration=100000000 output=825000000 output_duration=100000000 recovered90k=74250 residual_numerator=0 source_vcl=b0878ad91eaff3b4c17660bc530f3a3d697c3ffa38d62444d2c4cd69bb96fa1c output_vcl=b0878ad91eaff3b4c17660bc530f3a3d697c3ffa38d62444d2c4cd69bb96fa1c
[au] ordinal=18 original=11000000000 file=2000000000 file_duration=100000000 output=1125000000 output_duration=100000000 recovered90k=101250 residual_numerator=0 source_vcl=33549b261ea4211c35e8c85ba5e886362e2ff929bd6b53b4ba1a05f5d5e08d1d output_vcl=33549b261ea4211c35e8c85ba5e886362e2ff929bd6b53b4ba1a05f5d5e08d1d
[au] ordinal=19 original=10900000000 file=1900000000 file_duration=100000000 output=1025000000 output_duration=100000000 recovered90k=92250 residual_numerator=0 source_vcl=f0aface03f5f693a79289794630496e1f8008ce21311abde15961b0c19b932cb output_vcl=f0aface03f5f693a79289794630496e1f8008ce21311abde15961b0c19b932cb
[au] ordinal=20 original=11100000000 file=2100000000 file_duration=100000000 output=1225000000 output_duration=100000000 recovered90k=110250 residual_numerator=0 source_vcl=4a2a62b5f68c611e2b9ffe6079378907b1b0415b3cf3f0c7fa144a8e5231b75d output_vcl=4a2a62b5f68c611e2b9ffe6079378907b1b0415b3cf3f0c7fa144a8e5231b75d
[detail] bframe_error= outputs=1
[pass] R02 B-frame 실제 seek·nonzero 원본축
[pass] R04 요청 외 keyframe preroll·GOP 의존 범위 분리
[pass] R12 162×94 visible plane 픽셀 대응
[provenance] case=multi verified=1 fully=1 unfulfilled=0
[output] segment=74c63a24-437b-448a-8811-bacbc2cc0670 epoch=ee37757c-9f19-4c7b-897a-d03e83cb475a size=14476 sha256=9e5cf1edbd01dcf75bf24a8a4cca7048b01c3a08dbe68c0a57975220f14e4ad2 range=0:1000000000 request=0:1000000000 seek_stream_ns=0 origin_ns=0 basis=file-duration-on-source-pts-axis
[au] ordinal=1 original=0 file=0 file_duration=100000000 output=125000000 output_duration=100000000 recovered90k=11250 residual_numerator=0 source_vcl=c8905834919f68d224b6183eaff91d65b2a0e0d308727195f8e21c6670796abf output_vcl=c8905834919f68d224b6183eaff91d65b2a0e0d308727195f8e21c6670796abf
[au] ordinal=2 original=100000000 file=100000000 file_duration=100000000 output=225000000 output_duration=100000000 recovered90k=20250 residual_numerator=0 source_vcl=d954f8e53f13449d593071fc93e86fa39f416b697f2cc686803de9d4bac4e3d2 output_vcl=d954f8e53f13449d593071fc93e86fa39f416b697f2cc686803de9d4bac4e3d2
[au] ordinal=3 original=200000000 file=200000000 file_duration=100000000 output=325000000 output_duration=100000000 recovered90k=29250 residual_numerator=0 source_vcl=96aead12d6d6f7a940cfea78a385ef408b6aae56fec6eae68962c8fbf9bc73ab output_vcl=96aead12d6d6f7a940cfea78a385ef408b6aae56fec6eae68962c8fbf9bc73ab
[au] ordinal=4 original=300000000 file=300000000 file_duration=100000000 output=425000000 output_duration=100000000 recovered90k=38250 residual_numerator=0 source_vcl=da5ba7b0a71ce21cadcea218b2f21021c879c290e0b344aac2f27d3e87b92265 output_vcl=da5ba7b0a71ce21cadcea218b2f21021c879c290e0b344aac2f27d3e87b92265
[au] ordinal=5 original=400000000 file=400000000 file_duration=100000000 output=525000000 output_duration=100000000 recovered90k=47250 residual_numerator=0 source_vcl=a2017bfb6c1c6039ccaa567148a8367d8b58e9e43223224b0c2ae7efdc3eb87a output_vcl=a2017bfb6c1c6039ccaa567148a8367d8b58e9e43223224b0c2ae7efdc3eb87a
[au] ordinal=6 original=500000000 file=500000000 file_duration=100000000 output=625000000 output_duration=100000000 recovered90k=56250 residual_numerator=0 source_vcl=5b64d2925fc6b6c1fcffb6ed95c110a1be5d4064f5ed7e49f402a376b81faf3c output_vcl=5b64d2925fc6b6c1fcffb6ed95c110a1be5d4064f5ed7e49f402a376b81faf3c
[au] ordinal=7 original=600000000 file=600000000 file_duration=100000000 output=725000000 output_duration=100000000 recovered90k=65250 residual_numerator=0 source_vcl=aeb4f3ae6340b704eaf9135161ef96618c16b9e198577246de104e6a4bb25186 output_vcl=aeb4f3ae6340b704eaf9135161ef96618c16b9e198577246de104e6a4bb25186
[au] ordinal=8 original=700000000 file=700000000 file_duration=100000000 output=825000000 output_duration=100000000 recovered90k=74250 residual_numerator=0 source_vcl=d4cd424e45038ea1a1ed2b13ccc545d0a0eda2f824ff751e7bc46af3d50cf5c1 output_vcl=d4cd424e45038ea1a1ed2b13ccc545d0a0eda2f824ff751e7bc46af3d50cf5c1
[au] ordinal=9 original=800000000 file=800000000 file_duration=100000000 output=925000000 output_duration=100000000 recovered90k=83250 residual_numerator=0 source_vcl=ae8ca8628ed9f90c98984225c65afa116a3c760273a1e2804ddbf39d5074ecc5 output_vcl=ae8ca8628ed9f90c98984225c65afa116a3c760273a1e2804ddbf39d5074ecc5
[au] ordinal=10 original=900000000 file=900000000 file_duration=100000000 output=1025000000 output_duration=100000000 recovered90k=92250 residual_numerator=0 source_vcl=d0b742c05ebeb92c2be67772c02c82e98e1a9dce8ca2bf370001f0f999c17f87 output_vcl=d0b742c05ebeb92c2be67772c02c82e98e1a9dce8ca2bf370001f0f999c17f87
[output] segment=bf844ca4-d275-4a16-8bbc-fc2fa9ee7dda epoch=ee37757c-9f19-4c7b-897a-d03e83cb475a size=14476 sha256=4671c7e898d6b13316dbab7a6d8317c3cb9a8c70b2e4b6e36b53c043e6acb366 range=1000000000:2000000000 request=1000000000:2000000000 seek_stream_ns=0 origin_ns=1000000000 basis=file-duration-on-source-pts-axis
[au] ordinal=11 original=1000000000 file=0 file_duration=100000000 output=125000000 output_duration=100000000 recovered90k=11250 residual_numerator=0 source_vcl=882f9408e1df359c76f9e409b287c016d03204c68220c590687ead5561f2223a output_vcl=882f9408e1df359c76f9e409b287c016d03204c68220c590687ead5561f2223a
[au] ordinal=12 original=1100000000 file=100000000 file_duration=100000000 output=225000000 output_duration=100000000 recovered90k=20250 residual_numerator=0 source_vcl=fdb605ecbb947123ce08dd482cda2a698f63075f88264f1db2149bd0efa69b44 output_vcl=fdb605ecbb947123ce08dd482cda2a698f63075f88264f1db2149bd0efa69b44
[au] ordinal=13 original=1200000000 file=200000000 file_duration=100000000 output=325000000 output_duration=100000000 recovered90k=29250 residual_numerator=0 source_vcl=d8dff563296c03e43811241f9ea0cd852f5cab993c85eef4ea2dcb4bc4b3a86e output_vcl=d8dff563296c03e43811241f9ea0cd852f5cab993c85eef4ea2dcb4bc4b3a86e
[au] ordinal=14 original=1300000000 file=300000000 file_duration=100000000 output=425000000 output_duration=100000000 recovered90k=38250 residual_numerator=0 source_vcl=3d773b7d0c39aed26797838a130c808ca0fc3f3892bb818c5ea0ca76430bf90e output_vcl=3d773b7d0c39aed26797838a130c808ca0fc3f3892bb818c5ea0ca76430bf90e
[au] ordinal=15 original=1400000000 file=400000000 file_duration=100000000 output=525000000 output_duration=100000000 recovered90k=47250 residual_numerator=0 source_vcl=3d841b5564ab048f6c3de42e201938dbc2ff32840d950001d8f9e04510fd6c50 output_vcl=3d841b5564ab048f6c3de42e201938dbc2ff32840d950001d8f9e04510fd6c50
[au] ordinal=16 original=1500000000 file=500000000 file_duration=100000000 output=625000000 output_duration=100000000 recovered90k=56250 residual_numerator=0 source_vcl=938a9afd6a99cb013526e94bafe7552bee7006452f743e7a1a78eff6c81e4773 output_vcl=938a9afd6a99cb013526e94bafe7552bee7006452f743e7a1a78eff6c81e4773
[au] ordinal=17 original=1600000000 file=600000000 file_duration=100000000 output=725000000 output_duration=100000000 recovered90k=65250 residual_numerator=0 source_vcl=48c6bc53bec63235927d73899c3d4cc1b124fd7c210d491e2ba1b844be817bfc output_vcl=48c6bc53bec63235927d73899c3d4cc1b124fd7c210d491e2ba1b844be817bfc
[au] ordinal=18 original=1700000000 file=700000000 file_duration=100000000 output=825000000 output_duration=100000000 recovered90k=74250 residual_numerator=0 source_vcl=ad6259dc181e6d651a01f54f0edd8a8337258959a94197c98f01a0d1ed605026 output_vcl=ad6259dc181e6d651a01f54f0edd8a8337258959a94197c98f01a0d1ed605026
[au] ordinal=19 original=1800000000 file=800000000 file_duration=100000000 output=925000000 output_duration=100000000 recovered90k=83250 residual_numerator=0 source_vcl=64b6a4d89955a963d807a2faa179caaea50545331ddd8ea9564d7789a5b6db8c output_vcl=64b6a4d89955a963d807a2faa179caaea50545331ddd8ea9564d7789a5b6db8c
[au] ordinal=20 original=1900000000 file=900000000 file_duration=100000000 output=1025000000 output_duration=100000000 recovered90k=92250 residual_numerator=0 source_vcl=203ff7b0f47283463fd4c2fab15bc496ec140c3ae34f8857ac030376404870fc output_vcl=203ff7b0f47283463fd4c2fab15bc496ec140c3ae34f8857ac030376404870fc
[output] segment=987f2ae9-2b4c-495c-9939-40f464c4dd5a epoch=ee37757c-9f19-4c7b-897a-d03e83cb475a size=15792 sha256=37a16c7960db7580d933f2e2becca79367055e93b397043dd6f757905cd2bff8 range=2000000000:3000000000 request=2000000000:3000000000 seek_stream_ns=0 origin_ns=2000000000 basis=file-duration-on-source-pts-axis
[au] ordinal=21 original=2000000000 file=0 file_duration=100000000 output=125000000 output_duration=100000000 recovered90k=11250 residual_numerator=0 source_vcl=75827e2bb5d4f5975f087ed1baa1253e39a98050bed64da619cbe1fdb304692a output_vcl=75827e2bb5d4f5975f087ed1baa1253e39a98050bed64da619cbe1fdb304692a
[au] ordinal=22 original=2100000000 file=100000000 file_duration=100000000 output=225000000 output_duration=100000000 recovered90k=20250 residual_numerator=0 source_vcl=0e37a96c00c3daed38aca1711e8865f7b91f2c1a151aee9ba78b6f00d88c53ad output_vcl=0e37a96c00c3daed38aca1711e8865f7b91f2c1a151aee9ba78b6f00d88c53ad
[au] ordinal=23 original=2200000000 file=200000000 file_duration=100000000 output=325000000 output_duration=100000000 recovered90k=29250 residual_numerator=0 source_vcl=e512dc4c3ede2009a72b6da75697bc9fd946ebe7dda20508f98b89e4be097c4d output_vcl=e512dc4c3ede2009a72b6da75697bc9fd946ebe7dda20508f98b89e4be097c4d
[au] ordinal=24 original=2300000000 file=300000000 file_duration=100000000 output=425000000 output_duration=100000000 recovered90k=38250 residual_numerator=0 source_vcl=8a7e1dd58e159a874fcbdb3c800ae537101d675e40769090fc43b956e21f1fcb output_vcl=8a7e1dd58e159a874fcbdb3c800ae537101d675e40769090fc43b956e21f1fcb
[au] ordinal=25 original=2400000000 file=400000000 file_duration=100000000 output=525000000 output_duration=100000000 recovered90k=47250 residual_numerator=0 source_vcl=94c459ccc22e679dc4e5823f6d3eebbf9c2890ccd224fcf2079f8ae95f6e430c output_vcl=94c459ccc22e679dc4e5823f6d3eebbf9c2890ccd224fcf2079f8ae95f6e430c
[au] ordinal=26 original=2500000000 file=500000000 file_duration=100000000 output=625000000 output_duration=100000000 recovered90k=56250 residual_numerator=0 source_vcl=57caa1dcc81aa744288efa4f0cfaa92f32e97af040417b03c14016cecae6fa36 output_vcl=57caa1dcc81aa744288efa4f0cfaa92f32e97af040417b03c14016cecae6fa36
[au] ordinal=27 original=2600000000 file=600000000 file_duration=100000000 output=725000000 output_duration=100000000 recovered90k=65250 residual_numerator=0 source_vcl=d2ebc47e2286a34ac874124cf0c7873b1e8e96165ab71c0d7fe56a559f525ed7 output_vcl=d2ebc47e2286a34ac874124cf0c7873b1e8e96165ab71c0d7fe56a559f525ed7
[au] ordinal=28 original=2700000000 file=700000000 file_duration=100000000 output=825000000 output_duration=100000000 recovered90k=74250 residual_numerator=0 source_vcl=5eafd0ded5583c076eb92d954a812c13188141dd8b7b13cb881c96a56b4d0b1a output_vcl=5eafd0ded5583c076eb92d954a812c13188141dd8b7b13cb881c96a56b4d0b1a
[au] ordinal=29 original=2800000000 file=800000000 file_duration=100000000 output=925000000 output_duration=100000000 recovered90k=83250 residual_numerator=0 source_vcl=1b81336247c3726f425856e6fde6d00206ee19a516474d13de1c5b8b3ac4314b output_vcl=1b81336247c3726f425856e6fde6d00206ee19a516474d13de1c5b8b3ac4314b
[au] ordinal=30 original=2900000000 file=900000000 file_duration=100000000 output=1025000000 output_duration=100000000 recovered90k=92250 residual_numerator=0 source_vcl=483d8321995d5de3db589117f8909e19603d90fd186d7ab63ba29177c5abff19 output_vcl=483d8321995d5de3db589117f8909e19603d90fd186d7ab63ba29177c5abff19
[detail] multi_error= inputs=3 outputs=3
[pass] R05 인접 same-epoch 실제 source별 독립 출력
[pass] R06 output끼리 전체 inode 교차 거부
[pass] R06 다른 source의 원본FD를 출력으로 거부
[pass] R06 다른 segment의 중복 원본FD 거부
[pass] R08 모든 출력 합계 byte 상한·부분 실패 목록
[summary] pass=29 fail=0
[cleanup] path=/private/var/folders/k0/qhmr6zdx11q0_41wfx4dsd200000gn/T/media-server-derived-remux.5xWz8x bytes=7819086 removed=true
[elapsed] seconds=5 source=bash-SECONDS
