Warning: truncated output (original token count: 26328)
Total output lines: 358

[segment] case=C501 index=0 id=88a566e2-8502-4f2a-8be7-63a5c0e8b2e5 epoch=04cdb03b-2834-4824-a8de-ce640dd2ab47 generation=probe-generation-a generation_order=1 media_start=0 media_end=3000000000 binding_count=30
[mapping] case=C501 segment=0 start=0 end=3000000000 provenance=estimated reason=server-clock-media-extrapolation utc_start=1789200000000000000 utc_end=1789200003000000000
[packet] case=C501 segment=0 decode_index=0 ordinal=1 original_pts=0 original_dts=0 original_duration=100000000 observed_utc=1789200000000000000 file_pts=0 file_dts=0 file_duration=100000000 segment_start=0 segment_time=0 stream_time=0 original_minus_file=0 normalized_delta=0
[packet] case=C501 segment=0 decode_index=1 ordinal=2 original_pts=100000000 original_dts=100000000 original_duration=100000000 observed_utc=1789200000100000000 file_pts=100000000 file_dts=100000000 file_duration=100000000 segment_start=0 segment_time=0 stream_time=100000000 original_minus_file=0 normalized_delta=0
[packet] case=C501 segment=0 decode_index=2 ordinal=3 original_pts=200000000 original_dts=200000000 original_duration=100000000 observed_utc=1789200000200000000 file_pts=200000000 file_dts=200000000 file_duration=100000000 segment_start=0 segment_time=0 stream_time=200000000 original_minus_file=0 normalized_delta=0
[packet] case=C501 segment=0 decode_index=3 ordinal=4 original_pts=300000000 original_dts=300000000 original_duration=100000000 observed_utc=1789200000300000000 file_pts=300000000 file_dts=300000000 file_duration=100000000 segment_start=0 segment_time=0 stream_time=300000000 original_minus_file=0 normalized_delta=0
[packet] case=C501 segment=0 decode_index=4 ordinal=5 original_pts=400000000 original_dts=400000000 original_duration=100000000 observed_utc=1789200000400000000 file_pts=400000000 file_dts=400000000 file_duration=100000000 segment_start=0 segment_time=0 stream_time=400000000 original_minus_file=0 normalized_delta=0
[packet] case=C501 segment=0 decode_index=5 ordinal=6 original_pts=500000000 original_dts=500000000 original_duration=100000000 observed_utc=1789200000500000000 file_pts=500000000 file_dts=500000000 file_duration=100000000 segment_start=0 segment_time=0 stream_time=500000000 original_minus_file=0 normalized_delta=0
[packet] case=C501 segment=0 decode_index=6 ordinal=7 original_pts=600000000 original_dts=600000000 original_duration=100000000 observed_utc=1789200000600000000 file_pts=600000000 file_dts=600000000 file_duration=100000000 segment_start=0 segment_time=0 stream_time=600000000 original_minus_file=0 normalized_delta=0
[packet] case=C501 segment=0 decode_index=7 ordinal=8 original_pts=700000000 original_dts=700000000 original_duration=100000000 observed_utc=1789200000700000000 file_pts=700000000 file_dts=700000000 file_duration=100000000 segment_start=0 segment_time=0 stream_time=700000000 original_minus_file=0 normalized_delta=0
[packet] case=C501 segment=0 decode_index=8 ordinal=9 original_pts=800000000 original_dts=800000000 original_duration=100000000 observed_utc=1789200000800000000 file_pts=800000000 file_dts=800000000 file_duration=100000000 segment_start=0 segment_time=0 stream_time=800000000 original_minus_file=0 normalized_delta=0
[packet] case=C501 segment=0 decode_index=9 ordinal=10 original_pts=900000000 original_dts=900000000 original_duration=100000000 observed_utc=1789200000900000000 file_pts=900000000 file_dts=900000000 file_duration=100000000 segment_start=0 segment_time=0 stream_time=900000000 original_minus_file=0 normalized_delta=0
[packet] case=C501 segment=0 decode_index=10 ordinal=11 original_pts=1000000000 original_dts=1000000000 original_duration=100000000 observed_utc=1789200001000000000 file_pts=1000000000 file_dts=1000000000 file_duration=100000000 segment_start=0 segment_time=0 stream_time=1000000000 original_minus_file=0 normalized_delta=0
[packet] case=C501 segment=0 decode_index=11 ordinal=12 original_pts=1100000000 original_dts=1100000000 original_duration=100000000 observed_utc=1789200001100000000 file_pts=1100000000 file_dts=1100000000 file_duration=100000000 segment_start=0 segment_time=0 stream_time=1100000000 original_minus_file=0 normalized_delta=0
[packet] case=C501 segment=0 decode_index=12 ordinal=13 original_pts=1200000000 original_dts=1200000000 original_duration=100000000 observed_utc=1789200001200000000 file_pts=1200000000 file_dts=1200000000 file_duration=100000000 segment_start=0 segment_time=0 stream_time=1200000000 original_minus_file=0 normalized_delta=0
[packet] case=C501 segment=0 decode_index=13 ordinal=14 original_pts=1300000000 original_dts=1300000000 original_duration=100000000 observed_utc=1789200001300000000 file_pts=1300000000 file_dts=1300000000 file_duration=100000000 segment_start=0 segment_time=0 stream_time=1300000000 original_minus_file=0 normalized_delta=0
[packet] case=C501 segment=0 decode_index=14 ordinal=15 original_pts=1400000000 original_dts=1400000000 original_duration=100000000 observed_utc=1789200001400000000 file_pts=1400000000 file_dts=1400000000 file_duration=100000000 segment_start=0 segment_time=0 stream_time=1400000000 original_minus_file=0 normalized_delta=0
[packet] case=C501 segment=0 decode_index=15 ordinal=16 original_pts=1500000000 original_dts=1500000000 original_duration=100000000 observed_utc=1789200001500000000 file_pts=1500000000 file_dts=1500000000 file_duration=100000000 segment_start=0 segment_time=0 stream_time=1500000000 original_minus_file=0 normalized_delta=0
[packet] case=C501 segment=0 decode_index=16 ordinal=17 original_pts=1600000000 original_dts=1600000000 original_duration=100000000 observed_utc=1789200001600000000 file_pts=1600000000 file_dts=1600000000 file_duration=100000000 segment_start=0 segment_time=0 stream_time=1600000000 original_minus_file=0 normalized_delta=0
[packet] case=C501 segment=0 decode_index=17 ordinal=18 original_pts=1700000000 original_dts=1700000000 original_duration=100000000 observed_utc=1789200001700000000 file_pts=1700000000 file_dts=1700000000 file_duration=100000000 segment_start=0 segment_time=0 stream_time=1700000000 original_minus_file=0 normalized_delta=0
[packet] case=C501 segment=0 decode_index=18 ordinal=19 original_pts=1800000000 original_dts=1800000000 original_duration=100000000 observed_utc=1789200001800000000 file_pts=1800000000 file_dts=1800000000 file_duration=100000000 segment_start=0 segment_time=0 stream_time=1800000000 original_minus_file=0 normalized_delta=0
[packet] case=C501 segment=0 decode_index=19 ordinal=20 original_pts=1900000000 original_dts=1900000000 original_duration=100000000 observed_utc=1789200001900000000 file_pts=1900000000 file_dts=1900000000 file_duration=100000000 segment_start=0 segment_time=0 stream_time=1900000000 original_minus_file=0 normalized_delta=0
[packet] case=C501 segment=0 decode_index=20 ordinal=21 original_pts=2000000000 original_dts=2000000000 original_duration=100000000 observed_utc=1789200002000000000 file_pts=2000000000 file_dts=2000000000 file_duration=100000000 segment_start=0 segment_time=0 stream_time=2000000000 original_minus_file=0 normalized_delta=0
[packet] case=C501 segment=0 decode_index=21 ordinal=22 original_pts=2100000000 original_dts=2100000000 original_duration=100000000 observed_utc=1789200002100000000 file_pts=2100000000 file_dts=2100000000 file_duration=100000000 segment_start=0 segment_time=0 stream_time=2100000000 original_minus_file=0 normalized_delta=0
[packet] case=C501 segment=0 decode_index=22 ordinal=23 original_pts=2200000000 original_dts=2200000000 original_duration=100000000 observed_utc=1789200002200000000 file_pts=2200000000 file_dts=2200000000 file_duration=100000000 segment_start=0 segment_time=0 stream_time=2200000000 original_minus_file=0 normalized_delta=0
[packet] case=C501 segment=0 decode_index=23 ordinal=24 original_pts=2300000000 original_dts=2300000000 original_duration=100000000 observed_utc=1789200002300000000 file_pts=2300000000 file_dts=2300000000 file_duration=100000000 segment_start=0 segment_time=0 stream_time=2300000000 original_minus_file=0 normalized_delta=0
[packet] case=C501 segment=0 decode_index=24 ordinal=25 original_pts=2400000000 original_dts=2400000000 original_duration=100000000 observed_utc=1789200002400000000 file_pts=2400000000 file_dts=2400000000 file_duration=100000000 segment_start=0 segment_time=0 stream_time=2400000000 original_minus_file=0 normalized_delta=0
[packet] case=C501 segment=0 decode_index=25 ordinal=26 original_pts=2500000000 original_dts=2500000000 original_duration=100000000 observed_utc=1789200002500000000 file_pts=2500000000 file_dts=2500000000 file_duration=100000000 segment_start=0 segment_time=0 stream_time=2500000000 original_minus_file=0 normalized_delta=0
[packet] case=C501 segment=0 decode_index=26 ordinal=27 original_pts=2600000000 original_dts=2600000000 original_duration=100000000 observed_utc=1789200002600000000 file_pts=2600000000 file_dts=2600000000 file_duration=100000000 segment_start=0 segment_time=0 stream_time=2600000000 original_minus_fil…21828 tokens truncated…ime=1500000000 original_minus_file=0 normalized_delta=0
[packet] case=C508 segment=1 decode_index=16 ordinal=17 original_pts=1600000000 original_dts=1600000000 original_duration=100000000 observed_utc=1789200003600000000 file_pts=1600000000 file_dts=1600000000 file_duration=100000000 segment_start=0 segment_time=0 stream_time=1600000000 original_minus_file=0 normalized_delta=0
[packet] case=C508 segment=1 decode_index=17 ordinal=18 original_pts=1700000000 original_dts=1700000000 original_duration=100000000 observed_utc=1789200003700000000 file_pts=1700000000 file_dts=1700000000 file_duration=100000000 segment_start=0 segment_time=0 stream_time=1700000000 original_minus_file=0 normalized_delta=0
[packet] case=C508 segment=1 decode_index=18 ordinal=19 original_pts=1800000000 original_dts=1800000000 original_duration=100000000 observed_utc=1789200003800000000 file_pts=1800000000 file_dts=1800000000 file_duration=100000000 segment_start=0 segment_time=0 stream_time=1800000000 original_minus_file=0 normalized_delta=0
[packet] case=C508 segment=1 decode_index=19 ordinal=20 original_pts=1900000000 original_dts=1900000000 original_duration=100000000 observed_utc=1789200003900000000 file_pts=1900000000 file_dts=1900000000 file_duration=100000000 segment_start=0 segment_time=0 stream_time=1900000000 original_minus_file=0 normalized_delta=0
[measurement] case=C508 segment=1 packets=20 delta_min=0 delta_max=0 constant_offset=true normalized_delta_min=0 normalized_delta_max=0 eos=true
[segment] case=C508 index=2 id=19b0061b-d8e8-4bd4-b79e-fdf8d4de9eac epoch=842771d6-47f8-4cb3-8cd9-108bd3407fb2 generation=probe-generation-b generation_order=2 media_start=2000000000 media_end=4000000000 binding_count=20
[mapping] case=C508 segment=2 start=2000000000 end=4000000000 provenance=estimated reason=server-clock-media-extrapolation utc_start=1789200004000000000 utc_end=1789200006000000000
[packet] case=C508 segment=2 decode_index=0 ordinal=21 original_pts=2000000000 original_dts=2000000000 original_duration=100000000 observed_utc=1789200004000000000 file_pts=0 file_dts=0 file_duration=100000000 segment_start=0 segment_time=0 stream_time=0 original_minus_file=2000000000 normalized_delta=0
[packet] case=C508 segment=2 decode_index=1 ordinal=22 original_pts=2100000000 original_dts=2100000000 original_duration=100000000 observed_utc=1789200004100000000 file_pts=100000000 file_dts=100000000 file_duration=100000000 segment_start=0 segment_time=0 stream_time=100000000 original_minus_file=2000000000 normalized_delta=0
[packet] case=C508 segment=2 decode_index=2 ordinal=23 original_pts=2200000000 original_dts=2200000000 original_duration=100000000 observed_utc=1789200004200000000 file_pts=200000000 file_dts=200000000 file_duration=100000000 segment_start=0 segment_time=0 stream_time=200000000 original_minus_file=2000000000 normalized_delta=0
[packet] case=C508 segment=2 decode_index=3 ordinal=24 original_pts=2300000000 original_dts=2300000000 original_duration=100000000 observed_utc=1789200004300000000 file_pts=300000000 file_dts=300000000 file_duration=100000000 segment_start=0 segment_time=0 stream_time=300000000 original_minus_file=2000000000 normalized_delta=0
[packet] case=C508 segment=2 decode_index=4 ordinal=25 original_pts=2400000000 original_dts=2400000000 original_duration=100000000 observed_utc=1789200004400000000 file_pts=400000000 file_dts=400000000 file_duration=100000000 segment_start=0 segment_time=0 stream_time=400000000 original_minus_file=2000000000 normalized_delta=0
[packet] case=C508 segment=2 decode_index=5 ordinal=26 original_pts=2500000000 original_dts=2500000000 original_duration=100000000 observed_utc=1789200004500000000 file_pts=500000000 file_dts=500000000 file_duration=100000000 segment_start=0 segment_time=0 stream_time=500000000 original_minus_file=2000000000 normalized_delta=0
[packet] case=C508 segment=2 decode_index=6 ordinal=27 original_pts=2600000000 original_dts=2600000000 original_duration=100000000 observed_utc=1789200004600000000 file_pts=600000000 file_dts=600000000 file_duration=100000000 segment_start=0 segment_time=0 stream_time=600000000 original_minus_file=2000000000 normalized_delta=0
[packet] case=C508 segment=2 decode_index=7 ordinal=28 original_pts=2700000000 original_dts=2700000000 original_duration=100000000 observed_utc=1789200004700000000 file_pts=700000000 file_dts=700000000 file_duration=100000000 segment_start=0 segment_time=0 stream_time=700000000 original_minus_file=2000000000 normalized_delta=0
[packet] case=C508 segment=2 decode_index=8 ordinal=29 original_pts=2800000000 original_dts=2800000000 original_duration=100000000 observed_utc=1789200004800000000 file_pts=800000000 file_dts=800000000 file_duration=100000000 segment_start=0 segment_time=0 stream_time=800000000 original_minus_file=2000000000 normalized_delta=0
[packet] case=C508 segment=2 decode_index=9 ordinal=30 original_pts=2900000000 original_dts=2900000000 original_duration=100000000 observed_utc=1789200004900000000 file_pts=900000000 file_dts=900000000 file_duration=100000000 segment_start=0 segment_time=0 stream_time=900000000 original_minus_file=2000000000 normalized_delta=0
[packet] case=C508 segment=2 decode_index=10 ordinal=31 original_pts=3000000000 original_dts=3000000000 original_duration=100000000 observed_utc=1789200005000000000 file_pts=1000000000 file_dts=1000000000 file_duration=100000000 segment_start=0 segment_time=0 stream_time=1000000000 original_minus_file=2000000000 normalized_delta=0
[packet] case=C508 segment=2 decode_index=11 ordinal=32 original_pts=3100000000 original_dts=3100000000 original_duration=100000000 observed_utc=1789200005100000000 file_pts=1100000000 file_dts=1100000000 file_duration=100000000 segment_start=0 segment_time=0 stream_time=1100000000 original_minus_file=2000000000 normalized_delta=0
[packet] case=C508 segment=2 decode_index=12 ordinal=33 original_pts=3200000000 original_dts=3200000000 original_duration=100000000 observed_utc=1789200005200000000 file_pts=1200000000 file_dts=1200000000 file_duration=100000000 segment_start=0 segment_time=0 stream_time=1200000000 original_minus_file=2000000000 normalized_delta=0
[packet] case=C508 segment=2 decode_index=13 ordinal=34 original_pts=3300000000 original_dts=3300000000 original_duration=100000000 observed_utc=1789200005300000000 file_pts=1300000000 file_dts=1300000000 file_duration=100000000 segment_start=0 segment_time=0 stream_time=1300000000 original_minus_file=2000000000 normalized_delta=0
[packet] case=C508 segment=2 decode_index=14 ordinal=35 original_pts=3400000000 original_dts=3400000000 original_duration=100000000 observed_utc=1789200005400000000 file_pts=1400000000 file_dts=1400000000 file_duration=100000000 segment_start=0 segment_time=0 stream_time=1400000000 original_minus_file=2000000000 normalized_delta=0
[packet] case=C508 segment=2 decode_index=15 ordinal=36 original_pts=3500000000 original_dts=3500000000 original_duration=100000000 observed_utc=1789200005500000000 file_pts=1500000000 file_dts=1500000000 file_duration=100000000 segment_start=0 segment_time=0 stream_time=1500000000 original_minus_file=2000000000 normalized_delta=0
[packet] case=C508 segment=2 decode_index=16 ordinal=37 original_pts=3600000000 original_dts=3600000000 original_duration=100000000 observed_utc=1789200005600000000 file_pts=1600000000 file_dts=1600000000 file_duration=100000000 segment_start=0 segment_time=0 stream_time=1600000000 original_minus_file=2000000000 normalized_delta=0
[packet] case=C508 segment=2 decode_index=17 ordinal=38 original_pts=3700000000 original_dts=3700000000 original_duration=100000000 observed_utc=1789200005700000000 file_pts=1700000000 file_dts=1700000000 file_duration=100000000 segment_start=0 segment_time=0 stream_time=1700000000 original_minus_file=2000000000 normalized_delta=0
[packet] case=C508 segment=2 decode_index=18 ordinal=39 original_pts=3800000000 original_dts=3800000000 original_duration=100000000 observed_utc=1789200005800000000 file_pts=1800000000 file_dts=1800000000 file_duration=100000000 segment_start=0 segment_time=0 stream_time=1800000000 original_minus_file=2000000000 normalized_delta=0
[packet] case=C508 segment=2 decode_index=19 ordinal=40 original_pts=3900000000 original_dts=3900000000 original_duration=100000000 observed_utc=1789200005900000000 file_pts=1900000000 file_dts=1900000000 file_duration=100000000 segment_start=0 segment_time=0 stream_time=1900000000 original_minus_file=2000000000 normalized_delta=0
[measurement] case=C508 segment=2 packets=20 delta_min=2000000000 delta_max=2000000000 constant_offset=true normalized_delta_min=0 normalized_delta_max=0 eos=true
[case-summary] case=C508 inputs=60 segments=3 demux_packets=60
[epoch-check] case=C508 reset_distinct=true
[pass] C508 PTS 초기화 epoch 분리
[summary] pass=8 fail=0
[cleanup] path=/private/var/folders/k0/qhmr6zdx11q0_41wfx4dsd200000gn/T/media-server-derived-time.NljU4O bytes=4799554 removed=true
[elapsed] seconds=4 source=bash-SECONDS
