[pass] V440 source storage open: 
[pass] writer start
[pass] exact one original recording
[pass] current product search model: 
[pass] search result with current UTC evidence
[pass] V440-S01 owned store ready
[pass] V440-M01 package from actual search: 
[pass] representative sequence complete without optional clip
[pass] independent source sample count
[pass] V440-F02 evenly selected exact sample 0
[pass] known UTC has FrameLocatorV1
[pass] V440-C01 real source track identity is preserved
[pass] FrameLocatorV1 re-extract: 
[pass] same frame and PNG digests
[pass] V440-F01 PNG signature
[pass] PNG chunk header
[pass] PNG chunk length
[pass] PNG CRC
[pass] PNG RGB8 geometry
[pass] PNG chunk header
[pass] PNG chunk length
[pass] PNG CRC
[pass] PNG chunk header
[pass] PNG chunk length
[pass] PNG CRC
[pass] PNG exact end
[pass] PNG required chunks
[pass] PNG lossless inflate
[pass] PNG no-filter row
[pass] PNG no-filter row
[pass] PNG no-filter row
[pass] PNG no-filter row
[pass] PNG no-filter row
[pass] PNG no-filter row
[pass] PNG no-filter row
[pass] PNG no-filter row
[pass] PNG no-filter row
[pass] PNG no-filter row
[pass] PNG no-filter row
[pass] PNG no-filter row
[pass] PNG no-filter row
[pass] PNG no-filter row
[pass] PNG no-filter row
[pass] PNG no-filter row
[pass] PNG no-filter row
[pass] PNG no-filter row
[pass] PNG no-filter row
[pass] PNG no-filter row
[pass] PNG no-filter row
[pass] PNG no-filter row
[pass] PNG no-filter row
[pass] PNG no-filter row
[pass] PNG no-filter row
[pass] PNG no-filter row
[pass] PNG no-filter row
[pass] PNG no-filter row
[pass] PNG no-filter row
[pass] PNG no-filter row
[pass] PNG no-filter row
[pass] PNG no-filter row
[pass] PNG no-filter row
[pass] PNG no-filter row
[pass] PNG no-filter row
[pass] PNG no-filter row
[pass] PNG no-filter row
[pass] PNG no-filter row
[pass] PNG no-filter row
[pass] PNG no-filter row
[pass] PNG no-filter row
[pass] PNG no-filter row
[pass] PNG no-filter row
[pass] PNG no-filter row
[pass] PNG no-filter row
[pass] PNG no-filter row
[pass] PNG no-filter row
[pass] PNG no-filter row
[pass] PNG no-filter row
[pass] PNG no-filter row
[pass] PNG no-filter row
[pass] PNG no-filter row
[pass] PNG no-filter row
[pass] PNG no-filter row
[pass] PNG no-filter row
[pass] PNG no-filter row
[pass] PNG no-filter row
[pass] PNG no-filter row
[pass] PNG no-filter row
[pass] PNG no-filter row
[pass] PNG no-filter row
[pass] PNG no-filter row
[pass] PNG no-filter row
[pass] PNG no-filter row
[pass] PNG no-filter row
[pass] PNG no-filter row
[pass] PNG no-filter row
[pass] PNG no-filter row
[pass] PNG no-filter row
[pass] PNG no-filter row
[pass] PNG no-filter row
[pass] PNG no-filter row
[pass] PNG no-filter row
[pass] PNG no-filter row
[pass] PNG no-filter row
[pass] PNG no-filter row
[pass] PNG no-filter row
[pass] PNG no-filter row
[pass] PNG no-filter row
[pass] PNG no-filter row
[pass] PNG no-filter row
[pass] PNG no-filter row
[pass] PNG no-filter row
[pass] PNG no-filter row
[pass] PNG no-filter row
[pass] PNG no-filter row
[pass] PNG no-filter row
[pass] PNG no-filter row
[pass] PNG no-filter row
[pass] PNG no-filter row
[pass] PNG preserves packed RGB exactly
[pass] no nearest frame substitution/output unchanged
[pass] wrong UTC rejected
[pass] wrong channel rejected
[pass] unverified frame index rejected without ordinal inference
[pass] V440-F02 evenly selected exact sample 1
[pass] known UTC has FrameLocatorV1
[pass] V440-C01 real source track identity is preserved
[pass] FrameLocatorV1 re-extract: 
[pass] same frame and PNG digests
[pass] V440-F01 PNG signature
[pass] PNG chunk header
[pass] PNG chunk length
[pass] PNG CRC
[pass] PNG RGB8 geometry
[pass] PNG chunk header
[pass] PNG chunk length
[pass] PNG CRC
[pass] PNG chunk header
[pass] PNG chunk length
[pass] PNG CRC
[pass] PNG exact end
[pass] PNG required chunks
[pass] PNG lossless inflate
[pass] PNG no-filter row
[pass] PNG no-filter row
[pass] PNG no-filter row
[pass] PNG no-filter row
[pass] PNG no-filter row
[pass] PNG no-filter row
[pass] PNG no-filter row
[pass] PNG no-filter row
[pass] PNG no-filter row
[pass] PNG no-filter row
[pass] PNG no-filter row
[pass] PNG no-filter row
[pass] PNG no-filter row
[pass] PNG no-filter row
[pass] PNG no-filter row
[pass] PNG no-filter row
[pass] PNG no-filter row
[pass] PNG no-filter row
[pass] PNG no-filter row
[pass] PNG no-filter row
[pass] PNG no-filter row
[pass] PNG no-filter row
[pass] PNG no-filter row
[pass] PNG no-filter row
[pass] PNG no-filter row
[pass] PNG no-filter row
[pass] PNG no-filter row
[pass] PNG no-filter row
[pass] PNG no-filter row
[pass] PNG no-filter row
[pass] PNG no-filter row
[pass] PNG no-filter row
[pass] PNG no-filter row
[pass] PNG no-filter row
[pass] PNG no-filter row
[pass] PNG no-filter row
[pass] PNG no-filter row
[pass] PNG no-filter row
[pass] PNG no-filter row
[pass] PNG no-filter row
[pass] PNG no-filter row
[pass] PNG no-filter row
[pass] PNG no-filter row
[pass] PNG no-filter row
[pass] PNG no-filter row
[pass] PNG no-filter row
[pass] PNG no-filter row
[pass] PNG no-filter row
[pass] PNG no-filter row
[pass] PNG no-filter row
[pass] PNG no-filter row
[pass] PNG no-filter row
[pass] PNG no-filter row
[pass] PNG no-filter row
[pass] PNG no-filter row
[pass] PNG no-filter row
[pass] PNG no-filter row
[pass] PNG no-filter row
[pass] PNG no-filter row
[pass] PNG no-filter row
[pass] PNG no-filter row
[pass] PNG no-filter row
[pass] PNG no-filter row
[pass] PNG no-filter row
[pass] PNG no-filter row
[pass] PNG no-filter row
[pass] PNG no-filter row
[pass] PNG no-filter row
[pass] PNG no-filter row
[pass] PNG no-filter row
[pass] PNG no-filter row
[pass] PNG no-filter row
[pass] PNG no-filter row
[pass] PNG no-filter row
[pass] PNG no-filter row
[pass] PNG no-filter row
[pass] PNG no-filter row
[pass] PNG no-filter row
[pass] PNG no-filter row
[pass] PNG no-filter row
[pass] PNG no-filter row
[pass] PNG no-filter row
[pass] PNG no-filter row
[pass] PNG no-filter row
[pass] PNG no-filter row
[pass] PNG no-filter row
[pass] PNG no-filter row
[pass] PNG no-filter row
[pass] PNG no-filter row
[pass] PNG no-filter row
[pass] PNG preserves packed RGB exactly
[pass] no nearest frame substitution/output unchanged
[pass] wrong UTC rejected
[pass] wrong channel rejected
[pass] unverified frame index rejected without ordinal inference
[pass] V440-F02 evenly selected exact sample 2
[pass] known UTC has FrameLocatorV1
[pass] V440-C01 real source track identity is preserved
[pass] FrameLocatorV1 re-extract: 
[pass] same frame and PNG digests
[pass] V440-F01 PNG signature
[pass] PNG chunk header
[pass] PNG chunk length
[pass] PNG CRC
[pass] PNG RGB8 geometry
[pass] PNG chunk header
[pass] PNG chunk length
[pass] PNG CRC
[pass] PNG chunk header
[pass] PNG chunk length
[pass] PNG CRC
[pass] PNG exact end
[pass] PNG required chunks
[pass] PNG lossless inflate
[pass] PNG no-filter row
[pass] PNG no-filter row
[pass] PNG no-filter row
[pass] PNG no-filter row
[pass] PNG no-filter row
[pass] PNG no-filter row
[pass] PNG no-filter row
[pass] PNG no-filter row
[pass] PNG no-filter row
[pass] PNG no-filter row
[pass] PNG no-filter row
[pass] PNG no-filter row
[pass] PNG no-filter row
[pass] PNG no-filter row
[pass] PNG no-filter row
[pass] PNG no-filter row
[pass] PNG no-filter row
[pass] PNG no-filter row
[pass] PNG no-filter row
[pass] PNG no-filter row
[pass] PNG no-filter row
[pass] PNG no-filter row
[pass] PNG no-filter row
[pass] PNG no-filter row
[pass] PNG no-filter row
[pass] PNG no-filter row
[pass] PNG no-filter row
[pass] PNG no-filter row
[pass] PNG no-filter row
[pass] PNG no-filter row
[pass] PNG no-filter row
[pass] PNG no-filter row
[pass] PNG no-filter row
[pass] PNG no-filter row
[pass] PNG no-filter row
[pass] PNG no-filter row
[pass] PNG no-filter row
[pass] PNG no-filter row
[pass] PNG no-filter row
[pass] PNG no-filter row
[pass] PNG no-filter row
[pass] PNG no-filter row
[pass] PNG no-filter row
[pass] PNG no-filter row
[pass] PNG no-filter row
[pass] PNG no-filter row
[pass] PNG no-filter row
[pass] PNG no-filter row
[pass] PNG no-filter row
[pass] PNG no-filter row
[pass] PNG no-filter row
[pass] PNG no-filter row
[pass] PNG no-filter row
[pass] PNG no-filter row
[pass] PNG no-filter row
[pass] PNG no-filter row
[pass] PNG no-filter row
[pass] PNG no-filter row
[pass] PNG no-filter row
[pass] PNG no-filter row
[pass] PNG no-filter row
[pass] PNG no-filter row
[pass] PNG no-filter row
[pass] PNG no-filter row
[pass] PNG no-filter row
[pass] PNG no-filter row
[pass] PNG no-filter row
[pass] PNG no-filter row
[pass] PNG no-filter row
[pass] PNG no-filter row
[pass] PNG no-filter row
[pass] PNG no-filter row
[pass] PNG no-filter row
[pass] PNG no-filter row
[pass] PNG no-filter row
[pass] PNG no-filter row
[pass] PNG no-filter row
[pass] PNG no-filter row
[pass] PNG no-filter row
[pass] PNG no-filter row
[pass] PNG no-filter row
[pass] PNG no-filter row
[pass] PNG no-filter row
[pass] PNG no-filter row
[pass] PNG no-filter row
[pass] PNG no-filter row
[pass] PNG no-filter row
[pass] PNG no-filter row
[pass] PNG no-filter row
[pass] PNG no-filter row
[pass] PNG preserves packed RGB exactly
[pass] no nearest frame substitution/output unchanged
[pass] wrong UTC rejected
[pass] wrong channel rejected
[pass] unverified frame index rejected without ordinal inference
[pass] V440-F02 evenly selected exact sample 3
[pass] known UTC has FrameLocatorV1
[pass] V440-C01 real source track identity is preserved
[pass] FrameLocatorV1 re-extract: 
[pass] same frame and PNG digests
[pass] V440-F01 PNG signature
[pass] PNG chunk header
[pass] PNG chunk length
[pass] PNG CRC
[pass] PNG RGB8 geometry
[pass] PNG chunk header
[pass] PNG chunk length
[pass] PNG CRC
[pass] PNG chunk header
[pass] PNG chunk length
[pass] PNG CRC
[pass] PNG exact end
[pass] PNG required chunks
[pass] PNG lossless inflate
[pass] PNG no-filter row
[pass] PNG no-filter row
[pass] PNG no-filter row
[pass] PNG no-filter row
[pass] PNG no-filter row
[pass] PNG no-filter row
[pass] PNG no-filter row
[pass] PNG no-filter row
[pass] PNG no-filter row
[pass] PNG no-filter row
[pass] PNG no-filter row
[pass] PNG no-filter row
[pass] PNG no-filter row
[pass] PNG no-filter row
[pass] PNG no-filter row
[pass] PNG no-filter row
[pass] PNG no-filter row
[pass] PNG no-filter row
[pass] PNG no-filter row
[pass] PNG no-filter row
[pass] PNG no-filter row
[pass] PNG no-filter row
[pass] PNG no-filter row
[pass] PNG no-filter row
[pass] PNG no-filter row
[pass] PNG no-filter row
[pass] PNG no-filter row
[pass] PNG no-filter row
[pass] PNG no-filter row
[pass] PNG no-filter row
[pass] PNG no-filter row
[pass] PNG no-filter row
[pass] PNG no-filter row
[pass] PNG no-filter row
[pass] PNG no-filter row
[pass] PNG no-filter row
[pass] PNG no-filter row
[pass] PNG no-filter row
[pass] PNG no-filter row
[pass] PNG no-filter row
[pass] PNG no-filter row
[pass] PNG no-filter row
[pass] PNG no-filter row
[pass] PNG no-filter row
[pass] PNG no-filter row
[pass] PNG no-filter row
[pass] PNG no-filter row
[pass] PNG no-filter row
[pass] PNG no-filter row
[pass] PNG no-filter row
[pass] PNG no-filter row
[pass] PNG no-filter row
[pass] PNG no-filter row
[pass] PNG no-filter row
[pass] PNG no-filter row
[pass] PNG no-filter row
[pass] PNG no-filter row
[pass] PNG no-filter row
[pass] PNG no-filter row
[pass] PNG no-filter row
[pass] PNG no-filter row
[pass] PNG no-filter row
[pass] PNG no-filter row
[pass] PNG no-filter row
[pass] PNG no-filter row
[pass] PNG no-filter row
[pass] PNG no-filter row
[pass] PNG no-filter row
[pass] PNG no-filter row
[pass] PNG no-filter row
[pass] PNG no-filter row
[pass] PNG no-filter row
[pass] PNG no-filter row
[pass] PNG no-filter row
[pass] PNG no-filter row
[pass] PNG no-filter row
[pass] PNG no-filter row
[pass] PNG no-filter row
[pass] PNG no-filter row
[pass] PNG no-filter row
[pass] PNG no-filter row
[pass] PNG no-filter row
[pass] PNG no-filter row
[pass] PNG no-filter row
[pass] PNG no-filter row
[pass] PNG no-filter row
[pass] PNG no-filter row
[pass] PNG no-filter row
[pass] PNG no-filter row
[pass] PNG no-filter row
[pass] PNG preserves packed RGB exactly
[pass] no nearest frame substitution/output unchanged
[pass] wrong UTC rejected
[pass] wrong channel rejected
[pass] unverified frame index rejected without ordinal inference
[pass] V440-F02 evenly selected exact sample 4
[pass] known UTC has FrameLocatorV1
[pass] V440-C01 real source track identity is preserved
[pass] FrameLocatorV1 re-extract: 
[pass] same frame and PNG digests
[pass] V440-F01 PNG signature
[pass] PNG chunk header
[pass] PNG chunk length
[pass] PNG CRC
[pass] PNG RGB8 geometry
[pass] PNG chunk header
[pass] PNG chunk length
[pass] PNG CRC
[pass] PNG chunk header
[pass] PNG chunk length
[pass] PNG CRC
[pass] PNG exact end
[pass] PNG required chunks
[pass] PNG lossless inflate
[pass] PNG no-filter row
[pass] PNG no-filter row
[pass] PNG no-filter row
[pass] PNG no-filter row
[pass] PNG no-filter row
[pass] PNG no-filter row
[pass] PNG no-filter row
[pass] PNG no-filter row
[pass] PNG no-filter row
[pass] PNG no-filter row
[pass] PNG no-filter row
[pass] PNG no-filter row
[pass] PNG no-filter row
[pass] PNG no-filter row
[pass] PNG no-filter row
[pass] PNG no-filter row
[pass] PNG no-filter row
[pass] PNG no-filter row
[pass] PNG no-filter row
[pass] PNG no-filter row
[pass] PNG no-filter row
[pass] PNG no-filter row
[pass] PNG no-filter row
[pass] PNG no-filter row
[pass] PNG no-filter row
[pass] PNG no-filter row
[pass] PNG no-filter row
[pass] PNG no-filter row
[pass] PNG no-filter row
[pass] PNG no-filter row
[pass] PNG no-filter row
[pass] PNG no-filter row
[pass] PNG no-filter row
[pass] PNG no-filter row
[pass] PNG no-filter row
[pass] PNG no-filter row
[pass] PNG no-filter row
[pass] PNG no-filter row
[pass] PNG no-filter row
[pass] PNG no-filter row
[pass] PNG no-filter row
[pass] PNG no-filter row
[pass] PNG no-filter row
[pass] PNG no-filter row
[pass] PNG no-filter row
[pass] PNG no-filter row
[pass] PNG no-filter row
[pass] PNG no-filter row
[pass] PNG no-filter row
[pass] PNG no-filter row
[pass] PNG no-filter row
[pass] PNG no-filter row
[pass] PNG no-filter row
[pass] PNG no-filter row
[pass] PNG no-filter row
[pass] PNG no-filter row
[pass] PNG no-filter row
[pass] PNG no-filter row
[pass] PNG no-filter row
[pass] PNG no-filter row
[pass] PNG no-filter row
[pass] PNG no-filter row
[pass] PNG no-filter row
[pass] PNG no-filter row
[pass] PNG no-filter row
[pass] PNG no-filter row
[pass] PNG no-filter row
[pass] PNG no-filter row
[pass] PNG no-filter row
[pass] PNG no-filter row
[pass] PNG no-filter row
[pass] PNG no-filter row
[pass] PNG no-filter row
[pass] PNG no-filter row
[pass] PNG no-filter row
[pass] PNG no-filter row
[pass] PNG no-filter row
[pass] PNG no-filter row
[pass] PNG no-filter row
[pass] PNG no-filter row
[pass] PNG no-filter row
[pass] PNG no-filter row
[pass] PNG no-filter row
[pass] PNG no-filter row
[pass] PNG no-filter row
[pass] PNG no-filter row
[pass] PNG no-filter row
[pass] PNG no-filter row
[pass] PNG no-filter row
[pass] PNG no-filter row
[pass] PNG preserves packed RGB exactly
[pass] no nearest frame substitution/output unchanged
[pass] wrong UTC rejected
[pass] wrong channel rejected
[pass] unverified frame index rejected without ordinal inference
[pass] V440-F02 evenly selected exact sample 5
[pass] known UTC has FrameLocatorV1
[pass] V440-C01 real source track identity is preserved
[pass] FrameLocatorV1 re-extract: 
[pass] same frame and PNG digests
[pass] V440-F01 PNG signature
[pass] PNG chunk header
[pass] PNG chunk length
[pass] PNG CRC
[pass] PNG RGB8 geometry
[pass] PNG chunk header
[pass] PNG chunk length
[pass] PNG CRC
[pass] PNG chunk header
[pass] PNG chunk length
[pass] PNG CRC
[pass] PNG exact end
[pass] PNG required chunks
[pass] PNG lossless inflate
[pass] PNG no-filter row
[pass] PNG no-filter row
[pass] PNG no-filter row
[pass] PNG no-filter row
[pass] PNG no-filter row
[pass] PNG no-filter row
[pass] PNG no-filter row
[pass] PNG no-filter row
[pass] PNG no-filter row
[pass] PNG no-filter row
[pass] PNG no-filter row
[pass] PNG no-filter row
[pass] PNG no-filter row
[pass] PNG no-filter row
[pass] PNG no-filter row
[pass] PNG no-filter row
[pass] PNG no-filter row
[pass] PNG no-filter row
[pass] PNG no-filter row
[pass] PNG no-filter row
[pass] PNG no-filter row
[pass] PNG no-filter row
[pass] PNG no-filter row
[pass] PNG no-filter row
[pass] PNG no-filter row
[pass] PNG no-filter row
[pass] PNG no-filter row
[pass] PNG no-filter row
[pass] PNG no-filter row
[pass] PNG no-filter row
[pass] PNG no-filter row
[pass] PNG no-filter row
[pass] PNG no-filter row
[pass] PNG no-filter row
[pass] PNG no-filter row
[pass] PNG no-filter row
[pass] PNG no-filter row
[pass] PNG no-filter row
[pass] PNG no-filter row
[pass] PNG no-filter row
[pass] PNG no-filter row
[pass] PNG no-filter row
[pass] PNG no-filter row
[pass] PNG no-filter row
[pass] PNG no-filter row
[pass] PNG no-filter row
[pass] PNG no-filter row
[pass] PNG no-filter row
[pass] PNG no-filter row
[pass] PNG no-filter row
[pass] PNG no-filter row
[pass] PNG no-filter row
[pass] PNG no-filter row
[pass] PNG no-filter row
[pass] PNG no-filter row
[pass] PNG no-filter row
[pass] PNG no-filter row
[pass] PNG no-filter row
[pass] PNG no-filter row
[pass] PNG no-filter row
[pass] PNG no-filter row
[pass] PNG no-filter row
[pass] PNG no-filter row
[pass] PNG no-filter row
[pass] PNG no-filter row
[pass] PNG no-filter row
[pass] PNG no-filter row
[pass] PNG no-filter row
[pass] PNG no-filter row
[pass] PNG no-filter row
[pass] PNG no-filter row
[pass] PNG no-filter row
[pass] PNG no-filter row
[pass] PNG no-filter row
[pass] PNG no-filter row
[pass] PNG no-filter row
[pass] PNG no-filter row
[pass] PNG no-filter row
[pass] PNG no-filter row
[pass] PNG no-filter row
[pass] PNG no-filter row
[pass] PNG no-filter row
[pass] PNG no-filter row
[pass] PNG no-filter row
[pass] PNG no-filter row
[pass] PNG no-filter row
[pass] PNG no-filter row
[pass] PNG no-filter row
[pass] PNG no-filter row
[pass] PNG no-filter row
[pass] PNG preserves packed RGB exactly
[pass] no nearest frame substitution/output unchanged
[pass] wrong UTC rejected
[pass] wrong channel rejected
[pass] unverified frame index rejected without ordinal inference
[pass] V440-F02 evenly selected exact sample 6
[pass] known UTC has FrameLocatorV1
[pass] V440-C01 real source track identity is preserved
[pass] FrameLocatorV1 re-extract: 
[pass] same frame and PNG digests
[pass] V440-F01 PNG signature
[pass] PNG chunk header
[pass] PNG chunk length
[pass] PNG CRC
[pass] PNG RGB8 geometry
[pass] PNG chunk header
[pass] PNG chunk length
[pass] PNG CRC
[pass] PNG chunk header
[pass] PNG chunk length
[pass] PNG CRC
[pass] PNG exact end
[pass] PNG required chunks
[pass] PNG lossless inflate
[pass] PNG no-filter row
[pass] PNG no-filter row
[pass] PNG no-filter row
[pass] PNG no-filter row
[pass] PNG no-filter row
[pass] PNG no-filter row
[pass] PNG no-filter row
[pass] PNG no-filter row
[pass] PNG no-filter row
[pass] PNG no-filter row
[pass] PNG no-filter row
[pass] PNG no-filter row
[pass] PNG no-filter row
[pass] PNG no-filter row
[pass] PNG no-filter row
[pass] PNG no-filter row
[pass] PNG no-filter row
[pass] PNG no-filter row
[pass] PNG no-filter row
[pass] PNG no-filter row
[pass] PNG no-filter row
[pass] PNG no-filter row
[pass] PNG no-filter row
[pass] PNG no-filter row
[pass] PNG no-filter row
[pass] PNG no-filter row
[pass] PNG no-filter row
[pass] PNG no-filter row
[pass] PNG no-filter row
[pass] PNG no-filter row
[pass] PNG no-filter row
[pass] PNG no-filter row
[pass] PNG no-filter row
[pass] PNG no-filter row
[pass] PNG no-filter row
[pass] PNG no-filter row
[pass] PNG no-filter row
[pass] PNG no-filter row
[pass] PNG no-filter row
[pass] PNG no-filter row
[pass] PNG no-filter row
[pass] PNG no-filter row
[pass] PNG no-filter row
[pass] PNG no-filter row
[pass] PNG no-filter row
[pass] PNG no-filter row
[pass] PNG no-filter row
[pass] PNG no-filter row
[pass] PNG no-filter row
[pass] PNG no-filter row
[pass] PNG no-filter row
[pass] PNG no-filter row
[pass] PNG no-filter row
[pass] PNG no-filter row
[pass] PNG no-filter row
[pass] PNG no-filter row
[pass] PNG no-filter row
[pass] PNG no-filter row
[pass] PNG no-filter row
[pass] PNG no-filter row
[pass] PNG no-filter row
[pass] PNG no-filter row
[pass] PNG no-filter row
[pass] PNG no-filter row
[pass] PNG no-filter row
[pass] PNG no-filter row
[pass] PNG no-filter row
[pass] PNG no-filter row
[pass] PNG no-filter row
[pass] PNG no-filter row
[pass] PNG no-filter row
[pass] PNG no-filter row
[pass] PNG no-filter row
[pass] PNG no-filter row
[pass] PNG no-filter row
[pass] PNG no-filter row
[pass] PNG no-filter row
[pass] PNG no-filter row
[pass] PNG no-filter row
[pass] PNG no-filter row
[pass] PNG no-filter row
[pass] PNG no-filter row
[pass] PNG no-filter row
[pass] PNG no-filter row
[pass] PNG no-filter row
[pass] PNG no-filter row
[pass] PNG no-filter row
[pass] PNG no-filter row
[pass] PNG no-filter row
[pass] PNG no-filter row
[pass] PNG preserves packed RGB exactly
[pass] no nearest frame substitution/output unchanged
[pass] wrong UTC rejected
[pass] wrong channel rejected
[pass] unverified frame index rejected without ordinal inference
[pass] V440-F02 evenly selected exact sample 7
[pass] known UTC has FrameLocatorV1
[pass] V440-C01 real source track identity is preserved
[pass] FrameLocatorV1 re-extract: 
[pass] same frame and PNG digests
[pass] V440-F01 PNG signature
[pass] PNG chunk header
[pass] PNG chunk length
[pass] PNG CRC
[pass] PNG RGB8 geometry
[pass] PNG chunk header
[pass] PNG chunk length
[pass] PNG CRC
[pass] PNG chunk header
[pass] PNG chunk length
[pass] PNG CRC
[pass] PNG exact end
[pass] PNG required chunks
[pass] PNG lossless inflate
[pass] PNG no-filter row
[pass] PNG no-filter row
[pass] PNG no-filter row
[pass] PNG no-filter row
[pass] PNG no-filter row
[pass] PNG no-filter row
[pass] PNG no-filter row
[pass] PNG no-filter row
[pass] PNG no-filter row
[pass] PNG no-filter row
[pass] PNG no-filter row
[pass] PNG no-filter row
[pass] PNG no-filter row
[pass] PNG no-filter row
[pass] PNG no-filter row
[pass] PNG no-filter row
[pass] PNG no-filter row
[pass] PNG no-filter row
[pass] PNG no-filter row
[pass] PNG no-filter row
[pass] PNG no-filter row
[pass] PNG no-filter row
[pass] PNG no-filter row
[pass] PNG no-filter row
[pass] PNG no-filter row
[pass] PNG no-filter row
[pass] PNG no-filter row
[pass] PNG no-filter row
[pass] PNG no-filter row
[pass] PNG no-filter row
[pass] PNG no-filter row
[pass] PNG no-filter row
[pass] PNG no-filter row
[pass] PNG no-filter row
[pass] PNG no-filter row
[pass] PNG no-filter row
[pass] PNG no-filter row
[pass] PNG no-filter row
[pass] PNG no-filter row
[pass] PNG no-filter row
[pass] PNG no-filter row
[pass] PNG no-filter row
[pass] PNG no-filter row
[pass] PNG no-filter row
[pass] PNG no-filter row
[pass] PNG no-filter row
[pass] PNG no-filter row
[pass] PNG no-filter row
[pass] PNG no-filter row
[pass] PNG no-filter row
[pass] PNG no-filter row
[pass] PNG no-filter row
[pass] PNG no-filter row
[pass] PNG no-filter row
[pass] PNG no-filter row
[pass] PNG no-filter row
[pass] PNG no-filter row
[pass] PNG no-filter row
[pass] PNG no-filter row
[pass] PNG no-filter row
[pass] PNG no-filter row
[pass] PNG no-filter row
[pass] PNG no-filter row
[pass] PNG no-filter row
[pass] PNG no-filter row
[pass] PNG no-filter row
[pass] PNG no-filter row
[pass] PNG no-filter row
[pass] PNG no-filter row
[pass] PNG no-filter row
[pass] PNG no-filter row
[pass] PNG no-filter row
[pass] PNG no-filter row
[pass] PNG no-filter row
[pass] PNG no-filter row
[pass] PNG no-filter row
[pass] PNG no-filter row
[pass] PNG no-filter row
[pass] PNG no-filter row
[pass] PNG no-filter row
[pass] PNG no-filter row
[pass] PNG no-filter row
[pass] PNG no-filter row
[pass] PNG no-filter row
[pass] PNG no-filter row
[pass] PNG no-filter row
[pass] PNG no-filter row
[pass] PNG no-filter row
[pass] PNG no-filter row
[pass] PNG no-filter row
[pass] PNG preserves packed RGB exactly
[pass] no nearest frame substitution/output unchanged
[pass] wrong UTC rejected
[pass] wrong channel rejected
[pass] unverified frame index rejected without ordinal inference
[pass] unknown time source open
[pass] unknown time writer start
[pass] unknown time finalized source
[pass] V440-F02 actual unknown UTC decoded frame without invented locator: 
[pass] V440-C01 canonical roundtrip
[pass] invalid JSON/schema/size leaves output unchanged
[pass] invalid JSON/schema/size leaves output unchanged
[pass] invalid JSON/schema/size leaves output unchanged
[pass] V440-C01 source track contract accepted without normalization
[pass] V440-C01 source track contract accepted without normalization
[pass] V440-C01 source track contract accepted without normalization
[pass] V440-C01 invalid source track rejected and output unchanged
[pass] V440-C01 invalid source track rejected and output unchanged
[pass] V440-C01 invalid source track rejected and output unchanged
[pass] V440-C01 invalid source track rejected and output unchanged
[pass] V440-C01 invalid source track rejected and output unchanged
[pass] V440-C01 invalid source track rejected and output unchanged
[pass] V440-C01 invalid source track rejected and output unchanged
[pass] V440-C01 invalid source track rejected and output unchanged
[pass] V440-C01 invalid source track rejected and output unchanged
[pass] V440-C01 invalid source track rejected and output unchanged
[pass] V440-C01 invalid source track rejected and output unchanged
[pass] V440-C01 invalid source track rejected and output unchanged
[pass] V440-C01 invalid source track rejected and output unchanged
[pass] V440-C01 invalid source track rejected and output unchanged
[pass] V440-C01 invalid source track rejected and output unchanged
[pass] V440-C01 invalid source track rejected and output unchanged
[pass] V440-C01 invalid source track rejected and output unchanged
[pass] V440-C01 invalid source track rejected and output unchanged
[pass] V440-C01 invalid source track rejected and output unchanged
[pass] V440-C01 invalid source track rejected and output unchanged
[pass] V440-C01 invalid source track rejected and output unchanged
[pass] V440-C01 invalid source track rejected and output unchanged
[pass] V440-C01 invalid source track rejected and output unchanged
[pass] V440-C01 invalid source track rejected and output unchanged
[pass] V440-C01 invalid source track rejected and output unchanged
[pass] V440-C01 invalid source track rejected and output unchanged
[pass] V440-C01 invalid source track rejected and output unchanged
[pass] V440-C01 invalid source track rejected and output unchanged
[pass] V440-C01 invalid source track rejected and output unchanged
[pass] V440-C01 invalid source track rejected and output unchanged
[pass] V440-C01 invalid source track rejected and output unchanged
[pass] V440-C01 invalid source track rejected and output unchanged
[pass] V440-C01 invalid source track rejected and output unchanged
[pass] V440-C01 invalid source track rejected and output unchanged
[pass] V440-C01 invalid source track rejected and output unchanged
[pass] verified read after publish: 
[pass] stored asset hash
[pass] package listing
[pass] V440-A01 current package scope
[pass] list channel scope
[pass] create denied before I/O
[pass] asset scoped access
[pass] asset index boundary
[pass] V440-F02 exact point selection
[pass] duplicate PTS cannot select arbitrary frame
[pass] half-open range end is not replaced
[pass] preserved frame reference requires matching frame metadata
[pass] unknown UTC stays null in manifest roundtrip
FAIL actual clip selection/intent: job-resource-cap after=981
