[start] 2026-10-04T11:30:00Z
df60a8dbec737d50283d9d6c66928643dc1c9666
Darwin arm64
[source] include/recording/evidence_frame_extractor.h c9251076c8b0de4250151977ba7fa29bdb5414dd2efad88a2a323b7301f5d62d
[source] include/recording/evidence_package.h 16e6c2547b4fde3b10fc4d09b03246b4a9c6dd33fd56242429c0d10c77dc497e
[source] include/recording/evidence_package_builder.h 5b4ca9ae39eb018427b6f714790cec0dfd6575972afe5fcd0f4106d3826d1453
[source] include/recording/evidence_package_store.h a5971c0c6ed806c6cfdcb0b9728e9283e19a36bad50d49c04860989ff82dced9
[source] scripts/internal/evidence_package_smoke.cpp c887a54c36932d6a4a390176529a79eb76a313c807841458388ae2080249e933
[source] src/recording/evidence_frame_extractor.cpp 11ed158d7862a161da731a0c54f1564613df8084e46b488f6a220760bcb49e60
[source] src/recording/evidence_package.cpp 908c93344ecab953756b3076c9fb5d710890bb20395723cd6f11d1707640b166
[source] src/recording/evidence_package_builder.cpp 3bb08cd35d4d9aa5a093e1ebab736661b170226f8cd3f19bbed22622514a347c
[source] src/recording/evidence_package_store.cpp 483d65c3e6d0b2af40b0ce6eda7e1c806854ed65dc70ea0446c74366e7b57f3d
<repo>/scripts/internal/evidence_package_smoke.cpp:96:25: error: deduced conflicting types ('basic_string<char, std::char_traits<char>, std::allocator<char>>' vs 'const char *') for initializer list element type
   96 |     for(const auto& bad:{"{\"schema\":0,"+json.substr(1),"{\"schema\":\"unknown\"}",std::string(1024*1024+1,' ')}){
      |                         ^~~~~~~~~~~~~~~~~~~~~~~~~~~~~~~~ ~~~~~~~~~~~~~~~~~~~~~~~~~~
1 error generated.
Traceback (most recent call last):
  File "<stdin>", line 19, in <module>
  File "/opt/homebrew/Cellar/python@3.14/3.14.4/Frameworks/Python.framework/Versions/3.14/lib/python3.14/subprocess.py", line 578, in run
    raise CalledProcessError(retcode, process.args,
                             output=stdout, stderr=stderr)
subprocess.CalledProcessError: Command '['c++', '-std=c++17', '-Wall', '-Wextra', '-Werror', '-pthread', '-I<repo>/include', '-DMEDIA_SERVER_USE_GSTREAMER=1', '-DMEDIA_SERVER_USE_OPENSSL=1', '-DMEDIA_SERVER_USE_SQLITE3=1', '-DMEDIA_SERVER_ENABLE_RECORDING_GENERATION_BACKEND=1', '-I/opt/homebrew/Cellar/gstreamer/1.28.1/include/gstreamer-1.0', '-I/opt/homebrew/Cellar/glib/2.86.4/include', '-I/Library/Developer/CommandLineTools/SDKs/MacOSX26.sdk/usr/include/ffi', '-I/opt/homebrew/Cellar/glib/2.86.4/include/glib-2.0', '-I/opt/homebrew/Cellar/glib/2.86.4/lib/glib-2.0/include', '-I/opt/homebrew/opt/gettext/include', '-I/opt/homebrew/Cellar/pcre2/10.47_1/include', '-I/opt/homebrew/Cellar/openssl@3/3.6.2/include', '<repo>/scripts/internal/evidence_package_smoke.cpp', '<repo>/build-gst-onnx/libmedia_server_runtime.a', '/Library/Developer/CommandLineTools/SDKs/MacOSX.sdk/usr/lib/libz.tbd', '/opt/homebrew/Cellar/gstreamer/1.28.1/lib/libgstrtspserver-1.0.dylib', '/opt/homebrew/Cellar/gstreamer/1.28.1/lib/libgstapp-1.0.dylib', '/opt/homebrew/Cellar/gstreamer/1.28.1/lib/libgstwebrtc-1.0.dylib', '/opt/homebrew/Cellar/gstreamer/1.28.1/lib/libgstsdp-1.0.dylib', '/opt/homebrew/Cellar/gstreamer/1.28.1/lib/libgstpbutils-1.0.dylib', '/opt/homebrew/Cellar/gstreamer/1.28.1/lib/libgstaudio-1.0.dylib', '/opt/homebrew/Cellar/gstreamer/1.28.1/lib/libgstvideo-1.0.dylib', '/opt/homebrew/Cellar/gstreamer/1.28.1/lib/libgstbase-1.0.dylib', '/opt/homebrew/Cellar/gstreamer/1.28.1/lib/libgstreamer-1.0.dylib', '/opt/homebrew/Cellar/pango/1.57.0_2/lib/libpangocairo-1.0.dylib', '/opt/homebrew/Cellar/pango/1.57.0_2/lib/libpango-1.0.dylib', '/opt/homebrew/Cellar/cairo/1.18.4/lib/libcairo.dylib', '/opt/homebrew/Cellar/harfbuzz/13.1.1/lib/libharfbuzz.dylib', '/opt/homebrew/Cellar/glib/2.86.4/lib/libgobject-2.0.dylib', '/Library/Developer/CommandLineTools/SDKs/MacOSX.sdk/usr/lib/libsqlite3.tbd', '/opt/homebrew/Cellar/libsodium/1.0.21/lib/libsodium.dylib', '/opt/homebrew/Cellar/openssl@3/3.6.2/lib/libssl.dylib', '/opt/homebrew/Cellar/openssl@3/3.6.2/lib/libcrypto.dylib', '/opt/homebrew/lib/libonnxruntime.dylib', '<repo>/third_party/v430-embedding/sentencepiece/lib/libsentencepiece.a', '/opt/homebrew/Cellar/glib/2.86.4/lib/libglib-2.0.dylib', '/opt/homebrew/opt/gettext/lib/libintl.dylib', '-o', '<tmp>/media-server-evidence.qtBKwR/evidence-smoke']' returned non-zero exit status 1.
[cleanup] removed=true
