[start] 2026-10-04T17:38:10Z
Darwin arm64
Apple clang version 21.0.0 (clang-2100.3.34.2)
38dc824f289fe523f848b32162088ce955a6848c173f8e731e803a039c00c142  /Users/dhseo/Workspace/mediaServer/scripts/internal/recording_current_ui_seed.cpp
f9bd09ba278871b479284014e757bc494e6b471bd43fd505536a474f62fcd639  /Users/dhseo/Workspace/mediaServer/scripts/internal/recording_current_ui_seed.mjs
404784ececbb74556fa2e32975f879e2632a96311bc7ed0e41bce069d167b8a6  /Users/dhseo/Workspace/mediaServer/scripts/internal/recording_media_test_fixture.h
86eb8de4cf1fdd31059deb47ac5e5df5639581cc20609ccf12493acf94e59a31  /Users/dhseo/Workspace/mediaServer/scripts/internal/verify_recording_current_ui_seed.sh
2abe00f4db46add13d6ea95d459bad765ed8cf99a257b8780bd4eb40cadac776  /Users/dhseo/Workspace/mediaServer/build-gst-onnx/libmedia_server_runtime.a
[recording] file evidence unavailable: file evidence profile/bound 오류
[recording] file evidence unavailable: file evidence profile/bound 오류
[recording] file evidence unavailable: file evidence profile/bound 오류
[recording] file evidence unavailable: file evidence profile/bound 오류
[recording] file evidence unavailable: file evidence profile/bound 오류
PASS: LP26-U06-A managed Catalog reopen public timeline and persistent generation unchanged
PASS: B06-V02 actual Runtime B seed and fresh reopen preserve authoritative files
PASS: LP26-U01-A current managed UI seed oracle
PASS: LP26-U02-A current managed UI seed oracle
PASS: LP26-U03-A current managed UI seed oracle
PASS: LP26-U04-A current managed UI seed oracle
PASS: LP26-U05-A current managed UI seed oracle
[ui-seed-summary] {"rows":146,"known":115,"unknown":31,"pages":2,"actualUiPass":false}
[cleanup] {"path":"/private/var/folders/k0/qhmr6zdx11q0_41wfx4dsd200000gn/T/media-server-current-ui-seed.W99IKs","bytes":13642364,"removed":true}
[elapsed] seconds=9 source=bash-SECONDS actualUiPass=false
[ui-seed] current-managed; mapping units; seek=original-MP4; events=derived-fMP4; actualUiPass=false
[ui-seed-selection] {"seekSegmentId":"c68f4f5e-6084-491e-a771-aef314a11076","eventOutputIds":[{"scenario":"full","ids":["dj-eee65dc6479b9b5d520dfeb42dbc9c019a19d011c935ba5271230a2a5886488c-o0","dj-eee65dc6479b9b5d520dfeb42dbc9c019a19d011c935ba5271230a2a5886488c-o1"]},{"scenario":"partial","ids":["dj-034428dee4f3656853decbaf4e7e19f4c8ff1f8965145bbb85938fb71be1163a-o0","dj-034428dee4f3656853decbaf4e7e19f4c8ff1f8965145bbb85938fb71be1163a-o1"]}],"actualUiPass":false}
{"uiPreparationLog":{"truncated":false,"droppedBytes":0,"writeFailed":false},"actualUiPass":false}
[cleanup] PASS {"root":"/private/var/folders/k0/qhmr6zdx11q0_41wfx4dsd200000gn/T/media-server-v410-s06-TumMmE","rootBeforeBytes":16600159,"rootBeforeEntries":441,"rootSymlinksNotFollowed":277,"rootAbsent":true,"process":{"pid":72411,"exitCode":0,"signalCode":null,"graceful":true},"ports":[{"kind":"rtsp","port":57979,"closed":true,"evidence":"ECONNREFUSED"},{"kind":"http","port":57980,"closed":true,"evidence":"ECONNREFUSED"}],"attempted":6,"failureCount":0,"cleanupElapsedMs":1140,"verifierElapsedMs":77405,"uiUdpClosed":true}
{"pass":31,"notRun":0,"uiFulltestPass":false,"outputDir":"/private/var/folders/k0/qhmr6zdx11q0_41wfx4dsd200000gn/T/media-server-recording-ui-acceptance-v440-w68wihgv"}
