PASS: AU01 CLI는 mode와 절대 output만 허용
PASS: AU02 exact manifest는 template title을 포함한 all 31행과 focus I30 3행을 보존
PASS: AU03 redaction은 비밀·credential header·JSON·URL·경로를 evidence에서 제거
PASS: AU04 owned temp만 생성하고 artifact escape를 거부
PASS: AU05 독립 응답 순서·숨김·미확인 목록으로 정확한 행을 선택한다
PASS: AU06 I30 시간·프레임·Range 누락·타파일 반례를 거부한다
PASS: AU07 geometry는 화면 밖 control·빈 label·숨김을 거부한다
PASS: AU08 타 채널 영상은 시간 확인·미확인 양쪽에서 찾고 미재생 행은 거부한다
PASS: AU09 console은 같은 세션·action·유일 응답·명시 계약에만 결속한다
PASS: AU10 C03는 신규 unknown의 독립 식별·동일 질의·전체 페이지를 요구한다
{"pass":10,"fail":0,"actualUi":false}
✔ scripts/internal/recording_ui_acceptance.test.mjs (105.02375ms)
ℹ tests 1
ℹ suites 0
ℹ pass 1
ℹ fail 0
ℹ cancelled 0
ℹ skipped 0
ℹ todo 0
ℹ duration_ms 108.031167
