{
  "status": "PASS",
  "comparison": "same inputs baseline intraop1 versus product intraop4",
  "cases": [
    {
      "file": "image-0.f32",
      "baselineSha256": "dd0d9f5d663da5592c9f7c70c481011043d15f81b12bc839cf7b65043ed504d2",
      "updatedSha256": "dd0d9f5d663da5592c9f7c70c481011043d15f81b12bc839cf7b65043ed504d2",
      "maxAbsoluteError": 0.0,
      "cosine": 1.0,
      "normError": 2.3062425302811107e-09
    },
    {
      "file": "image-1.f32",
      "baselineSha256": "dafcc39e6e3f5243cce0449a05aa00a049346a2090c958b28193ae124a4d5a24",
      "updatedSha256": "dafcc39e6e3f5243cce0449a05aa00a049346a2090c958b28193ae124a4d5a24",
      "maxAbsoluteError": 0.0,
      "cosine": 1.0,
      "normError": 2.811387567192014e-09
    },
    {
      "file": "image-2.f32",
      "baselineSha256": "dcefec2634daf1287b4c28d045c50462e6d1650bbdb828dc77725e6628d16234",
      "updatedSha256": "dcefec2634daf1287b4c28d045c50462e6d1650bbdb828dc77725e6628d16234",
      "maxAbsoluteError": 0.0,
      "cosine": 1.0000000000000002,
      "normError": 6.837610033727515e-09
    },
    {
      "file": "image-3.f32",
      "baselineSha256": "b267eb7e59cc0189869997814ddd2222b3c3da010295cca40bb7f8f37ba38b6c",
      "updatedSha256": "b267eb7e59cc0189869997814ddd2222b3c3da010295cca40bb7f8f37ba38b6c",
      "maxAbsoluteError": 0.0,
      "cosine": 1.0000000000000002,
      "normError": 1.1528644705549596e-10
    },
    {
      "file": "text-0.f32",
      "baselineSha256": "d0d8fe2c5f35107b436e913707a54bdab5f93b6a5b0c4f3abbb308266f609b45",
      "updatedSha256": "d0d8fe2c5f35107b436e913707a54bdab5f93b6a5b0c4f3abbb308266f609b45",
      "maxAbsoluteError": 0.0,
      "cosine": 1.0000000000000002,
      "normError": 4.219869897958972e-09
    },
    {
      "file": "text-0.i64",
      "baselineSha256": "e82f42e3cf69ea712b483325344209ce7416af64de4a2ddb83d829eeeec34f4c",
      "updatedSha256": "e82f42e3cf69ea712b483325344209ce7416af64de4a2ddb83d829eeeec34f4c",
      "tokenIdsExact": true
    },
    {
      "file": "text-1.f32",
      "baselineSha256": "651d44065c9b51f59d1b0336f62ac3f3a84cc4202ee148d06b81160f00ddec1d",
      "updatedSha256": "651d44065c9b51f59d1b0336f62ac3f3a84cc4202ee148d06b81160f00ddec1d",
      "maxAbsoluteError": 0.0,
      "cosine": 1.0,
      "normError": 3.111296997815316e-09
    },
    {
      "file": "text-1.i64",
      "baselineSha256": "a6d25e1b40a91fe6968edfd938dadedcfdd0c9af0d30bacf9f3026d76b0f9e38",
      "updatedSha256": "a6d25e1b40a91fe6968edfd938dadedcfdd0c9af0d30bacf9f3026d76b0f9e38",
      "tokenIdsExact": true
    },
    {
      "file": "text-2.f32",
      "baselineSha256": "5e7aa35715b0bbb84fd69f7e63910c30bd26bd052680e8b7e21a313af956f59b",
      "updatedSha256": "5e7aa35715b0bbb84fd69f7e63910c30bd26bd052680e8b7e21a313af956f59b",
      "maxAbsoluteError": 0.0,
      "cosine": 1.0,
      "normError": 6.747381431360111e-09
    },
    {
      "file": "text-2.i64",
      "baselineSha256": "a347ec5a2b667c83e535bc2783605bf879dc80dec6ecbe815cc6cfa4f1e19738",
      "updatedSha256": "a347ec5a2b667c83e535bc2783605bf879dc80dec6ecbe815cc6cfa4f1e19738",
      "tokenIdsExact": true
    },
    {
      "file": "text-3.f32",
      "baselineSha256": "c806d2560f60f9e5f598f416f48d3274406cbb9c73839e990d985d73e84b0deb",
      "updatedSha256": "c806d2560f60f9e5f598f416f48d3274406cbb9c73839e990d985d73e84b0deb",
      "maxAbsoluteError": 0.0,
      "cosine": 1.0000000000000002,
      "normError": 8.646936500156244e-10
    },
    {
      "file": "text-3.i64",
      "baselineSha256": "d6a061d62581abdd0b3906d4d264cfebe3c7fbe2238164d7e11dfcd9753fc1b1",
      "updatedSha256": "d6a061d62581abdd0b3906d4d264cfebe3c7fbe2238164d7e11dfcd9753fc1b1",
      "tokenIdsExact": true
    },
    {
      "file": "text-6.f32",
      "baselineSha256": "24751445ddcbc321529f6762e0640d2968ff7b2d29af3b636cbdbb3a156a723b",
      "updatedSha256": "24751445ddcbc321529f6762e0640d2968ff7b2d29af3b636cbdbb3a156a723b",
      "maxAbsoluteError": 0.0,
      "cosine": 1.0,
      "normError": 1.6105730749060854e-08
    },
    {
      "file": "text-6.i64",
      "baselineSha256": "e65b2339a031c5efabbbdb50ed6f62fb6a968d36d7175f6df773203cd0d6ae3d",
      "updatedSha256": "e65b2339a031c5efabbbdb50ed6f62fb6a968d36d7175f6df773203cd0d6ae3d",
      "tokenIdsExact": true
    },
    {
      "file": "text-7.f32",
      "baselineSha256": "829ad9e78a592a2808f71e3d5c0e30936e104e8126b47cb7098001bf2a45c190",
      "updatedSha256": "829ad9e78a592a2808f71e3d5c0e30936e104e8126b47cb7098001bf2a45c190",
      "maxAbsoluteError": 0.0,
      "cosine": 1.0,
      "normError": 1.421903927933954e-09
    },
    {
      "file": "text-7.i64",
      "baselineSha256": "233fb96165df53fbfcd5e8bfd1b0e2e6da04734215c4a8fc55e657e4fd042d50",
      "updatedSha256": "233fb96165df53fbfcd5e8bfd1b0e2e6da04734215c4a8fc55e657e4fd042d50",
      "tokenIdsExact": true
    },
    {
      "file": "text-8.f32",
      "baselineSha256": "9a9dc5e8eaf69e14f250dce46c17fb2b1253179991b19372baaadbffa96fdeb4",
      "updatedSha256": "9a9dc5e8eaf69e14f250dce46c17fb2b1253179991b19372baaadbffa96fdeb4",
      "maxAbsoluteError": 0.0,
      "cosine": 0.9999999999999998,
      "normError": 1.2497674006795023e-08
    },
    {
      "file": "text-8.i64",
      "baselineSha256": "325c17253dbb2144294a6d12f972d7f700b2bb33ea87c3a99fddc368e6944fb6",
      "updatedSha256": "325c17253dbb2144294a6d12f972d7f700b2bb33ea87c3a99fddc368e6944fb6",
      "tokenIdsExact": true
    },
    {
      "file": "text-9.f32",
      "baselineSha256": "74c9076bd8e32f91b429bc30e5d10deeb06d55f6863791f4c48353446687848e",
      "updatedSha256": "74c9076bd8e32f91b429bc30e5d10deeb06d55f6863791f4c48353446687848e",
      "maxAbsoluteError": 0.0,
      "cosine": 1.0,
      "normError": 3.707143925169021e-09
    },
    {
      "file": "text-9.i64",
      "baselineSha256": "27657853fc723a4f5e80df405987bda73a8fde2a3f1f8c7aaea0811d73e272f2",
      "updatedSha256": "27657853fc723a4f5e80df405987bda73a8fde2a3f1f8c7aaea0811d73e272f2",
      "tokenIdsExact": true
    }
  ]
}
