-- Configuring done (0.1s)
-- Generating done (0.0s)
-- Build files have been written to: /Users/dhseo/Workspace/mediaServer/build-gst-onnx
[  0%] Building CXX object CMakeFiles/media_server_runtime.dir/src/analysis/siglip2_encoder.cpp.o
[  2%] Building CXX object CMakeFiles/media_server_runtime.dir/src/recording/evidence_package.cpp.o
[  2%] Building CXX object CMakeFiles/media_server_runtime.dir/src/recording/recording_search_source.cpp.o
[  2%] Building CXX object CMakeFiles/media_server_runtime.dir/src/recording/evidence_frame_extractor.cpp.o
[  2%] Building CXX object CMakeFiles/media_server_runtime.dir/src/recording/evidence_package_store.cpp.o
[  3%] Building CXX object CMakeFiles/media_server_runtime.dir/src/recording/evidence_package_builder.cpp.o
[  3%] Building CXX object CMakeFiles/media_server_runtime.dir/src/recording/visual_index_worker.cpp.o
[  4%] Building CXX object CMakeFiles/media_server_runtime.dir/src/recording/visual_frame_decoder.cpp.o
[  4%] Building CXX object CMakeFiles/media_server_runtime.dir/src/recording/recording_visual_source.cpp.o
[  5%] Building CXX object CMakeFiles/media_server_runtime.dir/src/recording/recording_visual_snapshots.cpp.o
[  6%] Building CXX object CMakeFiles/media_server_runtime.dir/src/recording/recording_search_reader.cpp.o
[  7%] Building CXX object CMakeFiles/media_server_runtime.dir/src/recording/event_recording_bridge.cpp.o
[  8%] Building CXX object CMakeFiles/media_server_runtime.dir/src/recording/gstreamer_segment_writer.cpp.o
[  9%] Building CXX object CMakeFiles/media_server_runtime.dir/src/recording/recording_journal.cpp.o
[  9%] Building CXX object CMakeFiles/media_server_runtime.dir/src/recording/recording_catalog_cutover_candidate.cpp.o
[  9%] Building CXX object CMakeFiles/media_server_runtime.dir/src/recording/recording_media_inspector.cpp.o
[ 10%] Building CXX object CMakeFiles/media_server_runtime.dir/src/recording/recording_finalize_recovery.cpp.o
[ 11%] Building CXX object CMakeFiles/media_server_runtime.dir/src/recording/recording_startup_recovery.cpp.o
[ 12%] Building CXX object CMakeFiles/media_server_runtime.dir/src/recording/recording_catalog.cpp.o
[ 12%] Building CXX object CMakeFiles/media_server_runtime.dir/src/recording/recording_catalog_snapshot_export.cpp.o
[ 13%] Building CXX object CMakeFiles/media_server_runtime.dir/src/recording/analysis_observation_projector.cpp.o
[ 13%] Building CXX object CMakeFiles/media_server_runtime.dir/src/recording/recording_read_service.cpp.o
[ 14%] Building CXX object CMakeFiles/media_server_runtime.dir/src/recording/recording_timeline_projection.cpp.o
[ 14%] Building CXX object CMakeFiles/media_server_runtime.dir/src/recording/recording_derived_job_service.cpp.o
[ 15%] Building CXX object CMakeFiles/media_server_runtime.dir/src/recording/recording_derived_event_worker.cpp.o
[ 16%] Building CXX object CMakeFiles/media_server_runtime.dir/src/recording/recording_evidence_observer.cpp.o
[ 16%] Building CXX object CMakeFiles/media_server_runtime.dir/src/recording/recording_runtime_composition.cpp.o
[ 17%] Building CXX object CMakeFiles/media_server_runtime.dir/src/ingress/recording_search_application_service.cpp.o
[ 17%] Building CXX object CMakeFiles/media_server_runtime.dir/src/ingress/visual_search_application_service.cpp.o
[ 18%] Building CXX object CMakeFiles/media_server_runtime.dir/src/ingress/evidence_application_service.cpp.o
[ 18%] Building CXX object CMakeFiles/media_server_runtime.dir/src/ingress/recording_application_service.cpp.o
[ 19%] Building CXX object CMakeFiles/media_server_runtime.dir/src/recording/retention_coordinator.cpp.o
[ 20%] Building CXX object CMakeFiles/media_server_runtime.dir/src/ingress/product_ui_page_scripts.cpp.o
[ 20%] Building CXX object CMakeFiles/media_server_runtime.dir/src/ingress/webrtc_http_server.cpp.o
[ 21%] Building CXX object CMakeFiles/media_server_runtime.dir/src/ingress/webrtc_http_server_ops_foundation.cpp.o
[ 21%] Building CXX object CMakeFiles/media_server_runtime.dir/src/ingress/webrtc_http_server_ops_workflows.cpp.o
[ 22%] Building CXX object CMakeFiles/media_server_runtime.dir/src/ingress/webrtc_http_server_ops_incidents.cpp.o
[ 23%] Building CXX object CMakeFiles/media_server_runtime.dir/src/ingress/webrtc_http_server_runtime.cpp.o
[ 24%] Linking CXX static library libmedia_server_runtime.a
[ 99%] Built target media_server_runtime
[ 99%] Building CXX object CMakeFiles/media_server.dir/src/application/media_server_application.cpp.o
[ 99%] Linking CXX executable media_server
[100%] Built target media_server
