DONE retrieval road-en-1
DONE retrieval road-en-2
DONE retrieval road-ko-1
DONE retrieval road-ko-2
DONE retrieval park-en-1
DONE retrieval park-en-2
DONE retrieval park-ko-1
DONE retrieval park-ko-2
DONE retrieval living-en-1
DONE retrieval living-en-2
DONE retrieval living-ko-1
DONE retrieval living-ko-2
DONE retrieval kitchen-en-1
DONE retrieval kitchen-en-2
DONE retrieval kitchen-ko-1
DONE retrieval kitchen-ko-2
DONE retrieval unrelated-en-1
DONE retrieval unrelated-ko-1
DONE retrieval unrelated-en-2
DONE retrieval unrelated-ko-2
DONE retrieval hard_negative-en-1
DONE retrieval hard_negative-ko-1
DONE retrieval hard_negative-en-2
DONE retrieval hard_negative-ko-2
