[  1%] Building CXX object CMakeFiles/media_server_runtime.dir/src/recording/evidence_package_store.cpp.o
[  1%] Building CXX object CMakeFiles/media_server_runtime.dir/src/recording/evidence_package.cpp.o
[  1%] Building CXX object CMakeFiles/media_server_runtime.dir/src/recording/evidence_frame_extractor.cpp.o
[  2%] Building CXX object CMakeFiles/media_server_runtime.dir/src/recording/evidence_package_builder.cpp.o
[  2%] Building CXX object CMakeFiles/media_server_runtime.dir/src/recording/recording_visual_source.cpp.o
[  3%] Building CXX object CMakeFiles/media_server_runtime.dir/src/recording/recording_visual_snapshots.cpp.o
[  4%] Building CXX object CMakeFiles/media_server_runtime.dir/src/recording/recording_search_reader.cpp.o
[  4%] Building CXX object CMakeFiles/media_server_runtime.dir/src/recording/recording_read_service.cpp.o
[  4%] Building CXX object CMakeFiles/media_server_runtime.dir/src/recording/recording_derived_job_service.cpp.o
[  5%] Building CXX object CMakeFiles/media_server_runtime.dir/src/recording/recording_derived_event_worker.cpp.o
[  6%] Building CXX object CMakeFiles/media_server_runtime.dir/src/ingress/recording_search_application_service.cpp.o
[  6%] Building CXX object CMakeFiles/media_server_runtime.dir/src/ingress/visual_search_application_service.cpp.o
[  7%] Building CXX object CMakeFiles/media_server_runtime.dir/src/ingress/evidence_application_service.cpp.o
[  7%] Building CXX object CMakeFiles/media_server_runtime.dir/src/ingress/recording_application_service.cpp.o
[  7%] Building CXX object CMakeFiles/media_server_runtime.dir/src/ingress/webrtc_http_server.cpp.o
[  8%] Building CXX object CMakeFiles/media_server_runtime.dir/src/ingress/webrtc_http_server_ops_foundation.cpp.o
[  8%] Building CXX object CMakeFiles/media_server_runtime.dir/src/ingress/webrtc_http_server_ops_workflows.cpp.o
[  9%] Building CXX object CMakeFiles/media_server_runtime.dir/src/ingress/webrtc_http_server_ops_incidents.cpp.o
[ 10%] Building CXX object CMakeFiles/media_server_runtime.dir/src/ingress/webrtc_http_server_runtime.cpp.o
[ 11%] Linking CXX static library libmedia_server_runtime.a
[ 99%] Built target media_server_runtime
[ 99%] Building CXX object CMakeFiles/media_server.dir/src/application/media_server_application.cpp.o
[ 99%] Linking CXX executable media_server
[100%] Built target media_server
