[start] 2026-10-04T17:50:14Z
Darwin arm64
Apple clang version 21.0.0 (clang-2100.3.34.2)
38dc824f289fe523f848b32162088ce955a6848c173f8e731e803a039c00c142  /Users/dhseo/Workspace/mediaServer/scripts/internal/recording_current_ui_seed.cpp
f9bd09ba278871b479284014e757bc494e6b471bd43fd505536a474f62fcd639  /Users/dhseo/Workspace/mediaServer/scripts/internal/recording_current_ui_seed.mjs
404784ececbb74556fa2e32975f879e2632a96311bc7ed0e41bce069d167b8a6  /Users/dhseo/Workspace/mediaServer/scripts/internal/recording_media_test_fixture.h
86eb8de4cf1fdd31059deb47ac5e5df5639581cc20609ccf12493acf94e59a31  /Users/dhseo/Workspace/mediaServer/scripts/internal/verify_recording_current_ui_seed.sh
2abe00f4db46add13d6ea95d459bad765ed8cf99a257b8780bd4eb40cadac776  /Users/dhseo/Workspace/mediaServer/build-gst-onnx/libmedia_server_runtime.a
[recording] file evidence unavailable: file evidence profile/bound 오류
[recording] file evidence unavailable: file evidence profile/bound 오류
[recording] file evidence unavailable: file evidence profile/bound 오류
[recording] file evidence unavailable: file evidence profile/bound 오류
[recording] file evidence unavailable: file evidence profile/bound 오류
PASS: LP26-U06-A managed Catalog reopen public timeline and persistent generation unchanged
PASS: B06-V02 actual Runtime B seed and fresh reopen preserve authoritative files
PASS: LP26-U01-A current managed UI seed oracle
PASS: LP26-U02-A current managed UI seed oracle
PASS: LP26-U03-A current managed UI seed oracle
PASS: LP26-U04-A current managed UI seed oracle
PASS: LP26-U05-A current managed UI seed oracle
[ui-seed-summary] {"rows":146,"known":115,"unknown":31,"pages":2,"actualUiPass":false}
[cleanup] {"path":"/private/var/folders/k0/qhmr6zdx11q0_41wfx4dsd200000gn/T/media-server-current-ui-seed.JKwthN","bytes":13642364,"removed":true}
[elapsed] seconds=9 source=bash-SECONDS actualUiPass=false
[ui-seed] current-managed; mapping units; seek=original-MP4; events=derived-fMP4; actualUiPass=false
[ui-seed-selection] {"seekSegmentId":"4416f3d8-fd47-4777-9ba0-9483dc6e0a16","eventOutputIds":[{"scenario":"full","ids":["dj-d6c838b4076bb150a6dd552b44ff7fa3bf5aca51c70052494050fce3f7c2fa53-o0","dj-d6c838b4076bb150a6dd552b44ff7fa3bf5aca51c70052494050fce3f7c2fa53-o1"]},{"scenario":"partial","ids":["dj-96d0ec468147fdfcdce6fc3129ddbe3c90364ba1ff074e371ccc3d22538b99b1-o0","dj-96d0ec468147fdfcdce6fc3129ddbe3c90364ba1ff074e371ccc3d22538b99b1-o1"]}],"actualUiPass":false}
{"uiPreparationLog":{"truncated":false,"droppedBytes":0,"writeFailed":false},"actualUiPass":false}
[cleanup] PASS {"root":"/private/var/folders/k0/qhmr6zdx11q0_41wfx4dsd200000gn/T/media-server-v410-s06-SApqrT","rootBeforeBytes":15787724,"rootBeforeEntries":435,"rootSymlinksNotFollowed":277,"rootAbsent":true,"process":{"pid":73421,"exitCode":0,"signalCode":null,"graceful":true},"ports":[{"kind":"rtsp","port":59858,"closed":true,"evidence":"ECONNREFUSED"},{"kind":"http","port":59859,"closed":true,"evidence":"ECONNREFUSED"}],"attempted":6,"failureCount":0,"cleanupElapsedMs":331,"verifierElapsedMs":28430,"uiUdpClosed":true}
recording UI acceptance failed; inspect private sanitized evidence
