✔ V440-U01 explicit POST preserves selected parameters and admits one creation (9.552125ms)
✔ V440-U01 channel change suppresses late detail and old media errors (0.7665ms)
✔ V440-U01 forbidden and disabled are explicit without success state (1.251625ms)
✔ V440-U01 invalid artifact ID never becomes a fetch URL (0.413125ms)
✔ V440-U01 obsolete list does not repopulate changed channel (0.474584ms)
✔ V440-U01 media loads sequentially within server admission; stale queue stops (0.465792ms)
✔ late query cannot revive results after changed input (2.467ms)
✔ late selection and old media events cannot change current player (0.806166ms)
✔ permission and removed source errors never load media (1.124375ms)
✔ unsafe playback URL and invalid seek time are rejected (1.224959ms)
✔ same current position waits for decoded data and later manual seeking preserves completion (0.798958ms)
✔ empty results and disabled state are distinguished (0.37875ms)
✔ first completed seek outside frame tolerance is rejected (0.350875ms)
✔ refresh clears previous result count during pending, success and failure (0.561333ms)
✔ failed rebuild keeps previous index searchable and shows a safe warning (0.413083ms)
ℹ tests 15
ℹ suites 0
ℹ pass 15
ℹ fail 0
ℹ cancelled 0
ℹ skipped 0
ℹ todo 0
ℹ duration_ms 43.875084
