command: bash scripts/internal/verify_evidence_package.sh
startedAt: 2026-10-04T12:51:28.202632+00:00
[start] 2026-10-04T12:51:28Z
df60a8dbec737d50283d9d6c66928643dc1c9666
Darwin arm64
[source] include/recording/evidence_frame_extractor.h c9251076c8b0de4250151977ba7fa29bdb5414dd2efad88a2a323b7301f5d62d
[source] include/recording/evidence_package.h 16e6c2547b4fde3b10fc4d09b03246b4a9c6dd33fd56242429c0d10c77dc497e
[source] include/recording/evidence_package_builder.h 5b4ca9ae39eb018427b6f714790cec0dfd6575972afe5fcd0f4106d3826d1453
[source] include/recording/evidence_package_store.h a5971c0c6ed806c6cfdcb0b9728e9283e19a36bad50d49c04860989ff82dced9
[source] scripts/internal/evidence_package_smoke.cpp e4c34a5d6563d449156008595cf741f8c0d56d9ddd9ffb7c42a7685e6bfc2d97
[source] src/recording/evidence_frame_extractor.cpp 867db47861bc15a242d12512b501c5d3cd90460eb85304d4d5fa337f1d0e69b8
[source] src/recording/evidence_package.cpp f58f41b1e8315e6d9a2120f5c79db213b8eca11761783d56ed1eff4510154923
[source] src/recording/evidence_package_builder.cpp b077f0a9a3bf916640d0e839221c1c30721ff3facf9dba12704339bdad2125e0
[source] src/recording/evidence_package_store.cpp 7c48c007a110a4437263a2c32536383df2aa5ffbd63b0ed573ead9df70c68b87
[pass] V440 source storage open: 
[pass] writer start
[pass] exact one original recording
[pass] current product search model: 
[pass] search result with current UTC evidence
[pass] V440-S01 owned store ready
[pass] V440-M01 package from actual search: 
[pass] representative sequence complete without optional clip
[pass] independent source sample count
[pass] V440-F02 evenly selected exact sample 0
[pass] known UTC has FrameLocatorV1
[pass] FrameLocatorV1 re-extract: 
[pass] same frame and PNG digests
[pass] V440-F01 PNG signature
[pass] PNG chunk header
[pass] PNG chunk length
[pass] PNG CRC
[pass] PNG RGB8 geometry
[pass] PNG chunk header
[pass] PNG chunk length
[pass] PNG CRC
[pass] PNG chunk header
[pass] PNG chunk length
[pass] PNG CRC
[pass] PNG exact end
[pass] PNG required chunks
[pass] PNG lossless inflate
[pass] PNG no-filter row
[pass] PNG no-filter row
[pass] PNG no-filter row
[pass] PNG no-filter row
[pass] PNG no-filter row
[pass] PNG no-filter row
[pass] PNG no-filter row
[pass] PNG no-filter row
[pass] PNG no-filter row
[pass] PNG no-filter row
[pass] PNG no-filter row
[pass] PNG no-filter row
[pass] PNG no-filter row
[pass] PNG no-filter row
[pass] PNG no-filter row
[pass] PNG no-filter row
[pass] PNG no-filter row
[pass] PNG no-filter row
[pass] PNG no-filter row
[pass] PNG no-filter row
[pass] PNG no-filter row
[pass] PNG no-filter row
[pass] PNG no-filter row
[pass] PNG no-filter row
[pass] PNG no-filter row
[pass] PNG no-filter row
[pass] PNG no-filter row
[pass] PNG no-filter row
[pass] PNG no-filter row
[pass] PNG no-filter row
[pass] PNG no-filter row
[pass] PNG no-filter row
[pass] PNG no-filter row
[pass] PNG no-filter row
[pass] PNG no-filter row
[pass] PNG no-filter row
[pass] PNG no-filter row
[pass] PNG no-filter row
[pass] PNG no-filter row
[pass] PNG no-filter row
[pass] PNG no-filter row
[pass] PNG no-filter row
[pass] PNG no-filter row
[pass] PNG no-filter row
[pass] PNG no-filter row
[pass] PNG no-filter row
[pass] PNG no-filter row
[pass] PNG no-filter row
[pass] PNG no-filter row
[pass] PNG no-filter row
[pass] PNG no-filter row
[pass] PNG no-filter row
[pass] PNG no-filter row
[pass] PNG no-filter row
[pass] PNG no-filter row
[pass] PNG no-filter row
[pass] PNG no-filter row
[pass] PNG no-filter row
[pass] PNG no-filter row
[pass] PNG no-filter row
[pass] PNG no-filter row
[pass] PNG no-filter row
[pass] PNG no-filter row
[pass] PNG no-filter row
[pass] PNG no-filter row
[pass] PNG no-filter row
[pass] PNG no-filter row
[pass] PNG no-filter row
[pass] PNG no-filter row
[pass] PNG no-filter row
[pass] PNG no-filter row
[pass] PNG no-filter row
[pass] PNG no-filter row
[pass] PNG no-filter row
[pass] PNG no-filter row
[pass] PNG no-filter row
[pass] PNG no-filter row
[pass] PNG no-filter row
[pass] PNG no-filter row
[pass] PNG no-filter row
[pass] PNG no-filter row
[pass] PNG no-filter row
[pass] PNG no-filter row
[pass] PNG no-filter row
[pass] PNG no-filter row
[pass] PNG no-filter row
[pass] PNG no-filter row
[pass] PNG no-filter row
[pass] PNG no-filter row
[pass] PNG no-filter row
[pass] PNG preserves packed RGB exactly
[pass] no nearest frame substitution/output unchanged
[pass] wrong UTC rejected
[pass] wrong channel rejected
[pass] unverified frame index rejected without ordinal inference
[pass] V440-F02 evenly selected exact sample 1
[pass] known UTC has FrameLocatorV1
[pass] FrameLocatorV1 re-extract: 
[pass] same frame and PNG digests
[pass] V440-F01 PNG signature
[pass] PNG chunk header
[pass] PNG chunk length
[pass] PNG CRC
[pass] PNG RGB8 geometry
[pass] PNG chunk header
[pass] PNG chunk length
[pass] PNG CRC
[pass] PNG chunk header
[pass] PNG chunk length
[pass] PNG CRC
[pass] PNG exact end
[pass] PNG required chunks
[pass] PNG lossless inflate
[pass] PNG no-filter row
[pass] PNG no-filter row
[pass] PNG no-filter row
[pass] PNG no-filter row
[pass] PNG no-filter row
[pass] PNG no-filter row
[pass] PNG no-filter row
[pass] PNG no-filter row
[pass] PNG no-filter row
[pass] PNG no-filter row
[pass] PNG no-filter row
[pass] PNG no-filter row
[pass] PNG no-filter row
[pass] PNG no-filter row
[pass] PNG no-filter row
[pass] PNG no-filter row
[pass] PNG no-filter row
[pass] PNG no-filter row
[pass] PNG no-filter row
[pass] PNG no-filter row
[pass] PNG no-filter row
[pass] PNG no-filter row
[pass] PNG no-filter row
[pass] PNG no-filter row
[pass] PNG no-filter row
[pass] PNG no-filter row
[pass] PNG no-filter row
[pass] PNG no-filter row
[pass] PNG no-filter row
[pass] PNG no-filter row
[pass] PNG no-filter row
[pass] PNG no-filter row
[pass] PNG no-filter row
[pass] PNG no-filter row
[pass] PNG no-filter row
[pass] PNG no-filter row
[pass] PNG no-filter row
[pass] PNG no-filter row
[pass] PNG no-filter row
[pass] PNG no-filter row
[pass] PNG no-filter row
[pass] PNG no-filter row
[pass] PNG no-filter row
[pass] PNG no-filter row
[pass] PNG no-filter row
[pass] PNG no-filter row
[pass] PNG no-filter row
[pass] PNG no-filter row
[pass] PNG no-filter row
[pass] PNG no-filter row
[pass] PNG no-filter row
[pass] PNG no-filter row
[pass] PNG no-filter row
[pass] PNG no-filter row
[pass] PNG no-filter row
[pass] PNG no-filter row
[pass] PNG no-filter row
[pass] PNG no-filter row
[pass] PNG no-filter row
[pass] PNG no-filter row
[pass] PNG no-filter row
[pass] PNG no-filter row
[pass] PNG no-filter row
[pass] PNG no-filter row
[pass] PNG no-filter row
[pass] PNG no-filter row
[pass] PNG no-filter row
[pass] PNG no-filter row
[pass] PNG no-filter row
[pass] PNG no-filter row
[pass] PNG no-filter row
[pass] PNG no-filter row
[pass] PNG no-filter row
[pass] PNG no-filter row
[pass] PNG no-filter row
[pass] PNG no-filter row
[pass] PNG no-filter row
[pass] PNG no-filter row
[pass] PNG no-filter row
[pass] PNG no-filter row
[pass] PNG no-filter row
[pass] PNG no-filter row
[pass] PNG no-filter row
[pass] PNG no-filter row
[pass] PNG no-filter row
[pass] PNG no-filter row
[pass] PNG no-filter row
[pass] PNG no-filter row
[pass] PNG no-filter row
[pass] PNG no-filter row
[pass] PNG preserves packed RGB exactly
[pass] no nearest frame substitution/output unchanged
[pass] wrong UTC rejected
[pass] wrong channel rejected
[pass] unverified frame index rejected without ordinal inference
[pass] V440-F02 evenly selected exact sample 2
[pass] known UTC has FrameLocatorV1
[pass] FrameLocatorV1 re-extract: 
[pass] same frame and PNG digests
[pass] V440-F01 PNG signature
[pass] PNG chunk header
[pass] PNG chunk length
[pass] PNG CRC
[pass] PNG RGB8 geometry
[pass] PNG chunk header
[pass] PNG chunk length
[pass] PNG CRC
[pass] PNG chunk header
[pass] PNG chunk length
[pass] PNG CRC
[pass] PNG exact end
[pass] PNG required chunks
[pass] PNG lossless inflate
[pass] PNG no-filter row
[pass] PNG no-filter row
[pass] PNG no-filter row
[pass] PNG no-filter row
[pass] PNG no-filter row
[pass] PNG no-filter row
[pass] PNG no-filter row
[pass] PNG no-filter row
[pass] PNG no-filter row
[pass] PNG no-filter row
[pass] PNG no-filter row
[pass] PNG no-filter row
[pass] PNG no-filter row
[pass] PNG no-filter row
[pass] PNG no-filter row
[pass] PNG no-filter row
[pass] PNG no-filter row
[pass] PNG no-filter row
[pass] PNG no-filter row
[pass] PNG no-filter row
[pass] PNG no-filter row
[pass] PNG no-filter row
[pass] PNG no-filter row
[pass] PNG no-filter row
[pass] PNG no-filter row
[pass] PNG no-filter row
[pass] PNG no-filter row
[pass] PNG no-filter row
[pass] PNG no-filter row
[pass] PNG no-filter row
[pass] PNG no-filter row
[pass] PNG no-filter row
[pass] PNG no-filter row
[pass] PNG no-filter row
[pass] PNG no-filter row
[pass] PNG no-filter row
[pass] PNG no-filter row
[pass] PNG no-filter row
[pass] PNG no-filter row
[pass] PNG no-filter row
[pass] PNG no-filter row
[pass] PNG no-filter row
[pass] PNG no-filter row
[pass] PNG no-filter row
[pass] PNG no-filter row
[pass] PNG no-filter row
[pass] PNG no-filter row
[pass] PNG no-filter row
[pass] PNG no-filter row
[pass] PNG no-filter row
[pass] PNG no-filter row
[pass] PNG no-filter row
[pass] PNG no-filter row
[pass] PNG no-filter row
[pass] PNG no-filter row
[pass] PNG no-filter row
[pass] PNG no-filter row
[pass] PNG no-filter row
[pass] PNG no-filter row
[pass] PNG no-filter row
[pass] PNG no-filter row
[pass] PNG no-filter row
[pass] PNG no-filter row
[pass] PNG no-filter row
[pass] PNG no-filter row
[pass] PNG no-filter row
[pass] PNG no-filter row
[pass] PNG no-filter row
[pass] PNG no-filter row
[pass] PNG no-filter row
[pass] PNG no-filter row
[pass] PNG no-filter row
[pass] PNG no-filter row
[pass] PNG no-filter row
[pass] PNG no-filter row
[pass] PNG no-filter row
[pass] PNG no-filter row
[pass] PNG no-filter row
[pass] PNG no-filter row
[pass] PNG no-filter row
[pass] PNG no-filter row
[pass] PNG no-filter row
[pass] PNG no-filter row
[pass] PNG no-filter row
[pass] PNG no-filter row
[pass] PNG no-filter row
[pass] PNG no-filter row
[pass] PNG no-filter row
[pass] PNG no-filter row
[pass] PNG no-filter row
[pass] PNG preserves packed RGB exactly
[pass] no nearest frame substitution/output unchanged
[pass] wrong UTC rejected
[pass] wrong channel rejected
[pass] unverified frame index rejected without ordinal inference
[pass] V440-F02 evenly selected exact sample 3
[pass] known UTC has FrameLocatorV1
[pass] FrameLocatorV1 re-extract: 
[pass] same frame and PNG digests
[pass] V440-F01 PNG signature
[pass] PNG chunk header
[pass] PNG chunk length
[pass] PNG CRC
[pass] PNG RGB8 geometry
[pass] PNG chunk header
[pass] PNG chunk length
[pass] PNG CRC
[pass] PNG chunk header
[pass] PNG chunk length
[pass] PNG CRC
[pass] PNG exact end
[pass] PNG required chunks
[pass] PNG lossless inflate
[pass] PNG no-filter row
[pass] PNG no-filter row
[pass] PNG no-filter row
[pass] PNG no-filter row
[pass] PNG no-filter row
[pass] PNG no-filter row
[pass] PNG no-filter row
[pass] PNG no-filter row
[pass] PNG no-filter row
[pass] PNG no-filter row
[pass] PNG no-filter row
[pass] PNG no-filter row
[pass] PNG no-filter row
[pass] PNG no-filter row
[pass] PNG no-filter row
[pass] PNG no-filter row
[pass] PNG no-filter row
[pass] PNG no-filter row
[pass] PNG no-filter row
[pass] PNG no-filter row
[pass] PNG no-filter row
[pass] PNG no-filter row
[pass] PNG no-filter row
[pass] PNG no-filter row
[pass] PNG no-filter row
[pass] PNG no-filter row
[pass] PNG no-filter row
[pass] PNG no-filter row
[pass] PNG no-filter row
[pass] PNG no-filter row
[pass] PNG no-filter row
[pass] PNG no-filter row
[pass] PNG no-filter row
[pass] PNG no-filter row
[pass] PNG no-filter row
[pass] PNG no-filter row
[pass] PNG no-filter row
[pass] PNG no-filter row
[pass] PNG no-filter row
[pass] PNG no-filter row
[pass] PNG no-filter row
[pass] PNG no-filter row
[pass] PNG no-filter row
[pass] PNG no-filter row
[pass] PNG no-filter row
[pass] PNG no-filter row
[pass] PNG no-filter row
[pass] PNG no-filter row
[pass] PNG no-filter row
[pass] PNG no-filter row
[pass] PNG no-filter row
[pass] PNG no-filter row
[pass] PNG no-filter row
[pass] PNG no-filter row
[pass] PNG no-filter row
[pass] PNG no-filter row
[pass] PNG no-filter row
[pass] PNG no-filter row
[pass] PNG no-filter row
[pass] PNG no-filter row
[pass] PNG no-filter row
[pass] PNG no-filter row
[pass] PNG no-filter row
[pass] PNG no-filter row
[pass] PNG no-filter row
[pass] PNG no-filter row
[pass] PNG no-filter row
[pass] PNG no-filter row
[pass] PNG no-filter row
[pass] PNG no-filter row
[pass] PNG no-filter row
[pass] PNG no-filter row
[pass] PNG no-filter row
[pass] PNG no-filter row
[pass] PNG no-filter row
[pass] PNG no-filter row
[pass] PNG no-filter row
[pass] PNG no-filter row
[pass] PNG no-filter row
[pass] PNG no-filter row
[pass] PNG no-filter row
[pass] PNG no-filter row
[pass] PNG no-filter row
[pass] PNG no-filter row
[pass] PNG no-filter row
[pass] PNG no-filter row
[pass] PNG no-filter row
[pass] PNG no-filter row
[pass] PNG no-filter row
[pass] PNG no-filter row
[pass] PNG preserves packed RGB exactly
[pass] no nearest frame substitution/output unchanged
[pass] wrong UTC rejected
[pass] wrong channel rejected
[pass] unverified frame index rejected without ordinal inference
[pass] V440-F02 evenly selected exact sample 4
[pass] known UTC has FrameLocatorV1
[pass] FrameLocatorV1 re-extract: 
[pass] same frame and PNG digests
[pass] V440-F01 PNG signature
[pass] PNG chunk header
[pass] PNG chunk length
[pass] PNG CRC
[pass] PNG RGB8 geometry
[pass] PNG chunk header
[pass] PNG chunk length
[pass] PNG CRC
[pass] PNG chunk header
[pass] PNG chunk length
[pass] PNG CRC
[pass] PNG exact end
[pass] PNG required chunks
[pass] PNG lossless inflate
[pass] PNG no-filter row
[pass] PNG no-filter row
[pass] PNG no-filter row
[pass] PNG no-filter row
[pass] PNG no-filter row
[pass] PNG no-filter row
[pass] PNG no-filter row
[pass] PNG no-filter row
[pass] PNG no-filter row
[pass] PNG no-filter row
[pass] PNG no-filter row
[pass] PNG no-filter row
[pass] PNG no-filter row
[pass] PNG no-filter row
[pass] PNG no-filter row
[pass] PNG no-filter row
[pass] PNG no-filter row
[pass] PNG no-filter row
[pass] PNG no-filter row
[pass] PNG no-filter row
[pass] PNG no-filter row
[pass] PNG no-filter row
[pass] PNG no-filter row
[pass] PNG no-filter row
[pass] PNG no-filter row
[pass] PNG no-filter row
[pass] PNG no-filter row
[pass] PNG no-filter row
[pass] PNG no-filter row
[pass] PNG no-filter row
[pass] PNG no-filter row
[pass] PNG no-filter row
[pass] PNG no-filter row
[pass] PNG no-filter row
[pass] PNG no-filter row
[pass] PNG no-filter row
[pass] PNG no-filter row
[pass] PNG no-filter row
[pass] PNG no-filter row
[pass] PNG no-filter row
[pass] PNG no-filter row
[pass] PNG no-filter row
[pass] PNG no-filter row
[pass] PNG no-filter row
[pass] PNG no-filter row
[pass] PNG no-filter row
[pass] PNG no-filter row
[pass] PNG no-filter row
[pass] PNG no-filter row
[pass] PNG no-filter row
[pass] PNG no-filter row
[pass] PNG no-filter row
[pass] PNG no-filter row
[pass] PNG no-filter row
[pass] PNG no-filter row
[pass] PNG no-filter row
[pass] PNG no-filter row
[pass] PNG no-filter row
[pass] PNG no-filter row
[pass] PNG no-filter row
[pass] PNG no-filter row
[pass] PNG no-filter row
[pass] PNG no-filter row
[pass] PNG no-filter row
[pass] PNG no-filter row
[pass] PNG no-filter row
[pass] PNG no-filter row
[pass] PNG no-filter row
[pass] PNG no-filter row
[pass] PNG no-filter row
[pass] PNG no-filter row
[pass] PNG no-filter row
[pass] PNG no-filter row
[pass] PNG no-filter row
[pass] PNG no-filter row
[pass] PNG no-filter row
[pass] PNG no-filter row
[pass] PNG no-filter row
[pass] PNG no-filter row
[pass] PNG no-filter row
[pass] PNG no-filter row
[pass] PNG no-filter row
[pass] PNG no-filter row
[pass] PNG no-filter row
[pass] PNG no-filter row
[pass] PNG no-filter row
[pass] PNG no-filter row
[pass] PNG no-filter row
[pass] PNG no-filter row
[pass] PNG no-filter row
[pass] PNG preserves packed RGB exactly
[pass] no nearest frame substitution/output unchanged
[pass] wrong UTC rejected
[pass] wrong channel rejected
[pass] unverified frame index rejected without ordinal inference
[pass] V440-F02 evenly selected exact sample 5
[pass] known UTC has FrameLocatorV1
[pass] FrameLocatorV1 re-extract: 
[pass] same frame and PNG digests
[pass] V440-F01 PNG signature
[pass] PNG chunk header
[pass] PNG chunk length
[pass] PNG CRC
[pass] PNG RGB8 geometry
[pass] PNG chunk header
[pass] PNG chunk length
[pass] PNG CRC
[pass] PNG chunk header
[pass] PNG chunk length
[pass] PNG CRC
[pass] PNG exact end
[pass] PNG required chunks
[pass] PNG lossless inflate
[pass] PNG no-filter row
[pass] PNG no-filter row
[pass] PNG no-filter row
[pass] PNG no-filter row
[pass] PNG no-filter row
[pass] PNG no-filter row
[pass] PNG no-filter row
[pass] PNG no-filter row
[pass] PNG no-filter row
[pass] PNG no-filter row
[pass] PNG no-filter row
[pass] PNG no-filter row
[pass] PNG no-filter row
[pass] PNG no-filter row
[pass] PNG no-filter row
[pass] PNG no-filter row
[pass] PNG no-filter row
[pass] PNG no-filter row
[pass] PNG no-filter row
[pass] PNG no-filter row
[pass] PNG no-filter row
[pass] PNG no-filter row
[pass] PNG no-filter row
[pass] PNG no-filter row
[pass] PNG no-filter row
[pass] PNG no-filter row
[pass] PNG no-filter row
[pass] PNG no-filter row
[pass] PNG no-filter row
[pass] PNG no-filter row
[pass] PNG no-filter row
[pass] PNG no-filter row
[pass] PNG no-filter row
[pass] PNG no-filter row
[pass] PNG no-filter row
[pass] PNG no-filter row
[pass] PNG no-filter row
[pass] PNG no-filter row
[pass] PNG no-filter row
[pass] PNG no-filter row
[pass] PNG no-filter row
[pass] PNG no-filter row
[pass] PNG no-filter row
[pass] PNG no-filter row
[pass] PNG no-filter row
[pass] PNG no-filter row
[pass] PNG no-filter row
[pass] PNG no-filter row
[pass] PNG no-filter row
[pass] PNG no-filter row
[pass] PNG no-filter row
[pass] PNG no-filter row
[pass] PNG no-filter row
[pass] PNG no-filter row
[pass] PNG no-filter row
[pass] PNG no-filter row
[pass] PNG no-filter row
[pass] PNG no-filter row
[pass] PNG no-filter row
[pass] PNG no-filter row
[pass] PNG no-filter row
[pass] PNG no-filter row
[pass] PNG no-filter row
[pass] PNG no-filter row
[pass] PNG no-filter row
[pass] PNG no-filter row
[pass] PNG no-filter row
[pass] PNG no-filter row
[pass] PNG no-filter row
[pass] PNG no-filter row
[pass] PNG no-filter row
[pass] PNG no-filter row
[pass] PNG no-filter row
[pass] PNG no-filter row
[pass] PNG no-filter row
[pass] PNG no-filter row
[pass] PNG no-filter row
[pass] PNG no-filter row
[pass] PNG no-filter row
[pass] PNG no-filter row
[pass] PNG no-filter row
[pass] PNG no-filter row
[pass] PNG no-filter row
[pass] PNG no-filter row
[pass] PNG no-filter row
[pass] PNG no-filter row
[pass] PNG no-filter row
[pass] PNG no-filter row
[pass] PNG no-filter row
[pass] PNG no-filter row
[pass] PNG preserves packed RGB exactly
[pass] no nearest frame substitution/output unchanged
[pass] wrong UTC rejected
[pass] wrong channel rejected
[pass] unverified frame index rejected without ordinal inference
[pass] V440-F02 evenly selected exact sample 6
[pass] known UTC has FrameLocatorV1
[pass] FrameLocatorV1 re-extract: 
[pass] same frame and PNG digests
[pass] V440-F01 PNG signature
[pass] PNG chunk header
[pass] PNG chunk length
[pass] PNG CRC
[pass] PNG RGB8 geometry
[pass] PNG chunk header
[pass] PNG chunk length
[pass] PNG CRC
[pass] PNG chunk header
[pass] PNG chunk length
[pass] PNG CRC
[pass] PNG exact end
[pass] PNG required chunks
[pass] PNG lossless inflate
[pass] PNG no-filter row
[pass] PNG no-filter row
[pass] PNG no-filter row
[pass] PNG no-filter row
[pass] PNG no-filter row
[pass] PNG no-filter row
[pass] PNG no-filter row
[pass] PNG no-filter row
[pass] PNG no-filter row
[pass] PNG no-filter row
[pass] PNG no-filter row
[pass] PNG no-filter row
[pass] PNG no-filter row
[pass] PNG no-filter row
[pass] PNG no-filter row
[pass] PNG no-filter row
[pass] PNG no-filter row
[pass] PNG no-filter row
[pass] PNG no-filter row
[pass] PNG no-filter row
[pass] PNG no-filter row
[pass] PNG no-filter row
[pass] PNG no-filter row
[pass] PNG no-filter row
[pass] PNG no-filter row
[pass] PNG no-filter row
[pass] PNG no-filter row
[pass] PNG no-filter row
[pass] PNG no-filter row
[pass] PNG no-filter row
[pass] PNG no-filter row
[pass] PNG no-filter row
[pass] PNG no-filter row
[pass] PNG no-filter row
[pass] PNG no-filter row
[pass] PNG no-filter row
[pass] PNG no-filter row
[pass] PNG no-filter row
[pass] PNG no-filter row
[pass] PNG no-filter row
[pass] PNG no-filter row
[pass] PNG no-filter row
[pass] PNG no-filter row
[pass] PNG no-filter row
[pass] PNG no-filter row
[pass] PNG no-filter row
[pass] PNG no-filter row
[pass] PNG no-filter row
[pass] PNG no-filter row
[pass] PNG no-filter row
[pass] PNG no-filter row
[pass] PNG no-filter row
[pass] PNG no-filter row
[pass] PNG no-filter row
[pass] PNG no-filter row
[pass] PNG no-filter row
[pass] PNG no-filter row
[pass] PNG no-filter row
[pass] PNG no-filter row
[pass] PNG no-filter row
[pass] PNG no-filter row
[pass] PNG no-filter row
[pass] PNG no-filter row
[pass] PNG no-filter row
[pass] PNG no-filter row
[pass] PNG no-filter row
[pass] PNG no-filter row
[pass] PNG no-filter row
[pass] PNG no-filter row
[pass] PNG no-filter row
[pass] PNG no-filter row
[pass] PNG no-filter row
[pass] PNG no-filter row
[pass] PNG no-filter row
[pass] PNG no-filter row
[pass] PNG no-filter row
[pass] PNG no-filter row
[pass] PNG no-filter row
[pass] PNG no-filter row
[pass] PNG no-filter row
[pass] PNG no-filter row
[pass] PNG no-filter row
[pass] PNG no-filter row
[pass] PNG no-filter row
[pass] PNG no-filter row
[pass] PNG no-filter row
[pass] PNG no-filter row
[pass] PNG no-filter row
[pass] PNG no-filter row
[pass] PNG no-filter row
[pass] PNG preserves packed RGB exactly
[pass] no nearest frame substitution/output unchanged
[pass] wrong UTC rejected
[pass] wrong channel rejected
[pass] unverified frame index rejected without ordinal inference
[pass] V440-F02 evenly selected exact sample 7
[pass] known UTC has FrameLocatorV1
[pass] FrameLocatorV1 re-extract: 
[pass] same frame and PNG digests
[pass] V440-F01 PNG signature
[pass] PNG chunk header
[pass] PNG chunk length
[pass] PNG CRC
[pass] PNG RGB8 geometry
[pass] PNG chunk header
[pass] PNG chunk length
[pass] PNG CRC
[pass] PNG chunk header
[pass] PNG chunk length
[pass] PNG CRC
[pass] PNG exact end
[pass] PNG required chunks
[pass] PNG lossless inflate
[pass] PNG no-filter row
[pass] PNG no-filter row
[pass] PNG no-filter row
[pass] PNG no-filter row
[pass] PNG no-filter row
[pass] PNG no-filter row
[pass] PNG no-filter row
[pass] PNG no-filter row
[pass] PNG no-filter row
[pass] PNG no-filter row
[pass] PNG no-filter row
[pass] PNG no-filter row
[pass] PNG no-filter row
[pass] PNG no-filter row
[pass] PNG no-filter row
[pass] PNG no-filter row
[pass] PNG no-filter row
[pass] PNG no-filter row
[pass] PNG no-filter row
[pass] PNG no-filter row
[pass] PNG no-filter row
[pass] PNG no-filter row
[pass] PNG no-filter row
[pass] PNG no-filter row
[pass] PNG no-filter row
[pass] PNG no-filter row
[pass] PNG no-filter row
[pass] PNG no-filter row
[pass] PNG no-filter row
[pass] PNG no-filter row
[pass] PNG no-filter row
[pass] PNG no-filter row
[pass] PNG no-filter row
[pass] PNG no-filter row
[pass] PNG no-filter row
[pass] PNG no-filter row
[pass] PNG no-filter row
[pass] PNG no-filter row
[pass] PNG no-filter row
[pass] PNG no-filter row
[pass] PNG no-filter row
[pass] PNG no-filter row
[pass] PNG no-filter row
[pass] PNG no-filter row
[pass] PNG no-filter row
[pass] PNG no-filter row
[pass] PNG no-filter row
[pass] PNG no-filter row
[pass] PNG no-filter row
[pass] PNG no-filter row
[pass] PNG no-filter row
[pass] PNG no-filter row
[pass] PNG no-filter row
[pass] PNG no-filter row
[pass] PNG no-filter row
[pass] PNG no-filter row
[pass] PNG no-filter row
[pass] PNG no-filter row
[pass] PNG no-filter row
[pass] PNG no-filter row
[pass] PNG no-filter row
[pass] PNG no-filter row
[pass] PNG no-filter row
[pass] PNG no-filter row
[pass] PNG no-filter row
[pass] PNG no-filter row
[pass] PNG no-filter row
[pass] PNG no-filter row
[pass] PNG no-filter row
[pass] PNG no-filter row
[pass] PNG no-filter row
[pass] PNG no-filter row
[pass] PNG no-filter row
[pass] PNG no-filter row
[pass] PNG no-filter row
[pass] PNG no-filter row
[pass] PNG no-filter row
[pass] PNG no-filter row
[pass] PNG no-filter row
[pass] PNG no-filter row
[pass] PNG no-filter row
[pass] PNG no-filter row
[pass] PNG no-filter row
[pass] PNG no-filter row
[pass] PNG no-filter row
[pass] PNG no-filter row
[pass] PNG no-filter row
[pass] PNG no-filter row
[pass] PNG no-filter row
[pass] PNG no-filter row
[pass] PNG preserves packed RGB exactly
[pass] no nearest frame substitution/output unchanged
[pass] wrong UTC rejected
[pass] wrong channel rejected
[pass] unverified frame index rejected without ordinal inference
[pass] unknown time source open
[pass] unknown time writer start
[pass] unknown time finalized source
[pass] V440-F02 actual unknown UTC decoded frame without invented locator: 
[pass] V440-C01 canonical roundtrip
[pass] invalid JSON/schema/size leaves output unchanged
[pass] invalid JSON/schema/size leaves output unchanged
[pass] invalid JSON/schema/size leaves output unchanged
[pass] verified read after publish: 
[pass] stored asset hash
[pass] package listing
[pass] V440-A01 current package scope
[pass] list channel scope
[pass] create denied before I/O
[pass] asset scoped access
[pass] asset index boundary
[pass] V440-F02 exact point selection
[pass] duplicate PTS cannot select arbitrary frame
[pass] half-open range end is not replaced
[pass] preserved frame reference requires matching frame metadata
[pass] unknown UTC stays null in manifest roundtrip
[pass] actual clip selection/intent: 
[pass] clip admitted with existing protection
[pass] actual verified clip complete: 
[pass] actual event-priority search projection: 
[pass] plain recording search has selected event without observation event IDs
[pass] clip candidate cancellation keeps output unchanged
[pass] clip candidates preserve channel and source isolation
[pass] V440-M01 real search selection retains event lineage: 
[pass] V440-M01 event snapshot selects existing exact-sample clip: 
[pass] existing exact-sample clip association does not depend on UTC availability: 
[pass] representative frame cannot infer event association: 
[pass] different event cannot borrow existing clip: 
[pass] sample beyond clip half-open coverage remains frame-only: 
[pass] V440-M01 associated clip package: 
[pass] all clip/event/track/observation associations retained
[pass] clip package integrity
[pass] copied clip bytes match actual derived media
[pass] native single-observation selection keeps exact identity: 
[pass] native clip admitted
[pass] native clip complete: 
[pass] V440-M01 native tick rounding cannot omit the observed sample clip: 
[pass] native GOP dependency sample is not an observed event association: 
[pass] playback hold preserved
[retention] ok=1 deleted=3 message=
[pass] V440-S01 actual source and clip retention tombstones
[pass] reopen recovery
[pass] independent bytes and immutable provenance after deletion/reopen
[pass] preserved clip survives original and derived media deletion/reopen
[pass] current deletion separate from manifest
[pass] deleted source creates explicit partial metadata
[pass] deleted associated clip remains explicit partial, not no-associated-clip: 
[pass] owned linked pending fixture
[pass] published-before-cleanup crash recovery
[pass] partial header crash cleanup
[pass] owned symlink fixture
[pass] store symlink rejected
[pass] V440-R01 quota does not evict existing evidence
[pass] cancelled write cleanup
[pass] quota/cancel preserved existing artifact
[pass] disk reserve rejects before publication
[pass] manifest alone exceeding package cap rejected
[pass] expired creation budget rejects before publication
[pass] owned corruption fixture
[pass] corruption injected
[pass] corrupt manifest never treated as missing-success
[pass] corruption is service failure, not ordinary missing 404
[pass] service shutdown rejects requests
[pass] resource measured
[pass] V440-R01 process memory budget
PASS evidence checks=982 peakRssBytes=93110272
[end] 2026-10-04T12:51:32Z
[cleanup] removed=true

exit: 0
finishedAt: 2026-10-04T12:51:32.398313+00:00
