✔ DOC-POL-01 현재 진입점과 상세 정책 연결 (0.847ms)
✔ DOC-POL-02 제목·절 번호·옛 완료 문구는 정책 계약이 아님 (0.639875ms)
✔ DOC-POL-03 정책 진입점 제거·환경변수 누락은 실패 (0.524167ms)
✔ DOC-POL-04 UI 적격 식별자·판정 분리 누락은 실패 (0.420667ms)
✔ DOC-POL-05 과거 원장·완료 문구 없이도 정의만으로 검사 (0.301334ms)
✔ DOC-POL-06 실제 UI 없이 문서·정책만 통과해도 UI PASS 불가 (0.612083ms)
✔ DOC-POL-07 UI 반례·완료 조건 완화는 기존 기계 정책이 거부 (0.197542ms)
✔ DOC-UI-GUIDE-01 현재 출력 계약·승인 기준 연결과 한글 문장 허용 (0.488583ms)
✔ DOC-UI-GUIDE-02 승인 링크·출력 계약 누락은 실패 (0.555833ms)
▶ DOC-UI-GUIDE-03 룰 문서 소비자의 현행 화면 연결·누락 실패 전파
  ✔ 현행 화면·JS·CSS·문서 (43.66025ms)
  ✔ 화면 marker 누락: data-testid="ops-rule-scenario-review-loop" (46.072708ms)
  ✔ 화면 marker 누락: data-review-loop="expected-event-type-conflict-missing-reference-preset-eventrecord-coverage" (41.023708ms)
  ✔ 화면 marker 누락: id="opsRulesReviewEventRecordLink" (47.453125ms)
  ✔ 화면 marker 누락: data-event-record-coverage-link="/ops/events" (44.333709ms)
  ✔ JS 연결 누락 (43.915125ms)
  ✔ CSS 연결 누락 (49.384917ms)
  ✔ 문서의 검사 범위 누락 (48.8355ms)
✔ DOC-UI-GUIDE-03 룰 문서 소비자의 현행 화면 연결·누락 실패 전파 (368.124583ms)
▶ DOC-UI-GUIDE-04 공통 화면 소비자의 현행 구현·등록·문서 누락 거부
  ✔ 과거 backlog 없이 현행 shell 검사 (36.181833ms)
  ✔ 과거 backlog 없이 현행 token 검사 (29.994458ms)
  ✔ Client CSS 누락 (29.276ms)
  ✔ Client JS 누락 (30.440791ms)
  ✔ 공통 CSS 누락 (28.705458ms)
  ✔ shell 문서 연결 누락 (30.486291ms)
  ✔ shell 명령 등록 누락 (28.277875ms)
  ✔ token 검사 등록 누락 (26.089ms)
  ✔ token 문서 연결 누락 (25.444833ms)
  ✔ raw 색상 반례 (25.426833ms)
  ✔ 분리된 Client raw 색상 반례 (24.448375ms)
  ✔ 분리된 Client token hook 누락 (25.149667ms)
✔ DOC-UI-GUIDE-04 공통 화면 소비자의 현행 구현·등록·문서 누락 거부 (340.698167ms)
▶ DOC-SHELL-COPY 현행 예제·문구 소비자의 제목 변경 허용과 누락 거부
  ✔ 한글 제목·다른 문장 shell 안내 (24.793791ms)
  ✔ 한글 제목·다른 문장 상태 안내 (26.351875ms)
  ✔ media-server.product-shell-component-examples.v1 누락 (25.939291ms)
  ✔ ProductUiCss() 누락 (26.381209ms)
  ✔ ProductSharedUiScript() 누락 (25.179041ms)
  ✔ ClientShellCss() 누락 (26.322916ms)
  ✔ ProductDesignTokensCss() 누락 (26.673542ms)
  ✔ /ops/events 경계 누락 (27.07475ms)
  ✔ source URL 경계 누락 (26.340083ms)
  ✔ Developer URL 경계 누락 (26.600541ms)
  ✔ raw JSON 경계 누락 (26.583458ms)
  ✔ rule/profile 경계 누락 (26.252792ms)
  ✔ session 경계 누락 (27.248084ms)
  ✔ app-chrome 예제 누락 (25.111666ms)
  ✔ chip warn 예제 누락 (25.7645ms)
  ✔ tile-stage 예제 누락 (26.184541ms)
  ✔ aria-live="polite" 예제 누락 (27.067875ms)
  ✔ 문구 schema 누락 (26.216375ms)
  ✔ 문구 route 누락 (27.074375ms)
  ✔ 현행 Client 구현 문구 누락 (26.622709ms)
  ✔ Ops 구현 문구 누락 (29.571458ms)
  ✔ 번역 표만 남고 초기 화면 문구 누락 (27.385292ms)
  ✔ verify-product-shell-examples 실행 대상 오연결 (25.118541ms)
  ✔ verify-product-shell-examples 등록 누락 (26.581791ms)
  ✔ verify-ui-copy-matrix 실행 대상 오연결 (25.208375ms)
  ✔ verify-ui-copy-matrix 등록 누락 (25.423333ms)
✔ DOC-SHELL-COPY 현행 예제·문구 소비자의 제목 변경 허용과 누락 거부 (686.649125ms)
✔ DOC-ONVIF-FIELD 공개 preview 필드·값의 inline/표 표현과 오류 구분 (0.205ms)
✔ DOC-ONVIF-MATRIX 지원 행 누락·중복 거부, 제목·행 순서·상대 링크 표현 자유 (1.017458ms)
▶ DOC-ONVIF 현행 지원 안내와 검사 정의 분리·계약 누락 거부
  ✔ matrix 옛 버전·제목·실행 일지 없이 검사 (27.020375ms)
  ✔ profile 옛 영문 제목 없이 검사 (22.980334ms)
  ✔ completion 옛 버전 없이 검사 (25.111375ms)
  ✔ no-device 과거 실행 문장 없이 현행 정의 검사 (25.430542ms)
  ✔ no-device summary schema 누락 (24.968709ms)
  ✔ no-device 실장비 미확인 필드 누락 (23.944625ms)
  ✔ no-device 실패 검사 옵션 누락 (24.59825ms)
  ✔ no-device 성공 fixture 실제 실패 유지 (25.084583ms)
  ✔ no-device fixture 정제 누락 (23.243625ms)
  ✔ no-device runner schema 불일치 (25.718792ms)
  ✔ WS-Discovery 미지원 판정 제거 (27.920083ms)
  ✔ Profile G 미지원 판정 제거 (24.483375ms)
  ✔ HTTPS OpenSSL 조건 제거 (26.793958ms)
  ✔ Basic provider 조건 제거 (26.871625ms)
  ✔ SOAP 조회 식별자 누락 (27.083792ms)
  ✔ matrix 관계 링크 누락 (27.128ms)
  ✔ profile 매핑 누락 (23.396417ms)
  ✔ draft 무저장 필드 누락 (23.829417ms)
  ✔ 검사 안내 링크 누락 (23.527291ms)
  ✔ no-device 실패 fixture를 PASS로 위장 (24.984459ms)
  ✔ 제품 TLS hostname 검사 누락 (27.324166ms)
  ✔ 쌍 저장 허용 문서 경계 누락 (49.7045ms)
  ✔ 제품 쌍 저장 route 누락 (40.9375ms)
  ✔ 프로필 검사 안내 명령 누락 (22.842541ms)
  ✔ vendor fixture 검사 안내 명령 누락 (23.933125ms)
✔ DOC-ONVIF 현행 지원 안내와 검사 정의 분리·계약 누락 거부 (670.369667ms)
✔ DOC-ONVIF-DEFINITION 현행 정의의 제목·문장 위치와 계약 누락 구분 (1.989541ms)
▶ DOC-ONVIF-TLS 문서 preflight 변경은 실제 TLS 실행을 대체하지 않음
  ✔ 현행 문서 preflight만 통과 (28.748667ms)
  ✔ 문서 TLS 명령 누락 거부 (25.536375ms)
  ✔ 별도 C++ transport 검사 경계 누락 거부 (26.158833ms)
✔ DOC-ONVIF-TLS 문서 preflight 변경은 실제 TLS 실행을 대체하지 않음 (80.655709ms)
✔ DOC-ONVIF-CONTRACT 현행 TLS 정책은 제목 변경을 허용한다 (24.493708ms)
▶ DOC-ONVIF-TLS-CONTRACT 출력·원본 안전 검사 누락 거부와 표현 변경 허용
  ✔ SOAP 제목 변경 (26.508583ms)
  ✔ fixture summary 실장비 성공 위장 (22.280292ms)
  ✔ fixture 만료 인증서 반례 삭제 (26.171709ms)
  ✔ CA 설정 계약 삭제 (23.604541ms)
  ✔ 제품 hostname 검사 삭제 (24.234084ms)
  ✔ 제품 인증서 오류 검사 삭제 (26.3665ms)
  ✔ C++ 비밀번호 누출 반례 삭제 (23.688958ms)
  ✔ 관계 링크 삭제 (28.076041ms)
✔ DOC-ONVIF-TLS-CONTRACT 출력·원본 안전 검사 누락 거부와 표현 변경 허용 (201.494084ms)
▶ DOC-ONVIF-AUTH 현행 문서·fixture·주입 안전 조건과 원본 불변
  ✔ 인증 문서 제목·상대 링크 표현 변경 (26.780208ms)
  ✔ provider 정적 경계만 확인 (25.210167ms)
  ✔ 실제 lookup 수행으로 문서 위장 (24.435292ms)
  ✔ 미구현 Digest 상태 승격 (25.920708ms)
  ✔ provider 비노출 계약 누락 (26.725416ms)
  ✔ 현행 저장소 결정 연결 누락 (26.513625ms)
  ✔ 제품 ready 조건 제거 (25.487083ms)
  ✔ 미지원 인증을 코드에 주입 (26.587417ms)
  ✔ auth fixture raw secret 허용 거부 (25.890459ms)
  ✔ store fixture의 영속 지원 승격 거부 (24.6395ms)
✔ DOC-ONVIF-AUTH 현행 문서·fixture·주입 안전 조건과 원본 불변 (258.859833ms)
▶ DOC-ONVIF-SUITE 실행기 실패 전파·후속 중단·summary는 격리 stub으로 확인
  ✔ 전 단계 성공 구조 (24.004042ms)
  ✔ 4단계 실패 시 뒤 단계 미실행 (23.195ms)
  ✔ 자식 종료 status 없음은 실패 (24.611792ms)
✔ DOC-ONVIF-SUITE 실행기 실패 전파·후속 중단·summary는 격리 stub으로 확인 (72.241459ms)
▶ DOC-FIELD-CONTRACT 현행 field 정의·반례와 과거 원장 독립
  ✔ gate 제목·링크 표현 변경 (25.071833ms)
  ✔ redaction 제목·체크박스 형식 변경 (23.714709ms)
  ✔ 외부 gate 과거 문구 없이 검사 (75.345333ms)
  ✔ gate schema 누락 (25.547292ms)
  ✔ gate 실패 상태 누락 (25.0195ms)
  ✔ 무장비 성공 승격 (25.299583ms)
  ✔ gate 정제 flag 누락 (25.615667ms)
  ✔ 현재 색인 링크 누락 (25.842833ms)
  ✔ sample 실장비 성공 승격 (25.562542ms)
  ✔ sample 원문 포함 (25.607833ms)
  ✔ redaction source 계약 누락 (22.110042ms)
  ✔ redaction 현행 gate 링크 누락 (22.348625ms)
  ✔ redaction secret 예시 거부 (23.2185ms)
  ✔ 외부 미접속 기본값 변경 (75.7955ms)
  ✔ 외부 실패 fixture를 성공으로 바꿈 (76.586ms)
  ✔ 현행 SAFE-039 명령 연결 누락 (81.770917ms)
  ✔ 실행 대상 오연결 (74.956416ms)
  ✔ coverage의 exact 명령 오연결 (195.299708ms)
  ✔ 통합검사의 자식 호출 누락 (73.08875ms)
  ✔ 명시 역사 감사는 누락 거부 (24.963333ms)
✔ DOC-FIELD-CONTRACT 현행 field 정의·반례와 과거 원장 독립 (973.965542ms)
▶ DOC-FIELD-INTEGRATION 하위 실패·보고서 보존·정리 전파는 격리 stub으로 확인
  ✔ pass (39.444917ms)
  ✔ success-stderr (38.511791ms)
  ✔ git-missing (38.806417ms)
  ✔ onvif-fail (37.792917ms)
  ✔ child-fail (38.874042ms)
  ✔ report-fail (40.754208ms)
  ✔ report-missing (38.607042ms)
  ✔ report-invalid (38.590792ms)
  ✔ network-claim (38.092209ms)
  ✔ cleanup-fail (39.135625ms)
✔ DOC-FIELD-INTEGRATION 하위 실패·보고서 보존·정리 전파는 격리 stub으로 확인 (389.256625ms)
▶ DOC-VLM 현행 계약·기능·dispatch 연결과 역사 기록 독립성
  ✔ vlm_local_runtime_smoke:none (68.704375ms)
  ✔ vlm_local_runtime_smoke:identifier (70.943833ms)
  ✔ vlm_local_runtime_smoke:feature (71.082084ms)
  ✔ vlm_local_runtime_smoke:dispatch (70.295958ms)
  ✔ vlm_local_runtime_smoke:binding (118.190458ms)
  ✔ vlm_cloud_provider_field_smoke_gate:none (69.350583ms)
  ✔ vlm_cloud_provider_field_smoke_gate:identifier (70.056875ms)
  ✔ vlm_cloud_provider_field_smoke_gate:feature (72.094625ms)
  ✔ vlm_cloud_provider_field_smoke_gate:dispatch (69.958875ms)
  ✔ vlm_cloud_provider_field_smoke_gate:binding (117.124625ms)
  ✔ v230_vlm_opt_in_operational_evidence:none (38.3055ms)
  ✔ v230_vlm_opt_in_operational_evidence:identifier (22.40975ms)
  ✔ v230_vlm_opt_in_operational_evidence:feature (39.238375ms)
  ✔ v230_vlm_opt_in_operational_evidence:dispatch (39.472541ms)
✔ DOC-VLM 현행 계약·기능·dispatch 연결과 역사 기록 독립성 (938.130583ms)
▶ DOC-VLM-RESULT 실패·원출력·보고서·cleanup 보존은 격리 stub으로 확인
  ✔ local:pass (40.178291ms)
  ✔ local:child-fail (39.733833ms)
  ✔ local:signal (40.545ms)
  ✔ local:report-fail (39.090791ms)
  ✔ local:report-missing (40.511125ms)
  ✔ local:report-invalid (39.246583ms)
  ✔ local:boundary (40.729416ms)
  ✔ local:cleanup-fail (40.500791ms)
  ✔ local:static-fail (38.858917ms)
  ✔ cloud:pass (39.486417ms)
  ✔ cloud:child-fail (38.334333ms)
  ✔ cloud:signal (38.215292ms)
  ✔ cloud:report-fail (37.815792ms)
  ✔ cloud:report-missing (38.134125ms)
  ✔ cloud:report-invalid (37.428083ms)
  ✔ cloud:boundary (37.443375ms)
  ✔ cloud:cleanup-fail (37.677375ms)
  ✔ cloud:static-fail (37.478625ms)
✔ DOC-VLM-RESULT 실패·원출력·보고서·cleanup 보존은 격리 stub으로 확인 (702.577708ms)
▶ DOC-VLM-FIXTURE 현행 결과 계약과 종료 기록 분리
  ✔ event_explanation_hints:none (69.76775ms)
  ✔ event_explanation_hints:identifier (71.172083ms)
  ✔ event_explanation_hints:dispatch (70.082333ms)
  ✔ event_explanation_hints:feature (71.960708ms)
  ✔ event_explanation_hints:binding (114.189625ms)
  ✔ evaluation_harness:none (68.575667ms)
  ✔ evaluation_harness:identifier (69.104ms)
  ✔ evaluation_harness:dispatch (69.429584ms)
  ✔ evaluation_harness:feature (70.337375ms)
  ✔ evaluation_harness:binding (113.200375ms)
  ✔ queue_backpressure_stability:none (72.682042ms)
  ✔ queue_backpressure_stability:identifier (73.84775ms)
  ✔ queue_backpressure_stability:dispatch (73.630791ms)
  ✔ queue_backpressure_stability:feature (74.433583ms)
  ✔ queue_backpressure_stability:binding (117.258875ms)
  ✔ queue_backpressure_stability:boundary (74.205875ms)
  ✔ queue_backpressure_stability:policy-link (71.736084ms)
  ✔ test_rehearsal:none (22.728459ms)
  ✔ test_rehearsal:identifier (21.196292ms)
  ✔ test_rehearsal:dispatch (22.146833ms)
  ✔ test_rehearsal:boundary (23.439833ms)
  ✔ test_rehearsal:policy-link (23.129875ms)
✔ DOC-VLM-FIXTURE 현행 결과 계약과 종료 기록 분리 (1459.597292ms)
▶ DOC-VLM-FIXTURE-OUTPUT 보고서 검사 성공·실패에도 소유 임시 파일 정리
  ✔ event_explanation_hints:pass (20.477542ms)
  ✔ event_explanation_hints:child-fail (20.660416ms)
  ✔ event_explanation_hints:report-invalid (20.236417ms)
  ✔ event_explanation_hints:cleanup-fail (20.309583ms)
  ✔ event_explanation_hints:child-and-cleanup-fail (21.098167ms)
  ✔ evaluation_harness:pass (20.170833ms)
  ✔ evaluation_harness:child-fail (20.305458ms)
  ✔ evaluation_harness:report-invalid (20.423917ms)
  ✔ evaluation_harness:cleanup-fail (20.054375ms)
  ✔ evaluation_harness:child-and-cleanup-fail (20.674166ms)
✔ DOC-VLM-FIXTURE-OUTPUT 보고서 검사 성공·실패에도 소유 임시 파일 정리 (204.950917ms)
▶ DOC-VLM-FIXTURE-QUEUE 실제 C++ 관측의 누락·실패·부작용 거부 경계 유지
  ✔ valid (19.911458ms)
  ✔ child-fail (20.135917ms)
  ✔ missing-marker (20.260875ms)
  ✔ invalid-json (20.900166ms)
  ✔ blocked-media (20.32325ms)
  ✔ cross-zone-drift (20.065834ms)
✔ DOC-VLM-FIXTURE-QUEUE 실제 C++ 관측의 누락·실패·부작용 거부 경계 유지 (121.941958ms)
✔ DOC-ARCH-01 현행 구조 문서의 권한·공개 소비 경로 연결 (0.258167ms)
✔ DOC-ARCH-02 제목·배치·녹화 설명은 과거 파일 해시로 고정하지 않음 (0.238375ms)
✔ DOC-ARCH-03 문서·권한·공개 소비 경로 누락은 실패 (0.303375ms)
✔ DOC-METADATA-01 현행 소비 계약 유지·제목과 문장 변경 허용 (0.106792ms)
✔ DOC-METADATA-02 문서·권한·좌표·동기화·예제 연결 누락 거부 (0.184916ms)
▶ DOC-ARCH-04 실제 정적 명령의 문서 변경 허용·안전 반례 실패 전파
  ✔ 문서 제목·녹화 설명 변경 (30.816917ms)
  ✔ 필수 권한 설명 제거 (29.97ms)
  ✔ 역사 감사에서도 현행 권한 설명 검사 (30.708625ms)
  ✔ 현행 문서 부재 (30.071292ms)
  ✔ 현재 제품 파일 부재 (30.127959ms)
  ✔ 연동 안내 명령 제거 (29.579459ms)
  ✔ metadata 문서 부재 (29.924417ms)
  ✔ metadata 권한 설명 제거 (30.57525ms)
  ✔ 역사 감사에서도 metadata 좌표 설명 검사 (31.577708ms)
  ✔ 역사 감사의 metadata 문서 pin 변경 (31.303125ms)
  ✔ 역사 감사의 인증 코드 pin 변경 (31.331125ms)
  ✔ 실제 sample pin 변경 (30.169625ms)
✔ DOC-ARCH-04 실제 정적 명령의 문서 변경 허용·안전 반례 실패 전파 (367.146666ms)
✔ ENTRY-DOC-01 과거 실행 기록·Git 없이 현행 문서와 등록된 회귀 입력 연결 (14.467459ms)
✔ ENTRY-DOC-02 버전 순서와 잘못된 버전 거부 (0.091667ms)
✔ ENTRY-DOC-12 v3.9 상태 parser 입력은 출처 있는 fixture이며 과거 원장이 필요 없음 (148.299958ms)
✔ ENTRY-DOC-03 과거 source·published·roadmap·ID 변조 거부 (0.1365ms)
✔ ENTRY-DOC-04 과거 PASS를 현재 실행 증거로 사용하거나 출처 제거하면 거부 (0.067375ms)
✔ ENTRY-DOC-05 source/CMake·문서 링크 오류와 현행 문서 누락 유지 (5.019708ms)
✔ ENTRY-DOC-06 다른 branch에만 있는 dispatch·누락/중복 ID·명령 불일치 거부 (4.87475ms)
✔ ENTRY-DOC-07 회귀 입력 누락/중복·외부 symlink 거부 (3.359375ms)
✔ ENTRY-DOC-08 등록된 기존 CLI를 종료 기록 없는 소스에서 실행 (325.213ms)
✔ ENTRY-DOC-09 CLI 실제 실패 exit와 옵션 오류 전파 (505.619292ms)
✔ ENTRY-DOC-10 CLI 회귀 fixture 변조·실행 승격 거부 (261.489417ms)
✔ ENTRY-DOC-11 과거 선택·fallback·제외·제약의 변조와 현행 정책 승격 거부 (108.242459ms)
✔ REL-DOC-01 제목·완료 문장 없이 명시 metadata 읽기 (0.802458ms)
✔ REL-DOC-02 누락·중복·잘못된 JSON은 실패 (0.407916ms)
✔ REL-DOC-03 source/target·공개 tag·서명·배포 정책 불일치 거부 (0.323ms)
✔ REL-DOC-04 README 표현 변경·옛 단계명 삭제 허용 (1.135792ms)
✔ REL-DOC-05 틀린 source·target·공개 주장과 필수 링크 누락 거부 (0.599792ms)
✔ REL-DOC-06 Git·과거 실행 기록 없는 소스에서도 현행 문서 검사 (2.752875ms)
✔ REL-DOC-07 CMake 불일치·현행 문서 누락 실패 (3.064375ms)
✔ REL-DOC-08 metadata 문서 경로 이탈·외부 symlink 거부 (6.175458ms)
✔ REL-DOC-09 예제 코드의 metadata 주장은 실제 README가 아님 (0.277ms)
✔ REL-DOC-10 CLI 소스 archive 실행과 실패 exit·보고서 전파 (79.435791ms)
✔ REL-DOC-11 기존 entry 명령은 같은 판정·실패를 전달 (687.645ms)
✔ REL-DOC-12 root 누락·unknown 옵션·격리 root의 published 모드는 거부 (75.842167ms)
✔ REL-DOC-13 과거 사례 입력의 경계 훼손·실행 증거 위장 거부 (136.997917ms)
✔ REL-DOC-14 v4.0 승인·완료 기록은 현재 승인/실행 결과나 문서 오류의 대체 근거가 아님 (479.543584ms)
▶ REL-DOC-15 published 검사는 정적 HTML과 동적 Releases를 대조하고 잘못된 연결을 거부
  ✔ 정적 HTML (29.245792ms)
  ✔ 정적 절대 링크 (28.862792ms)
  ✔ 비슷한 정적 태그 이름 (27.512209ms)
  ✔ 정적 태그 링크에 Latest 없음 (28.157042ms)
  ✔ 실제 동적 sidebar 계약 (28.408ms)
  ✔ 다른 최신 버전 (28.584208ms)
  ✔ 외부 경로 (29.815166ms)
  ✔ 다른 저장소 경로 (28.898416ms)
  ✔ latestRelease 누락 (29.487875ms)
  ✔ Releases 데이터 누락 (27.47525ms)
  ✔ 잘못된 JSON (28.181208ms)
  ✔ 다른 저장소의 초기 페이지 (27.438833ms)
  ✔ Releases 숨김 (28.946583ms)
  ✔ 동적 context 중복 (28.32175ms)
  ✔ 동적 context JSON 손상 (28.31575ms)
  ✔ 일반 README 링크만 있음 (28.228ms)
  ✔ 통신 오류 (28.665541ms)
  ✔ 자식 signal (27.323041ms)
  ✔ spawn 오류 (27.92125ms)
✔ REL-DOC-15 published 검사는 정적 HTML과 동적 Releases를 대조하고 잘못된 연결을 거부 (541.086958ms)
▶ REL-POL-01 현행 정책 소비자는 종료 기록·옛 제목 없이 실행하고 계약 누락은 거부
  ✔ Actions 현행 문서 (23.4095ms)
  ✔ Actions runner 기준 누락 (24.166791ms)
  ✔ Actions 쓰기 권한 반례 (23.137792ms)
  ✔ Actions warning 차단 (23.840958ms)
  ✔ Actions notice 허용 (23.267667ms)
  ✔ CI 현행 문서 (23.490042ms)
  ✔ CI 실제 명령 누락 (23.691167ms)
  ✔ v240 현행 문서 (99.023083ms)
  ✔ v240 실행 대상 동시 오연결 (101.56525ms)
  ✔ v250 UI 실행 대상 동시 오연결 (152.225458ms)
  ✔ v250 현행 문서 (157.676709ms)
  ✔ v240 UI 정책 변조 (99.38125ms)
  ✔ v250 제품 연결 누락 (158.828ms)
  ✔ v250 현재 기능 ID 누락 (156.180208ms)
  ✔ v250 독립 UI 명령을 readiness로 대체 금지 (244.390459ms)
  ✔ v250 UI 정의 누락 (154.89825ms)
  ✔ v250 UI 정의 링크 누락 (156.373708ms)
  ✔ v250 UI action 변경은 canonical 연결에서 거부 (77.186083ms)
  ✔ closeout 현행 문서 (28.838208ms)
  ✔ RC 현행 문서 (140.32775ms)
  ✔ reconciliation 현행 문서 (98.415958ms)
  ✔ closeout 서명 계약 변조 (27.776833ms)
  ✔ closeout 승인 기준 링크 누락 (28.342167ms)
  ✔ closeout 실제 명령 연결 누락 (27.858417ms)
  ✔ RC 보존 출력 식별자 누락 (140.584875ms)
  ✔ RC workflow 누락 (144.290458ms)
  ✔ RC 기본 smoke 장시간 혼입 (145.948167ms)
  ✔ RC 생성 결과 실패 유지 (146.991625ms)
  ✔ RC HTML 관측 보존 (144.297041ms)
  ✔ RC 자식 실패 출력 보존 (33.207125ms)
  ✔ RC 정리 실패 전파 (55.0875ms)
  ✔ reconciliation 서명 계약 변조 (102.141583ms)
  ✔ reconciliation UI 판정 연결 누락 (99.976167ms)
  ✔ reconciliation UI 정책 완화 (101.915542ms)
✔ REL-POL-01 현행 정책 소비자는 종료 기록·옛 제목 없이 실행하고 계약 누락은 거부 (3190.937667ms)
✔ REL-POL-02 선택 과거 기록의 확인/미확인/미실행 형식만 검사하며 실제 PASS로 승격하지 않음 (201.307375ms)
✔ DOC-01 source archive에서도 목적별 색인의 두 단계 연결을 인정 (30.613166ms)
✔ DOC-02 현행 문서의 끊어진 링크와 앵커는 실패 (55.105667ms)
✔ DOC-03 파일명에 과거 버전이 있어도 미연결 현행 계약은 실패 (26.18625ms)
✔ DOC-04 AGENTS에서 연결한 유지보수 문서는 공개 색인 중복 불필요 (56.886084ms)
✔ DOC-05 참조형 링크와 HTML 앵커·이미지도 검사 (55.242875ms)
✔ DOC-06 코드 예제의 링크·제목은 실제 문서 링크·앵커가 아님 (63.742334ms)
✔ DOC-07 Git 저장소에서는 추적·미추적 현재 문서를 함께 검사 (117.848458ms)
✔ DOC-08 경로 이탈과 외부 symlink를 읽지 않고 거부 (64.12675ms)
✔ DOC-09 문서 색인 부재·잘못된 CLI는 성공 아님 (55.950458ms)
✔ DOC-10 내부 기록도 깨진 링크는 실패하고 현행 문서 도달성을 대체하지 못함 (60.246667ms)
✔ DOC-11 끊어진 symlink·옵션 누락·중복도 성공으로 숨기지 않음 (73.625167ms)
ℹ tests 334
ℹ suites 0
ℹ pass 334
ℹ fail 0
ℹ cancelled 0
ℹ skipped 0
ℹ todo 0
ℹ duration_ms 7999.608542
