command: bash scripts/internal/verify_evidence_package.sh
startedAt: 2026-10-04T12:44:20.160250+00:00
[start] 2026-10-04T12:44:20Z
df60a8dbec737d50283d9d6c66928643dc1c9666
Darwin arm64
[source] include/recording/evidence_frame_extractor.h c9251076c8b0de4250151977ba7fa29bdb5414dd2efad88a2a323b7301f5d62d
[source] include/recording/evidence_package.h 16e6c2547b4fde3b10fc4d09b03246b4a9c6dd33fd56242429c0d10c77dc497e
[source] include/recording/evidence_package_builder.h 5b4ca9ae39eb018427b6f714790cec0dfd6575972afe5fcd0f4106d3826d1453
[source] include/recording/evidence_package_store.h a5971c0c6ed806c6cfdcb0b9728e9283e19a36bad50d49c04860989ff82dced9
[source] scripts/internal/evidence_package_smoke.cpp b79b4dd37e5b3a0dfe7f219b4fc34c9add15f60a93f10adbf3eb7803f838139c
[source] src/recording/evidence_frame_extractor.cpp 867db47861bc15a242d12512b501c5d3cd90460eb85304d4d5fa337f1d0e69b8
[source] src/recording/evidence_package.cpp f58f41b1e8315e6d9a2120f5c79db213b8eca11761783d56ed1eff4510154923
[source] src/recording/evidence_package_builder.cpp c608bf00fd2462412d44d206909923ddf4ecc03a03c3b079b866525c981898fe
[source] src/recording/evidence_package_store.cpp 7c48c007a110a4437263a2c32536383df2aa5ffbd63b0ed573ead9df70c68b87
[pass] V440 source storage open: 
[pass] writer start
[pass] exact one original recording
[pass] current product search model: 
[pass] search result with current UTC evidence
[pass] V440-S01 owned store ready
[pass] V440-M01 package from actual search: 
[pass] representative sequence complete without optional clip
[pass] independent source sample count
[pass] V440-F02 evenly selected exact sample 0
[pass] known UTC has FrameLocatorV1
[pass] FrameLocatorV1 re-extract: 
[pass] same frame and PNG digests
[pass] V440-F01 PNG signature
[pass] PNG chunk header
[pass] PNG chunk length
[pass] PNG CRC
[pass] PNG RGB8 geometry
[pass] PNG chunk header
[pass] PNG chunk length
[pass] PNG CRC
[pass] PNG chunk header
[pass] PNG chunk length
[pass] PNG CRC
[pass] PNG exact end
[pass] PNG required chunks
[pass] PNG lossless inflate
[pass] PNG no-filter row
[pass] PNG no-filter row
[pass] PNG no-filter row
[pass] PNG no-filter row
[pass] PNG no-filter row
[pass] PNG no-filter row
[pass] PNG no-filter row
[pass] PNG no-filter row
[pass] PNG no-filter row
[pass] PNG no-filter row
[pass] PNG no-filter row
[pass] PNG no-filter row
[pass] PNG no-filter row
[pass] PNG no-filter row
[pass] PNG no-filter row
[pass] PNG no-filter row
[pass] PNG no-filter row
[pass] PNG no-filter row
[pass] PNG no-filter row
[pass] PNG no-filter row
[pass] PNG no-filter row
[pass] PNG no-filter row
[pass] PNG no-filter row
[pass] PNG no-filter row
[pass] PNG no-filter row
[pass] PNG no-filter row
[pass] PNG no-filter row
[pass] PNG no-filter row
[pass] PNG no-filter row
[pass] PNG no-filter row
[pass] PNG no-filter row
[pass] PNG no-filter row
[pass] PNG no-filter row
[pass] PNG no-filter row
[pass] PNG no-filter row
[pass] PNG no-filter row
[pass] PNG no-filter row
[pass] PNG no-filter row
[pass] PNG no-filter row
[pass] PNG no-filter row
[pass] PNG no-filter row
[pass] PNG no-filter row
[pass] PNG no-filter row
[pass] PNG no-filter row
[pass] PNG no-filter row
[pass] PNG no-filter row
[pass] PNG no-filter row
[pass] PNG no-filter row
[pass] PNG no-filter row
[pass] PNG no-filter row
[pass] PNG no-filter row
[pass] PNG no-filter row
[pass] PNG no-filter row
[pass] PNG no-filter row
[pass] PNG no-filter row
[pass] PNG no-filter row
[pass] PNG no-filter row
[pass] PNG no-filter row
[pass] PNG no-filter row
[pass] PNG no-filter row
[pass] PNG no-filter row
[pass] PNG no-filter row
[pass] PNG no-filter row
[pass] PNG no-filter row
[pass] PNG no-filter row
[pass] PNG no-filter row
[pass] PNG no-filter row
[pass] PNG no-filter row
[pass] PNG no-filter row
[pass] PNG no-filter row
[pass] PNG no-filter row
[pass] PNG no-filter row
[pass] PNG no-filter row
[pass] PNG no-filter row
[pass] PNG no-filter row
[pass] PNG no-filter row
[pass] PNG no-filter row
[pass] PNG no-filter row
[pass] PNG no-filter row
[pass] PNG no-filter row
[pass] PNG no-filter row
[pass] PNG no-filter row
[pass] PNG no-filter row
[pass] PNG no-filter row
[pass] PNG no-filter row
[pass] PNG no-filter row
[pass] PNG no-filter row
[pass] PNG no-filter row
[pass] PNG no-filter row
[pass] PNG no-filter row
[pass] PNG preserves packed RGB exactly
[pass] no nearest frame substitution/output unchanged
[pass] wrong UTC rejected
[pass] wrong channel rejected
[pass] unverified frame index rejected without ordinal inference
[pass] V440-F02 evenly selected exact sample 1
[pass] known UTC has FrameLocatorV1
[pass] FrameLocatorV1 re-extract: 
[pass] same frame and PNG digests
[pass] V440-F01 PNG signature
[pass] PNG chunk header
[pass] PNG chunk length
[pass] PNG CRC
[pass] PNG RGB8 geometry
[pass] PNG chunk header
[pass] PNG chunk length
[pass] PNG CRC
[pass] PNG chunk header
[pass] PNG chunk length
[pass] PNG CRC
[pass] PNG exact end
[pass] PNG required chunks
[pass] PNG lossless inflate
[pass] PNG no-filter row
[pass] PNG no-filter row
[pass] PNG no-filter row
[pass] PNG no-filter row
[pass] PNG no-filter row
[pass] PNG no-filter row
[pass] PNG no-filter row
[pass] PNG no-filter row
[pass] PNG no-filter row
[pass] PNG no-filter row
[pass] PNG no-filter row
[pass] PNG no-filter row
[pass] PNG no-filter row
[pass] PNG no-filter row
[pass] PNG no-filter row
[pass] PNG no-filter row
[pass] PNG no-filter row
[pass] PNG no-filter row
[pass] PNG no-filter row
[pass] PNG no-filter row
[pass] PNG no-filter row
[pass] PNG no-filter row
[pass] PNG no-filter row
[pass] PNG no-filter row
[pass] PNG no-filter row
[pass] PNG no-filter row
[pass] PNG no-filter row
[pass] PNG no-filter row
[pass] PNG no-filter row
[pass] PNG no-filter row
[pass] PNG no-filter row
[pass] PNG no-filter row
[pass] PNG no-filter row
[pass] PNG no-filter row
[pass] PNG no-filter row
[pass] PNG no-filter row
[pass] PNG no-filter row
[pass] PNG no-filter row
[pass] PNG no-filter row
[pass] PNG no-filter row
[pass] PNG no-filter row
[pass] PNG no-filter row
[pass] PNG no-filter row
[pass] PNG no-filter row
[pass] PNG no-filter row
[pass] PNG no-filter row
[pass] PNG no-filter row
[pass] PNG no-filter row
[pass] PNG no-filter row
[pass] PNG no-filter row
[pass] PNG no-filter row
[pass] PNG no-filter row
[pass] PNG no-filter row
[pass] PNG no-filter row
[pass] PNG no-filter row
[pass] PNG no-filter row
[pass] PNG no-filter row
[pass] PNG no-filter row
[pass] PNG no-filter row
[pass] PNG no-filter row
[pass] PNG no-filter row
[pass] PNG no-filter row
[pass] PNG no-filter row
[pass] PNG no-filter row
[pass] PNG no-filter row
[pass] PNG no-filter row
[pass] PNG no-filter row
[pass] PNG no-filter row
[pass] PNG no-filter row
[pass] PNG no-filter row
[pass] PNG no-filter row
[pass] PNG no-filter row
[pass] PNG no-filter row
[pass] PNG no-filter row
[pass] PNG no-filter row
[pass] PNG no-filter row
[pass] PNG no-filter row
[pass] PNG no-filter row
[pass] PNG no-filter row
[pass] PNG no-filter row
[pass] PNG no-filter row
[pass] PNG no-filter row
[pass] PNG no-filter row
[pass] PNG no-filter row
[pass] PNG no-filter row
[pass] PNG no-filter row
[pass] PNG no-filter row
[pass] PNG no-filter row
[pass] PNG no-filter row
[pass] PNG no-filter row
[pass] PNG preserves packed RGB exactly
[pass] no nearest frame substitution/output unchanged
[pass] wrong UTC rejected
[pass] wrong channel rejected
[pass] unverified frame index rejected without ordinal inference
[pass] V440-F02 evenly selected exact sample 2
[pass] known UTC has FrameLocatorV1
[pass] FrameLocatorV1 re-extract: 
[pass] same frame and PNG digests
[pass] V440-F01 PNG signature
[pass] PNG chunk header
[pass] PNG chunk length
[pass] PNG CRC
[pass] PNG RGB8 geometry
[pass] PNG chunk header
[pass] PNG chunk length
[pass] PNG CRC
[pass] PNG chunk header
[pass] PNG chunk length
[pass] PNG CRC
[pass] PNG exact end
[pass] PNG required chunks
[pass] PNG lossless inflate
[pass] PNG no-filter row
[pass] PNG no-filter row
[pass] PNG no-filter row
[pass] PNG no-filter row
[pass] PNG no-filter row
[pass] PNG no-filter row
[pass] PNG no-filter row
[pass] PNG no-filter row
[pass] PNG no-filter row
[pass] PNG no-filter row
[pass] PNG no-filter row
[pass] PNG no-filter row
[pass] PNG no-filter row
[pass] PNG no-filter row
[pass] PNG no-filter row
[pass] PNG no-filter row
[pass] PNG no-filter row
[pass] PNG no-filter row
[pass] PNG no-filter row
[pass] PNG no-filter row
[pass] PNG no-filter row
[pass] PNG no-filter row
[pass] PNG no-filter row
[pass] PNG no-filter row
[pass] PNG no-filter row
[pass] PNG no-filter row
[pass] PNG no-filter row
[pass] PNG no-filter row
[pass] PNG no-filter row
[pass] PNG no-filter row
[pass] PNG no-filter row
[pass] PNG no-filter row
[pass] PNG no-filter row
[pass] PNG no-filter row
[pass] PNG no-filter row
[pass] PNG no-filter row
[pass] PNG no-filter row
[pass] PNG no-filter row
[pass] PNG no-filter row
[pass] PNG no-filter row
[pass] PNG no-filter row
[pass] PNG no-filter row
[pass] PNG no-filter row
[pass] PNG no-filter row
[pass] PNG no-filter row
[pass] PNG no-filter row
[pass] PNG no-filter row
[pass] PNG no-filter row
[pass] PNG no-filter row
[pass] PNG no-filter row
[pass] PNG no-filter row
[pass] PNG no-filter row
[pass] PNG no-filter row
[pass] PNG no-filter row
[pass] PNG no-filter row
[pass] PNG no-filter row
[pass] PNG no-filter row
[pass] PNG no-filter row
[pass] PNG no-filter row
[pass] PNG no-filter row
[pass] PNG no-filter row
[pass] PNG no-filter row
[pass] PNG no-filter row
[pass] PNG no-filter row
[pass] PNG no-filter row
[pass] PNG no-filter row
[pass] PNG no-filter row
[pass] PNG no-filter row
[pass] PNG no-filter row
[pass] PNG no-filter row
[pass] PNG no-filter row
[pass] PNG no-filter row
[pass] PNG no-filter row
[pass] PNG no-filter row
[pass] PNG no-filter row
[pass] PNG no-filter row
[pass] PNG no-filter row
[pass] PNG no-filter row
[pass] PNG no-filter row
[pass] PNG no-filter row
[pass] PNG no-filter row
[pass] PNG no-filter row
[pass] PNG no-filter row
[pass] PNG no-filter row
[pass] PNG no-filter row
[pass] PNG no-filter row
[pass] PNG no-filter row
[pass] PNG no-filter row
[pass] PNG no-filter row
[pass] PNG no-filter row
[pass] PNG preserves packed RGB exactly
[pass] no nearest frame substitution/output unchanged
[pass] wrong UTC rejected
[pass] wrong channel rejected
[pass] unverified frame index rejected without ordinal inference
[pass] V440-F02 evenly selected exact sample 3
[pass] known UTC has FrameLocatorV1
[pass] FrameLocatorV1 re-extract: 
[pass] same frame and PNG digests
[pass] V440-F01 PNG signature
[pass] PNG chunk header
[pass] PNG chunk length
[pass] PNG CRC
[pass] PNG RGB8 geometry
[pass] PNG chunk header
[pass] PNG chunk length
[pass] PNG CRC
[pass] PNG chunk header
[pass] PNG chunk length
[pass] PNG CRC
[pass] PNG exact end
[pass] PNG required chunks
[pass] PNG lossless inflate
[pass] PNG no-filter row
[pass] PNG no-filter row
[pass] PNG no-filter row
[pass] PNG no-filter row
[pass] PNG no-filter row
[pass] PNG no-filter row
[pass] PNG no-filter row
[pass] PNG no-filter row
[pass] PNG no-filter row
[pass] PNG no-filter row
[pass] PNG no-filter row
[pass] PNG no-filter row
[pass] PNG no-filter row
[pass] PNG no-filter row
[pass] PNG no-filter row
[pass] PNG no-filter row
[pass] PNG no-filter row
[pass] PNG no-filter row
[pass] PNG no-filter row
[pass] PNG no-filter row
[pass] PNG no-filter row
[pass] PNG no-filter row
[pass] PNG no-filter row
[pass] PNG no-filter row
[pass] PNG no-filter row
[pass] PNG no-filter row
[pass] PNG no-filter row
[pass] PNG no-filter row
[pass] PNG no-filter row
[pass] PNG no-filter row
[pass] PNG no-filter row
[pass] PNG no-filter row
[pass] PNG no-filter row
[pass] PNG no-filter row
[pass] PNG no-filter row
[pass] PNG no-filter row
[pass] PNG no-filter row
[pass] PNG no-filter row
[pass] PNG no-filter row
[pass] PNG no-filter row
[pass] PNG no-filter row
[pass] PNG no-filter row
[pass] PNG no-filter row
[pass] PNG no-filter row
[pass] PNG no-filter row
[pass] PNG no-filter row
[pass] PNG no-filter row
[pass] PNG no-filter row
[pass] PNG no-filter row
[pass] PNG no-filter row
[pass] PNG no-filter row
[pass] PNG no-filter row
[pass] PNG no-filter row
[pass] PNG no-filter row
[pass] PNG no-filter row
[pass] PNG no-filter row
[pass] PNG no-filter row
[pass] PNG no-filter row
[pass] PNG no-filter row
[pass] PNG no-filter row
[pass] PNG no-filter row
[pass] PNG no-filter row
[pass] PNG no-filter row
[pass] PNG no-filter row
[pass] PNG no-filter row
[pass] PNG no-filter row
[pass] PNG no-filter row
[pass] PNG no-filter row
[pass] PNG no-filter row
[pass] PNG no-filter row
[pass] PNG no-filter row
[pass] PNG no-filter row
[pass] PNG no-filter row
[pass] PNG no-filter row
[pass] PNG no-filter row
[pass] PNG no-filter row
[pass] PNG no-filter row
[pass] PNG no-filter row
[pass] PNG no-filter row
[pass] PNG no-filter row
[pass] PNG no-filter row
[pass] PNG no-filter row
[pass] PNG no-filter row
[pass] PNG no-filter row
[pass] PNG no-filter row
[pass] PNG no-filter row
[pass] PNG no-filter row
[pass] PNG no-filter row
[pass] PNG no-filter row
[pass] PNG no-filter row
[pass] PNG preserves packed RGB exactly
[pass] no nearest frame substitution/output unchanged
[pass] wrong UTC rejected
[pass] wrong channel rejected
[pass] unverified frame index rejected without ordinal inference
[pass] V440-F02 evenly selected exact sample 4
[pass] known UTC has FrameLocatorV1
[pass] FrameLocatorV1 re-extract: 
[pass] same frame and PNG digests
[pass] V440-F01 PNG signature
[pass] PNG chunk header
[pass] PNG chunk length
[pass] PNG CRC
[pass] PNG RGB8 geometry
[pass] PNG chunk header
[pass] PNG chunk length
[pass] PNG CRC
[pass] PNG chunk header
[pass] PNG chunk length
[pass] PNG CRC
[pass] PNG exact end
[pass] PNG required chunks
[pass] PNG lossless inflate
[pass] PNG no-filter row
[pass] PNG no-filter row
[pass] PNG no-filter row
[pass] PNG no-filter row
[pass] PNG no-filter row
[pass] PNG no-filter row
[pass] PNG no-filter row
[pass] PNG no-filter row
[pass] PNG no-filter row
[pass] PNG no-filter row
[pass] PNG no-filter row
[pass] PNG no-filter row
[pass] PNG no-filter row
[pass] PNG no-filter row
[pass] PNG no-filter row
[pass] PNG no-filter row
[pass] PNG no-filter row
[pass] PNG no-filter row
[pass] PNG no-filter row
[pass] PNG no-filter row
[pass] PNG no-filter row
[pass] PNG no-filter row
[pass] PNG no-filter row
[pass] PNG no-filter row
[pass] PNG no-filter row
[pass] PNG no-filter row
[pass] PNG no-filter row
[pass] PNG no-filter row
[pass] PNG no-filter row
[pass] PNG no-filter row
[pass] PNG no-filter row
[pass] PNG no-filter row
[pass] PNG no-filter row
[pass] PNG no-filter row
[pass] PNG no-filter row
[pass] PNG no-filter row
[pass] PNG no-filter row
[pass] PNG no-filter row
[pass] PNG no-filter row
[pass] PNG no-filter row
[pass] PNG no-filter row
[pass] PNG no-filter row
[pass] PNG no-filter row
[pass] PNG no-filter row
[pass] PNG no-filter row
[pass] PNG no-filter row
[pass] PNG no-filter row
[pass] PNG no-filter row
[pass] PNG no-filter row
[pass] PNG no-filter row
[pass] PNG no-filter row
[pass] PNG no-filter row
[pass] PNG no-filter row
[pass] PNG no-filter row
[pass] PNG no-filter row
[pass] PNG no-filter row
[pass] PNG no-filter row
[pass] PNG no-filter row
[pass] PNG no-filter row
[pass] PNG no-filter row
[pass] PNG no-filter row
[pass] PNG no-filter row
[pass] PNG no-filter row
[pass] PNG no-filter row
[pass] PNG no-filter row
[pass] PNG no-filter row
[pass] PNG no-filter row
[pass] PNG no-filter row
[pass] PNG no-filter row
[pass] PNG no-filter row
[pass] PNG no-filter row
[pass] PNG no-filter row
[pass] PNG no-filter row
[pass] PNG no-filter row
[pass] PNG no-filter row
[pass] PNG no-filter row
[pass] PNG no-filter row
[pass] PNG no-filter row
[pass] PNG no-filter row
[pass] PNG no-filter row
[pass] PNG no-filter row
[pass] PNG no-filter row
[pass] PNG no-filter row
[pass] PNG no-filter row
[pass] PNG no-filter row
[pass] PNG no-filter row
[pass] PNG no-filter row
[pass] PNG no-filter row
[pass] PNG no-filter row
[pass] PNG no-filter row
[pass] PNG preserves packed RGB exactly
[pass] no nearest frame substitution/output unchanged
[pass] wrong UTC rejected
[pass] wrong channel rejected
[pass] unverified frame index rejected without ordinal inference
[pass] V440-F02 evenly selected exact sample 5
[pass] known UTC has FrameLocatorV1
[pass] FrameLocatorV1 re-extract: 
[pass] same frame and PNG digests
[pass] V440-F01 PNG signature
[pass] PNG chunk header
[pass] PNG chunk length
[pass] PNG CRC
[pass] PNG RGB8 geometry
[pass] PNG chunk header
[pass] PNG chunk length
[pass] PNG CRC
[pass] PNG chunk header
[pass] PNG chunk length
[pass] PNG CRC
[pass] PNG exact end
[pass] PNG required chunks
[pass] PNG lossless inflate
[pass] PNG no-filter row
[pass] PNG no-filter row
[pass] PNG no-filter row
[pass] PNG no-filter row
[pass] PNG no-filter row
[pass] PNG no-filter row
[pass] PNG no-filter row
[pass] PNG no-filter row
[pass] PNG no-filter row
[pass] PNG no-filter row
[pass] PNG no-filter row
[pass] PNG no-filter row
[pass] PNG no-filter row
[pass] PNG no-filter row
[pass] PNG no-filter row
[pass] PNG no-filter row
[pass] PNG no-filter row
[pass] PNG no-filter row
[pass] PNG no-filter row
[pass] PNG no-filter row
[pass] PNG no-filter row
[pass] PNG no-filter row
[pass] PNG no-filter row
[pass] PNG no-filter row
[pass] PNG no-filter row
[pass] PNG no-filter row
[pass] PNG no-filter row
[pass] PNG no-filter row
[pass] PNG no-filter row
[pass] PNG no-filter row
[pass] PNG no-filter row
[pass] PNG no-filter row
[pass] PNG no-filter row
[pass] PNG no-filter row
[pass] PNG no-filter row
[pass] PNG no-filter row
[pass] PNG no-filter row
[pass] PNG no-filter row
[pass] PNG no-filter row
[pass] PNG no-filter row
[pass] PNG no-filter row
[pass] PNG no-filter row
[pass] PNG no-filter row
[pass] PNG no-filter row
[pass] PNG no-filter row
[pass] PNG no-filter row
[pass] PNG no-filter row
[pass] PNG no-filter row
[pass] PNG no-filter row
[pass] PNG no-filter row
[pass] PNG no-filter row
[pass] PNG no-filter row
[pass] PNG no-filter row
[pass] PNG no-filter row
[pass] PNG no-filter row
[pass] PNG no-filter row
[pass] PNG no-filter row
[pass] PNG no-filter row
[pass] PNG no-filter row
[pass] PNG no-filter row
[pass] PNG no-filter row
[pass] PNG no-filter row
[pass] PNG no-filter row
[pass] PNG no-filter row
[pass] PNG no-filter row
[pass] PNG no-filter row
[pass] PNG no-filter row
[pass] PNG no-filter row
[pass] PNG no-filter row
[pass] PNG no-filter row
[pass] PNG no-filter row
[pass] PNG no-filter row
[pass] PNG no-filter row
[pass] PNG no-filter row
[pass] PNG no-filter row
[pass] PNG no-filter row
[pass] PNG no-filter row
[pass] PNG no-filter row
[pass] PNG no-filter row
[pass] PNG no-filter row
[pass] PNG no-filter row
[pass] PNG no-filter row
[pass] PNG no-filter row
[pass] PNG no-filter row
[pass] PNG no-filter row
[pass] PNG no-filter row
[pass] PNG no-filter row
[pass] PNG no-filter row
[pass] PNG no-filter row
[pass] PNG no-filter row
[pass] PNG preserves packed RGB exactly
[pass] no nearest frame substitution/output unchanged
[pass] wrong UTC rejected
[pass] wrong channel rejected
[pass] unverified frame index rejected without ordinal inference
[pass] V440-F02 evenly selected exact sample 6
[pass] known UTC has FrameLocatorV1
[pass] FrameLocatorV1 re-extract: 
[pass] same frame and PNG digests
[pass] V440-F01 PNG signature
[pass] PNG chunk header
[pass] PNG chunk length
[pass] PNG CRC
[pass] PNG RGB8 geometry
[pass] PNG chunk header
[pass] PNG chunk length
[pass] PNG CRC
[pass] PNG chunk header
[pass] PNG chunk length
[pass] PNG CRC
[pass] PNG exact end
[pass] PNG required chunks
[pass] PNG lossless inflate
[pass] PNG no-filter row
[pass] PNG no-filter row
[pass] PNG no-filter row
[pass] PNG no-filter row
[pass] PNG no-filter row
[pass] PNG no-filter row
[pass] PNG no-filter row
[pass] PNG no-filter row
[pass] PNG no-filter row
[pass] PNG no-filter row
[pass] PNG no-filter row
[pass] PNG no-filter row
[pass] PNG no-filter row
[pass] PNG no-filter row
[pass] PNG no-filter row
[pass] PNG no-filter row
[pass] PNG no-filter row
[pass] PNG no-filter row
[pass] PNG no-filter row
[pass] PNG no-filter row
[pass] PNG no-filter row
[pass] PNG no-filter row
[pass] PNG no-filter row
[pass] PNG no-filter row
[pass] PNG no-filter row
[pass] PNG no-filter row
[pass] PNG no-filter row
[pass] PNG no-filter row
[pass] PNG no-filter row
[pass] PNG no-filter row
[pass] PNG no-filter row
[pass] PNG no-filter row
[pass] PNG no-filter row
[pass] PNG no-filter row
[pass] PNG no-filter row
[pass] PNG no-filter row
[pass] PNG no-filter row
[pass] PNG no-filter row
[pass] PNG no-filter row
[pass] PNG no-filter row
[pass] PNG no-filter row
[pass] PNG no-filter row
[pass] PNG no-filter row
[pass] PNG no-filter row
[pass] PNG no-filter row
[pass] PNG no-filter row
[pass] PNG no-filter row
[pass] PNG no-filter row
[pass] PNG no-filter row
[pass] PNG no-filter row
[pass] PNG no-filter row
[pass] PNG no-filter row
[pass] PNG no-filter row
[pass] PNG no-filter row
[pass] PNG no-filter row
[pass] PNG no-filter row
[pass] PNG no-filter row
[pass] PNG no-filter row
[pass] PNG no-filter row
[pass] PNG no-filter row
[pass] PNG no-filter row
[pass] PNG no-filter row
[pass] PNG no-filter row
[pass] PNG no-filter row
[pass] PNG no-filter row
[pass] PNG no-filter row
[pass] PNG no-filter row
[pass] PNG no-filter row
[pass] PNG no-filter row
[pass] PNG no-filter row
[pass] PNG no-filter row
[pass] PNG no-filter row
[pass] PNG no-filter row
[pass] PNG no-filter row
[pass] PNG no-filter row
[pass] PNG no-filter row
[pass] PNG no-filter row
[pass] PNG no-filter row
[pass] PNG no-filter row
[pass] PNG no-filter row
[pass] PNG no-filter row
[pass] PNG no-filter row
[pass] PNG no-filter row
[pass] PNG no-filter row
[pass] PNG no-filter row
[pass] PNG no-filter row
[pass] PNG no-filter row
[pass] PNG no-filter row
[pass] PNG no-filter row
[pass] PNG no-filter row
[pass] PNG preserves packed RGB exactly
[pass] no nearest frame substitution/output unchanged
[pass] wrong UTC rejected
[pass] wrong channel rejected
[pass] unverified frame index rejected without ordinal inference
[pass] V440-F02 evenly selected exact sample 7
[pass] known UTC has FrameLocatorV1
[pass] FrameLocatorV1 re-extract: 
[pass] same frame and PNG digests
[pass] V440-F01 PNG signature
[pass] PNG chunk header
[pass] PNG chunk length
[pass] PNG CRC
[pass] PNG RGB8 geometry
[pass] PNG chunk header
[pass] PNG chunk length
[pass] PNG CRC
[pass] PNG chunk header
[pass] PNG chunk length
[pass] PNG CRC
[pass] PNG exact end
[pass] PNG required chunks
[pass] PNG lossless inflate
[pass] PNG no-filter row
[pass] PNG no-filter row
[pass] PNG no-filter row
[pass] PNG no-filter row
[pass] PNG no-filter row
[pass] PNG no-filter row
[pass] PNG no-filter row
[pass] PNG no-filter row
[pass] PNG no-filter row
[pass] PNG no-filter row
[pass] PNG no-filter row
[pass] PNG no-filter row
[pass] PNG no-filter row
[pass] PNG no-filter row
[pass] PNG no-filter row
[pass] PNG no-filter row
[pass] PNG no-filter row
[pass] PNG no-filter row
[pass] PNG no-filter row
[pass] PNG no-filter row
[pass] PNG no-filter row
[pass] PNG no-filter row
[pass] PNG no-filter row
[pass] PNG no-filter row
[pass] PNG no-filter row
[pass] PNG no-filter row
[pass] PNG no-filter row
[pass] PNG no-filter row
[pass] PNG no-filter row
[pass] PNG no-filter row
[pass] PNG no-filter row
[pass] PNG no-filter row
[pass] PNG no-filter row
[pass] PNG no-filter row
[pass] PNG no-filter row
[pass] PNG no-filter row
[pass] PNG no-filter row
[pass] PNG no-filter row
[pass] PNG no-filter row
[pass] PNG no-filter row
[pass] PNG no-filter row
[pass] PNG no-filter row
[pass] PNG no-filter row
[pass] PNG no-filter row
[pass] PNG no-filter row
[pass] PNG no-filter row
[pass] PNG no-filter row
[pass] PNG no-filter row
[pass] PNG no-filter row
[pass] PNG no-filter row
[pass] PNG no-filter row
[pass] PNG no-filter row
[pass] PNG no-filter row
[pass] PNG no-filter row
[pass] PNG no-filter row
[pass] PNG no-filter row
[pass] PNG no-filter row
[pass] PNG no-filter row
[pass] PNG no-filter row
[pass] PNG no-filter row
[pass] PNG no-filter row
[pass] PNG no-filter row
[pass] PNG no-filter row
[pass] PNG no-filter row
[pass] PNG no-filter row
[pass] PNG no-filter row
[pass] PNG no-filter row
[pass] PNG no-filter row
[pass] PNG no-filter row
[pass] PNG no-filter row
[pass] PNG no-filter row
[pass] PNG no-filter row
[pass] PNG no-filter row
[pass] PNG no-filter row
[pass] PNG no-filter row
[pass] PNG no-filter row
[pass] PNG no-filter row
[pass] PNG no-filter row
[pass] PNG no-filter row
[pass] PNG no-filter row
[pass] PNG no-filter row
[pass] PNG no-filter row
[pass] PNG no-filter row
[pass] PNG no-filter row
[pass] PNG no-filter row
[pass] PNG no-filter row
[pass] PNG no-filter row
[pass] PNG no-filter row
[pass] PNG no-filter row
[pass] PNG no-filter row
[pass] PNG preserves packed RGB exactly
[pass] no nearest frame substitution/output unchanged
[pass] wrong UTC rejected
[pass] wrong channel rejected
[pass] unverified frame index rejected without ordinal inference
[pass] unknown time source open
[pass] unknown time writer start
[pass] unknown time finalized source
[pass] V440-F02 actual unknown UTC decoded frame without invented locator: 
[pass] V440-C01 canonical roundtrip
[pass] invalid JSON/schema/size leaves output unchanged
[pass] invalid JSON/schema/size leaves output unchanged
[pass] invalid JSON/schema/size leaves output unchanged
[pass] verified read after publish: 
[pass] stored asset hash
[pass] package listing
[pass] V440-A01 current package scope
[pass] list channel scope
[pass] create denied before I/O
[pass] asset scoped access
[pass] asset index boundary
[pass] V440-F02 exact point selection
[pass] duplicate PTS cannot select arbitrary frame
[pass] half-open range end is not replaced
[pass] preserved frame reference requires matching frame metadata
[pass] unknown UTC stays null in manifest roundtrip
[pass] actual clip selection/intent: 
[pass] clip admitted with existing protection
[pass] actual verified clip complete: 
[pass] actual event-priority search projection: 
[pass] plain recording search has selected event without observation event IDs
[pass] clip candidate cancellation keeps output unchanged
[pass] clip candidates preserve channel and source isolation
[pass] V440-M01 real search selection retains event lineage: 
FAIL V440-M01 event snapshot selects existing exact-sample clip: evidence-clip-association-changed after=943
Traceback (most recent call last):
  File "<stdin>", line 21, in <module>
  File "/opt/homebrew/Cellar/python@3.14/3.14.4/Frameworks/Python.framework/Versions/3.14/lib/python3.14/subprocess.py", line 578, in run
    raise CalledProcessError(retcode, process.args,
                             output=stdout, stderr=stderr)
subprocess.CalledProcessError: Command '['<tmp>/media-server-evidence.njo4pw/evidence-smoke', '<tmp>/media-server-evidence.njo4pw']' returned non-zero exit status 1.
[cleanup] removed=true

exit: 1
finishedAt: 2026-10-04T12:44:24.667445+00:00
