CMakeLists.txt: OK
include/analysis/event_storage.h: OK
include/recording/event_recording_bridge.h: OK
include/recording/recording_catalog.h: OK
include/recording/recording_derived_event_worker.h: OK
include/recording/recording_derived_selection.h: OK
include/recording/recording_journal.h: OK
include/recording/recording_read_service.h: OK
scripts/internal/recording_consumer_connection_smoke.cpp: OK
scripts/internal/recording_derived_event_integration_smoke.cpp: OK
scripts/internal/verify_recording_consumer_connection.sh: OK
scripts/internal/verify_recording_derived_event_integration.sh: OK
scripts/internal/verify_recording_identity.sh: OK
scripts/internal/verify_v410_event_recording.sh: OK
scripts/internal/verify_v410_recording_finalize_recovery.sh: OK
src/analysis/event_storage.cpp: OK
src/recording/event_recording_bridge.cpp: OK
src/recording/recording_catalog.cpp: OK
src/recording/recording_derived_event_worker.cpp: OK
src/recording/recording_derived_selection.cpp: OK
src/recording/recording_journal.cpp: OK
src/recording/recording_read_service.cpp: OK
