[decode] frames=10 eos=1 error_free=1
[decode] frames=10 eos=1 error_free=1
[detail] E01 verified=1 fully_satisfied=1
[decode] frames=10 eos=1 error_free=1
[pass] E02 단일 출력도 clip_path 승격 없이 목록·직접 decode·fully satisfied
[pass] E09 동일 reference/선택 재요청 job ID 멱등
[pass] E03 미확인 pre 구간을 유지한 verified partial 출력
[pass] E07 immutable start/end/pre/post/namespace 보존
[pass] E10 Event 출력이 누적되어도 원본 snapshot은 continuous만
[pass] E04 provider의 동일 실제 decoder 증거 업데이트로 postroll 요청 충족
[pass] E05 시간 경과만으로 coverage 없이 unknown 종료
[pass] E06 provider namespace 변경을 새 증거로 혼합하지 않음
[pass] E09 같은 immutable reference의 증거/선택 갱신은 새 job·이전 partial 보존
[pass] E18 4097 frame 증거는 queue 접수 전 명시 거부
[pass] E06/E18 provider generation 변경는 unknown 종료
[pass] E06/E18 provider source 불일치는 unknown 종료
[pass] E06/E18 provider 예외는 unknown 종료
[pass] E12 event quota 부족은 Intent/파일/내구 예약 없이 명시 거부
[pass] E18 누적 261개 원본에서도 현재 반개구간 관련 1개만 조회
[pass] E18 반개구간 끝 접점은 이전 원본과 비중첩
[pass] E11 관련 missing binding은 누락하지 않고 snapshot에 보존
[pass] E11 관련 corrupt lifecycle은 동일 snapshot에 보존
[pass] E18 실제 관련 257개는 명시 cap 실패·잘린 confirmed 목록 없음
[pass] E04 실제 writer 후행 finalize와 같은 요청 증거 갱신으로 2출력 완료
[detail] finalized_before=1 finalized_after=3 provider_requested=1
[pass] E01 실제 H264 decoder→EventRecord→reference→내구 job·2출력 Complete
[detail] decoded=30 evidence=30 references=1 jobs=1
[pass] E17 무주입 bridge 재생성에도 내구 managed 소유권 유지
[pass] E13 Stop 이후 신규 reference 저장 없음
[pass] E20 비권위 원장 조회 실패는 legacy 억제 unknown
[summary] pass=24 fail=0
[pass] E17 실제 EventStorage managed clip 억제 및 snapshot hook 유지
[detail] stored=1 snapshot_failed=0 clip_failed=0 fallback=0
[summary] pass=1 fail=0
[pass] E17 실제 EventStorage 기본 clip fallback 유지 및 snapshot hook 유지
[detail] stored=1 snapshot_failed=0 clip_failed=1 fallback=1
[summary] pass=1 fail=0
[cleanup] path=/private/var/folders/k0/qhmr6zdx11q0_41wfx4dsd200000gn/T/media-server-derived-event-integration.xp1VaK bytes=11047579 removed=true
[elapsed] seconds=9 source=bash-SECONDS
