[start] 2026-10-03T16:56:43Z
Darwin arm64
Apple clang version 21.0.0 (clang-2100.3.34.2)
38dedb7729bb2feedb299e087b3ebf1560307bcc53d50c33b361261f5cc5374b  src/recording/recording_search_model.cpp
6df88146a082bffeb9b26e6e1216179bdd2af2f2f867fc92ab491dceecda2090  src/recording/recording_search_snapshots.cpp
94b6fadcf9a8b86519e41aa520db1582ab21057ed833f2ad44d2ca5c25284c78  scripts/internal/recording_search_cursor_smoke.cpp
46fb23d23535bef08f316df8d2883f20bf772f701b1794901e30c1c5906a5efb  include/recording/recording_search_model.h
dee5b5b69833cc8d5e09147416da16002c5453cf62d7d6762c6448eb45c774fb  include/recording/recording_search_snapshots.h
4fc7cae0ab4b82a0a05f680a97b99342ed35cd50b1076c0864960bd227903ec9  scripts/internal/verify_recording_search_lifetime.sh
[config] crypto=1
[pass] fixture
[pass] first page stable ties and full counts
[pass] incomplete fixture
[pass] incomplete first search publishes no snapshot
[pass] incomplete attempt does not replace existing cursor snapshot
[pass] member on later page resolves
[pass] hit other principal rejects atomically
[pass] hit changed scope rejected
[pass] model member outside query cannot seek
[pass] hit exact expiry boundary
[pass] cursor fixture renewed after hit expiry
[pass] normalized equivalent query resumes
[pass] cursor replay idempotent
[pass] unknown last final page no cursor
[pass] other principal rejected atomically
[pass] scope change rejected
[pass] query change rejected
[pass] query change rejected
[pass] query change rejected
[pass] query change rejected
[pass] tampered MAC rejected
[pass] schema mismatch rejected
[pass] restart rejects prior server cursor
[pass] changed source fixture
[pass] new observation and removal do not mutate old membership
[pass] before expiry accepted
[pass] exact expiry rejected
[pass] snapshot count evicts oldest
[pass] aggregate byte budget evicts oldest
[pass] oversized fixture exceeds unchanged pool budget
[pass] failed admission preserves existing snapshot
[pass] byte limit failure output unchanged
[pass] empty successful page
[pass] expiry arithmetic overflow rejected
[pass] R03 idle fixture
[pass] R03 idle snapshot begin
[pass] R03 idle expiration releases model without another request
[pass] R03 held fixture
[pass] R03 held snapshot begin
[pass] R03 expiry preserves caller-owned immutable page
[pass] R03 last external owner release frees expired model
[pass] R03 shutdown fixture with future expiry
[pass] R03 destructor joins without waiting for five-minute deadline
[search-cursor] pass=43 fail=0
[config] crypto=0
[pass] fixture
[pass] missing crypto fails closed
[search-cursor] pass=2 fail=0
[end] 2026-10-03T16:56:46Z
[cleanup] path=/private/var/folders/k0/qhmr6zdx11q0_41wfx4dsd200000gn/T/media-server-search-lifetime.yS0ugH removed=true
