source 0384adc10d320fd5969fea43e7e99c7206602099 root /private/tmp/media-server-v430-search-v84ejzfl
sha256 /Users/dhseo/Workspace/mediaServer/scripts/internal/recording_search_application_smoke.cpp b84e9163a4ea9ae682e2f68d156b8a51f300780c6ef4565a40bb71cbbd1ccd46
sha256 /Users/dhseo/Workspace/mediaServer/build-gst-onnx/libmedia_server_runtime.a 14d2bc72cf2cc1c7f9fe1fcb3058f2285ad43410136b6659b4da8f47c496c8b3
compile /usr/bin/c++ -std=c++17 -Wall -Wextra -Werror -pthread -DGST_USE_UNSTABLE_API=1 -DMEDIA_SERVER_ENABLE_RECORDING_GENERATION_BACKEND=1 -DMEDIA_SERVER_ENABLE_YOUTUBE_SOURCE=0 -DMEDIA_SERVER_USE_GSTREAMER=1 -DMEDIA_SERVER_USE_LIBSODIUM=1 -DMEDIA_SERVER_USE_ONNXRUNTIME=1 -DMEDIA_SERVER_USE_OPENSSL=1 -DMEDIA_SERVER_USE_PANGOCAIRO=1 -DMEDIA_SERVER_USE_SQLITE3=1 -I/Users/dhseo/Workspace/mediaServer/include -I/opt/homebrew/include/onnxruntime -isystem /opt/homebrew/Cellar/gstreamer/1.28.1/include/gstreamer-1.0 -isystem /opt/homebrew/Cellar/glib/2.86.4/include/gio-unix-2.0 -isystem /opt/homebrew/Cellar/orc/0.4.42/include/orc-0.4 -isystem /opt/homebrew/Cellar/glib/2.86.4/include -isystem /Library/Developer/CommandLineTools/SDKs/MacOSX26.sdk/usr/include/ffi -isystem /opt/homebrew/Cellar/glib/2.86.4/include/glib-2.0 -isystem /opt/homebrew/Cellar/glib/2.86.4/lib/glib-2.0/include -isystem /opt/homebrew/opt/gettext/include -isystem /opt/homebrew/Cellar/pcre2/10.47_1/include -isystem /opt/homebrew/Cellar/pango/1.57.0_2/include/pango-1.0 -isystem /opt/homebrew/Cellar/cairo/1.18.4/include/cairo -isystem /opt/homebrew/Cellar/libxext/1.3.7/include -isystem /opt/homebrew/Cellar/xorgproto/2025.1/include -isystem /opt/homebrew/Cellar/libxrender/0.9.12/include -isystem /opt/homebrew/Cellar/libx11/1.8.13/include -isystem /opt/homebrew/Cellar/libxcb/1.17.0/include -isystem /opt/homebrew/Cellar/libxau/1.0.12/include -isystem /opt/homebrew/Cellar/libxdmcp/1.1.5/include -isystem /opt/homebrew/Cellar/pixman/0.46.4/include/pixman-1 -isystem /opt/homebrew/Cellar/fribidi/1.0.16/include/fribidi -isystem /opt/homebrew/Cellar/libthai/0.1.30/include -isystem /opt/homebrew/Cellar/libdatrie/0.2.14/include -isystem /opt/homebrew/Cellar/fontconfig/2.17.1/include -isystem /opt/homebrew/Cellar/harfbuzz/13.1.1/include/harfbuzz -isystem /opt/homebrew/opt/freetype/include/freetype2 -isystem /opt/homebrew/opt/libpng/include/libpng16 -isystem /opt/homebrew/opt/graphite2/include -isystem /opt/homebrew/Cellar/libsodium/1.0.21/include -isystem /opt/homebrew/Cellar/openssl@3/3.6.2/include /Users/dhseo/Workspace/mediaServer/scripts/internal/recording_search_application_smoke.cpp /Users/dhseo/Workspace/mediaServer/build-gst-onnx/libmedia_server_runtime.a /Library/Developer/CommandLineTools/SDKs/MacOSX.sdk/usr/lib/libz.tbd /opt/homebrew/Cellar/gstreamer/1.28.1/lib/libgstrtspserver-1.0.dylib /opt/homebrew/Cellar/gstreamer/1.28.1/lib/libgstapp-1.0.dylib /opt/homebrew/Cellar/gstreamer/1.28.1/lib/libgstwebrtc-1.0.dylib /opt/homebrew/Cellar/gstreamer/1.28.1/lib/libgstsdp-1.0.dylib /opt/homebrew/Cellar/gstreamer/1.28.1/lib/libgstpbutils-1.0.dylib /opt/homebrew/Cellar/gstreamer/1.28.1/lib/libgstaudio-1.0.dylib /opt/homebrew/Cellar/gstreamer/1.28.1/lib/libgstvideo-1.0.dylib /opt/homebrew/Cellar/gstreamer/1.28.1/lib/libgstbase-1.0.dylib /opt/homebrew/Cellar/gstreamer/1.28.1/lib/libgstreamer-1.0.dylib /opt/homebrew/Cellar/pango/1.57.0_2/lib/libpangocairo-1.0.dylib /opt/homebrew/Cellar/pango/1.57.0_2/lib/libpango-1.0.dylib /opt/homebrew/Cellar/cairo/1.18.4/lib/libcairo.dylib /opt/homebrew/Cellar/harfbuzz/13.1.1/lib/libharfbuzz.dylib /opt/homebrew/Cellar/glib/2.86.4/lib/libgobject-2.0.dylib /opt/homebrew/Cellar/glib/2.86.4/lib/libglib-2.0.dylib /opt/homebrew/opt/gettext/lib/libintl.dylib /Library/Developer/CommandLineTools/SDKs/MacOSX.sdk/usr/lib/libsqlite3.tbd /opt/homebrew/Cellar/libsodium/1.0.21/lib/libsodium.dylib /opt/homebrew/Cellar/openssl@3/3.6.2/lib/libssl.dylib /opt/homebrew/Cellar/openssl@3/3.6.2/lib/libcrypto.dylib /opt/homebrew/lib/libonnxruntime.dylib -o /private/tmp/media-server-v430-search-v84ejzfl/application
run /private/tmp/media-server-v430-search-v84ejzfl/application /private/tmp/media-server-v430-search-v84ejzfl/application-data

(gst-plugin-scanner:9869): GLib-GIRepository-WARNING **: 01:58:14.441: Failed to load shared library 'libgobject-2.0.0.dylib' referenced by the typelib: dlopen(libgobject-2.0.0.dylib, 0x0009): tried: 'libgobject-2.0.0.dylib' (no such file), '/System/Volumes/Preboot/Cryptexes/OSlibgobject-2.0.0.dylib' (no such file), '/usr/lib/libgobject-2.0.0.dylib' (no such file, not in dyld cache), 'libgobject-2.0.0.dylib' (no such file)

(gst-plugin-scanner:9869): GLib-GIRepository-WARNING **: 01:58:14.442: Failed to load shared library 'libglib-2.0.0.dylib' referenced by the typelib: dlopen(libglib-2.0.0.dylib, 0x0009): tried: 'libglib-2.0.0.dylib' (no such file), '/System/Volumes/Preboot/Cryptexes/OSlibglib-2.0.0.dylib' (no such file), '/usr/lib/libglib-2.0.0.dylib' (no such file, not in dyld cache), 'libglib-2.0.0.dylib' (no such file)

** (gst-plugin-scanner:9869): CRITICAL **: 01:58:14.443: can't find gi.repository.Gst
objc[9869]: Class ResultReceiver is implemented in both /opt/homebrew/Cellar/gtk+3/3.24.51/lib/libgtk-3.0.dylib (0x10c071748) and /opt/homebrew/Cellar/gtk4/4.22.1/lib/libgtk-4.1.dylib (0x1212b2b70). This may cause spurious casting failures and mysterious crashes. One of the duplicates must be removed or renamed.
objc[9869]: Class GtkApplicationQuartzDelegate is implemented in both /opt/homebrew/Cellar/gtk+3/3.24.51/lib/libgtk-3.0.dylib (0x10c071770) and /opt/homebrew/Cellar/gtk4/4.22.1/lib/libgtk-4.1.dylib (0x1212b2b98). This may cause spurious casting failures and mysterious crashes. One of the duplicates must be removed or renamed.
objc[9869]: Class GNSMenuItem is implemented in both /opt/homebrew/Cellar/gtk+3/3.24.51/lib/libgtk-3.0.dylib (0x10c0717c0) and /opt/homebrew/Cellar/gtk4/4.22.1/lib/libgtk-4.1.dylib (0x1212b2c38). This may cause spurious casting failures and mysterious crashes. One of the duplicates must be removed or renamed.
objc[9869]: Class GNSMenu is implemented in both /opt/homebrew/Cellar/gtk+3/3.24.51/lib/libgtk-3.0.dylib (0x10c0717e8) and /opt/homebrew/Cellar/gtk4/4.22.1/lib/libgtk-4.1.dylib (0x1212b2c60). This may cause spurious casting failures and mysterious crashes. One of the duplicates must be removed or renamed.
objc[9869]: Class FilterComboBox is implemented in both /opt/homebrew/Cellar/gtk+3/3.24.51/lib/libgtk-3.0.dylib (0x10c071860) and /opt/homebrew/Cellar/gtk4/4.22.1/lib/libgtk-4.1.dylib (0x1212b2cd8). This may cause spurious casting failures and mysterious crashes. One of the duplicates must be removed or renamed.
objc[9869]: Class gdkCoreCursor is implemented in both /opt/homebrew/Cellar/gtk+3/3.24.51/lib/libgdk-3.0.dylib (0x10b4c5258) and /opt/homebrew/Cellar/gtk4/4.22.1/lib/libgtk-4.1.dylib (0x1212b2d28). This may cause spurious casting failures and mysterious crashes. One of the duplicates must be removed or renamed.
[recording] file evidence unavailable: file evidence profile/bound 오류
[recording] file evidence unavailable: file evidence profile/bound 오류
[recording] file evidence unavailable: file evidence profile/bound 오류
[pass] pages preserve exact unique membership and count
[pass] cursor rejects other principal
[pass] cursor rejects changed scope
[pass] cursor rejects changed query
[pass] empty explicit cursor rejected
[pass] unknown field rejected
[pass] mixed unauthorized channels rejected
[pass] zero page limit rejected
[pass] nonmember hit rejected
[pass] partial event preserves uncovered original results
[pass] preferred event resolves current file presentation target
[pass] missing event file falls back to healthy original
[pass] public result excludes internal paths and storage identity
[search-application] pass=13 fail=0
result application exit 0 seconds 2.843115375027992
sha256 /Users/dhseo/Workspace/mediaServer/scripts/internal/recording_search_concurrent_smoke.cpp cba48275d78a7ab624e079e01549c189b4c1f3f9df313a85c68870e79ac7c5a2
sha256 /Users/dhseo/Workspace/mediaServer/build-gst-onnx/libmedia_server_runtime.a 14d2bc72cf2cc1c7f9fe1fcb3058f2285ad43410136b6659b4da8f47c496c8b3
compile /usr/bin/c++ -std=c++17 -Wall -Wextra -Werror -pthread -DGST_USE_UNSTABLE_API=1 -DMEDIA_SERVER_ENABLE_RECORDING_GENERATION_BACKEND=1 -DMEDIA_SERVER_ENABLE_YOUTUBE_SOURCE=0 -DMEDIA_SERVER_USE_GSTREAMER=1 -DMEDIA_SERVER_USE_LIBSODIUM=1 -DMEDIA_SERVER_USE_ONNXRUNTIME=1 -DMEDIA_SERVER_USE_OPENSSL=1 -DMEDIA_SERVER_USE_PANGOCAIRO=1 -DMEDIA_SERVER_USE_SQLITE3=1 -I/Users/dhseo/Workspace/mediaServer/include -I/opt/homebrew/include/onnxruntime -isystem /opt/homebrew/Cellar/gstreamer/1.28.1/include/gstreamer-1.0 -isystem /opt/homebrew/Cellar/glib/2.86.4/include/gio-unix-2.0 -isystem /opt/homebrew/Cellar/orc/0.4.42/include/orc-0.4 -isystem /opt/homebrew/Cellar/glib/2.86.4/include -isystem /Library/Developer/CommandLineTools/SDKs/MacOSX26.sdk/usr/include/ffi -isystem /opt/homebrew/Cellar/glib/2.86.4/include/glib-2.0 -isystem /opt/homebrew/Cellar/glib/2.86.4/lib/glib-2.0/include -isystem /opt/homebrew/opt/gettext/include -isystem /opt/homebrew/Cellar/pcre2/10.47_1/include -isystem /opt/homebrew/Cellar/pango/1.57.0_2/include/pango-1.0 -isystem /opt/homebrew/Cellar/cairo/1.18.4/include/cairo -isystem /opt/homebrew/Cellar/libxext/1.3.7/include -isystem /opt/homebrew/Cellar/xorgproto/2025.1/include -isystem /opt/homebrew/Cellar/libxrender/0.9.12/include -isystem /opt/homebrew/Cellar/libx11/1.8.13/include -isystem /opt/homebrew/Cellar/libxcb/1.17.0/include -isystem /opt/homebrew/Cellar/libxau/1.0.12/include -isystem /opt/homebrew/Cellar/libxdmcp/1.1.5/include -isystem /opt/homebrew/Cellar/pixman/0.46.4/include/pixman-1 -isystem /opt/homebrew/Cellar/fribidi/1.0.16/include/fribidi -isystem /opt/homebrew/Cellar/libthai/0.1.30/include -isystem /opt/homebrew/Cellar/libdatrie/0.2.14/include -isystem /opt/homebrew/Cellar/fontconfig/2.17.1/include -isystem /opt/homebrew/Cellar/harfbuzz/13.1.1/include/harfbuzz -isystem /opt/homebrew/opt/freetype/include/freetype2 -isystem /opt/homebrew/opt/libpng/include/libpng16 -isystem /opt/homebrew/opt/graphite2/include -isystem /opt/homebrew/Cellar/libsodium/1.0.21/include -isystem /opt/homebrew/Cellar/openssl@3/3.6.2/include /Users/dhseo/Workspace/mediaServer/scripts/internal/recording_search_concurrent_smoke.cpp /Users/dhseo/Workspace/mediaServer/build-gst-onnx/libmedia_server_runtime.a /Library/Developer/CommandLineTools/SDKs/MacOSX.sdk/usr/lib/libz.tbd /opt/homebrew/Cellar/gstreamer/1.28.1/lib/libgstrtspserver-1.0.dylib /opt/homebrew/Cellar/gstreamer/1.28.1/lib/libgstapp-1.0.dylib /opt/homebrew/Cellar/gstreamer/1.28.1/lib/libgstwebrtc-1.0.dylib /opt/homebrew/Cellar/gstreamer/1.28.1/lib/libgstsdp-1.0.dylib /opt/homebrew/Cellar/gstreamer/1.28.1/lib/libgstpbutils-1.0.dylib /opt/homebrew/Cellar/gstreamer/1.28.1/lib/libgstaudio-1.0.dylib /opt/homebrew/Cellar/gstreamer/1.28.1/lib/libgstvideo-1.0.dylib /opt/homebrew/Cellar/gstreamer/1.28.1/lib/libgstbase-1.0.dylib /opt/homebrew/Cellar/gstreamer/1.28.1/lib/libgstreamer-1.0.dylib /opt/homebrew/Cellar/pango/1.57.0_2/lib/libpangocairo-1.0.dylib /opt/homebrew/Cellar/pango/1.57.0_2/lib/libpango-1.0.dylib /opt/homebrew/Cellar/cairo/1.18.4/lib/libcairo.dylib /opt/homebrew/Cellar/harfbuzz/13.1.1/lib/libharfbuzz.dylib /opt/homebrew/Cellar/glib/2.86.4/lib/libgobject-2.0.dylib /opt/homebrew/Cellar/glib/2.86.4/lib/libglib-2.0.dylib /opt/homebrew/opt/gettext/lib/libintl.dylib /Library/Developer/CommandLineTools/SDKs/MacOSX.sdk/usr/lib/libsqlite3.tbd /opt/homebrew/Cellar/libsodium/1.0.21/lib/libsodium.dylib /opt/homebrew/Cellar/openssl@3/3.6.2/lib/libssl.dylib /opt/homebrew/Cellar/openssl@3/3.6.2/lib/libcrypto.dylib /opt/homebrew/lib/libonnxruntime.dylib -o /private/tmp/media-server-v430-search-v84ejzfl/concurrent
run /private/tmp/media-server-v430-search-v84ejzfl/concurrent /private/tmp/media-server-v430-search-v84ejzfl/concurrent-data
[pass] competing search finishes under existing application serialization
[pass] writer packet advances inside measured search interval
[pass] recording packets advance while search requests execute
[pass] post-finalize search exposes three actual source seconds
[pass] writer finalizes all three GOP segments
[pass] all finalized files remain healthy after concurrent reads
[concurrent] searches=19 ready=18 transientUnavailable=1 observations=10000 competingMs=339.955 maxSearchMs=191.981 progressingSearches=11 packets=90
[search-concurrent] pass=6 fail=0
result concurrent exit 0 seconds 10.711927167023532
cleanup removed=true /private/tmp/media-server-v430-search-v84ejzfl
