HEAD=44c9814c3d3444eb55c704a71695d5917b5f9fa8
runtimeSha256=f6fa4cf3f36ff6f3c6e19ca7cb7d46d4e5e31e7467624cfed0aabd9f43fe7a38
sourceSha256=60e4ddcd215efc4074fbf6cd0c976a34a48b09eb65f27cf005a333cec520913b
/usr/bin/c++ -std=c++17 -Wall -Wextra -Werror -pthread -DGST_USE_UNSTABLE_API=1 -DMEDIA_SERVER_ENABLE_RECORDING_GENERATION_BACKEND=1 -DMEDIA_SERVER_ENABLE_YOUTUBE_SOURCE=0 -DMEDIA_SERVER_USE_GSTREAMER=1 -DMEDIA_SERVER_USE_LIBSODIUM=1 -DMEDIA_SERVER_USE_ONNXRUNTIME=1 -DMEDIA_SERVER_USE_OPENSSL=1 -DMEDIA_SERVER_USE_PANGOCAIRO=1 -DMEDIA_SERVER_USE_SQLITE3=1 -I/Users/dhseo/Workspace/mediaServer/include -I/opt/homebrew/include/onnxruntime -isystem /opt/homebrew/Cellar/gstreamer/1.28.1/include/gstreamer-1.0 -isystem /opt/homebrew/Cellar/glib/2.86.4/include/gio-unix-2.0 -isystem /opt/homebrew/Cellar/orc/0.4.42/include/orc-0.4 -isystem /opt/homebrew/Cellar/glib/2.86.4/include -isystem /Library/Developer/CommandLineTools/SDKs/MacOSX26.sdk/usr/include/ffi -isystem /opt/homebrew/Cellar/glib/2.86.4/include/glib-2.0 -isystem /opt/homebrew/Cellar/glib/2.86.4/lib/glib-2.0/include -isystem /opt/homebrew/opt/gettext/include -isystem /opt/homebrew/Cellar/pcre2/10.47_1/include -isystem /opt/homebrew/Cellar/pango/1.57.0_2/include/pango-1.0 -isystem /opt/homebrew/Cellar/cairo/1.18.4/include/cairo -isystem /opt/homebrew/Cellar/libxext/1.3.7/include -isystem /opt/homebrew/Cellar/xorgproto/2025.1/include -isystem /opt/homebrew/Cellar/libxrender/0.9.12/include -isystem /opt/homebrew/Cellar/libx11/1.8.13/include -isystem /opt/homebrew/Cellar/libxcb/1.17.0/include -isystem /opt/homebrew/Cellar/libxau/1.0.12/include -isystem /opt/homebrew/Cellar/libxdmcp/1.1.5/include -isystem /opt/homebrew/Cellar/pixman/0.46.4/include/pixman-1 -isystem /opt/homebrew/Cellar/fribidi/1.0.16/include/fribidi -isystem /opt/homebrew/Cellar/libthai/0.1.30/include -isystem /opt/homebrew/Cellar/libdatrie/0.2.14/include -isystem /opt/homebrew/Cellar/fontconfig/2.17.1/include -isystem /opt/homebrew/Cellar/harfbuzz/13.1.1/include/harfbuzz -isystem /opt/homebrew/opt/freetype/include/freetype2 -isystem /opt/homebrew/opt/libpng/include/libpng16 -isystem /opt/homebrew/opt/graphite2/include -isystem /opt/homebrew/Cellar/libsodium/1.0.21/include -isystem /opt/homebrew/Cellar/openssl@3/3.6.2/include /Users/dhseo/Workspace/mediaServer/scripts/internal/recording_search_source_smoke.cpp /Users/dhseo/Workspace/mediaServer/build-gst-onnx/libmedia_server_runtime.a /Library/Developer/CommandLineTools/SDKs/MacOSX.sdk/usr/lib/libz.tbd /opt/homebrew/Cellar/gstreamer/1.28.1/lib/libgstrtspserver-1.0.dylib /opt/homebrew/Cellar/gstreamer/1.28.1/lib/libgstapp-1.0.dylib /opt/homebrew/Cellar/gstreamer/1.28.1/lib/libgstwebrtc-1.0.dylib /opt/homebrew/Cellar/gstreamer/1.28.1/lib/libgstsdp-1.0.dylib /opt/homebrew/Cellar/gstreamer/1.28.1/lib/libgstpbutils-1.0.dylib /opt/homebrew/Cellar/gstreamer/1.28.1/lib/libgstaudio-1.0.dylib /opt/homebrew/Cellar/gstreamer/1.28.1/lib/libgstvideo-1.0.dylib /opt/homebrew/Cellar/gstreamer/1.28.1/lib/libgstbase-1.0.dylib /opt/homebrew/Cellar/gstreamer/1.28.1/lib/libgstreamer-1.0.dylib /opt/homebrew/Cellar/pango/1.57.0_2/lib/libpangocairo-1.0.dylib /opt/homebrew/Cellar/pango/1.57.0_2/lib/libpango-1.0.dylib /opt/homebrew/Cellar/cairo/1.18.4/lib/libcairo.dylib /opt/homebrew/Cellar/harfbuzz/13.1.1/lib/libharfbuzz.dylib /opt/homebrew/Cellar/glib/2.86.4/lib/libgobject-2.0.dylib /opt/homebrew/Cellar/glib/2.86.4/lib/libglib-2.0.dylib /opt/homebrew/opt/gettext/lib/libintl.dylib /Library/Developer/CommandLineTools/SDKs/MacOSX.sdk/usr/lib/libsqlite3.tbd /opt/homebrew/Cellar/libsodium/1.0.21/lib/libsodium.dylib /opt/homebrew/Cellar/openssl@3/3.6.2/lib/libssl.dylib /opt/homebrew/Cellar/openssl@3/3.6.2/lib/libcrypto.dylib /opt/homebrew/lib/libonnxruntime.dylib -o /private/tmp/media-server-v430-load-n8q73_rj/source
/private/tmp/media-server-v430-load-n8q73_rj/source /private/tmp/media-server-v430-load-n8q73_rj/source-data
[pass] journal-open
[pass] closed-source-rejected
[pass] catalog-open
[pass] empty-source-success
[pass] invalid-channel-output-unchanged
[pass] finalize
[pass] unknown-observation-put
[pass] unknown-is-not-inferred
[pass] stored-locator-put
[pass] observation-delta-only
[pass] stored-locator-utc-and-pts
[pass] unchanged-model-reused
[pass] search-does-not-write-journal
[pass] capture-before-observation
[pass] observation-keeps-resolution-valid
[pass] new-model-held-snapshot-independent
[pass] capacity-failure-output-unchanged
[pass] scope-change-rebuild
[pass] history-gap-rebuild
[pass] structural-change-invalidates-captured-batch
[pass] corruption-new-state-old-snapshot-preserved
[pass] journal-reopen-rebuild
[pass] sqlite-reopen-rebuild
[pass] rebuild-does-not-write-journal
[pass] v2-journal-fixture
[pass] v2-unknown-fixture
[pass] v2-source-open
[pass] v2-mappings-separate-clock-overlap-preserved
[pass] v2-unknown-retains-media-axis
[pass] v2-deletion-pending-refresh
[pass] v2-tombstone-removes-all-mappings-held-model-unchanged
[pass] v2-read-journal-unchanged
[pass] v2-source-open
[pass] v2-reopen-tombstone-no-resurrection
[pass] v2-read-journal-unchanged
[search-source] pass=35 fail=0 error=
exit=0 seconds=1.6031843749806285
sourceSha256=96411cd5cf9f711c2f332d5ba9c5a280e4579a1da23dbcc1e669c77652dd553c
/usr/bin/c++ -std=c++17 -Wall -Wextra -Werror -pthread -DGST_USE_UNSTABLE_API=1 -DMEDIA_SERVER_ENABLE_RECORDING_GENERATION_BACKEND=1 -DMEDIA_SERVER_ENABLE_YOUTUBE_SOURCE=0 -DMEDIA_SERVER_USE_GSTREAMER=1 -DMEDIA_SERVER_USE_LIBSODIUM=1 -DMEDIA_SERVER_USE_ONNXRUNTIME=1 -DMEDIA_SERVER_USE_OPENSSL=1 -DMEDIA_SERVER_USE_PANGOCAIRO=1 -DMEDIA_SERVER_USE_SQLITE3=1 -I/Users/dhseo/Workspace/mediaServer/include -I/opt/homebrew/include/onnxruntime -isystem /opt/homebrew/Cellar/gstreamer/1.28.1/include/gstreamer-1.0 -isystem /opt/homebrew/Cellar/glib/2.86.4/include/gio-unix-2.0 -isystem /opt/homebrew/Cellar/orc/0.4.42/include/orc-0.4 -isystem /opt/homebrew/Cellar/glib/2.86.4/include -isystem /Library/Developer/CommandLineTools/SDKs/MacOSX26.sdk/usr/include/ffi -isystem /opt/homebrew/Cellar/glib/2.86.4/include/glib-2.0 -isystem /opt/homebrew/Cellar/glib/2.86.4/lib/glib-2.0/include -isystem /opt/homebrew/opt/gettext/include -isystem /opt/homebrew/Cellar/pcre2/10.47_1/include -isystem /opt/homebrew/Cellar/pango/1.57.0_2/include/pango-1.0 -isystem /opt/homebrew/Cellar/cairo/1.18.4/include/cairo -isystem /opt/homebrew/Cellar/libxext/1.3.7/include -isystem /opt/homebrew/Cellar/xorgproto/2025.1/include -isystem /opt/homebrew/Cellar/libxrender/0.9.12/include -isystem /opt/homebrew/Cellar/libx11/1.8.13/include -isystem /opt/homebrew/Cellar/libxcb/1.17.0/include -isystem /opt/homebrew/Cellar/libxau/1.0.12/include -isystem /opt/homebrew/Cellar/libxdmcp/1.1.5/include -isystem /opt/homebrew/Cellar/pixman/0.46.4/include/pixman-1 -isystem /opt/homebrew/Cellar/fribidi/1.0.16/include/fribidi -isystem /opt/homebrew/Cellar/libthai/0.1.30/include -isystem /opt/homebrew/Cellar/libdatrie/0.2.14/include -isystem /opt/homebrew/Cellar/fontconfig/2.17.1/include -isystem /opt/homebrew/Cellar/harfbuzz/13.1.1/include/harfbuzz -isystem /opt/homebrew/opt/freetype/include/freetype2 -isystem /opt/homebrew/opt/libpng/include/libpng16 -isystem /opt/homebrew/opt/graphite2/include -isystem /opt/homebrew/Cellar/libsodium/1.0.21/include -isystem /opt/homebrew/Cellar/openssl@3/3.6.2/include /Users/dhseo/Workspace/mediaServer/scripts/internal/recording_search_generation_smoke.cpp /Users/dhseo/Workspace/mediaServer/build-gst-onnx/libmedia_server_runtime.a /Library/Developer/CommandLineTools/SDKs/MacOSX.sdk/usr/lib/libz.tbd /opt/homebrew/Cellar/gstreamer/1.28.1/lib/libgstrtspserver-1.0.dylib /opt/homebrew/Cellar/gstreamer/1.28.1/lib/libgstapp-1.0.dylib /opt/homebrew/Cellar/gstreamer/1.28.1/lib/libgstwebrtc-1.0.dylib /opt/homebrew/Cellar/gstreamer/1.28.1/lib/libgstsdp-1.0.dylib /opt/homebrew/Cellar/gstreamer/1.28.1/lib/libgstpbutils-1.0.dylib /opt/homebrew/Cellar/gstreamer/1.28.1/lib/libgstaudio-1.0.dylib /opt/homebrew/Cellar/gstreamer/1.28.1/lib/libgstvideo-1.0.dylib /opt/homebrew/Cellar/gstreamer/1.28.1/lib/libgstbase-1.0.dylib /opt/homebrew/Cellar/gstreamer/1.28.1/lib/libgstreamer-1.0.dylib /opt/homebrew/Cellar/pango/1.57.0_2/lib/libpangocairo-1.0.dylib /opt/homebrew/Cellar/pango/1.57.0_2/lib/libpango-1.0.dylib /opt/homebrew/Cellar/cairo/1.18.4/lib/libcairo.dylib /opt/homebrew/Cellar/harfbuzz/13.1.1/lib/libharfbuzz.dylib /opt/homebrew/Cellar/glib/2.86.4/lib/libgobject-2.0.dylib /opt/homebrew/Cellar/glib/2.86.4/lib/libglib-2.0.dylib /opt/homebrew/opt/gettext/lib/libintl.dylib /Library/Developer/CommandLineTools/SDKs/MacOSX.sdk/usr/lib/libsqlite3.tbd /opt/homebrew/Cellar/libsodium/1.0.21/lib/libsodium.dylib /opt/homebrew/Cellar/openssl@3/3.6.2/lib/libssl.dylib /opt/homebrew/Cellar/openssl@3/3.6.2/lib/libcrypto.dylib /opt/homebrew/lib/libonnxruntime.dylib -o /private/tmp/media-server-v430-load-n8q73_rj/generation
/private/tmp/media-server-v430-load-n8q73_rj/generation /private/tmp/media-server-v430-load-n8q73_rj/generation-data
[pass] generation-search-refresh
[pass] generation-original-sample-exact-utc
[pass] generation-missing-original-stays-unplaced
[pass] generation-search-journal-unchanged
[pass] V430-R04 reservation preserves source resolution and empty delta
[pass] V430-R04 no search change reuses identical immutable model
[pass] generation-search-refresh
[pass] generation-original-sample-exact-utc
[pass] generation-missing-original-stays-unplaced
[pass] generation-search-journal-unchanged
[pass] generation-reopen-rebuild-preserves-held-model
[pass] V430-R04 reservation preserves source resolution and empty delta
[pass] V430-R04 no search change reuses identical immutable model
[pass] generation-search-refresh
[pass] generation-original-sample-exact-utc
[pass] generation-missing-original-stays-unplaced
[pass] generation-search-journal-unchanged
[pass] generation-reopen-rebuild-preserves-held-model
[pass] V430-R04 reservation preserves source resolution and empty delta
[pass] V430-R04 no search change reuses identical immutable model
[search-generation] pass=20 fail=0
exit=0 seconds=0.4925614169915207
sourceSha256=b84e9163a4ea9ae682e2f68d156b8a51f300780c6ef4565a40bb71cbbd1ccd46
/usr/bin/c++ -std=c++17 -Wall -Wextra -Werror -pthread -DGST_USE_UNSTABLE_API=1 -DMEDIA_SERVER_ENABLE_RECORDING_GENERATION_BACKEND=1 -DMEDIA_SERVER_ENABLE_YOUTUBE_SOURCE=0 -DMEDIA_SERVER_USE_GSTREAMER=1 -DMEDIA_SERVER_USE_LIBSODIUM=1 -DMEDIA_SERVER_USE_ONNXRUNTIME=1 -DMEDIA_SERVER_USE_OPENSSL=1 -DMEDIA_SERVER_USE_PANGOCAIRO=1 -DMEDIA_SERVER_USE_SQLITE3=1 -I/Users/dhseo/Workspace/mediaServer/include -I/opt/homebrew/include/onnxruntime -isystem /opt/homebrew/Cellar/gstreamer/1.28.1/include/gstreamer-1.0 -isystem /opt/homebrew/Cellar/glib/2.86.4/include/gio-unix-2.0 -isystem /opt/homebrew/Cellar/orc/0.4.42/include/orc-0.4 -isystem /opt/homebrew/Cellar/glib/2.86.4/include -isystem /Library/Developer/CommandLineTools/SDKs/MacOSX26.sdk/usr/include/ffi -isystem /opt/homebrew/Cellar/glib/2.86.4/include/glib-2.0 -isystem /opt/homebrew/Cellar/glib/2.86.4/lib/glib-2.0/include -isystem /opt/homebrew/opt/gettext/include -isystem /opt/homebrew/Cellar/pcre2/10.47_1/include -isystem /opt/homebrew/Cellar/pango/1.57.0_2/include/pango-1.0 -isystem /opt/homebrew/Cellar/cairo/1.18.4/include/cairo -isystem /opt/homebrew/Cellar/libxext/1.3.7/include -isystem /opt/homebrew/Cellar/xorgproto/2025.1/include -isystem /opt/homebrew/Cellar/libxrender/0.9.12/include -isystem /opt/homebrew/Cellar/libx11/1.8.13/include -isystem /opt/homebrew/Cellar/libxcb/1.17.0/include -isystem /opt/homebrew/Cellar/libxau/1.0.12/include -isystem /opt/homebrew/Cellar/libxdmcp/1.1.5/include -isystem /opt/homebrew/Cellar/pixman/0.46.4/include/pixman-1 -isystem /opt/homebrew/Cellar/fribidi/1.0.16/include/fribidi -isystem /opt/homebrew/Cellar/libthai/0.1.30/include -isystem /opt/homebrew/Cellar/libdatrie/0.2.14/include -isystem /opt/homebrew/Cellar/fontconfig/2.17.1/include -isystem /opt/homebrew/Cellar/harfbuzz/13.1.1/include/harfbuzz -isystem /opt/homebrew/opt/freetype/include/freetype2 -isystem /opt/homebrew/opt/libpng/include/libpng16 -isystem /opt/homebrew/opt/graphite2/include -isystem /opt/homebrew/Cellar/libsodium/1.0.21/include -isystem /opt/homebrew/Cellar/openssl@3/3.6.2/include /Users/dhseo/Workspace/mediaServer/scripts/internal/recording_search_application_smoke.cpp /Users/dhseo/Workspace/mediaServer/build-gst-onnx/libmedia_server_runtime.a /Library/Developer/CommandLineTools/SDKs/MacOSX.sdk/usr/lib/libz.tbd /opt/homebrew/Cellar/gstreamer/1.28.1/lib/libgstrtspserver-1.0.dylib /opt/homebrew/Cellar/gstreamer/1.28.1/lib/libgstapp-1.0.dylib /opt/homebrew/Cellar/gstreamer/1.28.1/lib/libgstwebrtc-1.0.dylib /opt/homebrew/Cellar/gstreamer/1.28.1/lib/libgstsdp-1.0.dylib /opt/homebrew/Cellar/gstreamer/1.28.1/lib/libgstpbutils-1.0.dylib /opt/homebrew/Cellar/gstreamer/1.28.1/lib/libgstaudio-1.0.dylib /opt/homebrew/Cellar/gstreamer/1.28.1/lib/libgstvideo-1.0.dylib /opt/homebrew/Cellar/gstreamer/1.28.1/lib/libgstbase-1.0.dylib /opt/homebrew/Cellar/gstreamer/1.28.1/lib/libgstreamer-1.0.dylib /opt/homebrew/Cellar/pango/1.57.0_2/lib/libpangocairo-1.0.dylib /opt/homebrew/Cellar/pango/1.57.0_2/lib/libpango-1.0.dylib /opt/homebrew/Cellar/cairo/1.18.4/lib/libcairo.dylib /opt/homebrew/Cellar/harfbuzz/13.1.1/lib/libharfbuzz.dylib /opt/homebrew/Cellar/glib/2.86.4/lib/libgobject-2.0.dylib /opt/homebrew/Cellar/glib/2.86.4/lib/libglib-2.0.dylib /opt/homebrew/opt/gettext/lib/libintl.dylib /Library/Developer/CommandLineTools/SDKs/MacOSX.sdk/usr/lib/libsqlite3.tbd /opt/homebrew/Cellar/libsodium/1.0.21/lib/libsodium.dylib /opt/homebrew/Cellar/openssl@3/3.6.2/lib/libssl.dylib /opt/homebrew/Cellar/openssl@3/3.6.2/lib/libcrypto.dylib /opt/homebrew/lib/libonnxruntime.dylib -o /private/tmp/media-server-v430-load-n8q73_rj/application
/private/tmp/media-server-v430-load-n8q73_rj/application /private/tmp/media-server-v430-load-n8q73_rj/application-data

(gst-plugin-scanner:12496): GLib-GIRepository-WARNING **: 02:32:20.261: Failed to load shared library 'libgobject-2.0.0.dylib' referenced by the typelib: dlopen(libgobject-2.0.0.dylib, 0x0009): tried: 'libgobject-2.0.0.dylib' (no such file), '/System/Volumes/Preboot/Cryptexes/OSlibgobject-2.0.0.dylib' (no such file), '/usr/lib/libgobject-2.0.0.dylib' (no such file, not in dyld cache), 'libgobject-2.0.0.dylib' (no such file)

(gst-plugin-scanner:12496): GLib-GIRepository-WARNING **: 02:32:20.261: Failed to load shared library 'libglib-2.0.0.dylib' referenced by the typelib: dlopen(libglib-2.0.0.dylib, 0x0009): tried: 'libglib-2.0.0.dylib' (no such file), '/System/Volumes/Preboot/Cryptexes/OSlibglib-2.0.0.dylib' (no such file), '/usr/lib/libglib-2.0.0.dylib' (no such file, not in dyld cache), 'libglib-2.0.0.dylib' (no such file)

** (gst-plugin-scanner:12496): CRITICAL **: 02:32:20.262: can't find gi.repository.Gst
objc[12496]: Class ResultReceiver is implemented in both /opt/homebrew/Cellar/gtk+3/3.24.51/lib/libgtk-3.0.dylib (0x10ce49748) and /opt/homebrew/Cellar/gtk4/4.22.1/lib/libgtk-4.1.dylib (0x122066b70). This may cause spurious casting failures and mysterious crashes. One of the duplicates must be removed or renamed.
objc[12496]: Class GtkApplicationQuartzDelegate is implemented in both /opt/homebrew/Cellar/gtk+3/3.24.51/lib/libgtk-3.0.dylib (0x10ce49770) and /opt/homebrew/Cellar/gtk4/4.22.1/lib/libgtk-4.1.dylib (0x122066b98). This may cause spurious casting failures and mysterious crashes. One of the duplicates must be removed or renamed.
objc[12496]: Class GNSMenuItem is implemented in both /opt/homebrew/Cellar/gtk+3/3.24.51/lib/libgtk-3.0.dylib (0x10ce497c0) and /opt/homebrew/Cellar/gtk4/4.22.1/lib/libgtk-4.1.dylib (0x122066c38). This may cause spurious casting failures and mysterious crashes. One of the duplicates must be removed or renamed.
objc[12496]: Class GNSMenu is implemented in both /opt/homebrew/Cellar/gtk+3/3.24.51/lib/libgtk-3.0.dylib (0x10ce497e8) and /opt/homebrew/Cellar/gtk4/4.22.1/lib/libgtk-4.1.dylib (0x122066c60). This may cause spurious casting failures and mysterious crashes. One of the duplicates must be removed or renamed.
objc[12496]: Class FilterComboBox is implemented in both /opt/homebrew/Cellar/gtk+3/3.24.51/lib/libgtk-3.0.dylib (0x10ce49860) and /opt/homebrew/Cellar/gtk4/4.22.1/lib/libgtk-4.1.dylib (0x122066cd8). This may cause spurious casting failures and mysterious crashes. One of the duplicates must be removed or renamed.
objc[12496]: Class gdkCoreCursor is implemented in both /opt/homebrew/Cellar/gtk+3/3.24.51/lib/libgdk-3.0.dylib (0x10c29d258) and /opt/homebrew/Cellar/gtk4/4.22.1/lib/libgtk-4.1.dylib (0x122066d28). This may cause spurious casting failures and mysterious crashes. One of the duplicates must be removed or renamed.
[recording] file evidence unavailable: file evidence profile/bound 오류
[recording] file evidence unavailable: file evidence profile/bound 오류
[recording] file evidence unavailable: file evidence profile/bound 오류
[pass] pages preserve exact unique membership and count
[pass] cursor rejects other principal
[pass] cursor rejects changed scope
[pass] cursor rejects changed query
[pass] empty explicit cursor rejected
[pass] unknown field rejected
[pass] mixed unauthorized channels rejected
[pass] zero page limit rejected
[pass] nonmember hit rejected
[pass] partial event preserves uncovered original results
[pass] preferred event resolves current file presentation target
[pass] missing event file falls back to healthy original
[pass] public result excludes internal paths and storage identity
[search-application] pass=13 fail=0
exit=0 seconds=2.2350413329550065
sourceSha256=0d74e611ef6bd6fc33a75f4a94f2c39ae5d23b0dab5b7c690d74be13d1c434e5
/usr/bin/c++ -std=c++17 -Wall -Wextra -Werror -pthread -DGST_USE_UNSTABLE_API=1 -DMEDIA_SERVER_ENABLE_RECORDING_GENERATION_BACKEND=1 -DMEDIA_SERVER_ENABLE_YOUTUBE_SOURCE=0 -DMEDIA_SERVER_USE_GSTREAMER=1 -DMEDIA_SERVER_USE_LIBSODIUM=1 -DMEDIA_SERVER_USE_ONNXRUNTIME=1 -DMEDIA_SERVER_USE_OPENSSL=1 -DMEDIA_SERVER_USE_PANGOCAIRO=1 -DMEDIA_SERVER_USE_SQLITE3=1 -I/Users/dhseo/Workspace/mediaServer/include -I/opt/homebrew/include/onnxruntime -isystem /opt/homebrew/Cellar/gstreamer/1.28.1/include/gstreamer-1.0 -isystem /opt/homebrew/Cellar/glib/2.86.4/include/gio-unix-2.0 -isystem /opt/homebrew/Cellar/orc/0.4.42/include/orc-0.4 -isystem /opt/homebrew/Cellar/glib/2.86.4/include -isystem /Library/Developer/CommandLineTools/SDKs/MacOSX26.sdk/usr/include/ffi -isystem /opt/homebrew/Cellar/glib/2.86.4/include/glib-2.0 -isystem /opt/homebrew/Cellar/glib/2.86.4/lib/glib-2.0/include -isystem /opt/homebrew/opt/gettext/include -isystem /opt/homebrew/Cellar/pcre2/10.47_1/include -isystem /opt/homebrew/Cellar/pango/1.57.0_2/include/pango-1.0 -isystem /opt/homebrew/Cellar/cairo/1.18.4/include/cairo -isystem /opt/homebrew/Cellar/libxext/1.3.7/include -isystem /opt/homebrew/Cellar/xorgproto/2025.1/include -isystem /opt/homebrew/Cellar/libxrender/0.9.12/include -isystem /opt/homebrew/Cellar/libx11/1.8.13/include -isystem /opt/homebrew/Cellar/libxcb/1.17.0/include -isystem /opt/homebrew/Cellar/libxau/1.0.12/include -isystem /opt/homebrew/Cellar/libxdmcp/1.1.5/include -isystem /opt/homebrew/Cellar/pixman/0.46.4/include/pixman-1 -isystem /opt/homebrew/Cellar/fribidi/1.0.16/include/fribidi -isystem /opt/homebrew/Cellar/libthai/0.1.30/include -isystem /opt/homebrew/Cellar/libdatrie/0.2.14/include -isystem /opt/homebrew/Cellar/fontconfig/2.17.1/include -isystem /opt/homebrew/Cellar/harfbuzz/13.1.1/include/harfbuzz -isystem /opt/homebrew/opt/freetype/include/freetype2 -isystem /opt/homebrew/opt/libpng/include/libpng16 -isystem /opt/homebrew/opt/graphite2/include -isystem /opt/homebrew/Cellar/libsodium/1.0.21/include -isystem /opt/homebrew/Cellar/openssl@3/3.6.2/include /Users/dhseo/Workspace/mediaServer/scripts/internal/recording_search_events_smoke.cpp /Users/dhseo/Workspace/mediaServer/build-gst-onnx/libmedia_server_runtime.a /Library/Developer/CommandLineTools/SDKs/MacOSX.sdk/usr/lib/libz.tbd /opt/homebrew/Cellar/gstreamer/1.28.1/lib/libgstrtspserver-1.0.dylib /opt/homebrew/Cellar/gstreamer/1.28.1/lib/libgstapp-1.0.dylib /opt/homebrew/Cellar/gstreamer/1.28.1/lib/libgstwebrtc-1.0.dylib /opt/homebrew/Cellar/gstreamer/1.28.1/lib/libgstsdp-1.0.dylib /opt/homebrew/Cellar/gstreamer/1.28.1/lib/libgstpbutils-1.0.dylib /opt/homebrew/Cellar/gstreamer/1.28.1/lib/libgstaudio-1.0.dylib /opt/homebrew/Cellar/gstreamer/1.28.1/lib/libgstvideo-1.0.dylib /opt/homebrew/Cellar/gstreamer/1.28.1/lib/libgstbase-1.0.dylib /opt/homebrew/Cellar/gstreamer/1.28.1/lib/libgstreamer-1.0.dylib /opt/homebrew/Cellar/pango/1.57.0_2/lib/libpangocairo-1.0.dylib /opt/homebrew/Cellar/pango/1.57.0_2/lib/libpango-1.0.dylib /opt/homebrew/Cellar/cairo/1.18.4/lib/libcairo.dylib /opt/homebrew/Cellar/harfbuzz/13.1.1/lib/libharfbuzz.dylib /opt/homebrew/Cellar/glib/2.86.4/lib/libgobject-2.0.dylib /opt/homebrew/Cellar/glib/2.86.4/lib/libglib-2.0.dylib /opt/homebrew/opt/gettext/lib/libintl.dylib /Library/Developer/CommandLineTools/SDKs/MacOSX.sdk/usr/lib/libsqlite3.tbd /opt/homebrew/Cellar/libsodium/1.0.21/lib/libsodium.dylib /opt/homebrew/Cellar/openssl@3/3.6.2/lib/libssl.dylib /opt/homebrew/Cellar/openssl@3/3.6.2/lib/libcrypto.dylib /opt/homebrew/lib/libonnxruntime.dylib -o /private/tmp/media-server-v430-load-n8q73_rj/events
/private/tmp/media-server-v430-load-n8q73_rj/events /private/tmp/media-server-v430-load-n8q73_rj/events-data
[pass] typed real event storage facts
[pass] legacy JSON query unchanged
[pass] event source model
[pass] join requires linked id channel track epoch
[pass] stored scenario reaches behaviour filter
[pass] R04 candidate fixture
[pass] R04 query-local enrichment preserves exact result with reduced copy and immutable source
[pass] R04 excluded candidates are ready-empty without carrying full source
[pass] producer track-prefix preserves confirmed event identity
[pass] missing relevant evidence is incomplete, not definitive empty; output unchanged
[pass] known same-event nonmatch ignores unrelated missing references
[pass] another event match cannot fill selected event evidence
[pass] unrelated object missing evidence is irrelevant
[pass] no behaviour needs no event evidence
[pass] unproven linked identity is incomplete
[pass] unproven linked identity is incomplete
[pass] unproven linked identity is incomplete
[pass] unproven linked identity is incomplete
[pass] excluded candidate missing evidence does not fail query
[pass] excluded candidate missing evidence does not fail query
[pass] excluded candidate missing evidence does not fail query
[pass] excluded candidate missing evidence does not fail query
[pass] excluded candidate missing evidence does not fail query
[pass] missing event epoch cannot prove observation epoch
[pass] query-aware evidence read excludes unrelated observations
[pass] new search refreshes events without catalog revision change
[pass] identical event rows deduplicated
[pass] conflicting event identity rejected atomically
[pass] corrupt scan is not successful empty
[pass] partial scan rejected atomically
[pass] empty event store clears facts no inference
[pass] event row cap rejects partial facts
[pass] event byte cap rejects before row cap
[search-events] pass=33 fail=0 error=search-event-evidence-incomplete
exit=0 seconds=2.291595749964472
sourceSha256=6140d3ab29da69d22e17537230eb89e111466a4aee086c1db2f3e191132f9546
/usr/bin/c++ -std=c++17 -Wall -Wextra -Werror -pthread -DGST_USE_UNSTABLE_API=1 -DMEDIA_SERVER_ENABLE_RECORDING_GENERATION_BACKEND=1 -DMEDIA_SERVER_ENABLE_YOUTUBE_SOURCE=0 -DMEDIA_SERVER_USE_GSTREAMER=1 -DMEDIA_SERVER_USE_LIBSODIUM=1 -DMEDIA_SERVER_USE_ONNXRUNTIME=1 -DMEDIA_SERVER_USE_OPENSSL=1 -DMEDIA_SERVER_USE_PANGOCAIRO=1 -DMEDIA_SERVER_USE_SQLITE3=1 -I/Users/dhseo/Workspace/mediaServer/include -I/opt/homebrew/include/onnxruntime -isystem /opt/homebrew/Cellar/gstreamer/1.28.1/include/gstreamer-1.0 -isystem /opt/homebrew/Cellar/glib/2.86.4/include/gio-unix-2.0 -isystem /opt/homebrew/Cellar/orc/0.4.42/include/orc-0.4 -isystem /opt/homebrew/Cellar/glib/2.86.4/include -isystem /Library/Developer/CommandLineTools/SDKs/MacOSX26.sdk/usr/include/ffi -isystem /opt/homebrew/Cellar/glib/2.86.4/include/glib-2.0 -isystem /opt/homebrew/Cellar/glib/2.86.4/lib/glib-2.0/include -isystem /opt/homebrew/opt/gettext/include -isystem /opt/homebrew/Cellar/pcre2/10.47_1/include -isystem /opt/homebrew/Cellar/pango/1.57.0_2/include/pango-1.0 -isystem /opt/homebrew/Cellar/cairo/1.18.4/include/cairo -isystem /opt/homebrew/Cellar/libxext/1.3.7/include -isystem /opt/homebrew/Cellar/xorgproto/2025.1/include -isystem /opt/homebrew/Cellar/libxrender/0.9.12/include -isystem /opt/homebrew/Cellar/libx11/1.8.13/include -isystem /opt/homebrew/Cellar/libxcb/1.17.0/include -isystem /opt/homebrew/Cellar/libxau/1.0.12/include -isystem /opt/homebrew/Cellar/libxdmcp/1.1.5/include -isystem /opt/homebrew/Cellar/pixman/0.46.4/include/pixman-1 -isystem /opt/homebrew/Cellar/fribidi/1.0.16/include/fribidi -isystem /opt/homebrew/Cellar/libthai/0.1.30/include -isystem /opt/homebrew/Cellar/libdatrie/0.2.14/include -isystem /opt/homebrew/Cellar/fontconfig/2.17.1/include -isystem /opt/homebrew/Cellar/harfbuzz/13.1.1/include/harfbuzz -isystem /opt/homebrew/opt/freetype/include/freetype2 -isystem /opt/homebrew/opt/libpng/include/libpng16 -isystem /opt/homebrew/opt/graphite2/include -isystem /opt/homebrew/Cellar/libsodium/1.0.21/include -isystem /opt/homebrew/Cellar/openssl@3/3.6.2/include /Users/dhseo/Workspace/mediaServer/scripts/internal/recording_search_cost_smoke.cpp /Users/dhseo/Workspace/mediaServer/build-gst-onnx/libmedia_server_runtime.a /Library/Developer/CommandLineTools/SDKs/MacOSX.sdk/usr/lib/libz.tbd /opt/homebrew/Cellar/gstreamer/1.28.1/lib/libgstrtspserver-1.0.dylib /opt/homebrew/Cellar/gstreamer/1.28.1/lib/libgstapp-1.0.dylib /opt/homebrew/Cellar/gstreamer/1.28.1/lib/libgstwebrtc-1.0.dylib /opt/homebrew/Cellar/gstreamer/1.28.1/lib/libgstsdp-1.0.dylib /opt/homebrew/Cellar/gstreamer/1.28.1/lib/libgstpbutils-1.0.dylib /opt/homebrew/Cellar/gstreamer/1.28.1/lib/libgstaudio-1.0.dylib /opt/homebrew/Cellar/gstreamer/1.28.1/lib/libgstvideo-1.0.dylib /opt/homebrew/Cellar/gstreamer/1.28.1/lib/libgstbase-1.0.dylib /opt/homebrew/Cellar/gstreamer/1.28.1/lib/libgstreamer-1.0.dylib /opt/homebrew/Cellar/pango/1.57.0_2/lib/libpangocairo-1.0.dylib /opt/homebrew/Cellar/pango/1.57.0_2/lib/libpango-1.0.dylib /opt/homebrew/Cellar/cairo/1.18.4/lib/libcairo.dylib /opt/homebrew/Cellar/harfbuzz/13.1.1/lib/libharfbuzz.dylib /opt/homebrew/Cellar/glib/2.86.4/lib/libgobject-2.0.dylib /opt/homebrew/Cellar/glib/2.86.4/lib/libglib-2.0.dylib /opt/homebrew/opt/gettext/lib/libintl.dylib /Library/Developer/CommandLineTools/SDKs/MacOSX.sdk/usr/lib/libsqlite3.tbd /opt/homebrew/Cellar/libsodium/1.0.21/lib/libsodium.dylib /opt/homebrew/Cellar/openssl@3/3.6.2/lib/libssl.dylib /opt/homebrew/Cellar/openssl@3/3.6.2/lib/libcrypto.dylib /opt/homebrew/lib/libonnxruntime.dylib -o /private/tmp/media-server-v430-load-n8q73_rj/cost
/private/tmp/media-server-v430-load-n8q73_rj/cost /private/tmp/media-server-v430-load-n8q73_rj/cost-data
[recording] file evidence unavailable: file evidence profile/bound 오류
[recording] file evidence unavailable: file evidence profile/bound 오류
[recording] file evidence unavailable: file evidence profile/bound 오류
[cost-filter] object=person limit=1 behaviour=scenario:Arrival
[cost-prep] observations=1 ms=173.304 actualMp4Files=5 eventFacts=1 variedSamples=0
[cost] observations=1 phase=first ms=44.8118 expectedTotal=1 returned=1 expectedId=or:6:cost-0 actualId=or:6:cost-0 equality=true
[cost] observations=1 phase=unchanged ms=35.2553 expectedTotal=1 returned=1 expectedId=or:6:cost-0 actualId=or:6:cost-0 equality=true
[cost] observations=1 phase=cursor not-applicable=single-hit
[cost-oracle] allObservationLocations=1 equality=true
[cost-source] phase=unchanged rebuild=0 upserts=0 modelRows=6 logicalBytes=24070 playbackCandidates=2 queryCandidates=1
[cost-source] phase=append rebuild=0 upserts=1 modelRows=6 logicalBytes=24070 playbackCandidates=2 queryCandidates=2
[cost] observations=1 phase=append ms=45.378 expectedTotal=2 returned=1 expectedId=or:6:cost-0 actualId=or:6:cost-0 equality=true
[cost-source] phase=finalize rebuild=1 upserts=8 modelRows=6 logicalBytes=24070 playbackCandidates=2 queryCandidates=2
[cost] observations=1 phase=finalize ms=44.8094 expectedTotal=2 returned=1 expectedId=or:6:cost-0 actualId=or:6:cost-0 equality=true
[recording] file evidence unavailable: file evidence profile/bound 오류
[recording] file evidence unavailable: file evidence profile/bound 오류
[recording] file evidence unavailable: file evidence profile/bound 오류
[cost-filter] object=person limit=1 behaviour=scenario:Arrival
[cost-prep] observations=1000 ms=1296.12 actualMp4Files=5 eventFacts=1 variedSamples=0
[cost] observations=1000 phase=first ms=68.8125 expectedTotal=10 returned=1 expectedId=or:6:cost-0 actualId=or:6:cost-0 equality=true
[cost] observations=1000 phase=unchanged ms=35.5352 expectedTotal=10 returned=1 expectedId=or:6:cost-0 actualId=or:6:cost-0 equality=true
[cost] observations=1000 phase=cursor ms=22.9266 expectedTotal=10 returned=1 expectedId=or:8:cost-100 actualId=or:8:cost-100 equality=true
[cost-oracle] allObservationLocations=1000 equality=true
[cost-source] phase=unchanged rebuild=0 upserts=0 modelRows=1005 logicalBytes=3390910 playbackCandidates=2 queryCandidates=10
[cost-source] phase=append rebuild=0 upserts=1 modelRows=1005 logicalBytes=3390910 playbackCandidates=2 queryCandidates=11
[cost] observations=1000 phase=append ms=49.0584 expectedTotal=11 returned=1 expectedId=or:11:cost-100000 actualId=or:11:cost-100000 equality=true
[cost-source] phase=finalize rebuild=1 upserts=1007 modelRows=1005 logicalBytes=3390910 playbackCandidates=2 queryCandidates=11
[cost] observations=1000 phase=finalize ms=68.069 expectedTotal=11 returned=1 expectedId=or:11:cost-100000 actualId=or:11:cost-100000 equality=true
[recording] file evidence unavailable: file evidence profile/bound 오류
[recording] file evidence unavailable: file evidence profile/bound 오류
[recording] file evidence unavailable: file evidence profile/bound 오류
[cost-filter] object=person limit=1 behaviour=scenario:Arrival
[cost-prep] observations=10000 ms=11931.3 actualMp4Files=5 eventFacts=1 variedSamples=0
[cost] observations=10000 phase=first ms=310.481 expectedTotal=100 returned=1 expectedId=or:6:cost-0 actualId=or:6:cost-0 equality=true
[cost] observations=10000 phase=unchanged ms=38.3033 expectedTotal=100 returned=1 expectedId=or:6:cost-0 actualId=or:6:cost-0 equality=true
[cost] observations=10000 phase=cursor ms=22.9047 expectedTotal=100 returned=1 expectedId=or:8:cost-100 actualId=or:8:cost-100 equality=true
[cost-oracle] allObservationLocations=10000 equality=true
[cost-source] phase=unchanged rebuild=0 upserts=0 modelRows=10005 logicalBytes=37446910 playbackCandidates=2 queryCandidates=100
[cost-source] phase=append rebuild=0 upserts=1 modelRows=10005 logicalBytes=37446910 playbackCandidates=2 queryCandidates=101
[cost] observations=10000 phase=append ms=89.4622 expectedTotal=101 returned=1 expectedId=or:12:cost-1000000 actualId=or:12:cost-1000000 equality=true
[cost-source] phase=finalize rebuild=1 upserts=10007 modelRows=10005 logicalBytes=37446910 playbackCandidates=2 queryCandidates=101
[cost] observations=10000 phase=finalize ms=312.026 expectedTotal=101 returned=1 expectedId=or:12:cost-1000000 actualId=or:12:cost-1000000 equality=true
[search-cost] pass
exit=0 seconds=18.61483979196055
cleanup removed=True
