sourceHEAD=3a8b89354331d10c155df788a4a42b4414a5d524
runtimeSha256=75e5c2f83e9f8c005918d508ce8e75d50e49733102710bb091ac70ae3fed29b1
fixture=events sourceSha256=0d74e611ef6bd6fc33a75f4a94f2c39ae5d23b0dab5b7c690d74be13d1c434e5
/usr/bin/c++ -std=c++17 -Wall -Wextra -Werror -pthread -DGST_USE_UNSTABLE_API=1 -DMEDIA_SERVER_ENABLE_RECORDING_GENERATION_BACKEND=1 -DMEDIA_SERVER_ENABLE_YOUTUBE_SOURCE=0 -DMEDIA_SERVER_USE_GSTREAMER=1 -DMEDIA_SERVER_USE_LIBSODIUM=1 -DMEDIA_SERVER_USE_ONNXRUNTIME=1 -DMEDIA_SERVER_USE_OPENSSL=1 -DMEDIA_SERVER_USE_PANGOCAIRO=1 -DMEDIA_SERVER_USE_SQLITE3=1 -I/Users/dhseo/Workspace/mediaServer/include -I/opt/homebrew/include/onnxruntime -isystem /opt/homebrew/Cellar/gstreamer/1.28.1/include/gstreamer-1.0 -isystem /opt/homebrew/Cellar/glib/2.86.4/include/gio-unix-2.0 -isystem /opt/homebrew/Cellar/orc/0.4.42/include/orc-0.4 -isystem /opt/homebrew/Cellar/glib/2.86.4/include -isystem /Library/Developer/CommandLineTools/SDKs/MacOSX26.sdk/usr/include/ffi -isystem /opt/homebrew/Cellar/glib/2.86.4/include/glib-2.0 -isystem /opt/homebrew/Cellar/glib/2.86.4/lib/glib-2.0/include -isystem /opt/homebrew/opt/gettext/include -isystem /opt/homebrew/Cellar/pcre2/10.47_1/include -isystem /opt/homebrew/Cellar/pango/1.57.0_2/include/pango-1.0 -isystem /opt/homebrew/Cellar/cairo/1.18.4/include/cairo -isystem /opt/homebrew/Cellar/libxext/1.3.7/include -isystem /opt/homebrew/Cellar/xorgproto/2025.1/include -isystem /opt/homebrew/Cellar/libxrender/0.9.12/include -isystem /opt/homebrew/Cellar/libx11/1.8.13/include -isystem /opt/homebrew/Cellar/libxcb/1.17.0/include -isystem /opt/homebrew/Cellar/libxau/1.0.12/include -isystem /opt/homebrew/Cellar/libxdmcp/1.1.5/include -isystem /opt/homebrew/Cellar/pixman/0.46.4/include/pixman-1 -isystem /opt/homebrew/Cellar/fribidi/1.0.16/include/fribidi -isystem /opt/homebrew/Cellar/libthai/0.1.30/include -isystem /opt/homebrew/Cellar/libdatrie/0.2.14/include -isystem /opt/homebrew/Cellar/fontconfig/2.17.1/include -isystem /opt/homebrew/Cellar/harfbuzz/13.1.1/include/harfbuzz -isystem /opt/homebrew/opt/freetype/include/freetype2 -isystem /opt/homebrew/opt/libpng/include/libpng16 -isystem /opt/homebrew/opt/graphite2/include -isystem /opt/homebrew/Cellar/libsodium/1.0.21/include -isystem /opt/homebrew/Cellar/openssl@3/3.6.2/include /Users/dhseo/Workspace/mediaServer/scripts/internal/recording_search_events_smoke.cpp /Users/dhseo/Workspace/mediaServer/build-gst-onnx/libmedia_server_runtime.a /Library/Developer/CommandLineTools/SDKs/MacOSX.sdk/usr/lib/libz.tbd /opt/homebrew/Cellar/gstreamer/1.28.1/lib/libgstrtspserver-1.0.dylib /opt/homebrew/Cellar/gstreamer/1.28.1/lib/libgstapp-1.0.dylib /opt/homebrew/Cellar/gstreamer/1.28.1/lib/libgstwebrtc-1.0.dylib /opt/homebrew/Cellar/gstreamer/1.28.1/lib/libgstsdp-1.0.dylib /opt/homebrew/Cellar/gstreamer/1.28.1/lib/libgstpbutils-1.0.dylib /opt/homebrew/Cellar/gstreamer/1.28.1/lib/libgstaudio-1.0.dylib /opt/homebrew/Cellar/gstreamer/1.28.1/lib/libgstvideo-1.0.dylib /opt/homebrew/Cellar/gstreamer/1.28.1/lib/libgstbase-1.0.dylib /opt/homebrew/Cellar/gstreamer/1.28.1/lib/libgstreamer-1.0.dylib /opt/homebrew/Cellar/pango/1.57.0_2/lib/libpangocairo-1.0.dylib /opt/homebrew/Cellar/pango/1.57.0_2/lib/libpango-1.0.dylib /opt/homebrew/Cellar/cairo/1.18.4/lib/libcairo.dylib /opt/homebrew/Cellar/harfbuzz/13.1.1/lib/libharfbuzz.dylib /opt/homebrew/Cellar/glib/2.86.4/lib/libgobject-2.0.dylib /opt/homebrew/Cellar/glib/2.86.4/lib/libglib-2.0.dylib /opt/homebrew/opt/gettext/lib/libintl.dylib /Library/Developer/CommandLineTools/SDKs/MacOSX.sdk/usr/lib/libsqlite3.tbd /opt/homebrew/Cellar/libsodium/1.0.21/lib/libsodium.dylib /opt/homebrew/Cellar/openssl@3/3.6.2/lib/libssl.dylib /opt/homebrew/Cellar/openssl@3/3.6.2/lib/libcrypto.dylib /opt/homebrew/lib/libonnxruntime.dylib -o /private/tmp/media-server-v430-search-07c9jhcn/events
[pass] typed real event storage facts
[pass] legacy JSON query unchanged
[pass] event source model
[pass] join requires linked id channel track epoch
[pass] stored scenario reaches behaviour filter
[pass] R04 candidate fixture
[pass] R04 query-local enrichment preserves exact result with reduced copy and immutable source
[pass] R04 excluded candidates are ready-empty without carrying full source
[pass] producer track-prefix preserves confirmed event identity
[pass] missing relevant evidence is incomplete, not definitive empty; output unchanged
[pass] known same-event nonmatch ignores unrelated missing references
[pass] another event match cannot fill selected event evidence
[pass] unrelated object missing evidence is irrelevant
[pass] no behaviour needs no event evidence
[pass] unproven linked identity is incomplete
[pass] unproven linked identity is incomplete
[pass] unproven linked identity is incomplete
[pass] unproven linked identity is incomplete
[pass] excluded candidate missing evidence does not fail query
[pass] excluded candidate missing evidence does not fail query
[pass] excluded candidate missing evidence does not fail query
[pass] excluded candidate missing evidence does not fail query
[pass] excluded candidate missing evidence does not fail query
[pass] missing event epoch cannot prove observation epoch
[pass] query-aware evidence read excludes unrelated observations
[pass] new search refreshes events without catalog revision change
[pass] identical event rows deduplicated
[pass] conflicting event identity rejected atomically
[pass] corrupt scan is not successful empty
[pass] partial scan rejected atomically
[pass] empty event store clears facts no inference
[pass] event row cap rejects partial facts
[pass] event byte cap rejects before row cap
[search-events] pass=33 fail=0 error=search-event-evidence-incomplete
exit=0 seconds=2.3974500000476837
fixture=application sourceSha256=b84e9163a4ea9ae682e2f68d156b8a51f300780c6ef4565a40bb71cbbd1ccd46
/usr/bin/c++ -std=c++17 -Wall -Wextra -Werror -pthread -DGST_USE_UNSTABLE_API=1 -DMEDIA_SERVER_ENABLE_RECORDING_GENERATION_BACKEND=1 -DMEDIA_SERVER_ENABLE_YOUTUBE_SOURCE=0 -DMEDIA_SERVER_USE_GSTREAMER=1 -DMEDIA_SERVER_USE_LIBSODIUM=1 -DMEDIA_SERVER_USE_ONNXRUNTIME=1 -DMEDIA_SERVER_USE_OPENSSL=1 -DMEDIA_SERVER_USE_PANGOCAIRO=1 -DMEDIA_SERVER_USE_SQLITE3=1 -I/Users/dhseo/Workspace/mediaServer/include -I/opt/homebrew/include/onnxruntime -isystem /opt/homebrew/Cellar/gstreamer/1.28.1/include/gstreamer-1.0 -isystem /opt/homebrew/Cellar/glib/2.86.4/include/gio-unix-2.0 -isystem /opt/homebrew/Cellar/orc/0.4.42/include/orc-0.4 -isystem /opt/homebrew/Cellar/glib/2.86.4/include -isystem /Library/Developer/CommandLineTools/SDKs/MacOSX26.sdk/usr/include/ffi -isystem /opt/homebrew/Cellar/glib/2.86.4/include/glib-2.0 -isystem /opt/homebrew/Cellar/glib/2.86.4/lib/glib-2.0/include -isystem /opt/homebrew/opt/gettext/include -isystem /opt/homebrew/Cellar/pcre2/10.47_1/include -isystem /opt/homebrew/Cellar/pango/1.57.0_2/include/pango-1.0 -isystem /opt/homebrew/Cellar/cairo/1.18.4/include/cairo -isystem /opt/homebrew/Cellar/libxext/1.3.7/include -isystem /opt/homebrew/Cellar/xorgproto/2025.1/include -isystem /opt/homebrew/Cellar/libxrender/0.9.12/include -isystem /opt/homebrew/Cellar/libx11/1.8.13/include -isystem /opt/homebrew/Cellar/libxcb/1.17.0/include -isystem /opt/homebrew/Cellar/libxau/1.0.12/include -isystem /opt/homebrew/Cellar/libxdmcp/1.1.5/include -isystem /opt/homebrew/Cellar/pixman/0.46.4/include/pixman-1 -isystem /opt/homebrew/Cellar/fribidi/1.0.16/include/fribidi -isystem /opt/homebrew/Cellar/libthai/0.1.30/include -isystem /opt/homebrew/Cellar/libdatrie/0.2.14/include -isystem /opt/homebrew/Cellar/fontconfig/2.17.1/include -isystem /opt/homebrew/Cellar/harfbuzz/13.1.1/include/harfbuzz -isystem /opt/homebrew/opt/freetype/include/freetype2 -isystem /opt/homebrew/opt/libpng/include/libpng16 -isystem /opt/homebrew/opt/graphite2/include -isystem /opt/homebrew/Cellar/libsodium/1.0.21/include -isystem /opt/homebrew/Cellar/openssl@3/3.6.2/include /Users/dhseo/Workspace/mediaServer/scripts/internal/recording_search_application_smoke.cpp /Users/dhseo/Workspace/mediaServer/build-gst-onnx/libmedia_server_runtime.a /Library/Developer/CommandLineTools/SDKs/MacOSX.sdk/usr/lib/libz.tbd /opt/homebrew/Cellar/gstreamer/1.28.1/lib/libgstrtspserver-1.0.dylib /opt/homebrew/Cellar/gstreamer/1.28.1/lib/libgstapp-1.0.dylib /opt/homebrew/Cellar/gstreamer/1.28.1/lib/libgstwebrtc-1.0.dylib /opt/homebrew/Cellar/gstreamer/1.28.1/lib/libgstsdp-1.0.dylib /opt/homebrew/Cellar/gstreamer/1.28.1/lib/libgstpbutils-1.0.dylib /opt/homebrew/Cellar/gstreamer/1.28.1/lib/libgstaudio-1.0.dylib /opt/homebrew/Cellar/gstreamer/1.28.1/lib/libgstvideo-1.0.dylib /opt/homebrew/Cellar/gstreamer/1.28.1/lib/libgstbase-1.0.dylib /opt/homebrew/Cellar/gstreamer/1.28.1/lib/libgstreamer-1.0.dylib /opt/homebrew/Cellar/pango/1.57.0_2/lib/libpangocairo-1.0.dylib /opt/homebrew/Cellar/pango/1.57.0_2/lib/libpango-1.0.dylib /opt/homebrew/Cellar/cairo/1.18.4/lib/libcairo.dylib /opt/homebrew/Cellar/harfbuzz/13.1.1/lib/libharfbuzz.dylib /opt/homebrew/Cellar/glib/2.86.4/lib/libgobject-2.0.dylib /opt/homebrew/Cellar/glib/2.86.4/lib/libglib-2.0.dylib /opt/homebrew/opt/gettext/lib/libintl.dylib /Library/Developer/CommandLineTools/SDKs/MacOSX.sdk/usr/lib/libsqlite3.tbd /opt/homebrew/Cellar/libsodium/1.0.21/lib/libsodium.dylib /opt/homebrew/Cellar/openssl@3/3.6.2/lib/libssl.dylib /opt/homebrew/Cellar/openssl@3/3.6.2/lib/libcrypto.dylib /opt/homebrew/lib/libonnxruntime.dylib -o /private/tmp/media-server-v430-search-07c9jhcn/application

(gst-plugin-scanner:10781): GLib-GIRepository-WARNING **: 02:08:46.190: Failed to load shared library 'libgobject-2.0.0.dylib' referenced by the typelib: dlopen(libgobject-2.0.0.dylib, 0x0009): tried: 'libgobject-2.0.0.dylib' (no such file), '/System/Volumes/Preboot/Cryptexes/OSlibgobject-2.0.0.dylib' (no such file), '/usr/lib/libgobject-2.0.0.dylib' (no such file, not in dyld cache), 'libgobject-2.0.0.dylib' (no such file)

(gst-plugin-scanner:10781): GLib-GIRepository-WARNING **: 02:08:46.191: Failed to load shared library 'libglib-2.0.0.dylib' referenced by the typelib: dlopen(libglib-2.0.0.dylib, 0x0009): tried: 'libglib-2.0.0.dylib' (no such file), '/System/Volumes/Preboot/Cryptexes/OSlibglib-2.0.0.dylib' (no such file), '/usr/lib/libglib-2.0.0.dylib' (no such file, not in dyld cache), 'libglib-2.0.0.dylib' (no such file)

** (gst-plugin-scanner:10781): CRITICAL **: 02:08:46.192: can't find gi.repository.Gst
objc[10781]: Class ResultReceiver is implemented in both /opt/homebrew/Cellar/gtk+3/3.24.51/lib/libgtk-3.0.dylib (0x10cda9748) and /opt/homebrew/Cellar/gtk4/4.22.1/lib/libgtk-4.1.dylib (0x121ffeb70). This may cause spurious casting failures and mysterious crashes. One of the duplicates must be removed or renamed.
objc[10781]: Class GtkApplicationQuartzDelegate is implemented in both /opt/homebrew/Cellar/gtk+3/3.24.51/lib/libgtk-3.0.dylib (0x10cda9770) and /opt/homebrew/Cellar/gtk4/4.22.1/lib/libgtk-4.1.dylib (0x121ffeb98). This may cause spurious casting failures and mysterious crashes. One of the duplicates must be removed or renamed.
objc[10781]: Class GNSMenuItem is implemented in both /opt/homebrew/Cellar/gtk+3/3.24.51/lib/libgtk-3.0.dylib (0x10cda97c0) and /opt/homebrew/Cellar/gtk4/4.22.1/lib/libgtk-4.1.dylib (0x121ffec38). This may cause spurious casting failures and mysterious crashes. One of the duplicates must be removed or renamed.
objc[10781]: Class GNSMenu is implemented in both /opt/homebrew/Cellar/gtk+3/3.24.51/lib/libgtk-3.0.dylib (0x10cda97e8) and /opt/homebrew/Cellar/gtk4/4.22.1/lib/libgtk-4.1.dylib (0x121ffec60). This may cause spurious casting failures and mysterious crashes. One of the duplicates must be removed or renamed.
objc[10781]: Class FilterComboBox is implemented in both /opt/homebrew/Cellar/gtk+3/3.24.51/lib/libgtk-3.0.dylib (0x10cda9860) and /opt/homebrew/Cellar/gtk4/4.22.1/lib/libgtk-4.1.dylib (0x121ffecd8). This may cause spurious casting failures and mysterious crashes. One of the duplicates must be removed or renamed.
objc[10781]: Class gdkCoreCursor is implemented in both /opt/homebrew/Cellar/gtk+3/3.24.51/lib/libgdk-3.0.dylib (0x10c1fd258) and /opt/homebrew/Cellar/gtk4/4.22.1/lib/libgtk-4.1.dylib (0x121ffed28). This may cause spurious casting failures and mysterious crashes. One of the duplicates must be removed or renamed.
[recording] file evidence unavailable: file evidence profile/bound 오류
[recording] file evidence unavailable: file evidence profile/bound 오류
[recording] file evidence unavailable: file evidence profile/bound 오류
[pass] pages preserve exact unique membership and count
[pass] cursor rejects other principal
[pass] cursor rejects changed scope
[pass] cursor rejects changed query
[pass] empty explicit cursor rejected
[pass] unknown field rejected
[pass] mixed unauthorized channels rejected
[pass] zero page limit rejected
[pass] nonmember hit rejected
[pass] partial event preserves uncovered original results
[pass] preferred event resolves current file presentation target
[pass] missing event file falls back to healthy original
[pass] public result excludes internal paths and storage identity
[search-application] pass=13 fail=0
exit=0 seconds=2.26491512497887
fixture=concurrent sourceSha256=8aefeee29959ef5b083332d1269d3f1897f089345cd63194e3d464fb88ae876b
/usr/bin/c++ -std=c++17 -Wall -Wextra -Werror -pthread -DGST_USE_UNSTABLE_API=1 -DMEDIA_SERVER_ENABLE_RECORDING_GENERATION_BACKEND=1 -DMEDIA_SERVER_ENABLE_YOUTUBE_SOURCE=0 -DMEDIA_SERVER_USE_GSTREAMER=1 -DMEDIA_SERVER_USE_LIBSODIUM=1 -DMEDIA_SERVER_USE_ONNXRUNTIME=1 -DMEDIA_SERVER_USE_OPENSSL=1 -DMEDIA_SERVER_USE_PANGOCAIRO=1 -DMEDIA_SERVER_USE_SQLITE3=1 -I/Users/dhseo/Workspace/mediaServer/include -I/opt/homebrew/include/onnxruntime -isystem /opt/homebrew/Cellar/gstreamer/1.28.1/include/gstreamer-1.0 -isystem /opt/homebrew/Cellar/glib/2.86.4/include/gio-unix-2.0 -isystem /opt/homebrew/Cellar/orc/0.4.42/include/orc-0.4 -isystem /opt/homebrew/Cellar/glib/2.86.4/include -isystem /Library/Developer/CommandLineTools/SDKs/MacOSX26.sdk/usr/include/ffi -isystem /opt/homebrew/Cellar/glib/2.86.4/include/glib-2.0 -isystem /opt/homebrew/Cellar/glib/2.86.4/lib/glib-2.0/include -isystem /opt/homebrew/opt/gettext/include -isystem /opt/homebrew/Cellar/pcre2/10.47_1/include -isystem /opt/homebrew/Cellar/pango/1.57.0_2/include/pango-1.0 -isystem /opt/homebrew/Cellar/cairo/1.18.4/include/cairo -isystem /opt/homebrew/Cellar/libxext/1.3.7/include -isystem /opt/homebrew/Cellar/xorgproto/2025.1/include -isystem /opt/homebrew/Cellar/libxrender/0.9.12/include -isystem /opt/homebrew/Cellar/libx11/1.8.13/include -isystem /opt/homebrew/Cellar/libxcb/1.17.0/include -isystem /opt/homebrew/Cellar/libxau/1.0.12/include -isystem /opt/homebrew/Cellar/libxdmcp/1.1.5/include -isystem /opt/homebrew/Cellar/pixman/0.46.4/include/pixman-1 -isystem /opt/homebrew/Cellar/fribidi/1.0.16/include/fribidi -isystem /opt/homebrew/Cellar/libthai/0.1.30/include -isystem /opt/homebrew/Cellar/libdatrie/0.2.14/include -isystem /opt/homebrew/Cellar/fontconfig/2.17.1/include -isystem /opt/homebrew/Cellar/harfbuzz/13.1.1/include/harfbuzz -isystem /opt/homebrew/opt/freetype/include/freetype2 -isystem /opt/homebrew/opt/libpng/include/libpng16 -isystem /opt/homebrew/opt/graphite2/include -isystem /opt/homebrew/Cellar/libsodium/1.0.21/include -isystem /opt/homebrew/Cellar/openssl@3/3.6.2/include /Users/dhseo/Workspace/mediaServer/scripts/internal/recording_search_concurrent_smoke.cpp /Users/dhseo/Workspace/mediaServer/build-gst-onnx/libmedia_server_runtime.a /Library/Developer/CommandLineTools/SDKs/MacOSX.sdk/usr/lib/libz.tbd /opt/homebrew/Cellar/gstreamer/1.28.1/lib/libgstrtspserver-1.0.dylib /opt/homebrew/Cellar/gstreamer/1.28.1/lib/libgstapp-1.0.dylib /opt/homebrew/Cellar/gstreamer/1.28.1/lib/libgstwebrtc-1.0.dylib /opt/homebrew/Cellar/gstreamer/1.28.1/lib/libgstsdp-1.0.dylib /opt/homebrew/Cellar/gstreamer/1.28.1/lib/libgstpbutils-1.0.dylib /opt/homebrew/Cellar/gstreamer/1.28.1/lib/libgstaudio-1.0.dylib /opt/homebrew/Cellar/gstreamer/1.28.1/lib/libgstvideo-1.0.dylib /opt/homebrew/Cellar/gstreamer/1.28.1/lib/libgstbase-1.0.dylib /opt/homebrew/Cellar/gstreamer/1.28.1/lib/libgstreamer-1.0.dylib /opt/homebrew/Cellar/pango/1.57.0_2/lib/libpangocairo-1.0.dylib /opt/homebrew/Cellar/pango/1.57.0_2/lib/libpango-1.0.dylib /opt/homebrew/Cellar/cairo/1.18.4/lib/libcairo.dylib /opt/homebrew/Cellar/harfbuzz/13.1.1/lib/libharfbuzz.dylib /opt/homebrew/Cellar/glib/2.86.4/lib/libgobject-2.0.dylib /opt/homebrew/Cellar/glib/2.86.4/lib/libglib-2.0.dylib /opt/homebrew/opt/gettext/lib/libintl.dylib /Library/Developer/CommandLineTools/SDKs/MacOSX.sdk/usr/lib/libsqlite3.tbd /opt/homebrew/Cellar/libsodium/1.0.21/lib/libsodium.dylib /opt/homebrew/Cellar/openssl@3/3.6.2/lib/libssl.dylib /opt/homebrew/Cellar/openssl@3/3.6.2/lib/libcrypto.dylib /opt/homebrew/lib/libonnxruntime.dylib -o /private/tmp/media-server-v430-search-07c9jhcn/concurrent
[pass] R04 source warmup before four-client measurement
[client] index=1 requests=41 ready=41 unavailable=0
[client] index=2 requests=41 ready=40 unavailable=1
[client] index=3 requests=42 ready=42 unavailable=0
[pass] R04 all four clients finish and observe ready results under existing application serialization
[pass] R04 p95 <= 2s and every response <= 5s; transient failures included in latency but not success
[pass] writer packet advances inside measured search interval
[pass] recording packets advance while search requests execute
[pass] post-finalize search exposes three actual source seconds
[pass] writer finalizes all three GOP segments
[pass] all finalized files remain healthy after concurrent reads
[concurrent] clients=4 measured=165 p95Ms=144.702 allMaxMs=160.214 searches=41 ready=40 transientUnavailable=1 observations=10000 maxSearchMs=154.363 progressingSearches=13 packets=90
[search-concurrent] pass=8 fail=0
exit=0 seconds=10.784966792038176
fixture=cost sourceSha256=6140d3ab29da69d22e17537230eb89e111466a4aee086c1db2f3e191132f9546
/usr/bin/c++ -std=c++17 -Wall -Wextra -Werror -pthread -DGST_USE_UNSTABLE_API=1 -DMEDIA_SERVER_ENABLE_RECORDING_GENERATION_BACKEND=1 -DMEDIA_SERVER_ENABLE_YOUTUBE_SOURCE=0 -DMEDIA_SERVER_USE_GSTREAMER=1 -DMEDIA_SERVER_USE_LIBSODIUM=1 -DMEDIA_SERVER_USE_ONNXRUNTIME=1 -DMEDIA_SERVER_USE_OPENSSL=1 -DMEDIA_SERVER_USE_PANGOCAIRO=1 -DMEDIA_SERVER_USE_SQLITE3=1 -I/Users/dhseo/Workspace/mediaServer/include -I/opt/homebrew/include/onnxruntime -isystem /opt/homebrew/Cellar/gstreamer/1.28.1/include/gstreamer-1.0 -isystem /opt/homebrew/Cellar/glib/2.86.4/include/gio-unix-2.0 -isystem /opt/homebrew/Cellar/orc/0.4.42/include/orc-0.4 -isystem /opt/homebrew/Cellar/glib/2.86.4/include -isystem /Library/Developer/CommandLineTools/SDKs/MacOSX26.sdk/usr/include/ffi -isystem /opt/homebrew/Cellar/glib/2.86.4/include/glib-2.0 -isystem /opt/homebrew/Cellar/glib/2.86.4/lib/glib-2.0/include -isystem /opt/homebrew/opt/gettext/include -isystem /opt/homebrew/Cellar/pcre2/10.47_1/include -isystem /opt/homebrew/Cellar/pango/1.57.0_2/include/pango-1.0 -isystem /opt/homebrew/Cellar/cairo/1.18.4/include/cairo -isystem /opt/homebrew/Cellar/libxext/1.3.7/include -isystem /opt/homebrew/Cellar/xorgproto/2025.1/include -isystem /opt/homebrew/Cellar/libxrender/0.9.12/include -isystem /opt/homebrew/Cellar/libx11/1.8.13/include -isystem /opt/homebrew/Cellar/libxcb/1.17.0/include -isystem /opt/homebrew/Cellar/libxau/1.0.12/include -isystem /opt/homebrew/Cellar/libxdmcp/1.1.5/include -isystem /opt/homebrew/Cellar/pixman/0.46.4/include/pixman-1 -isystem /opt/homebrew/Cellar/fribidi/1.0.16/include/fribidi -isystem /opt/homebrew/Cellar/libthai/0.1.30/include -isystem /opt/homebrew/Cellar/libdatrie/0.2.14/include -isystem /opt/homebrew/Cellar/fontconfig/2.17.1/include -isystem /opt/homebrew/Cellar/harfbuzz/13.1.1/include/harfbuzz -isystem /opt/homebrew/opt/freetype/include/freetype2 -isystem /opt/homebrew/opt/libpng/include/libpng16 -isystem /opt/homebrew/opt/graphite2/include -isystem /opt/homebrew/Cellar/libsodium/1.0.21/include -isystem /opt/homebrew/Cellar/openssl@3/3.6.2/include /Users/dhseo/Workspace/mediaServer/scripts/internal/recording_search_cost_smoke.cpp /Users/dhseo/Workspace/mediaServer/build-gst-onnx/libmedia_server_runtime.a /Library/Developer/CommandLineTools/SDKs/MacOSX.sdk/usr/lib/libz.tbd /opt/homebrew/Cellar/gstreamer/1.28.1/lib/libgstrtspserver-1.0.dylib /opt/homebrew/Cellar/gstreamer/1.28.1/lib/libgstapp-1.0.dylib /opt/homebrew/Cellar/gstreamer/1.28.1/lib/libgstwebrtc-1.0.dylib /opt/homebrew/Cellar/gstreamer/1.28.1/lib/libgstsdp-1.0.dylib /opt/homebrew/Cellar/gstreamer/1.28.1/lib/libgstpbutils-1.0.dylib /opt/homebrew/Cellar/gstreamer/1.28.1/lib/libgstaudio-1.0.dylib /opt/homebrew/Cellar/gstreamer/1.28.1/lib/libgstvideo-1.0.dylib /opt/homebrew/Cellar/gstreamer/1.28.1/lib/libgstbase-1.0.dylib /opt/homebrew/Cellar/gstreamer/1.28.1/lib/libgstreamer-1.0.dylib /opt/homebrew/Cellar/pango/1.57.0_2/lib/libpangocairo-1.0.dylib /opt/homebrew/Cellar/pango/1.57.0_2/lib/libpango-1.0.dylib /opt/homebrew/Cellar/cairo/1.18.4/lib/libcairo.dylib /opt/homebrew/Cellar/harfbuzz/13.1.1/lib/libharfbuzz.dylib /opt/homebrew/Cellar/glib/2.86.4/lib/libgobject-2.0.dylib /opt/homebrew/Cellar/glib/2.86.4/lib/libglib-2.0.dylib /opt/homebrew/opt/gettext/lib/libintl.dylib /Library/Developer/CommandLineTools/SDKs/MacOSX.sdk/usr/lib/libsqlite3.tbd /opt/homebrew/Cellar/libsodium/1.0.21/lib/libsodium.dylib /opt/homebrew/Cellar/openssl@3/3.6.2/lib/libssl.dylib /opt/homebrew/Cellar/openssl@3/3.6.2/lib/libcrypto.dylib /opt/homebrew/lib/libonnxruntime.dylib -o /private/tmp/media-server-v430-search-07c9jhcn/cost
[recording] file evidence unavailable: file evidence profile/bound 오류
[recording] file evidence unavailable: file evidence profile/bound 오류
[recording] file evidence unavailable: file evidence profile/bound 오류
[cost-filter] object=person limit=1 behaviour=none
[cost-prep] observations=1 ms=170.645 actualMp4Files=5 eventFacts=1 variedSamples=0
[cost] observations=1 phase=first ms=45.1389 expectedTotal=1 returned=1 expectedId=or:6:cost-0 actualId=or:6:cost-0 equality=true
[cost] observations=1 phase=unchanged ms=35.2035 expectedTotal=1 returned=1 expectedId=or:6:cost-0 actualId=or:6:cost-0 equality=true
[cost] observations=1 phase=cursor not-applicable=single-hit
[cost-oracle] allObservationLocations=1 equality=true
[cost-source] phase=unchanged rebuild=0 upserts=0 modelRows=6 logicalBytes=24070 playbackCandidates=2 queryCandidates=1
[cost-source] phase=append rebuild=0 upserts=1 modelRows=6 logicalBytes=24070 playbackCandidates=2 queryCandidates=2
[cost] observations=1 phase=append ms=44.5701 expectedTotal=2 returned=1 expectedId=or:6:cost-0 actualId=or:6:cost-0 equality=true
[cost-source] phase=finalize rebuild=1 upserts=8 modelRows=6 logicalBytes=24070 playbackCandidates=2 queryCandidates=2
[cost] observations=1 phase=finalize ms=44.6202 expectedTotal=2 returned=1 expectedId=or:6:cost-0 actualId=or:6:cost-0 equality=true
[recording] file evidence unavailable: file evidence profile/bound 오류
[recording] file evidence unavailable: file evidence profile/bound 오류
[recording] file evidence unavailable: file evidence profile/bound 오류
[cost-filter] object=person limit=1 behaviour=none
[cost-prep] observations=1000 ms=1298.84 actualMp4Files=5 eventFacts=1 variedSamples=0
[cost] observations=1000 phase=first ms=68.3792 expectedTotal=10 returned=1 expectedId=or:6:cost-0 actualId=or:6:cost-0 equality=true
[cost] observations=1000 phase=unchanged ms=35.3181 expectedTotal=10 returned=1 expectedId=or:6:cost-0 actualId=or:6:cost-0 equality=true
[cost] observations=1000 phase=cursor ms=22.9676 expectedTotal=10 returned=1 expectedId=or:8:cost-100 actualId=or:8:cost-100 equality=true
[cost-oracle] allObservationLocations=1000 equality=true
[cost-source] phase=unchanged rebuild=0 upserts=0 modelRows=1005 logicalBytes=3390910 playbackCandidates=2 queryCandidates=10
[cost-source] phase=append rebuild=0 upserts=1 modelRows=1005 logicalBytes=3390910 playbackCandidates=2 queryCandidates=11
[cost] observations=1000 phase=append ms=48.935 expectedTotal=11 returned=1 expectedId=or:11:cost-100000 actualId=or:11:cost-100000 equality=true
[cost-source] phase=finalize rebuild=1 upserts=1007 modelRows=1005 logicalBytes=3390910 playbackCandidates=2 queryCandidates=11
[cost] observations=1000 phase=finalize ms=68.9603 expectedTotal=11 returned=1 expectedId=or:11:cost-100000 actualId=or:11:cost-100000 equality=true
[recording] file evidence unavailable: file evidence profile/bound 오류
[recording] file evidence unavailable: file evidence profile/bound 오류
[recording] file evidence unavailable: file evidence profile/bound 오류
[cost-filter] object=person limit=1 behaviour=none
[cost-prep] observations=10000 ms=12007 actualMp4Files=5 eventFacts=1 variedSamples=0
[cost] observations=10000 phase=first ms=311.74 expectedTotal=100 returned=1 expectedId=or:6:cost-0 actualId=or:6:cost-0 equality=true
[cost] observations=10000 phase=unchanged ms=37.2088 expectedTotal=100 returned=1 expectedId=or:6:cost-0 actualId=or:6:cost-0 equality=true
[cost] observations=10000 phase=cursor ms=22.9455 expectedTotal=100 returned=1 expectedId=or:8:cost-100 actualId=or:8:cost-100 equality=true
[cost-oracle] allObservationLocations=10000 equality=true
[cost-source] phase=unchanged rebuild=0 upserts=0 modelRows=10005 logicalBytes=37446910 playbackCandidates=2 queryCandidates=100
[cost-source] phase=append rebuild=0 upserts=1 modelRows=10005 logicalBytes=37446910 playbackCandidates=2 queryCandidates=101
[cost] observations=10000 phase=append ms=88.3339 expectedTotal=101 returned=1 expectedId=or:12:cost-1000000 actualId=or:12:cost-1000000 equality=true
[cost-source] phase=finalize rebuild=1 upserts=10007 modelRows=10005 logicalBytes=37446910 playbackCandidates=2 queryCandidates=101
[cost] observations=10000 phase=finalize ms=309.189 expectedTotal=101 returned=1 expectedId=or:12:cost-1000000 actualId=or:12:cost-1000000 equality=true
[search-cost] pass
exit=0 seconds=18.70329620904522
cleanup removed=True
