command: ['cmake', '--build', 'build-gst-onnx', '-j', '4']
[  0%] Building CXX object CMakeFiles/media_server_runtime.dir/src/analysis/event_storage.cpp.o
[  1%] Building CXX object CMakeFiles/media_server_runtime.dir/src/analysis/event_snapshot_proof.cpp.o
[  2%] Building CXX object CMakeFiles/media_server_runtime.dir/src/recording/recording_visual_snapshots.cpp.o
[  2%] Building CXX object CMakeFiles/media_server_runtime.dir/src/recording/recording_visual_source.cpp.o
[  3%] Building CXX object CMakeFiles/media_server_runtime.dir/src/ingress/recording_search_application_service.cpp.o
[  3%] Building CXX object CMakeFiles/media_server_runtime.dir/src/ingress/visual_search_application_service.cpp.o
[  4%] Building CXX object CMakeFiles/media_server_runtime.dir/src/ingress/recording_application_service.cpp.o
[  5%] Building CXX object CMakeFiles/media_server_runtime.dir/src/ingress/product_ui_page_scripts.cpp.o
[  5%] Building CXX object CMakeFiles/media_server_runtime.dir/src/ingress/webrtc_http_server.cpp.o
[  6%] Building CXX object CMakeFiles/media_server_runtime.dir/src/ingress/webrtc_http_server_ops_foundation.cpp.o
[  6%] Building CXX object CMakeFiles/media_server_runtime.dir/src/ingress/webrtc_http_server_ops_workflows.cpp.o
[  7%] Building CXX object CMakeFiles/media_server_runtime.dir/src/ingress/webrtc_http_server_ops_incidents.cpp.o
[  8%] Building CXX object CMakeFiles/media_server_runtime.dir/src/ingress/webrtc_http_server_runtime.cpp.o
[  9%] Linking CXX static library libmedia_server_runtime.a
[ 99%] Built target media_server_runtime
[ 99%] Building CXX object CMakeFiles/media_server.dir/src/application/media_server_application.cpp.o
[ 99%] Linking CXX executable media_server
[100%] Built target media_server

exit=0
