[s05-runtime-fail] c++ 실패

Undefined symbols for architecture arm64:
  "recording::BuildRecordingRetiredV2Receipt(recording::RecordingTombstoneV2 const&, std::__1::basic_string<char, std::__1::char_traits<char>, std::__1::allocator<char>> const&, std::__1::basic_string<char, std::__1::char_traits<char>, std::__1::allocator<char>> const&, recording::RecordingRetiredV2Receipt*, std::__1::basic_string<char, std::__1::char_traits<char>, std::__1::allocator<char>>*)", referenced from:
      recording::(anonymous namespace)::MakeRetiredReceipt(recording::RecordingTombstoneV2 const&, std::__1::basic_string<char, std::__1::char_traits<char>, std::__1::allocator<char>> const&, std::__1::basic_string<char, std::__1::char_traits<char>, std::__1::allocator<char>> const&, recording::RecordingRetiredV2Receipt*) in recording_catalog-7fffaf.o
  "recording::SerializeRecordingRetiredV2Receipt(recording::RecordingRetiredV2Receipt const&, std::__1::basic_string<char, std::__1::char_traits<char>, std::__1::allocator<char>>*, std::__1::basic_string<char, std::__1::char_traits<char>, std::__1::allocator<char>>*)", referenced from:
      recording::(anonymous namespace)::MaterializeRetiredV2(recording::RecordingRetiredV2Receipt const&, std::__1::shared_ptr<recording::RecordingMutationV1 const> const&, recording::RecordingTombstoneV2*, std::__1::basic_string<char, std::__1::char_traits<char>, std::__1::allocator<char>>*) in recording_catalog-7fffaf.o
      recording::(anonymous namespace)::MaterializeRetiredV2(recording::RecordingRetiredV2Receipt const&, std::__1::shared_ptr<recording::RecordingMutationV1 const> const&, recording::RecordingTombstoneV2*, std::__1::basic_string<char, std::__1::char_traits<char>, std::__1::allocator<char>>*) in recording_catalog-7fffaf.o
  "_compress2", referenced from:
      recording::(anonymous namespace)::CompressArchive(std::__1::basic_string_view<char, std::__1::char_traits<char>>) in recording_journal-d6fba8.o
  "_compressBound", referenced from:
      recording::(anonymous namespace)::CompressArchive(std::__1::basic_string_view<char, std::__1::char_traits<char>>) in recording_journal-d6fba8.o
  "_crc32", referenced from:
      recording::(anonymous namespace)::ExpandArchive(std::__1::basic_string<char, std::__1::char_traits<char>, std::__1::allocator<char>> const&, ingress::StrictJsonObjectDocument const&, recording::RecordingMutationV1*, std::__1::basic_string<char, std::__1::char_traits<char>, std::__1::allocator<char>>*) in recording_journal-d6fba8.o
      recording::(anonymous namespace)::ExpandArchive(std::__1::basic_string<char, std::__1::char_traits<char>, std::__1::allocator<char>> const&, ingress::StrictJsonObjectDocument const&, recording::RecordingMutationV1*, std::__1::basic_string<char, std::__1::char_traits<char>, std::__1::allocator<char>>*) in recording_journal-d6fba8.o
      recording::(anonymous namespace)::CompressArchive(std::__1::basic_string_view<char, std::__1::char_traits<char>>) in recording_journal-d6fba8.o
      recording::(anonymous namespace)::CompressArchive(std::__1::basic_string_view<char, std::__1::char_traits<char>>) in recording_journal-d6fba8.o
  "_uncompress", referenced from:
      recording::(anonymous namespace)::ExpandArchive(std::__1::basic_string<char, std::__1::char_traits<char>, std::__1::allocator<char>> const&, ingress::StrictJsonObjectDocument const&, recording::RecordingMutationV1*, std::__1::basic_string<char, std::__1::char_traits<char>, std::__1::allocator<char>>*) in recording_journal-d6fba8.o
ld: symbol(s) not found for architecture arm64
clang++: error: linker command failed with exit code 1 (use -v to see invocation)


1 !== 0

[s05-runtime-cleanup] {"path":"/var/folders/k0/qhmr6zdx11q0_41wfx4dsd200000gn/T/media_server_s05_storage_runtime_IIjvV5","files":0,"bytes":0,"removed":true}
