[s05-runtime-assert] {"case":"disabled-admit","message":"실제 EventStorage worker 진입을 관찰한다"}
[s05-runtime-assert] {"case":"disabled-admit","message":"worker 처리 전에 첫 이벤트 연결이 내구 접수된다"}
[s05-runtime-assert] {"case":"disabled-admit","message":"실제 저장 큐 크기 2에서 다섯 접수 중 두 이벤트가 퇴출된다"}
[s05-runtime-assert] {"case":"disabled-admit","message":"퇴출 이벤트를 포함한 다섯 PTS 연결이 worker 해제 전에 보존된다"}
[s05-runtime-assert] {"case":"disabled-admit","message":"저장 worker drain 뒤에도 다섯 연결과 시간축이 보존된다"}
[s05-runtime-assert] {"case":"disabled-admit","message":"JSONL 설정에 따른 실제 저장 수와 빈 큐를 확인한다"}
[s05-runtime-assert] {"case":"disabled-admit","message":"JSONL 비활성은 파일 없음이고 활성은 생존 이벤트 세 개와 link ID가 일치한다"}
[s05-runtime-summary] case=disabled-admit pass=7 fail=0
[s05-runtime-assert] {"case":"disabled-recover","message":"새 프로세스의 빈 SQLite를 journal로 재구축해 다섯 PTS 연결을 복구한다"}
[s05-runtime-assert] {"case":"disabled-recover","message":"퇴출 이벤트까지 UTC 매핑 후 다섯 실제 H264 파생 파일이 완료된다"}
[s05-runtime-assert] {"case":"disabled-recover","message":"같은 이벤트 재접수는 복구된 다섯 clip ID를 바꾸거나 추가하지 않는다"}
[s05-runtime-summary] case=disabled-recover pass=3 fail=0
[s05-runtime-assert] {"case":"enabled-admit","message":"실제 EventStorage worker 진입을 관찰한다"}
[s05-runtime-assert] {"case":"enabled-admit","message":"worker 처리 전에 첫 이벤트 연결이 내구 접수된다"}
[s05-runtime-assert] {"case":"enabled-admit","message":"실제 저장 큐 크기 2에서 다섯 접수 중 두 이벤트가 퇴출된다"}
[s05-runtime-assert] {"case":"enabled-admit","message":"퇴출 이벤트를 포함한 다섯 PTS 연결이 worker 해제 전에 보존된다"}
[s05-runtime-assert] {"case":"enabled-admit","message":"저장 worker drain 뒤에도 다섯 연결과 시간축이 보존된다"}
[s05-runtime-assert] {"case":"enabled-admit","message":"JSONL 설정에 따른 실제 저장 수와 빈 큐를 확인한다"}
[s05-runtime-assert] {"case":"enabled-admit","message":"JSONL 비활성은 파일 없음이고 활성은 생존 이벤트 세 개와 link ID가 일치한다"}
[s05-runtime-summary] case=enabled-admit pass=7 fail=0
[s05-runtime-assert] {"case":"enabled-recover","message":"새 프로세스의 빈 SQLite를 journal로 재구축해 다섯 PTS 연결을 복구한다"}
[s05-runtime-assert] {"case":"enabled-recover","message":"퇴출 이벤트까지 UTC 매핑 후 다섯 실제 H264 파생 파일이 완료된다"}
[s05-runtime-assert] {"case":"enabled-recover","message":"같은 이벤트 재접수는 복구된 다섯 clip ID를 바꾸거나 추가하지 않는다"}
[s05-runtime-summary] case=enabled-recover pass=3 fail=0
[s05-runtime-assert] {"case":"shutdown-cancel","message":"post-event frame 대기 중인 실제 storage worker를 관찰한다"}
[s05-runtime-assert] {"case":"shutdown-cancel","message":"종료 신호가 post-event frame 대기를 깨워 1초 안에 worker를 drain한다"}
[s05-runtime-assert] {"case":"shutdown-cancel","message":"frame 대기 취소 뒤에도 EventRecord JSONL을 유실하지 않는다"}
[s05-runtime-summary] case=shutdown-cancel pass=3 fail=0
[s05-runtime-mutation] disabled-guard: PASS (실제 assertion의 RED 확인)
[s05-runtime-mutation] prequeue-admission: PASS (실제 assertion의 RED 확인)
[s05-runtime-negative] pass=2 fail=0 elapsedMs=40828
[s05-runtime-cleanup] {"path":"/var/folders/k0/qhmr6zdx11q0_41wfx4dsd200000gn/T/media_server_s05_storage_runtime_CqvQie","files":47,"bytes":28426132,"removed":true}
