✔ late search response cannot replace newer query or revive invalidated results (9.531583ms)
✔ late seek and metadata cannot move a newer selected file (0.740917ms)
✔ expired snapshot asks for new search and never loads a file (0.483416ms)
✔ setting currentTime is seeking, only current media completion succeeds (0.47325ms)
✔ same URL new selection rejects old metadata seeked and error events (0.615458ms)
✔ completion requires data, no pending seek, no media error, and target within frame tolerance (0.537917ms)
✔ same current position waits for current data without needing seeked (0.907958ms)
✔ bounds invalid response unsupported position and media failure remain distinct (0.438416ms)
✔ incomplete evidence is not empty success (0.511375ms)
✔ seeked before current data stays pending until loadeddata (0.496125ms)
✔ restart MAC error400 and same-pool expiry410 clear results with distinct guidance (0.921042ms)
✔ late query cannot revive results after changed input (2.187417ms)
✔ late selection and old media events cannot change current player (1.119166ms)
✔ permission and removed source errors never load media (1.303958ms)
✔ unsafe playback URL and invalid seek time are rejected (1.055917ms)
✔ same current position waits for decoded data; outside tolerance is not completion (0.434417ms)
✔ empty results and disabled state are distinguished (0.809167ms)
ℹ tests 17
ℹ suites 0
ℹ pass 17
ℹ fail 0
ℹ cancelled 0
ℹ skipped 0
ℹ todo 0
ℹ duration_ms 45.492959
