command: node --test scripts/internal/visual_search_ui_state.test.mjs
expected RED: previous count remains immediately after refresh
file:///Users/dhseo/Workspace/mediaServer/scripts/internal/visual_search_ui_state.test.mjs:88
    assert.match(f.el('Status').textContent,code===200?/다시 검색/:못했습니다/);
                                                                     ^

SyntaxError: Unexpected token ')'
    at compileSourceTextModule (node:internal/modules/esm/utils:318:16)
    at ModuleLoader.moduleStrategy (node:internal/modules/esm/translators:111:18)
    at #translate (node:internal/modules/esm/loader:473:20)
    at afterLoad (node:internal/modules/esm/loader:529:29)
    at ModuleLoader.loadAndTranslate (node:internal/modules/esm/loader:534:12)
    at #getOrCreateModuleJobAfterResolve (node:internal/modules/esm/loader:571:36)
    at afterResolve (node:internal/modules/esm/loader:624:52)
    at ModuleLoader.getOrCreateModuleJob (node:internal/modules/esm/loader:630:12)
    at onImport.tracePromise.__proto__ (node:internal/modules/esm/loader:649:32)
    at TracingChannel.tracePromise (node:diagnostics_channel:350:14)

Node.js v24.13.0
✖ scripts/internal/visual_search_ui_state.test.mjs (20.099208ms)
ℹ tests 1
ℹ suites 0
ℹ pass 0
ℹ fail 1
ℹ cancelled 0
ℹ skipped 0
ℹ todo 0
ℹ duration_ms 22.957042

✖ failing tests:

test at scripts/internal/visual_search_ui_state.test.mjs:1:1
✖ scripts/internal/visual_search_ui_state.test.mjs (20.099208ms)
  'test failed'

exit: 1
classification: fixture SyntaxError; not expected RED
