command: ['cmake', '--build', 'build-gst-onnx', '-j', '4']
[  2%] Building CXX object CMakeFiles/media_server_runtime.dir/src/recording/recording_search_reader.cpp.o
[  2%] Building CXX object CMakeFiles/media_server_runtime.dir/src/recording/recording_visual_source.cpp.o
[  2%] Building CXX object CMakeFiles/media_server_runtime.dir/src/recording/recording_visual_snapshots.cpp.o
[  3%] Building CXX object CMakeFiles/media_server_runtime.dir/src/recording/gstreamer_segment_writer.cpp.o
[  4%] Building CXX object CMakeFiles/media_server_runtime.dir/src/recording/recording_file_evidence.cpp.o
[  5%] Building CXX object CMakeFiles/media_server_runtime.dir/src/recording/recording_media_inspector.cpp.o
[  6%] Building CXX object CMakeFiles/media_server_runtime.dir/src/recording/recording_finalize_recovery.cpp.o
[  7%] Building CXX object CMakeFiles/media_server_runtime.dir/src/recording/recording_startup_recovery.cpp.o
[  7%] Building CXX object CMakeFiles/media_server_runtime.dir/src/recording/recording_read_service.cpp.o
[  7%] Building CXX object CMakeFiles/media_server_runtime.dir/src/recording/recording_derived_job_service.cpp.o
[  8%] Building CXX object CMakeFiles/media_server_runtime.dir/src/recording/recording_derived_event_worker.cpp.o
[  8%] Building CXX object CMakeFiles/media_server_runtime.dir/src/recording/recording_runtime_composition.cpp.o
[  9%] Building CXX object CMakeFiles/media_server_runtime.dir/src/recording/recording_derived_remux.cpp.o
[ 10%] Building CXX object CMakeFiles/media_server_runtime.dir/src/ingress/recording_search_application_service.cpp.o
[ 10%] Building CXX object CMakeFiles/media_server_runtime.dir/src/ingress/visual_search_application_service.cpp.o
[ 11%] Building CXX object CMakeFiles/media_server_runtime.dir/src/ingress/recording_application_service.cpp.o
[ 11%] Building CXX object CMakeFiles/media_server_runtime.dir/src/ingress/webrtc_http_server.cpp.o
[ 12%] Building CXX object CMakeFiles/media_server_runtime.dir/src/ingress/webrtc_http_server_ops_foundation.cpp.o
[ 12%] Building CXX object CMakeFiles/media_server_runtime.dir/src/ingress/webrtc_http_server_ops_workflows.cpp.o
[ 13%] Building CXX object CMakeFiles/media_server_runtime.dir/src/ingress/webrtc_http_server_ops_incidents.cpp.o
[ 14%] Building CXX object CMakeFiles/media_server_runtime.dir/src/ingress/webrtc_http_server_runtime.cpp.o
[ 15%] Linking CXX static library libmedia_server_runtime.a
[ 99%] Built target media_server_runtime
[ 99%] Building CXX object CMakeFiles/media_server.dir/src/application/media_server_application.cpp.o
[ 99%] Linking CXX executable media_server
[100%] Built target media_server

exit=0
