[fail] inventorySha256 drift; explicitly refresh and review the manifest
[fail] UI-001 REVIEW4 owner blob/enclosing-body trust binding drift
[fail] UI-001 REVIEW4 dispatch blob/enclosing-body trust binding drift
[fail] UI-001 REVIEW4 action blob/enclosing-body trust binding drift
[fail] UI-002 REVIEW4 owner blob/enclosing-body trust binding drift
[fail] UI-002 REVIEW4 dispatch blob/enclosing-body trust binding drift
[fail] UI-003 REVIEW4 owner blob/enclosing-body trust binding drift
[fail] UI-003 REVIEW4 dispatch blob/enclosing-body trust binding drift
[fail] UI-004 REVIEW4 owner blob/enclosing-body trust binding drift
[fail] UI-004 REVIEW4 dispatch blob/enclosing-body trust binding drift
[fail] UI-005 REVIEW4 owner blob/enclosing-body trust binding drift
[fail] UI-005 REVIEW4 dispatch blob/enclosing-body trust binding drift
[fail] UI-005 REVIEW4 action blob/enclosing-body trust binding drift
[fail] UI-005 REVIEW4 state blob/enclosing-body trust binding drift
[fail] UI-006 REVIEW4 owner blob/enclosing-body trust binding drift
[fail] UI-006 REVIEW4 dispatch blob/enclosing-body trust binding drift
[fail] UI-007 REVIEW4 owner blob/enclosing-body trust binding drift
[fail] UI-007 REVIEW4 dispatch blob/enclosing-body trust binding drift
[fail] UI-008 REVIEW4 owner blob/enclosing-body trust binding drift
[fail] UI-008 REVIEW4 dispatch blob/enclosing-body trust binding drift
[fail] UI-011 REVIEW4 owner blob/enclosing-body trust binding drift
[fail] UI-011 REVIEW4 dispatch blob/enclosing-body trust binding drift
[fail] UI-013 REVIEW4 owner blob/enclosing-body trust binding drift
[fail] UI-013 REVIEW4 dispatch blob/enclosing-body trust binding drift
[fail] UI-018 REVIEW4 owner blob/enclosing-body trust binding drift
[fail] UI-018 REVIEW4 dispatch blob/enclosing-body trust binding drift
[fail] UI-018 REVIEW4 action blob/enclosing-body trust binding drift
[fail] AUTH-004 REVIEW4 owner blob/enclosing-body trust binding drift
[fail] AUTH-004 REVIEW4 dispatch blob/enclosing-body trust binding drift
[fail] AUTH-005 REVIEW4 owner blob/enclosing-body trust binding drift
[fail] AUTH-005 REVIEW4 dispatch blob/enclosing-body trust binding drift
[fail] AUTH-005 REVIEW4 action blob/enclosing-body trust binding drift
[fail] AUTH-005 REVIEW4 state blob/enclosing-body trust binding drift
[fail] AUTH-007 REVIEW4 owner blob/enclosing-body trust binding drift
[fail] AUTH-011 REVIEW4 owner blob/enclosing-body trust binding drift
[fail] AUTH-016 REVIEW4 owner blob/enclosing-body trust binding drift
[fail] AUTH-016 REVIEW4 dispatch blob/enclosing-body trust binding drift
[fail] AUTH-016 REVIEW4 action blob/enclosing-body trust binding drift
[fail] AUTH-016 REVIEW4 state blob/enclosing-body trust binding drift
[fail] AUTH-017 REVIEW4 owner blob/enclosing-body trust binding drift
[fail] AUTH-017 REVIEW4 dispatch blob/enclosing-body trust binding drift
[fail] AUTH-018 REVIEW4 owner blob/enclosing-body trust binding drift
[fail] AUTH-018 REVIEW4 dispatch blob/enclosing-body trust binding drift
[fail] AUTH-019 REVIEW4 owner blob/enclosing-body trust binding drift
[fail] AUTH-019 REVIEW4 dispatch blob/enclosing-body trust binding drift
[fail] AUTH-020 REVIEW4 owner blob/enclosing-body trust binding drift
[fail] AUTH-020 REVIEW4 dispatch blob/enclosing-body trust binding drift
[fail] AUTH-021 REVIEW4 owner blob/enclosing-body trust binding drift
[fail] AUTH-021 REVIEW4 dispatch blob/enclosing-body trust binding drift
[fail] AUTH-022 REVIEW4 owner blob/enclosing-body trust binding drift
[fail] AUTH-022 REVIEW4 dispatch blob/enclosing-body trust binding drift
[fail] AUTH-023 REVIEW4 owner blob/enclosing-body trust binding drift
[fail] AUTH-023 REVIEW4 dispatch blob/enclosing-body trust binding drift
[fail] AUTH-024 REVIEW4 owner blob/enclosing-body trust binding drift
[fail] AUTH-024 REVIEW4 dispatch blob/enclosing-body trust binding drift
[fail] AUTH-028 REVIEW4 owner blob/enclosing-body trust binding drift
[fail] AUTH-029 REVIEW4 owner blob/enclosing-body trust binding drift
[fail] AUTH-029 REVIEW4 dispatch blob/enclosing-body trust binding drift
[fail] AUTH-029 REVIEW4 action blob/enclosing-body trust binding drift
[fail] AUTH-029 REVIEW4 state blob/enclosing-body trust binding drift
[fail] AUTH-031 REVIEW4 owner blob/enclosing-body trust binding drift
[fail] AUTH-032 REVIEW4 owner blob/enclosing-body trust binding drift
[fail] AUTH-033 REVIEW4 owner blob/enclosing-body trust binding drift
[fail] AUTH-033 REVIEW4 dispatch blob/enclosing-body trust binding drift
[fail] AUTH-034 REVIEW4 owner blob/enclosing-body trust binding drift
[fail] AUTH-034 REVIEW4 dispatch blob/enclosing-body trust binding drift
[fail] AUTH-035 REVIEW4 owner blob/enclosing-body trust binding drift
[fail] AUTH-036 REVIEW4 owner blob/enclosing-body trust binding drift
[fail] AUTH-036 REVIEW4 dispatch blob/enclosing-body trust binding drift
[fail] AUTH-037 REVIEW4 owner blob/enclosing-body trust binding drift
[fail] AUTH-038 REVIEW4 owner blob/enclosing-body trust binding drift
[fail] AUTH-038 REVIEW4 dispatch blob/enclosing-body trust binding drift
[fail] AUTH-039 REVIEW4 owner blob/enclosing-body trust binding drift
[fail] AUTH-039 REVIEW4 dispatch blob/enclosing-body trust binding drift
[fail] AUTH-041 REVIEW4 owner blob/enclosing-body trust binding drift
[fail] AUTH-041 REVIEW4 dispatch blob/enclosing-body trust binding drift
[fail] AUTH-041 REVIEW4 action blob/enclosing-body trust binding drift
[fail] AUTH-041 REVIEW4 state blob/enclosing-body trust binding drift
[fail] SRC-001 REVIEW4 owner blob/enclosing-body trust binding drift
[fail] SRC-001 REVIEW4 dispatch blob/enclosing-body trust binding drift
[fail] SRC-009 REVIEW4 route blob/enclosing-body trust binding drift
[fail] SRC-012 REVIEW4 owner blob/enclosing-body trust binding drift
[fail] SRC-013 REVIEW4 owner blob/enclosing-body trust binding drift
[fail] SRC-014 REVIEW4 owner blob/enclosing-body trust binding drift
[fail] SRC-015 REVIEW4 owner blob/enclosing-body trust binding drift
[fail] SRC-024 REVIEW4 owner blob/enclosing-body trust binding drift
[fail] SRC-024 REVIEW4 dispatch blob/enclosing-body trust binding drift
[fail] SRC-024 REVIEW4 action blob/enclosing-body trust binding drift
[fail] SRC-024 REVIEW4 state blob/enclosing-body trust binding drift
[fail] SRC-025 REVIEW4 owner blob/enclosing-body trust binding drift
[fail] SRC-025 REVIEW4 dispatch blob/enclosing-body trust binding drift
[fail] SRC-025 REVIEW4 action blob/enclosing-body trust binding drift
[fail] SRC-025 REVIEW4 state blob/enclosing-body trust binding drift
[fail] SRC-026 REVIEW4 owner blob/enclosing-body trust binding drift
[fail] SRC-026 REVIEW4 dispatch blob/enclosing-body trust binding drift
[fail] SRC-026 REVIEW4 action blob/enclosing-body trust binding drift
[fail] SRC-027 REVIEW4 owner blob/enclosing-body trust binding drift
[fail] SRC-027 REVIEW4 dispatch blob/enclosing-body trust binding drift
[fail] SRC-028 REVIEW4 owner blob/enclosing-body trust binding drift
[fail] SRC-028 REVIEW4 dispatch blob/enclosing-body trust binding drift
[fail] SRC-030 REVIEW4 owner blob/enclosing-body trust binding drift
[fail] SRC-030 REVIEW4 dispatch blob/enclosing-body trust binding drift
[fail] SRC-031 REVIEW4 owner blob/enclosing-body trust binding drift
[fail] SRC-031 REVIEW4 dispatch blob/enclosing-body trust binding drift
[fail] SRC-035 REVIEW4 owner blob/enclosing-body trust binding drift
[fail] SRC-035 REVIEW4 dispatch blob/enclosing-body trust binding drift
[fail] SRC-039 REVIEW4 owner blob/enclosing-body trust binding drift
[fail] SRC-039 REVIEW4 dispatch blob/enclosing-body trust binding drift
[fail] SRC-040 REVIEW4 owner blob/enclosing-body trust binding drift
[fail] SRC-040 REVIEW4 dispatch blob/enclosing-body trust binding drift
[fail] SRC-041 REVIEW4 owner blob/enclosing-body trust binding drift
[fail] SRC-041 REVIEW4 dispatch blob/enclosing-body trust binding drift
[fail] SRC-042 REVIEW4 owner blob/enclosing-body trust binding drift
[fail] SRC-042 REVIEW4 dispatch blob/enclosing-body trust binding drift
[fail] SRC-043 REVIEW4 owner blob/enclosing-body trust binding drift
[fail] SRC-043 REVIEW4 dispatch blob/enclosing-body trust binding drift
[fail] SRC-044 REVIEW4 owner blob/enclosing-body trust binding drift
[fail] SRC-044 REVIEW4 dispatch blob/enclosing-body trust binding drift
[fail] SRC-045 REVIEW4 owner blob/enclosing-body trust binding drift
[fail] SRC-045 REVIEW4 dispatch blob/enclosing-body trust binding drift
[fail] SRC-046 REVIEW4 owner blob/enclosing-body trust binding drift
[fail] SRC-046 REVIEW4 dispatch blob/enclosing-body trust binding drift
[fail] SRC-047 REVIEW4 owner blob/enclosing-body trust binding drift
[fail] SRC-047 REVIEW4 dispatch blob/enclosing-body trust binding drift
[fail] SRC-048 REVIEW4 owner blob/enclosing-body trust binding drift
[fail] SRC-048 REVIEW4 dispatch blob/enclosing-body trust binding drift
[fail] SRC-049 REVIEW4 owner blob/enclosing-body trust binding drift
[fail] SRC-049 REVIEW4 dispatch blob/enclosing-body trust binding drift
[fail] SRC-050 REVIEW4 owner blob/enclosing-body trust binding drift
[fail] SRC-050 REVIEW4 dispatch blob/enclosing-body trust binding drift
[fail] SRC-051 REVIEW4 owner blob/enclosing-body trust binding drift
[fail] SRC-051 REVIEW4 dispatch blob/enclosing-body trust binding drift
[fail] SRC-052 REVIEW4 owner blob/enclosing-body trust binding drift
[fail] SRC-052 REVIEW4 dispatch blob/enclosing-body trust binding drift
[fail] SRC-053 REVIEW4 owner blob/enclosing-body trust binding drift
[fail] SRC-053 REVIEW4 dispatch blob/enclosing-body trust binding drift
[fail] SRC-054 REVIEW4 owner blob/enclosing-body trust binding drift
[fail] SRC-054 REVIEW4 dispatch blob/enclosing-body trust binding drift
[fail] SRC-055 REVIEW4 owner blob/enclosing-body trust binding drift
[fail] SRC-055 REVIEW4 dispatch blob/enclosing-body trust binding drift
[fail] SRC-056 REVIEW4 owner blob/enclosing-body trust binding drift
[fail] SRC-056 REVIEW4 dispatch blob/enclosing-body trust binding drift
[fail] SRC-057 REVIEW4 owner blob/enclosing-body trust binding drift
[fail] SRC-057 REVIEW4 dispatch blob/enclosing-body trust binding drift
[fail] SRC-058 REVIEW4 owner blob/enclosing-body trust binding drift
[fail] SRC-058 REVIEW4 dispatch blob/enclosing-body trust binding drift
[fail] SRC-059 REVIEW4 owner blob/enclosing-body trust binding drift
[fail] SRC-059 REVIEW4 dispatch blob/enclosing-body trust binding drift
[fail] SRC-060 REVIEW4 owner blob/enclosing-body trust binding drift
[fail] SRC-060 REVIEW4 dispatch blob/enclosing-body trust binding drift
[fail] SRC-061 REVIEW4 owner blob/enclosing-body trust binding drift
[fail] SRC-061 REVIEW4 dispatch blob/enclosing-body trust binding drift
[fail] SRC-062 REVIEW4 owner blob/enclosing-body trust binding drift
[fail] SRC-062 REVIEW4 dispatch blob/enclosing-body trust binding drift
[fail] SRC-063 REVIEW4 owner blob/enclosing-body trust binding drift
[fail] SRC-063 REVIEW4 dispatch blob/enclosing-body trust binding drift
[fail] SRC-064 REVIEW4 owner blob/enclosing-body trust binding drift
[fail] SRC-064 REVIEW4 dispatch blob/enclosing-body trust binding drift
[fail] SRC-065 REVIEW4 owner blob/enclosing-body trust binding drift
[fail] SRC-065 REVIEW4 dispatch blob/enclosing-body trust binding drift
[fail] SRC-067 REVIEW4 owner blob/enclosing-body trust binding drift
[fail] SRC-067 REVIEW4 dispatch blob/enclosing-body trust binding drift
[fail] SRC-068 REVIEW4 owner blob/enclosing-body trust binding drift
[fail] SRC-068 REVIEW4 dispatch blob/enclosing-body trust binding drift
[fail] RULE-001 REVIEW4 route blob/enclosing-body trust binding drift
[fail] RULE-002 REVIEW4 route blob/enclosing-body trust binding drift
[fail] RULE-003 REVIEW4 route blob/enclosing-body trust binding drift
[fail] RULE-004 REVIEW4 owner blob/enclosing-body trust binding drift
[fail] RULE-004 REVIEW4 dispatch blob/enclosing-body trust binding drift
[fail] RULE-004 REVIEW4 action blob/enclosing-body trust binding drift
[fail] RULE-004 REVIEW4 route blob/enclosing-body trust binding drift
[fail] RULE-005 REVIEW4 owner blob/enclosing-body trust binding drift
[fail] RULE-005 REVIEW4 dispatch blob/enclosing-body trust binding drift
[fail] RULE-005 REVIEW4 action blob/enclosing-body trust binding drift
[fail] RULE-005 REVIEW4 route blob/enclosing-body trust binding drift
[fail] RULE-006 REVIEW4 owner blob/enclosing-body trust binding drift
[fail] RULE-006 REVIEW4 dispatch blob/enclosing-body trust binding drift
[fail] RULE-006 REVIEW4 action blob/enclosing-body trust binding drift
[fail] RULE-006 REVIEW4 route blob/enclosing-body trust binding drift
[fail] RULE-007 REVIEW4 owner blob/enclosing-body trust binding drift
[fail] RULE-007 REVIEW4 dispatch blob/enclosing-body trust binding drift
[fail] RULE-007 REVIEW4 action blob/enclosing-body trust binding drift
[fail] RULE-007 REVIEW4 route blob/enclosing-body trust binding drift
[fail] RULE-008 REVIEW4 route blob/enclosing-body trust binding drift
[fail] RULE-009 REVIEW4 owner blob/enclosing-body trust binding drift
[fail] RULE-009 REVIEW4 dispatch blob/enclosing-body trust binding drift
[fail] RULE-009 REVIEW4 action blob/enclosing-body trust binding drift
[fail] RULE-009 REVIEW4 route blob/enclosing-body trust binding drift
[fail] RULE-010 REVIEW4 owner blob/enclosing-body trust binding drift
[fail] RULE-010 REVIEW4 dispatch blob/enclosing-body trust binding drift
[fail] RULE-010 REVIEW4 action blob/enclosing-body trust binding drift
[fail] RULE-010 REVIEW4 route blob/enclosing-body trust binding drift
[fail] RULE-011 REVIEW4 route blob/enclosing-body trust binding drift
[fail] RULE-012 REVIEW4 route blob/enclosing-body trust binding drift
[fail] RULE-013 REVIEW4 route blob/enclosing-body trust binding drift
[fail] RULE-014 REVIEW4 route blob/enclosing-body trust binding drift
[fail] RULE-015 REVIEW4 route blob/enclosing-body trust binding drift
[fail] RULE-016 REVIEW4 route blob/enclosing-body trust binding drift
[fail] RULE-017 REVIEW4 route blob/enclosing-body trust binding drift
[fail] RULE-018 REVIEW4 owner blob/enclosing-body trust binding drift
[fail] RULE-018 REVIEW4 dispatch blob/enclosing-body trust binding drift
[fail] RULE-018 REVIEW4 action blob/enclosing-body trust binding drift
[fail] RULE-018 REVIEW4 route blob/enclosing-body trust binding drift
[fail] RULE-019 REVIEW4 owner blob/enclosing-body trust binding drift
[fail] RULE-019 REVIEW4 dispatch blob/enclosing-body trust binding drift
[fail] RULE-019 REVIEW4 action blob/enclosing-body trust binding drift
[fail] RULE-019 REVIEW4 route blob/enclosing-body trust binding drift
[fail] RULE-020 REVIEW4 owner blob/enclosing-body trust binding drift
[fail] RULE-020 REVIEW4 dispatch blob/enclosing-body trust binding drift
[fail] RULE-020 REVIEW4 action blob/enclosing-body trust binding drift
[fail] RULE-020 REVIEW4 route blob/enclosing-body trust binding drift
[fail] RULE-021 REVIEW4 owner blob/enclosing-body trust binding drift
[fail] RULE-021 REVIEW4 dispatch blob/enclosing-body trust binding drift
[fail] RULE-021 REVIEW4 action blob/enclosing-body trust binding drift
[fail] RULE-021 REVIEW4 route blob/enclosing-body trust binding drift
[fail] RULE-022 REVIEW4 owner blob/enclosing-body trust binding drift
[fail] RULE-022 REVIEW4 dispatch blob/enclosing-body trust binding drift
[fail] RULE-022 REVIEW4 action blob/enclosing-body trust binding drift
[fail] RULE-022 REVIEW4 route blob/enclosing-body trust binding drift
[fail] RULE-023 REVIEW4 owner blob/enclosing-body trust binding drift
[fail] RULE-023 REVIEW4 dispatch blob/enclosing-body trust binding drift
[fail] RULE-023 REVIEW4 action blob/enclosing-body trust binding drift
[fail] RULE-023 REVIEW4 route blob/enclosing-body trust binding drift
[fail] RULE-024 REVIEW4 owner blob/enclosing-body trust binding drift
[fail] RULE-024 REVIEW4 dispatch blob/enclosing-body trust binding drift
[fail] RULE-024 REVIEW4 action blob/enclosing-body trust binding drift
[fail] RULE-024 REVIEW4 route blob/enclosing-body trust binding drift
[fail] RULE-025 REVIEW4 owner blob/enclosing-body trust binding drift
[fail] RULE-025 REVIEW4 dispatch blob/enclosing-body trust binding drift
[fail] RULE-025 REVIEW4 action blob/enclosing-body trust binding drift
[fail] RULE-025 REVIEW4 route blob/enclosing-body trust binding drift
[fail] RULE-026 REVIEW4 owner blob/enclosing-body trust binding drift
[fail] RULE-026 REVIEW4 dispatch blob/enclosing-body trust binding drift
[fail] RULE-026 REVIEW4 action blob/enclosing-body trust binding drift
[fail] RULE-027 REVIEW4 owner blob/enclosing-body trust binding drift
[fail] RULE-027 REVIEW4 dispatch blob/enclosing-body trust binding drift
[fail] RULE-027 REVIEW4 action blob/enclosing-body trust binding drift
[fail] RULE-028 REVIEW4 owner blob/enclosing-body trust binding drift
[fail] RULE-028 REVIEW4 dispatch blob/enclosing-body trust binding drift
[fail] RULE-028 REVIEW4 action blob/enclosing-body trust binding drift
[fail] RULE-029 REVIEW4 owner blob/enclosing-body trust binding drift
[fail] RULE-029 REVIEW4 dispatch blob/enclosing-body trust binding drift
[fail] RULE-029 REVIEW4 action blob/enclosing-body trust binding drift
[fail] RULE-030 REVIEW4 owner blob/enclosing-body trust binding drift
[fail] RULE-030 REVIEW4 dispatch blob/enclosing-body trust binding drift
[fail] RULE-030 REVIEW4 action blob/enclosing-body trust binding drift
[fail] RULE-031 REVIEW4 owner blob/enclosing-body trust binding drift
[fail] RULE-031 REVIEW4 dispatch blob/enclosing-body trust binding drift
[fail] RULE-031 REVIEW4 action blob/enclosing-body trust binding drift
[fail] RULE-032 REVIEW4 owner blob/enclosing-body trust binding drift
[fail] RULE-032 REVIEW4 dispatch blob/enclosing-body trust binding drift
[fail] RULE-032 REVIEW4 action blob/enclosing-body trust binding drift
[fail] RULE-033 REVIEW4 owner blob/enclosing-body trust binding drift
[fail] RULE-033 REVIEW4 dispatch blob/enclosing-body trust binding drift
[fail] RULE-033 REVIEW4 action blob/enclosing-body trust binding drift
[fail] RULE-034 REVIEW4 owner blob/enclosing-body trust binding drift
[fail] RULE-034 REVIEW4 dispatch blob/enclosing-body trust binding drift
[fail] RULE-034 REVIEW4 action blob/enclosing-body trust binding drift
[fail] RULE-040 REVIEW4 owner blob/enclosing-body trust binding drift
[fail] RULE-040 REVIEW4 dispatch blob/enclosing-body trust binding drift
[fail] RULE-040 REVIEW4 action blob/enclosing-body trust binding drift
[fail] RULE-054 REVIEW4 owner blob/enclosing-body trust binding drift
[fail] RULE-054 REVIEW4 dispatch blob/enclosing-body trust binding drift
[fail] RULE-054 REVIEW4 action blob/enclosing-body trust binding drift
[fail] RULE-055 REVIEW4 owner blob/enclosing-body trust binding drift
[fail] RULE-055 REVIEW4 dispatch blob/enclosing-body trust binding drift
[fail] RULE-055 REVIEW4 action blob/enclosing-body trust binding drift
[fail] RULE-056 REVIEW4 owner blob/enclosing-body trust binding drift
[fail] RULE-056 REVIEW4 dispatch blob/enclosing-body trust binding drift
[fail] RULE-056 REVIEW4 action blob/enclosing-body trust binding drift
[fail] RULE-057 REVIEW4 owner blob/enclosing-body trust binding drift
[fail] RULE-057 REVIEW4 dispatch blob/enclosing-body trust binding drift
[fail] RULE-057 REVIEW4 action blob/enclosing-body trust binding drift
[fail] RULE-058 REVIEW4 owner blob/enclosing-body trust binding drift
[fail] RULE-058 REVIEW4 dispatch blob/enclosing-body trust binding drift
[fail] RULE-058 REVIEW4 action blob/enclosing-body trust binding drift
[fail] RULE-059 REVIEW4 owner blob/enclosing-body trust binding drift
[fail] RULE-059 REVIEW4 dispatch blob/enclosing-body trust binding drift
[fail] RULE-059 REVIEW4 action blob/enclosing-body trust binding drift
[fail] RULE-060 REVIEW4 owner blob/enclosing-body trust binding drift
[fail] RULE-060 REVIEW4 dispatch blob/enclosing-body trust binding drift
[fail] RULE-060 REVIEW4 action blob/enclosing-body trust binding drift
[fail] RULE-061 REVIEW4 owner blob/enclosing-body trust binding drift
[fail] RULE-061 REVIEW4 dispatch blob/enclosing-body trust binding drift
[fail] RULE-061 REVIEW4 action blob/enclosing-body trust binding drift
[fail] RULE-062 REVIEW4 owner blob/enclosing-body trust binding drift
[fail] RULE-062 REVIEW4 dispatch blob/enclosing-body trust binding drift
[fail] RULE-062 REVIEW4 action blob/enclosing-body trust binding drift
[fail] RULE-063 REVIEW4 owner blob/enclosing-body trust binding drift
[fail] RULE-063 REVIEW4 dispatch blob/enclosing-body trust binding drift
[fail] RULE-063 REVIEW4 action blob/enclosing-body trust binding drift
[fail] RULE-064 REVIEW4 owner blob/enclosing-body trust binding drift
[fail] RULE-064 REVIEW4 dispatch blob/enclosing-body trust binding drift
[fail] RULE-064 REVIEW4 action blob/enclosing-body trust binding drift
[fail] RULE-065 REVIEW4 owner blob/enclosing-body trust binding drift
[fail] RULE-065 REVIEW4 dispatch blob/enclosing-body trust binding drift
[fail] RULE-065 REVIEW4 action blob/enclosing-body trust binding drift
[fail] RULE-066 REVIEW4 owner blob/enclosing-body trust binding drift
[fail] RULE-066 REVIEW4 dispatch blob/enclosing-body trust binding drift
[fail] RULE-066 REVIEW4 action blob/enclosing-body trust binding drift
[fail] RULE-067 REVIEW4 owner blob/enclosing-body trust binding drift
[fail] RULE-067 REVIEW4 dispatch blob/enclosing-body trust binding drift
[fail] RULE-067 REVIEW4 action blob/enclosing-body trust binding drift
[fail] RULE-068 REVIEW4 owner blob/enclosing-body trust binding drift
[fail] RULE-068 REVIEW4 dispatch blob/enclosing-body trust binding drift
[fail] RULE-068 REVIEW4 action blob/enclosing-body trust binding drift
[fail] RULE-069 REVIEW4 owner blob/enclosing-body trust binding drift
[fail] RULE-069 REVIEW4 dispatch blob/enclosing-body trust binding drift
[fail] RULE-069 REVIEW4 action blob/enclosing-body trust binding drift
[fail] RULE-070 REVIEW4 owner blob/enclosing-body trust binding drift
[fail] RULE-070 REVIEW4 dispatch blob/enclosing-body trust binding drift
[fail] RULE-070 REVIEW4 action blob/enclosing-body trust binding drift
[fail] RULE-071 REVIEW4 owner blob/enclosing-body trust binding drift
[fail] RULE-071 REVIEW4 dispatch blob/enclosing-body trust binding drift
[fail] RULE-071 REVIEW4 action blob/enclosing-body trust binding drift
[fail] RULE-072 REVIEW4 owner blob/enclosing-body trust binding drift
[fail] RULE-072 REVIEW4 dispatch blob/enclosing-body trust binding drift
[fail] RULE-072 REVIEW4 action blob/enclosing-body trust binding drift
[fail] RULE-073 REVIEW4 owner blob/enclosing-body trust binding drift
[fail] RULE-073 REVIEW4 dispatch blob/enclosing-body trust binding drift
[fail] RULE-073 REVIEW4 action blob/enclosing-body trust binding drift
[fail] RULE-074 REVIEW4 owner blob/enclosing-body trust binding drift
[fail] RULE-074 REVIEW4 dispatch blob/enclosing-body trust binding drift
[fail] RULE-074 REVIEW4 action blob/enclosing-body trust binding drift
[fail] RULE-075 REVIEW4 owner blob/enclosing-body trust binding drift
[fail] RULE-075 REVIEW4 dispatch blob/enclosing-body trust binding drift
[fail] RULE-075 REVIEW4 action blob/enclosing-body trust binding drift
[fail] RULE-076 REVIEW4 owner blob/enclosing-body trust binding drift
[fail] RULE-076 REVIEW4 dispatch blob/enclosing-body trust binding drift
[fail] RULE-076 REVIEW4 action blob/enclosing-body trust binding drift
[fail] RULE-077 REVIEW4 owner blob/enclosing-body trust binding drift
[fail] RULE-077 REVIEW4 dispatch blob/enclosing-body trust binding drift
[fail] RULE-077 REVIEW4 action blob/enclosing-body trust binding drift
[fail] RULE-078 REVIEW4 owner blob/enclosing-body trust binding drift
[fail] RULE-078 REVIEW4 dispatch blob/enclosing-body trust binding drift
[fail] RULE-078 REVIEW4 action blob/enclosing-body trust binding drift
[fail] RULE-079 REVIEW4 owner blob/enclosing-body trust binding drift
[fail] RULE-079 REVIEW4 dispatch blob/enclosing-body trust binding drift
[fail] RULE-079 REVIEW4 action blob/enclosing-body trust binding drift
[fail] RULE-080 REVIEW4 owner blob/enclosing-body trust binding drift
[fail] RULE-080 REVIEW4 dispatch blob/enclosing-body trust binding drift
[fail] RULE-080 REVIEW4 action blob/enclosing-body trust binding drift
[fail] RULE-081 REVIEW4 owner blob/enclosing-body trust binding drift
[fail] RULE-081 REVIEW4 dispatch blob/enclosing-body trust binding drift
[fail] RULE-081 REVIEW4 action blob/enclosing-body trust binding drift
[fail] RULE-082 REVIEW4 owner blob/enclosing-body trust binding drift
[fail] RULE-082 REVIEW4 dispatch blob/enclosing-body trust binding drift
[fail] RULE-082 REVIEW4 action blob/enclosing-body trust binding drift
[fail] RULE-083 REVIEW4 owner blob/enclosing-body trust binding drift
[fail] RULE-083 REVIEW4 dispatch blob/enclosing-body trust binding drift
[fail] RULE-083 REVIEW4 action blob/enclosing-body trust binding drift
[fail] RULE-084 REVIEW4 owner blob/enclosing-body trust binding drift
[fail] RULE-084 REVIEW4 dispatch blob/enclosing-body trust binding drift
[fail] RULE-084 REVIEW4 action blob/enclosing-body trust binding drift
[fail] RULE-085 REVIEW4 owner blob/enclosing-body trust binding drift
[fail] RULE-085 REVIEW4 dispatch blob/enclosing-body trust binding drift
[fail] RULE-085 REVIEW4 action blob/enclosing-body trust binding drift
[fail] RULE-086 REVIEW4 owner blob/enclosing-body trust binding drift
[fail] RULE-086 REVIEW4 dispatch blob/enclosing-body trust binding drift
[fail] RULE-086 REVIEW4 action blob/enclosing-body trust binding drift
[fail] RULE-087 REVIEW4 owner blob/enclosing-body trust binding drift
[fail] RULE-087 REVIEW4 dispatch blob/enclosing-body trust binding drift
[fail] RULE-087 REVIEW4 action blob/enclosing-body trust binding drift
[fail] RULE-088 REVIEW4 owner blob/enclosing-body trust binding drift
[fail] RULE-088 REVIEW4 dispatch blob/enclosing-body trust binding drift
[fail] RULE-088 REVIEW4 action blob/enclosing-body trust binding drift
[fail] RULE-089 REVIEW4 owner blob/enclosing-body trust binding drift
[fail] RULE-089 REVIEW4 dispatch blob/enclosing-body trust binding drift
[fail] RULE-089 REVIEW4 action blob/enclosing-body trust binding drift
[fail] RULE-090 REVIEW4 owner blob/enclosing-body trust binding drift
[fail] RULE-090 REVIEW4 dispatch blob/enclosing-body trust binding drift
[fail] RULE-090 REVIEW4 action blob/enclosing-body trust binding drift
[fail] RULE-091 REVIEW4 owner blob/enclosing-body trust binding drift
[fail] RULE-091 REVIEW4 dispatch blob/enclosing-body trust binding drift
[fail] RULE-091 REVIEW4 action blob/enclosing-body trust binding drift
[fail] RULE-092 REVIEW4 owner blob/enclosing-body trust binding drift
[fail] RULE-092 REVIEW4 dispatch blob/enclosing-body trust binding drift
[fail] RULE-092 REVIEW4 action blob/enclosing-body trust binding drift
[fail] RULE-093 REVIEW4 owner blob/enclosing-body trust binding drift
[fail] RULE-093 REVIEW4 dispatch blob/enclosing-body trust binding drift
[fail] RULE-093 REVIEW4 action blob/enclosing-body trust binding drift
[fail] RULE-094 REVIEW4 owner blob/enclosing-body trust binding drift
[fail] RULE-094 REVIEW4 dispatch blob/enclosing-body trust binding drift
[fail] RULE-094 REVIEW4 action blob/enclosing-body trust binding drift
[fail] RULE-095 REVIEW4 owner blob/enclosing-body trust binding drift
[fail] RULE-095 REVIEW4 dispatch blob/enclosing-body trust binding drift
[fail] RULE-096 REVIEW4 owner blob/enclosing-body trust binding drift
[fail] RULE-098 REVIEW4 owner blob/enclosing-body trust binding drift
[fail] RULE-098 REVIEW4 dispatch blob/enclosing-body trust binding drift
[fail] RULE-099 REVIEW4 owner blob/enclosing-body trust binding drift
[fail] RULE-099 REVIEW4 dispatch blob/enclosing-body trust binding drift
[fail] RULE-099 REVIEW4 action blob/enclosing-body trust binding drift
[fail] RULE-099 REVIEW4 state blob/enclosing-body trust binding drift
[fail] RULE-100 REVIEW4 owner blob/enclosing-body trust binding drift
[fail] RULE-100 REVIEW4 dispatch blob/enclosing-body trust binding drift
[fail] RULE-100 REVIEW4 action blob/enclosing-body trust binding drift
[fail] RULE-101 REVIEW4 owner blob/enclosing-body trust binding drift
[fail] RULE-101 REVIEW4 dispatch blob/enclosing-body trust binding drift
[fail] RULE-101 REVIEW4 action blob/enclosing-body trust binding drift
[fail] RULE-105 REVIEW4 owner blob/enclosing-body trust binding drift
[fail] RULE-105 REVIEW4 dispatch blob/enclosing-body trust binding drift
[fail] RULE-106 REVIEW4 owner blob/enclosing-body trust binding drift
[fail] RULE-106 REVIEW4 dispatch blob/enclosing-body trust binding drift
[fail] RULE-107 REVIEW4 owner blob/enclosing-body trust binding drift
[fail] RULE-107 REVIEW4 dispatch blob/enclosing-body trust binding drift
[fail] RULE-108 REVIEW4 owner blob/enclosing-body trust binding drift
[fail] RULE-108 REVIEW4 dispatch blob/enclosing-body trust binding drift
[fail] RULE-109 REVIEW4 owner blob/enclosing-body trust binding drift
[fail] RULE-109 REVIEW4 dispatch blob/enclosing-body trust binding drift
[fail] RULE-110 REVIEW4 owner blob/enclosing-body trust binding drift
[fail] RULE-110 REVIEW4 dispatch blob/enclosing-body trust binding drift
[fail] RULE-111 REVIEW4 owner blob/enclosing-body trust binding drift
[fail] RULE-111 REVIEW4 dispatch blob/enclosing-body trust binding drift
[fail] EVT-001 REVIEW4 owner blob/enclosing-body trust binding drift
[fail] EVT-001 REVIEW4 dispatch blob/enclosing-body trust binding drift
[fail] EVT-002 REVIEW4 owner blob/enclosing-body trust binding drift
[fail] EVT-003 REVIEW4 owner blob/enclosing-body trust binding drift
[fail] EVT-003 REVIEW4 dispatch blob/enclosing-body trust binding drift
[fail] EVT-004 REVIEW4 owner blob/enclosing-body trust binding drift
[fail] EVT-005 REVIEW4 owner blob/enclosing-body trust binding drift
[fail] EVT-006 REVIEW4 owner blob/enclosing-body trust binding drift
[fail] EVT-007 REVIEW4 owner blob/enclosing-body trust binding drift
[fail] EVT-012 REVIEW4 owner blob/enclosing-body trust binding drift
[fail] EVT-013 REVIEW4 owner blob/enclosing-body trust binding drift
[fail] EVT-016 REVIEW4 owner blob/enclosing-body trust binding drift
[fail] EVT-016 REVIEW4 dispatch blob/enclosing-body trust binding drift
[fail] EVT-016 REVIEW4 action blob/enclosing-body trust binding drift
[fail] EVT-016 REVIEW4 state blob/enclosing-body trust binding drift
[fail] EVT-017 REVIEW4 owner blob/enclosing-body trust binding drift
[fail] EVT-018 REVIEW4 owner blob/enclosing-body trust binding drift
[fail] EVT-019 REVIEW4 owner blob/enclosing-body trust binding drift
[fail] EVT-021 REVIEW4 owner blob/enclosing-body trust binding drift
[fail] EVT-022 REVIEW4 owner blob/enclosing-body trust binding drift
[fail] EVT-024 REVIEW4 owner blob/enclosing-body trust binding drift
[fail] EVT-024 REVIEW4 dispatch blob/enclosing-body trust binding drift
[fail] EVT-036 REVIEW4 owner blob/enclosing-body trust binding drift
[fail] EVT-036 REVIEW4 dispatch blob/enclosing-body trust binding drift
[fail] EVT-038 REVIEW4 owner blob/enclosing-body trust binding drift
[fail] EVT-073 REVIEW4 owner blob/enclosing-body trust binding drift
[fail] EVT-074 REVIEW4 owner blob/enclosing-body trust binding drift
[fail] EVT-076 REVIEW4 owner blob/enclosing-body trust binding drift
[fail] EVT-077 REVIEW4 owner blob/enclosing-body trust binding drift
[fail] EVT-078 REVIEW4 owner blob/enclosing-body trust binding drift
[fail] EVT-079 REVIEW4 owner blob/enclosing-body trust binding drift
[fail] EVT-080 REVIEW4 owner blob/enclosing-body trust binding drift
[fail] EVT-080 REVIEW4 dispatch blob/enclosing-body trust binding drift
[fail] EVT-081 REVIEW4 owner blob/enclosing-body trust binding drift
[fail] EVT-081 REVIEW4 dispatch blob/enclosing-body trust binding drift
[fail] EVT-082 REVIEW4 owner blob/enclosing-body trust binding drift
[fail] EVT-082 REVIEW4 dispatch blob/enclosing-body trust binding drift
[fail] EVT-083 REVIEW4 owner blob/enclosing-body trust binding drift
[fail] EVT-084 REVIEW4 owner blob/enclosing-body trust binding drift
[fail] EVT-084 REVIEW4 dispatch blob/enclosing-body trust binding drift
[fail] EVT-085 REVIEW4 owner blob/enclosing-body trust binding drift
[fail] EVT-085 REVIEW4 dispatch blob/enclosing-body trust binding drift
[fail] EVT-086 REVIEW4 owner blob/enclosing-body trust binding drift
[fail] EVT-086 REVIEW4 dispatch blob/enclosing-body trust binding drift
[fail] CLIENT-002 REVIEW4 owner blob/enclosing-body trust binding drift
[fail] CLIENT-002 REVIEW4 dispatch blob/enclosing-body trust binding drift
[fail] CLIENT-002 REVIEW4 action blob/enclosing-body trust binding drift
[fail] CLIENT-002 REVIEW4 state blob/enclosing-body trust binding drift
[fail] CLIENT-004 REVIEW4 owner blob/enclosing-body trust binding drift
[fail] CLIENT-004 REVIEW4 dispatch blob/enclosing-body trust binding drift
[fail] CLIENT-004 REVIEW4 action blob/enclosing-body trust binding drift
[fail] CLIENT-004 REVIEW4 state blob/enclosing-body trust binding drift
[fail] CLIENT-005 REVIEW4 owner blob/enclosing-body trust binding drift
[fail] CLIENT-006 REVIEW4 owner blob/enclosing-body trust binding drift
[fail] CLIENT-007 REVIEW4 owner blob/enclosing-body trust binding drift
[fail] CLIENT-008 REVIEW4 owner blob/enclosing-body trust binding drift
[fail] CLIENT-009 REVIEW4 owner blob/enclosing-body trust binding drift
[fail] CLIENT-010 REVIEW4 owner blob/enclosing-body trust binding drift
[fail] CLIENT-013 REVIEW4 owner blob/enclosing-body trust binding drift
[fail] CLIENT-014 REVIEW4 owner blob/enclosing-body trust binding drift
[fail] CLIENT-015 REVIEW4 owner blob/enclosing-body trust binding drift
[fail] CLIENT-016 REVIEW4 owner blob/enclosing-body trust binding drift
[fail] CLIENT-017 REVIEW4 owner blob/enclosing-body trust binding drift
[fail] CLIENT-018 REVIEW4 owner blob/enclosing-body trust binding drift
[fail] CLIENT-019 REVIEW4 owner blob/enclosing-body trust binding drift
[fail] CLIENT-020 REVIEW4 owner blob/enclosing-body trust binding drift
[fail] CLIENT-021 REVIEW4 owner blob/enclosing-body trust binding drift
[fail] CLIENT-022 REVIEW4 owner blob/enclosing-body trust binding drift
[fail] CLIENT-023 REVIEW4 owner blob/enclosing-body trust binding drift
[fail] CLIENT-024 REVIEW4 owner blob/enclosing-body trust binding drift
[fail] CLIENT-025 REVIEW4 owner blob/enclosing-body trust binding drift
[fail] CLIENT-026 REVIEW4 owner blob/enclosing-body trust binding drift
[fail] CLIENT-027 REVIEW4 owner blob/enclosing-body trust binding drift
[fail] CLIENT-028 REVIEW4 owner blob/enclosing-body trust binding drift
[fail] CLIENT-029 REVIEW4 owner blob/enclosing-body trust binding drift
[fail] CLIENT-030 REVIEW4 owner blob/enclosing-body trust binding drift
[fail] CLIENT-031 REVIEW4 owner blob/enclosing-body trust binding drift
[fail] CLIENT-032 REVIEW4 owner blob/enclosing-body trust binding drift
[fail] CLIENT-033 REVIEW4 owner blob/enclosing-body trust binding drift
[fail] CLIENT-034 REVIEW4 owner blob/enclosing-body trust binding drift
[fail] CLIENT-035 REVIEW4 owner blob/enclosing-body trust binding drift
[fail] CLIENT-035 REVIEW4 dispatch blob/enclosing-body trust binding drift
[fail] CLIENT-036 REVIEW4 owner blob/enclosing-body trust binding drift
[fail] CLIENT-036 REVIEW4 dispatch blob/enclosing-body trust binding drift
[fail] CLIENT-037 REVIEW4 owner blob/enclosing-body trust binding drift
[fail] CLIENT-037 REVIEW4 dispatch blob/enclosing-body trust binding drift
[fail] CLIENT-038 REVIEW4 owner blob/enclosing-body trust binding drift
[fail] CLIENT-039 REVIEW4 owner blob/enclosing-body trust binding drift
[fail] CLIENT-040 REVIEW4 owner blob/enclosing-body trust binding drift
[fail] CLIENT-041 REVIEW4 owner blob/enclosing-body trust binding drift
[fail] CLIENT-041 REVIEW4 dispatch blob/enclosing-body trust binding drift
[fail] CLIENT-042 REVIEW4 owner blob/enclosing-body trust binding drift
[fail] CLIENT-042 REVIEW4 dispatch blob/enclosing-body trust binding drift
[fail] MEDIA-002 REVIEW4 owner blob/enclosing-body trust binding drift
[fail] MEDIA-003 REVIEW4 owner blob/enclosing-body trust binding drift
[fail] MEDIA-003 REVIEW4 action blob/enclosing-body trust binding drift
[fail] MEDIA-004 REVIEW4 owner blob/enclosing-body trust binding drift
[fail] MEDIA-005 REVIEW4 owner blob/enclosing-body trust binding drift
[fail] MEDIA-006 REVIEW4 owner blob/enclosing-body trust binding drift
[fail] MEDIA-007 REVIEW4 owner blob/enclosing-body trust binding drift
[fail] MEDIA-008 REVIEW4 owner blob/enclosing-body trust binding drift
[fail] MEDIA-016 REVIEW4 owner blob/enclosing-body trust binding drift
[fail] MEDIA-019 REVIEW4 owner blob/enclosing-body trust binding drift
[fail] LAB-001 REVIEW4 owner blob/enclosing-body trust binding drift
[fail] LAB-002 REVIEW4 owner blob/enclosing-body trust binding drift
[fail] LAB-003 REVIEW4 owner blob/enclosing-body trust binding drift
[fail] LAB-004 REVIEW4 owner blob/enclosing-body trust binding drift
[fail] LAB-005 REVIEW4 owner blob/enclosing-body trust binding drift
[fail] LAB-006 REVIEW4 owner blob/enclosing-body trust binding drift
[fail] LAB-007 REVIEW4 owner blob/enclosing-body trust binding drift
[fail] LAB-008 REVIEW4 owner blob/enclosing-body trust binding drift
[fail] LAB-009 REVIEW4 owner blob/enclosing-body trust binding drift
[fail] LAB-010 REVIEW4 owner blob/enclosing-body trust binding drift
[fail] LAB-011 REVIEW4 owner blob/enclosing-body trust binding drift
[fail] LAB-012 REVIEW4 owner blob/enclosing-body trust binding drift
[fail] LAB-013 REVIEW4 owner blob/enclosing-body trust binding drift
[fail] LAB-014 REVIEW4 owner blob/enclosing-body trust binding drift
[fail] LAB-016 REVIEW4 owner blob/enclosing-body trust binding drift
[fail] LAB-017 REVIEW4 owner blob/enclosing-body trust binding drift
[fail] LAB-020 REVIEW4 owner blob/enclosing-body trust binding drift
[fail] LAB-020 REVIEW4 dispatch blob/enclosing-body trust binding drift
[fail] LAB-020 REVIEW4 action blob/enclosing-body trust binding drift
[fail] LAB-020 REVIEW4 state blob/enclosing-body trust binding drift
[fail] LAB-023 REVIEW4 owner blob/enclosing-body trust binding drift
[fail] LAB-024 REVIEW4 owner blob/enclosing-body trust binding drift
[fail] LAB-025 REVIEW4 owner blob/enclosing-body trust binding drift
[fail] LAB-026 REVIEW4 owner blob/enclosing-body trust binding drift
[fail] LAB-026 REVIEW4 action blob/enclosing-body trust binding drift
[fail] LAB-027 REVIEW4 owner blob/enclosing-body trust binding drift
[fail] LAB-027 REVIEW4 action blob/enclosing-body trust binding drift
[fail] LAB-028 REVIEW4 owner blob/enclosing-body trust binding drift
[fail] LAB-029 REVIEW4 owner blob/enclosing-body trust binding drift
[fail] LAB-030 REVIEW4 owner blob/enclosing-body trust binding drift
[fail] LAB-031 REVIEW4 owner blob/enclosing-body trust binding drift
[fail] LAB-032 REVIEW4 owner blob/enclosing-body trust binding drift
[fail] LAB-033 REVIEW4 owner blob/enclosing-body trust binding drift
[fail] LAB-034 REVIEW4 owner blob/enclosing-body trust binding drift
[fail] LAB-036 REVIEW4 owner blob/enclosing-body trust binding drift
[fail] LAB-036 REVIEW4 dispatch blob/enclosing-body trust binding drift
[fail] LAB-037 REVIEW4 owner blob/enclosing-body trust binding drift
[fail] LAB-037 REVIEW4 dispatch blob/enclosing-body trust binding drift
[fail] LAB-038 REVIEW4 owner blob/enclosing-body trust binding drift
[fail] LAB-038 REVIEW4 dispatch blob/enclosing-body trust binding drift
[fail] LAB-042 REVIEW4 owner blob/enclosing-body trust binding drift
[fail] LAB-042 REVIEW4 dispatch blob/enclosing-body trust binding drift
[fail] LAB-044 REVIEW4 owner blob/enclosing-body trust binding drift
[fail] LAB-044 REVIEW4 dispatch blob/enclosing-body trust binding drift
[fail] LAB-126 REVIEW4 owner blob/enclosing-body trust binding drift
[fail] SAFE-003 REVIEW4 owner blob/enclosing-body trust binding drift
[fail] SAFE-003 REVIEW4 dispatch blob/enclosing-body trust binding drift
[fail] SAFE-004 REVIEW4 owner blob/enclosing-body trust binding drift
[fail] SAFE-004 REVIEW4 dispatch blob/enclosing-body trust binding drift
[fail] SAFE-010 REVIEW4 owner blob/enclosing-body trust binding drift
[fail] SAFE-010 REVIEW4 dispatch blob/enclosing-body trust binding drift
[fail] SAFE-011 REVIEW4 owner blob/enclosing-body trust binding drift
[fail] SAFE-011 REVIEW4 dispatch blob/enclosing-body trust binding drift
[fail] SAFE-012 REVIEW4 owner blob/enclosing-body trust binding drift
[fail] SAFE-012 REVIEW4 dispatch blob/enclosing-body trust binding drift
[fail] SAFE-019 REVIEW4 owner blob/enclosing-body trust binding drift
[fail] SAFE-019 REVIEW4 dispatch blob/enclosing-body trust binding drift
[fail] SAFE-020 REVIEW4 owner blob/enclosing-body trust binding drift
[fail] SAFE-020 REVIEW4 dispatch blob/enclosing-body trust binding drift
[fail] OPS-120 REVIEW4 owner blob/enclosing-body trust binding drift
[fail] OPS-120 REVIEW4 dispatch blob/enclosing-body trust binding drift
[fail] OPS-135 REVIEW4 owner blob/enclosing-body trust binding drift
[fail] OPS-135 REVIEW4 dispatch blob/enclosing-body trust binding drift
[fail] OPS-170 REVIEW4 owner blob/enclosing-body trust binding drift
[fail] OPS-170 REVIEW4 dispatch blob/enclosing-body trust binding drift
[fail] OPS-170 REVIEW4 action blob/enclosing-body trust binding drift
[fail] OPS-171 REVIEW4 owner blob/enclosing-body trust binding drift
[fail] OPS-171 REVIEW4 dispatch blob/enclosing-body trust binding drift
[fail] OPS-172 REVIEW4 owner blob/enclosing-body trust binding drift
[fail] OPS-172 REVIEW4 dispatch blob/enclosing-body trust binding drift
[fail] OPS-172 REVIEW4 action blob/enclosing-body trust binding drift
[fail] OPS-174 REVIEW4 owner blob/enclosing-body trust binding drift
[fail] OPS-174 REVIEW4 dispatch blob/enclosing-body trust binding drift
[fail] OPS-175 REVIEW4 owner blob/enclosing-body trust binding drift
[fail] OPS-175 REVIEW4 dispatch blob/enclosing-body trust binding drift
[fail] OPS-176 REVIEW4 owner blob/enclosing-body trust binding drift
[fail] OPS-176 REVIEW4 dispatch blob/enclosing-body trust binding drift
[fail] OPS-177 REVIEW4 owner blob/enclosing-body trust binding drift
[fail] OPS-177 REVIEW4 dispatch blob/enclosing-body trust binding drift
[not-run] negative fixture missing-id
[not-run] negative fixture duplicate-id
[not-run] negative fixture wrong-section-prefix
[not-run] negative fixture missing-source-file
[not-run] negative fixture missing-source-anchor
[not-run] negative fixture missing-ui-control-anchor
[not-run] negative fixture missing-ui-screen-route
[not-run] negative fixture unknown-verifier-command
[not-run] negative fixture missing-verifier-assertion
[not-run] negative fixture legacy-longrun-command
[not-run] negative fixture inventory-hash-drift
[not-run] negative fixture missing-reviewed-call-chain
[not-run] negative fixture bulk-review-reason
[not-run] negative fixture safe-140-unrelated-owner
[not-run] negative fixture rule-017-generic-json-owner

== Feature implementation evidence summary ==
- expectedFeatureRows: 986
- inventoryRows: 986
- manifestRows: 986
- sourceEvidenceRows: 986
- uiEvidenceRows: 441
- verifierEvidenceRows: 986
- manualUiCaseRows: 424
- semanticReviewedRows: 986
- uniqueSemanticDigests: 986
- reviewedCallChains: 986
- uniqueReviewReasons: 986
- validationErrors: 595
- review4GlobalErrors: 0
- negativeFixtures: 0/15
- executionEvidenceStatus: not-execution-evidence
