[owned-root] {"root":"/private/var/folders/k0/qhmr6zdx11q0_41wfx4dsd200000gn/T/media-server-current-observer-q4pvfG","dev":16777234,"ino":159643364,"uid":501}
[pass] LP26-O05 fixed current executable
[fixture-generation] {"status":0,"signal":null,"errorCode":null,"elapsedMs":1405,"timeoutMs":30000,"stdoutBytes":0,"stderrBytes":0,"outputBytes":62334405,"categories":{"missingElement":false,"negotiation":false,"pluginScanner":false,"permission":false,"resource":false,"macosService":false},"rawBodyPublished":false}
[pass] LP26-O05 original bounded retention fixture
[pass] LP26-O05 distinct canonical sources
[request-budget] {"elapsedMs":1}
[http-timing] {"method":"GET","routeClass":"health","status":null,"headerElapsedMs":null,"bodyElapsedMs":null,"totalElapsedMs":3,"bytes":0,"phase":"header","outcome":"error"}
[request-budget] {"elapsedMs":1}
[http-timing] {"method":"GET","routeClass":"health","status":null,"headerElapsedMs":null,"bodyElapsedMs":null,"totalElapsedMs":1,"bytes":0,"phase":"header","outcome":"error"}
[request-budget] {"elapsedMs":2}
[http-timing] {"method":"GET","routeClass":"health","status":null,"headerElapsedMs":null,"bodyElapsedMs":null,"totalElapsedMs":1,"bytes":0,"phase":"header","outcome":"error"}
[request-budget] {"elapsedMs":2}
[http-timing] {"method":"GET","routeClass":"health","status":null,"headerElapsedMs":null,"bodyElapsedMs":null,"totalElapsedMs":1,"bytes":0,"phase":"header","outcome":"error"}
[request-budget] {"elapsedMs":4}
[http-timing] {"method":"GET","routeClass":"health","status":null,"headerElapsedMs":null,"bodyElapsedMs":null,"totalElapsedMs":1,"bytes":0,"phase":"header","outcome":"error"}
[request-budget] {"elapsedMs":3}
[http-timing] {"method":"GET","routeClass":"health","status":null,"headerElapsedMs":null,"bodyElapsedMs":null,"totalElapsedMs":2,"bytes":0,"phase":"header","outcome":"error"}
[request-budget] {"elapsedMs":2}
[http-timing] {"method":"GET","routeClass":"health","status":null,"headerElapsedMs":null,"bodyElapsedMs":null,"totalElapsedMs":1,"bytes":0,"phase":"header","outcome":"error"}
[request-budget] {"elapsedMs":3}
[http-timing] {"method":"GET","routeClass":"health","status":null,"headerElapsedMs":null,"bodyElapsedMs":null,"totalElapsedMs":1,"bytes":0,"phase":"header","outcome":"error"}
[request-budget] {"elapsedMs":1}
[http-timing] {"method":"GET","routeClass":"health","status":null,"headerElapsedMs":null,"bodyElapsedMs":null,"totalElapsedMs":1,"bytes":0,"phase":"header","outcome":"error"}
[request-budget] {"elapsedMs":1}
[http-timing] {"method":"GET","routeClass":"health","status":null,"headerElapsedMs":null,"bodyElapsedMs":null,"totalElapsedMs":1,"bytes":0,"phase":"header","outcome":"error"}
[request-budget] {"elapsedMs":1}
[http-timing] {"method":"GET","routeClass":"health","status":null,"headerElapsedMs":null,"bodyElapsedMs":null,"totalElapsedMs":0,"bytes":0,"phase":"header","outcome":"error"}
[request-budget] {"elapsedMs":1}
[http-timing] {"method":"GET","routeClass":"health","status":null,"headerElapsedMs":null,"bodyElapsedMs":null,"totalElapsedMs":0,"bytes":0,"phase":"header","outcome":"error"}
[request-budget] {"elapsedMs":1}
[http-timing] {"method":"GET","routeClass":"health","status":null,"headerElapsedMs":null,"bodyElapsedMs":null,"totalElapsedMs":0,"bytes":0,"phase":"header","outcome":"error"}
[request-budget] {"elapsedMs":1}
[http-timing] {"method":"GET","routeClass":"health","status":null,"headerElapsedMs":null,"bodyElapsedMs":null,"totalElapsedMs":0,"bytes":0,"phase":"header","outcome":"error"}
[request-budget] {"elapsedMs":1}
[http-timing] {"method":"GET","routeClass":"health","status":null,"headerElapsedMs":null,"bodyElapsedMs":null,"totalElapsedMs":0,"bytes":0,"phase":"header","outcome":"error"}
[request-budget] {"elapsedMs":1}
[http-timing] {"method":"GET","routeClass":"health","status":null,"headerElapsedMs":null,"bodyElapsedMs":null,"totalElapsedMs":0,"bytes":0,"phase":"header","outcome":"error"}
[request-budget] {"elapsedMs":1}
[http-timing] {"method":"GET","routeClass":"health","status":null,"headerElapsedMs":null,"bodyElapsedMs":null,"totalElapsedMs":0,"bytes":0,"phase":"header","outcome":"error"}
[request-budget] {"elapsedMs":1}
[http-timing] {"method":"GET","routeClass":"health","status":null,"headerElapsedMs":null,"bodyElapsedMs":null,"totalElapsedMs":0,"bytes":0,"phase":"header","outcome":"error"}
[request-budget] {"elapsedMs":1}
[http-timing] {"method":"GET","routeClass":"health","status":200,"headerElapsedMs":4,"bodyElapsedMs":1,"totalElapsedMs":5,"bytes":15,"phase":"complete","outcome":"ok"}
[request-budget] {"elapsedMs":1}
[http-timing] {"method":"GET","routeClass":"ice","status":200,"headerElapsedMs":1,"bodyElapsedMs":0,"totalElapsedMs":1,"bytes":222,"phase":"complete","outcome":"ok"}
[pass] LP26-O05 isolated server healthy
[request-budget] {"elapsedMs":1}
[http-timing] {"method":"GET","routeClass":"recording-status","status":200,"headerElapsedMs":1,"bodyElapsedMs":0,"totalElapsedMs":1,"bytes":1198,"phase":"complete","outcome":"ok"}
[pass] LP26-O05 independent initial channels
[request-budget] {"elapsedMs":1}
[http-timing] {"method":"POST","routeClass":"source","status":201,"headerElapsedMs":94,"bodyElapsedMs":0,"totalElapsedMs":94,"bytes":437,"phase":"complete","outcome":"ok"}
[request-budget] {"elapsedMs":1}
[http-timing] {"method":"POST","routeClass":"source","status":201,"headerElapsedMs":12,"bodyElapsedMs":0,"totalElapsedMs":12,"bytes":437,"phase":"complete","outcome":"ok"}
[root-storage] {"reason":"sample","final":false,"elapsedMs":4124,"journalMutationTypes":{"segment_finalized":0,"event_link_created":0,"observation_put":0,"observation_v2_put":0,"deletion_requested":0,"deletion_completed":0,"corruption_detected":0,"recording_order_reserved":2,"segment_v2_finalized":0,"segment_v2_bound_finalized":0,"consumer_reference_put":0,"derived_reference_accepted":0,"referenced_observation_put":0,"derived_job_intent":0,"derived_job_files":0,"derived_job_ready":0,"derived_job_committed":0,"derived_job_complete":0,"derived_job_failed":0,"segment_v2_state":0,"segment_v2_deleted":0},"journalMutationTypesCoverage":"drained-prefix-only; unread-or-partial-tail-excluded","totalBytes":155288083,"capBytes":469762048,"capExceeded":false,"entries":318,"categories":{"input":{"bytes":124668810,"files":2},"media":{"bytes":0,"files":0},"mediaPartial":{"bytes":17659322,"files":2},"journal":{"bytes":922,"files":2},"checkpoint":{"bytes":0,"files":0},"generationSnapshot":{"bytes":267,"files":1},"generationIdentity":{"bytes":160,"files":1},"generationEvidence":{"bytes":0,"files":0},"generationManifest":{"bytes":391,"files":1},"generationTransaction":{"bytes":0,"files":0},"sqlite":{"bytes":49152,"files":1},"wal":{"bytes":0,"files":0},"sqliteAux":{"bytes":0,"files":0},"tmp":{"bytes":0,"files":0},"log":{"bytes":1049,"files":1},"state":{"bytes":4655,"files":2},"events":{"bytes":0,"files":0},"cache":{"bytes":3146149,"files":280},"tools":{"bytes":9484312,"files":2},"recordingsOther":{"bytes":389,"files":5},"other":{"bytes":272505,"files":1}},"ownership":{"productRecording":{"bytes":17710603,"files":13},"fixtureInput":{"bytes":124668810,"files":2},"observerTools":{"bytes":9484312,"files":2},"cache":{"bytes":3146149,"files":280},"temporary":{"bytes":0,"files":0},"runtimeSupport":{"bytes":5704,"files":3},"other":{"bytes":272505,"files":1}},"sqlitePages":{"status":"observed","mainBytes":49152,"walBytes":0,"pageSize":4096,"pageCount":12,"freePageCount":0,"livePageCount":12,"liveBytes":49152,"freeBytes":0},"measurement":"logical-file-bytes-nonatomic","rawPathsPublished":false}
[current-observation] {"pid":32828,"startIdentity":"macos:1790345977:170278","sampledAt":1790345979426,"phaseAt":3749.479917,"rssBytes":89751552,"threadCount":29,"fdCount":29,"mutationCount":2,"typeCounts":{"segment_finalized":0,"event_link_created":0,"observation_put":0,"observation_v2_put":0,"deletion_requested":0,"deletion_completed":0,"corruption_detected":0,"recording_order_reserved":2,"segment_v2_finalized":0,"segment_v2_bound_finalized":0,"consumer_reference_put":0,"derived_reference_accepted":0,"referenced_observation_put":0,"derived_job_intent":0,"derived_job_files":0,"derived_job_ready":0,"derived_job_committed":0,"derived_job_complete":0,"derived_job_failed":0,"segment_v2_state":0,"segment_v2_deleted":0},"identityBytes":378,"combinedLogicalIds":4,"combinedLogicalBytes":378,"rotations":0,"partialBytes":0,"progress":{"elapsedMs":221.90529199999992,"channels":{"9101":{"finalized":0,"deleted":0,"lastAt":3527.574625,"order":"0","store":null,"knownMappings":0,"unknownMappings":0},"9201":{"finalized":0,"deleted":0,"lastAt":3527.574625,"order":"0","store":null,"knownMappings":0,"unknownMappings":0}},"records":0,"logicalBytes":0},"resourceTrendPass":false}
[sample-timing] {"sampleIndex":1,"metricsMs":221.7048749999999,"drainMs":383.515167,"storageMs":12.835290999999415,"totalMs":618.1520419999997}
[request-budget] {"elapsedMs":1}
[http-timing] {"method":"GET","routeClass":"recording-status","status":200,"headerElapsedMs":1,"bodyElapsedMs":0,"totalElapsedMs":1,"bytes":1598,"phase":"complete","outcome":"ok"}
[pass] LP26-O05 active 9101
[pass] LP26-O05 active 9201
[root-storage] {"reason":"sample","final":false,"elapsedMs":8846,"journalMutationTypes":{"segment_finalized":0,"event_link_created":0,"observation_put":0,"observation_v2_put":0,"deletion_requested":0,"deletion_completed":0,"corruption_detected":0,"recording_order_reserved":4,"segment_v2_finalized":0,"segment_v2_bound_finalized":2,"consumer_reference_put":0,"derived_reference_accepted":0,"referenced_observation_put":0,"derived_job_intent":0,"derived_job_files":0,"derived_job_ready":0,"derived_job_committed":0,"derived_job_complete":0,"derived_job_failed":0,"segment_v2_state":0,"segment_v2_deleted":0},"journalMutationTypesCoverage":"drained-prefix-only; unread-or-partial-tail-excluded","totalBytes":262473588,"capBytes":469762048,"capExceeded":false,"entries":322,"categories":{"input":{"bytes":124668810,"files":2},"media":{"bytes":93502469,"files":3},"mediaPartial":{"bytes":31168087,"files":1},"journal":{"bytes":87333,"files":2},"checkpoint":{"bytes":0,"files":0},"generationSnapshot":{"bytes":267,"files":1},"generationIdentity":{"bytes":160,"files":1},"generationEvidence":{"bytes":0,"files":0},"generationManifest":{"bytes":391,"files":1},"generationTransaction":{"bytes":0,"files":0},"sqlite":{"bytes":77824,"files":1},"wal":{"bytes":0,"files":0},"sqliteAux":{"bytes":0,"files":0},"tmp":{"bytes":0,"files":0},"log":{"bytes":1049,"files":1},"state":{"bytes":4655,"files":2},"events":{"bytes":0,"files":0},"cache":{"bytes":3146149,"files":280},"tools":{"bytes":9484312,"files":2},"recordingsOther":{"bytes":59577,"files":7},"other":{"bytes":272505,"files":1}},"ownership":{"productRecording":{"bytes":124896108,"files":17},"fixtureInput":{"bytes":124668810,"files":2},"observerTools":{"bytes":9484312,"files":2},"cache":{"bytes":3146149,"files":280},"temporary":{"bytes":0,"files":0},"runtimeSupport":{"bytes":5704,"files":3},"other":{"bytes":272505,"files":1}},"sqlitePages":{"status":"observed","mainBytes":77824,"walBytes":0,"pageSize":4096,"pageCount":23,"freePageCount":0,"livePageCount":23,"liveBytes":94208,"freeBytes":0},"measurement":"logical-file-bytes-nonatomic","rawPathsPublished":false}
[current-observation] {"pid":32828,"startIdentity":"macos:1790345977:170278","sampledAt":1790345984431,"phaseAt":8753.696042,"rssBytes":218103808,"threadCount":25,"fdCount":23,"mutationCount":6,"typeCounts":{"segment_finalized":0,"event_link_created":0,"observation_put":0,"observation_v2_put":0,"deletion_requested":0,"deletion_completed":0,"corruption_detected":0,"recording_order_reserved":4,"segment_v2_finalized":0,"segment_v2_bound_finalized":2,"consumer_reference_put":0,"derived_reference_accepted":0,"referenced_observation_put":0,"derived_job_intent":0,"derived_job_files":0,"derived_job_ready":0,"derived_job_committed":0,"derived_job_complete":0,"derived_job_failed":0,"segment_v2_state":0,"segment_v2_deleted":0},"identityBytes":1104,"combinedLogicalIds":14,"combinedLogicalBytes":2290,"rotations":0,"partialBytes":0,"progress":{"elapsedMs":5226.121416999999,"channels":{"9101":{"finalized":1,"deleted":0,"lastAt":8753.696042,"order":"1","store":"e71b56072c049e22e2bada3d362dd2868ec0c58969e896c3916629daf7d78ccb","knownMappings":1,"unknownMappings":46},"9201":{"finalized":1,"deleted":0,"lastAt":8753.696042,"order":"2","store":"e71b56072c049e22e2bada3d362dd2868ec0c58969e896c3916629daf7d78ccb","knownMappings":0,"unknownMappings":40}},"records":2,"logicalBytes":1186},"resourceTrendPass":false}
[sample-timing] {"sampleIndex":2,"metricsMs":1.8780420000002778,"drainMs":109.13829199999964,"storageMs":4.803292000000511,"totalMs":115.88791700000002}
[request-budget] {"elapsedMs":1}
[http-timing] {"method":"GET","routeClass":"recording-status","status":200,"headerElapsedMs":23,"bodyElapsedMs":0,"totalElapsedMs":24,"bytes":1612,"phase":"complete","outcome":"ok"}
[pass] LP26-O05 active 9101
[pass] LP26-O05 active 9201
[pass] LP26-O03 deleted media absent
[pass] LP26-O03 deleted media absent
[pass] LP26-O03 deleted media absent
[pass] LP26-O03 deleted media absent
[root-storage] {"reason":"sample","final":false,"elapsedMs":13902,"journalMutationTypes":{"segment_finalized":0,"event_link_created":0,"observation_put":0,"observation_v2_put":0,"deletion_requested":0,"deletion_completed":0,"corruption_detected":0,"recording_order_reserved":10,"segment_v2_finalized":0,"segment_v2_bound_finalized":8,"consumer_reference_put":0,"derived_reference_accepted":0,"referenced_observation_put":0,"derived_job_intent":0,"derived_job_files":0,"derived_job_ready":0,"derived_job_committed":0,"derived_job_complete":0,"derived_job_failed":0,"segment_v2_state":4,"segment_v2_deleted":4},"journalMutationTypesCoverage":"drained-prefix-only; unread-or-partial-tail-excluded","totalBytes":325100921,"capBytes":469762048,"capExceeded":false,"entries":322,"categories":{"input":{"bytes":124668810,"files":2},"media":{"bytes":124670556,"files":4},"mediaPartial":{"bytes":62334382,"files":2},"journal":{"bytes":292016,"files":2},"checkpoint":{"bytes":0,"files":0},"generationSnapshot":{"bytes":267,"files":1},"generationIdentity":{"bytes":160,"files":1},"generationEvidence":{"bytes":0,"files":0},"generationManifest":{"bytes":391,"files":1},"generationTransaction":{"bytes":0,"files":0},"sqlite":{"bytes":225280,"files":1},"wal":{"bytes":0,"files":0},"sqliteAux":{"bytes":0,"files":0},"tmp":{"bytes":0,"files":0},"log":{"bytes":1049,"files":1},"state":{"bytes":4655,"files":2},"events":{"bytes":0,"files":0},"cache":{"bytes":3146149,"files":280},"tools":{"bytes":9484312,"files":2},"recordingsOther":{"bytes":389,"files":5},"other":{"bytes":272505,"files":1}},"ownership":{"productRecording":{"bytes":187523441,"files":17},"fixtureInput":{"bytes":124668810,"files":2},"observerTools":{"bytes":9484312,"files":2},"cache":{"bytes":3146149,"files":280},"temporary":{"bytes":0,"files":0},"runtimeSupport":{"bytes":5704,"files":3},"other":{"bytes":272505,"files":1}},"sqlitePages":{"status":"observed","mainBytes":225280,"walBytes":0,"pageSize":4096,"pageCount":55,"freePageCount":0,"livePageCount":55,"liveBytes":225280,"freeBytes":0},"measurement":"logical-file-bytes-nonatomic","rawPathsPublished":false}
[current-observation] {"pid":32828,"startIdentity":"macos:1790345977:170278","sampledAt":1790345989433,"phaseAt":13756.15325,"rssBytes":220577792,"threadCount":26,"fdCount":20,"mutationCount":26,"typeCounts":{"segment_finalized":0,"event_link_created":0,"observation_put":0,"observation_v2_put":0,"deletion_requested":0,"deletion_completed":0,"corruption_detected":0,"recording_order_reserved":10,"segment_v2_finalized":0,"segment_v2_bound_finalized":8,"consumer_reference_put":0,"derived_reference_accepted":0,"referenced_observation_put":0,"derived_job_intent":0,"derived_job_files":0,"derived_job_ready":0,"derived_job_committed":0,"derived_job_complete":0,"derived_job_failed":0,"segment_v2_state":4,"segment_v2_deleted":4},"identityBytes":4609,"combinedLogicalIds":60,"combinedLogicalBytes":9389,"rotations":0,"partialBytes":0,"progress":{"elapsedMs":10228.578624999998,"channels":{"9101":{"finalized":4,"deleted":2,"lastAt":13756.15325,"order":"7","store":"e71b56072c049e22e2bada3d362dd2868ec0c58969e896c3916629daf7d78ccb","knownMappings":4,"unknownMappings":174},"9201":{"finalized":4,"deleted":2,"lastAt":13756.15325,"order":"8","store":"e71b56072c049e22e2bada3d362dd2868ec0c58969e896c3916629daf7d78ccb","knownMappings":3,"unknownMappings":178}},"records":8,"logicalBytes":4780},"resourceTrendPass":false}
[sample-timing] {"sampleIndex":3,"metricsMs":1.9326249999994616,"drainMs":163.01558300000033,"storageMs":4.6649170000000595,"totalMs":169.81029200000012}
[request-budget] {"elapsedMs":1}
[http-timing] {"method":"GET","routeClass":"recording-status","status":200,"headerElapsedMs":1,"bodyElapsedMs":0,"totalElapsedMs":2,"bytes":1612,"phase":"complete","outcome":"ok"}
[pass] LP26-O05 active 9101
[pass] LP26-O05 active 9201
[pass] LP26-O03 deleted media absent
[pass] LP26-O03 deleted media absent
[pass] LP26-O03 deleted media absent
[pass] LP26-O03 deleted media absent
[root-storage] {"reason":"sample","final":false,"elapsedMs":18907,"journalMutationTypes":{"segment_finalized":0,"event_link_created":0,"observation_put":0,"observation_v2_put":0,"deletion_requested":0,"deletion_completed":0,"corruption_detected":0,"recording_order_reserved":14,"segment_v2_finalized":0,"segment_v2_bound_finalized":12,"consumer_reference_put":0,"derived_reference_accepted":0,"referenced_observation_put":0,"derived_job_intent":0,"derived_job_files":0,"derived_job_ready":0,"derived_job_committed":0,"derived_job_complete":0,"derived_job_failed":0,"segment_v2_state":8,"segment_v2_deleted":8},"journalMutationTypesCoverage":"drained-prefix-only; unread-or-partial-tail-excluded","totalBytes":264188443,"capBytes":469762048,"capExceeded":false,"entries":322,"categories":{"input":{"bytes":124668810,"files":2},"media":{"bytes":124670556,"files":4},"mediaPartial":{"bytes":1038692,"files":2},"journal":{"bytes":515484,"files":2},"checkpoint":{"bytes":0,"files":0},"generationSnapshot":{"bytes":267,"files":1},"generationIdentity":{"bytes":160,"files":1},"generationEvidence":{"bytes":0,"files":0},"generationManifest":{"bytes":391,"files":1},"generationTransaction":{"bytes":0,"files":0},"sqlite":{"bytes":385024,"files":1},"wal":{"bytes":0,"files":0},"sqliteAux":{"bytes":0,"files":0},"tmp":{"bytes":0,"files":0},"log":{"bytes":1049,"files":1},"state":{"bytes":4655,"files":2},"events":{"bytes":0,"files":0},"cache":{"bytes":3146149,"files":280},"tools":{"bytes":9484312,"files":2},"recordingsOther":{"bytes":389,"files":5},"other":{"bytes":272505,"files":1}},"ownership":{"productRecording":{"bytes":126610963,"files":17},"fixtureInput":{"bytes":124668810,"files":2},"observerTools":{"bytes":9484312,"files":2},"cache":{"bytes":3146149,"files":280},"temporary":{"bytes":0,"files":0},"runtimeSupport":{"bytes":5704,"files":3},"other":{"bytes":272505,"files":1}},"sqlitePages":{"status":"observed","mainBytes":385024,"walBytes":0,"pageSize":4096,"pageCount":94,"freePageCount":0,"livePageCount":94,"liveBytes":385024,"freeBytes":0},"measurement":"logical-file-bytes-nonatomic","rawPathsPublished":false}
[current-observation] {"pid":32828,"startIdentity":"macos:1790345977:170278","sampledAt":1790345994437,"phaseAt":18759.738542,"rssBytes":221102080,"threadCount":25,"fdCount":23,"mutationCount":42,"typeCounts":{"segment_finalized":0,"event_link_created":0,"observation_put":0,"observation_v2_put":0,"deletion_requested":0,"deletion_completed":0,"corruption_detected":0,"recording_order_reserved":14,"segment_v2_finalized":0,"segment_v2_bound_finalized":12,"consumer_reference_put":0,"derived_reference_accepted":0,"referenced_observation_put":0,"derived_job_intent":0,"derived_job_files":0,"derived_job_ready":0,"derived_job_committed":0,"derived_job_complete":0,"derived_job_failed":0,"segment_v2_state":8,"segment_v2_deleted":8},"identityBytes":7393,"combinedLogicalIds":96,"combinedLogicalBytes":14565,"rotations":0,"partialBytes":0,"progress":{"elapsedMs":15232.163916999998,"channels":{"9101":{"finalized":6,"deleted":4,"lastAt":18759.738542,"order":"11","store":"e71b56072c049e22e2bada3d362dd2868ec0c58969e896c3916629daf7d78ccb","knownMappings":6,"unknownMappings":194},"9201":{"finalized":6,"deleted":4,"lastAt":18759.738542,"order":"12","store":"e71b56072c049e22e2bada3d362dd2868ec0c58969e896c3916629daf7d78ccb","knownMappings":4,"unknownMappings":264}},"records":12,"logicalBytes":7172},"resourceTrendPass":false}
[sample-timing] {"sampleIndex":4,"metricsMs":2.031582999999955,"drainMs":163.21229099999982,"storageMs":5.777124999996886,"totalMs":171.07987500000309}
[request-budget] {"elapsedMs":1}
[http-timing] {"method":"GET","routeClass":"recording-status","status":200,"headerElapsedMs":1,"bodyElapsedMs":0,"totalElapsedMs":1,"bytes":1612,"phase":"complete","outcome":"ok"}
[pass] LP26-O05 active 9101
[pass] LP26-O05 active 9201
[pass] LP26-O03 deleted media absent
[pass] LP26-O03 deleted media absent
[pass] LP26-O03 deleted media absent
[pass] LP26-O03 deleted media absent
[pass] LP26-O03 deleted media absent
[pass] LP26-O03 deleted media absent
[root-storage] {"reason":"sample","final":false,"elapsedMs":23932,"journalMutationTypes":{"segment_finalized":0,"event_link_created":0,"observation_put":0,"observation_v2_put":0,"deletion_requested":0,"deletion_completed":0,"corruption_detected":0,"recording_order_reserved":20,"segment_v2_finalized":0,"segment_v2_bound_finalized":18,"consumer_reference_put":0,"derived_reference_accepted":0,"referenced_observation_put":0,"derived_job_intent":0,"derived_job_files":0,"derived_job_ready":0,"derived_job_committed":0,"derived_job_complete":0,"derived_job_failed":0,"segment_v2_state":14,"segment_v2_deleted":14},"journalMutationTypesCoverage":"drained-prefix-only; unread-or-partial-tail-excluded","totalBytes":325721431,"capBytes":469762048,"capExceeded":false,"entries":322,"categories":{"input":{"bytes":124668810,"files":2},"media":{"bytes":124670556,"files":4},"mediaPartial":{"bytes":62336174,"files":2},"journal":{"bytes":660878,"files":2},"checkpoint":{"bytes":0,"files":0},"generationSnapshot":{"bytes":267,"files":1},"generationIdentity":{"bytes":160,"files":1},"generationEvidence":{"bytes":0,"files":0},"generationManifest":{"bytes":391,"files":1},"generationTransaction":{"bytes":0,"files":0},"sqlite":{"bytes":475136,"files":1},"wal":{"bytes":0,"files":0},"sqliteAux":{"bytes":0,"files":0},"tmp":{"bytes":0,"files":0},"log":{"bytes":1049,"files":1},"state":{"bytes":4655,"files":2},"events":{"bytes":0,"files":0},"cache":{"bytes":3146149,"files":280},"tools":{"bytes":9484312,"files":2},"recordingsOther":{"bytes":389,"files":5},"other":{"bytes":272505,"files":1}},"ownership":{"productRecording":{"bytes":188143951,"files":17},"fixtureInput":{"bytes":124668810,"files":2},"observerTools":{"bytes":9484312,"files":2},"cache":{"bytes":3146149,"files":280},"temporary":{"bytes":0,"files":0},"runtimeSupport":{"bytes":5704,"files":3},"other":{"bytes":272505,"files":1}},"sqlitePages":{"status":"observed","mainBytes":475136,"walBytes":0,"pageSize":4096,"pageCount":116,"freePageCount":0,"livePageCount":116,"liveBytes":475136,"freeBytes":0},"measurement":"logical-file-bytes-nonatomic","rawPathsPublished":false}
[current-observation] {"pid":32828,"startIdentity":"macos:1790345977:170278","sampledAt":1790345999440,"phaseAt":23763.314459,"rssBytes":223936512,"threadCount":25,"fdCount":20,"mutationCount":66,"typeCounts":{"segment_finalized":0,"event_link_created":0,"observation_put":0,"observation_v2_put":0,"deletion_requested":0,"deletion_completed":0,"corruption_detected":0,"recording_order_reserved":20,"segment_v2_finalized":0,"segment_v2_bound_finalized":18,"consumer_reference_put":0,"derived_reference_accepted":0,"referenced_observation_put":0,"derived_job_intent":0,"derived_job_files":0,"derived_job_ready":0,"derived_job_committed":0,"derived_job_complete":0,"derived_job_failed":0,"segment_v2_state":14,"segment_v2_deleted":14},"identityBytes":11569,"combinedLogicalIds":150,"combinedLogicalBytes":22323,"rotations":0,"partialBytes":0,"progress":{"elapsedMs":20235.739834,"channels":{"9101":{"finalized":9,"deleted":7,"lastAt":23763.314459,"order":"17","store":"e71b56072c049e22e2bada3d362dd2868ec0c58969e896c3916629daf7d78ccb","knownMappings":9,"unknownMappings":264},"9201":{"finalized":9,"deleted":7,"lastAt":23763.314459,"order":"18","store":"e71b56072c049e22e2bada3d362dd2868ec0c58969e896c3916629daf7d78ccb","knownMappings":7,"unknownMappings":396}},"records":18,"logicalBytes":10754},"resourceTrendPass":false}
[sample-timing] {"sampleIndex":5,"metricsMs":1.9667919999992591,"drainMs":185.41266600000017,"storageMs":4.716249999997672,"totalMs":192.15908399999898}
[request-budget] {"elapsedMs":1}
[http-timing] {"method":"GET","routeClass":"recording-status","status":200,"headerElapsedMs":1,"bodyElapsedMs":0,"totalElapsedMs":1,"bytes":1612,"phase":"complete","outcome":"ok"}
[pass] LP26-O05 active 9101
[pass] LP26-O05 active 9201
[pass] LP26-O03 deleted media absent
[pass] LP26-O03 deleted media absent
[pass] LP26-O03 deleted media absent
[pass] LP26-O03 deleted media absent
[root-storage] {"reason":"sample","final":false,"elapsedMs":28937,"journalMutationTypes":{"segment_finalized":0,"event_link_created":0,"observation_put":0,"observation_v2_put":0,"deletion_requested":0,"deletion_completed":0,"corruption_detected":0,"recording_order_reserved":24,"segment_v2_finalized":0,"segment_v2_bound_finalized":22,"consumer_reference_put":0,"derived_reference_accepted":0,"referenced_observation_put":0,"derived_job_intent":0,"derived_job_files":0,"derived_job_ready":0,"derived_job_committed":0,"derived_job_complete":0,"derived_job_failed":0,"segment_v2_state":18,"segment_v2_deleted":18},"journalMutationTypesCoverage":"drained-prefix-only; unread-or-partial-tail-excluded","totalBytes":264819919,"capBytes":469762048,"capExceeded":false,"entries":320,"categories":{"input":{"bytes":124668810,"files":2},"media":{"bytes":124670556,"files":4},"mediaPartial":{"bytes":1039493,"files":1},"journal":{"bytes":900522,"files":2},"checkpoint":{"bytes":0,"files":0},"generationSnapshot":{"bytes":267,"files":1},"generationIdentity":{"bytes":160,"files":1},"generationEvidence":{"bytes":0,"files":0},"generationManifest":{"bytes":391,"files":1},"generationTransaction":{"bytes":0,"files":0},"sqlite":{"bytes":630784,"files":1},"wal":{"bytes":0,"files":0},"sqliteAux":{"bytes":0,"files":0},"tmp":{"bytes":0,"files":0},"log":{"bytes":1049,"files":1},"state":{"bytes":4655,"files":2},"events":{"bytes":0,"files":0},"cache":{"bytes":3146149,"files":280},"tools":{"bytes":9484312,"files":2},"recordingsOther":{"bytes":266,"files":4},"other":{"bytes":272505,"files":1}},"ownership":{"productRecording":{"bytes":127242439,"files":15},"fixtureInput":{"bytes":124668810,"files":2},"observerTools":{"bytes":9484312,"files":2},"cache":{"bytes":3146149,"files":280},"temporary":{"bytes":0,"files":0},"runtimeSupport":{"bytes":5704,"files":3},"other":{"bytes":272505,"files":1}},"sqlitePages":{"status":"observed","mainBytes":630784,"walBytes":0,"pageSize":4096,"pageCount":157,"freePageCount":0,"livePageCount":157,"liveBytes":643072,"freeBytes":0},"measurement":"logical-file-bytes-nonatomic","rawPathsPublished":false}
[current-observation] {"pid":32828,"startIdentity":"macos:1790345977:170278","sampledAt":1790346004443,"phaseAt":28766.403917,"rssBytes":224608256,"threadCount":25,"fdCount":23,"mutationCount":82,"typeCounts":{"segment_finalized":0,"event_link_created":0,"observation_put":0,"observation_v2_put":0,"deletion_requested":0,"deletion_completed":0,"corruption_detected":0,"recording_order_reserved":24,"segment_v2_finalized":0,"segment_v2_bound_finalized":22,"consumer_reference_put":0,"derived_reference_accepted":0,"referenced_observation_put":0,"derived_job_intent":0,"derived_job_files":0,"derived_job_ready":0,"derived_job_committed":0,"derived_job_complete":0,"derived_job_failed":0,"segment_v2_state":18,"segment_v2_deleted":18},"identityBytes":14353,"combinedLogicalIds":186,"combinedLogicalBytes":27501,"rotations":0,"partialBytes":0,"progress":{"elapsedMs":25238.829292,"channels":{"9101":{"finalized":11,"deleted":9,"lastAt":28766.403917,"order":"21","store":"e71b56072c049e22e2bada3d362dd2868ec0c58969e896c3916629daf7d78ccb","knownMappings":11,"unknownMappings":334},"9201":{"finalized":11,"deleted":9,"lastAt":28766.403917,"order":"22","store":"e71b56072c049e22e2bada3d362dd2868ec0c58969e896c3916629daf7d78ccb","knownMappings":8,"unknownMappings":490}},"records":22,"logicalBytes":13148},"resourceTrendPass":false}
[sample-timing] {"sampleIndex":6,"metricsMs":2.032459000001836,"drainMs":187.3869169999998,"storageMs":4.763749999998254,"totalMs":194.2382089999992}
[request-budget] {"elapsedMs":1}
[http-timing] {"method":"GET","routeClass":"recording-status","status":200,"headerElapsedMs":1,"bodyElapsedMs":0,"totalElapsedMs":1,"bytes":1612,"phase":"complete","outcome":"ok"}
[pass] LP26-O05 active 9101
[pass] LP26-O05 active 9201
[pass] LP26-O03 deleted media absent
[pass] LP26-O03 deleted media absent
[pass] LP26-O03 deleted media absent
[pass] LP26-O03 deleted media absent
[pass] LP26-O03 deleted media absent
[pass] LP26-O03 deleted media absent
[root-storage] {"reason":"sample","final":false,"elapsedMs":33735,"journalMutationTypes":{"segment_finalized":0,"event_link_created":0,"observation_put":0,"observation_v2_put":0,"deletion_requested":0,"deletion_completed":0,"corruption_detected":0,"recording_order_reserved":30,"segment_v2_finalized":0,"segment_v2_bound_finalized":28,"consumer_reference_put":0,"derived_reference_accepted":0,"referenced_observation_put":0,"derived_job_intent":0,"derived_job_files":0,"derived_job_ready":0,"derived_job_committed":0,"derived_job_complete":0,"derived_job_failed":0,"segment_v2_state":24,"segment_v2_deleted":24},"journalMutationTypesCoverage":"drained-prefix-only; unread-or-partial-tail-excluded","totalBytes":326386419,"capBytes":469762048,"capExceeded":false,"entries":322,"categories":{"input":{"bytes":124668810,"files":2},"media":{"bytes":124670556,"files":4},"mediaPartial":{"bytes":62334382,"files":2},"journal":{"bytes":1057322,"files":2},"checkpoint":{"bytes":0,"files":0},"generationSnapshot":{"bytes":267,"files":1},"generationIdentity":{"bytes":160,"files":1},"generationEvidence":{"bytes":0,"files":0},"generationManifest":{"bytes":391,"files":1},"generationTransaction":{"bytes":0,"files":0},"sqlite":{"bytes":745472,"files":1},"wal":{"bytes":0,"files":0},"sqliteAux":{"bytes":0,"files":0},"tmp":{"bytes":0,"files":0},"log":{"bytes":1049,"files":1},"state":{"bytes":4655,"files":2},"events":{"bytes":0,"files":0},"cache":{"bytes":3146149,"files":280},"tools":{"bytes":9484312,"files":2},"recordingsOther":{"bytes":389,"files":5},"other":{"bytes":272505,"files":1}},"ownership":{"productRecording":{"bytes":188808939,"files":17},"fixtureInput":{"bytes":124668810,"files":2},"observerTools":{"bytes":9484312,"files":2},"cache":{"bytes":3146149,"files":280},"temporary":{"bytes":0,"files":0},"runtimeSupport":{"bytes":5704,"files":3},"other":{"bytes":272505,"files":1}},"sqlitePages":{"status":"observed","mainBytes":745472,"walBytes":0,"pageSize":4096,"pageCount":182,"freePageCount":0,"livePageCount":182,"liveBytes":745472,"freeBytes":0},"measurement":"logical-file-bytes-nonatomic","rawPathsPublished":false}
[current-observation] {"pid":32828,"startIdentity":"macos:1790345977:170278","sampledAt":1790346009208,"phaseAt":33531.379042,"rssBytes":225312768,"threadCount":25,"fdCount":29,"mutationCount":106,"typeCounts":{"segment_finalized":0,"event_link_created":0,"observation_put":0,"observation_v2_put":0,"deletion_requested":0,"deletion_completed":0,"corruption_detected":0,"recording_order_reserved":30,"segment_v2_finalized":0,"segment_v2_bound_finalized":28,"consumer_reference_put":0,"derived_reference_accepted":0,"referenced_observation_put":0,"derived_job_intent":0,"derived_job_files":0,"derived_job_ready":0,"derived_job_committed":0,"derived_job_complete":0,"derived_job_failed":0,"segment_v2_state":24,"segment_v2_deleted":24},"identityBytes":18529,"combinedLogicalIds":240,"combinedLogicalBytes":35277,"rotations":0,"partialBytes":0,"progress":{"elapsedMs":30003.804417,"channels":{"9101":{"finalized":14,"deleted":12,"lastAt":33531.379042,"order":"27","store":"e71b56072c049e22e2bada3d362dd2868ec0c58969e896c3916629daf7d78ccb","knownMappings":14,"unknownMappings":436},"9201":{"finalized":14,"deleted":12,"lastAt":33531.379042,"order":"28","store":"e71b56072c049e22e2bada3d362dd2868ec0c58969e896c3916629daf7d78ccb","knownMappings":9,"unknownMappings":614}},"records":28,"logicalBytes":16748},"resourceTrendPass":false}
[sample-timing] {"sampleIndex":7,"metricsMs":2.013582999999926,"drainMs":220.46225000000413,"storageMs":4.90087499999936,"totalMs":227.44779199999903}
[pass] LP26-O04 sample coverage
[pass] LP26-O05 both channels retained and progressed
[request-budget] {"elapsedMs":1}
[http-timing] {"method":"GET","routeClass":"source","status":200,"headerElapsedMs":1,"bodyElapsedMs":0,"totalElapsedMs":1,"bytes":3375,"phase":"complete","outcome":"ok"}
[request-budget] {"elapsedMs":1}
[http-timing] {"method":"PUT","routeClass":"source-item","status":200,"headerElapsedMs":1322,"bodyElapsedMs":0,"totalElapsedMs":1323,"bytes":438,"phase":"complete","outcome":"ok"}
[pass] LP26-O05 setting 9101 false
[request-budget] {"elapsedMs":1}
[http-timing] {"method":"PUT","routeClass":"source-item","status":200,"headerElapsedMs":205,"bodyElapsedMs":0,"totalElapsedMs":205,"bytes":438,"phase":"complete","outcome":"ok"}
[pass] LP26-O05 setting 9201 false
[process-cleanup] {"schema":"recording-process-cleanup-v1","attemptCount":1,"pid":32828,"exitCode":0,"signalCode":null,"exitedObserved":true,"stopCode":"complete","forcedTermination":"not-used","normalExitPass":true,"normalShutdownPass":true,"archiveSafe":true,"ports":[{"kind":"http","port":53488,"status":"pass","code":"closed","closed":true},{"kind":"rtsp","port":53489,"status":"pass","code":"closed","closed":true}]}
[pass] LP26-O03 deleted media absent
[pass] LP26-O03 deleted media absent
[pass] LP26-O02 closed journal no partial tail
[snapshot-process] {"status":0,"signal":null,"errorCode":null,"failureCode":null,"elapsedMs":694,"outputBytes":1738,"lastOpenedPhase":"catalog-destruct","lastCompletedPhase":"destruct","traceStatus":"complete","traceLoss":false,"rawOutputPublished":false}
[snapshot-receipt] {"preserved":true,"bytes":8951,"sha256":"02cedb320cf9bcd9a0b9f6b6778212df7afcbe22611e69bad2c7da713202a874","rawPathsPublished":false}
[pass] LP26-O05 stopped copy native catalog recovery
[pass] LP26-O05 native surviving and deleted states
[pass] LP26-O05 original journal bytes unchanged
[copy-cleanup] {"root":"/private/var/folders/k0/qhmr6zdx11q0_41wfx4dsd200000gn/T/media-server-current-observer-copy-uHU3QL","bytes":131482743,"copied":true,"absent":true,"reason":null,"receiptPreserved":true,"originalUnchanged":true,"manifestUnchanged":true,"groupClosed":true}
[pass] LP26-O05 recovery copy cleanup
[request-budget] {"elapsedMs":1}
[http-timing] {"method":"GET","routeClass":"health","status":null,"headerElapsedMs":null,"bodyElapsedMs":null,"totalElapsedMs":0,"bytes":0,"phase":"header","outcome":"error"}
[request-budget] {"elapsedMs":1}
[http-timing] {"method":"GET","routeClass":"health","status":null,"headerElapsedMs":null,"bodyElapsedMs":null,"totalElapsedMs":0,"bytes":0,"phase":"header","outcome":"error"}
[request-budget] {"elapsedMs":1}
[http-timing] {"method":"GET","routeClass":"health","status":null,"headerElapsedMs":null,"bodyElapsedMs":null,"totalElapsedMs":0,"bytes":0,"phase":"header","outcome":"error"}
[request-budget] {"elapsedMs":1}
[http-timing] {"method":"GET","routeClass":"health","status":null,"headerElapsedMs":null,"bodyElapsedMs":null,"totalElapsedMs":0,"bytes":0,"phase":"header","outcome":"error"}
[request-budget] {"elapsedMs":1}
[http-timing] {"method":"GET","routeClass":"health","status":null,"headerElapsedMs":null,"bodyElapsedMs":null,"totalElapsedMs":0,"bytes":0,"phase":"header","outcome":"error"}
[request-budget] {"elapsedMs":1}
[http-timing] {"method":"GET","routeClass":"health","status":null,"headerElapsedMs":null,"bodyElapsedMs":null,"totalElapsedMs":0,"bytes":0,"phase":"header","outcome":"error"}
[request-budget] {"elapsedMs":1}
[http-timing] {"method":"GET","routeClass":"health","status":null,"headerElapsedMs":null,"bodyElapsedMs":null,"totalElapsedMs":0,"bytes":0,"phase":"header","outcome":"error"}
[request-budget] {"elapsedMs":1}
[http-timing] {"method":"GET","routeClass":"health","status":200,"headerElapsedMs":1,"bodyElapsedMs":0,"totalElapsedMs":1,"bytes":15,"phase":"complete","outcome":"ok"}
[request-budget] {"elapsedMs":1}
[http-timing] {"method":"GET","routeClass":"ice","status":200,"headerElapsedMs":0,"bodyElapsedMs":0,"totalElapsedMs":0,"bytes":222,"phase":"complete","outcome":"ok"}
[pass] LP26-O05 isolated server healthy
[request-budget] {"elapsedMs":1}
[http-timing] {"method":"GET","routeClass":"recording-status","status":200,"headerElapsedMs":1,"bodyElapsedMs":0,"totalElapsedMs":1,"bytes":1616,"phase":"complete","outcome":"ok"}
[status-usage] {"channelId":"9101","aliveBytes":"62855707","historicalBytes":"468034566","deleted":13,"apiContinuousBytes":62855707,"apiEventBytes":0,"physicalFilesChecked":true}
[pass] LP26-O11 independent status usage 9101
[status-usage] {"channelId":"9201","aliveBytes":"65971406","historicalBytes":"471150265","deleted":13,"apiContinuousBytes":65971406,"apiEventBytes":0,"physicalFilesChecked":true}
[pass] LP26-O11 independent status usage 9201
[channel-observation] {"expectedIds":["1","2","3","4","5","9101","9201"],"channels":[{"id":"1","enabled":false,"active":false},{"id":"2","enabled":false,"active":false},{"id":"3","enabled":false,"active":false},{"id":"4","enabled":false,"active":false},{"id":"5","enabled":false,"active":false},{"id":"9101","enabled":false,"active":false},{"id":"9201","enabled":false,"active":false}]}
[pass] LP26-O05 disabled restart
[process-cleanup] {"schema":"recording-process-cleanup-v1","attemptCount":1,"pid":32950,"exitCode":0,"signalCode":null,"exitedObserved":true,"stopCode":"complete","forcedTermination":"not-used","normalExitPass":true,"normalShutdownPass":true,"archiveSafe":true,"ports":[{"kind":"http","port":53524,"status":"pass","code":"closed","closed":true},{"kind":"rtsp","port":53525,"status":"pass","code":"closed","closed":true}]}
[snapshot-process] {"status":0,"signal":null,"errorCode":null,"failureCode":null,"elapsedMs":653,"outputBytes":1738,"lastOpenedPhase":"catalog-destruct","lastCompletedPhase":"destruct","traceStatus":"complete","traceLoss":false,"rawOutputPublished":false}
[snapshot-receipt] {"preserved":true,"bytes":8951,"sha256":"40f43af0b99474e7ac96edf9dcc3c00c28ae064e70f282f7979e2d4e79313281","rawPathsPublished":false}
[pass] LP26-O05 stopped copy native catalog recovery
[pass] LP26-O05 native surviving and deleted states
[pass] LP26-O05 original journal bytes unchanged
[copy-cleanup] {"root":"/private/var/folders/k0/qhmr6zdx11q0_41wfx4dsd200000gn/T/media-server-current-observer-copy-Qb2Cme","bytes":131482743,"copied":true,"absent":true,"reason":null,"receiptPreserved":true,"originalUnchanged":true,"manifestUnchanged":true,"groupClosed":true}
[pass] LP26-O05 recovery copy cleanup
[pass] LP26-O05 restart exact catalog media state
[request-budget] {"elapsedMs":1}
[http-timing] {"method":"GET","routeClass":"health","status":null,"headerElapsedMs":null,"bodyElapsedMs":null,"totalElapsedMs":1,"bytes":0,"phase":"header","outcome":"error"}
[request-budget] {"elapsedMs":1}
[http-timing] {"method":"GET","routeClass":"health","status":null,"headerElapsedMs":null,"bodyElapsedMs":null,"totalElapsedMs":0,"bytes":0,"phase":"header","outcome":"error"}
[request-budget] {"elapsedMs":1}
[http-timing] {"method":"GET","routeClass":"health","status":null,"headerElapsedMs":null,"bodyElapsedMs":null,"totalElapsedMs":0,"bytes":0,"phase":"header","outcome":"error"}
[request-budget] {"elapsedMs":1}
[http-timing] {"method":"GET","routeClass":"health","status":null,"headerElapsedMs":null,"bodyElapsedMs":null,"totalElapsedMs":0,"bytes":0,"phase":"header","outcome":"error"}
[request-budget] {"elapsedMs":1}
[http-timing] {"method":"GET","routeClass":"health","status":null,"headerElapsedMs":null,"bodyElapsedMs":null,"totalElapsedMs":0,"bytes":0,"phase":"header","outcome":"error"}
[request-budget] {"elapsedMs":1}
[http-timing] {"method":"GET","routeClass":"health","status":null,"headerElapsedMs":null,"bodyElapsedMs":null,"totalElapsedMs":0,"bytes":0,"phase":"header","outcome":"error"}
[request-budget] {"elapsedMs":1}
[http-timing] {"method":"GET","routeClass":"health","status":null,"headerElapsedMs":null,"bodyElapsedMs":null,"totalElapsedMs":0,"bytes":0,"phase":"header","outcome":"error"}
[request-budget] {"elapsedMs":1}
[http-timing] {"method":"GET","routeClass":"health","status":200,"headerElapsedMs":1,"bodyElapsedMs":0,"totalElapsedMs":1,"bytes":15,"phase":"complete","outcome":"ok"}
[request-budget] {"elapsedMs":1}
[http-timing] {"method":"GET","routeClass":"ice","status":200,"headerElapsedMs":0,"bodyElapsedMs":0,"totalElapsedMs":0,"bytes":222,"phase":"complete","outcome":"ok"}
[pass] LP26-O05 isolated server healthy
[request-budget] {"elapsedMs":1}
[http-timing] {"method":"GET","routeClass":"source","status":200,"headerElapsedMs":1,"bodyElapsedMs":0,"totalElapsedMs":1,"bytes":3377,"phase":"complete","outcome":"ok"}
[request-budget] {"elapsedMs":1}
[http-timing] {"method":"PUT","routeClass":"source-item","status":200,"headerElapsedMs":79,"bodyElapsedMs":0,"totalElapsedMs":79,"bytes":437,"phase":"complete","outcome":"ok"}
[pass] LP26-O05 setting 9101 true
[request-budget] {"elapsedMs":1}
[http-timing] {"method":"PUT","routeClass":"source-item","status":200,"headerElapsedMs":11,"bodyElapsedMs":0,"totalElapsedMs":11,"bytes":437,"phase":"complete","outcome":"ok"}
[pass] LP26-O05 setting 9201 true
[pass] LP26-O05 reenabled recording after restart
[process-cleanup] {"schema":"recording-process-cleanup-v1","attemptCount":1,"pid":33012,"exitCode":0,"signalCode":null,"exitedObserved":true,"stopCode":"complete","forcedTermination":"not-used","normalExitPass":true,"normalShutdownPass":true,"archiveSafe":true,"ports":[{"kind":"http","port":53547,"status":"pass","code":"closed","closed":true},{"kind":"rtsp","port":53548,"status":"pass","code":"closed","closed":true}]}
[pass] LP26-O03 deleted media absent
[pass] LP26-O03 deleted media absent
[pass] LP26-O03 deleted media absent
[pass] LP26-O02 final restart closed journal no partial tail
[snapshot-process] {"status":0,"signal":null,"errorCode":null,"failureCode":null,"elapsedMs":739,"outputBytes":1737,"lastOpenedPhase":"catalog-destruct","lastCompletedPhase":"destruct","traceStatus":"complete","traceLoss":false,"rawOutputPublished":false}
[snapshot-receipt] {"preserved":true,"bytes":9648,"sha256":"45dde7c9ed850d72044208b4744d3f6c50c3be32deb1425a4f5b7c0ee59323f5","rawPathsPublished":false}
[pass] LP26-O05 stopped copy native catalog recovery
[pass] LP26-O05 native surviving and deleted states
[pass] LP26-O05 original journal bytes unchanged
[copy-cleanup] {"root":"/private/var/folders/k0/qhmr6zdx11q0_41wfx4dsd200000gn/T/media-server-current-observer-copy-SvstRJ","bytes":157200410,"copied":true,"absent":true,"reason":null,"receiptPreserved":true,"originalUnchanged":true,"manifestUnchanged":true,"groupClosed":true}
[pass] LP26-O05 recovery copy cleanup
[root-storage] {"reason":"final","final":true,"elapsedMs":48189,"journalMutationTypes":{"segment_finalized":0,"event_link_created":0,"observation_put":0,"observation_v2_put":0,"deletion_requested":0,"deletion_completed":0,"corruption_detected":0,"recording_order_reserved":37,"segment_v2_finalized":0,"segment_v2_bound_finalized":37,"consumer_reference_put":0,"derived_reference_accepted":0,"referenced_observation_put":0,"derived_job_intent":0,"derived_job_files":0,"derived_job_ready":0,"derived_job_committed":0,"derived_job_complete":0,"derived_job_failed":0,"segment_v2_state":29,"segment_v2_deleted":29},"journalMutationTypesCoverage":"drained-prefix-only; unread-or-partial-tail-excluded","totalBytes":294794802,"capBytes":469762048,"capExceeded":false,"entries":326,"categories":{"input":{"bytes":124668810,"files":2},"media":{"bytes":154280281,"files":8},"mediaPartial":{"bytes":0,"files":0},"journal":{"bytes":1305433,"files":3},"checkpoint":{"bytes":0,"files":0},"generationSnapshot":{"bytes":623039,"files":1},"generationIdentity":{"bytes":49038,"files":2},"generationEvidence":{"bytes":0,"files":0},"generationManifest":{"bytes":396,"files":1},"generationTransaction":{"bytes":0,"files":0},"sqlite":{"bytes":942080,"files":1},"wal":{"bytes":0,"files":0},"sqliteAux":{"bytes":0,"files":0},"tmp":{"bytes":0,"files":0},"log":{"bytes":17714,"files":3},"state":{"bytes":4655,"files":2},"events":{"bytes":0,"files":0},"cache":{"bytes":3146396,"files":280},"tools":{"bytes":9484312,"files":2},"recordingsOther":{"bytes":143,"files":3},"other":{"bytes":272505,"files":1}},"ownership":{"productRecording":{"bytes":157200410,"files":19},"fixtureInput":{"bytes":124668810,"files":2},"observerTools":{"bytes":9484312,"files":2},"cache":{"bytes":3146396,"files":280},"temporary":{"bytes":0,"files":0},"runtimeSupport":{"bytes":22369,"files":5},"other":{"bytes":272505,"files":1}},"sqlitePages":{"status":"observed","mainBytes":942080,"walBytes":0,"pageSize":4096,"pageCount":230,"freePageCount":0,"livePageCount":230,"liveBytes":942080,"freeBytes":0},"measurement":"logical-file-bytes-nonatomic","rawPathsPublished":false}
[server-diagnostic] {"pid":32828,"bytes":11974,"capturedBytes":11974,"sha256":"58b7b818008e4d5f237d4be6c67a4e5c78a4cc4c348ae33dc160ee301a9e90fb","overflow":false,"categories":[{"code":"file evidence unavailable","count":0},{"code":"storageBlocked","count":0},{"code":"shutdown","count":0},{"code":"ERROR","count":0},{"code":"WARNING","count":0}],"rawBodyPublished":false,"privateCaptureDisposition":"eligible-for-wrapper-cleanup"}
[server-slow-diagnostic] {"status":"captured","seen":97,"retained":64,"thresholdNs":10000000,"rows":[{"k":1,"o":7,"s":1,"l":1894,"m":4,"t":5,"r":0,"b":14491199125,"a":14491199125,"e":14502225500,"n":1,"w":0,"h":11026375,"x":0,"y":11026375},{"k":0,"o":1,"s":1,"l":2086,"m":4,"t":5,"r":0,"b":14489404584,"a":14489676875,"e":14502226584,"n":1,"w":272291,"h":12549709,"x":272291,"y":12549709},{"k":0,"o":1,"s":1,"l":612,"m":4,"t":4,"r":0,"b":14489690084,"a":14502234417,"e":14502234792,"n":1,"w":12544333,"h":375,"x":12544333,"y":375},{"k":1,"o":7,"s":1,"l":1894,"m":4,"t":4,"r":0,"b":14506654709,"a":14506654709,"e":14518715959,"n":1,"w":0,"h":12061250,"x":0,"y":12061250},{"k":0,"o":1,"s":1,"l":2410,"m":4,"t":4,"r":0,"b":14505966334,"a":14505966375,"e":14518716625,"n":1,"w":41,"h":12750250,"x":41,"y":12750250},{"k":1,"o":7,"s":1,"l":1894,"m":4,"t":5,"r":0,"b":14525597042,"a":14525597042,"e":14537676584,"n":1,"w":0,"h":12079542,"x":0,"y":12079542},{"k":0,"o":1,"s":1,"l":2410,"m":4,"t":5,"r":0,"b":14524917542,"a":14524917584,"e":14537677334,"n":1,"w":42,"h":12759750,"x":42,"y":12759750},{"k":1,"o":7,"s":1,"l":1894,"m":4,"t":5,"r":0,"b":16498950417,"a":16498950417,"e":16511062542,"n":1,"w":0,"h":12112125,"x":0,"y":12112125},{"k":0,"o":1,"s":1,"l":2086,"m":4,"t":5,"r":0,"b":16495496375,"a":16497154459,"e":16511064209,"n":1,"w":1658084,"h":13909750,"x":1658084,"y":13909750},{"k":1,"o":7,"s":1,"l":1894,"m":4,"t":5,"r":0,"b":16523327792,"a":16523327792,"e":16535669542,"n":1,"w":0,"h":12341750,"x":0,"y":12341750},{"k":0,"o":1,"s":1,"l":2410,"m":4,"t":5,"r":0,"b":16522608125,"a":16522608209,"e":16535670792,"n":1,"w":84,"h":13062583,"x":84,"y":13062583},{"k":1,"o":7,"s":1,"l":1894,"m":4,"t":5,"r":0,"b":18502955125,"a":18502955125,"e":18514353417,"n":1,"w":0,"h":11398292,"x":0,"y":11398292},{"k":0,"o":1,"s":1,"l":2086,"m":4,"t":5,"r":0,"b":18501325500,"a":18501325584,"e":18514354334,"n":1,"w":84,"h":13028750,"x":84,"y":13028750},{"k":0,"o":1,"s":1,"l":571,"m":4,"t":4,"r":0,"b":18503503292,"a":18514361584,"e":18514659125,"n":1,"w":10858292,"h":297541,"x":10858292,"y":297541},{"k":1,"o":7,"s":1,"l":1894,"m":4,"t":5,"r":0,"b":18532175584,"a":18532175584,"e":18543254417,"n":1,"w":0,"h":11078833,"x":0,"y":11078833},{"k":0,"o":1,"s":1,"l":2410,"m":4,"t":5,"r":0,"b":18531557959,"a":18531558000,"e":18543255125,"n":1,"w":41,"h":11697125,"x":41,"y":11697125},{"k":1,"o":7,"s":1,"l":1894,"m":4,"t":4,"r":0,"b":20504097125,"a":20504097125,"e":20516456459,"n":1,"w":0,"h":12359334,"x":0,"y":12359334},{"k":0,"o":1,"s":1,"l":2086,"m":4,"t":4,"r":0,"b":20502333542,"a":20502333875,"e":20516457709,"n":1,"w":333,"h":14123834,"x":333,"y":14123834},{"k":1,"o":7,"s":1,"l":1894,"m":4,"t":5,"r":0,"b":20518075417,"a":20518075417,"e":20528838084,"n":1,"w":0,"h":10762667,"x":0,"y":10762667},{"k":0,"o":1,"s":1,"l":2086,"m":4,"t":5,"r":0,"b":20505944000,"a":20516465334,"e":20528839209,"n":1,"w":10521334,"h":12373875,"x":10521334,"y":12373875},{"k":1,"o":7,"s":1,"l":1894,"m":4,"t":5,"r":0,"b":20546962709,"a":20546962709,"e":20559978709,"n":1,"w":0,"h":13016000,"x":0,"y":13016000},{"k":0,"o":1,"s":1,"l":2410,"m":4,"t":5,"r":0,"b":20546238959,"a":20546239000,"e":20559979292,"n":1,"w":41,"h":13740292,"x":41,"y":13740292},{"k":1,"o":7,"s":1,"l":1894,"m":4,"t":4,"r":0,"b":22499930917,"a":22499930917,"e":22511817334,"n":1,"w":0,"h":11886417,"x":0,"y":11886417},{"k":0,"o":1,"s":1,"l":2086,"m":4,"t":4,"r":0,"b":22498255084,"a":22498255417,"e":22511819000,"n":1,"w":333,"h":13563583,"x":333,"y":13563583},{"k":1,"o":7,"s":1,"l":1894,"m":4,"t":5,"r":0,"b":22513567959,"a":22513567959,"e":22525257167,"n":1,"w":0,"h":11689208,"x":0,"y":11689208},{"k":0,"o":1,"s":1,"l":2086,"m":4,"t":5,"r":0,"b":22509357000,"a":22511826125,"e":22525258084,"n":1,"w":2469125,"h":13431959,"x":2469125,"y":13431959},{"k":1,"o":7,"s":1,"l":1894,"m":4,"t":5,"r":0,"b":22543080917,"a":22543080917,"e":22554948250,"n":1,"w":0,"h":11867333,"x":0,"y":11867333},{"k":0,"o":1,"s":1,"l":2410,"m":4,"t":5,"r":0,"b":22542378125,"a":22542378125,"e":22554949250,"n":1,"w":0,"h":12571125,"x":0,"y":12571125},{"k":0,"o":1,"s":1,"l":2086,"m":4,"t":4,"r":0,"b":24501528250,"a":24501528500,"e":24512196042,"n":1,"w":250,"h":10667542,"x":250,"y":10667542},{"k":1,"o":7,"s":1,"l":1894,"m":4,"t":5,"r":0,"b":24520225125,"a":24520225125,"e":24531713500,"n":1,"w":0,"h":11488375,"x":0,"y":11488375},{"k":0,"o":1,"s":1,"l":2086,"m":4,"t":5,"r":0,"b":24517415000,"a":24518640292,"e":24531714459,"n":1,"w":1225292,"h":13074167,"x":1225292,"y":13074167},{"k":0,"o":1,"s":1,"l":612,"m":4,"t":4,"r":0,"b":24518653792,"a":24531721834,"e":24531722167,"n":1,"w":13068042,"h":333,"x":13068042,"y":333},{"k":1,"o":7,"s":1,"l":1894,"m":4,"t":4,"r":0,"b":24536360959,"a":24536360959,"e":24549776125,"n":1,"w":0,"h":13415166,"x":0,"y":13415166},{"k":0,"o":1,"s":1,"l":2410,"m":4,"t":4,"r":0,"b":24535639542,"a":24535639584,"e":24549777334,"n":1,"w":42,"h":14137750,"x":42,"y":14137750},{"k":1,"o":7,"s":1,"l":1894,"m":4,"t":5,"r":0,"b":24556460334,"a":24556460334,"e":24567303417,"n":1,"w":0,"h":10843083,"x":0,"y":10843083},{"k":0,"o":1,"s":1,"l":2410,"m":4,"t":5,"r":0,"b":24555809334,"a":24555809459,"e":24567304459,"n":1,"w":125,"h":11495000,"x":125,"y":11495000},{"k":0,"o":1,"s":1,"l":2086,"m":4,"t":4,"r":0,"b":26495502167,"a":26495502417,"e":26506373375,"n":1,"w":250,"h":10870958,"x":250,"y":10870958},{"k":1,"o":7,"s":1,"l":1894,"m":4,"t":4,"r":0,"b":26517000709,"a":26517000709,"e":26530629000,"n":1,"w":0,"h":13628291,"x":0,"y":13628291},{"k":0,"o":1,"s":1,"l":2410,"m":4,"t":4,"r":0,"b":26516253917,"a":26516253959,"e":26530630750,"n":1,"w":42,"h":14376791,"x":42,"y":14376791},{"k":1,"o":7,"s":1,"l":1894,"m":4,"t":5,"r":0,"b":26532216584,"a":26532216584,"e":26543270209,"n":1,"w":0,"h":11053625,"x":0,"y":11053625},{"k":0,"o":1,"s":1,"l":2086,"m":4,"t":5,"r":0,"b":26521411584,"a":26530638917,"e":26543271625,"n":1,"w":9227333,"h":12632708,"x":9227333,"y":12632708},{"k":1,"o":7,"s":1,"l":1894,"m":4,"t":5,"r":0,"b":26554806375,"a":26554806375,"e":26569156834,"n":1,"w":0,"h":14350459,"x":0,"y":14350459},{"k":0,"o":1,"s":1,"l":2410,"m":4,"t":5,"r":0,"b":26554125625,"a":26554125667,"e":26569158000,"n":1,"w":42,"h":15032333,"x":42,"y":15032333},{"k":1,"o":7,"s":1,"l":1894,"m":4,"t":4,"r":0,"b":28506350084,"a":28506350084,"e":28517887834,"n":1,"w":0,"h":11537750,"x":0,"y":11537750},{"k":0,"o":1,"s":1,"l":2086,"m":4,"t":4,"r":0,"b":28504522000,"a":28504522042,"e":28517889250,"n":1,"w":42,"h":13367208,"x":42,"y":13367208},{"k":1,"o":7,"s":1,"l":1894,"m":4,"t":5,"r":0,"b":28527135667,"a":28527135667,"e":28538421709,"n":1,"w":0,"h":11286042,"x":0,"y":11286042},{"k":0,"o":1,"s":1,"l":2086,"m":4,"t":5,"r":0,"b":28523110667,"a":28525505417,"e":28538422625,"n":1,"w":2394750,"h":12917208,"x":2394750,"y":12917208},{"k":0,"o":1,"s":1,"l":612,"m":4,"t":4,"r":0,"b":28525517375,"a":28538430000,"e":28538430292,"n":1,"w":12912625,"h":292,"x":12912625,"y":292},{"k":1,"o":7,"s":1,"l":1894,"m":4,"t":5,"r":0,"b":28557259417,"a":28557259417,"e":28569393459,"n":1,"w":0,"h":12134042,"x":0,"y":12134042},{"k":0,"o":1,"s":1,"l":2410,"m":4,"t":5,"r":0,"b":28556583042,"a":28556583084,"e":28569394750,"n":1,"w":42,"h":12811666,"x":42,"y":12811666},{"k":1,"o":7,"s":1,"l":1894,"m":4,"t":4,"r":0,"b":30504452500,"a":30504452500,"e":30516037750,"n":1,"w":0,"h":11585250,"x":0,"y":11585250},{"k":0,"o":1,"s":1,"l":2086,"m":4,"t":4,"r":0,"b":30502861250,"a":30502861459,"e":30516039000,"n":1,"w":209,"h":13177541,"x":209,"y":13177541},{"k":1,"o":7,"s":1,"l":1894,"m":4,"t":5,"r":0,"b":30520103292,"a":30520103292,"e":30530704292,"n":1,"w":0,"h":10601000,"x":0,"y":10601000},{"k":0,"o":1,"s":1,"l":2086,"m":4,"t":5,"r":0,"b":30518583334,"a":30518583417,"e":30530705459,"n":1,"w":83,"h":12122042,"x":83,"y":12122042},{"k":1,"o":7,"s":1,"l":1894,"m":4,"t":5,"r":0,"b":30550543334,"a":30550543334,"e":30561953459,"n":1,"w":0,"h":11410125,"x":0,"y":11410125},{"k":0,"o":1,"s":1,"l":2410,"m":4,"t":5,"r":0,"b":30549738750,"a":30549738792,"e":30561954750,"n":1,"w":42,"h":12215958,"x":42,"y":12215958},{"k":1,"o":7,"s":1,"l":1894,"m":4,"t":4,"r":0,"b":32520355917,"a":32520355917,"e":32586192375,"n":1,"w":0,"h":65836458,"x":0,"y":65836458},{"k":0,"o":1,"s":1,"l":2086,"m":4,"t":4,"r":0,"b":32518758417,"a":32518758625,"e":32586193584,"n":1,"w":208,"h":67434959,"x":208,"y":67434959},{"k":1,"o":7,"s":1,"l":1894,"m":4,"t":5,"r":0,"b":32587860875,"a":32587860875,"e":32599317625,"n":1,"w":0,"h":11456750,"x":0,"y":11456750},{"k":0,"o":1,"s":1,"l":2086,"m":4,"t":5,"r":0,"b":32541638042,"a":32586201709,"e":32599319375,"n":1,"w":44563667,"h":13117666,"x":44563667,"y":13117666},{"k":1,"o":7,"s":1,"l":1894,"m":4,"t":4,"r":0,"b":32606768209,"a":32606768209,"e":32619108917,"n":1,"w":0,"h":12340708,"x":0,"y":12340708},{"k":0,"o":1,"s":1,"l":2410,"m":4,"t":4,"r":0,"b":32606080375,"a":32606080417,"e":32619109959,"n":1,"w":42,"h":13029542,"x":42,"y":13029542},{"k":1,"o":7,"s":1,"l":1894,"m":4,"t":5,"r":0,"b":32626124000,"a":32626124000,"e":32638841000,"n":1,"w":0,"h":12717000,"x":0,"y":12717000},{"k":0,"o":1,"s":1,"l":2410,"m":4,"t":5,"r":0,"b":32625406209,"a":32625406292,"e":32638842125,"n":1,"w":83,"h":13435833,"x":83,"y":13435833}],"completedSpansOnly":true,"rawBodyPublished":false}
[server-diagnostic] {"pid":32950,"bytes":1757,"capturedBytes":1757,"sha256":"2ffb643a8ede4e50f6d01a8f964ec26e6141f65eb836c007d077a2c88d5eb9d4","overflow":false,"categories":[{"code":"file evidence unavailable","count":0},{"code":"storageBlocked","count":0},{"code":"shutdown","count":0},{"code":"ERROR","count":0},{"code":"WARNING","count":0}],"rawBodyPublished":false,"privateCaptureDisposition":"eligible-for-wrapper-cleanup"}
[server-slow-diagnostic] {"status":"captured","seen":1,"retained":1,"thresholdNs":10000000,"rows":[{"k":0,"o":1,"s":1,"l":557,"m":2,"t":1,"r":0,"b":20875,"a":20916,"e":38624250,"n":1,"w":41,"h":38603334,"x":41,"y":38603334}],"completedSpansOnly":true,"rawBodyPublished":false}
[server-diagnostic] {"pid":33012,"bytes":3983,"capturedBytes":3983,"sha256":"3ec71dd8df035a3e5fdc49f7d5a3d88292d58e6960cb28753fb6ecb40d3b58f0","overflow":false,"categories":[{"code":"file evidence unavailable","count":0},{"code":"storageBlocked","count":0},{"code":"shutdown","count":0},{"code":"ERROR","count":0},{"code":"WARNING","count":0}],"rawBodyPublished":false,"privateCaptureDisposition":"eligible-for-wrapper-cleanup"}
[server-slow-diagnostic] {"status":"captured","seen":15,"retained":15,"thresholdNs":10000000,"rows":[{"k":0,"o":1,"s":1,"l":557,"m":2,"t":1,"r":0,"b":17750,"a":17791,"e":38155375,"n":1,"w":41,"h":38137584,"x":41,"y":38137584},{"k":1,"o":7,"s":1,"l":1894,"m":2,"t":2,"r":0,"b":3790533458,"a":3790533458,"e":3802712000,"n":1,"w":0,"h":12178542,"x":0,"y":12178542},{"k":0,"o":1,"s":1,"l":2086,"m":2,"t":2,"r":0,"b":3788905375,"a":3788905875,"e":3802713458,"n":1,"w":500,"h":13807583,"x":500,"y":13807583},{"k":1,"o":7,"s":1,"l":1894,"m":2,"t":3,"r":0,"b":3804490041,"a":3804490041,"e":3816249250,"n":1,"w":0,"h":11759209,"x":0,"y":11759209},{"k":0,"o":1,"s":1,"l":2086,"m":2,"t":3,"r":0,"b":3789556333,"a":3802721708,"e":3816250458,"n":1,"w":13165375,"h":13528750,"x":13165375,"y":13528750},{"k":1,"o":7,"s":1,"l":1894,"m":2,"t":2,"r":0,"b":3823682750,"a":3823682750,"e":3835499458,"n":1,"w":0,"h":11816708,"x":0,"y":11816708},{"k":0,"o":1,"s":1,"l":2410,"m":2,"t":2,"r":0,"b":3823020541,"a":3823020583,"e":3835500250,"n":1,"w":42,"h":12479667,"x":42,"y":12479667},{"k":1,"o":7,"s":1,"l":1894,"m":2,"t":3,"r":0,"b":3842659916,"a":3842659916,"e":3853631666,"n":1,"w":0,"h":10971750,"x":0,"y":10971750},{"k":0,"o":1,"s":1,"l":2410,"m":2,"t":3,"r":0,"b":3842032541,"a":3842032625,"e":3853632583,"n":1,"w":84,"h":11599958,"x":84,"y":11599958},{"k":1,"o":7,"s":1,"l":1894,"m":2,"t":1,"r":0,"b":5385862208,"a":5385862208,"e":5396182875,"n":1,"w":0,"h":10320667,"x":0,"y":10320667},{"k":0,"o":1,"s":1,"l":2086,"m":2,"t":1,"r":0,"b":5384465041,"a":5384465416,"e":5396183958,"n":1,"w":375,"h":11718542,"x":375,"y":11718542},{"k":1,"o":7,"s":1,"l":1894,"m":2,"t":2,"r":0,"b":5745824208,"a":5745824208,"e":5757499125,"n":1,"w":0,"h":11674917,"x":0,"y":11674917},{"k":0,"o":1,"s":1,"l":2086,"m":2,"t":2,"r":0,"b":5744199125,"a":5744199291,"e":5757500458,"n":1,"w":166,"h":13301167,"x":166,"y":13301167},{"k":1,"o":7,"s":1,"l":1894,"m":2,"t":2,"r":0,"b":5769424916,"a":5769424916,"e":5781134416,"n":1,"w":0,"h":11709500,"x":0,"y":11709500},{"k":0,"o":1,"s":1,"l":2410,"m":2,"t":2,"r":0,"b":5768799750,"a":5768799791,"e":5781135583,"n":1,"w":41,"h":12335792,"x":41,"y":12335792}],"completedSpansOnly":true,"rawBodyPublished":false}
{"mode":"current-app-observe-short","passed":73,"failed":0,"elapsedMs":48190,"verifiedDurationMs":30229.2485,"longrunObservationCompleted":false,"shortPreparationPass":true,"statusCumulativePass":false,"resourceTrendPass":false,"reviewRequired":true,"uiFulltestPass":false,"phase":{"elapsedMs":30229.2485,"channels":{"9101":{"finalized":14,"deleted":12,"lastAt":33531.379042,"order":"27","store":"e71b56072c049e22e2bada3d362dd2868ec0c58969e896c3916629daf7d78ccb","knownMappings":14,"unknownMappings":436},"9201":{"finalized":14,"deleted":12,"lastAt":33531.379042,"order":"28","store":"e71b56072c049e22e2bada3d362dd2868ec0c58969e896c3916629daf7d78ccb","knownMappings":9,"unknownMappings":614}},"records":28,"logicalBytes":16748},"resources":{"status":"observed","resourceTrendPass":false,"reviewRequired":true,"sampleCount":7,"groups":[{"pid":32828,"startIdentity":"macos:1790345977:170278","sampleCount":7,"first":{"phaseAt":3749.479917,"sampledAt":1790345979426,"rssBytes":89751552,"threadCount":29,"fdCount":29,"mutationCount":2},"last":{"phaseAt":33531.379042,"sampledAt":1790346009208,"rssBytes":225312768,"threadCount":25,"fdCount":29,"mutationCount":106},"max":{"rssBytes":225312768,"threadCount":29,"fdCount":29},"delta":{"rssBytes":135561216,"threadCount":-4,"fdCount":0,"mutationCount":104},"elapsedMs":29781.899125,"maxGapMs":5004.216124999999,"warmupMs":300000,"postWarmup":{"status":"insufficient","sampleCount":0,"delta":null,"elapsedMs":null,"rssMiBPerMinute":null}}]},"processCount":3,"processesClosed":true,"udpClosed":true,"tokenStart":null,"tokenEnd":null,"tokenConsumed":null,"tokenSource":"전용 집계 없음"}
[cleanup] {"root":"/private/var/folders/k0/qhmr6zdx11q0_41wfx4dsd200000gn/T/media-server-current-observer-q4pvfG","bytes":294794802,"absent":true}
