[start] 2026-09-25T14:44:15Z
Darwin 27.0.0 arm64
Apple clang version 21.0.0 (clang-2100.3.34.2)
914675f018a7a9c7905f01dabee6abb508dcd2035d74a9a65923854c4382e5f8  src/recording/recording_catalog.cpp
fc4a13c66167a82da4648e70b232c94a739465a7c4f78c8227b6e62747e7c9fd  src/recording/recording_catalog_snapshot_export.cpp
bc71b159d5d18094d1bb3518e1cd33158e0f4c713be4ed17116e7bf8138c9258  src/recording/recording_catalog_cutover_candidate.cpp
e9794eb6a20f5567fefee7b43d026828669a3c8ff904bc3ec3a432a343c5982d  src/recording/recording_cutover_stage_writer.cpp
615ad70e9ae1c770390f3ab375a147a7b333558d941fa78d1861fc8152bd5c37  src/recording/recording_timeline_projection.cpp
c37210ae7c0f363420c0924f6c4cd67872d776936af8a11275ffcd044f334f4c  src/recording/recording_read_service.cpp
5ddf655217005345b92d3c3d839d1151b6b68575b388de69eb9267ebbfa3c591  src/recording/retention_coordinator.cpp
ecef071fb2afcfe69a00654757c639760e2ce75e627ae9c777a564f08161d6a9  src/recording/recording_finalize_recovery.cpp
31a4f8d9fcc73657a652cd538262d49043c6e1a73a318fcb3643bb6377601cdb  src/recording/recording_file_evidence.cpp
64906ef59b651800c009ab84174ee58d8aabfbb5ac95f0d5f7fb7b858e5dbbcf  src/recording/recording_media_inspector.cpp
be1057725d0a0b54d705543ce635da6c832e4c53fbec008e91ad63c9a1d0f58b  src/domain/strict_json.cpp
960635a08aa900bebfae961cd9e534ab6b91fbace213e1a7416227e7292ec890  src/recording/recording_contracts.cpp
646c311da065444aac983b9a2912203e5f8c04ed482ec66794fcdc64fe4db1bd  src/recording/recording_journal.cpp
1002d23eaedad14e52e5a211a15ac6348ba9238802f07a328b512ea8c76a7935  src/recording/recording_cutover_input.cpp
f4490a5829da48cd4ef3497caba92a2d82eb7f30abc0aab24e53c17b08dd5e34  src/recording/recording_generation_transaction.cpp
0a1e324d64fc282a72a9914ad7e97331c488b56ed5347ce9f57272e4faa1162e  src/recording/recording_generation_receipt.cpp
a7fa3ca8db6c4bc13ad25e177f74f23dcaf1993f3658b35c503d9c643567e54a  src/recording/recording_generation_manifest.cpp
89e0ae42589342670efeceb324ab1ec211285db79e9a60a7b660066963dd7f10  src/recording/recording_generation_cold_mutation.cpp
9c2fa4366732edebc03bef93eaa61c6c18ffdf3f8e4acccd9ed73cbbeb08c295  src/recording/recording_generation_files.cpp
185f4a49980557e340358ae6e6149f9554df1506bc99cc594c2d0b82d613e74b  src/recording/recording_catalog_snapshot.cpp
7b6dd68db062aa19b1e0af7d053ac8827b86566cbd346ed5a9d800f82adfe386  src/recording/recording_order_history_snapshot.cpp
d2d85d3466e83441bd01210c4e5eb8532eb1ed3cf95b0fab36ce8bc0515d6124  src/recording/recording_identity_shard.cpp
4ce7b4ea3929becab8358eda22f6f163f4f5c62336c7852e0fb4025e36bb168b  src/recording/recording_derived_selection.cpp
9c3b463df64e6e9d75ed614f56dd310a9846aff342853bd03201249f859cafdf  src/recording/recording_derived_job.cpp
a004836054fccb266884b00df06b06316050a7ae164d7e79ebdae835738479e9  src/recording/recording_derived_job_ready.cpp
05cd40bcafb0b8f5728e42689b11cb4ca5d99ae5c594df49d8fcdc5c410b9cf2  src/recording/recording_catalog_generation_projection.cpp
69d9d86825ab0bd9c7b23863899055bba23e59f111a23f782622f8813c952726  src/recording/recording_generation_active.cpp
6a75ac9cbc5c11cce55dfb510fa3060d1f69861225d2b2d0118d28844d2e89e2  scripts/internal/recording_generation_request_proof_smoke.cpp
9d1a25730af927c1afc657f62b4bdc3f269741a5714ab9ef849bf92403a632eb  include/recording/recording_catalog.h
3b34068982b4b6f372e2433e87eab291ac4ad76524cc3088b6b9ed912ae5980f  include/recording/recording_journal.h
e7ad9f1f85aade4d1abbf2cb39c2410fad9e3c3a37939db680278c4a6ae572cd  include/recording/recording_generation_recovery_session.h
91e507a7a161e4d796dcff72511037aa715f5bc7cf26d313dacd3b967b90c930  scripts/internal/recording_generation_checkpoint_sql_cases.inc
4688bd0890d3cd413ecad715d9c84c3fde7fc22153a74bd8d4e29cef288c4265  include/recording/recording_generation_manifest.h
c2de2b5c06ac21805c9e3f930ca94c242b250e5224fa0ccdc8bf393faad1e0e6  include/recording/recording_generation_files.h
c5bebc3da7c2efb0ba151da13244c20282b4ca28cb68e719949815039bf53f6b  scripts/internal/recording_catalog_generation_scratch_smoke.cpp
f430a7b9eac7669fc6f1c32a126dcff5a0d6f7421ec66a7428b2fff36849eab9  scripts/internal/recording_catalog_generation_projection_smoke.cpp
bc434120f3f266eea00d705fb56ff8f8ee5c7c7c62b874f57074fb158316ccdd  scripts/internal/recording_journal_generation_readonly_smoke.cpp
74cd8b126c732b4af44f94ade6913cfad8db599280d2c655fb70533efacdb6cb  /Users/dhseo/Workspace/mediaServer/scripts/internal/verify_recording_generation_request_proof.sh
[config] crypto=1 sqlite=1 backend=1
scripts/internal/recording_generation_request_proof_smoke.cpp:91:13: error: no matching function for call to 'Check'
   91 |             Check("B08-Q03",!ProofProbe::Job(catalog,id,&local)&&RecordingGenerationArchiveReadsForTest()==0,
      |             ^~~~~
scripts/internal/recording_journal_generation_readonly_smoke.cpp:32:6: note: candidate function not viable: no known conversion from 'basic_string<char, std::char_traits<char>, std::allocator<char>>' to 'const char *' for 3rd argument
   32 | void Check(const char* group,bool value,const char* detail){std::cout<<group<<' '<<(value?"PASS":"FAIL")<<' '<<detail<<'\n';if(!value){++failures;std::cerr<<error<<'\n';}}
      |      ^                                  ~~~~~~~~~~~~~~~~~~
scripts/internal/recording_generation_request_proof_smoke.cpp:93:13: error: no matching function for call to 'Check'
   93 |             Check("B08-Q03",!ProofProbe::Job(catalog,id,&local),mode+" poisoned owner stays rejected");
      |             ^~~~~
scripts/internal/recording_journal_generation_readonly_smoke.cpp:32:6: note: candidate function not viable: no known conversion from 'basic_string<char, std::char_traits<char>, std::allocator<char>>' to 'const char *' for 3rd argument
   32 | void Check(const char* group,bool value,const char* detail){std::cout<<group<<' '<<(value?"PASS":"FAIL")<<' '<<detail<<'\n';if(!value){++failures;std::cerr<<error<<'\n';}}
      |      ^                                  ~~~~~~~~~~~~~~~~~~
2 errors generated.
[cleanup] path=/private/var/folders/k0/qhmr6zdx11q0_41wfx4dsd200000gn/T/media-server-generation-request-proof.9acXPF bytes=0 removed=true
