[start] 2026-09-25T14:52:09Z
Darwin 27.0.0 arm64
Apple clang version 21.0.0 (clang-2100.3.34.2)
c16359679e044304d31c3e71d8c1de689367047175a3c51c576ad6dc1c94f79b  src/recording/recording_catalog.cpp
fc4a13c66167a82da4648e70b232c94a739465a7c4f78c8227b6e62747e7c9fd  src/recording/recording_catalog_snapshot_export.cpp
615ad70e9ae1c770390f3ab375a147a7b333558d941fa78d1861fc8152bd5c37  src/recording/recording_timeline_projection.cpp
c37210ae7c0f363420c0924f6c4cd67872d776936af8a11275ffcd044f334f4c  src/recording/recording_read_service.cpp
5ddf655217005345b92d3c3d839d1151b6b68575b388de69eb9267ebbfa3c591  src/recording/retention_coordinator.cpp
ecef071fb2afcfe69a00654757c639760e2ce75e627ae9c777a564f08161d6a9  src/recording/recording_finalize_recovery.cpp
31a4f8d9fcc73657a652cd538262d49043c6e1a73a318fcb3643bb6377601cdb  src/recording/recording_file_evidence.cpp
64906ef59b651800c009ab84174ee58d8aabfbb5ac95f0d5f7fb7b858e5dbbcf  src/recording/recording_media_inspector.cpp
be1057725d0a0b54d705543ce635da6c832e4c53fbec008e91ad63c9a1d0f58b  src/domain/strict_json.cpp
960635a08aa900bebfae961cd9e534ab6b91fbace213e1a7416227e7292ec890  src/recording/recording_contracts.cpp
c0253f469766a682d260ed83457852cfb36724efb6915529f34131a2f60aac78  src/recording/recording_journal.cpp
1002d23eaedad14e52e5a211a15ac6348ba9238802f07a328b512ea8c76a7935  src/recording/recording_cutover_input.cpp
f4490a5829da48cd4ef3497caba92a2d82eb7f30abc0aab24e53c17b08dd5e34  src/recording/recording_generation_transaction.cpp
0a1e324d64fc282a72a9914ad7e97331c488b56ed5347ce9f57272e4faa1162e  src/recording/recording_generation_receipt.cpp
a7fa3ca8db6c4bc13ad25e177f74f23dcaf1993f3658b35c503d9c643567e54a  src/recording/recording_generation_manifest.cpp
89e0ae42589342670efeceb324ab1ec211285db79e9a60a7b660066963dd7f10  src/recording/recording_generation_cold_mutation.cpp
9c2fa4366732edebc03bef93eaa61c6c18ffdf3f8e4acccd9ed73cbbeb08c295  src/recording/recording_generation_files.cpp
185f4a49980557e340358ae6e6149f9554df1506bc99cc594c2d0b82d613e74b  src/recording/recording_catalog_snapshot.cpp
7b6dd68db062aa19b1e0af7d053ac8827b86566cbd346ed5a9d800f82adfe386  src/recording/recording_order_history_snapshot.cpp
d2d85d3466e83441bd01210c4e5eb8532eb1ed3cf95b0fab36ce8bc0515d6124  src/recording/recording_identity_shard.cpp
4ce7b4ea3929becab8358eda22f6f163f4f5c62336c7852e0fb4025e36bb168b  src/recording/recording_derived_selection.cpp
9c3b463df64e6e9d75ed614f56dd310a9846aff342853bd03201249f859cafdf  src/recording/recording_derived_job.cpp
a004836054fccb266884b00df06b06316050a7ae164d7e79ebdae835738479e9  src/recording/recording_derived_job_ready.cpp
05cd40bcafb0b8f5728e42689b11cb4ca5d99ae5c594df49d8fcdc5c410b9cf2  src/recording/recording_catalog_generation_projection.cpp
69d9d86825ab0bd9c7b23863899055bba23e59f111a23f782622f8813c952726  src/recording/recording_generation_active.cpp
05fa83d8acbb4658857f5973152f82a529d7acbd16a097ebf8e4fb294808c569  scripts/internal/recording_generation_consumers_smoke.cpp
9d1a25730af927c1afc657f62b4bdc3f269741a5714ab9ef849bf92403a632eb  include/recording/recording_catalog.h
3b34068982b4b6f372e2433e87eab291ac4ad76524cc3088b6b9ed912ae5980f  include/recording/recording_journal.h
e7ad9f1f85aade4d1abbf2cb39c2410fad9e3c3a37939db680278c4a6ae572cd  include/recording/recording_generation_recovery_session.h
72438a6d8120b3febe3d7357744733db519e22b10c22389a95216164c31814fc  src/recording/gstreamer_segment_writer.cpp
a55c1855da6e137e174475acecd07638e40cca5711422fe295088f9506b6eaa9  src/recording/recording_derived_job_service.cpp
c5bebc3da7c2efb0ba151da13244c20282b4ca28cb68e719949815039bf53f6b  scripts/internal/recording_catalog_generation_scratch_smoke.cpp
f430a7b9eac7669fc6f1c32a126dcff5a0d6f7421ec66a7428b2fff36849eab9  scripts/internal/recording_catalog_generation_projection_smoke.cpp
bc434120f3f266eea00d705fb56ff8f8ee5c7c7c62b874f57074fb158316ccdd  scripts/internal/recording_journal_generation_readonly_smoke.cpp
e1d6f87f34f2821a650fdc22a5681600b7ec85fe96e42b29a8ce6117b9335990  /Users/dhseo/Workspace/mediaServer/scripts/internal/verify_recording_generation_consumers.sh
[config] crypto=1 sqlite=1 backend=1
B05-P03 PASS runtime probe missing parents is read-only absence
B05-P03 PASS runtime probe empty safe root
B05-P03 PASS runtime probe fixed temp requires recovery without interpreting bytes
B05-P03 PASS runtime probe nofollow receipt symlink is pending, not absence
B05-P03 PASS runtime probe rejects arbitrary root symlink and preserves output
B05-P03 PASS runtime probe ENOTDIR is not absence
B05-P01 PASS B durable finalize/current/hold succeeds as one protected operation
B05-P01 PASS initial hold prevents deletion without another mutation
B05-P01 PASS same SQL transaction contains exact segment and hold
B05-P05 PASS actual playback handle protects deletion
B05-P05 PASS actual event source lease protects deletion
B05-P05 PASS release makes oldest eligible with deterministic ID tie-break while pin remains protected
B05-P04 PASS raw B Journal reservation remains refused
B05-P04 PASS Catalog reservation publishes B consumer order
B05-P04 PASS consumer tuple retry preserves ID sequence time and bytes
B05-P01 PASS strict reopen restores durable finalize, not expired temporary hold
B05-P02 PASS readonly B permits temporary acquire and release
B05-P02 PASS underflow does not insert zero or change memory
B05-P02 PASS overflow leaves readonly count unchanged
B05-P01 PASS finalize holds never modify marker or immutable generation
B05-P01 PASS B durable finalize/current/hold succeeds as one protected operation
B05-P01 PASS initial hold prevents deletion without another mutation
B05-P05 PASS actual playback handle protects deletion
B05-P05 PASS actual event source lease protects deletion
B05-P05 PASS release makes oldest eligible with deterministic ID tie-break while pin remains protected
B05-P04 PASS raw B Journal reservation remains refused
B05-P04 PASS Catalog reservation publishes B consumer order
B05-P04 PASS consumer tuple retry preserves ID sequence time and bytes
B05-P01 PASS strict reopen restores durable finalize, not expired temporary hold
B05-P02 PASS readonly B permits temporary acquire and release
B05-P02 PASS underflow does not insert zero or change memory
B05-P02 PASS overflow leaves readonly count unchanged
B05-P01 PASS finalize holds never modify marker or immutable generation
B05-P01 PASS finalize hold overflow rejected before durable write/current apply
B05-P03 PASS authority error preserves count/active and poisons owner
B05-P03 PASS authority error preserves count/active and poisons owner
B05-P03 PASS authority error preserves count/active and poisons owner
B05-P03 PASS foreign attachment cannot commit temporary protection
B05-P03 PASS authority error preserves count/active and poisons owner
B05-P03 PASS forked opened owner refuses probe/hold; parent remains usable
B05-P01 PASS managed v1 finalize/hold meaning preserved
B05-P04 PASS v1 Catalog reservation delegates to unchanged Journal tuple retry
B05-P05 PASS actual cold source and consumer reference accepted under verified owner
B05-P05 PASS actual read consumer resolves stored typed reference
B05-P05 PASS changed cold source archive fails at detail use and loses authority
B05-P05 PASS released deletion tombstone blocks playback and ID reuse even with media file remaining
B05-P03 PASS SQL step changes marker after BEGIN; final guard rolls back count and poisons without hiding tamper
B05-P02 PASS actual hold SQL step/COMMIT failure rolls back cache
B05-P02 PASS temporary SQL failure preserves memory and same-owner retry
B05-P01 PASS fresh owner recovers complete durable row and no temporary hold
B05-P02 PASS actual hold SQL step/COMMIT failure rolls back cache
B05-P02 PASS temporary SQL failure preserves memory and same-owner retry
B05-P01 PASS fresh owner recovers complete durable row and no temporary hold
B05-P01 PASS actual hold SQL step/COMMIT failure rolls back cache
B05-P01 PASS durable finalize SQL failure poisons without success fallback
B05-P01 PASS fresh owner recovers complete durable row and no temporary hold
B05-P01 PASS actual hold SQL step/COMMIT failure rolls back cache
B05-P01 PASS durable finalize SQL failure poisons without success fallback
B05-P01 PASS fresh owner recovers complete durable row and no temporary hold
[config] crypto=1 sqlite=0 backend=1
B05-P03 PASS runtime probe missing parents is read-only absence
B05-P03 PASS runtime probe empty safe root
B05-P03 PASS runtime probe fixed temp requires recovery without interpreting bytes
B05-P03 PASS runtime probe nofollow receipt symlink is pending, not absence
B05-P03 PASS runtime probe rejects arbitrary root symlink and preserves output
B05-P03 PASS runtime probe ENOTDIR is not absence
B05-P01 PASS B durable finalize/current/hold succeeds as one protected operation
B05-P01 PASS initial hold prevents deletion without another mutation
B05-P05 PASS actual playback handle protects deletion
B05-P05 PASS actual event source lease protects deletion
B05-P05 PASS release makes oldest eligible with deterministic ID tie-break while pin remains protected
B05-P04 PASS raw B Journal reservation remains refused
B05-P04 PASS Catalog reservation publishes B consumer order
B05-P04 PASS consumer tuple retry preserves ID sequence time and bytes
B05-P01 PASS strict reopen restores durable finalize, not expired temporary hold
B05-P02 PASS readonly B permits temporary acquire and release
B05-P02 PASS underflow does not insert zero or change memory
B05-P02 PASS overflow leaves readonly count unchanged
B05-P01 PASS finalize holds never modify marker or immutable generation
B05-P01 PASS B durable finalize/current/hold succeeds as one protected operation
B05-P01 PASS initial hold prevents deletion without another mutation
B05-P05 PASS actual playback handle protects deletion
B05-P05 PASS actual event source lease protects deletion
B05-P05 PASS release makes oldest eligible with deterministic ID tie-break while pin remains protected
B05-P04 PASS raw B Journal reservation remains refused
B05-P04 PASS Catalog reservation publishes B consumer order
B05-P04 PASS consumer tuple retry preserves ID sequence time and bytes
B05-P01 PASS strict reopen restores durable finalize, not expired temporary hold
B05-P02 PASS readonly B permits temporary acquire and release
B05-P02 PASS underflow does not insert zero or change memory
B05-P02 PASS overflow leaves readonly count unchanged
B05-P01 PASS finalize holds never modify marker or immutable generation
B05-P01 PASS finalize hold overflow rejected before durable write/current apply
B05-P03 PASS authority error preserves count/active and poisons owner
B05-P03 PASS authority error preserves count/active and poisons owner
B05-P03 PASS authority error preserves count/active and poisons owner
B05-P03 PASS foreign attachment cannot commit temporary protection
B05-P03 PASS authority error preserves count/active and poisons owner
B05-P03 PASS forked opened owner refuses probe/hold; parent remains usable
B05-P01 PASS managed v1 finalize/hold meaning preserved
B05-P04 PASS v1 Catalog reservation delegates to unchanged Journal tuple retry
B05-P05 PASS actual cold source and consumer reference accepted under verified owner
B05-P05 PASS actual read consumer resolves stored typed reference
B05-P05 PASS changed cold source archive fails at detail use and loses authority
B05-P05 PASS released deletion tombstone blocks playback and ID reuse even with media file remaining
[config] crypto=0 sqlite=1 backend=1
B05-P03 PASS runtime probe missing parents is read-only absence
B05-P03 PASS runtime probe empty safe root
B05-P03 PASS runtime probe fixed temp requires recovery without interpreting bytes
B05-P03 PASS runtime probe nofollow receipt symlink is pending, not absence
B05-P03 PASS runtime probe rejects arbitrary root symlink and preserves output
B05-P03 PASS runtime probe ENOTDIR is not absence
B05-P03 PASS unsupported B backend remains closed
[config] crypto=1 sqlite=1 backend=0
B05-P03 PASS runtime probe missing parents is read-only absence
B05-P03 PASS runtime probe empty safe root
B05-P03 PASS runtime probe fixed temp requires recovery without interpreting bytes
B05-P03 PASS runtime probe nofollow receipt symlink is pending, not absence
B05-P03 PASS runtime probe rejects arbitrary root symlink and preserves output
B05-P03 PASS runtime probe ENOTDIR is not absence
B05-P03 PASS unsupported B backend remains closed
[end] 2026-09-25T14:53:00Z
[cleanup] path=/private/var/folders/k0/qhmr6zdx11q0_41wfx4dsd200000gn/T/media-server-generation-consumers.iaRbWt bytes=34011960 removed=true
