[scope] B read-only Journal; blocked Catalog/Append/Replay; no RAM/completion claim
[start] 2026-09-25T14:50:39Z
be1057725d0a0b54d705543ce635da6c832e4c53fbec008e91ad63c9a1d0f58b  /Users/dhseo/Workspace/mediaServer/src/domain/strict_json.cpp
960635a08aa900bebfae961cd9e534ab6b91fbace213e1a7416227e7292ec890  /Users/dhseo/Workspace/mediaServer/src/recording/recording_contracts.cpp
c0253f469766a682d260ed83457852cfb36724efb6915529f34131a2f60aac78  /Users/dhseo/Workspace/mediaServer/src/recording/recording_journal.cpp
1002d23eaedad14e52e5a211a15ac6348ba9238802f07a328b512ea8c76a7935  /Users/dhseo/Workspace/mediaServer/src/recording/recording_cutover_input.cpp
f4490a5829da48cd4ef3497caba92a2d82eb7f30abc0aab24e53c17b08dd5e34  /Users/dhseo/Workspace/mediaServer/src/recording/recording_generation_transaction.cpp
0a1e324d64fc282a72a9914ad7e97331c488b56ed5347ce9f57272e4faa1162e  /Users/dhseo/Workspace/mediaServer/src/recording/recording_generation_receipt.cpp
a7fa3ca8db6c4bc13ad25e177f74f23dcaf1993f3658b35c503d9c643567e54a  /Users/dhseo/Workspace/mediaServer/src/recording/recording_generation_manifest.cpp
9c2fa4366732edebc03bef93eaa61c6c18ffdf3f8e4acccd9ed73cbbeb08c295  /Users/dhseo/Workspace/mediaServer/src/recording/recording_generation_files.cpp
89e0ae42589342670efeceb324ab1ec211285db79e9a60a7b660066963dd7f10  /Users/dhseo/Workspace/mediaServer/src/recording/recording_generation_cold_mutation.cpp
185f4a49980557e340358ae6e6149f9554df1506bc99cc594c2d0b82d613e74b  /Users/dhseo/Workspace/mediaServer/src/recording/recording_catalog_snapshot.cpp
7b6dd68db062aa19b1e0af7d053ac8827b86566cbd346ed5a9d800f82adfe386  /Users/dhseo/Workspace/mediaServer/src/recording/recording_order_history_snapshot.cpp
d2d85d3466e83441bd01210c4e5eb8532eb1ed3cf95b0fab36ce8bc0515d6124  /Users/dhseo/Workspace/mediaServer/src/recording/recording_identity_shard.cpp
4ce7b4ea3929becab8358eda22f6f163f4f5c62336c7852e0fb4025e36bb168b  /Users/dhseo/Workspace/mediaServer/src/recording/recording_derived_selection.cpp
9c3b463df64e6e9d75ed614f56dd310a9846aff342853bd03201249f859cafdf  /Users/dhseo/Workspace/mediaServer/src/recording/recording_derived_job.cpp
a004836054fccb266884b00df06b06316050a7ae164d7e79ebdae835738479e9  /Users/dhseo/Workspace/mediaServer/src/recording/recording_derived_job_ready.cpp
05cd40bcafb0b8f5728e42689b11cb4ca5d99ae5c594df49d8fcdc5c410b9cf2  /Users/dhseo/Workspace/mediaServer/src/recording/recording_catalog_generation_projection.cpp
69d9d86825ab0bd9c7b23863899055bba23e59f111a23f782622f8813c952726  /Users/dhseo/Workspace/mediaServer/src/recording/recording_generation_active.cpp
bc434120f3f266eea00d705fb56ff8f8ee5c7c7c62b874f57074fb158316ccdd  /Users/dhseo/Workspace/mediaServer/scripts/internal/recording_journal_generation_readonly_smoke.cpp
556377841b71a210a906b2d4975e1cc9a652164c6f362388cbb71a439124b8c6  /Users/dhseo/Workspace/mediaServer/include/recording/recording_catalog_generation_projection.h
3b34068982b4b6f372e2433e87eab291ac4ad76524cc3088b6b9ed912ae5980f  /Users/dhseo/Workspace/mediaServer/include/recording/recording_journal.h
cdc3b780f7d00b62be201bfb31a383eb57b420071b8af0dec492df1a923884ac  /Users/dhseo/Workspace/mediaServer/scripts/internal/verify_recording_journal_generation_readonly.sh
B02-J04 PASS nonempty B read-only open
B02-J04 PASS B path identifies active journal rather than preserved legacy file
B02-J04 PASS active lease FD CLOEXEC
B02-J04 PASS exclusive lease rejects second owner
B02-J05 PASS writes attachment and misleading replay denied
B02-J05 PASS fork authority rejected
B02-J04 PASS read-only original bytes preserved
B02-J04 PASS destructor closes active and lease
B02-J04 PASS lease released and B reopen
B02-J04 PASS fixed current/active accepts growing unopened historical descriptor
B02-J04 PASS fixed current/active accepts growing unopened historical descriptor
B02-J05 PASS marker
B02-J05 PASS manifest
B02-J05 PASS snapshot
B02-J05 PASS identity
B02-J05 PASS active
B02-J05 PASS store
B02-J05 PASS admission
B02-J05 PASS symlink
B02-J05 PASS hardlink
B02-J06 PASS missing-marker
B02-J06 PASS missing-manifest
B02-J06 PASS ordinal
B02-J05 PASS zero B admission refused without changing v1 defaults
B02-J05 PASS opened component replacement rejected
B02-J05 PASS restoring replaced component does not clear poison
B02-J05 PASS opened component replacement rejected
B02-J05 PASS restoring replaced component does not clear poison
B02-J05 PASS opened component replacement rejected
B02-J05 PASS restoring replaced component does not clear poison
B02-J06 PASS backend-enabled v1 open append replay
B02-J06 PASS v1 checkpoint remains available
B02-J06 PASS v1 reopen unchanged
B02-J08 PASS historical-identical-retry
B02-J08 PASS active-identical-retry
B02-J08 PASS reservation-same-retry-and-gap
B02-J09 PASS historical-payload-conflict
B02-J09 PASS historical-time-conflict
B02-J09 PASS active-payload-conflict
B02-J09 PASS active-type-conflict
B02-J09 PASS reservation-timestamp-conflict
B02-J09 PASS reservation-tuple-conflict
B02-J09 PASS reservation-retrograde
B02-J09 PASS reservation-segment-reuse
B02-J09 PASS reservation-ordinary-id-collision
B02-J09 PASS reservation-legacy-segment-collision
B02-J09 PASS reservation-store-conflict
B02-J09 PASS first-reservation-store-conflict
B02-J09 PASS ordinary-reservation-id-collision
B02-J08 PASS event-receipt-compatible
B02-J08 PASS historical event accepts compatible receipt
B02-J08 PASS historical receipt accepts original event retry
B02-J09 PASS receipt-original-digest-conflict
B02-J08 PASS last uint64 ordinal accepted read-only
B02-J09 PASS ordinal overflow rejected
B02-J10 PASS active opaque link reacquires physical row
B02-J11 PASS ended link rejected with output and lease preserved
B02-J10 PASS new session does not revive ended link
B02-J11 PASS old epoch remains invalid
B02-J11 PASS fork link rejected
B02-J11 PASS missing ID preserves output link
B02-J11 PASS same-size active tamper poisons without replacing output
B02-J10 PASS reservation
B02-J10 PASS receipt
B02-J10 PASS uint64
B02-J11 PASS recording-generation.json
B02-J11 PASS .recording-store-format
B02-J10 PASS historical ordinal seven cold acquisition preserves original
B02-J11 PASS foreign instance rejected without poisoning owner
B02-J11 PASS historical archive corruption preserves output
B02-J11 PASS destroyed owner link rejected after reopen
B02-J06 PASS disabled backend or crypto refuses B
B02-J06 PASS backend-enabled v1 open append replay
B02-J06 PASS v1 reopen unchanged
B02-J06 PASS disabled backend or crypto refuses B
B02-J06 PASS backend-enabled v1 open append replay
B02-J06 PASS v1 checkpoint remains available
B02-J06 PASS v1 reopen unchanged
[end] 2026-09-25T14:51:00Z
[cleanup] path=/private/var/folders/k0/qhmr6zdx11q0_41wfx4dsd200000gn/T/media-server-journal-generation-readonly.AYjvhJ bytes=12474908 removed=true
