[1/2] configure: /Users/dhseo/Workspace/mediaServer/build-gst-onnx (ai=1, youtube=0)
-- Configuring done (0.1s)
-- Generating done (0.0s)
-- Build files have been written to: /Users/dhseo/Workspace/mediaServer/build-gst-onnx
[2/2] build
[  1%] Building CXX object CMakeFiles/media_server_runtime.dir/src/recording/event_recording_bridge.cpp.o
[  2%] Building CXX object CMakeFiles/media_server_runtime.dir/src/recording/gstreamer_segment_writer.cpp.o
[  2%] Building CXX object CMakeFiles/media_server_runtime.dir/src/recording/recording_media_inspector.cpp.o
[  3%] Building CXX object CMakeFiles/media_server_runtime.dir/src/recording/recording_finalize_recovery.cpp.o
[  4%] Building CXX object CMakeFiles/media_server_runtime.dir/src/recording/recording_startup_recovery.cpp.o
[  5%] Building CXX object CMakeFiles/media_server_runtime.dir/src/recording/recording_catalog.cpp.o
[  6%] Building CXX object CMakeFiles/media_server_runtime.dir/src/recording/analysis_observation_projector.cpp.o
[  6%] Building CXX object CMakeFiles/media_server_runtime.dir/src/recording/recording_read_service.cpp.o
[  7%] Building CXX object CMakeFiles/media_server_runtime.dir/src/recording/recording_derived_selection.cpp.o
[  8%] Building CXX object CMakeFiles/media_server_runtime.dir/src/recording/recording_derived_job.cpp.o
[  9%] Building CXX object CMakeFiles/media_server_runtime.dir/src/recording/recording_derived_job_ready.cpp.o
[ 10%] Building CXX object CMakeFiles/media_server_runtime.dir/src/recording/recording_derived_job_service.cpp.o
[ 11%] Building CXX object CMakeFiles/media_server_runtime.dir/src/recording/recording_derived_remux.cpp.o
[ 11%] Building CXX object CMakeFiles/media_server_runtime.dir/src/ingress/recording_application_service.cpp.o
[ 12%] Building CXX object CMakeFiles/media_server_runtime.dir/src/recording/retention_coordinator.cpp.o
[ 13%] Building CXX object CMakeFiles/media_server_runtime.dir/src/ingress/webrtc_http_server.cpp.o
[ 14%] Building CXX object CMakeFiles/media_server_runtime.dir/src/ingress/webrtc_http_server_ops_foundation.cpp.o
[ 14%] Building CXX object CMakeFiles/media_server_runtime.dir/src/ingress/webrtc_http_server_ops_workflows.cpp.o
[ 15%] Building CXX object CMakeFiles/media_server_runtime.dir/src/ingress/webrtc_http_server_ops_incidents.cpp.o
[ 16%] Building CXX object CMakeFiles/media_server_runtime.dir/src/ingress/webrtc_http_server_runtime.cpp.o
[ 17%] Linking CXX static library libmedia_server_runtime.a
[ 98%] Built target media_server_runtime
[ 98%] Building CXX object CMakeFiles/media_server.dir/src/application/media_server_application.cpp.o
[ 99%] Linking CXX executable media_server
[100%] Built target media_server
[done] build=/Users/dhseo/Workspace/mediaServer/build-gst-onnx/media_server
